1 65 5787 1 6279
2 71 34523 1 35469
3 63 36632 2 37352
4 41 13536 1 14322
5 36 9405 1 9524
6 25 15216 1 15554
7 2 4758 5 5197
8 34 26335 1 27100
9 46 17070 4 17483
10 70 10586 1 11077
11 58 7637 1 7864
12 57 26913 1 27103
13 41 11411 3 12395
14 47 9910 1 10017
15 11 42185 2 42587
16 41 15216 2 15791
17 11 20903 1 21680
18 73 12691 3 13568
19 31 9533 1 10233
20 74 19149 1 19554
21 4 39484 1 40331
22 9 1641 2 1760
23 71 31079 1 31175
24 43 37873 1 38555
25 2 37993 1 38933
26 67 3578 2 4003
27 44 22434 1 22775
28 56 5138 1 5656
29 34 45721 2 46475
30 29 2572 1 3427
31 11 16597 1 17255
32 16 38787 2 39427
33 18 23075 1 23896
34 1 1862 2 2413
35 16 27288 2 27726
36 37 33695 2 34280
37 31 2572 1 2723
38 7 11703 1 11864
39 17 8428 1 8530
40 17 9578 1 10371
41 45 2572 2 3204
42 60 39484 1 40340
43 65 27769 2 28162
44 60 24610 1 25224
45 30 33695 1 34662
46 22 13536 1 13860
47 46 30526 1 31422
48 18 8428 1 8623
49 36 6606 1 6929
50 46 27755 2 27899
51 71 42185 1 42790
52 41 21564 1 22228
53 30 11471 1 11795
54 1 37873 1 38164
55 16 22965 3 23536
56 34 13546 3 14106
57 35 39484 1 40174
58 24 7240 1 7636
59 27 12691 2 13254
60 20 6606 1 7583
61 5 22891 1 23771
62 30 22388 1 22797
63 44 25444 1 25554
64 66 27755 1 27900
65 63 41497 1 42067
66 63 39484 1 40280
67 32 26500 2 27311
68 6 24086 1 24495
69 24 42614 1 45906
70 52 23344 1 23683
71 19 3578 1 4185
72 61 10586 1 10892
73 73 36632 1 37215
74 2 11447 1 11692
75 44 22965 1 23485
76 64 4126 1 4811
77 61 26335 4 27115
78 73 18997 1 19906
79 67 27226 1 28114
80 46 11411 1 12376
81 7 18305 1 18779
82 46 29768 1 30377
83 2 26335 1 27288
84 28 27939 1 28043
85 32 3498 2 4443
86 72 11615 1 12076
87 56 20258 5 20770
88 39 23668 3 24086
89 74 9422 1 9809
90 34 11703 1 12400
91 55 20258 3 20531
92 30 18985 1 19161
93 26 26335 1 26824
94 64 18985 2 19687
95 44 42185 1 43143
96 67 9422 1 9891
97 20 40742 1 41097
98 7 9023 1 9283
99 17 1800 1 2795
100 43 4222 1 4748
101 47 1149 1 1789
102 30 10356 1 10692
103 63 40742 1 41024
104 29 40742 1 41342
105 41 23344 2 23668
106 37 7963 1 8536
107 46 6606 4 6700
108 28 33695 1 34607
109 74 10586 1 10823
110 33 32409 2 32787
111 33 27844 1 28640
112 22 38425 2 39164
113 11 14530 1 14840
114 27 20258 1 20549
115 64 14066 1 14783
116 66 18985 1 19230
117 17 22339 1 23253
118 18 42185 1 43063
119 61 38425 2 39122
120 68 19771 1 20644
121 29 28498 2 29263
122 17 26335 3 27131
123 47 38787 1 39449
124 17 9533 1 10068
125 37 10763 1 11289
126 31 31565 1 32045
127 65 38787 1 39551
128 26 10586 1 11531
129 57 21208 1 21993
130 65 21992 1 22892
131 39 10356 1 11308
132 28 28648 1 28777
133 69 23838 1 24627
134 41 26341 1 27059
135 39 37873 1 38326
136 35 42433 1 42612
137 16 19455 4 19970
138 71 4758 1 5636
139 18 28216 1 28590
140 25 10356 1 10900
141 40 4126 1 4268
142 63 1952 1 2280
143 59 4978 1 5399
144 66 38233 1 39004
145 18 29768 1 29975
146 47 41258 1 42094
147 48 21208 2 21631
148 54 32113 1 32646
149 39 19771 1 20418
150 73 41142 1 41361
151 74 26335 1 27031
152 69 19771 1 19870
153 4 22965 1 23634
154 69 18985 1 19537
155 41 35800 1 35939
156 60 3498 4 3794
157 8 5039 1 5922
158 31 15312 1 15536
159 2 19771 4 20150
160 57 829 1 1744
161 67 21992 1 22073
162 19 22049 3 22704
163 20 23838 1 24318
164 65 16189 1 16652
165 69 17070 1 17298
166 54 15216 1 15722
167 52 829 1 1006
168 1 42433 1 42859
169 18 11411 1 12411
170 1 22891 1 23237
171 33 19771 1 20331
172 72 6606 1 7526
173 39 16189 1 17080
174 60 15216 1 15771
175 30 24086 1 24513
176 41 31 1 202
177 24 9405 2 10065
178 58 22434 1 22873
179 72 12395 1 12634
180 65 20258 1 20768
181 34 25444 1 25616
182 72 19771 1 20453
183 9 16189 2 16700
184 13 27524 1 27696
185 36 11080 1 11210
186 27 3498 1 4314
187 19 31079 1 31477
188 69 12251 1 12397
189 67 13546 1 14071
190 2 4222 1 4614
191 63 10356 2 10759
192 25 13425 1 14088
193 24 39484 2 40459
194 60 42185 4 42433
195 74 34289 1 34652
196 43 22891 1 23252
197 30 37873 1 38024
198 55 33773 2 34440
199 46 23001 1 23975
200 33 1641 1 2466
201 39 22891 1 23389
202 75 24463 1 25069
203 17 36632 3 37053
204 6 42433 1 42527
205 12 31609 1 31807
206 45 41052 1 41730
207 17 6693 1 7459
208 72 41497 1 42143
209 3 15536 1 15967
210 65 42487 2 42975
211 73 25640 1 26223
212 60 42755 1 43178
213 73 22388 1 23196
214 19 18305 3 18574
215 69 829 1 2089
216 52 15729 1 16402
217 24 13425 1 14121
218 18 37873 1 38772
219 9 24383 1 24675
220 20 42433 1 42573
221 71 22891 1 23137
222 22 4758 1 5031
223 7 9405 1 9682
224 24 10586 2 11564
225 3 21208 1 21716
226 30 24595 1 25004
227 17 11411 2 11844
228 30 4758 1 4978
229 69 29768 1 30177
230 61 7240 1 7422
231 18 22339 1 23075
232 24 9405 1 9751
233 24 10586 1 11433
234 60 34523 2 34667
235 3 25640 1 25739
236 72 38787 1 39631
237 29 43788 3 44197
238 52 5787 1 6346
239 36 7240 1 7652
240 32 35800 2 35943
241 70 21564 1 22506
242 71 19771 1 20331
243 9 38163 1 39097
244 2 2572 1 3179
245 17 17450 2 17832
246 38 11080 1 11870
247 16 41011 1 41497
248 31 33695 1 34450
249 1 27774 1 28052
250 41 33695 1 34319
251 21 4222 1 5215
252 67 15288 1 16235
253 35 6606 1 6987
254 49 11447 1 11923
255 65 22892 2 23534
256 43 25127 1 26068
257 60 26747 3 27579
258 67 41497 1 42438
259 65 10356 1 10627
260 26 35800 2 36245
261 3 43788 1 44726
262 12 10356 2 10605
263 21 29975 1 30491
264 66 33695 1 34354
265 21 1800 1 2684
266 40 35439 2 35594
267 46 829 1 1614
268 64 21208 2 21765
269 29 42185 1 43124
270 33 22339 2 23071
271 5 10763 1 11525
272 17 39484 1 40380
273 9 22388 1 22850
274 41 5787 1 6371
275 71 18985 1 19719
276 67 35052 1 35981
277 53 14066 1 14990
278 57 18533 1 19197
279 52 18305 2 18533
280 8 37873 1 38670
281 47 7595 1 7932
282 48 36632 1 37094
283 13 25640 1 25728
284 17 17030 1 17922
285 64 3498 1 4111
286 46 42755 1 42990
287 41 13099 2 14179
288 72 30526 1 31044
289 17 21992 1 22491
290 49 5787 1 6320
291 60 18305 1 19226
292 12 18305 3 18439
293 41 42978 1 43970
294 21 12251 1 13069
295 2 7637 1 8338
296 44 26335 1 26730
297 15 4978 1 5242
298 46 37873 4 38421
299 73 43424 4 43800
300 1 7240 1 7891
301 41 19192 1 19698
302 31 21 1 730
303 33 4258 1 4682
304 24 21564 1 22434
305 29 32113 1 32844
306 69 16328 1 17298
307 17 21726 1 22286
308 68 22434 1 23421
309 63 12395 1 13099
310 64 7963 1 8818
311 45 25444 2 26112
312 64 39484 1 39939
313 51 17450 2 18397
314 48 9113 1 9678
315 74 4380 1 5065
316 48 23188 1 23881
317 66 34523 2 35254
318 73 35052 1 35694
319 41 17070 1 17764
320 64 17030 1 17423
321 17 2572 2 2926
322 48 38787 1 39662
323 24 8428 1 9405
324 70 18985 1 19635
325 31 15216 1 15312
326 70 40742 1 41565
327 43 27524 1 27627
328 47 16189 2 16982
329 19 13425 1 14169
330 61 55 1 1028
331 34 44646 1 45459
332 27 829 1 1712
333 46 23459 3 23871
334 19 19149 1 19509
335 51 31079 2 31651
336 29 17070 4 17713
337 26 4222 1 4783
338 39 25640 1 25964
339 73 10356 1 10760
340 24 22434 1 22807
341 29 13099 2 13891
342 1 11564 1 12154
343 70 3725 1 4555
344 8 23045 1 23248
345 54 5787 2 6485
346 60 20258 1 20963
347 54 27755 1 28505
348 41 38787 1 39692
349 27 22388 2 23108
350 66 17450 1 17795
351 45 11080 2 11581
352 59 4258 1 4861
353 61 17450 4 18258
354 43 10586 2 11170
355 12 35800 3 36743
356 51 22968 2 23477
357 31 13724 1 14689
358 11 7240 1 7805
359 9 16189 1 16511
360 34 41725 1 42706
361 71 40411 1 40881
362 8 8428 1 8516
363 60 37873 2 38163
364 11 42755 2 43375
365 73 33905 4 34739
366 24 26335 1 26489
367 46 18305 2 18603
368 71 9023 1 9612
369 49 45239 1 45526
370 76 27226 1 28109
371 2 19149 1 19771
372 6 24753 1 25350
373 28 12395 1 12707
374 36 36040 1 36892
375 56 25127 2 25298
376 76 41497 1 41741
377 67 11564 2 11761
378 36 11447 1 11921
379 24 27226 1 28118
380 50 24463 1 24782
381 29 18533 1 18836
382 36 15216 1 15999
383 65 18985 2 19531
384 69 44646 1 44927
385 32 16189 1 16472
386 50 44646 1 45274
387 18 2572 1 3203
388 1 29768 2 30176
389 30 19455 2 20066
390 33 34305 1 35057
391 45 22965 1 23145
392 20 41243 1 42205
393 48 35052 1 35196
394 30 9910 3 10356
395 41 6606 1 7493
396 33 4758 1 5059
397 39 21992 2 22600
398 69 37873 1 38266
399 2 40742 3 41119
400 44 36996 1 37388
401 11 18305 1 18391
402 64 6834 1 7543
403 35 10586 1 11256
404 24 70 1 991
405 3 42185 1 42830
406 13 7963 1 8492
407 48 41497 1 41818
408 32 27524 2 27847
409 71 28498 1 28723
410 38 21992 1 22361
411 46 8428 1 8780
412 72 37873 1 38191
413 73 26500 1 26898
414 29 18997 1 19369
415 41 4758 1 5004
416 31 24561 1 25377
417 11 26500 1 26652
418 45 6606 1 7240
419 8 27288 1 28043
420 22 12251 1 12626
421 68 15216 1 15518
422 16 13425 1 13934
423 23 18305 1 18994
424 31 40411 1 41011
425 6 27939 1 28761
426 66 45239 1 45476
427 29 29 1 264
428 20 38425 1 39033
429 39 35364 1 36248
430 74 39484 1 40250
431 17 24168 2 25016
432 69 44646 1 45493
433 39 16568 1 16678
434 39 13425 1 13626
435 26 26335 2 27116
436 63 32409 1 32525
437 51 9533 4 10410
438 51 11080 2 11346
439 68 30 1 267
440 20 14230 1 14693
441 35 23459 1 24115
442 31 10356 1 10620
443 57 22434 1 22806
444 50 17450 1 18419
445 2 15216 1 15965
446 17 829 1 1622
447 47 39484 1 39780
448 24 7240 1 7836
449 64 24753 2 25746
450 40 3725 2 3942
451 66 14530 1 14944
452 12 5125 3 5990
453 48 6834 1 7816
454 60 25016 1 25896
455 37 19480 1 20439
456 6 31609 1 32262
457 41 22339 1 22577
458 21 22434 1 22596
459 63 2572 1 3098
460 35 43178 1 43380
461 26 28498 1 29401
462 2 20258 1 20547
463 51 17450 1 18120
464 66 5787 2 6054
465 32 36632 2 36806
466 40 32113 2 32851
467 17 31079 1 31999
468 73 32837 2 33030
469 43 19291 1 19874
470 66 3498 2 4406
471 33 13724 1 14425
472 17 38163 1 38861
473 33 15216 1 15721
474 47 26335 2 26777
475 40 41011 2 41940
476 17 3578 1 3928
477 28 23975 1 24833
478 64 27 1 1769
479 57 19455 1 20398
480 61 23459 1 24261
481 22 27948 1 28929
482 39 22965 1 23515
483 73 36632 3 36977
484 58 4758 1 5027
485 29 45721 3 46480
486 12 11411 1 11633
487 61 11411 1 11933
488 33 14530 1 14763
489 29 35052 1 35899
490 37 29768 3 30173
491 74 23459 1 23617
492 53 20258 1 21120
493 41 36040 1 36307
494 68 6693 1 6843
495 36 22891 1 23865
496 31 39484 1 40309
497 56 18985 1 19795
498 29 23337 1 23716
499 25 30526 1 31075
500 11 38787 1 39648
501 24 28341 1 28639
502 46 12395 1 13176
503 69 3725 1 4126
504 7 15288 2 16090
505 69 31609 1 32378
506 61 33695 3 34232
507 24 36040 1 36673
508 63 26889 2 27669
509 66 829 1 1456
510 51 5787 1 5913
511 9 19771 1 20200
512 63 17483 2 18427
513 19 33695 1 33982
514 51 33695 1 34522
515 24 41243 1 42202
516 67 23975 1 24789
517 24 22891 1 23404
518 29 31079 1 31424
519 5 8428 1 9154
520 73 10356 3 11137
521 15 35364 1 36160
522 31 42433 1 42769
523 24 3498 2 4108
524 4 25640 1 26594
525 30 13099 1 13339
526 32 24627 1 25453
527 30 3498 1 4050
528 75 10356 1 10589
529 16 5787 3 6220
530 23 22434 2 22898
531 9 24772 2 25765
532 48 19291 1 19955
533 73 35800 3 35901
534 66 21564 1 21918
535 52 29975 1 30887
536 34 6606 2 7381
537 27 31565 1 31745
538 31 17450 1 17828
539 23 6606 2 7397
540 53 10763 1 11382
541 66 44 1 440
542 60 2572 5 2922
543 16 28816 4 29737
544 1 9910 1 10838
545 19 14530 1 15402
546 23 33695 1 34316
547 65 29768 2 30120
548 27 40411 3 40946
549 49 13099 1 13180
550 24 19771 2 20361
551 73 4978 1 5808
552 43 22434 1 23360
553 24 11447 1 12103
554 30 35800 1 36632
555 63 3498 1 3805
556 31 18985 1 19291
557 12 19149 1 19507
558 60 26335 1 26747
559 60 20903 1 21293
560 11 11447 1 11700
561 53 40742 1 41201
562 66 25444 1 25678
563 25 7240 1 7420
564 58 829 1 1444
565 63 7963 1 8090
566 11 27524 1 28370
567 23 14530 1 14666
568 31 42185 1 42411
569 50 12691 1 13270
570 14 36996 1 37387
571 75 26341 1 26439
572 23 31079 1 31564
573 71 829 1 1266
574 65 19471 1 19770
575 41 44646 1 44747
576 52 25640 1 26489
577 24 23838 1 23987
578 31 18305 1 18581
579 64 27755 2 28182
580 41 49 1 626
581 38 35800 1 36471
582 65 37873 1 38078
583 65 20903 1 21338
584 66 22965 1 23337
585 24 16328 1 16942
586 68 11703 1 12679
587 54 16336 1 16550
588 51 19771 2 19988
589 73 11571 2 12468
590 24 35800 1 36488
591 65 44646 1 45230
592 36 22434 1 22855
593 41 31079 1 31742
594 34 23001 2 23402
595 34 32409 1 32656
596 74 3498 1 4353
597 33 17908 1 18708
598 56 19161 2 19898
599 40 22965 1 23584
600 63 25640 1 25771
601 31 34667 1 35033
602 65 7240 1 7554
603 51 38163 1 38877
604 27 87 1 508
605 30 33695 1 34285
606 52 36996 1 37922
607 68 1780 1 2708
608 42 3498 2 3911
609 31 41011 1 41594
610 30 21208 2 21558
611 65 31609 1 32053
612 60 43178 2 43264
613 5 18985 1 19265
614 67 16568 2 17256
615 61 39484 2 40478
616 23 22965 1 23618
617 69 22891 1 23838
618 11 15352 2 15793
619 33 5067 1 6062
620 30 12691 1 13081
621 58 4222 1 4495
622 5 45721 1 45973
623 34 22388 1 22828
624 52 3794 1 4029
625 43 4758 1 5051
626 29 39484 2 39870
627 70 44646 2 44972
628 17 15352 1 16109
629 11 10356 1 10585
630 60 30167 1 30526
631 28 35800 1 36444
632 57 37873 1 38268
633 52 40742 1 41434
634 41 44646 1 45252
635 72 3498 2 3999
636 5 31079 1 31248
637 51 11559 3 12062
638 17 10444 1 10960
639 71 41725 1 42115
640 16 1641 2 2164
641 20 9023 1 9167
642 17 15443 1 15866
643 67 18305 1 18487
644 43 7240 1 8008
645 46 15216 1 15791
646 3 3578 1 3747
647 47 6606 1 7503
648 46 6834 1 7126
649 65 43424 3 43992
650 17 44646 1 44748
651 60 11447 1 11571
652 17 1456 1 1717
653 1 2572 2 3250
654 33 41497 1 41826
655 74 6606 1 7417
656 73 33695 2 33835
657 48 9910 4 10547
658 66 27900 1 28011
659 7 32113 1 32271
660 71 13099 1 13767
661 24 4758 1 5362
662 17 16189 1 16336
663 49 829 1 1648
664 21 36632 1 36830
665 48 44646 1 45606
666 58 22891 1 23736
667 45 13724 1 14463
668 20 20258 1 20458
669 13 4258 2 4901
670 69 5787 1 6124
671 46 42185 1 42649
672 4 41052 1 41881
673 47 42185 2 42468
674 34 37873 1 38732
675 9 4758 1 5257
676 13 29971 1 30719
677 31 27226 1 27797
678 73 17070 1 17963
679 5 829 1 1796
680 63 10763 1 11439
681 24 32709 1 33041
682 29 44646 1 45475
683 66 29971 1 30055
684 48 11411 3 12305
685 33 42185 1 42955
686 32 19771 2 19877
687 26 30526 1 31444
688 58 41497 1 42190
689 23 34667 2 35093
690 51 29768 1 30759
691 45 33695 2 34199
692 70 22891 1 23628
693 39 7240 1 7974
694 1 23645 1 24408
695 60 31079 1 31616
696 24 30382 1 30751
697 1 5628 1 6226
698 46 15352 1 15742
699 52 39484 1 39833
700 67 10586 1 10866
701 15 18533 1 18661
702 8 29971 1 30822
703 35 14230 1 15126
704 26 15443 1 15663
705 33 15729 1 16546
706 70 9910 2 10257
707 43 31079 1 31227
708 33 12395 1 13194
709 11 10586 1 11330
710 3 5 1 236
711 46 35364 1 36014
712 30 28498 2 28949
713 19 45721 1 46344
714 60 15216 1 15413
715 51 1614 4 1727
716 55 7332 1 8212
717 20 8428 1 8621
718 30 6606 1 7552
719 26 29971 1 30959
720 30 35052 1 35857
721 36 21208 1 22049
722 35 20258 3 20839
723 73 29768 1 30083
724 36 39484 1 40426
725 53 6693 1 7017
726 27 26889 1 27425
727 66 20903 1 21726
728 2 39484 1 39620
729 19 40742 2 41599
730 31 37873 1 38645
731 48 30526 1 31392
732 11 15892 1 16178
733 13 33695 2 34274
734 45 30506 1 30771
735 5 13303 1 13958
736 48 6606 4 6705
737 60 21992 1 22983
738 18 12 1 295
739 16 26335 1 26509
740 60 11447 1 12251
741 5 17450 1 17821
742 45 1952 1 2162
743 63 11447 1 11928
744 33 13303 1 13536
745 33 21208 1 21814
746 24 30382 1 30980
747 48 27524 1 28226
748 17 19291 1 19677
749 3 37873 1 38865
750 65 33773 1 34739
751 31 29856 1 30145
752 17 40742 1 40822
753 60 51 1 659
754 45 20258 3 21132
755 53 15216 1 15603
756 41 27226 1 28175
757 49 22388 1 23271
758 71 32837 1 33407
759 28 15216 1 16033
760 3 35439 1 35714
761 11 30526 1 31354
762 17 27769 1 28333
763 61 16942 1 17300
764 17 1149 1 1374
765 18 12691 1 13342
766 39 21208 2 21725
767 3 13099 1 13546
768 28 25640 1 25765
769 40 5039 1 5376
770 61 3498 2 4259
771 71 31998 1 32764
772 60 21208 1 21992
773 28 7240 1 7414
774 33 6606 1 7285
775 59 19471 1 19551
776 65 37873 2 37955
777 13 12395 1 13073
778 54 42857 1 43123
779 21 22891 1 23815
780 17 35439 1 36023
781 25 4758 1 5460
782 20 42755 1 43514
783 66 26747 1 27536
784 73 26778 1 27702
785 44 17450 1 17756
786 76 9023 1 9419
787 72 27524 1 29312
788 16 3725 1 3837
789 73 30083 4 30938
790 7 19771 1 19988
791 74 33695 1 33997
792 23 21208 2 21733
793 75 40742 2 41520
794 16 6834 1 7014
795 28 22891 1 23730
796 51 18305 1 19274
797 15 26335 1 26887
798 15 41243 1 41901
799 9 1641 1 2405
800 24 20361 2 20903
801 17 23253 3 23976
802 54 23712 1 24649
803 41 22965 3 23344
804 26 24481 1 24895
805 11 25640 1 25862
806 18 3498 1 4013
807 46 19771 1 20667
808 19 25640 1 26102
809 24 7783 1 8094
810 27 42487 1 43313
811 27 42185 1 42487
812 19 17450 1 17785
813 67 38425 1 38926
814 16 24086 1 24481
815 24 26889 1 27119
816 65 28648 4 28785
817 29 4811 1 5230
818 54 40742 3 40903
819 51 32113 3 32587
820 70 36632 2 37178
821 66 21726 1 22563
822 23 45721 1 46158
823 66 10586 1 11494
824 74 41243 1 42139
825 55 28216 2 28747
826 12 829 2 1119
827 45 42185 2 42501
828 41 31742 1 31851
829 45 40742 1 41034
830 65 42978 1 43424
831 13 7240 2 7828
832 30 1862 1 2227
833 19 34577 3 35272
834 15 24086 1 24634
835 25 22388 1 22901
836 1 39484 1 40291
837 69 40742 1 41704
838 40 19771 2 20109
839 72 31458 3 31802
840 45 27755 2 28218
841 73 11411 3 11700
842 18 41497 1 42172
843 12 6834 2 7494
844 69 17450 1 17605
845 47 10356 2 10902
846 45 14530 1 15471
847 60 14530 3 15018
848 72 14530 3 15304
849 25 17450 1 17816
850 16 39484 1 40366
851 72 21992 1 22869
852 66 24383 1 24753
853 60 31914 1 32225
854 16 38787 1 39532
855 46 43424 1 44382
856 27 9578 1 10441
857 24 38787 3 39052
858 23 27288 1 27378
859 49 16189 1 16606
860 73 15288 1 15950
861 30 9023 1 9612
862 46 18985 1 19953
863 54 22388 1 22512
864 60 31998 1 32986
865 66 10356 1 10567
866 24 39052 1 40131
867 60 30167 1 30566
868 30 12395 3 13277
869 54 7963 2 8865
870 57 41497 1 42456
871 60 6693 3 6906
872 29 26335 1 27152
873 73 36996 1 37418
874 59 41258 1 41546
875 24 23001 1 23570
876 15 3578 1 4163
877 48 13099 1 13489
878 6 26335 1 27167
879 60 38425 2 38696
880 71 25640 1 25995
881 60 28220 1 29446
882 52 10356 1 10852
883 12 19455 1 19579
884 18 31458 1 31845
885 41 31999 1 32394
886 71 20903 1 21724
887 24 4126 1 4341
888 12 4222 4 4631
889 4 15216 1 15912
890 54 7637 1 7923
891 6 20258 1 20384
892 30 41243 1 41657
893 72 29768 1 30354
894 13 15892 1 16842
895 46 14066 1 14601
896 16 7595 1 8141
897 5 25016 1 25173
898 52 10586 1 10969
899 19 1952 3 2613
900 30 26341 1 26644
901 17 16336 1 17030
902 1 17286 1 18127
903 30 13425 4 13527
904 41 1800 1 2112
905 7 35364 1 35792
906 72 9232 1 9739
907 19 36632 1 36946
908 64 38425 1 39421
909 45 5787 2 5989
910 65 29768 1 30508
911 69 22965 1 23430
912 46 22388 2 23001
913 60 7240 1 7856
914 21 7240 1 7982
915 65 14230 2 15144
916 28 22434 1 22530
917 66 7240 1 8150
918 3 35052 1 35146
919 13 37873 1 38252
920 46 6700 1 6834
921 16 38163 1 38589
922 18 10586 1 10779
923 31 30382 1 30763
924 60 38787 1 38959
925 71 14066 1 14709
926 23 42185 1 42619
927 38 3498 1 3879
928 17 29856 1 30715
929 57 25640 1 26079
930 19 31742 1 32409
931 60 38163 1 38735
932 29 6606 1 7023
933 48 32113 1 32257
934 31 43788 1 43978
935 46 38425 1 39417
936 72 16568 1 17093
937 65 4811 1 5765
938 57 16189 1 17135
939 24 37873 1 38665
940 27 15216 1 15933
941 33 23459 1 23744
942 64 12395 1 12950
943 17 17922 1 18814
944 2 3498 1 4182
945 23 39484 1 40472
946 35 7240 1 8229
947 7 23975 1 24720
948 22 32113 1 32741
949 2 13099 1 13184
950 31 7963 1 8848
951 52 18997 1 19370
952 21 9023 1 9302
953 52 32113 1 33559
954 32 35052 2 35711
955 64 11680 1 12315
956 25 14530 1 15101
957 21 68 1 698
958 24 5787 1 6558
959 69 32409 2 32976
960 39 11557 1 12224
961 44 29768 1 29946
962 63 13099 2 13894
963 30 13536 3 14016
964 49 42755 1 43370
965 52 27755 2 28626
966 41 30526 1 30636
967 58 23838 1 24354
968 43 23975 2 24853
969 1 41497 2 42216
970 25 35052 1 35642
971 64 34172 1 36123
972 2 33695 1 34039
973 47 22339 1 23047
974 5 11703 1 12322
975 46 4222 1 5038
976 65 36632 1 36758
977 50 18 1 760
978 33 23459 1 24344
979 27 7963 1 8704
980 41 29768 1 30508
981 9 19455 1 19685
982 47 27755 1 28088
983 52 24463 3 24847
984 63 27939 1 28782
985 29 14230 1 15101
986 31 20519 1 21079
987 64 19771 1 19930
988 32 30382 1 31212
989 37 26500 2 26712
990 65 13099 1 13742
991 24 41142 1 42094
992 17 12395 2 13122
993 17 22491 2 23138
994 73 11080 1 11534
995 46 16189 1 16975
996 34 19161 4 19692
997 13 19455 1 19592
998 48 24463 1 24809
999 71 35800 1 36636
1000 22 37873 2 38352
1001 63 1149 1 1818
1002 52 3498 3 3596
1003 15 24463 1 24887
1004 45 39484 1 39931
1005 5 9405 1 10082
1006 70 2002 1 2793
1007 16 3498 1 4015
1008 41 25127 1 25620
1009 18 30526 1 31440
1010 60 17450 1 17736
1011 18 4758 1 5227
1012 66 27900 1 28207
1013 69 7240 1 7803
1014 33 1661 1 2243
1015 56 33773 1 34049
1016 24 15288 1 15443
1017 52 27844 1 28212
1018 72 15443 1 16027
1019 67 18533 1 18863
1020 74 10356 1 10522
1021 41 32837 1 33408
1022 1 26335 1 26568
1023 61 36632 1 36861
1024 24 34577 1 35052
1025 67 22983 2 23607
1026 23 9910 1 10613
1027 27 28648 1 29287
1028 11 11703 1 11971
1029 60 11571 1 12078
1030 19 38787 1 39231
1031 73 40742 2 40917
1032 6 10356 1 10912
1033 5 35052 1 35877
1034 25 9023 1 9974
1035 43 11564 1 12250
1036 11 33695 1 34392
1037 69 26335 1 26913
1038 2 41258 2 41846
1039 23 24463 1 25440
1040 57 27226 1 28112
1041 61 41258 3 42076
1042 69 11411 1 12252
1043 64 36632 2 37540
1044 19 2572 1 3222
1045 65 23838 3 24100
1046 54 20258 3 20948
1047 37 4758 1 5348
1048 71 10356 1 10455
1049 20 31458 1 32064
1050 36 29768 1 29879
1051 40 33695 2 34607
1052 31 32113 1 32603
1053 73 17450 1 18289
1054 1 14230 1 14687
1055 17 4126 1 4946
1056 46 34523 1 34934
1057 75 829 1 1340
1058 41 14230 1 14645
1059 52 6834 1 7190
1060 26 3498 1 4108
1061 23 7963 1 8736
1062 58 9422 1 10209
1063 35 4975 2 5243
1064 75 34523 2 35004
1065 3 26335 1 26535
1066 13 23838 1 24334
1067 60 30526 1 33007
1068 6 15312 1 15909
1069 2 43424 3 44399
1070 73 6693 2 7240
1071 63 9113 1 9577
1072 33 33695 1 34230
1073 50 35800 1 36400
1074 66 33695 1 34523
1075 24 29768 3 30382
1076 41 829 1 2033
1077 44 3498 1 4273
1078 2 25640 1 25747
1079 44 39484 1 39710
1080 52 27226 1 27704
1081 35 24610 3 24946
1082 66 12395 1 12926
1083 24 33695 1 34289
1084 70 35364 1 36083
1085 23 829 1 1201
1086 59 19455 1 20051
1087 24 15892 3 16328
1088 3 22965 1 23814
1089 18 19771 1 19880
1090 9 7240 3 7905
1091 18 21564 1 21917
1092 74 20903 1 21370
1093 29 30526 1 30788
1094 2 41 1 920
1095 2 6606 1 6841
1096 6 39484 1 40354
1097 66 20258 1 20427
1098 6 44646 1 45270
1099 65 7637 1 8267
1100 49 27844 1 28202
1101 12 41258 2 41916
1102 66 35364 2 36040
1103 35 21208 4 21990
1104 35 3498 3 4150
1105 19 27755 3 28536
1106 1 31458 3 31547
1107 23 26335 1 26755
1108 5 3498 1 4316
1109 27 41497 1 41698
1110 36 24627 1 25075
1111 4 24463 2 25085
1112 46 16 1 128
1113 59 4811 1 5143
1114 71 29768 1 30675
1115 30 5787 5 6169
1116 69 39484 2 40411
1117 60 5787 1 6485
1118 60 12251 4 12958
1119 19 15443 1 15966
1120 6 9405 1 9767
1121 25 31565 1 32343
1122 64 16189 1 16650
1123 40 27939 2 28372
1124 23 30382 1 31036
1125 18 1780 1 2120
1126 33 25640 2 26352
1127 23 35439 1 36042
1128 45 23975 1 24096
1129 2 10356 3 10444
1130 2 24724 1 25614
1131 67 42487 1 42707
1132 65 40742 4 41566
1133 31 16328 1 16567
1134 48 18305 4 19164
1135 46 43788 1 44115
1136 11 829 1 1468
1137 54 29768 1 30297
1138 17 7783 1 7914
1139 64 44646 1 45336
1140 33 15216 1 15953
1141 69 9422 2 9659
1142 9 29975 1 30154
1143 47 33695 1 34085
1144 55 42185 3 42663
1145 48 26747 1 27514
1146 73 37873 1 38201
1147 31 13303 1 13724
1148 63 38425 1 39309
1149 47 1800 2 1918
1150 31 829 1 1059
1151 70 22388 1 22469
1152 69 19455 1 19886
1153 10 3498 1 4119
1154 25 3855 1 4409
1155 30 41258 1 41872
1156 64 21992 2 22083
1157 72 45721 1 46437
1158 70 7240 1 8176
1159 2 41011 1 41344
1160 43 13546 1 13836
1161 46 4758 1 5628
1162 31 29768 1 29856
1163 50 31079 1 31845
1164 74 19771 1 20486
1165 70 16189 1 16827
1166 11 3498 1 4325
1167 22 1780 3 2107
1168 23 4758 1 5596
1169 26 35052 1 35590
1170 35 22049 3 22525
1171 29 15216 1 15543
1172 54 9023 4 9184
1173 66 40742 2 41725
1174 28 829 1 1533
1175 34 27524 1 28292
1176 24 4468 2 5007
1177 67 22388 1 22957
1178 52 9910 1 10054
1179 44 33695 1 34649
1180 15 22434 1 22738
1181 74 13099 1 13265
1182 9 19291 1 20218
1183 7 27755 1 28505
1184 65 6606 1 7073
1185 7 6834 1 7552
1186 32 11564 1 12555
1187 39 29768 2 30581
1188 41 19771 2 20488
1189 52 29768 2 29975
1190 31 5787 1 6117
1191 8 17450 1 18379
1192 65 35800 1 36736
1193 49 6606 1 7328
1194 2 22339 2 22710
1195 69 26500 1 26733
1196 35 36632 3 37489
1197 66 44646 1 45188
1198 16 23459 1 24074
1199 72 40411 1 40590
1200 37 30382 1 30677
1201 60 78 1 273
1202 56 26335 1 26487
1203 9 4258 1 4380
1204 64 31435 2 31544
1205 59 24463 1 25161
1206 60 38787 1 40451
1207 17 4975 1 5759
1208 12 32113 1 33092
1209 20 36996 1 37730
1210 5 29768 1 30391
1211 49 21208 1 21982
1212 61 20258 1 20934
1213 34 9910 3 10531
1214 46 34667 2 35147
1215 13 27939 1 28171
1216 19 23459 1 24040
1217 32 7332 1 8087
1218 1 42 1 607
1219 41 20488 3 21353
1220 6 11447 1 12252
1221 29 37873 1 38191
1222 75 2002 1 2690
1223 20 3498 1 3609
1224 45 31914 1 32122
1225 2 22891 1 23883
1226 3 4975 1 5565
1227 60 35800 1 36036
1228 60 30526 1 31032
1229 68 7240 1 7799
1230 46 9023 2 10009
1231 57 9023 1 9730
1232 30 829 1 1515
1233 33 24753 1 25442
1234 66 9533 1 9708
1235 72 24463 1 24912
1236 20 39484 1 40419
1237 46 32837 1 33029
1238 35 25444 1 25743
1239 24 26500 3 26788
1240 46 36040 1 36996
1241 49 15216 2 16188
1242 24 27345 1 28216
1243 70 33695 2 34478
1244 18 14530 1 15103
1245 33 30760 1 31210
1246 48 43788 3 44331
1247 41 42755 1 43052
1248 49 3498 1 4291
1249 48 48 1 391
1250 52 30382 2 30938
1251 51 32409 1 32600
1252 66 15352 1 16201
1253 30 29975 1 30581
1254 31 23337 1 23930
1255 44 27755 1 28365
1256 17 43788 1 43869
1257 53 44646 3 44736
1258 36 5067 1 6065
1259 72 31079 1 31241
1260 49 41258 1 41812
1261 1 20258 2 20701
1262 3 18305 1 18447
1263 17 4758 1 4975
1264 66 3498 1 3589
1265 70 20903 2 21605
1266 33 35364 1 35588
1267 27 37873 1 38637
1268 69 28498 1 29012
1269 74 13536 1 14237
1270 72 36632 1 37337
1271 33 35800 2 36371
1272 66 37873 1 39262
1273 55 4811 1 5076
1274 18 29975 1 30113
1275 60 34667 2 35683
1276 16 21992 2 22400
1277 66 19455 1 19998
1278 30 16189 2 16672
1279 60 8428 1 8894
1280 46 13303 1 13883
1281 63 16189 1 17048
1282 16 13099 3 13965
1283 68 8428 1 9134
1284 37 23071 2 23663
1285 52 6606 2 6719
1286 47 22049 2 22147
1287 16 34523 1 34817
1288 31 12691 1 13192
1289 41 3578 1 4499
1290 46 31914 1 32506
1291 49 85 1 730
1292 6 29768 1 30532
1293 51 18985 1 19551
1294 2 43173 3 43327
1295 30 16189 1 16697
1296 63 37873 1 38082
1297 50 829 1 1052
1298 58 13425 1 14277
1299 70 18985 1 19363
1300 46 7240 2 7450
1301 12 38233 1 38346
1302 45 35052 1 35829
1303 24 15443 1 15892
1304 52 15216 1 15729
1305 8 9405 1 9743
1306 24 1661 2 2524
1307 44 23975 1 24649
1308 50 9533 1 10361
1309 2 27288 5 27957
1310 50 10586 1 10876
1311 18 32837 1 33773
1312 45 829 1 1761
1313 2 42433 3 43009
1314 67 4222 1 5194
1315 30 5039 4 5519
1316 9 12691 1 13461
1317 19 36632 1 37574
1318 50 6834 1 7645
1319 45 30980 2 31096
1320 26 27939 2 28649
1321 22 5138 4 5956
1322 43 27229 1 27746
1323 73 27939 1 28839
1324 64 23972 1 24714
1325 18 27900 1 28172
1326 26 4758 1 5034
1327 31 3498 1 4302
1328 64 15216 1 15859
1329 18 6606 1 7425
1330 11 23344 1 24259
1331 33 27226 2 27844
1332 10 30526 1 30783
1333 76 42487 1 43026
1334 13 11471 1 12361
1335 6 36996 1 37974
1336 5 14530 1 15429
1337 36 23972 1 24168
1338 61 4975 3 5550
1339 74 23668 1 24135
1340 17 19291 1 20158
1341 31 6693 1 7639
1342 71 38425 1 38949
1343 70 29768 2 30728
1344 33 12251 1 13303
1345 65 38163 1 38494
1346 33 26747 2 27226
1347 60 33695 2 33879
1348 70 43788 1 44576
1349 46 21564 2 22388
1350 60 2002 1 2572
1351 33 23071 1 23396
1352 41 7637 1 8591
1353 5 54 1 643
1354 11 13425 1 13828
1355 69 21208 1 21386
1356 6 36040 1 36547
1357 27 18305 1 18838
1358 24 11564 1 11742
1359 2 29768 1 30290
1360 34 33773 1 34293
1361 33 43788 1 44646
1362 41 3855 1 4301
1363 1 25444 1 26128
1364 60 20903 2 21416
1365 24 26889 2 27345
1366 58 32113 1 32498
1367 48 32837 1 33460
1368 5 17030 1 17327
1369 60 9910 1 10010
1370 47 4978 2 5232
1371 16 24753 2 25087
1372 66 23337 1 24291
1373 24 86 1 524
1374 23 38787 1 39479
1375 9 25640 1 26631
1376 39 41052 1 41200
1377 20 18985 1 19548
1378 3 9113 1 9811
1379 17 29975 2 30472
1380 66 23972 1 24425
1381 38 41243 1 41826
1382 70 11447 1 11934
1383 19 41725 1 42489
1384 69 18305 2 18927
1385 45 10586 2 10921
1386 50 16189 1 16808
1387 59 23813 1 24338
1388 19 20258 1 20355
1389 67 5787 1 6707
1390 17 43173 2 44882
1391 66 42433 1 42908
1392 34 20258 2 20582
1393 46 26335 4 27229
1394 54 42185 1 42669
1395 50 15216 1 15891
1396 65 12691 1 12889
1397 52 21992 1 22132
1398 16 23838 2 24612
1399 52 41497 2 42141
1400 54 6693 2 7474
1401 61 22891 5 23352
1402 41 16189 1 16719
1403 4 14230 1 14857
1404 65 11447 1 12205
1405 17 11080 1 11912
1406 35 33695 3 34632
1407 27 4978 1 5387
1408 41 17030 3 17732
1409 61 27288 1 27702
1410 73 7783 1 8264
1411 33 42433 1 43419
1412 30 42891 2 43755
1413 66 1800 1 2287
1414 58 26335 1 27084
1415 15 30760 1 31292
1416 67 40411 2 40631
1417 29 3498 2 4134
1418 69 34305 2 34692
1419 19 12395 1 13341
1420 58 31458 1 31753
1421 58 28816 1 29730
1422 70 42433 1 42894
1423 25 40411 1 41275
1424 30 19161 1 19365
1425 34 1149 3 1409
1426 26 37873 1 38541
1427 30 22388 4 22891
1428 71 43424 1 44289
1429 71 18305 1 18627
1430 6 12395 1 12596
1431 65 39484 1 39769
1432 30 25444 1 26341
1433 44 13303 1 13620
1434 17 21208 1 21567
1435 65 7963 1 8336
1436 15 37873 1 38649
1437 31 1456 1 1839
1438 23 23668 2 24344
1439 70 9405 1 9688
1440 30 68 1 742
1441 65 40742 1 40849
1442 41 8428 1 9023
1443 62 7332 1 8013
1444 58 17070 1 18017
1445 30 43788 2 44548
1446 68 42755 1 43497
1447 19 3498 1 4453
1448 66 8428 2 9416
1449 40 19149 2 19463
1450 31 17030 1 17279
1451 63 23972 1 24367
1452 67 11080 2 11475
1453 46 28216 3 28885
1454 54 15931 1 16311
1455 24 31565 3 31998
1456 50 3498 1 4044
1457 33 43178 1 43788
1458 69 12395 1 12691
1459 5 1800 1 2419
1460 73 32113 1 32506
1461 28 40411 1 40717
1462 6 14230 1 14385
1463 73 30177 1 30934
1464 33 32837 1 33722
1465 11 14230 1 14513
1466 32 18985 1 19410
1467 34 4758 3 4889
1468 19 24610 1 24787
1469 11 44646 1 44803
1470 46 17483 1 18442
1471 39 42185 1 42401
1472 70 7240 1 8231
1473 11 34523 1 35461
1474 53 41243 1 42060
1475 71 2572 1 3157
1476 48 32709 1 33175
1477 56 31565 1 31883
1478 13 5007 1 5301
1479 36 32837 1 33058
1480 9 29971 1 30205
1481 69 38787 1 39484
1482 51 23975 3 24625
1483 41 19455 1 20304
1484 36 20258 1 21149
1485 66 11411 1 12196
1486 43 40742 1 41634
1487 39 14230 1 14550
1488 28 1800 1 2687
1489 63 26335 2 26889
1490 1 4126 2 4498
1491 51 34523 4 35447
1492 26 4975 1 5634
1493 69 16597 1 17070
1494 30 34289 1 34584
1495 36 34667 1 35145
1496 17 4 1 1005
1497 24 15443 1 15833
1498 21 33695 1 34667
1499 33 37873 1 38233
1500 47 28648 1 28867
1501 36 1149 1 2060
1502 13 10586 2 11420
1503 33 3498 1 4258
1504 41 12395 1 13034
1505 37 4222 1 4534
1506 59 42978 1 43567
1507 61 21992 5 22771
1508 48 33695 1 34022
1509 67 36996 1 37314
1510 60 17286 2 17852
1511 72 7963 2 8928
1512 24 41497 1 42491
1513 18 15216 1 16151
1514 51 3725 2 4290
1515 15 14230 2 14330
1516 4 19771 1 20355
1517 18 19455 1 19538
1518 16 23838 1 24042
1519 16 5125 4 5272
1520 21 10356 1 10948
1521 27 39052 1 39922
1522 27 43788 1 43962
1523 24 22434 2 22968
1524 5 36040 1 36462
1525 72 9910 1 10452
1526 32 20903 2 21679
1527 73 7637 4 8092
1528 63 18985 1 19710
1529 57 39484 1 39876
1530 75 16189 1 17063
1531 23 15216 1 15807
1532 52 26335 1 26958
1533 39 8428 1 8805
1534 48 39484 1 40258
1535 17 37873 1 38659
1536 6 84 1 359
1537 65 7240 1 8040
1538 4 27288 2 27600
1539 61 5787 4 6300
1540 34 23645 1 24092
1541 26 16568 3 17074
1542 4 7240 1 7414
1543 74 38787 1 39467
1544 51 42433 1 42853
1545 46 23975 1 24902
1546 30 32113 1 32665
1547 13 24463 1 24551
1548 73 22965 1 23828
1549 69 33695 2 34305
1550 17 6693 1 7194
1551 20 33695 1 34065
1552 13 829 1 1725
1553 33 829 2 1641
1554 19 1614 1 1952
1555 61 8428 3 8676
1556 15 23883 1 24002
1557 69 10763 1 11330
1558 75 36632 1 37356
1559 35 11703 1 12626
1560 66 27797 1 28068
1561 3 29768 1 30454
1562 46 7783 1 8758
1563 72 44646 1 45368
1564 73 14230 1 14790
1565 36 28648 1 29156
1566 60 17030 3 17133
1567 52 5067 1 5195
1568 5 42185 1 43067
1569 43 33695 2 34654
1570 52 1952 1 2746
1571 3 41497 1 41767
1572 56 28341 1 28656
1573 17 10356 2 11129
1574 43 31999 2 32333
1575 58 38787 1 39317
1576 3 45721 1 46214
1577 60 23645 3 24463
1578 34 36632 1 37568
1579 27 33695 1 33868
1580 19 29768 1 30412
1581 46 7240 1 8144
1582 35 13536 4 13686
1583 64 2002 1 2120
1584 4 31742 1 32706
1585 1 38787 1 39139
1586 45 4758 1 5466
1587 67 20519 2 21238
1588 25 12691 1 13002
1589 65 1641 1 1868
1590 73 26500 1 26728
1591 3 10586 1 10676
1592 54 25640 1 26426
1593 16 4758 1 5120
1594 48 1780 5 2649
1595 41 37873 1 38416
1596 43 20903 1 21827
1597 46 3794 1 4222
1598 33 2572 1 2812
1599 69 15216 1 16045
1600 52 4126 2 4453
1601 67 12691 1 13545
1602 71 16189 1 17587
1603 51 32837 2 32928
1604 6 22965 1 23716
1605 33 3725 1 4117
1606 73 19771 1 19858
1607 47 43788 1 44210
1608 66 31435 1 31609
1609 24 28216 1 29768
1610 63 30526 1 31245
1611 64 2572 1 3174
1612 45 2 2 689
1613 30 31998 4 32709
1614 60 42433 5 42627
1615 31 16568 1 17023
1616 66 30506 1 31134
1617 8 19149 1 19415
1618 16 4975 3 5765
1619 24 45239 2 46033
1620 60 6834 1 7807
1621 37 22892 2 23061
1622 33 33905 1 34641
1623 12 33773 2 34061
1624 12 24772 2 25496
1625 45 24383 1 25344
1626 66 7963 1 8815
1627 60 43788 2 44682
1628 47 21208 2 21779
1629 61 7963 2 8286
1630 57 18305 1 18425
1631 32 39484 2 39665
1632 65 25016 1 25120
1633 74 21564 1 22466
1634 35 29768 3 30528
1635 35 9405 3 9559
1636 46 40411 1 41052
1637 47 29768 2 30644
1638 20 35800 1 36768
1639 66 24753 1 25037
1640 33 41497 1 42084
1641 40 10586 1 10908
1642 18 18985 1 19122
1643 34 10586 1 11020
1644 64 18305 1 18626
1645 54 4758 1 5337
1646 65 38787 1 39345
1647 46 41243 1 42072
1648 1 35800 1 35904
1649 19 42542 1 43414
1650 17 8428 1 9198
1651 41 31999 1 32725
1652 26 24086 1 24418
1653 7 38163 2 38542
1654 66 31742 1 32703
1655 16 33695 2 34679
1656 19 16189 1 17002
1657 41 15216 1 15519
1658 72 42185 2 43123
1659 70 27939 2 28740
1660 47 23337 1 24087
1661 68 34667 1 35309
1662 2 36996 1 37993
1663 11 7963 2 8796
1664 22 33695 5 33942
1665 15 18985 1 19082
1666 47 12395 2 12952
1667 21 6606 1 6821
1668 39 32113 1 32742
1669 39 829 2 1033
1670 65 12395 1 12778
1671 33 44646 2 45092
1672 13 42433 2 43060
1673 55 5007 1 5670
1674 24 31998 1 32693
1675 30 17070 5 17817
1676 17 37873 1 37955
1677 22 36632 1 37073
1678 2 9578 3 10043
1679 53 7332 1 7686
1680 46 13099 1 13943
1681 30 21992 3 22302
1682 24 14530 1 15288
1683 33 14230 1 14767
1684 46 42433 2 42730
1685 41 4380 1 5039
1686 33 25444 2 25640
1687 56 44646 5 45550
1688 66 4126 1 5067
1689 2 9422 3 9578
1690 21 3498 1 4159
1691 25 36632 1 36840
1692 35 8428 1 9351
1693 23 12691 1 14169
1694 24 10356 2 10586
1695 23 43788 2 44362
1696 63 35800 1 36056
1697 18 16568 1 17538
1698 69 36996 2 37873
1699 50 7963 1 8651
1700 25 44646 1 45632
1701 3 16942 1 17329
1702 35 43424 3 43877
1703 26 23337 1 23912
1704 23 27755 2 28264
1705 8 23668 1 24022
1706 48 42185 1 42487
1707 35 5787 1 6589
1708 31 19771 1 20519
1709 60 27524 1 28220
1710 26 33695 2 34189
1711 69 38266 1 38944
1712 33 33695 1 33905
1713 2 18997 1 19149
1714 7 20258 1 20728
1715 54 29 1 980
1716 48 35364 1 36174
1717 30 4758 1 4841
1718 39 24527 3 25157
1719 74 29768 1 29919
1720 4 3498 1 4255
1721 29 4222 1 4571
1722 63 29768 1 30378
1723 58 33695 1 34681
1724 69 43192 1 43393
1725 15 31742 2 32002
1726 46 44646 1 45326
1727 70 5039 1 5952
1728 1 15216 1 16209
1729 60 19291 2 19855
1730 70 38787 1 39195
1731 32 42755 1 43555
1732 71 11411 1 12403
1733 1 44646 2 44983
1734 12 18985 1 19455
1735 30 13303 1 13768
1736 33 22049 1 22339
1737 6 40742 1 40957
1738 66 36040 1 36800
1739 67 31914 1 32132
1740 11 37873 1 38216
1741 4 28498 2 29399
1742 51 16189 1 17054
1743 65 21 3 976
1744 24 34289 1 34790
1745 71 1641 1 2472
1746 39 35052 2 35540
1747 71 5787 1 6076
1748 33 21208 1 22032
1749 60 15443 1 15931
1750 47 829 1 1109
1751 47 37873 1 38611
1752 33 53 1 500
1753 11 9023 2 9192
1754 36 17286 1 18022
1755 58 18533 1 18698
1756 16 24627 1 24757
1757 19 22965 3 23459
1758 27 1800 1 2597
1759 41 33695 1 34157
1760 49 39484 1 39626
1761 66 27524 1 27755
1762 4 6606 2 7014
1763 66 10356 1 11107
1764 49 8428 1 9221
1765 65 24675 3 25279
1766 68 36632 1 37196
1767 50 42185 1 42538
1768 75 22983 1 23726
1769 1 12251 2 12576
1770 53 8428 3 9083
1771 71 6834 1 7654
1772 18 9910 1 10503
1773 6 18985 1 19925
1774 29 36632 1 37492
1775 18 36632 1 37428
1776 17 7240 1 7963
1777 36 41052 1 41553
1778 29 20258 1 20967
1779 9 23883 1 24772
1780 1 40411 1 40924
1781 15 5787 1 6045
1782 5 18305 1 18820
1783 58 32709 1 33645
1784 64 11471 1 11638
1785 11 40411 2 41283
1786 16 4258 1 4939
1787 45 3498 1 4245
1788 23 12395 2 12554
1789 9 33695 3 34171
1790 7 33773 2 34510
1791 11 19455 1 19786
1792 48 16189 2 16390
1793 17 14066 2 14230
1794 60 25640 1 26073
1795 17 20903 2 21475
1796 73 829 3 1535
1797 16 32837 1 33389
1798 46 4126 1 4452
1799 35 19455 3 19660
1800 58 11447 1 11573
1801 28 37873 1 38385
1802 46 3498 2 3652
1803 15 32113 2 32993
1804 48 20258 1 20717
1805 51 829 1 1053
1806 34 24463 2 25335
1807 29 18985 1 19770
1808 66 30083 1 30506
1809 72 4126 1 5109
1810 58 13099 1 13407
1811 37 38787 3 39671
1812 18 17922 1 18037
1813 32 37873 1 38611
1814 41 26500 1 27492
1815 37 10356 2 10661
1816 60 9232 1 10031
1817 41 27524 1 28519
1818 18 27229 1 27814
1819 64 40411 1 40583
1820 33 7963 1 8527
1821 16 39484 2 39785
1822 27 36632 1 37263
1823 54 39484 1 40461
1824 33 23838 1 24613
1825 34 36040 1 36131
1826 38 8428 1 8959
1827 20 9910 1 9996
1828 64 13099 2 13903
1829 11 1614 1 2051
1830 9 1800 2 2612
1831 65 18985 1 19471
1832 66 9910 1 10120
1833 33 28498 1 28590
1834 16 4258 2 4471
1835 11 9232 1 10108
1836 60 12691 1 13079
1837 39 1641 1 1967
1838 47 2002 1 2385
1839 41 9910 1 10817
1840 60 41497 1 42185
1841 16 34523 1 34738
1842 72 31998 2 32370
1843 38 30506 1 31084
1844 43 12395 1 13023
1845 18 26335 1 27167
1846 35 35052 2 35674
1847 39 32113 1 33005
1848 66 22049 1 22965
1849 74 31999 1 32924
1850 24 35052 1 35646
1851 4 42433 1 42567
1852 31 36632 1 37515
1853 54 13099 1 13545
1854 33 24463 1 25056
1855 29 22434 4 23302
1856 17 15331 1 16189
1857 61 6606 3 6739
1858 63 14530 1 14942
1859 69 9910 1 10752
1860 43 42433 1 42557
1861 60 23645 1 24348
1862 41 23668 2 24595
1863 28 44646 1 45604
1864 9 12691 1 13461
1865 60 23045 1 23645
1866 71 22339 1 22788
1867 18 4126 1 4385
1868 74 40411 1 40527
1869 58 15352 1 15455
1870 19 24480 1 24788
1871 60 24463 1 24610
1872 72 23668 2 23996
1873 75 9422 1 9536
1874 31 44646 1 45452
1875 36 25662 1 27500
1876 47 30760 2 31760
1877 63 7240 2 7691
1878 35 26913 3 27673
1879 54 26500 1 27344
1880 9 42755 1 43404
1881 69 35800 1 36012
1882 5 38787 1 39348
1883 40 11564 1 12168
1884 34 31458 2 31653
1885 71 10763 1 11132
1886 60 9023 1 9132
1887 58 15216 1 15309
1888 23 41142 1 41731
1889 59 25127 1 25250
1890 36 35364 1 35854
1891 66 9023 1 9910
1892 62 33773 4 34270
1893 72 22891 1 23310
1894 8 10586 1 11131
1895 35 22968 3 23250
1896 36 16189 1 16909
1897 46 11411 1 11680
1898 45 36632 2 37335
1899 2 23883 3 24724
1900 2 12462 1 12613
1901 3 12395 1 12899
1902 5 19480 1 19826
1903 34 3498 1 4291
1904 48 3498 1 4209
1905 60 44646 1 45239
1906 4 4978 1 5608
1907 8 3498 1 4295
1908 50 22388 1 22948
1909 30 44646 1 45545
1910 48 4975 1 5736
1911 33 31914 2 32126
1912 33 4126 1 5113
1913 66 19471 1 20144
1914 50 1780 1 2285
1915 8 15443 1 16059
1916 25 29768 1 29953
1917 23 9023 1 9909
1918 70 31999 2 32392
1919 27 23337 1 23868
1920 6 13099 1 13837
1921 58 29768 1 30603
1922 17 16189 2 16322
1923 24 44646 2 45038
1924 37 14066 2 15008
1925 30 29971 1 30624
1926 52 19455 1 21221
1927 46 41052 1 41243
1928 59 23972 1 24957
1929 72 1661 1 1877
1930 54 11615 1 11971
1931 60 22983 1 23357
1932 23 20258 1 20850
1933 55 23975 1 24731
1934 51 7240 4 7892
1935 24 42185 1 42614
1936 11 15216 2 15323
1937 56 50 5 409
1938 74 11447 1 11703
1939 17 18985 3 19282
1940 25 21208 1 21979
1941 19 7332 1 8249
1942 30 42755 1 42891
1943 72 12691 1 13591
1944 74 1614 1 2177
1945 18 9422 1 9593
1946 52 23838 1 24054
1947 29 41497 1 42148
1948 8 32113 1 32732
1949 50 21208 1 21631
1950 25 49 1 920
1951 18 44646 1 44945
1952 41 36632 1 37061
1953 69 20258 1 21166
1954 31 6606 1 6693
1955 5 20258 1 21170
1956 58 3498 1 3869
1957 33 45239 1 45848
1958 39 26335 1 27074
1959 19 39484 3 40449
1960 15 38787 1 39380
1961 70 23838 1 24796
1962 20 4975 1 5398
1963 58 6693 1 7378
1964 48 25640 2 26507
1965 41 26335 1 28775
1966 24 25127 1 25791
1967 26 42185 2 42963
1968 16 33695 1 34447
1969 20 3855 1 4472
1970 19 34 2 1043
1971 18 35052 1 35965
1972 72 43173 1 44161
1973 46 14530 1 15296
1974 57 33905 1 34486
1975 64 4811 2 6147
1976 16 38163 1 38937
1977 16 22434 1 23384
1978 5 6606 1 6886
1979 30 4222 1 4757
1980 4 829 1 1497
1981 46 10356 1 11316
1982 59 7240 1 8145
1983 24 16942 1 18305
1984 44 31458 1 32303
1985 70 39484 1 39860
1986 73 23838 2 24296
1987 66 25016 1 25741
1988 15 33695 1 33976
1989 13 17450 1 17923
1990 64 22892 1 23867
1991 57 25016 1 25355
1992 52 9910 1 10345
1993 41 35439 2 36297
1994 27 26335 3 26662
1995 12 25444 2 26408
1996 1 36632 2 37152
1997 74 29971 1 30386
1998 73 23337 2 24035
1999 66 18305 1 18619
2000 65 15536 1 16173
2001 70 15312 2 16128
2002 71 26335 1 27101
2003 5 23975 1 24826
2004 30 35052 3 35737
2005 52 6834 1 7020
2006 30 4978 1 5453
2007 60 15931 1 16339
2008 13 24561 1 24960
2009 63 4222 1 4620
2010 13 1780 1 2284
2011 34 17450 1 17806
2012 11 6606 1 6944
2013 39 35800 1 36270
2014 72 20903 2 21352
2015 30 1641 1 2050
2016 30 27229 1 27398
2017 12 24753 1 24906
2018 3 36632 1 37112
2019 52 35439 1 36040
2020 58 10356 1 10806
2021 54 22891 1 23415
2022 38 22388 1 23322
2023 19 9405 2 9509
2024 64 28816 2 30268
2025 46 18533 1 19049
2026 12 9113 1 9661
2027 18 23975 1 24952
2028 9 4380 2 4937
2029 66 13425 2 14411
2030 24 5007 1 5926
2031 34 33 3 933
2032 31 11411 1 11549
2033 17 14230 1 15331
2034 50 11680 1 12630
2035 73 27226 1 27508
2036 16 22434 1 22639
2037 33 18985 2 19476
2038 10 9023 1 9908
2039 33 36632 1 36899
2040 60 26747 1 27524
2041 70 25016 1 25315
2042 41 5067 1 5880
2043 41 42542 1 43094
2044 19 19771 1 20258
2045 52 1641 1 1787
2046 72 33695 1 34640
2047 75 39484 1 39700
2048 32 13425 1 13734
2049 34 1614 1 2060
2050 46 27229 1 27948
2051 11 26335 2 26471
2052 44 79 1 1072
2053 12 23337 2 23989
2054 17 24463 1 24983
2055 65 10356 3 10492
2056 45 9578 1 10440
2057 74 17030 1 17527
2058 18 33773 1 34760
2059 73 5007 1 5884
2060 15 16189 1 16447
2061 17 41011 1 43173
2062 36 3498 1 4466
2063 57 7332 1 7607
2064 2 36040 1 36642
2065 51 37873 3 38087
2066 5 43178 1 43938
2067 22 16568 2 17150
2068 65 4758 1 5478
2069 23 11080 1 11447
2070 20 17030 1 17347
2071 7 10586 2 11037
2072 41 9023 1 9232
2073 4 29975 1 30801
2074 72 5787 1 6604
2075 31 11564 1 12507
2076 3 10356 1 10492
2077 46 20258 1 21208
2078 55 26778 4 27325
2079 44 9578 1 10054
2080 23 17450 1 17817
2081 39 2002 1 2513
2082 63 6606 1 7018
2083 68 27844 1 28762
2084 46 15216 2 15499
2085 66 5067 1 5787
2086 31 17908 1 18005
2087 9 26335 2 27110
2088 52 40742 1 41051
2089 8 42755 1 42954
2090 15 36632 1 36911
2091 65 10356 1 10703
2092 63 9910 1 10095
2093 71 3498 1 4489
2094 50 32113 1 32662
2095 39 33695 1 34572
2096 23 25444 2 26259
2097 59 11680 1 12370
2098 12 36040 1 37010
2099 67 1641 1 2490
2100 32 9533 1 9928
2101 33 29768 2 30760
2102 1 35052 1 35452
2103 66 31609 1 32572
2104 49 26335 2 26979
2105 46 16189 1 16768
2106 50 35439 1 35622
2107 69 36734 1 36937
2108 39 17450 2 17542
2109 30 38163 4 38288
2110 17 4975 1 5458
2111 1 12691 1 13494
2112 72 11080 2 11615
2113 46 20903 1 21903
2114 66 19771 1 20515
2115 67 36632 1 36746
2116 39 27524 2 28437
2117 39 26500 2 27112
2118 6 42755 1 43307
2119 60 13099 4 14078
2120 51 19291 1 19494
2121 69 22388 1 22916
2122 74 5067 1 5902
2123 15 16568 1 16735
2124 39 41243 3 41620
2125 57 32837 1 33057
2126 66 4811 1 5593
2127 54 19455 4 19986
2128 69 24627 1 25011
2129 27 32113 2 32613
2130 3 40742 1 41326
2131 64 30506 1 31155
2132 46 25640 1 26335
2133 13 6834 1 7002
2134 65 41497 2 41679
2135 37 23972 2 24947
2136 55 4758 3 4935
2137 60 45239 4 46243
2138 68 24168 1 24841
2139 28 11703 1 12274
2140 52 37873 2 38372
2141 31 36040 1 36383
2142 27 29768 1 30756
2143 70 1149 1 1948
2144 66 36040 1 36188
2145 55 22434 2 23224
2146 36 44646 1 44808
2147 16 24383 1 24658
2148 72 18985 1 19483
2149 67 33695 1 33874
2150 25 17030 1 17401
2151 30 32709 5 33095
2152 56 41497 1 42240
2153 49 21992 1 22088
2154 27 13425 1 13825
2155 19 40411 1 40978
2156 32 10444 2 11364
2157 30 22965 1 23667
2158 31 15536 1 16193
2159 18 829 1 1762
2160 66 22891 1 23147
2161 3 1149 1 1923
2162 48 42755 1 43195
2163 64 17450 1 17571
2164 13 30526 1 30679
2165 69 18985 1 19376
2166 31 4758 1 5125
2167 52 33695 1 34965
2168 18 13546 1 13867
2169 70 3498 1 3668
2170 31 43178 1 43609
2171 58 18985 1 19962
2172 53 42433 1 43128
2173 43 18985 1 19952
2174 74 8428 1 9422
2175 37 27288 2 27961
2176 5 7963 1 8422
2177 65 35052 1 35989
2178 46 15791 1 15970
2179 17 9023 2 9155
2180 17 19771 1 20720
2181 3 42978 1 43330
2182 69 9910 1 10771
2183 15 19455 2 19875
2184 64 28216 1 28568
2185 49 40411 2 40795
2186 17 7963 1 8238
2187 33 38787 1 39751
2188 18 38787 1 39609
2189 66 7240 1 7932
2190 30 26747 3 26908
2191 36 14530 1 15044
2192 71 33695 1 33865
2193 34 28498 1 29057
2194 16 27939 4 28816
2195 73 27524 1 27939
2196 48 1641 1 1780
2197 13 3578 2 4039
2198 33 24463 1 25289
2199 50 40742 1 41579
2200 2 31998 1 32981
2201 50 34523 1 34871
2202 39 19455 3 19599
2203 35 12691 1 13247
2204 76 24610 1 24739
2205 41 9910 2 10778
2206 52 22891 1 23284
2207 8 22049 1 23034
2208 24 30980 2 31565
2209 19 13546 1 13787
2210 64 33695 1 34172
2211 69 25127 1 25763
2212 73 27524 1 28416
2213 66 26747 1 26915
2214 55 19455 1 20201
2215 73 20258 1 20938
2216 43 27755 1 28473
2217 30 3498 4 4201
2218 26 13724 1 14628
2219 69 45239 1 45721
2220 37 3498 1 3940
2221 66 9910 1 10001
2222 65 26335 2 27198
2223 30 36632 4 36997
2224 31 829 1 1249
2225 59 26500 1 26965
2226 67 19161 1 20152
2227 25 2572 1 3329
2228 5 12395 1 12851
2229 36 37873 1 39238
2230 24 9910 1 10050
2231 66 24463 1 24999
2232 52 4758 2 5190
2233 30 16336 1 16772
2234 33 38233 1 38733
2235 64 40742 1 41167
2236 38 9023 1 9366
2237 65 19771 1 20121
2238 17 35800 2 36266
2239 41 15892 1 16386
2240 57 31079 1 31181
2241 22 31079 1 31534
2242 41 829 1 1800
2243 7 829 1 1299
2244 33 30760 1 31458
2245 57 11703 1 12081
2246 25 27524 1 28144
2247 60 41243 1 42001
2248 54 10586 1 10995
2249 33 16568 1 17354
2250 46 5628 4 6606
2251 35 16942 1 17473
2252 45 43424 1 44363
2253 25 41725 1 41841
2254 67 28648 2 29021
2255 68 39484 1 40202
2256 19 37873 3 38632
2257 18 16189 1 16347
2258 28 36632 1 37553
2259 39 24086 3 24527
2260 39 11447 1 11557
2261 30 40742 2 41258
2262 73 25127 1 25683
2263 41 41634 1 42400
2264 39 15536 1 15938
2265 73 15352 2 16096
2266 65 24463 1 24675
2267 5 21208 1 21732
2268 50 13546 1 13952
2269 11 18533 1 18757
2270 41 6834 1 7798
2271 21 27939 1 28546
2272 46 33695 1 34312
2273 45 17070 1 17455
2274 74 31079 1 31922
2275 19 44646 1 45412
2276 59 41258 1 41991
2277 21 11471 1 12232
2278 46 21992 1 22150
2279 51 5067 2 5869
2280 64 20258 1 21077
2281 28 4222 1 5122
2282 16 25662 1 26134
2283 64 11080 1 11471
2284 48 31458 1 31863
2285 19 9533 2 10445
2286 69 42857 2 43192
2287 3 18533 1 18629
2288 49 17908 1 18084
2289 9 4126 1 4374
2290 34 11411 2 11690
2291 36 19771 1 19913
2292 41 35052 1 35439
2293 11 66 1 555
2294 36 24168 1 24594
2295 39 18533 2 19432
2296 65 41243 2 41378
2297 49 24086 1 24628
2298 8 33695 1 34257
2299 9 22434 1 23098
2300 58 5039 1 5392
2301 54 35052 1 36021
2302 73 42185 3 43110
2303 18 20258 1 20971
2304 33 17354 1 17908
2305 9 11557 1 12545
2306 1 33695 1 34430
2307 29 1800 1 2365
2308 25 6606 1 7015
2309 60 40411 1 41183
2310 58 27524 1 28374
2311 46 37873 2 38425
2312 69 21726 1 22446
2313 58 16189 1 16664
2314 11 22434 1 23208
2315 63 31609 1 32143
2316 58 20258 1 20424
2317 5 27774 1 28679
2318 12 24595 1 24722
2319 53 5787 1 6210
2320 45 18985 1 19582
2321 37 31565 1 32380
2322 2 44646 3 45589
2323 67 26335 1 26979
2324 45 28498 1 29307
2325 33 27844 1 28227
2326 1 31998 1 32295
2327 48 40411 1 41337
2328 67 24463 1 25001
2329 57 33695 1 33797
2330 8 24527 1 24649
2331 68 31079 1 31950
2332 52 42978 2 44491
2333 67 45239 1 45733
2334 19 21564 1 22049
2335 73 27229 1 27375
2336 33 7285 1 7401
2337 73 1456 2 2382
2338 73 34305 1 34848
2339 11 4758 1 5250
2340 59 7240 1 7333
2341 15 42755 1 43611
2342 50 19480 1 20676
2343 31 27797 1 28643
2344 49 13303 1 13517
2345 30 22891 1 23045
2346 51 35800 1 36261
2347 19 41052 1 41534
2348 65 4126 1 4638
2349 47 9422 2 9643
2350 26 40742 2 41371
2351 52 35052 1 35192
2352 1 9023 1 9637
2353 27 6693 1 7192
2354 33 11411 1 11881
2355 45 18305 2 18764
2356 29 21564 2 21884
2357 75 7963 1 8449
2358 3 3498 1 3578
2359 55 18997 3 19550
2360 12 5628 1 5810
2361 73 1641 1 2513
2362 59 3498 1 3632
2363 32 44646 1 45537
2364 41 24595 2 25050
2365 32 5 1 468
2366 1 45239 2 45473
2367 47 17450 2 18406
2368 33 4758 1 4930
2369 47 3498 1 3733
2370 46 30980 2 31666
2371 41 37873 1 38456
2372 64 26335 1 27155
2373 2 17354 2 17823
2374 45 16189 2 16395
2375 72 16189 3 16506
2376 67 29768 1 30559
2377 33 19771 1 19947
2378 38 32837 1 33578
2379 72 40742 2 41020
2380 69 30407 2 30987
2381 75 33695 2 34282
2382 63 4978 2 5728
2383 46 31458 2 32912
2384 35 18305 4 19271
2385 65 31079 3 31335
2386 66 28216 2 29971
2387 58 35052 1 35968
2388 43 42755 1 43517
2389 20 20903 1 21421
2390 24 40411 2 41113
2391 41 5039 1 5747
2392 48 20903 1 21121
2393 16 30177 1 30482
2394 58 44646 1 45440
2395 27 27524 1 27967
2396 39 31079 1 31887
2397 52 42978 1 43408
2398 45 26335 2 26681
2399 39 4758 2 5412
2400 75 6693 1 7502
2401 45 44646 2 44968
2402 45 29768 1 30210
2403 63 20258 2 20893
2404 41 15892 1 16064
2405 19 10586 2 10712
2406 65 39484 2 39822
2407 24 25127 2 25573
2408 48 3578 1 4208
2409 12 31079 1 31413
2410 49 2572 2 3144
2411 33 38233 1 38349
2412 74 44646 1 45153
2413 44 6693 1 7414
2414 70 21992 1 22364
2415 25 1800 1 2155
2416 48 16568 1 17331
2417 51 42978 3 43396
2418 52 4222 1 5052
2419 14 26747 1 27679
2420 71 15216 1 15930
2421 35 37873 1 38054
2422 28 17450 1 18133
2423 18 32113 1 32739
2424 59 1641 2 1876
2425 31 35052 1 35899
2426 52 2572 1 3428
2427 24 32837 1 33695
2428 74 42433 1 43416
2429 46 1614 2 2242
2430 74 24610 1 25369
2431 20 27939 1 28379
2432 60 24610 1 24791
2433 5 7240 1 7654
2434 63 23838 2 23972
2435 39 12691 1 13011
2436 48 10586 1 10695
2437 26 22388 3 23108
2438 53 21564 2 22462
2439 27 7637 3 7962
2440 3 4758 1 4957
2441 66 17450 1 18357
2442 16 32837 3 33477
2443 46 14066 1 14348
2444 24 42433 1 43335
2445 72 25127 1 25980
2446 65 30382 1 31079
2447 63 15216 1 15912
2448 48 10763 3 11135
2449 69 42433 1 42857
2450 27 21208 1 21606
2451 41 9232 1 9629
2452 33 31458 1 31914
2453 44 36632 1 36765
2454 49 4758 1 5111
2455 27 9023 2 9391
2456 9 23712 2 24221
2457 46 5039 1 5471
2458 36 31079 1 31888
2459 39 42755 1 43639
2460 17 27226 2 28065
2461 32 38787 1 39370
2462 17 31079 2 31516
2463 21 20258 1 20967
2464 73 9422 1 9659
2465 3 40411 1 40564
2466 17 25016 1 26266
2467 66 11564 1 12479
2468 26 1800 1 2318
2469 52 9023 1 9716
2470 23 3498 1 4309
2471 20 21564 1 22009
2472 39 41725 2 41911
2473 36 13099 1 14057
2474 75 22388 2 22960
2475 60 10763 1 11224
2476 75 3498 1 4010
2477 48 23975 1 24097
2478 26 9422 2 10422
2479 28 26335 1 26823
2480 25 24463 1 24935
2481 74 11703 1 12616
2482 52 38787 1 39624
2483 65 43178 1 44023
2484 24 36632 1 37074
2485 22 21208 5 22119
2486 4 36632 1 37382
2487 2 7240 1 7554
2488 29 27229 2 28094
2489 4 27774 1 28226
2490 16 7240 3 7416
2491 70 13099 1 13362
2492 34 40411 1 41329
2493 65 34172 1 34906
2494 40 6606 2 7396
2495 57 8428 1 8642
2496 9 27755 3 28263
2497 63 33695 1 34522
2498 60 23075 1 23422
2499 30 43178 3 43758
2500 47 5787 1 6457
2501 10 41497 1 41884
2502 24 829 1 1149
2503 60 19480 3 20304
2504 4 17450 2 17673
2505 52 31079 1 31482
2506 29 829 1 1262
2507 30 4126 1 5039
2508 36 9533 1 10511
2509 27 44646 1 46071
2510 26 7240 1 7921
2511 76 5125 1 5599
2512 17 24086 1 24454
2513 15 42185 1 42555
2514 11 21992 1 22212
2515 65 23838 3 24306
2516 43 16568 1 16945
2517 65 9910 1 10189
2518 23 37873 2 38672
2519 24 12251 1 12462
2520 9 37873 2 38862
2521 54 21208 1 22024
2522 31 1952 1 2440
2523 1 27229 4 27774
2524 50 23459 1 23591
2525 19 7240 1 7332
2526 12 17070 4 18045
2527 73 3725 1 4525
2528 24 25640 1 26080
2529 43 43788 1 44123
2530 65 32113 1 32534
2531 63 10 1 923
2532 15 39484 1 40192
2533 56 7240 2 7663
2534 60 16568 2 17286
2535 59 22891 1 23813
2536 46 35052 1 35564
2537 52 38163 1 39141
2538 60 27769 2 28088
2539 70 26335 1 26907
2540 57 41243 1 41369
2541 22 3498 1 4446
2542 23 32709 1 33323
2543 59 42755 1 43271
2544 30 24463 1 25444
2545 56 29975 4 30591
2546 56 24610 1 25212
2547 73 37873 3 38379
2548 3 18985 1 19871
2549 66 43178 1 44427
2550 23 36632 1 37520
2551 34 14530 2 15370
2552 65 16942 1 17250
2553 14 41258 1 41656
2554 19 17922 2 18018
2555 29 29768 1 30281
2556 69 20903 1 21320
2557 24 28216 1 28341
2558 41 12395 1 12832
2559 27 14230 1 14628
2560 17 20258 2 21117
2561 13 8428 1 8860
2562 60 5787 4 6623
2563 60 11571 1 12509
2564 68 18985 1 19683
2565 34 12691 1 13252
2566 72 9023 1 9154
2567 52 39484 1 39687
2568 50 32709 1 33414
2569 64 42487 1 43890
2570 60 4758 4 5473
2571 16 25640 3 26469
2572 46 29971 4 30873
2573 18 40411 1 41287
2574 29 10586 1 11573
2575 69 6606 2 6910
2576 44 35439 1 36421
2577 35 1614 1 2405
2578 64 9910 1 10785
2579 13 9533 1 10006
2580 44 15892 1 16574
2581 22 18985 1 19216
2582 57 32113 1 32817
2583 1 22388 1 22755
2584 20 10763 1 11684
2585 65 14530 1 15197
2586 68 34523 1 34604
2587 2 35052 1 35928
2588 28 13099 1 13396
2589 52 7240 1 7637
2590 65 2572 1 3433
2591 30 26778 1 27126
2592 9 43788 1 43947
2593 31 24086 1 24561
2594 11 12251 1 13186
2595 11 17450 1 17938
2596 32 15443 2 15646
2597 19 31079 1 31724
2598 15 44646 2 44930
2599 25 11411 1 12361
2600 58 39484 1 40011
2601 4 16189 1 16572
2602 18 18305 1 18483
2603 16 30506 1 31229
2604 24 6693 1 7080
2605 28 9533 1 10327
2606 60 829 1 2002
2607 52 24168 1 24386
2608 72 13 2 955
2609 38 5787 1 6751
2610 31 19291 1 19380
2611 16 22049 1 22133
2612 1 18985 3 19779
2613 68 36040 1 36127
2614 51 24625 3 25325
2615 6 4978 1 5118
2616 45 11703 2 12651
2617 1 18305 1 18798
2618 41 13303 1 13479
2619 24 18985 3 19498
2620 56 27948 3 28546
2621 52 1800 1 2024
2622 69 35800 1 36734
2623 19 26335 1 27081
2624 66 36632 1 36737
2625 39 21992 1 22914
2626 19 11080 1 12022
2627 17 33695 1 34810
2628 19 32409 3 33049
2629 30 26913 1 27053
2630 39 37873 1 37974
2631 74 36632 1 37391
2632 33 20258 1 21027
2633 28 18985 1 19456
2634 50 27524 1 28431
2635 6 7240 1 7803
2636 75 42755 1 43711
2637 31 10763 1 11302
2638 39 15443 2 16268
2639 19 35439 1 35970
2640 60 9023 1 9707
2641 74 24168 1 24505
2642 57 42487 1 42930
2643 30 23344 1 24285
2644 12 29975 1 30730
2645 12 11680 4 12646
2646 2 16328 1 17316
2647 57 7637 1 7774
2648 28 16328 1 16899
2649 46 19161 2 19638
2650 66 14230 1 15216
2651 31 5125 1 5502
2652 40 20258 2 21084
2653 73 44646 4 45576
2654 3 31998 1 32956
2655 1 36040 1 36539
2656 72 14066 3 14289
2657 74 18985 1 19139
2658 67 35 1 928
2659 24 41052 1 41325
2660 52 23975 2 24299
2661 69 4126 2 5135
2662 23 1641 2 2106
2663 52 26500 1 27108
2664 54 3498 1 4386
2665 17 27288 1 27700
2666 59 11680 1 11883
2667 70 37873 2 38439
2668 66 15216 1 15352
2669 36 70 1 869
2670 63 22891 2 23483
2671 24 38425 1 38787
2672 15 22965 1 23435
2673 28 41497 1 42489
2674 4 9910 2 10398
2675 72 18305 1 18542
2676 76 37873 1 37991
2677 65 28216 1 28648
2678 2 13303 3 14027
2679 50 14530 1 14672
2680 11 24753 2 25519
2681 47 35052 1 35792
2682 34 16189 1 16598
2683 50 5039 1 5672
2684 71 8428 1 8925
2685 33 45239 1 46306
2686 52 10356 1 10510
2687 24 25640 1 26500
2688 36 42185 1 43134
2689 30 41497 1 41901
2690 31 31079 1 31283
2691 46 10356 1 10486
2692 41 29768 1 29957
2693 9 11564 1 12484
2694 58 25444 1 26309
2695 1 32709 1 33370
2696 30 27524 1 28234
2697 57 35800 1 36329
2698 55 17070 3 17856
2699 54 30980 2 31871
2700 29 23838 1 24705
2701 52 17030 1 17566
2702 16 7240 1 7595
2703 67 37873 1 38279
2704 46 24902 1 25545
2705 5 41258 1 41504
2706 15 829 1 1692
2707 73 9578 2 9738
2708 24 34289 1 34577
2709 41 2572 1 2967
2710 41 42433 1 42542
2711 3 35800 1 35967
2712 24 23344 1 23712
2713 19 6606 1 7062
2714 31 21208 1 21995
2715 52 7637 1 8634
2716 46 42990 1 43730
2717 41 36996 1 37518
2718 2 31079 1 31651
2719 5 36632 1 37074
2720 60 3794 2 4758
2721 31 32709 1 32837
2722 47 36040 1 37024
2723 10 12691 1 13497
2724 63 42433 2 42849
2725 3 15216 1 15456
2726 48 15352 1 15585
2727 13 32113 1 32962
2728 55 19771 1 19993
2729 30 7783 1 7927
2730 69 30177 2 30407
2731 23 11447 2 11894
2732 17 14 1 479
2733 61 35052 1 35252
2734 39 9422 1 10096
2735 19 39484 1 39975
2736 74 27939 1 28890
2737 19 27226 1 27613
2738 63 31609 1 32156
2739 69 40411 1 40742
2740 22 45721 1 46038
2741 39 44646 3 45156
2742 30 19455 1 20127
2743 50 11080 1 11395
2744 31 22339 1 23179
2745 66 27229 1 27524
2746 48 829 1 1398
2747 8 36632 1 37151
2748 69 8428 2 9422
2749 66 13099 1 14004
2750 63 22049 1 22828
2751 28 38787 1 39608
2752 29 33695 1 34490
2753 50 9023 1 9328
2754 48 4380 2 4942
2755 60 35052 1 35173
2756 33 35052 1 35364
2757 52 42185 1 42978
2758 9 3498 1 4126
2759 11 29768 1 30393
2760 66 16568 1 17450
2761 1 24463 2 24809
2762 41 42487 1 42913
2763 46 35800 1 36374
2764 33 16189 1 16568
2765 12 27226 1 27952
2766 22 42755 1 43480
2767 69 26913 1 27769
2768 27 33905 1 34335
2769 38 44646 1 45485
2770 3 24463 1 25326
2771 32 40742 2 41580
2772 75 15352 2 15698
2773 20 9533 1 9869
2774 38 39484 1 40396
2775 34 16942 2 17294
2776 26 33695 1 34413
2777 45 31609 1 31791
2778 5 26335 1 26904
2779 70 34523 1 34768
2780 3 2002 1 2857
2781 18 19149 1 19375
2782 11 36632 1 36771
2783 8 829 1 1821
2784 49 20258 2 20973
2785 24 30760 1 31162
2786 46 24902 1 25773
2787 32 42185 2 42496
2788 19 1149 3 1499
2789 30 6834 2 7810
2790 11 20258 1 20747
2791 54 14230 2 14853
2792 2 1614 1 2136
2793 57 3725 1 3918
2794 1 4978 1 5502
2795 33 11559 1 11933
2796 34 5787 2 6319
2797 50 42755 1 43470
2798 41 40742 1 41634
2799 24 11742 1 13192
2800 43 29768 1 30012
2801 61 1149 1 1875
2802 52 38425 1 38598
2803 57 23337 1 23650
2804 67 7240 1 7376
2805 41 45721 1 46114
2806 27 16189 3 17139
2807 48 22388 3 23188
2808 33 13303 1 13440
2809 36 25444 1 25662
2810 5 22434 1 22663
2811 48 8428 1 9083
2812 15 11411 2 11842
2813 64 37873 1 38455
2814 52 43788 1 43994
2815 6 31079 1 31173
2816 71 27288 1 28082
2817 33 40742 1 41265
2818 58 36632 1 37144
2819 16 11571 1 12011
2820 34 11080 1 11218
2821 3 16189 1 16614
2822 24 14066 1 14522
2823 11 5787 1 6554
2824 58 1661 1 2335
2825 24 43788 1 43949
2826 30 26341 1 26778
2827 4 35052 2 35647
2828 4 18985 1 19267
2829 21 15216 1 15417
2830 41 29768 1 30267
2831 65 21726 1 22577
2832 65 32709 2 32840
2833 9 22965 1 23844
2834 65 11447 3 11810
2835 29 16189 1 17034
2836 58 21992 1 22187
2837 14 22965 1 23111
2838 38 26500 1 27037
2839 41 25640 1 26341
2840 2 21208 1 21358
2841 21 829 1 1389
2842 28 42755 1 43075
2843 72 17286 1 18038
2844 17 31999 1 32511
2845 2 21992 2 22175
2846 22 39484 1 39579
2847 3 13546 1 14143
2848 18 7637 1 7973
2849 52 11411 3 11809
2850 9 21726 1 22578
2851 24 4126 1 4468
2852 33 5628 1 6210
2853 65 3498 1 3761
2854 24 1149 1 1661
2855 41 3498 1 3855
2856 45 23337 1 23697
2857 52 0 2 165
2858 17 3498 1 4494
2859 7 18997 1 19259
2860 48 29768 1 30507
2861 5 31458 1 31879
2862 29 8428 2 8981
2863 49 36040 1 36797
2864 12 31458 3 32073
2865 6 2002 1 2350
2866 58 8 1 537
2867 4 11447 2 11880
2868 1 6606 2 7133
2869 47 8428 1 9166
2870 30 27755 1 28383
2871 46 36996 3 37151
2872 39 10586 1 11065
2873 43 21992 1 22271
2874 60 43424 3 44025
2875 70 13425 2 14334
2876 5 33695 1 34685
2877 33 7332 1 7783
2878 55 32409 3 32543
2879 24 24383 3 25127
2880 70 31609 1 31718
2881 16 16597 1 16786
2882 37 42185 2 42287
2883 56 4222 5 5138
2884 9 43788 2 44304
2885 59 33695 2 33961
2886 31 19455 1 19584
2887 16 1800 1 2602
2888 15 27769 1 27990
2889 29 9533 1 10370
2890 22 7240 4 7651
2891 35 40411 1 40642
2892 5 15931 1 16526
2893 70 12395 1 12634
2894 27 35052 1 35708
2895 66 42908 1 45692
2896 32 14230 2 14749
2897 72 26335 1 27293
2898 9 10586 1 11327
2899 3 11447 1 11760
2900 70 19771 1 20497
2901 21 18985 1 19803
2902 69 2572 1 3725
2903 57 43178 1 43433
2904 29 7240 1 7759
2905 41 30382 1 31051
2906 30 14530 2 15161
2907 24 40411 1 41142
2908 40 36632 1 37420
2909 9 2572 1 3498
2910 54 18305 1 19111
2911 2 8428 1 9066
2912 30 1641 1 1862
2913 64 38787 1 39440
2914 73 20903 1 21643
2915 3 7332 1 8209
2916 6 21992 1 22549
2917 22 40742 5 41725
2918 1 13724 1 14188
2919 24 12462 1 13772
2920 52 31609 1 32113
2921 14 31079 1 31212
2922 16 24481 1 24930
2923 52 29975 2 30153
2924 64 9023 1 9355
2925 16 41497 2 42420
2926 69 53 2 829
2927 60 21564 2 21774
2928 24 18305 1 18985
2929 25 38787 1 39690
2930 5 39484 1 39783
2931 20 27229 1 27872
2932 41 25444 1 26116
2933 58 2572 1 3432
2934 46 10763 1 11187
2935 47 27288 1 27403
2936 68 26335 1 26830
2937 48 37873 1 38842
2938 19 4758 1 4960
2939 67 40742 1 40881
2940 36 27524 1 27941
2941 4 7783 2 8178
2942 46 41243 1 42217
2943 32 31999 2 32464
2944 60 40742 1 41405
2945 52 36040 2 36906
2946 33 41052 1 41347
2947 11 31458 1 31869
2948 65 9910 1 10267
2949 24 6606 1 6956
2950 32 29768 2 29953
2951 14 35052 1 35939
2952 39 5628 2 6202
2953 30 39484 1 40163
2954 66 20258 1 21643
2955 39 27524 1 28206
2956 29 5787 1 6047
2957 43 9023 2 10006
2958 3 20258 1 20791
2959 60 25640 1 26235
2960 57 24463 1 24977
2961 68 12691 1 12822
2962 5 25444 1 25774
2963 6 3725 1 4329
2964 64 41258 1 42210
2965 38 37873 1 38620
2966 71 37873 1 38199
2967 19 24086 1 24480
2968 33 10356 1 10922
2969 35 27755 3 28230
2970 25 34289 1 34741
2971 65 27524 1 27689
2972 34 7783 1 8746
2973 46 39484 1 40263
2974 30 40742 1 41099
2975 3 22339 1 22853
2976 69 35052 1 35800
2977 63 24527 2 25524
2978 34 19771 1 20134
2979 39 3498 3 4090
2980 26 70 2 561
2981 69 16189 1 16597
2982 69 27769 2 28498
2983 10 44646 2 45232
2984 25 32709 1 33477
2985 19 9910 1 10440
2986 27 23975 1 24928
2987 41 14530 1 14799
2988 35 36040 3 36463
2989 33 13536 1 13942
2990 16 18997 4 19455
2991 13 22965 2 23748
2992 54 17030 1 17472
2993 46 10586 1 11411
2994 52 40411 1 40696
2995 68 5787 1 6316
2996 9 19771 1 20421
2997 66 4978 1 5292
2998 10 4126 1 4994
2999 74 61 1 882
3000 72 2572 1 3470
3001 66 1456 1 2674
3002 28 10356 1 11099
3003 2 10444 5 11398
3004 20 35052 1 35179
3005 34 35800 2 35900
3006 33 37873 1 37975
3007 69 43788 1 44176
3008 23 19291 1 20092
3009 17 13724 1 14066
3010 26 36734 2 37038
3011 66 30526 1 31435
3012 33 39484 1 40244
3013 66 17030 1 17368
3014 46 29768 1 29916
3015 52 44646 1 45204
3016 36 33695 1 34556
3017 4 12251 1 13221
3018 74 41011 1 41225
3019 24 36996 1 37595
3020 46 11680 1 12517
3021 46 18985 1 19822
3022 64 22388 1 22843
3023 54 43788 1 44765
3024 46 21208 3 21365
3025 30 23045 1 23984
3026 7 42185 1 42633
3027 38 19771 1 20551
3028 60 18305 1 19480
3029 34 20903 1 21618
3030 24 7240 1 8065
3031 35 4222 4 4465
3032 24 42755 1 43499
3033 60 6606 1 6716
3034 26 829 1 1006
3035 30 23972 1 24446
3036 17 7963 2 8218
3037 21 18305 1 18541
3038 23 42755 2 43723
3039 15 7240 1 7387
3040 73 24463 3 25336
3041 36 2572 1 3105
3042 27 17450 3 18274
3043 36 41725 1 41824
3044 54 33695 1 33793
3045 43 26335 1 26803
3046 32 32837 1 33790
3047 27 11471 1 11921
3048 28 29768 1 30681
3049 47 25444 2 26077
3050 60 10356 1 10763
3051 49 10356 1 11040
3052 30 18533 1 18932
3053 9 41052 1 41629
3054 33 38425 1 38540
3055 23 16189 1 16797
3056 52 18533 3 18997
3057 19 29768 2 30478
3058 45 12691 1 13562
3059 65 3794 1 3908
3060 52 14530 1 14961
3061 64 31742 1 32476
3062 24 23570 1 24383
3063 51 24086 1 24567
3064 11 18985 2 19255
3065 16 22339 1 22810
3066 65 42433 2 43165
3067 17 32709 1 33086
3068 64 27226 2 27628
3069 22 27524 5 27718
3070 5 37873 1 38194
3071 41 34172 1 34748
3072 22 9023 1 9465
3073 33 11080 1 11559
3074 3 14530 1 14671
3075 24 42185 1 42743
3076 71 44646 1 44785
3077 56 30167 1 30710
3078 53 13099 1 14053
3079 1 829 1 1058
3080 24 7963 2 8428
3081 24 5787 1 6677
3082 4 33695 1 34404
3083 19 8428 1 8900
3084 73 21992 2 22790
3085 30 11615 1 12503
3086 63 35052 1 35668
3087 66 41725 2 42224
3088 58 42433 1 43361
3089 11 27226 1 27490
3090 52 22434 2 22759
3091 73 7240 4 7432
3092 31 32837 1 33556
3093 30 42433 2 42755
3094 69 11080 1 11743
3095 36 19161 1 19741
3096 58 24481 1 24999
3097 31 26500 1 27185
3098 48 7963 1 8130
3099 41 32709 1 32878
3100 25 18533 1 19227
3101 15 1862 1 2689
3102 58 5787 1 6137
3103 29 19771 1 20145
3104 15 10356 1 10917
3105 33 7783 1 10131
3106 15 26913 1 27582
3107 30 41725 1 41856
3108 27 7332 1 7597
3109 70 8428 1 8582
3110 11 43788 1 44149
3111 20 25640 1 26419
3112 54 12395 1 12828
3113 52 13724 1 14276
3114 52 15892 2 16544
3115 20 1641 1 2477
3116 29 25016 1 25398
3117 12 42487 1 43010
3118 31 9113 1 9533
3119 66 44646 1 44949
3120 9 21208 1 22161
3121 13 35364 2 36082
3122 69 45721 2 46277
3123 19 36040 1 36511
3124 31 9023 1 9113
3125 28 11471 1 11669
3126 24 14230 2 14530
3127 41 45239 1 45893
3128 66 12691 2 13119
3129 35 41052 1 41503
3130 37 18305 2 19256
3131 60 39052 1 39146
3132 24 34667 1 35617
3133 66 15352 1 16856
3134 38 36632 1 37194
3135 24 37873 1 38472
3136 54 41497 4 41828
3137 60 33695 1 34473
3138 31 38787 1 39213
3139 60 29768 2 30167
3140 73 21208 1 22198
3141 16 13099 1 13243
3142 21 13303 1 14214
3143 41 43788 1 44475
3144 44 19771 1 19871
3145 39 9910 1 10397
3146 24 20903 1 21564
3147 24 22968 1 23149
3148 31 25640 1 26383
3149 41 82 1 793
3150 16 42614 3 43200
3151 58 37873 1 38695
3152 45 7332 1 7969
3153 60 36632 1 37327
3154 1 21564 1 22154
3155 33 9023 1 9259
3156 19 4960 3 5357
3157 72 35052 1 35975
3158 59 7637 1 7984
3159 33 10356 1 11080
3160 33 16189 1 16524
3161 17 1661 1 2417
3162 28 3498 1 4063
3163 6 5628 1 6514
3164 18 36040 1 36174
3165 66 6693 1 7185
3166 52 12395 3 13114
3167 74 15443 1 16297
3168 26 31999 1 32625
3169 48 24168 1 24618
3170 30 9533 1 9981
3171 69 20258 1 20801
3172 48 13724 1 14233
3173 73 19455 1 19748
3174 69 12691 2 13425
3175 69 13425 1 14096
3176 46 27948 1 28768
3177 17 30526 1 31057
3178 17 21564 1 21971
3179 9 4978 1 5132
3180 39 6606 1 7179
3181 49 29768 2 30020
3182 33 9533 1 10338
3183 30 69 1 340
3184 35 26335 3 26862
3185 24 23712 1 24183
3186 2 13099 1 13977
3187 41 18305 1 19192
3188 61 9023 5 9428
3189 41 16568 1 17007
3190 28 35052 1 35601
3191 21 38787 1 39125
3192 23 31565 1 31964
3193 58 40742 1 41116
3194 43 36040 2 36130
3195 52 7240 1 7586
3196 70 31079 2 31432
3197 15 33695 1 34294
3198 32 1149 1 1655
3199 65 33695 1 33857
3200 71 24 1 353
 调度评估结果
1. 任务等待评估 (Σ 等待×权重): 628501349
2. 任务完成评估 (最大完成时间): 46480
3. GPU显存空闲评估 (平均空闲): 5046.48 GB/时间片
 额外统计
已调度任务               : 3200/3200
平均等待时间            : 19356.02
各服务器任务分布      : 服务器1=47, 服务器2=51, 服务器3=44, 服务器4=29, 服务器5=43, 服务器6=31, 服务器7=18, 服务器8=20, 服务器9=43, 服务器10=7, 服务器11=52, 服务器12=31, 服务器13=30, 服务器14=6, 服务器15=36, 服务器16=58, 服务器17=83, 服务器18=51, 服务器19=64, 服务器20=31, 服务器21=23, 服务器22=23, 服务器23=44, 服务器24=110, 服务器25=32, 服务器26=32, 服务器27=43, 服务器28=33, 服务器29=46, 服务器30=89, 服务器31=69, 服务器32=31, 服务器33=96, 服务器34=42, 服务器35=39, 服务器36=42, 服务器37=20, 服务器38=17, 服务器39=55, 服务器40=16, 服务器41=93, 服务器42=1, 服务器43=31, 服务器44=22, 服务器45=43, 服务器46=93, 服务器47=36, 服务器48=54, 服务器49=29, 服务器50=34, 服务器51=32, 服务器52=78, 服务器53=14, 服务器54=38, 服务器55=16, 服务器56=18, 服务器57=31, 服务器58=46, 服务器59=23, 服务器60=98, 服务器61=26, 服务器62=2, 服务器63=47, 服务器64=50, 服务器65=78, 服务器66=91, 服务器67=39, 服务器68=22, 服务器69=72, 服务器70=44, 服务器71=41, 服务器72=49, 服务器73=65, 服务器74=41, 服务器75=19, 服务器76=7
