1 14 16719 1 17128
2 20 19644 3 20043
3 2 5185 1 5691
4 26 16582 1 17129
5 8 11909 4 12505
6 5 21322 4 21541
7 29 13131 1 13587
8 26 14227 2 14323
9 12 21953 1 22005
10 8 743 1 871
11 8 4813 5 5185
12 12 1498 3 1993
13 14 11909 2 12472
14 20 19644 4 20239
15 13 1739 4 2199
16 6 20124 1 20351
17 17 11385 1 11424
18 5 9712 5 10020
19 5 20090 6 20621
20 30 14227 4 14325
21 20 3997 1 4492
22 13 14840 2 15290
23 10 8416 5 8744
24 10 17134 2 17245
25 19 14227 1 14763
26 8 4443 2 4770
27 19 16582 2 16651
28 19 22493 5 22884
29 9 3510 1 4094
30 6 2558 1 3272
31 19 21569 1 21975
32 27 14589 1 15089
33 4 21322 1 21559
34 26 9410 2 9822
35 20 3589 1 3721
36 13 1885 1 2470
37 12 16625 1 16745
38 8 16582 1 17594
39 23 19199 1 19250
40 9 7172 2 7592
41 9 9452 2 9784
42 12 14589 2 14744
43 13 3997 2 4558
44 4 15237 4 15772
45 12 11385 1 11849
46 6 6642 2 7410
47 19 721 1 1111
48 17 14227 5 14468
49 7 21953 1 22023
50 2 4813 3 5127
51 4 20512 4 20603
52 20 21927 3 22085
53 8 6033 3 6642
54 14 13131 1 13233
55 2 16582 3 17212
56 9 1672 2 1692
57 26 3774 1 4099
58 23 11385 1 11624
59 12 14589 3 14708
60 8 13933 3 14589
61 10 23157 4 23393
62 2 3589 2 3628
63 8 14840 2 15402
64 20 519 2 881
65 5 16719 1 17225
66 18 16719 3 17130
67 4 6642 1 7256
68 15 2125 4 2744
69 10 21953 2 22358
70 8 11385 1 11909
71 12 9452 1 9762
72 7 3774 3 4066
73 8 23157 1 23504
74 5 1594 5 2011
75 5 21953 1 22147
76 19 4813 1 5080
77 4 13181 1 13804
78 30 9712 3 10225
79 2 18085 1 18267
80 9 8189 1 8451
81 8 8189 2 8416
82 2 7994 2 8327
83 27 6033 1 6576
84 30 9410 2 9455
85 9 20351 1 20409
86 6 4813 4 4919
87 7 19644 1 19832
88 6 438 2 548
89 8 1619 1 1779
90 8 15572 1 16582
91 18 3510 2 4115
92 8 2558 1 2717
93 2 1144 1 1716
94 10 20351 4 20946
95 14 18085 2 18344
96 8 21322 1 21927
97 19 13131 3 13207
98 26 6197 1 6439
99 8 2125 1 2558
100 6 5400 1 6765
101 2 7172 2 7439
102 30 1498 1 1678
103 4 6033 4 6416
104 8 8189 1 10652
105 14 3510 1 3521
106 19 3774 1 4234
107 27 11909 3 12550
108 26 13181 1 13623
109 10 7172 1 7507
110 29 15237 3 15304
111 27 15237 2 15680
112 10 16625 1 16734
113 6 11594 1 12240
114 6 376 1 851
115 2 21342 2 21510
116 17 4363 1 4473
117 8 19723 1 19948
118 12 14776 1 15038
119 4 8416 1 8680
120 17 23504 1 23955
121 29 1498 3 2109
122 5 8416 1 8751
123 4 18085 1 18193
124 10 14940 1 15003
125 6 16625 1 16719
126 28 7994 4 8428
127 20 17134 3 17478
128 9 7994 1 8060
129 13 3774 1 4205
130 8 22493 1 22618
131 8 2717 1 3703
132 30 11909 2 12482
133 6 17000 1 17134
134 19 11909 3 12522
135 28 16719 1 16833
136 26 11909 1 12026
137 8 7172 1 7994
138 8 8825 1 10157
139 6 4019 1 4363
140 4 16719 4 16877
141 8 6033 2 6197
142 20 1144 2 1514
143 19 5185 3 5359
144 29 23157 1 23781
145 10 13131 6 13338
146 28 6642 2 6906
147 8 3510 1 3997
148 12 13131 2 13471
149 29 6033 5 6103
150 17 5400 1 5736
151 27 21927 1 22219
152 2 46 4 398
153 17 3774 6 3841
154 19 1877 2 2060
155 27 17594 1 17767
156 9 17594 1 17731
157 28 4865 1 5288
158 6 13131 2 13371
159 8 1203 1 1594
160 14 21322 2 21630
161 2 14227 2 14269
162 27 1498 2 1927
163 19 1498 1 2060
164 5 3510 1 3728
165 8 3703 1 3774
166 30 14776 2 15016
167 30 4865 3 5310
168 25 21927 1 22015
169 6 23057 1 23539
170 8 23157 1 23363
171 4 11909 2 11954
172 13 4770 1 5283
173 7 18085 1 18666
174 27 7172 2 7545
175 27 13131 1 13581
176 1 1922 2 2524
177 9 21342 1 21946
178 29 7172 1 7436
179 30 9172 1 9445
180 8 12889 1 13131
181 14 8189 2 8727
182 8 4770 1 5142
183 3 1882 2 1982
184 20 11909 4 12377
185 20 6033 1 6467
186 8 20090 1 20512
187 30 16719 1 16918
188 19 13131 2 13627
189 19 9452 1 9569
190 9 11909 2 12436
191 4 58 1 137
192 14 6642 1 6798
193 7 5588 1 5871
194 19 18085 2 18682
195 13 4770 1 5254
196 27 14227 3 14829
197 13 4363 3 4982
198 20 9410 1 9692
199 10 16719 2 17362
200 28 16625 1 17071
201 27 15237 2 15593
202 6 14227 3 14727
203 8 23504 2 23912
204 6 7994 1 8268
205 29 21927 1 22516
206 20 16582 2 16834
207 30 8416 4 8652
208 4 16582 4 16594
209 29 8416 5 8845
210 10 16625 1 17213
211 30 15402 2 15701
212 4 21875 1 21963
213 1 1812 1 2056
214 9 21953 2 22324
215 11 2125 1 2179
216 26 7994 2 8425
217 7 16719 1 16765
218 29 4865 2 4879
219 20 13933 1 14538
220 9 18085 2 18332
221 8 22618 1 23085
222 9 12505 2 12862
223 6 8268 1 9172
224 2 2717 3 2977
225 6 19644 7 20124
226 12 1619 2 1733
227 8 14940 1 15376
228 6 18267 1 19644
229 8 20090 1 21322
230 12 3510 1 3939
231 29 19199 1 19611
232 6 13933 1 14227
233 17 2125 4 2530
234 6 1203 1 1299
235 26 1619 2 2029
236 12 14227 1 14561
237 4 2198 2 2254
238 12 641 2 932
239 15 8268 6 8467
240 9 3510 1 3900
241 30 16582 1 17104
242 27 16582 1 17064
243 6 11385 2 11594
244 8 20512 2 21013
245 20 14589 5 15007
246 8 18694 1 19199
247 8 3997 1 4443
248 7 7994 2 8137
249 18 19199 1 19425
250 15 1498 5 1796
251 14 18694 1 19194
252 8 14589 1 14840
253 9 12889 3 13000
254 9 23157 1 23378
255 14 535 2 841
256 29 1646 1 1676
257 28 5400 1 5911
258 26 21322 1 21441
259 4 285 4 356
260 9 8416 1 8606
261 6 1498 1 2268
262 8 14589 1 14940
263 8 457 4 535
264 27 9410 2 9937
265 2 23504 2 24075
266 10 3774 3 3835
267 8 9410 1 9712
268 8 9712 1 11385
269 27 86 5 718
270 30 3997 2 4257
271 8 17594 5 18136
272 8 23085 3 23157
273 30 13131 2 13353
274 8 9452 1 9624
275 22 14840 2 15403
276 6 6033 2 6482
277 20 1621 3 2083
278 29 3774 4 3808
279 8 5588 1 6033
280 9 6033 1 6672
281 23 7994 3 8284
282 9 1144 3 1160
283 27 4865 5 5188
284 8 7172 2 7532
285 28 5185 2 5253
286 15 17134 6 17411
287 29 20124 2 20439
288 5 8189 1 8599
289 7 1594 3 1846
290 8 19723 2 19775
291 6 12889 1 13091
292 17 5400 5 5795
293 18 1688 2 2038
294 6 19644 4 20047
295 6 14776 1 15237
296 2 12505 1 12725
297 8 18085 1 18694
298 14 7994 1 8092
299 8 15402 2 15572
300 2 13131 3 13419
301 6 18085 1 18267
302 8 11909 1 12427
303 26 4865 2 4889
304 8 1144 2 1203
305 18 3997 1 4261
306 8 6197 1 6546
307 29 7994 1 8386
308 2 9172 4 9542
309 20 8189 5 8775
310 29 9712 2 9982
311 27 12889 1 13002
312 6 687 3 1026
313 2 1868 1 1948
314 12 8416 1 8501
315 26 18694 1 19367
316 20 113 2 482
317 6 4813 1 4865
318 6 3589 1 4019
319 30 20351 1 20918
320 17 16719 5 17087
321 9 3997 1 4014
322 12 4363 5 4931
323 2 4813 1 5254
324 6 869 2 1252
325 8 9172 4 9410
326 29 235 2 673
327 6 16719 1 17000
328 26 20351 1 20405
329 29 11909 1 12025
330 7 841 3 873
331 7 11385 3 11785
332 7 21342 1 21484
333 10 1594 2 2202
334 26 21342 1 21822
335 8 5400 2 5588
336 8 19948 3 20090
337 27 18267 1 18406
338 2 8416 3 8585
339 23 11385 1 11819
340 8 12889 1 13448
341 10 6033 3 6155
342 19 11909 1 11969
343 8 1594 2 2125
344 8 8416 2 8825
345 14 16582 1 16711
346 2 20351 1 20962
347 7 8189 1 8532
348 27 23504 2 23536
349 29 3997 3 4166
350 29 2125 1 2586
351 19 5400 3 5672
352 26 7172 1 7325
353 20 4813 1 5179
354 5 20090 1 20397
355 26 11385 2 11448
356 6 21569 1 21927
357 8 6197 3 6921
358 14 23157 2 23777
359 8 3774 2 3808
360 5 3774 1 3959
361 29 767 3 1374
362 14 22493 1 22750
363 5 14840 2 15404
364 29 16625 1 17102
365 8 6921 1 7172
366 9 4770 3 5111
367 13 15237 2 15438
368 28 16582 3 16602
369 2 3774 2 4160
370 28 5400 2 5454
371 27 20090 3 20634
372 19 7994 6 8491
373 12 16625 1 16729
374 15 1600 2 2156
375 5 23504 4 23556
376 13 1744 1 2164
377 2 15237 1 15286
378 8 21927 2 22493
379 8 21322 1 21875
380 26 23057 2 23706
381 5 21569 2 21628
382 8 7994 1 8189
383 8 23504 3 24366
384 19 9410 1 9785
385 6 20828 1 21342
386 6 21875 1 23350
387 6 3510 1 3589
388 26 21927 2 22311
389 8 19199 1 19723
390 19 3510 5 3880
391 29 7994 3 8327
392 5 14840 1 14925
393 7 21875 2 22157
394 8 1841 3 2404
395 5 21322 2 21760
396 9 1733 1 2162
397 5 3997 2 4374
398 5 1594 2 1668
399 29 23157 1 23260
400 8 12505 1 12889
401 6 9452 1 10512
402 8 818 2 1144
403 8 22618 4 23015
404 6 22493 2 23057
405 19 21342 3 21906
406 6 12505 2 13281
407 10 21927 2 22088
408 6 13131 1 13242
409 4 711 1 1282
410 6 3272 2 3510
411 28 7172 1 7456
412 5 15237 5 15841
413 15 3774 3 4299
414 2 6033 1 6400
415 6 15406 1 16625
416 17 8189 1 8293
417 2 460 1 602
418 6 14227 4 14776
419 10 590 5 706
420 9 16582 2 16808
421 20 2125 4 2606
422 30 7994 4 8027
423 4 4019 3 4058
424 13 16625 1 17251
425 2 11385 2 11984
426 30 13131 3 13578
427 12 11909 1 12534
428 4 9410 1 9935
429 6 4865 1 5576
430 23 19199 1 19752
431 9 5185 1 5613
432 28 4019 1 4603
433 12 5185 3 5688
434 12 11909 1 12554
435 8 17594 1 18085
436 2 19644 1 20002
437 29 20351 1 20992
438 29 13181 1 13498
439 26 5185 1 5607
440 6 15237 1 15406
441 10 22493 1 22841
442 17 2125 1 2772
443 19 3997 3 4092
444 20 21322 4 21578
445 30 18085 1 18269
446 29 14776 1 15401
447 27 1144 2 1162
448 22 21322 2 21832
449 30 1594 2 2015
450 14 1672 1 2214
451 12 23157 1 23401
452 28 20090 1 20576
453 6 21927 1 22156
454 20 14940 2 15352
455 8 535 1 617
456 9 18085 1 18455
457 20 18085 2 18417
458 10 11909 2 12377
459 26 7172 1 7498
460 29 23504 2 23675
461 18 14840 1 15004
462 20 3774 1 3830
463 9 14589 2 15052
464 8 15572 2 16045
465 7 13181 3 13613
466 15 23504 4 23845
467 20 7994 1 8188
468 4 14227 1 14416
469 8 5185 1 5400
470 27 23157 3 23347
471 8 1203 2 1619
472 17 11385 3 11718
473 19 1144 1 1607
474 6 17134 3 17780
475 26 22493 1 22914
476 2 690 2 901
477 20 4813 1 5331
478 13 8189 3 8637
479 17 2558 1 3006
480 6 20351 1 20828
481 6 4363 7 4813
482 6 1299 1 1498
483 8 21953 1 22414
484 8 21875 2 21953
485 26 841 2 1191
486 2 22493 1 23094
487 12 882 1 921
488 5 2204 1 2756
489 9 22493 2 22883
490 12 7994 3 8289
491 26 14589 2 15065
492 27 21927 1 22160
493 4 2717 1 2981
494 6 9172 1 9452
495 14 7172 1 7697
496 10 20512 2 21114
497 5 4019 2 4274
498 2 1203 1 1476
499 4 5185 1 5656
500 20 3774 3 4353
501 9 829 2 864
502 4 4865 1 5243
503 26 4813 1 4847
504 8 6642 1 6718
505 28 6197 3 6563
506 8 13181 2 13933
507 8 13131 1 13181
508 26 3510 2 3568
509 13 4363 2 4749
510 8 472 1 789
511 5 3774 2 3911
512 10 14840 2 15152
513 9 13131 3 13415
514 6 3 2 324
515 16 1876 7 2047
516 17 23157 1 23636
517 6 7172 1 7206
518 6 21342 1 21569
 调度评估结果
1. 任务等待评估 (Σ 等待×权重): 24174818
2. 任务完成评估 (最大完成时间): 24366
3. GPU显存空闲评估 (平均空闲): 6481.48 GB/时间片
 额外统计
已调度任务               : 518/518
平均等待时间            : 4615.03
各服务器任务分布      : 服务器1=2, 服务器2=29, 服务器3=1, 服务器4=22, 服务器5=22, 服务器6=54, 服务器7=14, 服务器8=82, 服务器9=29, 服务器10=20, 服务器11=1, 服务器12=22, 服务器13=13, 服务器14=16, 服务器15=7, 服务器16=1, 服务器17=14, 服务器18=6, 服务器19=23, 服务器20=26, 服务器22=2, 服务器23=5, 服务器25=1, 服务器26=25, 服务器27=22, 服务器28=13, 服务器29=27, 服务器30=19
