1 5 3358 3 3562
2 4 4293 1 4767
3 3 9344 4 9389
4 8 1421 2 1606
5 2 3307 1 3358
6 6 9597 2 10113
7 10 4293 2 4732
8 1 3307 4 3965
9 4 9951 1 10162
10 5 4293 1 4721
11 2 1696 2 1716
12 7 9188 1 9701
13 9 6065 1 6432
14 3 2346 1 2602
15 3 9108 2 9128
16 8 6071 1 6432
17 7 3307 1 4293
18 3 6136 2 6596
19 5 0 5 94
20 7 10516 3 10945
21 9 4293 2 4367
22 6 4293 1 4938
23 11 9868 2 10386
24 6 5938 1 6521
25 10 1421 3 1497
26 7 9940 1 10284
27 11 2346 1 2590
28 9 6596 2 6617
29 3 2602 3 3359
30 2 5548 2 6259
31 8 5876 2 5934
32 3 4293 1 4440
33 4 2346 3 2622
34 11 5794 3 5932
35 4 9485 2 9734
36 1 10041 1 10516
37 6 7283 1 7589
38 2 6209 2 6428
39 9 2346 1 2732
40 6 4293 2 4591
41 2 9025 1 9284
42 6 2899 1 3307
43 5 6596 4 6902
44 5 5608 4 5776
45 3 5781 1 6018
46 4 1696 3 2041
47 9 2346 2 2492
48 8 1696 2 2376
49 4 1421 2 1517
50 2 6596 1 6878
51 6 2346 1 2566
52 8 4293 1 4476
53 2 2346 1 2941
54 7 6065 2 6486
55 2 4293 4 4702
56 11 1696 3 2006
57 11 3307 1 3901
58 9 5816 1 6241
59 9 1696 3 1810
60 4 5515 1 6258
61 8 9400 1 10078
62 7 5501 1 6065
63 7 9701 6 9868
64 7 1696 1 2230
65 9 6617 4 6983
66 6 2346 1 2899
67 7 2346 3 2399
68 6 6596 1 6913
69 7 4293 1 4748
70 9 5710 2 5770
71 5 6617 1 7167
72 11 6215 4 6947
73 1 10516 2 10731
74 7 0 1 1421
75 6 6596 2 7283
76 3 9868 3 9897
77 7 2346 3 2711
78 7 9868 2 10627
79 11 10516 3 10602
80 1 2346 4 3081
81 3 0 3 62
82 6 6065 1 6631
83 11 9066 2 9626
84 6 3307 1 3515
85 8 3307 1 3421
86 9 3307 2 3741
87 3 6596 1 6678
88 7 6596 1 6873
89 11 0 1 42
90 3 1696 2 1904
91 7 1421 7 1621
92 9 9996 2 10522
93 7 1696 1 2346
94 11 4293 1 4587
95 11 3307 2 3932
96 3 1421 1 1696
97 2 9868 1 10584
98 7 10945 1 11014
99 3 5523 4 5748
100 2 3358 1 3823
101 5 3307 1 3677
 调度评估结果
1. 任务等待评估 (Σ 等待×权重): 690200
2. 任务完成评估 (最大完成时间): 11014
3. GPU显存空闲评估 (平均空闲): 2004.09 GB/时间片
 额外统计
已调度任务               : 101/101
平均等待时间            : 751.17
各服务器任务分布      : 服务器1=4, 服务器2=10, 服务器3=13, 服务器4=7, 服务器5=7, 服务器6=12, 服务器7=17, 服务器8=7, 服务器9=11, 服务器10=2, 服务器11=11
