1 13 4450 1 4709
2 19 3510 1 3876
3 2 3510 5 3834
4 1 3710 3 4101
5 8 5923 3 6375
6 18 5966 1 6109
7 13 4585 3 5096
8 12 349 4 788
9 8 2114 1 2846
10 16 8024 3 8275
11 7 4450 4 4583
12 13 4781 2 5326
13 12 5966 1 6309
14 3 4585 1 4631
15 6 14 2 477
16 12 5966 1 6409
17 7 5025 4 5435
18 14 5096 1 5564
19 12 2313 1 2604
20 17 9582 5 9683
21 16 5923 3 6310
22 15 12683 2 12916
23 7 5966 3 6007
24 17 8236 1 8333
25 8 2846 2 3048
26 12 7071 1 7356
27 6 2313 1 2552
28 12 11347 2 11722
29 7 7931 2 8425
30 17 4450 2 4742
31 7 6865 1 7481
32 9 10165 1 11347
33 20 3510 4 3689
34 19 78 1 321
35 7 4585 1 4759
36 10 12941 2 12966
37 14 10165 2 10933
38 1 5923 1 6000
39 9 7633 4 7781
40 12 4060 2 4503
41 7 6375 1 6632
42 6 2865 1 3145
43 10 8953 3 9391
44 17 4450 1 4551
45 14 324 3 363
46 18 8146 3 8528
47 9 5943 1 6020
48 20 9244 1 9446
49 3 8206 3 8461
50 8 8953 1 9494
51 11 9244 3 9793
52 2 5943 1 6463
53 10 6185 3 6927
54 7 8251 4 8769
55 7 12683 1 12847
56 13 5106 1 5619
57 17 5966 2 6480
58 9 1559 1 2313
59 17 5025 1 5263
60 12 200 4 333
61 12 10165 1 10483
62 3 4060 2 4359
63 10 7160 2 7474
64 7 8953 8 9354
65 3 10165 3 10176
66 10 9244 1 9266
67 7 4846 2 4978
68 16 8953 1 9050
69 7 5265 4 5456
70 7 5966 3 6235
71 7 4616 2 4972
72 14 2846 3 3328
73 6 10165 2 10263
74 17 10165 2 10364
75 6 9647 1 9787
76 10 10165 1 10273
77 9 6532 1 6994
78 5 9714 2 9760
79 9 2313 2 2865
80 20 4585 2 4707
81 14 10255 1 10758
82 14 2114 1 2275
83 9 9638 1 10165
84 12 8324 4 8664
85 18 10238 3 10742
86 6 4585 5 5050
87 10 8440 1 8941
88 6 12683 3 12951
89 14 4970 2 5476
90 7 250 6 322
91 10 10275 3 10399
92 7 8495 2 8890
93 20 3510 1 3867
94 7 4450 4 4758
95 14 3510 1 3847
96 7 4978 2 5025
97 16 2043 1 2587
98 15 4616 1 5151
99 15 4450 1 4607
100 1 10165 2 10517
101 16 4450 5 4985
102 10 4814 1 5098
103 1 12683 3 13058
104 20 4060 2 4450
105 1 5969 1 6288
106 20 1739 3 1972
107 12 2313 1 2582
108 12 12683 3 12979
109 7 7066 2 7251
110 15 8953 2 9267
111 12 387 1 798
112 18 242 1 1124
113 6 4450 2 4876
114 3 3710 1 3850
115 6 10328 2 10852
116 16 12683 7 13127
117 8 4846 1 5364
118 18 671 1 1057
119 20 12683 1 12736
120 7 9440 2 9774
121 18 9076 1 9495
122 14 9695 2 10242
123 10 12683 1 13140
124 16 6865 1 6957
125 20 12399 1 12683
126 16 145 4 575
127 9 12399 1 12941
128 17 12683 1 12922
129 6 1252 3 1713
130 12 240 1 355
131 9 7317 3 7446
132 5 4585 1 4936
133 11 12683 4 13168
134 5 3510 1 3776
135 10 7225 3 7761
136 20 8953 1 9244
137 14 5943 3 6371
138 10 4060 1 4569
139 5 4978 1 5486
140 3 3510 2 3676
141 11 3510 4 4024
142 14 4060 2 4537
143 3 4450 1 4472
144 1 4978 4 5013
145 10 7964 1 8178
146 3 7080 1 7603
147 3 12683 2 12894
148 11 4060 3 4384
149 18 9582 2 9660
150 10 9471 2 9931
151 18 4450 1 5233
152 16 1559 1 1925
153 6 6980 6 7492
154 5 10165 1 10644
155 18 12683 2 12725
156 12 3811 4 3817
157 16 9260 7 9616
158 8 10825 2 11089
159 6 5923 2 6165
160 8 1739 2 2114
161 7 10211 5 10591
162 12 7920 2 8448
163 20 9463 1 9840
164 13 7351 4 7658
165 6 4060 3 4099
166 11 5923 2 5954
167 8 11347 1 11537
168 10 4585 2 4933
169 15 12683 3 13233
170 18 8953 2 9076
171 20 2313 4 2515
172 13 9076 1 9256
173 3 2846 2 3267
174 4 4450 2 4987
175 12 9076 1 9741
176 7 7853 1 8304
177 7 7272 3 7652
178 18 4450 2 4781
179 12 2043 6 2080
180 15 4851 3 5349
181 8 4450 1 4699
182 1 3510 4 3684
183 16 4060 2 4426
184 15 4585 2 5100
185 6 5050 1 5229
186 9 12941 1 13483
187 11 5025 3 5272
188 14 4585 1 4616
189 9 5923 2 5943
190 10 6104 2 6462
191 9 76 1 1224
192 3 5943 1 6248
193 18 9076 1 9614
194 12 12683 2 12799
195 15 8953 1 9137
196 10 6542 1 6603
197 12 1252 2 1657
198 3 8953 3 9118
199 5 5966 1 6348
200 11 5943 1 6086
201 14 4616 1 4642
202 11 2313 1 2705
203 13 8953 1 9343
204 20 4450 1 4585
205 14 2313 1 2448
206 14 9670 2 9795
207 20 9330 1 9534
208 14 9186 4 9446
209 11 4450 1 4656
210 12 4970 1 5066
211 19 1739 2 1928
212 19 12683 1 13191
213 9 6163 2 6495
214 10 3510 1 4041
215 18 7299 1 7396
216 8 12399 3 12559
217 9 3510 3 3710
218 9 7253 1 7306
219 7 7597 1 7829
220 8 1252 2 1739
221 13 9076 1 9115
222 7 12941 1 13085
223 14 2313 1 2422
224 1 4450 3 4640
225 13 4585 1 4810
226 7 7718 1 8028
227 1 4758 3 4990
228 11 10165 1 10247
229 2 4616 1 5051
230 2 4060 3 4469
231 2 4450 1 4927
232 9 11852 1 12399
233 14 4970 2 5080
234 12 4851 1 5054
235 3 5202 1 5718
236 5 1559 1 2003
237 1 4631 3 4665
238 11 4060 1 4194
239 12 6565 5 6618
240 20 3710 1 3856
241 7 7571 2 7867
242 14 4450 2 4571
243 10 233 1 648
244 16 7293 3 7704
245 6 2043 2 2219
246 3 5943 2 6079
247 9 6020 2 6148
248 10 12683 3 12750
249 9 4060 1 4687
250 6 4450 3 4512
251 18 4781 1 5174
252 3 4631 2 5142
253 13 4450 1 4549
254 17 7183 2 7357
255 3 10377 1 10838
256 12 8466 1 8758
257 10 9376 2 9796
258 9 8953 1 9454
259 6 7863 5 8012
260 6 58 5 410
261 9 2865 1 3656
262 14 4758 3 4970
263 20 1559 2 2043
264 9 1224 1 1252
265 6 3510 5 3864
266 5 4616 1 5061
267 20 5943 1 5966
268 1 5068 2 5157
269 10 8953 1 9234
270 14 2313 1 2660
271 17 5943 1 6226
272 14 2846 1 3291
273 12 6618 3 7043
274 7 244 2 606
275 14 3510 1 4230
276 8 7775 1 8098
277 1 6455 2 6727
278 14 8953 1 9148
279 8 10165 1 10825
280 7 6942 3 7037
281 16 9708 4 10042
282 15 7102 2 7543
283 7 9384 1 9939
284 14 7030 1 7399
285 4 5025 3 5116
286 1 9747 1 10220
287 18 6074 1 6611
288 15 4450 2 4518
289 8 12941 2 13400
290 12 4585 5 4851
291 7 10165 1 10595
292 15 8464 2 8472
293 19 681 1 738
294 1 2313 2 2859
295 14 12683 1 12794
296 7 4450 1 4613
297 10 5025 1 5324
298 20 4585 1 4618
299 19 8039 1 8096
300 19 4585 2 4951
301 9 7864 1 8314
302 2 12941 4 13093
303 7 5966 1 6871
304 10 10165 1 10600
305 3 4758 1 5261
306 18 12683 1 12854
307 20 12399 1 12792
308 7 4758 5 4846
309 15 4450 2 4725
310 8 6375 1 7437
311 7 6736 2 6828
312 20 5966 1 6654
313 10 7729 1 8228
314 7 8423 1 8953
315 10 4450 1 4814
316 20 9638 4 9950
317 12 3510 5 3612
318 10 2313 1 2475
319 9 4978 1 5771
320 20 2043 1 3510
321 1 8010 2 8509
322 7 4846 1 5243
323 7 12683 3 12859
324 20 10165 1 10933
325 16 3510 1 4058
326 12 12941 3 12982
327 10 5923 1 6041
328 16 10393 1 10796
329 6 9244 1 9425
330 15 12683 3 12920
331 9 1252 2 1559
332 9 11347 1 11852
333 10 4450 3 4782
334 15 8368 5 8445
335 8 3510 1 3713
336 10 3510 2 3860
337 10 1252 2 1729
338 7 9427 2 9926
339 17 12683 3 13070
340 9 5771 1 5923
341 14 8527 1 9044
342 7 6099 3 6321
343 20 5966 1 6588
344 10 6474 2 6515
345 14 205 1 675
346 9 3710 2 4060
347 14 1252 1 1521
348 14 8079 2 8485
349 3 200 1 415
 调度评估结果
1. 任务等待评估 (Σ 等待×权重): 1324760
2. 任务完成评估 (最大完成时间): 13483
3. GPU显存空闲评估 (平均空闲): 4490.15 GB/时间片
 额外统计
已调度任务               : 349/349
平均等待时间            : 592.10
各服务器任务分布      : 服务器1=15, 服务器2=6, 服务器3=18, 服务器4=2, 服务器5=8, 服务器6=20, 服务器7=40, 服务器8=16, 服务器9=27, 服务器10=32, 服务器11=11, 服务器12=28, 服务器13=10, 服务器14=30, 服务器15=14, 服务器16=15, 服务器17=11, 服务器18=16, 服务器19=7, 服务器20=23
