1 9 69930 7 70212
2 35 51921 8 52685
3 18 87203 7 88042
4 60 134796 6 135596
5 60 17879 5 18831
6 40 74587 7 74913
7 23 99486 5 99999
8 16 3120 5 3887
9 40 147437 6 147695
10 66 79744 7 80265
11 60 141773 7 142130
12 18 34137 6 34834
13 65 108425 7 109314
14 65 87711 7 88553
15 53 66667 5 67408
16 18 19405 7 19553
17 6 105320 7 105881
18 60 7417 7 8329
19 66 10846 7 11756
20 40 144675 8 145064
21 40 146708 8 147437
22 23 12409 7 12893
23 27 104170 6 104371
24 65 127509 7 128364
25 23 51343 6 51967
26 53 58394 5 59367
27 53 59406 6 59965
28 23 139577 6 140024
29 16 54838 7 55547
30 16 87928 7 88793
31 27 23813 6 24496
32 35 104120 8 104820
33 60 73042 6 73326
34 38 90986 7 91755
35 60 79825 7 80286
36 57 28654 7 29595
37 57 136932 6 137602
38 27 30619 6 31494
39 18 68569 7 68780
40 60 4033 6 4840
41 60 146708 7 147415
42 65 136932 6 137860
43 40 26497 6 27026
44 65 79430 6 80060
45 6 108728 8 109376
46 27 19405 5 19564
47 40 77436 6 78272
48 53 133340 6 134366
49 53 99612 5 100554
50 27 84874 5 85624
51 40 57567 6 58309
52 18 54463 7 55397
53 35 147075 8 147861
54 18 146115 7 146927
55 35 100554 7 100718
56 18 77472 7 77979
57 65 110730 7 111669
58 10 144675 6 144907
59 40 32511 6 33332
60 16 58440 7 58685
61 6 54463 7 54879
62 60 46047 7 46629
63 40 126602 5 127044
64 42 25495 6 26018
65 35 118659 8 119577
66 60 12093 6 12637
67 23 50177 6 50703
68 16 128174 6 129033
69 35 140360 8 141048
70 9 66031 7 66557
71 16 38215 6 38683
72 6 47891 6 48868
73 53 60785 7 61498
74 6 108425 6 108728
75 38 25273 7 25815
76 40 53062 8 53813
77 57 22028 6 22879
78 40 66790 6 67576
79 18 120507 6 121469
80 9 119415 7 119910
81 16 114127 6 114566
82 40 31664 7 31885
83 16 10785 7 11645
84 60 40604 7 40795
85 53 62297 6 62985
86 27 41369 7 42111
87 35 91765 8 92503
88 18 142493 7 142973
89 57 146708 7 147075
90 40 14791 8 15022
91 27 109562 6 110385
92 27 77952 6 78455
93 53 72960 6 73715
94 57 57037 6 57534
95 6 83159 7 83891
96 35 35926 7 36278
97 60 89482 6 89936
98 40 5738 7 6676
99 23 53062 5 53807
100 57 44200 5 45264
101 38 103291 6 104262
102 60 84579 5 85261
103 23 37716 7 38677
104 6 22509 7 23349
105 10 95865 6 96548
106 40 59406 7 60247
107 23 12893 5 13663
108 18 118654 7 118956
109 53 136275 7 137086
110 27 12093 6 12462
111 16 135260 5 135864
112 23 115857 7 116265
113 65 97882 8 98637
114 66 21878 7 22713
115 38 6578 7 6886
116 66 87142 6 87982
117 65 147695 8 147931
118 40 113552 7 114479
119 66 42111 7 42889
120 16 111898 6 112401
121 65 84350 7 84676
122 40 121091 5 121877
123 23 9142 6 9903
124 16 111014 6 111667
125 9 35150 6 36022
126 16 32350 6 32829
127 42 32978 8 33447
128 27 141188 6 141546
129 57 11037 7 11530
130 65 1578 6 2124
131 60 203 7 669
132 9 112720 6 113122
133 38 35150 7 36099
134 16 14034 6 14751
135 60 92503 7 93382
136 57 14216 5 15069
137 42 134459 8 135260
138 40 90053 7 90276
139 38 133823 6 134337
140 9 132579 6 133364
141 16 18470 5 19022
142 40 92503 7 93383
143 65 112870 7 113239
144 9 103291 6 104155
145 16 31329 6 32069
146 40 101908 6 102889
147 57 0 6 366
148 60 41573 5 41897
149 57 122039 6 122920
150 42 122637 8 123564
151 42 138128 6 139067
152 27 32414 5 32933
153 9 104657 6 105157
154 27 37754 6 38736
155 16 130595 6 131554
156 27 142333 6 142509
157 23 119952 6 120507
158 16 21295 6 21457
159 65 115746 8 116697
160 57 137742 6 138153
161 57 147075 5 147889
162 40 24896 8 25737
163 27 99919 6 100647
164 53 56967 6 57927
165 23 30386 6 30536
166 23 91694 6 92646
167 65 20704 7 21503
168 23 131337 6 131765
169 53 35542 7 35926
170 40 145934 7 146708
171 38 136210 7 137098
172 35 80167 6 80928
173 10 37823 6 38739
174 60 147415 6 148013
175 57 18283 6 18676
176 60 115060 7 115240
177 10 76690 6 77482
178 57 101732 5 102545
179 60 141412 5 141773
180 53 25413 6 25745
181 27 42788 7 43012
182 16 75213 6 75924
183 60 34137 5 34305
184 40 25737 8 26497
185 65 7081 7 7574
186 65 19022 7 19255
187 57 132064 6 132975
188 60 87967 5 88816
189 16 57005 7 57359
190 40 65042 6 65229
191 60 44200 6 44973
192 6 117981 7 118963
193 38 72230 7 72978
194 9 145939 6 146349
195 16 59642 7 60350
196 18 35734 7 36466
197 42 104982 7 105973
198 6 141815 7 142372
199 40 99531 7 99726
200 42 76690 7 77476
201 23 69930 6 70793
202 35 79014 8 79829
203 6 79050 7 79493
204 16 134016 6 134177
205 53 4860 6 5788
206 9 51412 6 51572
207 38 49922 6 50754
208 40 30886 5 31611
209 60 136932 7 137927
210 60 134138 6 134796
211 40 57255 6 57567
212 27 111460 5 112356
213 35 57503 8 58029
214 18 139655 6 140208
215 60 49922 5 50476
216 60 142130 7 142983
217 66 28679 6 29190
218 65 142858 6 143801
219 35 30886 6 31414
220 60 126086 6 126681
221 16 70700 6 71350
222 53 26515 7 27476
223 27 30386 6 30619
224 60 20385 5 20894
225 40 117632 5 118018
226 38 116504 7 117230
227 23 32978 6 33858
228 16 146708 6 146877
229 16 94702 6 95327
230 23 55564 7 55931
231 10 108585 6 109411
232 27 14460 5 14893
233 65 60359 8 60750
234 9 28654 6 29500
235 9 11530 6 12487
236 38 12093 7 12271
237 42 118092 8 118654
238 57 60602 5 61182
239 6 10647 8 11601
240 57 62108 6 62616
241 27 31664 6 32414
242 16 76721 6 76901
243 38 132618 7 133167
244 40 73772 6 74207
245 53 34137 6 34638
246 60 97644 5 98449
247 16 7291 5 8211
248 16 118654 6 118880
249 9 97401 7 97714
250 65 91413 8 91694
251 57 30707 7 31491
252 57 15355 5 16193
253 40 79308 6 79750
254 40 68569 7 68888
255 10 46047 6 46493
256 16 38887 5 39261
257 60 41897 6 42218
258 23 55931 5 56828
259 6 143821 7 144474
260 27 35371 7 35734
261 53 88548 6 89064
262 16 109188 6 110125
263 16 60359 5 61358
264 40 54325 6 54717
265 42 61349 7 62116
266 27 147727 6 148526
267 38 8699 6 9049
268 40 78879 7 79308
269 35 116504 7 117345
270 53 97882 5 98636
271 60 73772 6 74181
272 27 140360 7 141135
273 38 13837 7 14311
274 40 31885 5 32511
275 65 142270 7 142679
276 40 90276 7 91252
277 27 0 5 438
278 27 20229 6 21131
279 23 119222 6 119952
280 53 54717 7 55574
281 38 114996 6 115884
282 9 135260 7 135410
283 53 103137 5 104066
284 27 127061 5 127590
285 40 123564 8 124332
286 18 79744 7 80196
287 40 121877 6 122176
288 6 65042 7 65553
289 23 103444 7 103573
290 40 137742 8 138128
291 16 29515 6 30386
292 16 132068 7 132447
293 35 396 8 1008
294 23 21659 6 22366
295 9 99999 6 100780
296 40 112401 8 113149
297 16 65246 5 66189
298 35 143627 8 144405
299 6 46047 7 46276
300 23 84449 7 85168
301 40 131237 8 132023
302 16 55547 6 56435
303 38 145939 6 146626
304 16 36207 5 36947
305 40 118018 5 118965
306 18 110079 6 110994
307 16 102656 6 102932
308 16 2168 6 3120
309 57 20704 6 20949
310 53 76702 5 77510
311 60 0 6 203
312 38 134459 6 134680
313 6 15355 8 16351
314 23 73324 6 73772
315 23 106471 7 106592
316 42 0 8 264
317 6 125657 8 125793
318 9 45131 7 46038
319 27 94090 6 94989
320 65 142065 6 142270
321 6 34137 7 34863
322 9 346 6 915
323 66 99531 7 100279
324 53 95315 7 96249
325 53 128211 5 128531
326 57 58244 5 58962
327 16 138476 6 138616
328 60 22672 6 23077
329 53 55574 6 56431
330 42 139655 8 140362
331 27 93276 5 93711
332 6 130507 7 131347
333 23 0 7 281
334 6 37823 8 38168
335 9 32069 7 32816
336 40 24086 7 24896
337 40 45965 8 46321
338 65 101076 5 102069
339 42 75213 6 75853
340 27 15355 6 15991
341 18 116504 7 116685
342 40 105154 8 105688
343 27 8010 5 8491
344 16 84350 6 84865
345 60 42788 7 43783
346 16 101076 6 101339
347 40 63952 5 64644
348 35 38814 6 38986
349 23 4860 5 5834
350 16 146877 5 147769
351 53 0 5 346
352 53 12409 7 12870
353 38 111898 6 112159
354 53 133037 6 133340
355 27 26412 6 27385
356 60 119519 6 120104
357 53 87645 6 88548
358 60 2478 6 2754
359 57 82251 5 83064
360 35 87967 8 88784
361 65 131554 8 132222
362 65 3120 6 3381
363 6 144675 8 145490
364 16 8699 5 9239
365 65 59642 6 60359
366 66 16199 6 16368
367 60 56021 6 56482
368 65 75924 7 76830
369 40 16283 6 16592
370 27 131337 7 131542
371 42 103159 6 103981
372 38 120281 6 120974
373 57 9142 6 9857
374 27 32933 6 33143
375 53 90550 6 91262
376 27 123630 6 124391
377 16 58685 5 59642
378 60 44973 5 45215
379 10 52685 6 53253
380 27 139577 5 140147
381 42 147727 7 148247
382 57 61349 7 62108
383 35 6676 8 7183
384 6 34876 6 35385
385 60 70051 6 70224
386 10 11097 6 11903
387 18 62442 7 62845
388 27 65042 6 66031
389 18 23261 7 23883
390 16 44681 6 45127
391 16 10085 7 10337
392 60 103691 5 104565
393 42 112852 6 113483
394 57 90053 6 90867
395 65 66575 6 67273
396 23 92646 6 93285
397 6 68569 7 69247
398 9 140360 5 141157
399 16 49240 7 50012
400 57 100818 5 101669
401 42 9857 7 10559
402 60 135983 6 136783
403 65 28063 8 28266
404 57 56607 5 57037
405 35 93276 7 93944
406 35 115060 8 115236
407 6 114996 7 115968
408 23 128740 7 128884
409 60 60556 7 61206
410 40 82749 8 83176
411 66 54946 7 55349
412 38 140360 6 140532
413 60 90222 6 90661
414 23 66031 6 66967
415 6 136932 6 137259
416 27 85624 7 86602
417 27 27969 6 28820
418 53 10423 7 11097
419 6 54092 7 54259
420 40 47186 7 48061
421 40 87628 7 88331
422 27 119469 5 120495
423 23 85774 6 86879
424 42 16100 8 16491
425 18 59642 7 59933
426 40 115060 6 116058
427 6 120281 7 121052
428 16 0 7 396
429 42 84579 7 85335
430 18 123564 7 123912
431 38 137742 6 138500
432 60 3120 5 3292
433 53 93726 7 94393
434 53 6834 6 7727
435 65 40604 8 41382
436 27 10783 6 11285
437 10 28415 6 29314
438 6 59579 7 60376
439 23 101068 6 101743
440 57 1740 7 2569
441 23 90053 6 90550
442 38 44200 6 44829
443 40 81487 7 82251
444 42 96475 6 97277
445 27 76690 6 77472
446 53 49154 7 49973
447 16 73214 7 73939
448 53 142065 7 142858
449 65 125657 8 126202
450 57 53314 7 54192
451 23 77189 5 78003
452 27 135573 6 135983
453 38 27026 7 27704
454 60 106558 5 107615
455 57 133823 6 134454
456 9 146708 7 147029
457 42 38887 7 39817
458 57 144675 6 145550
459 53 53062 5 53847
460 40 18283 5 18470
461 40 34321 5 35192
462 40 122176 5 122627
463 38 57924 7 58361
464 53 43751 6 44453
465 18 42303 7 42610
466 35 113670 8 113868
467 60 115712 5 116406
468 65 12093 7 12379
469 38 15355 7 16035
470 42 34305 7 35275
471 40 132023 6 132449
472 65 74874 7 75588
473 57 110079 6 111023
474 60 116995 6 117981
475 60 93382 7 94128
476 9 128884 7 129772
477 27 7435 7 8001
478 18 135573 7 136559
479 27 73086 5 73943
480 9 36207 7 37183
481 40 105688 6 106471
482 23 140360 6 141245
483 23 28654 5 29452
484 9 79744 7 80050
485 40 9671 5 10526
486 16 111667 7 111898
487 35 123028 8 123800
488 9 30386 6 31331
489 27 142509 5 143231
490 42 108425 8 108585
491 6 13343 6 14126
492 57 88914 7 89677
493 38 117258 7 117881
494 65 80567 7 80691
495 10 132579 6 133310
496 6 30386 7 31202
497 35 34876 8 35721
498 40 108425 8 109232
499 42 100237 7 100455
500 6 97401 6 98256
501 9 142858 6 143636
502 6 17879 8 18571
503 66 81138 7 81436
504 42 18283 7 18519
505 23 115060 6 115857
506 40 28097 7 28415
507 57 145603 6 146147
508 6 76623 8 76812
509 57 131347 6 132064
510 42 52258 8 53062
511 6 57037 8 57646
512 35 128174 8 128804
513 65 117258 7 118053
514 23 24086 7 24913
515 23 145939 7 146679
516 53 29839 7 30707
517 23 112870 5 113707
518 16 36981 5 37779
519 6 128211 6 129104
520 60 38814 5 39825
521 23 95139 6 95844
522 42 51689 8 51988
523 57 41432 7 41570
524 38 104496 7 105342
525 9 104371 7 104651
526 60 87711 6 87967
527 53 110730 6 111625
528 6 39781 7 40720
529 40 106803 6 107694
530 65 81487 6 82068
531 66 47511 6 48253
532 40 99942 5 100310
533 10 91159 6 91891
534 27 83918 5 84874
535 57 143627 7 144502
536 60 32069 6 32832
537 16 25273 6 25753
538 57 66225 7 66575
539 53 69930 6 70563
540 53 105052 6 105922
541 9 127745 7 128318
542 57 69930 6 70099
543 23 3573 6 4323
544 16 5080 6 5738
545 23 28063 6 28654
546 57 102545 5 102714
547 53 74788 7 74920
548 65 118654 7 119447
549 60 50476 7 50914
550 53 41868 7 42114
551 42 42054 7 42554
552 60 143231 6 144000
553 27 110385 6 110802
554 18 9903 7 10142
555 40 18976 7 19210
556 40 141188 8 142008
557 40 19210 6 19791
558 40 68888 6 69930
559 18 67963 7 68498
560 16 84865 7 85305
561 9 59965 6 60258
562 23 66967 6 67835
563 18 438 6 1349
564 16 91694 6 92104
565 57 134459 7 134718
566 60 76377 5 77108
567 6 135983 6 136123
568 53 147137 6 147462
569 27 83159 7 83395
570 6 49973 7 50221
571 57 4860 6 5674
572 35 109232 8 109720
573 60 107694 6 108523
574 60 74846 5 75614
575 53 49973 5 50489
576 6 81138 6 81857
577 9 18283 6 18521
578 6 62297 7 62739
579 40 110388 6 111188
580 16 46503 6 47472
581 18 57255 7 57864
582 60 99486 6 100237
583 23 88617 6 89591
584 35 144675 8 145282
585 66 108425 6 109047
586 40 41377 6 42303
587 60 73326 5 73767
588 18 143231 7 143580
589 53 64323 7 65162
590 60 70224 6 71082
591 23 13663 6 14363
592 27 28820 5 29600
593 57 95212 6 95958
594 60 112720 5 113686
595 57 73324 5 73573
596 27 27385 6 27969
597 57 124848 5 125475
598 35 5738 8 6655
599 27 86738 5 87142
600 57 28344 6 28533
601 16 83180 6 83539
602 57 135983 6 136353
603 27 100810 7 101732
604 53 63939 6 64096
605 23 80589 6 81157
606 10 120507 6 120779
607 16 26561 6 26810
608 16 53809 6 54092
609 60 8699 6 9068
610 57 123564 7 124198
611 40 51165 6 51693
612 65 119469 8 119725
613 42 6578 8 6841
614 23 72230 6 72629
615 23 117939 5 118195
616 16 97644 6 98673
617 27 15991 7 16867
618 66 114758 7 115495
619 60 126681 7 127239
620 53 68208 7 68422
621 53 132012 5 132280
622 60 14050 5 14890
623 42 54946 8 55563
624 65 121091 6 121726
625 40 60247 6 60987
626 23 112246 6 112870
627 9 141412 7 142071
628 65 29306 8 29840
629 9 3120 6 3333
630 65 82749 8 83489
631 27 106883 7 107417
632 60 100237 5 101348
633 65 8699 7 9172
634 27 102515 5 103304
635 27 75387 6 76053
636 9 121877 6 122047
637 60 133372 7 134138
638 18 141546 6 142423
639 42 54092 7 54946
640 60 144000 7 144973
641 38 144675 7 145415
642 23 136210 7 137158
643 60 38168 6 38571
644 65 121877 7 122697
645 9 25851 7 26777
646 38 19405 7 20283
647 9 46629 7 47568
648 27 12462 5 13049
649 27 118337 5 118469
650 35 52685 8 53432
651 27 113227 6 114029
652 6 6676 7 7378
653 16 32829 6 33637
654 16 9239 5 10085
655 27 33143 7 34137
656 53 73772 6 74268
657 23 96574 6 97331
658 57 48168 6 48345
659 18 38683 7 39413
660 53 68741 6 69699
661 27 66031 6 67035
662 40 75915 5 76623
663 40 67576 5 68569
664 18 14126 7 14541
665 23 56967 7 57966
666 40 70878 6 71795
667 65 16592 8 17323
668 66 91159 7 91727
669 23 43293 7 44024
670 27 21878 6 22672
671 38 62985 6 63851
672 18 112401 7 113130
673 6 134459 8 135307
674 16 67235 6 67963
675 27 105604 6 106305
676 27 53062 6 53869
677 27 128591 6 129297
678 60 25851 6 26716
679 65 13343 8 14015
680 65 17879 8 18859
681 9 130303 7 131240
682 65 5433 7 6198
683 23 70793 6 71017
684 65 99942 8 100633
685 60 121331 6 122014
686 38 64323 6 64678
687 27 14893 7 15355
688 66 132579 7 132921
689 23 116995 5 117812
690 65 120281 8 121061
691 16 136213 7 137191
692 16 88793 6 89482
693 18 88331 7 89134
694 23 58685 7 59406
695 27 51133 6 51399
696 38 53062 7 53398
697 53 131237 6 132012
698 65 68422 6 68687
699 65 36207 7 37064
700 23 84089 6 84228
701 53 23721 6 24264
702 57 16193 5 17333
703 6 72230 8 72432
704 6 132579 7 133264
705 60 32832 7 32978
706 53 48057 6 48886
707 16 105741 6 106269
708 10 127745 6 128317
709 40 101060 5 101908
710 65 122881 7 123765
711 40 74913 6 75284
712 16 85305 6 86012
713 16 63963 6 65042
714 27 117272 6 118337
715 42 100455 8 101381
716 60 131237 6 132162
717 66 56482 6 56840
718 23 145249 7 145939
719 23 122176 7 123151
720 9 37592 6 38249
721 6 38168 8 38550
722 23 144675 5 145249
723 53 100554 7 101058
724 53 112401 6 112919
725 65 62345 7 62481
726 40 46321 6 47186
727 57 103294 6 104130
728 53 138476 6 139178
729 27 114996 6 115746
730 27 52258 5 52748
731 40 12140 6 12574
732 53 7727 6 8167
733 66 50476 6 51152
734 65 56011 6 56993
735 60 129082 7 130069
736 6 104120 7 104737
737 60 82251 6 83060
738 16 116995 7 117945
739 16 16422 6 16942
740 53 31182 6 31664
741 42 63963 8 64742
742 42 132064 7 132224
743 35 142065 6 142645
744 38 14751 6 14946
745 40 13961 6 14535
746 42 111188 7 112161
747 16 28520 5 29515
748 60 54946 5 56021
749 10 62345 6 62842
750 60 124848 6 125086
751 18 12093 7 12306
752 35 38986 8 39287
753 6 98350 7 99232
754 9 28063 7 28276
755 65 28344 5 29020
756 53 125657 7 126102
757 23 142078 6 142517
758 66 117258 7 118191
759 16 89482 6 90329
760 40 78272 7 78879
761 60 23077 5 23821
762 27 77472 7 77952
763 27 4860 7 5080
764 60 21060 6 21787
765 23 6976 7 7887
766 40 12574 6 13263
767 65 27139 7 27903
768 60 123564 7 124459
769 9 136932 6 137700
770 65 114996 8 115736
771 16 144675 7 145406
772 57 59831 6 60602
773 10 147075 6 147908
774 53 89064 7 90053
775 57 67521 7 68384
776 60 24086 5 24902
777 35 11097 8 11714
778 40 74207 6 74587
779 60 12637 7 13343
780 40 5080 6 5687
781 23 134158 5 134879
782 42 90222 7 90986
783 16 16942 5 17879
784 66 9925 7 10157
785 60 62985 5 63775
786 57 116504 7 116667
787 27 9844 6 10783
788 40 120080 7 121091
789 27 43012 7 43751
790 40 7081 7 8010
791 66 58440 6 58565
792 18 97401 7 98198
793 38 34137 7 35075
794 27 9142 6 9844
795 42 58440 7 58749
796 57 49240 7 49427
797 16 47511 6 48211
798 42 40795 8 40942
799 23 75867 6 76397
800 65 23259 7 23999
801 18 113227 7 113936
802 38 396 7 1066
803 38 40795 6 41258
804 57 98636 6 99199
805 10 73772 6 74581
806 57 115441 6 115618
807 16 74704 6 75213
808 10 50177 6 50919
809 27 59579 7 60562
810 16 66480 6 67235
811 27 118654 7 119469
812 27 125657 7 126086
813 40 39338 8 39742
814 16 127071 6 127596
815 23 8699 7 9142
816 40 117295 5 117632
817 27 25706 6 26412
818 66 104654 7 105456
819 38 31329 6 31565
820 53 25101 7 25413
821 40 140360 8 141188
822 38 85305 7 86036
823 40 97401 8 98017
824 57 5738 6 6564
825 23 14363 5 14686
826 53 127100 6 127745
827 57 99531 5 100431
828 60 125657 7 126074
829 57 47128 6 47315
830 35 49873 7 50669
831 65 95126 8 95904
832 18 17879 7 18810
833 16 99555 5 100322
834 10 100647 6 101361
835 16 5738 6 6533
836 53 15355 6 16100
837 27 115746 6 116358
838 9 74874 7 75363
839 16 119308 6 120281
840 23 38683 7 39086
841 42 59642 8 60411
842 57 141546 6 142284
843 16 102932 7 103784
844 60 91242 6 92035
845 23 22366 6 23240
846 65 38814 7 39103
847 9 23077 7 23458
848 27 93711 7 94090
849 57 38168 5 38817
850 60 115240 6 115712
851 60 104629 6 105260
852 53 70563 5 71404
853 40 3573 7 4297
854 38 0 7 201
855 53 64096 6 64323
856 16 54092 5 54838
857 6 12093 8 12380
858 53 3318 5 3904
859 40 129289 6 130161
860 27 39781 7 40241
861 35 48885 8 49873
862 53 135995 7 136275
863 53 118659 7 119389
864 9 101076 7 101408
865 27 3318 5 4033
866 57 120281 5 121261
867 57 65042 5 65720
868 66 25706 7 26435
869 27 50177 7 50832
870 53 46304 6 47128
871 40 127509 6 128174
872 27 143231 6 143362
873 65 133340 6 133861
874 23 8010 6 8255
875 23 104657 6 104792
876 60 669 6 1709
877 23 123564 7 124319
878 6 70501 8 71471
879 40 48061 7 48967
880 60 77977 5 78661
881 38 53813 7 54619
882 40 135983 6 136210
883 53 74920 5 75774
884 60 30888 6 31912
885 53 130062 5 130303
886 40 111188 8 111833
887 57 83918 5 84149
888 23 125657 5 126404
889 6 58720 8 59520
890 9 68569 6 68798
891 42 5738 6 6578
892 42 65042 8 65557
893 40 114479 6 114758
894 18 144675 7 145158
895 6 116504 8 116867
896 35 134459 8 135457
897 16 56435 7 57005
898 18 1578 7 2226
899 53 1319 7 1755
900 27 108425 6 108673
901 23 82749 7 83716
902 6 99919 7 100683
903 42 119520 8 119795
904 27 91159 7 91590
905 42 73042 7 73784
906 18 11097 7 11809
907 10 77510 6 78178
908 60 85696 5 86642
909 27 62186 5 62758
910 53 80167 7 81138
911 65 65042 8 65464
912 40 96374 6 97401
913 23 101743 7 102707
914 35 136353 7 137026
915 40 27772 7 28097
916 57 42788 7 43635
917 40 138128 5 138759
918 40 38557 6 39338
919 40 10526 6 11311
920 53 32271 6 33278
921 40 130642 6 131237
922 40 20490 8 21267
923 53 139655 7 140426
924 27 4033 6 4801
925 40 23369 5 23533
926 6 122207 7 122911
927 60 65042 6 65839
928 6 75614 6 76425
929 9 90986 7 91417
930 42 147137 6 147673
931 23 35371 7 36293
932 16 126596 5 127071
933 53 119389 6 120364
934 27 126086 7 127061
935 6 147415 7 148370
936 10 145603 6 146007
937 40 54717 7 55661
938 57 91193 7 91918
939 60 118763 7 119187
940 6 86738 7 87371
941 38 45131 6 45763
942 60 56482 6 57404
943 35 135573 7 136316
944 53 12093 5 12409
945 42 7081 8 7587
946 23 21060 7 21659
947 6 27385 8 28203
948 16 51689 7 52272
949 53 108425 6 108590
950 60 40795 5 41573
951 65 88914 8 89800
952 53 126102 7 127100
953 53 97401 6 97882
954 65 104120 6 105013
955 53 23533 7 23721
956 16 34137 5 35139
957 40 14535 8 14791
958 27 51885 7 52258
959 38 99486 6 100288
960 40 73324 7 73771
961 23 133328 5 134158
962 60 48336 5 49109
963 38 47891 7 48581
964 57 76223 6 77098
965 27 44681 7 45131
966 6 88331 6 88922
967 60 10696 7 10967
968 16 25753 7 26561
969 27 68900 6 69767
970 35 112401 8 113159
971 42 90986 8 91933
972 16 20301 7 21295
973 38 60562 6 61114
974 23 16334 7 16733
975 42 8167 6 8741
976 27 88887 5 89842
977 18 104371 7 104693
978 6 119520 8 120117
979 65 45215 6 45849
980 42 78828 7 79202
981 60 27969 5 28679
982 66 7138 6 8021
983 60 88816 5 89093
984 40 145495 6 145934
985 27 127590 6 128591
986 10 110730 6 111221
987 57 86738 7 87203
988 40 39742 7 40604
989 53 139178 5 139655
990 16 4033 6 4864
991 40 1578 8 2015
992 60 120104 6 121065
993 65 19405 7 20228
994 27 60562 7 61303
995 60 15355 6 16111
996 23 2374 5 3440
997 16 141097 7 141730
998 18 74920 6 75051
999 6 105154 6 105274
1000 16 144162 7 144376
1001 57 78173 6 78525
1002 27 78455 5 78828
1003 53 75774 6 76702
1004 40 118965 7 119520
1005 42 135260 8 136022
1006 66 119520 6 119640
1007 65 62985 7 63184
1008 57 396 5 1221
1009 27 147058 5 147727
1010 16 11645 6 12506
1011 60 98449 5 99192
1012 6 147075 7 147314
1013 40 72333 8 73324
1014 10 140360 6 140593
1015 42 83159 7 83976
1016 27 83395 6 83918
1017 53 90053 7 90438
1018 23 111010 6 111747
1019 65 60785 5 61505
1020 16 14751 5 15592
1021 40 82251 8 82749
1022 6 113552 6 114436
1023 27 38736 5 39106
1024 42 23261 6 24069
1025 42 21060 8 21815
1026 27 114029 7 114996
1027 23 49392 7 49834
1028 35 8167 8 8345
1029 57 3389 6 4104
1030 6 126086 7 126572
1031 38 112246 7 112486
1032 10 30386 6 31074
1033 57 94431 6 95212
1034 9 119952 6 120841
1035 9 8211 7 8528
1036 53 121367 6 122207
1037 6 103474 8 103737
1038 60 52258 6 53000
1039 23 75614 6 75867
1040 10 18283 6 18563
1041 9 65042 6 65968
1042 38 32978 7 33246
1043 27 129297 7 130091
1044 40 128174 8 129136
1045 16 32069 6 32350
1046 9 1319 6 1748
1047 60 66841 5 67932
1048 60 90053 5 90222
1049 57 75387 6 76223
1050 66 8699 7 9337
1051 9 143821 7 144677
1052 16 134393 6 135258
1053 23 31259 7 32050
1054 23 110113 5 111010
1055 38 59579 6 59931
1056 23 27431 6 28063
1057 27 91694 6 92503
1058 42 37592 6 38445
1059 57 80561 5 81373
1060 57 70099 5 70501
1061 9 105604 7 106359
1062 35 120507 8 120860
1063 27 144675 6 145603
1064 16 15592 5 16422
1065 16 13128 5 13277
1066 40 17277 5 18283
1067 57 1319 7 1740
1068 57 122920 5 123520
1069 27 13049 6 13961
1070 40 83176 7 83500
1071 53 35150 7 35305
1072 66 115746 7 116548
1073 65 34305 7 35150
1074 23 62985 5 64000
1075 9 134459 7 135058
1076 27 1578 5 2126
1077 60 72230 5 72428
1078 23 32271 7 32901
1079 27 47696 6 48102
1080 18 8167 7 8466
1081 53 20860 6 21621
1082 57 135590 5 135805
1083 40 43134 6 43602
1084 65 99053 8 99329
1085 35 133340 6 134045
1086 38 38814 7 39715
1087 9 147058 6 147570
1088 60 122014 6 122945
1089 6 45131 7 45433
1090 35 131337 7 132043
1091 60 45215 6 46022
1092 66 79014 6 79438
1093 16 68551 6 69292
1094 6 127071 7 127795
1095 60 145249 5 146260
1096 18 117258 7 118076
1097 27 73943 6 74448
1098 38 52258 6 52893
1099 60 58720 5 59804
1100 40 56361 6 56488
1101 38 133260 7 133428
1102 53 102288 6 103137
1103 6 112870 6 113228
1104 6 84228 8 84368
1105 27 42111 6 42788
1106 53 61498 6 62262
1107 57 21060 7 22028
1108 23 53813 7 54463
1109 40 15355 6 16283
1110 60 16780 5 17584
1111 18 122637 7 123504
1112 53 130303 6 130939
1113 16 75924 7 76721
1114 6 49154 8 49354
1115 16 57359 7 57675
1116 53 78424 6 79148
1117 27 25313 6 25706
1118 53 115517 6 116233
1119 35 111014 8 111394
1120 57 48345 5 49148
1121 38 12893 7 13683
1122 57 130393 6 131347
1123 66 58962 7 59962
1124 60 75614 6 76377
1125 42 49240 8 49609
1126 60 74181 7 74846
1127 53 118347 6 118659
1128 6 40726 8 41461
1129 27 94989 5 95944
1130 27 64400 7 64568
1131 16 27540 5 28520
1132 53 37823 7 38524
1133 27 92503 7 93276
1134 16 37779 5 38215
1135 42 56207 8 57083
1136 18 129943 7 130816
1137 23 44200 6 45112
1138 16 51278 6 51689
1139 23 64000 7 64507
1140 23 40726 5 41591
1141 23 61358 6 61968
1142 27 5080 6 5433
1143 18 44681 7 44907
1144 57 93246 7 94147
1145 9 75387 6 76188
1146 57 136353 6 136733
1147 27 100647 7 100810
1148 40 35371 8 36197
1149 53 16100 6 16567
1150 57 79050 5 80050
1151 60 111010 6 111669
1152 57 41570 6 41946
1153 10 122911 6 123517
1154 60 25101 6 25851
1155 53 92503 5 92779
1156 27 110802 6 111091
1157 53 144675 7 145417
1158 6 80167 8 81038
1159 40 136932 6 137742
1160 16 104982 6 105741
1161 10 6976 6 7899
1162 66 19405 7 19717
1163 16 65042 5 65246
1164 60 140360 6 141138
1165 40 143627 7 143821
1166 10 19405 6 19696
1167 57 40625 6 41432
1168 9 41868 7 42277
1169 53 112919 6 113670
1170 10 117812 6 118249
1171 57 72799 5 73133
1172 40 98568 8 98856
1173 6 14126 8 15004
1174 16 43349 6 44200
1175 53 117311 5 118347
1176 27 88105 7 88887
1177 42 104120 7 104496
1178 27 48336 5 49299
1179 53 346 7 829
1180 23 873 5 1121
1181 27 122881 6 123630
1182 53 132618 6 132955
1183 16 107092 7 107337
1184 23 111747 6 112092
1185 60 67932 6 68915
1186 18 30386 7 31205
1187 42 95944 7 96425
1188 40 63216 6 63757
1189 18 48336 7 49154
1190 23 62442 6 62659
1191 6 138128 7 138917
1192 40 80567 6 81487
1193 38 87967 6 88622
1194 18 132068 6 132848
1195 23 146708 6 147708
1196 40 8010 8 8699
1197 27 122168 6 122881
1198 27 72333 7 73086
1199 66 20570 7 21340
1200 27 87142 7 88105
1201 35 56207 8 56700
1202 23 36981 7 37635
1203 6 52258 8 53137
1204 38 76623 7 76864
1205 9 15355 6 16049
1206 60 83060 6 83746
1207 23 6578 5 6976
1208 23 135260 6 136025
1209 40 116504 8 117295
1210 35 108425 7 109146
1211 27 35058 5 35371
1212 23 103291 6 103444
1213 16 142181 7 142676
1214 40 29306 6 29815
1215 16 42054 6 42877
1216 53 42114 6 42415
1217 16 101732 7 102656
1218 57 102714 7 103159
1219 27 70902 6 71898
1220 10 52258 6 52402
1221 38 36981 7 37449
1222 42 118654 8 119345
1223 16 95327 7 95865
1224 42 14751 8 14944
1225 40 16592 6 17277
1226 40 51921 6 52718
1227 65 42054 7 42838
1228 6 396 7 1187
1229 40 130507 6 130642
1230 18 147075 7 147454
1231 9 114996 7 115610
1232 16 6676 6 7291
1233 35 117632 7 118417
1234 9 60359 7 60742
1235 65 139577 8 140224
1236 65 77472 6 77776
1237 38 30386 7 31011
1238 16 42877 6 43349
1239 40 49240 7 50226
1240 57 38817 5 39663
1241 57 114479 5 115441
1242 57 81373 6 82134
1243 57 127729 6 128504
1244 66 88331 7 88645
1245 53 44681 6 45663
1246 38 56818 6 57713
1247 27 130091 7 130854
1248 16 44200 6 44505
1249 40 19791 8 20490
1250 23 30707 6 31259
1251 60 29508 6 30370
1252 65 90986 6 91413
1253 16 98673 7 99555
1254 40 21267 6 22288
1255 57 19503 7 19904
1256 16 13837 7 14034
1257 40 114758 7 115060
1258 66 144675 7 144914
1259 23 47891 5 48885
1260 35 60247 8 61235
1261 53 48886 6 49151
1262 57 87203 7 88161
1263 23 42303 6 43293
1264 38 3120 6 3413
1265 16 23259 6 24273
1266 65 135260 8 136069
1267 16 51110 6 51278
1268 38 65042 7 65474
1269 23 14751 7 14896
1270 9 116995 7 117994
1271 16 139577 6 139882
1272 9 5080 6 5773
1273 6 5738 8 6640
1274 35 58962 8 59713
1275 60 54092 7 54871
1276 53 40987 6 41868
1277 6 51333 7 51918
1278 40 4860 6 5027
1279 23 73772 7 73903
1280 27 16867 6 17774
1281 53 31664 6 32271
1282 40 124332 6 125002
1283 6 60562 7 61546
1284 38 121877 7 122501
1285 57 57534 6 58244
1286 65 10526 8 11346
1287 60 19405 7 20385
1288 53 145417 6 146155
1289 65 51399 8 52398
1290 18 132848 7 133674
1291 16 19022 6 19605
1292 57 117848 6 118473
1293 60 111747 5 111888
1294 27 51399 6 51885
1295 60 35570 7 36347
1296 23 142676 5 143670
1297 60 1709 7 2478
1298 65 203 7 684
1299 57 117258 7 117848
1300 53 79308 5 80167
1301 27 103579 7 104170
1302 65 73573 7 74314
1303 60 34876 6 35570
1304 53 79148 6 79284
1305 23 57966 6 58470
1306 53 28481 7 29359
1307 18 114029 7 114786
1308 38 106269 6 107059
1309 27 146708 5 147058
1310 23 90550 7 91439
1311 60 30386 6 30888
1312 35 21726 7 22509
1313 57 125657 7 126095
1314 57 8167 6 8760
1315 38 61349 7 62237
1316 6 44681 6 44894
1317 66 23813 6 24622
1318 60 103474 5 103691
1319 57 133037 5 133823
1320 60 59804 7 60556
1321 60 94128 6 94934
1322 42 10846 6 11548
1323 16 121877 6 122637
1324 53 57927 6 58394
1325 27 24496 7 25313
1326 42 85426 6 86042
1327 16 22509 6 23259
1328 42 30707 8 31392
1329 38 95944 7 96720
1330 65 138476 7 139417
1331 66 49154 7 50008
1332 38 22509 7 23432
1333 9 13343 6 14311
1334 53 92779 6 93726
1335 9 51689 7 52451
1336 57 108425 7 109303
1337 6 21457 7 21898
1338 42 146143 7 147093
1339 38 143231 7 143986
1340 9 49154 7 49431
1341 42 102889 7 103144
1342 40 106471 7 106803
1343 16 104629 7 104982
1344 60 36981 6 37899
1345 57 113227 6 114015
1346 57 126886 6 127729
1347 16 57675 6 58440
1348 27 61349 6 62186
1349 65 6578 6 6967
1350 38 31664 6 32455
1351 10 438 6 1314
1352 27 132579 6 133468
1353 6 23533 6 23858
1354 57 18676 6 19503
1355 35 141188 8 142065
1356 9 19210 6 20073
1357 23 132012 6 132836
1358 65 15355 7 16179
1359 57 121261 6 122039
1360 9 78828 6 79549
1361 23 5834 6 6233
1362 40 133328 5 133987
1363 57 112246 6 112991
1364 42 133037 8 133915
1365 16 112401 6 112554
1366 65 32271 6 32930
1367 57 112013 6 112246
1368 18 98673 7 99131
1369 40 129136 7 129289
1370 16 39338 5 39483
1371 60 78661 7 79430
1372 9 62345 7 63262
1373 38 73214 6 73547
1374 53 56818 5 56967
1375 53 127745 6 128211
1376 23 78139 6 78942
1377 27 67035 7 67921
1378 57 129497 7 130393
1379 35 28881 6 29164
1380 53 82749 7 83503
1381 16 114566 5 115595
1382 57 25490 7 25935
1383 40 125002 6 125657
1384 23 71017 6 71840
1385 16 13703 6 13837
1386 16 115595 6 116450
1387 60 6676 6 7138
1388 27 141546 6 142333
1389 9 67408 6 67650
1390 60 71082 6 71661
1391 38 76901 7 77646
1392 57 6676 6 7384
1393 27 79744 6 80096
1394 18 147695 6 148408
1395 23 98350 6 99053
1396 23 54463 6 55288
1397 57 77098 7 78173
1398 35 110113 7 110925
1399 18 83395 7 84216
1400 40 83942 5 84089
1401 40 102889 5 103442
1402 40 83500 5 83942
1403 42 19405 8 20209
1404 16 80611 6 80957
1405 38 80705 7 80846
1406 38 131237 6 131734
1407 40 69930 8 70878
1408 38 102414 7 102688
1409 38 127745 6 127921
1410 6 73324 6 73889
1411 57 111023 5 112013
1412 57 92503 6 92875
1413 53 106269 5 107289
1414 57 46047 6 46823
1415 16 134177 6 134393
1416 23 74874 7 75550
1417 23 108425 7 109305
1418 23 26497 6 27139
1419 38 122627 6 123350
1420 35 63963 6 64191
1421 40 65229 5 65631
1422 38 124060 7 124866
1423 9 14460 7 15169
1424 27 106305 5 106883
1425 23 73903 6 74874
1426 60 9142 5 9888
1427 65 24896 7 25841
1428 65 130507 6 131354
1429 9 59406 6 59943
1430 27 6676 6 7435
1431 57 11530 6 12475
1432 16 83539 6 84350
1433 23 17611 5 18696
1434 23 103579 7 104418
1435 65 143821 6 144528
1436 9 16942 7 17893
1437 23 78942 6 79460
1438 38 79744 7 80678
1439 38 29452 7 30007
1440 38 138737 5 139534
1441 60 102414 5 103474
1442 35 115618 7 116247
1443 16 73939 5 74704
1444 16 138616 5 138737
1445 23 105604 6 106330
1446 57 106579 5 107304
1447 23 106592 6 107401
1448 42 60562 8 61349
1449 40 76623 7 77436
1450 27 47511 6 47696
1451 23 117812 6 117939
1452 16 10337 6 10785
1453 57 140360 5 141183
1454 16 21726 6 22507
1455 16 93861 6 94702
1456 40 6676 8 7081
1457 57 128504 6 129497
1458 60 127239 7 128028
1459 60 26810 7 27611
1460 53 13581 7 14079
1461 16 126399 6 126596
1462 16 132447 5 133260
1463 23 52258 7 52963
1464 6 25101 7 25790
1465 65 91694 8 92691
1466 16 46047 7 46503
1467 40 85964 6 86738
1468 57 24086 5 24923
1469 42 120507 8 121421
1470 23 16199 7 16334
1471 16 38683 6 38887
1472 27 131542 6 132123
1473 42 98350 8 99233
1474 35 7183 7 7956
1475 35 143231 8 143627
1476 60 85305 7 85696
1477 38 130507 6 130838
1478 40 113227 7 113552
1479 53 56431 5 56818
1480 27 45131 5 45601
1481 18 81138 7 81918
1482 66 142493 6 143122
1483 9 122627 6 123063
1484 27 145603 7 146472
1485 53 68422 7 68674
1486 16 71350 5 72230
1487 35 16334 8 16737
1488 60 116504 7 116868
1489 16 79014 5 79825
1490 60 5738 7 6536
1491 60 110079 6 110811
1492 57 55042 6 55702
1493 6 77472 7 78178
1494 9 54463 7 55417
1495 6 123564 7 124450
1496 60 102220 7 102414
1497 53 81138 6 81476
1498 35 22509 8 23416
1499 27 78828 5 79744
1500 27 40604 6 41369
1501 57 112991 6 113204
1502 16 112554 5 113117
1503 42 48345 6 49240
1504 60 106269 7 106558
1505 38 112720 6 113664
1506 35 58440 7 58620
1507 42 143231 8 144024
1508 40 36197 6 36948
1509 10 15592 6 16366
1510 60 72428 6 73042
1511 35 25490 7 25964
1512 23 23240 6 23869
1513 40 42303 8 43134
1514 9 135573 6 136364
1515 53 21621 5 22166
1516 65 72333 8 73027
1517 53 19098 6 20017
1518 53 135260 5 135995
1519 53 129333 5 130062
1520 40 142493 6 143453
1521 16 19605 6 20301
1522 40 142065 5 142493
1523 53 25745 7 26515
1524 57 116995 7 117258
1525 57 39781 5 40625
1526 27 55222 6 56011
1527 6 74913 7 75611
1528 27 120721 7 121176
1529 23 79744 7 80589
1530 65 114127 8 114816
1531 65 32978 7 33578
1532 42 145249 8 146143
1533 27 36156 7 36981
1534 9 91765 7 92063
1535 53 71404 6 72333
1536 65 140360 7 140748
1537 40 438 7 1319
1538 16 78264 6 79014
1539 65 112246 7 112841
1540 35 23698 8 24149
1541 40 56488 6 57255
1542 27 36981 7 37754
1543 42 104496 6 104981
1544 35 103291 7 104120
1545 16 113227 5 114127
1546 35 37823 8 38344
1547 9 73903 7 74327
1548 53 1755 7 2593
1549 16 76901 6 77612
1550 27 143821 5 144374
1551 53 143627 5 144606
1552 60 66031 6 66841
1553 16 21457 6 21726
1554 40 127044 6 127509
1555 57 51121 7 51333
1556 38 65631 7 66229
1557 53 47128 7 48057
1558 27 23261 6 23813
1559 57 73573 6 74363
1560 53 8167 7 8949
1561 23 61968 6 62442
1562 65 144675 8 145600
1563 27 50832 6 51133
1564 23 104792 6 105049
1565 6 95865 8 96663
1566 57 83064 7 83879
1567 40 130161 7 130507
1568 40 50226 5 51165
1569 40 116058 7 116504
1570 53 20017 6 20860
1571 42 108585 7 108746
1572 60 124459 7 124670
1573 60 63775 6 64684
1574 6 29508 7 30262
1575 23 128884 6 129886
1576 38 75614 7 76034
1577 53 53847 6 54470
1578 27 35734 6 36156
1579 57 138672 7 139668
1580 27 54838 5 55222
1581 27 111188 5 111460
1582 60 111898 5 112720
1583 53 123073 6 124060
1584 38 73903 6 74060
1585 40 13263 6 13704
1586 23 114029 6 115000
1587 60 121065 6 121331
1588 57 49427 5 50004
1589 38 93276 7 93710
1590 40 1319 8 1578
1591 18 99999 7 100808
1592 40 3120 6 3573
1593 18 28082 7 29048
1594 57 32414 7 33145
1595 65 80691 8 81466
1596 6 135573 7 135808
1597 23 1319 6 1662
1598 38 1662 6 2407
1599 23 15355 6 16199
1600 27 69930 5 70902
1601 16 129033 5 129943
1602 40 136210 7 136932
1603 40 11311 7 12140
1604 40 66225 6 66460
1605 6 28415 6 29330
1606 60 94934 7 95681
1607 27 95944 7 96721
1608 53 39411 5 40192
1609 60 108728 7 109648
1610 65 145939 7 146932
1611 23 27139 5 27431
1612 16 35371 6 36207
1613 57 12475 7 13081
1614 16 78139 5 78264
1615 53 29359 6 29839
1616 27 63691 5 64400
1617 27 137742 6 138512
1618 40 58309 6 59221
1619 16 1578 6 2168
1620 10 98673 6 99117
1621 38 100647 6 101576
1622 65 102714 8 103588
1623 40 91252 5 92078
1624 6 94422 6 95161
1625 57 97821 6 98528
1626 53 101058 7 102032
1627 6 66031 8 66869
1628 27 90986 7 91159
1629 16 50177 6 51110
1630 9 92503 7 93485
1631 9 108585 7 109426
1632 23 141245 7 142078
1633 65 44200 7 45176
1634 16 53062 7 53809
1635 40 55661 7 56361
1636 6 8167 7 9048
1637 40 86738 8 87628
1638 40 61349 8 61807
1639 27 438 6 1282
1640 66 104418 6 104654
1641 16 137742 5 138476
1642 40 28415 6 29306
1643 60 32978 6 33868
1644 60 83746 6 84579
1645 40 138759 7 139577
1646 27 2126 6 3020
1647 9 138128 6 138858
1648 27 136529 6 137289
1649 16 41345 6 42054
1650 60 14890 6 15296
1651 53 99053 6 99612
1652 66 140360 6 141313
1653 18 94989 7 95175
1654 27 57807 6 58656
1655 18 58440 6 59414
1656 60 62345 6 62666
1657 23 102707 6 103291
1658 42 66841 8 67259
1659 38 128174 7 129024
1660 16 13277 6 13703
1661 42 88161 7 88576
1662 16 117945 5 118488
1663 16 125657 6 126399
1664 53 14126 5 15019
1665 18 105604 7 106402
1666 27 18532 5 19257
1667 16 77612 6 78139
1668 23 147727 6 148407
1669 65 30386 7 31266
1670 23 128174 6 128309
1671 27 8699 6 9142
1672 38 71017 6 71650
1673 38 70031 6 70944
1674 23 40604 7 40726
1675 40 103442 7 103831
1676 65 53062 8 53878
1677 57 72230 5 72799
1678 40 133987 6 134956
1679 66 122881 7 123069
1680 40 111833 6 112401
1681 23 124319 6 125004
1682 40 66460 6 66790
1683 38 37779 7 38769
1684 53 146708 7 147137
1685 27 19564 6 20229
1686 53 91413 7 91843
1687 65 38287 8 38737
1688 27 134774 6 135573
1689 65 14015 8 14625
1690 18 93246 7 93544
1691 65 147075 8 147603
1692 23 116504 7 116693
1693 66 27139 7 27819
1694 27 124391 5 125141
1695 57 84149 5 84987
1696 18 51689 6 51886
1697 65 45965 8 46328
1698 40 94190 7 95126
1699 65 61807 6 62221
1700 6 38557 8 39556
1701 57 66031 5 66220
1702 60 90986 6 91242
1703 65 132579 7 132858
1704 23 48885 6 49088
1705 23 93558 6 94422
1706 57 9857 6 10846
1707 23 121877 7 122098
1708 57 35588 6 36444
1709 57 62616 5 62828
1710 38 78879 7 79600
1711 60 130522 7 130917
1712 27 74448 7 75387
1713 23 55288 6 55564
1714 66 135590 7 136318
1715 9 0 6 325
1716 40 13704 5 13871
1717 16 129943 6 130595
1718 57 63698 6 64535
1719 6 4033 6 4858
1720 16 116504 6 116995
1721 42 99726 7 100128
1722 27 11285 6 12093
1723 9 123564 7 124098
1724 16 143821 7 144162
1725 16 72230 7 73214
1726 38 135260 7 136178
1727 16 122637 7 123438
1728 18 24086 7 24916
1729 23 45965 6 46797
1730 18 101732 7 102713
1731 10 128884 6 129746
1732 27 57503 6 57807
1733 35 34137 8 34876
1734 53 96249 7 96870
1735 65 78525 8 79171
1736 60 144973 5 145118
1737 27 98779 5 99531
1738 57 53062 7 53314
1739 42 68569 7 68694
1740 18 50177 7 50937
1741 65 70501 7 71274
1742 23 25101 6 26062
1743 16 70031 5 70700
1744 60 49154 7 49922
1745 60 105604 5 105862
1746 27 99531 7 99919
1747 27 56803 6 57503
1748 38 62442 6 62917
1749 6 139178 8 139982
1750 38 81138 7 81859
1751 53 77951 7 78424
1752 65 58244 8 58998
1753 40 23698 5 24086
1754 16 96475 6 97220
1755 6 101076 7 101788
1756 66 94147 7 94952
1757 57 78525 6 79050
1758 9 87628 6 88465
1759 27 58656 6 59579
1760 23 20570 7 21060
1761 40 107694 8 108425
1762 23 9903 6 10647
1763 60 128174 6 129082
1764 23 49154 5 49392
1765 16 86738 7 87645
1766 27 82749 7 83159
1767 27 90053 6 90923
1768 40 62297 5 63216
1769 65 57037 6 57193
1770 9 99053 6 99914
1771 18 143821 7 144663
1772 27 132123 7 132579
1773 40 104316 6 105154
1774 16 17879 6 18423
1775 23 49873 6 50040
1776 16 62297 6 63274
1777 60 53062 7 53378
1778 53 124782 6 125522
1779 27 108728 5 109562
1780 40 22509 5 23369
1781 27 48102 7 48336
1782 9 77472 7 77650
1783 53 98636 6 98977
1784 10 126095 6 126234
1785 65 141546 7 141889
1786 16 146115 5 146365
1787 6 19022 8 19936
1788 16 90550 7 91256
1789 65 21621 6 22267
1790 38 129333 6 129713
1791 16 118880 6 119308
1792 16 133260 7 134016
1793 60 3318 6 3991
1794 38 69292 6 69774
1795 38 42111 6 42244
1796 23 45112 6 45712
1797 57 94147 6 94431
1798 60 21787 5 22570
1799 27 47128 6 47511
1800 16 93246 7 93861
1801 10 72230 6 72960
1802 10 141412 6 141568
1803 57 104130 7 104685
1804 38 127071 6 127388
1805 65 134459 6 135203
1806 53 120364 5 121367
1807 9 6676 6 7158
1808 53 94393 7 95315
1809 38 51278 7 51754
1810 40 88331 6 88859
1811 38 141546 6 141866
1812 40 109981 7 110388
1813 27 135983 6 136529
1814 40 44681 6 45099
1815 23 67921 5 68741
1816 16 123917 5 124205
1817 23 65042 6 65741
1818 60 18831 5 19347
1819 40 134956 7 135842
1820 60 117981 6 118763
1821 66 133328 6 134269
1822 42 25101 8 25495
1823 23 118195 6 119222
1824 38 147075 6 147337
1825 9 53314 6 54028
1826 27 53869 6 54838
1827 27 22672 7 23261
1828 40 147695 5 147878
1829 60 79430 7 79774
1830 40 27026 6 27772
1831 57 25101 6 25490
1832 42 117287 7 118092
1833 40 84987 6 85964
1834 38 58440 6 59232
1835 35 130507 7 131337
1836 57 36981 7 37592
1837 9 34137 7 34313
1838 10 142858 6 143221
1839 53 27540 6 28082
1840 18 25413 7 25759
1841 40 45099 7 45965
1842 65 94422 8 95118
1843 27 13961 5 14460
1844 38 36207 6 36610
1845 16 396 6 991
1846 27 101732 5 102515
1847 27 68182 6 68900
1848 35 101732 8 102669
1849 16 106269 7 107092
1850 10 49240 6 49931
1851 53 17180 5 18166
1852 65 2126 5 3031
1853 18 60359 7 60662
1854 40 95541 6 96374
1855 53 3120 6 3318
1856 16 48211 5 48924
1857 18 137742 6 138288
1858 35 13837 8 14141
1859 65 128591 8 129401
1860 16 39483 6 39944
1861 42 102220 8 102442
1862 27 56207 7 56803
1863 6 56011 5 56731
1864 40 119520 8 120080
1865 53 42415 6 43351
1866 23 105154 6 105409
1867 53 24264 6 25101
1868 57 34137 5 34784
1869 35 19210 8 19966
1870 53 128591 6 129333
1871 66 101060 7 102038
1872 53 124060 7 124782
1873 53 51412 6 51602
1874 53 30707 5 31182
1875 60 16193 6 16780
1876 16 12506 6 13128
1877 9 134138 6 134434
1878 42 14460 7 14727
1879 38 68422 7 69225
1880 35 42111 7 43051
1881 53 16567 5 17180
1882 23 87627 6 88617
1883 53 132447 6 132618
1884 57 10846 7 11037
1885 53 85125 6 86023
1886 42 57503 6 58305
1887 57 95958 6 96550
1888 23 109314 7 110113
1889 65 97401 8 97882
1890 18 115517 7 116370
1891 16 66189 6 66480
1892 53 5834 6 6834
1893 60 80561 6 81505
1894 65 83503 8 84345
1895 40 79825 7 80567
1896 53 116504 6 117311
1897 42 79744 6 80561
1898 57 90986 6 91193
1899 53 147462 6 148247
1900 23 10647 7 11526
1901 27 97549 5 97985
1902 23 346 6 873
1903 16 141730 7 142181
1904 40 122627 7 123564
1905 23 83716 6 84032
1906 18 53062 7 53841
1907 40 145064 6 145495
1908 40 125657 8 126602
1909 35 40726 8 41714
1910 23 84228 5 84449
1911 53 28082 6 28481
1912 42 130507 7 131369
1913 57 51333 7 52163
1914 38 101732 6 102088
1915 42 13837 7 14167
1916 57 47511 7 47763
1917 23 18696 6 19608
1918 23 120507 6 121399
1919 66 60247 6 60996
1920 6 102032 6 102904
1921 38 49154 7 49539
1922 18 91159 7 91527
1923 23 138476 6 139322
1924 42 70031 6 70877
1925 40 104120 7 104316
1926 40 61807 6 62197
1927 23 76397 6 77189
1928 23 41591 5 42129
1929 57 100554 6 100818
1930 23 68741 7 69525
1931 42 19210 8 19405
1932 10 58244 6 59229
1933 53 108728 7 109574
1934 23 127509 6 127923
1935 27 133468 6 134459
1936 65 37823 7 38287
1937 53 83503 6 84293
1938 16 127596 7 127912
1939 6 73939 6 74247
1940 65 48336 8 49108
1941 23 94422 7 95139
1942 23 128309 6 128740
1943 57 50177 6 51121
1944 18 61349 7 62238
1945 57 13081 6 14216
1946 35 97401 8 97524
1947 18 49154 7 50003
1948 23 11526 6 12391
1949 9 10846 6 11296
1950 40 2015 7 2854
1951 65 49154 7 49467
1952 6 0 6 198
1953 10 102032 6 102609
1954 27 5433 7 6154
1955 23 104418 7 104657
1956 6 122911 7 123473
1957 53 22509 7 23428
1958 53 113670 6 114622
1959 38 28097 6 28982
1960 60 95844 7 96666
1961 53 137742 5 138347
1962 6 111010 8 111235
1963 53 59965 6 60785
1964 16 145406 6 146115
1965 53 829 6 960
1966 35 99999 8 100476
1967 57 62985 5 63698
1968 27 104371 5 105320
1969 9 142284 6 142498
1970 53 114622 6 115517
1971 57 119415 5 120113
1972 66 130595 6 131587
1973 16 80957 6 81760
1974 57 30386 7 30631
1975 65 84874 6 85811
1976 60 97401 7 97565
1977 27 44437 6 44681
1978 35 132064 8 133062
1979 16 138737 5 139535
1980 16 63274 6 63963
1981 53 51602 6 52351
1982 42 28520 7 28785
1983 40 53813 6 54325
1984 16 87645 5 87928
1985 60 28679 6 29508
1986 16 142676 6 142961
1987 57 52258 7 52575
1988 9 132064 7 132329
1989 27 116504 6 117272
1990 40 36981 7 37716
1991 27 103304 7 103579
1992 66 141546 7 142434
1993 16 110125 5 111014
1994 35 114622 6 114887
1995 57 35150 5 35413
1996 53 18283 6 19098
1997 60 114029 7 115010
1998 38 21457 7 21931
1999 53 141412 7 141872
2000 9 80705 6 81156
2001 40 9029 7 9671
2002 38 108425 6 109316
2003 57 55702 6 56607
2004 40 132449 5 133328
2005 53 9142 7 9925
2006 57 35413 6 35588
2007 53 9925 6 10151
2008 6 62985 7 63847
2009 57 31491 6 32358
2010 53 110079 7 110289
2011 65 136275 7 136855
2012 38 126086 6 126515
2013 18 119520 7 120133
2014 23 60302 7 61131
2015 6 26497 7 27182
2016 27 112356 5 113227
2017 23 129943 6 131096
2018 6 50226 7 50534
2019 27 45965 6 46916
2020 53 110289 6 110730
2021 16 104120 7 104629
2022 53 111625 6 112373
2023 38 45965 6 46787
2024 27 120495 7 120721
2025 16 92503 5 93246
2026 18 7081 7 7599
2027 57 134774 7 135590
2028 38 23721 7 24295
2029 40 99726 6 99942
2030 27 17879 6 18532
2031 57 27731 6 28344
2032 53 81487 5 82432
2033 53 142858 7 143489
2034 27 134459 7 134774
2035 18 15592 7 15874
2036 60 58087 7 58720
2037 6 41591 6 42503
2038 42 142078 8 142775
2039 6 133340 7 134049
2040 9 38736 7 38979
2041 9 49973 7 50709
2042 60 130161 6 130522
2043 60 61349 7 62345
2044 16 67963 7 68551
2045 23 93285 7 93558
2046 60 51121 7 51958
2047 16 79825 6 80611
2048 35 122881 7 123028
2049 60 13343 6 14050
2050 16 69292 7 70031
2051 60 10967 5 11909
2052 6 91159 7 91917
2053 57 66575 6 67521
2054 10 115441 6 115712
2055 65 39338 8 40006
2056 57 74363 6 75361
2057 42 4033 6 4903
2058 57 84987 5 85811
2059 38 51921 7 52085
2060 35 14460 8 15289
2061 53 45965 7 46304
2062 66 113227 7 113784
2063 23 16780 7 17611
2064 9 25313 6 25548
2065 35 91159 6 91765
2066 57 3120 5 3389
2067 40 51693 5 51921
2068 35 97821 7 98712
2069 53 38524 5 39411
2070 57 109314 6 110079
2071 53 35926 5 36756
2072 16 120281 7 121100
2073 18 91694 7 92087
2074 6 145939 7 146664
2075 60 101732 6 102220
2076 23 72629 6 73287
2077 42 127745 7 128184
2078 57 26497 7 27030
2079 40 98017 8 98568
2080 9 57503 6 58253
2081 27 49299 7 50177
2082 27 39338 6 39781
2083 40 109232 7 109981
2084 23 50703 5 51343
2085 38 83159 7 83681
2086 57 23240 5 24073
2087 60 46629 7 47583
2088 23 1662 6 2374
2089 53 77510 6 77951
2090 16 8211 5 8525
2091 53 4033 5 4860
2092 6 84865 8 85757
2093 16 61358 7 62297
2094 57 118654 7 119415
2095 60 38683 7 38814
2096 6 1709 7 2492
2097 57 68422 5 69157
2098 53 122207 6 123073
2099 9 47696 7 48410
2100 38 118654 6 119146
2101 65 63775 8 64656
2102 23 34876 6 35272
2103 40 84089 6 84987
2104 53 140426 7 141412
2105 23 86879 6 87627
2106 16 26810 6 27540
2107 60 34305 6 34735
2108 23 143821 5 144304
2109 18 36981 7 37955
2110 18 124060 7 124675
2111 10 133340 6 133951
2112 60 137927 5 138895
2113 16 135983 7 136213
2114 23 39086 7 39897
2115 27 76053 5 76690
2116 57 27030 6 27731
2117 23 34137 6 34731
2118 57 115618 6 116110
2119 23 132836 7 133071
2120 42 16592 7 17335
2121 16 100322 6 101076
2122 23 85426 7 85774
2123 10 25737 6 26506
2124 40 63757 6 63952
2125 60 108523 5 108679
2126 53 62985 5 63939
2127 65 105604 6 106003
2128 6 20229 6 21132
2129 60 138895 6 139802
2130 66 109232 7 109634
2131 18 66189 7 66373
2132 9 44200 6 45071
2133 57 96550 7 96683
2134 23 59406 6 60302
2135 53 12870 5 13581
2136 40 30386 8 30886
2137 23 126596 6 127309
2138 27 105320 6 105604
2139 65 50177 6 50965
2140 38 42788 7 43241
2141 6 111898 7 112647
2142 42 28820 6 29444
2143 6 142676 8 143661
2144 60 57503 6 57924
2145 27 80167 6 80705
2146 35 88914 8 89572
2147 6 140360 7 141286
2148 42 132579 6 133037
2149 57 124198 5 124848
2150 38 97401 6 98209
2151 42 53062 8 53639
2152 27 43751 6 44437
2153 6 129289 6 129961
2154 16 123564 5 123917
2155 27 34137 6 35058
2156 57 126095 7 126886
2157 27 80705 6 81581
2158 53 86738 5 87645
2159 38 67521 6 68338
2160 38 74704 7 75303
2161 16 124205 6 125069
2162 27 62985 5 63691
2163 57 58962 5 59831
2164 27 56011 7 56207
2165 16 97401 7 97644
2166 10 67932 6 68799
2167 38 26561 6 26833
2168 6 42788 7 43370
2169 57 54192 6 55042
2170 60 132447 7 133372
2171 57 114029 6 114445
2172 35 77472 7 78443
2173 57 70501 5 71425
2174 57 138476 7 138672
2175 23 99999 5 101068
2176 16 95865 6 96475
2177 9 116504 6 116902
2178 57 104685 7 105429
2179 65 35150 8 36070
2180 23 19791 7 20570
2181 53 10151 5 10423
2182 42 26561 8 27508
2183 40 37716 7 38557
2184 53 11097 6 11692
2185 16 108425 7 109188
2186 40 65631 7 66225
2187 40 34137 8 34321
2188 23 97401 6 98163
2189 27 138512 5 139464
2190 60 53809 7 54048
2191 6 110385 6 110884
2192 60 77108 5 77977
2193 23 99053 5 99486
2194 23 29452 7 29648
2195 9 88887 7 89599
2196 18 109232 7 109911
2197 42 27731 7 28469
2198 60 4860 7 5716
2199 57 47763 5 48168
2200 42 21878 8 22709
2201 57 41946 7 42651
2202 65 63216 7 63353
2203 23 85305 6 85426
2204 57 97401 5 97821
2205 6 92503 8 93280
2206 60 86738 5 87711
2207 18 63939 7 64458
2208 27 97401 5 97549
2209 38 142065 7 143011
2210 16 30386 5 31329
2211 66 73573 5 74000
2212 57 142284 6 143131
2213 53 84293 7 85125
2214 16 131554 6 132068
2215 42 97401 8 98350
2216 42 115441 6 116099
2217 53 134366 6 135170
2218 53 72333 6 72960
2219 53 50489 6 51412
2220 53 74268 6 74788
2221 53 104120 7 105052
2222 57 105604 7 106579
2223 53 66031 5 66667
2224 9 101908 6 102131
2225 27 98350 6 98779
2226 23 47128 6 47891
2227 53 65162 6 65958
2228 60 119187 7 119519
2229 23 95844 6 96574
2230 9 111667 7 112665
2231 65 67576 7 67764
2232 10 141730 6 142401
2233 16 24273 6 25273
2234 40 23533 6 23698
2235 53 34638 7 35083
2236 40 95126 8 95541
2237 40 8699 8 9029
2238 6 35734 7 36563
2239 40 143821 8 144675
2240 40 88859 6 89285
2241 57 7384 6 8124
2242 35 28082 8 28881
2243 66 34137 6 34703
2244 27 67921 7 68182
2245 16 121100 6 121877
2246 16 140360 7 141097
2247 57 88161 6 88914
2248 35 0 8 188
2249 60 7138 6 7417
2250 40 0 5 429
2251 42 80561 8 81330
2252 60 9888 5 10696
2253 16 45127 5 46047
2254 16 82749 7 83180
2255 42 141546 8 142067
2256 6 57675 7 58531
2257 53 102032 5 102288
2258 38 11037 7 11422
2259 16 40604 6 41345
2260 27 21131 5 21878
2261 65 109314 8 110014
2262 60 47583 5 48326
2263 42 35926 7 36537
2264 66 118191 5 118808
2265 42 109232 7 109742
2266 6 141412 8 141815
2267 6 130303 7 130447
2268 40 139577 8 140360
2269 27 121176 6 122168
2270 66 77108 7 77278
2271 6 116995 7 117914
2272 57 103159 6 103294
2273 23 137742 6 138446
2274 40 40604 8 41377
2275 66 120507 7 121278
2276 60 69292 6 70051
2277 42 116995 7 117287
2278 23 81157 6 81946
2279 57 19904 6 20704
2280 40 43751 7 44513
2281 53 36981 5 37823
2282 40 18470 8 18976
2283 40 75284 8 75915
2284 35 18470 6 19002
2285 53 40604 6 40987
2286 18 21878 7 22689
2287 57 37592 6 38008
2288 35 59804 7 60152
2289 53 67408 6 68208
2290 40 93383 7 94190
2291 42 112246 6 112852
2292 53 35371 7 35542
2293 42 113552 7 114257
2294 60 57924 7 58087
2295 40 100310 7 101060
 调度评估结果
1. 任务等待评估 (Σ 等待×权重): 1578209692
2. 任务完成评估 (最大完成时间): 148526
3. GPU显存空闲评估 (平均空闲): 7038.32 GB/时间片
 额外统计
已调度任务               : 2295/2295
平均等待时间            : 70236.21
各服务器任务分布      : 服务器6=125, 服务器9=99, 服务器10=45, 服务器16=216, 服务器18=84, 服务器23=200, 服务器27=214, 服务器35=83, 服务器38=120, 服务器40=226, 服务器42=107, 服务器53=205, 服务器57=194, 服务器60=196, 服务器65=128, 服务器66=53
