1 57 25001 1 25522
2 47 8311 1 9374
3 22 25771 2 26475
4 1 38059 2 38140
5 45 42669 1 43190
6 18 18256 3 18366
7 1 26117 3 26526
8 1 38455 1 39118
9 49 39171 2 39295
10 49 39171 2 39445
11 5 38455 1 38940
12 48 35021 4 35556
13 57 35935 3 36111
14 53 39171 1 39392
15 49 10604 1 10982
16 4 15911 1 16262
17 47 35760 1 35888
18 49 39700 2 39749
19 40 33112 1 33698
20 35 30186 2 30435
21 7 44190 4 44852
22 49 17709 3 18548
23 18 45689 1 46364
24 1 35964 6 36672
25 49 2841 1 3379
26 30 14207 3 14393
27 55 23755 1 24387
28 49 27274 2 27460
29 52 24295 1 24601
30 6 30186 3 30373
31 27 30186 1 30639
32 47 21618 1 21756
33 33 27274 3 27483
34 40 51181 1 51383
35 49 13168 1 14207
36 1 46479 2 46970
37 32 20177 2 20214
38 49 50981 1 51218
39 1 1208 2 1473
40 50 5713 1 6964
41 41 49429 3 49925
42 37 4077 5 4234
43 27 12485 1 12588
44 45 8097 1 8334
45 47 36852 1 38852
46 48 2334 1 2547
47 4 41363 1 42669
48 50 49513 2 49790
49 49 6986 1 7447
50 49 5301 1 5609
51 30 25735 2 25900
52 51 47705 3 47755
53 30 27236 4 27881
54 40 865 1 1613
55 49 45662 3 46190
56 55 34193 2 34513
57 1 23755 2 23875
58 31 5609 1 5739
59 25 44920 1 44958
60 4 19926 4 20226
61 52 15836 1 15967
62 1 1876 1 2197
63 49 8311 1 8800
64 57 4549 2 5287
65 41 46110 1 46733
66 4 0 2 372
67 49 1876 5 2038
68 1 9975 3 10684
69 55 35520 1 35965
70 49 427 1 903
71 47 3584 1 3878
72 15 2334 1 2957
73 38 14207 1 14483
74 9 48367 2 48431
75 16 32435 1 33100
76 39 5713 5 6017
77 4 32788 1 34193
78 36 2334 2 2734
79 1 8311 5 8919
80 30 41363 1 41793
81 50 47084 1 47168
82 49 31056 1 32435
83 8 21262 1 21877
84 33 37607 3 37926
85 32 19393 4 20132
86 50 0 1 153
87 29 36336 1 36540
88 45 44920 1 45351
89 24 35520 5 36040
90 47 47444 2 47633
91 43 11574 3 12053
92 49 33290 1 33860
93 57 8390 3 8972
94 49 29397 3 29924
95 50 34473 1 35415
96 1 29665 1 30275
97 55 29665 5 30178
98 56 36042 5 36348
99 47 9975 3 10627
100 52 47084 2 47704
101 49 3010 1 3098
102 47 30186 1 30816
103 35 10243 1 10341
104 4 2334 2 3708
105 49 25001 2 25735
106 48 3584 1 4247
107 9 15170 1 15704
108 49 35964 2 36336
109 46 48367 1 48824
110 4 50455 1 50795
111 20 45662 1 46131
112 32 4077 4 4115
113 57 50455 1 50566
114 47 49429 1 50085
115 22 40232 1 40647
116 32 8097 3 8670
117 56 46110 4 46159
118 57 17709 2 17781
119 1 26117 1 26696
120 47 15170 3 15689
121 50 25735 2 26706
122 55 8097 1 8688
123 41 26520 2 26777
124 10 10405 4 10944
125 30 50826 5 51411
126 49 34473 1 34498
127 50 45494 1 45563
128 24 30426 6 31114
129 31 23755 1 24277
130 30 15335 2 15899
131 17 39171 3 39642
132 9 50981 1 51563
133 57 30426 1 31141
134 30 11356 3 11458
135 12 6027 6 6631
136 4 15911 2 16271
137 43 21618 3 22237
138 55 3584 3 3809
139 22 10170 1 10879
140 2 8390 3 8741
141 30 12485 6 13049
142 43 28468 3 28557
143 50 45494 1 45749
144 41 19731 1 20405
145 18 39700 1 39800
146 47 31056 1 31203
147 40 39171 1 39227
148 57 45422 1 45739
149 49 49429 4 49730
150 44 47172 4 47734
151 48 42669 2 43128
152 28 10170 2 10911
153 7 33112 3 33554
154 52 39171 3 39561
155 1 47705 5 48336
156 48 51181 2 51228
157 31 35935 2 36461
158 47 42669 2 42697
159 20 41363 1 41777
160 9 10405 2 10577
161 41 51045 4 51299
162 57 21262 1 21854
163 55 49764 3 49823
164 22 3584 1 3963
165 56 19541 1 19701
166 43 47268 1 47506
167 52 903 1 1257
168 4 36111 1 38689
169 48 14751 3 15099
170 56 28468 1 29083
171 50 1876 2 2334
172 25 43915 2 44179
173 1 2334 3 2524
174 10 35042 1 35145
175 1 2334 1 2868
176 4 47172 1 47538
177 49 44190 6 44920
178 49 37607 2 37758
179 4 14207 1 14596
180 6 26520 3 26540
181 49 6361 1 6728
182 49 36336 3 36875
183 41 36200 1 36875
184 44 19150 4 19835
185 4 9219 5 9698
186 4 9975 2 10604
187 27 45494 3 45591
188 47 40232 1 40724
189 43 865 3 1372
190 49 20177 1 21661
191 6 44190 1 44430
192 49 18660 1 19393
193 49 20177 2 20302
194 1 0 2 197
195 52 19879 1 20182
196 36 30186 1 30220
197 49 33860 2 34278
198 27 26520 3 27095
199 47 26520 1 26709
200 50 3584 5 4321
201 41 43915 6 44065
202 4 5483 1 6027
203 33 5301 3 5787
204 41 3584 7 3637
205 2 23263 1 23534
206 55 865 1 1326
207 55 27090 2 27588
208 41 41844 4 41985
209 11 19541 7 19933
210 49 46479 2 46513
211 47 51243 3 51836
212 41 47800 2 48069
213 29 28497 3 29237
214 1 45494 1 46232
215 50 41844 3 41940
216 40 39171 1 39621
217 20 50455 1 50770
218 56 865 2 1290
219 30 8390 1 8779
220 49 27090 1 27274
221 50 35760 3 36426
222 57 8390 1 9077
223 49 8311 1 9219
224 47 49730 1 49936
225 4 427 1 1208
226 57 42479 1 42987
227 31 26743 3 27016
228 47 3010 1 3584
229 50 2334 1 2994
230 42 47705 1 48024
231 1 25771 2 26086
232 4 21262 1 22327
233 9 33112 2 33306
234 43 5812 1 5996
235 57 25735 3 26201
236 10 15170 5 15594
237 1 19393 2 19890
238 47 24295 2 24648
239 57 38059 2 38470
240 49 25735 1 26746
241 50 33860 2 34417
242 49 11356 1 11574
243 56 34193 2 34763
244 48 32435 4 32796
245 57 15335 1 15869
246 6 15170 3 15886
247 33 19393 3 20072
248 57 41363 2 41604
249 5 23755 1 24323
250 43 40232 6 40850
251 41 6672 3 7248
252 18 2334 1 3057
253 33 28468 2 28668
254 36 51243 1 51803
255 50 5301 2 5641
256 4 5301 1 5483
257 51 41844 5 42391
258 36 28316 1 28637
259 1 2841 3 3394
260 22 14751 3 15029
261 32 34193 4 34629
262 55 6986 1 7075
263 48 32788 2 33119
264 2 48870 2 49500
265 18 43224 3 43388
266 4 1208 2 1970
267 6 43915 1 44125
268 17 865 2 1347
269 45 38455 1 38667
270 36 17709 2 18321
271 49 41844 1 42227
272 1 15836 7 16162
273 50 8097 2 8407
274 50 18660 1 18949
275 17 10170 2 10458
276 57 42479 1 42777
277 49 11356 2 11703
278 49 10982 1 11721
279 49 6361 2 6410
280 21 34726 2 35306
281 21 26706 6 27034
282 12 47172 1 47629
283 44 5301 5 5785
284 47 51181 1 51204
285 55 18660 4 18908
286 19 5812 1 5996
287 36 1876 1 2235
288 50 30426 1 31196
289 55 38059 2 38292
290 47 6986 1 7191
291 55 35760 3 35927
292 40 25771 1 26517
293 47 41844 2 42479
294 2 28468 2 28918
295 48 34193 6 34407
296 40 26696 4 26995
297 22 17007 3 17627
298 25 47705 2 48316
299 19 21618 2 21973
300 17 2334 2 2472
301 5 47705 1 48337
302 2 47705 1 47813
303 49 11356 1 11660
304 49 15170 2 15332
305 33 35760 1 35798
306 4 44920 4 45507
307 57 34278 1 34939
308 1 49513 1 49767
309 30 38455 1 39082
310 4 47084 2 47702
311 4 43915 1 44229
312 41 39445 3 39884
313 50 50455 1 53022
314 4 38059 1 38677
315 50 923 3 1357
316 48 25001 2 25434
317 49 2334 1 2975
318 4 19150 1 19731
319 30 19393 6 20060
320 49 8311 1 8523
321 57 6672 1 7355
322 41 14207 2 14891
323 4 24863 2 25322
324 36 34193 2 34870
325 44 865 7 1569
326 52 42669 1 43380
327 53 25771 1 26498
328 18 25771 2 26094
329 47 19879 1 20657
330 50 50455 2 50493
331 25 42669 1 43362
332 49 43224 1 43251
333 49 47172 3 47850
334 42 10170 7 10610
335 25 25771 1 26444
336 1 39171 3 39863
337 1 5812 5 6269
338 57 33290 1 33418
339 41 11574 5 12064
340 49 49429 1 49496
341 49 32435 2 32620
342 27 25001 1 25541
343 8 35760 1 35801
344 55 3010 1 3268
345 36 48870 2 49350
346 57 2334 1 3221
347 47 45494 1 46001
348 48 39171 4 39754
349 17 5812 1 6532
350 2 25735 2 26014
351 57 32435 1 32548
352 50 38059 1 38415
353 18 47172 1 47684
354 49 4549 1 5082
355 49 28316 5 29065
356 18 30186 1 30454
357 6 19393 1 19757
358 30 49790 2 50075
359 50 6672 1 6978
360 12 4549 6 5158
361 57 15170 1 15335
362 55 23263 2 23976
363 49 17709 1 17803
364 12 47705 4 48148
365 50 8097 1 8544
366 49 30186 1 31056
367 49 32788 4 33290
368 49 10604 1 10719
369 10 10170 2 10840
370 49 5301 3 5812
371 16 34906 1 35581
372 19 4549 4 5216
373 49 48367 2 48593
374 49 34278 1 35198
375 56 4077 2 4497
376 48 19731 1 20232
377 47 47705 1 48179
378 47 26117 1 26322
379 25 6361 2 6463
380 27 30186 1 30711
381 47 4549 1 5737
382 50 28316 2 29061
383 6 27090 3 27283
384 55 33290 2 33586
385 4 25735 2 26117
386 3 26117 1 26583
387 49 14207 2 14484
388 48 29397 5 29684
389 2 47084 1 47420
390 57 12090 1 12536
391 47 28468 1 28813
392 30 31056 5 31736
393 47 19393 1 20115
394 52 50455 1 51127
395 36 28497 1 29203
396 47 8097 3 8182
397 21 47705 2 48165
398 10 51181 1 51485
399 1 50981 3 51622
400 6 34193 2 34845
401 49 47705 1 48429
402 18 1876 2 2104
403 30 15170 1 15420
404 30 12485 1 12695
405 2 33112 1 33252
406 49 41363 2 41408
407 17 32788 3 33084
408 52 42669 1 43134
409 50 48870 3 49228
410 23 49790 1 49976
411 1 4077 6 4388
412 49 3584 1 4077
413 55 35021 3 35655
414 27 17709 3 18427
415 10 35760 5 36018
416 40 14207 4 14809
417 43 21262 4 21946
418 4 45662 1 46110
419 49 23263 1 23502
420 44 4077 5 4731
421 55 10243 1 10281
422 11 45662 6 46290
423 19 47084 8 47532
424 53 47705 1 47962
425 17 15911 2 16649
426 49 30186 1 32788
427 49 3379 3 3654
428 49 903 1 1876
429 56 4077 1 4572
430 31 32788 3 33369
431 1 33290 4 33850
432 30 10170 1 10756
433 33 42468 3 42825
434 30 8311 5 8640
435 57 21262 1 22145
436 56 17007 5 17125
437 18 32788 1 33204
438 3 18256 1 19005
439 50 21262 2 21425
440 27 25735 3 26447
441 38 0 5 184
442 49 2334 1 3025
443 1 49429 1 49996
444 47 34869 1 35343
445 30 26706 1 26766
446 50 11574 1 12558
447 49 28497 1 28642
448 25 19150 2 19560
449 48 44190 1 44790
450 21 5812 4 6556
451 18 35760 5 35984
452 47 18900 2 19130
453 47 33112 2 33746
454 50 39171 2 39219
455 50 427 2 900
456 50 14207 2 14475
457 25 41363 1 41515
458 48 47850 1 48068
459 6 48870 4 49287
460 18 30186 1 30686
461 57 1208 1 2088
462 49 14751 2 15170
463 32 51045 4 51096
464 1 4549 3 5162
465 1 28316 1 28459
466 20 33290 1 33352
467 13 38455 1 38870
468 31 4077 1 4167
469 48 5301 5 5383
470 6 37758 2 38095
471 8 24295 1 24536
472 41 30186 3 30910
473 18 48367 1 49055
474 48 44920 3 45086
475 18 33290 1 33726
476 49 26746 1 27090
477 22 8311 3 8573
478 49 36336 1 36466
479 10 27236 7 27795
480 2 33860 1 34196
481 25 17709 1 18054
482 10 4077 6 4243
483 30 10982 4 11209
484 57 30186 1 30774
485 55 10243 2 10489
486 41 33112 2 33569
487 25 6672 1 6842
488 47 865 2 1477
489 49 4549 1 5115
490 50 40232 1 40867
491 1 50981 1 51158
492 6 25735 1 26108
493 49 49429 1 50108
494 23 26520 2 27085
495 50 46110 2 46275
496 42 47705 2 47809
497 4 12485 1 13725
498 56 43915 1 44185
499 22 17709 5 18304
500 49 7447 2 8311
501 42 23755 4 24323
502 42 44920 1 45621
503 30 4077 1 4340
504 49 24295 1 24583
505 47 34870 2 35042
506 28 10170 1 10911
507 47 35935 1 36257
508 49 47951 2 48001
509 52 8097 1 8373
510 25 48870 1 49174
511 49 41721 2 41844
512 17 39171 1 39668
513 14 19731 5 20166
514 4 50455 2 50826
515 22 36200 1 36592
516 57 43915 3 44480
517 13 4077 1 4695
518 2 19541 1 19709
519 49 47850 2 47951
520 4 47084 1 47107
521 47 47705 3 48181
522 57 36111 3 36202
523 48 48367 3 48878
524 1 15170 4 15224
525 52 16195 2 16287
526 48 14207 6 14492
527 25 5812 1 6300
528 30 26520 4 27236
529 36 33112 2 33209
530 23 41844 1 42593
531 17 24295 3 24881
532 33 865 1 1585
533 49 33112 1 34115
534 56 47172 4 47507
535 45 3584 1 3804
536 16 15170 4 15908
537 47 6672 1 7403
538 22 39700 2 39957
539 57 40232 2 40448
540 47 44190 2 44210
541 49 21618 2 21708
542 22 5812 3 6319
543 56 5812 3 6181
544 1 30426 5 30858
545 10 5812 3 6139
546 1 48870 1 49063
547 35 15836 2 16054
548 47 865 1 1228
549 18 11356 4 11391
550 30 28468 3 28588
551 30 2334 1 2655
552 47 51045 1 51169
553 4 43915 1 44076
554 25 10982 1 11669
555 17 49790 3 50236
556 52 5812 1 6417
557 44 17709 3 18373
558 56 28468 1 28742
559 30 38059 1 38718
560 1 48367 4 48853
561 30 39171 3 39545
562 49 12090 3 12201
563 57 47084 1 47801
564 49 45494 1 45662
565 4 9698 1 9975
566 19 8390 4 8586
567 41 15836 6 15899
568 48 33112 1 33507
569 4 6672 1 8097
570 22 865 1 1531
571 35 38059 1 38760
572 35 10982 3 11437
573 55 45662 4 45914
574 33 26743 1 27134
575 32 21262 2 21284
576 30 1208 4 1424
577 4 20226 2 21262
578 49 4324 1 4429
579 50 47172 1 47705
580 1 17709 2 18314
581 4 23263 1 23960
582 52 1876 2 2452
583 4 39700 4 40232
584 2 41844 1 42473
585 44 48367 5 48907
586 9 35760 2 35896
587 55 10170 2 10816
588 49 9219 1 10170
589 49 42468 1 42748
590 57 8311 3 8390
591 49 6410 1 6986
592 42 44190 5 44927
593 22 35520 3 36088
594 31 12090 2 12207
595 52 32435 2 33127
596 47 45494 2 45908
597 29 2334 1 2606
598 47 47268 1 47444
599 9 28468 1 29196
600 50 6986 2 7379
601 18 19879 4 20172
602 19 34869 6 35233
603 55 47850 2 48367
604 44 26520 6 26975
605 25 15836 1 16142
606 21 41363 6 42085
607 4 1876 1 1934
608 50 27274 3 27434
609 49 27274 2 27794
610 1 21262 6 21466
611 49 28715 1 29132
612 1 28468 3 28650
613 12 34193 2 34696
614 9 3584 2 4193
615 53 3584 1 3815
616 49 27460 1 28316
617 47 39171 2 40694
618 50 3010 4 3167
619 30 10170 3 10621
620 4 35021 1 35736
621 4 51262 1 51484
622 49 41844 2 42468
623 49 41721 1 42324
624 49 34773 4 35120
625 4 47705 1 48929
626 16 49429 4 49502
627 20 32788 2 33060
628 36 42669 2 42915
629 10 37607 5 38132
630 55 51243 1 51371
631 27 1876 2 2020
632 24 35935 1 36672
633 49 23755 2 23913
634 19 34193 1 34869
635 27 8097 2 8247
636 10 23755 8 24319
637 36 5812 1 6048
638 55 14207 1 14710
639 6 28468 2 29071
640 56 10604 5 10686
641 30 865 2 988
642 4 49429 2 50575
643 40 15332 1 15401
644 35 11574 1 12154
645 43 19731 6 20098
646 55 45422 3 45821
647 57 28474 1 28974
648 1 20000 3 20439
649 4 34193 1 35021
650 22 47172 1 47436
651 57 4429 1 4757
652 24 4549 5 4585
653 50 49790 1 50388
654 49 18389 2 18660
655 52 26520 3 27110
656 41 2334 3 2738
657 25 28468 2 29072
658 48 33112 2 33538
659 44 49429 3 49612
660 16 48367 4 48939
661 35 45662 1 45954
662 4 35760 2 35782
663 6 38059 1 38490
664 45 4549 1 5030
665 36 8311 1 8607
666 49 865 5 1178
667 50 24295 2 24517
668 52 40232 1 40854
669 44 18660 5 18710
670 49 12090 5 12755
671 50 37333 3 38059
672 35 23812 1 23927
673 55 34906 2 35074
674 47 17709 1 18246
675 52 4077 1 4728
676 49 34498 1 34773
677 52 23755 1 23937
678 5 4077 1 4781
679 56 11574 2 12013
680 56 25771 2 25896
681 52 45494 3 46099
682 47 9219 1 9268
683 6 5812 3 6491
684 47 34726 2 34870
685 47 35042 1 35421
686 47 35520 1 35600
687 49 36875 3 37333
688 4 10982 1 11413
689 4 4077 1 5198
690 47 6361 1 6459
691 33 23263 3 23832
692 30 4549 6 4883
693 49 12090 1 12633
694 55 49429 5 49665
695 32 47705 3 48447
696 55 42669 2 43312
697 41 865 2 923
698 53 20226 1 20569
699 57 49429 2 49764
700 47 47172 1 47268
701 47 46110 3 46809
702 4 51262 3 51622
703 40 21262 4 21535
704 48 41844 6 42040
705 49 14207 1 14751
706 52 47850 1 48050
707 49 6672 1 7004
708 12 51282 5 51458
709 1 47951 2 48241
710 9 35021 2 35431
711 10 14207 8 14406
712 57 10982 1 11698
713 17 27090 2 27197
714 57 48367 2 48561
715 35 43224 1 43763
716 15 11356 2 11541
717 33 10170 3 10466
718 50 44920 4 45074
719 9 48870 1 49280
720 4 865 1 1064
721 47 28474 3 28817
722 16 48870 1 49198
723 57 28316 1 28474
724 47 17709 1 18256
725 47 15836 1 17572
726 36 4077 2 4325
727 4 37758 1 37835
728 49 31056 4 31221
729 50 17709 3 17734
730 57 32788 2 32947
731 30 16195 1 16808
732 56 47705 1 47837
733 52 38059 1 38139
734 48 47850 5 47907
735 49 11574 1 12090
736 18 4549 4 5182
737 27 0 2 185
738 9 5812 1 5957
739 55 51181 2 51419
740 52 15332 2 15788
741 4 35935 2 36063
742 6 10982 4 11604
743 2 865 1 1236
744 47 8390 1 8791
745 55 48367 3 49100
746 53 48870 1 49147
747 13 5812 1 5905
748 41 28715 1 29030
749 41 30426 1 30709
750 49 25001 1 25486
751 49 10405 1 10463
752 1 865 4 979
753 21 38455 5 38918
754 33 49429 4 49674
755 49 21618 1 23263
756 41 5812 1 6237
757 17 23263 1 23831
758 6 31056 2 31341
759 40 865 1 1029
760 31 47850 1 48409
761 41 28468 1 28546
762 57 20000 1 21241
763 18 6116 1 6803
764 57 38455 3 39188
765 4 49730 1 49825
766 4 39171 1 39700
767 44 28497 1 29089
768 51 4077 3 4769
769 56 27090 2 27723
770 2 15170 1 15919
771 27 3584 2 3887
772 18 23812 4 24016
773 21 4077 3 4558
774 38 14207 3 14228
775 50 33112 1 33470
776 50 49513 1 49897
777 52 9219 2 9675
778 21 30426 1 30887
779 3 25001 1 25552
780 53 44190 1 44488
781 55 38059 2 38315
782 20 10982 1 11166
783 49 1876 1 2486
784 55 2334 1 2803
785 2 5812 2 6287
786 50 21262 3 21895
787 4 28316 1 28468
788 53 5812 1 6172
789 30 5812 1 6117
790 55 34193 1 34776
791 49 37758 1 37991
792 12 14207 6 14447
793 31 44190 3 44605
794 1 30426 1 30812
795 47 34193 2 34726
796 1 43251 1 43661
797 47 0 1 397
798 4 6027 4 6672
799 22 23812 5 24360
800 49 50455 1 51167
801 55 35935 1 36415
802 1 35760 2 35817
803 9 49764 2 50182
804 49 25735 1 27004
805 49 34906 1 35520
806 55 10604 4 10882
807 49 10243 1 10397
808 47 18256 2 18281
809 53 49730 1 50212
810 12 44190 1 44798
811 55 21262 3 21441
812 48 27274 5 27872
813 55 33112 1 33861
814 49 38455 1 39171
815 49 37758 3 38422
816 1 41844 3 42503
817 46 6116 2 6512
818 43 21618 1 22193
819 47 18900 1 19437
820 17 51045 2 51745
821 49 15836 2 16195
822 23 42669 2 43247
823 47 3584 1 3689
824 49 17007 1 17709
825 4 29665 1 32337
826 25 15332 1 15511
827 4 28468 2 28715
828 47 1876 1 3010
829 15 42669 1 43112
830 57 23964 1 24328
831 50 50826 1 51045
832 21 39171 4 39248
833 49 5812 5 6116
834 47 6027 1 6388
835 49 23263 2 23755
836 41 42669 1 43386
837 53 1876 1 2499
838 49 25001 1 25689
839 22 47800 1 48091
840 6 51282 1 51479
841 19 35021 1 35378
842 48 3584 5 4223
843 47 32435 1 33112
844 17 48870 1 49437
845 4 26520 1 27518
846 49 17007 1 17445
847 22 21262 2 21639
848 47 21262 2 21618
849 1 34193 5 34594
850 49 39445 1 41363
851 49 4077 1 4324
852 27 35935 2 36161
853 55 49764 1 50047
854 50 15170 1 15710
855 49 47800 1 48870
856 56 19541 5 20131
857 4 17007 1 18156
858 11 18900 4 19129
859 30 40232 2 40607
860 55 1208 4 1300
861 6 6672 4 6948
862 27 49429 1 49938
863 4 34193 1 34240
864 45 0 1 479
865 53 32435 1 32541
866 45 17007 1 17526
867 57 47172 1 47198
868 30 41844 3 42354
869 48 11356 2 11426
870 49 6116 2 6361
871 36 11356 1 11726
872 49 41363 3 41721
873 17 47084 4 47374
874 6 28468 1 29147
875 1 4429 1 4884
876 10 5301 1 6031
877 1 32788 4 32830
878 27 14207 2 14664
879 32 26706 3 27253
880 1 33112 2 33192
881 50 11356 2 11470
882 56 49429 3 49465
883 57 5301 1 5556
884 17 14207 1 14532
885 36 48367 1 48565
886 47 50826 2 51181
887 47 4077 1 4225
888 47 18660 1 19043
889 41 11356 1 11395
890 49 0 2 427
891 43 21262 1 21458
892 18 25735 1 25771
893 47 4324 1 4504
894 6 8311 3 8867
895 56 47268 1 47395
896 30 48367 3 48914
897 50 48367 1 48512
898 50 6978 2 7712
899 49 43915 1 44051
900 41 47172 1 47402
901 49 3584 1 4129
902 55 19879 2 20291
903 27 34193 2 34837
904 49 32435 1 32890
905 50 25001 2 25613
906 30 30186 2 30559
907 1 42669 2 42847
908 31 25735 3 26335
909 4 2334 1 2653
910 17 51181 2 51475
911 44 40232 2 40360
912 1 46110 1 46208
913 57 51181 2 51253
914 56 10170 2 10251
915 57 6033 1 7173
916 10 47850 2 48419
917 30 15911 2 16287
918 41 923 6 1326
919 41 0 1 247
920 52 43915 3 44028
921 30 36852 6 37066
922 1 14207 2 14461
923 55 1208 1 1712
924 57 46110 2 46844
925 20 16195 2 16869
926 31 34193 3 34787
927 5 10170 1 10781
928 49 3010 1 3265
929 22 51262 3 51776
930 47 11356 3 12093
931 57 10170 1 10453
932 57 1876 2 2005
933 47 23263 2 23509
934 1 26706 1 27165
935 49 29346 1 30186
936 30 49429 4 49635
937 52 33290 3 33767
938 25 24295 2 24772
939 49 48870 1 49429
940 57 15911 1 16555
941 49 51262 1 51860
942 41 10170 5 10264
943 4 8097 1 8840
944 20 30186 1 30493
945 55 24295 1 24601
946 10 9975 6 10225
947 25 1876 1 2137
948 12 43915 4 44071
949 49 28497 1 29397
950 4 10604 1 12485
951 22 32788 3 33124
952 6 34473 1 34885
953 50 15836 1 16312
954 21 21262 6 21662
955 23 14207 1 14433
956 50 51045 1 51716
957 29 39171 4 39768
958 49 23812 1 23964
959 40 35021 3 35563
960 49 49513 2 50213
961 49 37333 3 37607
962 49 28316 6 28497
963 18 5812 1 6071
964 35 5812 1 6533
965 17 4077 4 4669
966 57 0 2 563
967 47 43251 1 43338
968 53 45494 1 45954
969 49 37607 1 38455
970 4 50826 5 51262
971 30 47172 1 47898
972 6 34906 2 35073
973 55 31056 3 31366
974 49 24295 1 24702
975 19 41844 3 41965
976 50 47705 4 48218
977 49 46479 5 47072
978 50 42468 4 42634
979 44 32435 4 33119
980 1 26696 1 27424
981 1 43251 1 43828
982 5 2841 1 3501
983 49 23964 5 24295
984 47 14207 3 14844
985 57 24295 2 24477
986 18 5301 5 5722
987 18 21618 2 21926
988 50 15332 1 15684
989 13 49429 1 49814
990 50 4324 1 5713
991 49 427 2 865
992 25 41363 1 41733
993 27 40232 1 40704
994 25 35760 1 36440
995 29 47172 8 47573
996 1 47172 5 47235
997 48 47084 2 47776
998 18 35021 1 35432
999 46 11356 1 11609
1000 4 28497 2 29181
1001 30 3584 2 3898
1002 9 28468 1 28843
1003 21 27236 3 27384
1004 31 49429 3 49743
1005 56 26743 1 26863
1006 18 19393 1 19861
1007 4 49429 2 49454
1008 35 8311 2 8669
1009 30 6672 3 6976
1010 19 26706 3 27441
1011 41 34193 2 34526
1012 30 35935 3 36223
1013 31 51045 2 51747
1014 10 33860 4 34215
1015 15 5609 1 6027
1016 55 35935 1 36625
1017 4 40232 1 40498
1018 49 21708 1 21979
1019 49 43915 1 44190
1020 33 47951 3 48486
1021 47 7403 1 7666
1022 31 15335 1 15803
1023 25 33112 2 33639
1024 35 35042 3 35083
1025 50 18256 1 19852
1026 30 50981 2 51501
1027 49 21262 3 21558
1028 49 12485 1 13168
1029 49 35760 2 35964
1030 49 34193 1 34473
1031 22 4549 1 5253
1032 49 35964 1 36182
1033 41 26520 2 27215
1034 49 16195 2 17007
1035 5 39171 1 39834
1036 19 44190 7 44476
1037 47 25001 1 26743
1038 6 6033 1 6094
1039 48 4549 4 5038
1040 49 15332 1 15722
1041 27 501 1 561
1042 49 35760 2 36247
1043 18 42669 1 42970
1044 9 6672 2 7014
1045 49 17709 1 18389
1046 49 43251 1 43926
1047 17 35935 1 36239
1048 55 8311 1 8953
1049 45 23812 1 24240
1050 49 15332 2 15756
1051 18 18660 3 18997
1052 22 10982 1 11526
1053 2 40232 2 40731
1054 50 45662 1 46170
1055 55 44920 2 45494
1056 52 28497 1 29029
1057 18 28468 2 29104
1058 57 47801 2 48044
1059 41 34773 4 34857
1060 2 30186 2 30311
1061 57 2841 1 3503
1062 41 36042 1 36200
1063 57 2334 1 2492
1064 27 24295 1 24368
1065 4 15836 1 15911
1066 55 34906 2 34948
1067 50 35520 2 36255
1068 49 23755 2 23812
1069 26 21262 2 21285
1070 47 3584 1 4206
1071 9 46479 1 47123
1072 33 32435 1 33085
1073 47 18281 2 18742
1074 4 19879 1 19926
1075 45 865 1 1051
1076 27 4324 2 4986
1077 9 34193 2 34295
1078 42 6116 4 6211
1079 1 44190 4 44856
1080 4 46110 2 46479
1081 17 5812 3 6128
1082 21 47800 2 48471
1083 49 32788 1 33125
1084 41 42479 1 43043
1085 46 32788 1 33513
1086 25 10170 2 10470
1087 40 34193 4 34465
1088 1 37607 2 38186
1089 27 10982 1 11462
1090 18 0 5 188
1091 22 49429 3 49988
1092 4 18900 2 19150
1093 25 21618 1 21804
1094 57 865 3 1194
1095 30 43915 1 44591
1096 18 15911 1 16654
1097 50 19879 3 20505
1098 50 30186 1 30426
1099 1 34193 1 34473
1100 49 18900 1 19541
1101 49 0 1 182
1102 30 21262 3 21470
1103 30 4077 2 4371
1104 50 17709 1 17890
1105 49 47850 2 47919
1106 21 28497 6 28723
1107 49 19393 3 19509
1108 55 39171 1 39818
1109 4 47084 1 47177
1110 18 49429 2 50742
1111 56 2334 5 2980
1112 47 44920 1 45472
1113 49 47800 1 47867
1114 47 26743 3 27473
1115 2 33860 2 33956
1116 41 33112 1 33146
1117 17 34193 3 34254
1118 9 15332 1 15763
1119 1 43915 1 44234
1120 1 6361 3 6990
1121 30 28468 1 28521
1122 50 29132 4 29465
1123 57 34193 1 34769
1124 1 25001 3 25219
1125 55 14207 4 14632
1126 57 23263 4 23390
1127 7 47172 5 47745
1128 1 4077 1 4447
1129 4 29397 4 29665
1130 48 50981 1 51713
1131 55 27236 1 27590
1132 41 40232 1 40518
1133 4 28468 1 28867
1134 57 17007 1 17241
1135 30 1876 1 2599
1136 57 17709 1 18432
1137 51 10170 7 10426
1138 9 8097 1 8815
1139 50 9219 1 9298
1140 18 42468 3 43111
1141 36 41363 2 41882
1142 57 44190 3 44339
1143 4 18660 1 18900
1144 2 44920 1 45152
1145 4 26117 1 26520
1146 30 44920 6 45629
1147 6 46110 1 46859
1148 6 5301 1 5540
1149 48 5812 2 6531
1150 52 30426 2 30569
1151 57 51045 1 51892
1152 31 17803 3 18286
1153 52 8097 2 8570
1154 49 4429 2 4549
1155 12 34193 1 34636
1156 36 18900 2 19181
1157 18 4077 1 4522
1158 9 25735 2 26270
1159 47 501 1 1574
1160 55 26520 1 27227
1161 13 34193 1 34491
1162 44 1876 2 2451
1163 57 30426 1 30503
1164 20 35760 2 36224
1165 5 5713 1 5771
1166 22 46110 2 46530
1167 6 41844 2 42328
1168 4 42669 1 42872
1169 50 23263 1 23822
1170 49 51181 3 51282
1171 53 4077 1 4142
1172 49 10170 3 10802
1173 42 21262 1 21818
1174 45 2334 1 2627
1175 41 8311 6 8552
1176 43 17007 4 17719
1177 52 35520 1 36138
1178 55 45494 1 45965
1179 4 46479 2 46715
1180 49 49730 1 50455
1181 42 1208 2 1516
1182 27 21262 1 21812
1183 49 29132 2 29346
1184 16 1208 1 1777
1185 47 42479 1 42531
1186 18 47705 1 48056
1187 53 47084 1 47540
1188 35 51262 3 51701
1189 50 41363 1 41649
1190 57 865 1 1275
1191 49 26117 1 26605
1192 41 28497 2 29235
1193 49 1208 4 1409
1194 27 4077 2 4825
1195 35 39171 1 39631
1196 49 30186 3 30601
1197 16 18660 4 18956
1198 30 28468 1 28722
1199 14 2334 1 2915
1200 49 28497 2 28857
1201 33 50455 1 50797
1202 1 10982 2 11243
1203 30 1876 1 2526
1204 1 15170 2 15523
1205 55 48870 1 49138
1206 33 17709 3 18255
1207 55 51045 1 51536
1208 25 865 1 1345
1209 50 26706 3 26860
1210 57 2334 1 2369
1211 26 5812 1 6296
1212 9 40232 1 40673
1213 2 49790 1 50267
1214 1 41363 2 41518
1215 27 38455 1 38614
1216 18 26520 1 27498
1217 40 0 1 167
1218 53 14751 1 15048
1219 4 23263 1 24863
1220 57 44920 1 45422
1221 51 0 1 313
1222 41 15335 1 16047
1223 1 49790 5 49969
1224 41 8390 1 8661
1225 57 5301 2 6033
1226 49 1876 1 2841
1227 49 15332 3 16070
1228 55 10243 2 10570
1229 48 1876 1 2046
1230 44 45494 7 45809
1231 55 43915 4 43940
1232 55 34193 3 34906
1233 4 43224 2 43915
1234 47 38059 1 38228
1235 17 47705 3 48402
1236 24 15170 5 15793
1237 57 49764 1 50394
1238 27 31056 2 31474
1239 43 36042 1 36782
1240 26 3010 4 3117
1241 20 44920 3 45608
1242 35 4077 3 4372
1243 49 33290 1 33498
1244 18 3584 1 4025
1245 48 26520 6 27072
1246 30 34193 3 34869
1247 18 17709 3 17865
1248 41 35935 3 36042
1249 18 865 2 1475
1250 49 47172 2 47800
1251 55 20000 1 20120
1252 45 20000 1 20236
1253 4 28715 1 29464
1254 30 11574 4 12082
1255 4 14751 3 14850
1256 52 34193 1 34460
1257 18 8311 1 10687
1258 50 49429 1 49513
1259 25 38059 1 38107
1260 56 36042 3 36672
1261 57 27090 2 27644
1262 42 26520 1 26723
1263 30 25771 2 25923
1264 57 19541 4 20000
1265 18 41363 2 41936
1266 25 19879 1 20471
1267 47 35520 1 36852
1268 55 8097 2 8473
1269 49 9219 1 9772
1270 57 25771 1 25948
1271 2 47850 1 48330
1272 49 42479 1 43224
1273 46 1208 2 1393
1274 6 35935 2 36465
1275 49 35520 1 35760
1276 4 35021 1 35935
1277 16 45494 4 45796
1278 2 44920 2 45633
1279 52 30426 1 31031
1280 55 46479 5 47217
1281 56 27090 1 27344
1282 4 43915 1 44234
1283 24 36200 4 36282
1284 23 865 1 1123
1285 49 10170 1 10648
1286 26 5301 3 5849
1287 17 45494 1 45755
1288 49 50455 3 50704
1289 17 12090 3 12715
1290 49 34906 1 35526
1291 50 32435 1 32457
1292 12 36042 3 36466
1293 49 5609 1 6652
1294 49 17007 1 17321
1295 41 27090 1 27150
1296 1 48367 1 48634
1297 56 4549 1 4598
1298 49 39700 2 40424
1299 49 10982 3 11356
1300 19 1208 1 1528
1301 25 38455 1 38723
1302 55 10170 3 10243
1303 4 44190 2 44905
1304 55 2334 4 2432
1305 57 20000 1 20357
1306 16 34193 5 34465
1307 1 11574 7 12082
1308 57 35021 1 35577
1309 4 35021 1 35330
1310 11 32788 2 32903
1311 40 30426 1 31084
1312 53 38455 1 38926
1313 50 26520 1 26872
1314 17 44190 4 44353
1315 4 15170 1 15836
1316 50 7403 1 7721
1317 49 24295 5 25001
1318 49 50981 3 51380
1319 49 51282 1 51526
1320 43 903 1 1034
1321 27 51181 2 51761
1322 1 35042 1 35680
1323 50 10170 4 10734
1324 30 15836 5 16186
1325 25 49764 2 49953
1326 47 14751 2 14791
1327 4 19731 1 19879
1328 41 42669 1 43385
1329 50 11574 2 12490
1330 44 5812 6 6363
1331 50 42669 1 43979
1332 11 46110 1 46790
1333 57 49790 2 49916
1334 41 44920 4 45524
1335 18 45494 2 45689
1336 57 26520 3 26787
1337 49 19541 3 20177
1338 18 14751 4 15427
1339 11 47705 1 48117
1340 56 18256 5 18583
1341 30 44920 1 45246
1342 13 47705 1 47806
1343 49 47084 1 47446
1344 52 23263 3 23581
1345 36 39445 2 39740
1346 57 1275 1 2012
1347 41 12090 1 12592
1348 41 4077 1 4423
1349 6 2334 1 2673
1350 23 32788 1 33116
1351 25 4077 1 4109
1352 42 51243 7 51599
1353 10 19879 5 20224
1354 52 24295 1 24875
1355 49 17803 1 18409
1356 45 41844 1 41874
1357 12 50981 2 51259
1358 1 44920 1 45584
1359 10 35042 5 35292
1360 25 35021 2 35401
1361 10 50981 4 51102
1362 30 34869 1 35568
1363 14 1876 5 2609
1364 55 923 1 1545
1365 57 19879 1 20271
1366 38 42669 1 42955
1367 49 44920 1 45529
1368 27 32788 1 32970
1369 44 21262 5 21857
1370 50 42479 1 42513
1371 55 865 3 1088
1372 44 41363 5 41719
1373 31 36200 1 36929
1374 50 44190 2 44508
1375 29 3584 4 3763
1376 57 4077 3 4442
1377 47 28817 3 29473
1378 30 47705 4 48021
1379 55 28715 3 29056
1380 41 15332 1 15542
1381 57 51045 3 51068
1382 57 501 1 673
1383 47 51181 1 51243
1384 4 25001 1 25056
1385 49 50455 2 50981
1386 25 47084 1 47699
1387 16 25735 3 25963
1388 49 5082 2 5301
1389 14 40232 5 40294
1390 48 865 4 1597
1391 47 0 1 501
1392 2 44190 1 44630
1393 47 26746 1 27306
1394 49 45662 1 47084
1395 55 20291 1 20686
1396 49 10170 2 10405
1397 30 30426 1 30559
1398 17 49429 1 50028
1399 49 47084 3 47172
1400 11 48870 3 49328
1401 12 28497 6 28781
1402 6 43915 1 44571
1403 55 26706 1 27134
1404 18 36042 4 36086
1405 27 5812 1 6274
1406 30 18900 1 19219
1407 40 30186 1 30512
1408 5 30186 1 30591
1409 37 49513 3 49746
1410 4 14207 2 14936
1411 10 5301 4 5774
1412 57 48870 4 48948
1413 48 51262 1 51292
1414 50 14751 4 15303
1415 17 15332 4 15799
1416 44 50826 3 50987
1417 30 37758 2 38304
1418 50 19150 1 19745
 调度评估结果
1. 任务等待评估 (Σ 等待×权重): 275952935
2. 任务完成评估 (最大完成时间): 53022
3. GPU显存空闲评估 (平均空闲): 10186.91 GB/时间片
 额外统计
已调度任务               : 1418/1418
平均等待时间            : 18890.70
各服务器任务分布      : 服务器1=71, 服务器2=22, 服务器3=3, 服务器4=87, 服务器5=9, 服务器6=29, 服务器7=3, 服务器8=3, 服务器9=20, 服务器10=20, 服务器11=7, 服务器12=13, 服务器13=6, 服务器14=4, 服务器15=4, 服务器16=11, 服务器17=27, 服务器18=43, 服务器19=12, 服务器20=10, 服务器21=13, 服务器22=23, 服务器23=7, 服务器24=6, 服务器25=31, 服务器26=4, 服务器27=28, 服务器28=2, 服务器29=6, 服务器30=61, 服务器31=16, 服务器32=9, 服务器33=16, 服务器35=15, 服务器36=19, 服务器37=2, 服务器38=4, 服务器39=1, 服务器40=16, 服务器41=47, 服务器42=11, 服务器43=14, 服务器44=19, 服务器45=13, 服务器46=5, 服务器47=87, 服务器48=34, 服务器49=197, 服务器50=79, 服务器51=5, 服务器52=33, 服务器53=16, 服务器55=67, 服务器56=28, 服务器57=80
