1 72 36239 1 36847
2 62 7913 1 8143
3 19 37268 3 37793
4 72 9472 2 10375
5 51 50668 3 50804
6 36 9709 1 10423
7 22 38552 2 39117
8 81 24038 3 24233
9 56 24038 1 24624
10 36 15086 3 15330
11 59 40881 1 41461
12 67 19347 2 19672
13 34 16387 7 17131
14 38 36262 1 36288
15 43 23375 4 23420
16 80 27897 8 28147
17 2 29349 5 29593
18 78 32164 4 32348
19 2 667 1 868
20 81 5632 1 6602
21 51 21287 1 21431
22 19 18093 2 18493
23 67 18537 4 19145
24 2 44855 7 45010
25 44 28422 5 28951
26 38 46503 2 47134
27 78 15927 4 16673
28 40 4270 1 4373
29 20 51932 4 52153
30 28 45754 1 46222
31 74 37268 2 37704
32 61 43186 1 43860
33 56 25294 3 25380
34 20 47642 1 48861
35 74 27807 1 28154
36 43 44163 2 44426
37 79 20064 2 20144
38 78 10291 1 10328
39 2 35568 1 35940
40 81 29349 1 29635
41 81 32666 3 33122
42 73 27609 2 27879
43 29 17679 4 17794
44 59 38582 1 39006
45 13 45019 3 45234
46 57 45455 1 45910
47 15 20576 1 20873
48 46 1099 3 1827
49 66 7301 2 7500
50 80 5380 5 5433
51 52 45754 3 45780
52 9 45754 1 46396
53 37 2302 1 2948
54 81 49542 1 51015
55 46 10043 4 10668
56 81 36707 4 37344
57 43 21604 1 21902
58 67 21287 3 21821
59 32 10742 3 11343
60 30 30390 1 30695
61 6 43610 4 43708
62 19 42957 1 43584
63 59 20736 1 21301
64 26 31510 1 32164
65 73 34072 4 34242
66 19 44855 1 45406
67 51 14408 1 14573
68 78 17679 3 18395
69 2 17145 1 17838
70 78 6081 2 6556
71 74 51372 2 51413
72 67 41673 1 42258
73 65 12936 5 13407
74 67 30390 4 30641
75 25 19059 3 19669
76 26 42613 1 43254
77 38 45037 2 45588
78 61 37268 1 37296
79 67 53233 1 55123
80 26 25580 3 25606
81 62 22789 1 23332
82 59 45455 4 45756
83 43 18381 1 18976
84 63 39947 2 40027
85 64 37268 2 37333
86 56 38190 2 38347
87 40 51372 2 51408
88 47 18550 1 19042
89 43 48826 1 49280
90 59 18093 1 18340
91 20 37268 1 38319
92 64 19059 1 19206
93 71 34892 1 35042
94 67 41241 1 41543
95 26 1895 1 3379
96 70 17876 4 18577
97 57 4676 1 4986
98 64 29349 2 29673
99 63 13700 2 14086
100 32 0 4 232
101 53 8882 3 9081
102 58 39023 2 39326
103 64 44943 2 45433
104 72 50948 1 51386
105 80 47833 1 47992
106 60 11135 4 11630
107 81 12791 4 12971
108 81 7301 5 7447
109 74 23681 1 24222
110 20 15037 1 15738
111 30 41241 2 41615
112 59 27816 1 28346
113 53 25471 2 25871
114 64 19347 6 19550
115 17 13004 3 13055
116 67 43845 2 44027
117 20 53760 1 55486
118 9 32518 2 32545
119 59 26342 3 27193
120 78 36239 2 36707
121 67 36422 1 36966
122 66 3247 1 3382
123 59 24644 1 24976
124 81 13171 2 13620
125 10 25318 2 25585
126 56 28987 1 29434
127 64 1633 1 2357
128 59 44943 1 45143
129 60 29486 1 30003
130 73 19738 3 20190
131 13 30580 2 31223
132 19 20064 1 20619
133 61 11294 1 11859
134 53 46294 1 46608
135 62 25352 2 25857
136 31 28987 3 29114
137 72 5772 1 6993
138 62 36262 5 36410
139 73 39840 6 39991
140 9 23379 1 24083
141 72 27609 1 28527
142 53 30109 1 30690
143 39 51002 1 51089
144 43 48786 6 48826
145 43 28422 2 28770
146 59 47642 4 47820
147 81 16387 1 16897
148 59 3606 1 3923
149 34 27816 5 28464
150 17 26188 1 26336
151 66 37307 3 37660
152 61 51372 1 51485
153 20 6661 1 7476
154 63 33824 1 34001
155 58 46294 1 46724
156 36 23375 2 23556
157 60 0 5 526
158 78 41241 7 41732
159 59 40632 1 41696
160 51 37607 1 37803
161 73 19051 3 19380
162 38 41241 1 41880
163 61 667 1 890
164 43 41401 6 41673
165 38 45754 2 46030
166 18 32666 3 33192
167 26 39840 5 40043
168 20 28241 1 28548
169 20 2398 1 3247
170 64 27897 6 28582
171 25 41401 1 41937
172 78 46964 1 47595
173 59 8882 1 9132
174 37 19051 1 19230
175 13 52301 1 52880
176 10 41830 2 42083
177 78 38919 3 39361
178 6 44943 3 45433
179 19 10157 4 10283
180 13 17679 2 18161
181 72 30081 1 31261
182 72 10452 1 10886
183 26 4023 1 4159
184 59 37761 1 38550
185 13 52926 2 53132
186 56 33303 3 34035
187 53 37268 2 37895
188 67 47342 1 47833
189 26 8437 1 8674
190 57 52926 7 53081
191 80 44855 3 45501
192 14 21287 4 21467
193 2 31510 1 32058
194 67 49280 4 50017
195 43 22789 1 23375
196 26 21641 1 22620
197 43 28861 1 29148
198 12 7913 1 8458
199 67 20370 3 20778
200 81 25406 1 25826
201 26 11264 1 12105
202 26 28634 1 29087
203 43 39840 4 40100
204 32 34533 5 34692
205 72 28527 1 28648
206 81 39947 1 39987
207 36 13481 1 13888
208 67 12551 3 13274
209 16 29088 1 29507
210 59 52926 2 53372
211 78 28948 2 29495
212 79 12981 3 13222
213 26 52926 1 53004
214 26 25818 1 26062
215 56 19051 1 19706
216 18 11483 3 12000
217 67 22789 2 22950
218 37 31090 6 31398
219 54 13171 1 13711
220 63 45037 1 45315
221 34 17679 2 17881
222 26 3379 2 4023
223 19 44163 1 44439
224 18 40632 2 40933
225 53 7448 1 7793
226 66 38998 1 39620
227 62 43186 5 43821
228 57 20332 7 20802
229 64 7114 2 7566
230 32 9586 3 10072
231 67 33824 1 34453
232 66 13481 2 14030
233 36 25086 1 25112
234 81 17876 1 18359
235 57 48786 1 48981
236 26 14864 2 15252
237 43 38205 1 38884
238 60 42286 2 42863
239 72 33824 1 33989
240 17 26871 7 27299
241 9 318 4 364
242 59 14405 2 14712
243 30 33824 2 34310
244 67 42957 1 43610
245 26 6964 2 7913
246 60 43719 5 44148
247 60 7556 4 8234
248 64 24644 3 24959
249 70 24038 3 24663
250 64 7913 1 7953
251 53 36182 2 36758
252 67 6419 1 7007
253 81 51932 1 53187
254 59 23681 2 24374
255 19 17679 3 17751
256 78 9234 1 9255
257 56 1217 3 1519
258 81 14322 1 14979
259 61 27807 1 29025
260 81 44163 1 44958
261 78 5772 1 6053
262 60 2457 2 2720
263 67 40955 5 41241
264 14 1099 2 1647
265 38 28861 1 29357
266 36 33278 1 33757
267 16 10043 1 10692
268 43 2327 1 3157
269 61 18359 2 18946
270 81 45037 1 45430
271 67 7631 1 8718
272 26 9234 1 9515
273 43 49280 2 49828
274 25 51955 2 52506
275 60 45754 3 46191
276 19 52979 2 53544
277 39 41625 2 42041
278 81 41830 3 42689
279 59 12105 1 13173
280 81 44855 1 45373
281 78 0 4 692
282 9 9234 1 9321
283 67 30641 1 30902
284 43 23375 3 23654
285 64 4159 1 4610
286 21 19059 1 19740
287 17 23379 6 23612
288 14 9586 1 9949
289 59 17876 2 18276
290 6 28527 2 29056
291 78 5510 1 5805
292 60 34514 2 34768
293 67 28634 1 29377
294 61 10505 3 10592
295 26 2302 1 2555
296 56 5510 3 6077
297 18 50801 5 51011
298 73 11294 4 11801
299 26 33824 2 33907
300 67 46294 1 46655
301 63 45754 2 46052
302 36 33824 1 33996
303 60 3582 1 3736
304 36 26871 4 26942
305 25 23681 2 24269
306 64 23925 6 24414
307 4 35861 1 36477
308 61 24233 2 24987
309 26 11294 1 11789
310 63 11294 3 11686
311 59 42613 5 43186
312 73 23379 1 23654
313 43 17145 1 17272
314 26 9472 1 9656
315 36 2733 4 3100
316 13 25318 3 26034
317 57 26188 3 26925
318 63 46294 1 46324
319 61 52492 1 53124
320 14 39840 4 40023
321 38 4159 1 4501
322 58 19555 3 19852
323 26 9234 1 9709
324 19 27807 1 27868
325 26 28634 1 28666
326 56 4159 5 4807
327 81 15037 1 15895
328 43 22283 1 22737
329 71 30109 1 30756
330 36 52926 6 53535
331 73 41830 5 42063
332 2 36239 1 36364
333 72 15086 1 15927
334 49 26342 2 27064
335 2 51317 1 51801
336 58 33182 3 33750
337 81 29817 3 30539
338 53 0 1 568
339 26 12936 2 13284
340 9 10505 2 10833
341 34 48194 3 48350
342 56 17679 4 18214
343 73 46530 4 46826
344 15 41625 1 42204
345 60 50948 1 51016
346 17 13700 5 14158
347 59 26188 2 26342
348 64 53005 1 53088
349 36 3100 1 3606
350 19 51421 2 51755
351 2 45754 3 46244
352 78 37268 3 37577
353 67 35861 1 36400
354 64 15037 1 15772
355 17 37761 2 38230
356 51 37268 3 37559
357 36 48786 1 50062
358 24 21930 3 22497
359 59 39079 1 39180
360 59 23375 1 23425
361 29 22789 1 23379
362 61 30109 1 30270
363 16 4023 1 4268
364 78 15895 3 16142
365 60 13661 3 13858
366 14 52301 4 52926
367 43 11483 1 11902
368 56 23681 1 24019
369 80 18359 1 18586
370 38 17375 1 17736
371 70 45754 2 45925
372 73 20201 6 20775
373 2 51002 2 51526
374 17 33824 1 34211
375 22 20332 2 20993
376 34 23681 5 24087
377 36 48064 1 48591
378 64 25176 4 25730
379 72 17679 1 18684
380 81 46964 1 47645
381 49 48786 2 49083
382 63 41241 2 41261
383 24 39023 1 39143
384 58 10505 3 10611
385 9 6472 3 6835
386 70 43719 1 44141
387 9 51002 4 51320
388 70 45754 2 46452
389 22 18093 2 18569
390 10 36655 4 37095
391 2 28648 5 29302
392 65 25580 5 25618
393 48 37312 2 37796
394 60 36239 3 36849
395 78 8057 1 8747
396 2 35977 4 36445
397 43 41696 2 42286
398 12 6964 2 7442
399 49 34969 1 35670
400 78 3841 5 4473
401 78 12936 5 13656
402 72 41415 2 42574
403 63 19655 1 20369
404 51 13171 1 13487
405 66 20201 3 20765
406 78 43903 2 44438
407 15 9234 3 9541
408 20 45754 1 45886
409 20 28527 3 28876
410 20 13104 1 13552
411 19 21930 5 22272
412 81 14129 1 14156
413 57 46503 6 47204
414 26 18684 2 19119
415 25 36262 1 36884
416 58 28422 4 29063
417 53 17679 2 18381
418 30 7301 2 7936
419 72 18359 1 19050
420 43 5072 1 6472
421 73 2302 4 2453
422 59 38552 1 39338
423 24 52926 2 53245
424 51 51421 3 52152
425 43 23925 3 24537
426 59 5632 1 8007
427 78 1217 2 1589
428 17 42957 1 43451
429 56 25580 3 26136
430 69 21287 1 21977
431 46 10742 1 11179
432 17 25294 8 25354
433 43 35861 1 36449
434 80 38205 5 38480
435 12 25580 3 26303
436 36 52926 1 54701
437 70 2327 1 2887
438 20 51372 1 51649
439 61 16842 3 17541
440 20 34514 5 34891
441 38 7301 1 7451
442 81 12551 2 12762
443 14 22789 1 23214
444 13 42957 2 43631
445 57 51372 1 51854
446 67 46294 1 47011
447 20 27807 3 28467
448 60 37268 5 37953
449 61 39840 1 40663
450 64 45754 2 46204
451 47 19347 1 19368
452 66 22107 2 22373
453 26 46964 2 47778
454 14 52979 1 53118
455 20 25580 3 26304
456 81 25406 1 25709
457 20 0 2 520
458 13 39840 1 40026
459 78 48194 3 48318
460 29 18381 4 18836
461 59 36530 1 37761
462 51 22789 3 23121
463 81 18340 2 18464
464 64 19051 5 19211
465 67 8882 1 9397
466 21 44943 2 45624
467 81 22950 3 23640
468 43 31090 3 31693
469 10 22950 4 23691
470 80 0 5 372
471 53 14230 1 14801
472 57 28634 4 29271
473 48 10010 3 10213
474 67 31053 1 32668
475 14 11042 2 11312
476 67 9472 1 10119
477 49 29683 1 29707
478 36 10010 2 10549
479 67 0 3 601
480 64 7556 2 8198
481 25 7556 1 8186
482 59 14405 1 16357
483 51 29878 1 30350
484 81 45019 2 45455
485 62 19366 5 19627
486 65 16387 5 16640
487 14 19655 5 20323
488 38 29377 1 29787
489 81 27807 4 28325
490 36 34408 1 34969
491 43 13004 4 13661
492 2 9472 6 9728
493 36 10886 1 11466
494 43 25086 1 25176
495 72 24644 1 24846
496 21 35861 3 36019
497 67 10536 1 11294
498 8 51002 1 51457
499 2 2327 7 2906
500 73 47833 1 48224
501 59 31261 2 31874
502 5 20332 1 21055
503 63 50801 1 51107
504 60 15927 2 16382
505 60 33461 2 34061
506 30 3582 1 3738
507 16 47833 1 48175
508 9 10010 2 10331
509 59 10413 1 10929
510 9 51932 2 52308
511 72 40719 1 41415
512 26 35141 2 35568
513 26 21287 2 21883
514 74 14322 2 14493
515 36 13552 6 13924
516 81 2457 3 2660
517 25 11294 4 11722
518 81 28459 2 28987
519 19 34220 1 34959
520 67 2521 1 2854
521 26 31693 4 31856
522 2 20064 5 20599
523 26 16851 3 17013
524 36 39947 1 40623
525 53 43719 1 44012
526 56 30081 1 30709
527 13 34892 2 35461
528 59 3310 1 3522
529 58 23379 1 23403
530 36 26666 2 27346
531 21 9472 1 10007
532 19 11827 1 12162
533 13 44107 4 44617
534 43 8882 1 9234
535 67 1633 3 2302
536 80 3247 8 3275
537 49 12936 3 13481
538 38 31510 1 31794
539 9 30580 1 30843
540 59 8267 2 8994
541 16 48786 1 49191
542 63 47833 2 47957
543 59 52301 1 52926
544 66 30580 2 30732
545 64 38998 7 39261
546 43 17145 2 17342
547 14 45143 4 45722
548 26 38275 2 39079
549 43 37268 2 37643
550 43 27897 2 28288
551 25 18359 3 18414
552 8 40881 2 41472
553 64 12936 2 13458
554 56 12791 1 13123
555 38 28948 3 29157
556 67 37312 1 37699
557 60 22789 2 23035
558 67 19051 1 19245
559 80 53033 2 53111
560 81 10047 1 10090
561 78 49610 1 49972
562 53 32164 1 32518
563 26 41401 1 41644
564 81 24233 1 25479
565 30 25176 1 25704
566 67 41696 1 41731
567 67 42286 2 42916
568 35 23681 4 23899
569 49 30081 1 30791
570 36 38111 2 39018
571 78 13481 2 13855
572 25 20332 1 21053
573 81 6602 1 7019
574 51 45754 2 46081
575 16 28422 1 28813
576 81 20481 1 21016
577 72 24266 1 24627
578 25 4159 3 4600
579 26 22950 2 23402
580 67 17145 2 17462
581 26 38205 2 38302
582 72 18684 1 19853
583 59 24644 1 24971
584 47 22107 1 22855
585 57 51002 1 51361
586 20 574 2 1217
587 61 35861 2 37559
588 26 31213 2 31510
589 34 43186 6 43502
590 13 19059 1 19435
591 2 43186 6 43209
592 43 36239 6 36262
593 26 23681 2 23787
594 13 44943 2 45521
595 72 45754 1 46572
596 60 44943 1 45653
597 56 45019 1 45230
598 78 33824 1 34187
599 78 16794 2 16842
600 64 52301 4 52326
601 80 34514 2 34928
602 36 24414 2 25015
603 67 32518 1 33199
604 67 5945 1 6101
605 20 34892 4 35594
606 59 17802 1 18184
607 14 41415 1 41863
608 81 33278 1 34440
609 19 38205 2 38672
610 66 48786 1 49119
611 59 37268 1 37607
612 59 48285 4 49062
613 78 43186 4 43319
614 56 40881 1 41018
615 67 44855 1 45623
616 59 22107 4 22772
617 72 43719 1 44061
618 26 4159 2 4456
619 67 9887 1 10505
620 81 4676 1 4921
621 26 29452 1 29565
622 59 39840 2 40542
623 78 25471 1 26076
624 36 5632 3 7120
625 36 9709 1 10886
626 34 48064 4 48773
627 26 13144 2 13866
628 63 35919 3 36283
629 46 10505 1 10874
630 81 21604 2 22195
631 18 25318 1 25387
632 26 27807 1 28407
633 81 7114 2 7142
634 81 38799 1 39122
635 81 1099 2 1408
636 52 35861 1 36452
637 57 34928 1 35446
638 67 23852 2 24013
639 26 37268 4 37307
640 17 23681 5 24053
641 43 44163 1 44384
642 80 16326 7 16760
643 26 28422 1 28971
644 56 37268 5 37365
645 18 52926 1 53425
646 8 37268 1 37427
647 36 3606 4 3794
648 36 28948 1 29601
649 23 18381 1 18588
650 43 19495 1 20960
651 25 45143 1 45890
652 36 43719 1 44107
653 43 39840 1 40797
654 64 33824 1 34125
655 56 23379 2 23789
656 73 28876 6 29335
657 71 31726 3 32390
658 72 35584 1 35735
659 67 22789 2 23068
660 65 51253 5 51276
661 81 31213 4 31439
662 9 39840 2 40450
663 59 18340 3 18537
664 53 5632 2 5716
665 67 52301 2 52668
666 26 37607 2 37672
667 70 16387 2 17005
668 78 41732 3 41839
669 60 15895 4 15922
670 26 14230 1 14864
671 65 29399 3 29555
672 36 49280 3 49901
673 81 52926 4 52979
674 51 34514 2 34945
675 61 53714 3 54407
676 12 31510 2 32207
677 17 10043 4 10298
678 78 38582 1 38630
679 70 21604 2 22101
680 6 10505 1 10754
681 56 29088 2 29428
682 14 18093 3 18207
683 37 41401 7 41983
684 26 33824 1 34229
685 56 16326 4 16590
686 57 48786 6 48954
687 70 10043 1 10635
688 24 16326 1 16921
689 57 11135 6 11298
690 34 14465 2 15017
691 39 45754 2 45995
692 73 3247 1 3278
693 16 52301 1 52460
694 81 26188 1 28218
695 35 34892 6 35348
696 26 37307 2 37947
697 19 35568 2 36132
698 81 1376 1 1575
699 61 4676 3 4753
700 26 42286 1 42772
701 59 16387 1 16930
702 67 43903 1 44438
703 81 25580 2 26040
704 74 41241 4 41335
705 81 28987 2 29026
706 66 17375 1 17657
707 49 45958 4 46375
708 58 22283 1 22691
709 72 22107 1 22614
710 72 32451 1 33485
711 64 53760 6 54075
712 9 3100 4 3675
713 13 35861 4 36439
714 9 15895 4 16521
715 59 29610 1 31040
716 63 21287 1 21621
717 81 10047 2 10913
718 70 46054 2 46530
719 71 46964 3 47130
720 13 37268 6 37816
721 64 51002 6 51684
722 36 6964 1 7154
723 9 22789 3 22996
724 43 51147 1 51657
725 81 15895 1 16326
726 81 39840 1 39947
727 67 25661 3 26236
728 20 43719 2 45303
729 81 34892 1 36151
730 62 11827 4 12453
731 79 36655 3 36979
732 9 23375 2 23977
733 34 36262 2 36971
734 78 1895 3 1923
735 66 0 1 495
736 43 11135 2 12082
737 72 27897 1 28251
738 26 44855 4 44915
739 39 21287 3 21885
740 72 13156 2 14129
741 78 39840 1 40295
742 53 21821 1 22151
743 57 15086 1 15331
744 8 32518 2 32565
745 81 53033 1 53503
746 17 27807 1 28232
747 59 45143 1 45504
748 78 45754 6 46054
749 19 4921 3 5382
750 38 39079 3 39719
751 17 25338 3 25532
752 81 318 1 1065
753 58 20332 4 21064
754 53 13661 1 13932
755 81 52979 1 54734
756 79 28422 4 29166
757 26 44943 1 45438
758 26 23852 2 25580
759 34 22950 2 23249
760 56 19555 3 20009
761 32 36530 1 37117
762 49 49280 1 49769
763 65 3606 1 3802
764 2 31693 4 31797
765 30 33303 2 33739
766 58 16842 2 17135
767 60 48786 4 48986
768 59 2580 2 2915
769 22 7301 3 7672
770 26 26188 1 26871
771 25 40808 2 41322
772 34 37307 1 38042
773 33 10505 3 10931
774 61 26871 2 27580
775 30 38552 1 39178
776 46 10742 1 11242
777 16 37344 1 37525
778 26 28422 1 28843
779 26 47833 1 49897
780 43 43610 1 44077
781 81 28422 2 28459
782 67 18381 1 18478
783 57 4454 6 5119
784 26 40881 1 42206
785 36 50801 2 51131
786 13 29349 6 29524
787 70 32164 4 32379
788 72 29148 1 29865
789 43 10043 1 10668
790 58 3582 1 3715
791 30 51002 2 51666
792 72 37344 1 38012
793 71 7448 2 7878
794 64 20332 3 20361
795 10 30580 1 31049
796 59 16930 2 17010
797 62 18381 3 19015
798 26 20402 1 20576
799 53 18381 2 18624
800 81 32349 1 32409
801 34 20332 1 21031
802 81 43186 1 43252
803 57 45037 4 45773
804 47 3379 1 4080
805 34 19655 3 20095
806 56 45958 2 46422
807 26 30296 1 30661
808 26 10452 1 11201
809 22 34514 3 35199
810 81 15037 1 15068
811 53 46964 1 47445
812 26 11827 4 11883
813 72 31261 1 31845
814 74 40632 3 40804
815 59 33182 1 33300
816 32 28422 4 28778
817 36 9472 2 9876
818 7 45958 3 46068
819 67 39079 2 39840
820 20 24644 1 25038
821 59 6602 1 7244
822 25 31510 2 32102
823 59 15895 1 16202
824 59 23681 1 24414
825 59 27609 2 28105
826 61 3379 1 4039
827 19 28422 4 29006
828 16 46294 1 47013
829 21 33182 4 33714
830 70 38995 2 39719
831 60 10505 3 10968
832 78 2302 1 2814
833 24 29314 1 29511
834 61 41241 3 41357
835 43 3337 1 3973
836 46 35056 4 35577
837 72 10886 2 11138
838 81 43610 2 43903
839 36 12858 5 13390
840 36 4456 2 5055
841 36 15895 1 17551
842 12 13700 2 14146
843 22 38669 1 39055
844 12 46054 6 46664
845 26 44855 1 45536
846 53 25294 1 25485
847 49 12105 2 12144
848 81 11135 3 11827
849 81 21287 1 21857
850 56 9472 1 9716
851 64 52926 2 53338
852 62 25338 2 26068
853 67 32164 2 32884
854 51 43186 1 43923
855 43 13481 1 13636
856 28 37268 2 38008
857 18 43719 1 44275
858 7 46530 6 46662
859 63 12936 2 13472
860 20 51043 3 51372
861 74 9234 4 9310
862 67 4454 1 4736
863 74 48786 1 49026
864 20 38995 1 39558
865 9 33824 2 34053
866 21 20332 2 21061
867 63 17415 2 18011
868 78 2087 2 2210
869 53 22283 2 22501
870 67 25086 2 25661
871 17 43186 1 43358
872 2 37607 2 37642
873 63 46964 2 47171
874 59 32718 3 33461
875 38 34533 1 34570
876 67 32245 2 32994
877 43 12936 3 13197
878 26 1430 1 1995
879 34 37268 5 37867
880 51 38799 3 39527
881 9 10157 1 10507
882 43 34892 2 35570
883 26 44272 2 44685
884 14 19059 5 19099
885 56 28241 1 28375
886 59 2228 1 2521
887 72 50801 2 50948
888 25 10291 1 10966
889 47 4159 1 4550
890 53 5632 3 6146
891 70 41415 1 42079
892 36 12791 1 12858
893 31 10413 1 10850
894 71 2327 2 3031
895 78 42957 2 43110
896 19 38998 5 39449
897 2 43903 1 44011
898 61 45754 2 46346
899 62 41401 1 41432
900 12 19059 1 19097
901 67 16326 1 17302
902 26 9985 2 10010
903 43 1725 1 2707
904 78 9472 3 9992
905 32 19051 7 19391
906 26 38582 1 38657
907 34 29486 1 29746
908 25 41415 1 41905
909 26 8267 2 8374
910 56 45455 2 45888
911 26 52492 1 52849
912 2 18093 2 18662
913 74 4676 1 4767
914 65 49082 2 49372
915 70 13274 4 13886
916 59 31726 1 31805
917 58 38228 1 38679
918 17 35861 7 36300
919 67 5632 1 5788
920 70 44272 4 44835
921 81 38205 1 38296
922 19 39840 4 40504
923 56 13700 1 13956
924 5 16326 1 16573
925 28 5510 1 6112
926 18 21287 4 21745
927 59 8057 2 8272
928 72 16611 1 16851
929 81 10505 1 11144
930 30 2327 2 2862
931 51 19154 3 19581
932 81 32164 1 32829
933 62 19059 1 19434
934 63 31261 4 31904
935 25 40808 3 41295
936 74 45019 2 45208
937 14 34220 5 34969
938 46 37268 1 37939
939 36 20720 1 21604
940 81 3582 1 3710
941 12 11294 2 11730
942 58 51002 3 51254
943 25 50801 4 50854
944 19 27193 3 27768
945 19 40632 2 40684
946 53 13481 3 14230
947 43 3995 2 4050
948 59 13481 2 13980
949 58 1099 2 1843
950 26 49665 1 51932
951 36 41839 1 42524
952 81 46503 3 46907
953 81 1376 4 1576
954 60 53033 5 53678
955 20 52926 3 53304
956 56 8967 4 9322
957 47 37268 1 37401
958 64 38275 5 38452
959 71 36655 1 36690
960 21 19738 2 20421
961 36 29202 1 30692
962 36 8882 1 9623
963 43 49280 2 49720
964 67 45455 1 46953
965 37 16326 7 16838
966 53 44855 2 45375
967 81 16326 1 16387
968 8 4456 1 4478
969 26 26871 1 27186
970 38 19051 4 19656
971 26 7913 3 8437
972 24 38998 2 39668
973 2 16611 3 16909
974 60 46503 5 46960
975 24 45037 1 45437
976 26 19347 1 19738
977 26 318 1 511
978 38 24644 5 25216
979 43 52926 1 53648
980 61 44272 3 44622
981 53 40632 1 41379
982 26 574 1 1277
983 72 37607 1 37950
984 65 41241 5 41713
985 6 3582 3 4003
986 9 41241 1 41361
987 63 42957 1 43411
988 67 25086 3 25350
989 70 11135 2 11609
990 14 40632 4 41234
991 67 28527 1 28981
992 56 18769 2 19144
993 20 23925 1 24410
994 59 25088 3 25687
995 59 13481 2 14405
996 81 6964 1 7301
997 24 35584 1 35783
998 26 38552 1 38670
999 81 46054 1 46359
1000 13 51002 1 51042
1001 53 1217 3 1625
1002 26 46294 2 46964
1003 20 21930 1 22565
1004 2 7301 1 7523
1005 43 38919 2 39318
1006 72 17829 1 18022
1007 73 24644 6 25346
1008 58 37268 1 37967
1009 60 4270 1 4419
1010 59 15037 3 15391
1011 67 29683 1 30122
1012 80 34969 6 35369
1013 42 49112 3 49430
1014 26 53033 1 53683
1015 9 6964 5 7653
1016 67 43610 1 43845
1017 51 18359 1 18454
1018 63 42286 2 42404
1019 17 20332 6 20670
1020 78 53760 2 54138
1021 53 27039 1 27167
1022 66 43610 1 43754
1023 65 23379 2 23698
1024 9 2457 4 2606
1025 67 51317 1 51532
1026 9 19051 2 19706
1027 81 3322 1 3582
1028 43 32245 2 33323
1029 36 44107 5 44851
1030 6 19051 1 19504
1031 26 3100 3 3737
1032 36 26188 5 26630
1033 9 40632 2 41139
1034 19 25294 4 25540
1035 20 15895 5 16611
1036 30 9709 3 9978
1037 78 40808 2 41439
1038 59 28105 2 29056
1039 70 33182 2 33585
1040 53 45958 1 46012
1041 70 34514 2 34631
1042 20 39840 1 40770
1043 62 8057 2 8728
1044 49 52979 3 53458
1045 67 1112 1 1633
1046 81 24038 1 24074
1047 59 25086 2 25541
1048 59 26188 1 26654
1049 38 35584 1 35840
1050 9 51372 4 51565
1051 26 33278 3 33590
1052 20 51932 1 52446
1053 26 318 1 2301
1054 60 26188 4 26276
1055 43 17419 1 17829
1056 9 44272 4 44404
1057 61 37677 1 38004
1058 67 14129 2 14278
1059 26 13481 2 14153
1060 43 4454 1 5072
1061 35 13171 3 13589
1062 9 49082 1 49373
1063 61 41696 1 42444
1064 59 32164 1 32718
1065 53 7793 3 8047
1066 15 12105 2 12761
1067 80 41241 5 41536
1068 67 44943 2 45019
1069 26 53714 1 54628
1070 48 18381 3 18447
1071 67 2915 1 3337
1072 26 8882 1 9348
1073 20 31693 1 32566
1074 78 16326 1 16685
1075 22 39079 1 39352
1076 22 29377 4 29995
1077 67 48194 3 48960
1078 43 43610 4 44089
1079 67 9472 1 10536
1080 10 35568 3 36005
1081 20 2087 3 2189
1082 9 32164 1 32238
1083 8 15895 1 16237
1084 38 34418 2 34786
1085 9 4676 3 4851
1086 72 38998 1 40333
1087 59 45754 1 45958
1088 59 42286 1 42460
1089 21 44943 1 45446
1090 26 1358 2 1430
1091 59 9472 1 9623
1092 26 19288 1 19724
1093 57 27186 5 27879
1094 56 47833 1 48238
1095 34 27897 1 28019
1096 81 13661 3 14322
1097 72 35584 1 36239
1098 61 23681 3 23878
1099 56 13880 1 14133
1100 26 36310 1 36519
1101 59 36239 1 36532
1102 81 13700 2 14089
1103 67 28119 1 28397
1104 58 13481 1 14163
1105 78 11483 3 11631
1106 67 2302 1 3841
1107 67 31693 1 31872
1108 26 34072 1 34709
1109 80 7301 5 7498
1110 47 20201 1 20323
1111 37 16611 1 17095
1112 19 16326 4 16349
1113 25 29202 1 29485
1114 63 34514 3 35142
1115 59 43719 1 44421
1116 43 9586 1 10306
1117 78 17415 4 18330
1118 24 10742 3 11465
1119 57 38582 7 38987
1120 72 25086 2 26825
1121 47 13661 1 13830
1122 17 19051 3 19547
1123 72 34220 1 35584
1124 24 39840 2 40460
1125 6 51955 2 52457
1126 66 22789 1 23424
1127 51 26188 2 26591
1128 59 37607 1 38158
1129 36 29878 2 30150
1130 43 26188 6 26667
1131 61 19738 1 21069
1132 53 15895 1 16499
1133 61 9586 1 10046
1134 72 38552 1 38998
1135 43 24414 1 24962
1136 70 8057 1 8264
1137 56 27816 2 28242
1138 13 32164 3 32641
1139 13 18340 2 19053
1140 72 3995 1 4742
1141 36 25086 1 25471
1142 30 14230 1 14870
1143 49 44855 1 45435
1144 73 5510 5 6172
1145 59 2521 1 2696
1146 53 1633 4 2327
1147 67 53714 1 54564
1148 72 37268 1 38379
1149 67 4270 2 4338
1150 37 9586 5 10155
1151 36 39018 1 40073
1152 81 47844 1 48452
1153 26 6563 1 6964
1154 59 12791 1 13644
1155 19 50668 3 50759
1156 72 3096 1 3568
1157 60 40881 5 41190
1158 25 45958 1 46519
1159 19 10413 4 10772
1160 35 36655 4 37119
1161 59 40632 2 41232
1162 60 667 5 766
1163 74 3582 4 3676
1164 61 29486 2 29620
1165 14 3247 1 3350
1166 13 0 5 154
1167 67 33824 1 34125
1168 43 46503 5 46800
1169 26 4676 1 4946
1170 26 27193 3 27807
1171 56 16611 1 17225
1172 80 1252 4 1846
1173 43 667 1 1388
1174 59 48064 1 48173
1175 56 21821 2 22491
1176 81 28648 1 28871
1177 53 3582 3 3611
1178 12 49280 2 49917
1179 81 27193 1 27805
1180 26 13866 2 14556
1181 14 18359 1 18382
1182 26 50668 1 50781
1183 2 50801 1 51146
1184 26 41241 1 42930
1185 78 32518 1 32908
1186 67 51932 4 51955
1187 9 46294 1 47023
1188 17 38319 1 38684
1189 9 44855 5 45356
1190 24 12936 3 13359
1191 70 41241 4 41291
1192 81 11483 1 12667
1193 80 51253 5 51550
1194 43 47833 1 48534
1195 56 48786 3 49291
1196 18 12105 1 12685
1197 34 19051 7 19510
1198 59 13700 3 13796
1199 24 46394 2 46831
1200 51 8967 2 9362
1201 36 6472 3 6592
1202 26 4270 2 4610
1203 59 43186 1 43678
1204 67 40233 3 40432
1205 6 2327 5 3069
1206 64 28634 3 28807
1207 81 33824 1 34056
1208 26 31510 3 31847
1209 2 19655 3 19676
1210 78 31053 2 32463
1211 42 3100 1 3683
1212 23 37761 4 37833
1213 14 37268 2 37662
1214 19 22950 2 23546
1215 43 45754 3 45844
1216 38 37677 3 37714
1217 59 41241 2 41630
1218 2 41241 1 41901
1219 67 20332 6 20370
1220 78 10010 2 10291
1221 12 45037 4 45497
1222 67 35623 2 35701
1223 78 53005 3 53724
1224 2 40632 3 40940
1225 28 34892 2 35569
1226 53 26188 2 26528
1227 66 36530 2 37124
1228 59 26871 1 27074
1229 20 29088 5 29349
1230 59 11483 1 11605
1231 36 36655 1 37129
1232 36 27807 1 27943
1233 36 44855 1 45122
1234 20 49082 3 49753
1235 38 25580 3 25991
1236 14 574 2 1205
1237 38 10010 4 10733
1238 29 45143 7 45856
1239 14 31693 3 32287
1240 81 28876 2 29349
1241 63 51043 2 51357
1242 43 16854 1 17106
1243 8 46294 1 46866
1244 13 7556 2 8127
1245 81 22950 1 23681
1246 23 33824 4 34324
1247 19 33182 1 33730
1248 80 9709 1 9886
1249 48 318 2 693
1250 70 25338 1 25816
1251 26 45958 2 46586
1252 19 40881 1 41601
1253 58 22789 3 23148
1254 58 12936 2 13195
1255 26 7913 2 8267
1256 63 27193 3 27576
1257 47 15895 1 16071
1258 59 22789 1 23241
1259 6 39840 5 40185
1260 34 23681 1 24098
1261 72 4985 2 5772
1262 59 30580 1 31720
1263 26 22283 1 23095
1264 9 10886 2 11261
1265 59 51421 1 52756
1266 14 12936 2 13607
1267 78 41839 1 41926
1268 62 19655 1 19843
1269 67 18550 1 19275
1270 2 50948 3 51283
1271 58 53714 4 54365
1272 74 12791 2 13255
1273 56 21621 1 22311
1274 16 25318 1 25791
1275 20 15895 3 16603
1276 71 41245 1 41908
1277 78 30580 2 30954
1278 34 6964 3 7160
1279 70 23379 3 23527
1280 73 9472 6 10050
1281 30 21930 2 22325
1282 72 2302 1 2361
1283 43 24537 2 25086
1284 81 37344 1 38222
1285 38 6081 2 6457
1286 81 34514 1 34543
1287 81 30081 1 30296
1288 61 25086 1 26279
1289 26 22789 2 22876
1290 67 12791 3 13205
1291 81 32349 3 32404
1292 20 42613 2 43070
1293 13 45754 1 46236
1294 14 0 1 327
1295 59 6419 1 7885
1296 67 31213 2 31792
1297 63 28634 2 28958
1298 53 41415 1 41578
1299 2 16326 8 16523
1300 76 21621 1 21988
1301 13 27039 1 27510
1302 47 43678 1 44140
1303 32 41625 5 41953
1304 81 29148 1 29302
1305 71 27193 2 27645
1306 51 38582 2 38710
1307 2 38582 1 39318
1308 16 12105 1 12587
1309 81 39840 1 41792
1310 4 19154 5 19651
1311 72 44855 1 45338
1312 9 1430 1 1924
1313 17 29314 1 30048
1314 59 3100 3 3731
1315 71 7913 3 8369
1316 13 4676 2 4925
1317 64 6964 3 6984
1318 67 41625 1 42067
1319 61 44855 2 45235
1320 81 51043 1 52611
1321 81 32409 1 33182
1322 43 27897 3 28393
1323 26 20064 3 20207
1324 57 34533 6 34875
1325 74 52926 3 53159
1326 20 52270 2 52347
1327 59 24414 3 24644
1328 51 33824 1 34525
1329 17 7448 3 7491
1330 80 17679 8 17714
1331 59 13173 1 13481
1332 52 19555 3 19654
1333 20 51494 3 52041
1334 30 24414 1 24525
1335 61 46964 1 48805
1336 36 32164 2 32222
1337 2 41732 1 42371
1338 59 22858 1 23248
1339 25 7301 3 8022
1340 66 36182 1 36435
1341 30 51955 3 52533
1342 56 35861 1 36291
1343 5 40233 1 40765
1344 81 38228 1 38791
1345 2 6964 2 7469
1346 20 1217 5 1469
1347 26 29314 1 29452
1348 6 43719 1 44220
1349 51 6964 3 7300
1350 61 11138 1 11530
1351 59 45143 1 45469
1352 58 1112 2 1260
1353 81 40233 1 40424
1354 51 24414 1 24776
1355 38 36239 6 36686
1356 37 18769 4 19486
1357 64 17679 1 17915
1358 19 47642 4 47836
1359 70 40632 2 41033
1360 54 31261 2 31369
1361 38 48786 1 49295
1362 13 10010 2 10124
1363 73 11827 4 12563
1364 64 31693 1 32075
1365 66 41241 2 41782
1366 78 32451 1 32883
1367 59 53033 2 53247
1368 60 3582 1 3737
1369 30 10818 1 11239
1370 21 19051 5 19527
1371 71 28422 1 28906
1372 38 10157 3 10217
1373 2 19347 7 19897
1374 66 29148 3 29745
1375 64 48194 2 48394
1376 67 13880 2 14408
1377 26 45754 1 46371
1378 67 19738 1 20170
1379 43 44855 1 46271
1380 26 20576 1 21224
1381 2 6964 1 7596
1382 13 32518 2 32637
1383 60 19738 3 20132
1384 67 39840 5 40233
1385 26 40808 3 40881
1386 38 4676 1 4984
1387 67 28987 3 29362
1388 59 33461 1 33710
1389 58 0 3 214
1390 51 2521 2 2783
1391 80 53760 2 54104
1392 38 49112 1 49406
1393 36 28422 5 28948
1394 58 34408 2 34619
1395 19 4159 1 4653
1396 60 49610 4 49881
1397 61 32666 1 33229
1398 30 47342 2 47688
1399 72 7448 1 8994
1400 9 5632 3 5762
1401 9 37268 3 37506
1402 51 6472 2 6812
1403 71 39079 3 39301
1404 19 15895 1 16212
1405 53 5380 1 5504
1406 60 41253 3 41366
1407 67 34072 2 34605
1408 49 38275 1 38348
1409 26 28527 1 28663
1410 23 31510 1 31805
1411 61 12953 3 13475
1412 63 667 2 857
1413 67 2302 4 2714
1414 35 12953 3 13249
1415 67 5772 3 6419
1416 60 5632 1 6001
1417 56 31693 3 32324
1418 67 36239 3 36632
1419 51 15895 1 16278
1420 14 24414 2 24999
1421 19 29349 1 29880
1422 28 26188 1 26809
1423 81 41401 3 41817
1424 43 25580 1 26188
1425 22 44943 1 45164
1426 59 48285 1 49112
1427 43 17375 1 17484
1428 23 19655 1 20279
1429 6 46394 5 46437
1430 34 10010 1 10183
1431 57 42957 8 43197
1432 2 17145 2 17695
1433 78 41839 2 42367
1434 43 32518 1 32889
1435 67 9709 2 9788
1436 81 20075 1 20481
1437 49 25086 1 25708
1438 78 52270 4 53005
1439 20 3247 1 5522
1440 72 53760 1 54168
1441 20 26871 1 27470
1442 64 5632 1 5931
1443 6 9586 3 9777
1444 37 22950 1 23171
1445 78 37607 3 38838
1446 21 51494 1 51823
1447 26 44107 2 44225
1448 63 38228 2 38854
1449 51 25338 1 25473
1450 81 667 2 1376
1451 36 9586 2 9673
1452 26 19154 2 19288
1453 50 22789 1 23069
1454 81 36530 1 36620
1455 43 47910 1 48786
1456 64 2521 1 2843
1457 26 25580 1 26088
1458 38 29878 3 30532
1459 12 37607 6 37857
1460 72 50668 2 50801
1461 24 51317 1 51537
1462 2 35623 2 36302
1463 56 28422 3 28894
1464 37 51002 1 51415
1465 2 48194 1 48585
1466 67 52979 1 53233
1467 19 12936 1 13143
1468 78 28648 1 28731
1469 67 38205 4 38669
1470 57 39840 4 39867
1471 64 5510 5 5864
1472 28 49280 3 49722
1473 67 19555 2 20201
1474 53 28241 2 28565
1475 13 19154 2 19391
1476 67 27039 1 27609
1477 20 19649 3 19917
1478 67 23068 1 24406
1479 38 35584 2 36115
1480 72 21621 1 21672
1481 38 6602 1 7111
1482 76 51494 5 51967
1483 9 37607 3 38270
1484 81 48194 1 48538
1485 14 15895 4 16236
1486 81 45754 2 45965
1487 81 0 2 667
1488 13 667 3 859
1489 57 44943 5 45067
1490 60 45019 1 45083
1491 30 30109 1 30659
1492 57 31261 6 31997
1493 59 38998 1 39114
1494 53 9985 3 10152
1495 43 13661 1 15236
1496 53 32518 3 32666
1497 10 20332 2 20543
1498 14 27039 1 27684
1499 53 38919 4 39162
1500 64 10047 1 10112
1501 53 50801 3 51557
1502 19 8882 1 9348
1503 20 21287 2 21670
1504 60 12936 5 13449
1505 81 12936 1 13700
1506 59 18381 1 18493
1507 57 1252 5 1763
1508 59 7845 2 8103
1509 36 51253 1 52270
1510 22 15895 2 16638
1511 43 51100 2 51904
1512 81 26188 2 26507
1513 59 28861 1 29399
1514 30 43186 1 43883
1515 59 34892 1 35141
1516 63 7451 3 7966
1517 59 46294 1 46968
1518 9 41696 4 41849
1519 31 1112 1 1275
1520 78 20064 2 20757
1521 43 43186 2 43465
1522 13 51372 2 51713
1523 22 35861 1 36578
1524 36 44943 4 45182
1525 61 19051 2 19684
1526 48 22283 1 22837
1527 13 7301 3 7707
1528 64 30390 3 30731
1529 26 51932 4 52492
1530 21 11135 1 11212
1531 9 47833 5 48331
1532 59 44855 1 44943
1533 13 51043 6 51269
1534 59 31213 1 31253
1535 13 3582 2 3628
1536 81 34543 1 34731
1537 51 25580 3 25886
1538 57 318 6 785
1539 9 21930 5 22307
1540 81 17375 1 17415
1541 26 9472 1 10157
1542 43 47342 3 47910
1543 2 41241 1 41964
1544 49 33824 3 34542
1545 44 41732 5 42412
1546 47 40955 1 41676
1547 20 45958 2 46503
1548 51 40632 3 40685
1549 61 42957 2 43108
1550 23 51932 1 52408
1551 43 36262 1 36798
1552 51 17777 1 18263
1553 61 11639 1 12048
1554 78 18340 3 19467
1555 59 22789 1 22887
1556 74 10047 1 10585
1557 57 35861 2 36028
1558 26 17876 1 18421
1559 67 41241 2 41366
1560 64 36655 6 37138
1561 72 10375 1 10452
1562 43 35584 1 36199
1563 70 49610 4 49968
1564 70 2327 1 2898
1565 9 11827 1 12413
1566 43 32451 1 32931
1567 58 18703 3 18776
1568 67 29486 1 29912
1569 34 20201 4 20844
1570 81 48826 1 48883
1571 64 20064 1 20564
1572 59 49112 3 49610
1573 8 47833 2 48002
1574 62 34514 1 34575
1575 67 41732 1 42106
1576 36 5470 1 5601
1577 80 13481 8 13915
1578 26 27807 2 28522
1579 51 4270 1 4973
1580 60 22283 2 22359
1581 64 43719 6 44078
1582 44 13481 6 13757
1583 80 6472 1 6811
1584 81 10157 1 10397
1585 31 35861 5 36316
1586 53 23681 2 24091
1587 59 29399 1 30355
1588 26 52492 1 54365
1589 19 7845 3 7939
1590 81 22107 4 22451
1591 59 10413 2 10621
1592 67 25338 1 25463
1593 7 15895 3 16266
1594 34 41696 6 42088
1595 59 27816 1 28371
1596 56 37761 2 37800
1597 59 3841 1 5712
1598 12 25338 3 26029
1599 60 21287 3 21580
1600 72 52926 2 53579
1601 59 51421 4 51542
1602 53 22950 2 23661
1603 81 47974 2 48094
1604 74 33824 1 34209
1605 53 41696 2 42024
1606 59 18537 3 19051
1607 63 41401 4 41905
1608 13 38669 3 39128
1609 53 25580 1 26192
1610 78 46054 3 46693
1611 34 14322 3 14704
1612 81 7448 1 8266
1613 13 21287 4 21737
1614 20 19366 1 20808
1615 81 25338 1 25802
1616 53 31213 1 31957
1617 81 37268 1 37677
1618 13 33461 1 34161
1619 59 38205 2 38552
1620 59 49610 1 49837
1621 64 16326 5 16358
1622 59 17679 3 17715
1623 56 29088 3 29470
1624 9 24266 1 24951
1625 10 1430 1 2015
1626 81 47642 3 47893
1627 26 14129 1 14635
1628 67 45019 2 45162
1629 43 28459 1 29048
1630 57 7913 1 8617
1631 59 20064 2 20151
1632 26 36519 3 37268
1633 43 12791 1 13133
1634 61 30296 1 31786
1635 64 3995 6 4115
1636 25 17777 2 18308
1637 36 15037 1 15148
1638 59 53833 1 54492
1639 56 31213 3 31367
1640 59 12791 1 13401
1641 56 38582 3 39070
1642 64 19655 2 19705
1643 81 25294 3 25406
1644 26 20332 2 21641
1645 29 7845 1 7965
1646 19 14230 1 14300
1647 33 19649 3 19927
1648 21 32164 1 32214
1649 59 9985 3 10413
1650 61 15895 2 16459
1651 32 4676 5 4834
1652 81 37677 1 38205
1653 78 44855 4 45037
1654 58 6964 1 7023
1655 19 19738 2 20027
1656 9 48786 2 48810
1657 67 15895 2 15997
1658 60 25580 4 25815
1659 37 46054 1 46165
1660 53 9586 2 9714
1661 9 43106 3 43521
1662 78 27193 1 28460
1663 81 35568 1 37050
1664 72 7007 2 7448
1665 12 38995 1 39444
1666 36 45754 1 46219
1667 59 3322 2 3593
1668 26 12551 1 12981
1669 63 16842 4 16958
1670 17 28987 1 29280
1671 43 11483 1 12010
1672 43 38582 1 38610
1673 51 16611 1 16767
1674 17 36655 6 37405
1675 67 17375 1 17569
1676 19 9472 1 9818
1677 53 7845 1 8111
1678 59 0 1 488
1679 38 2327 1 3034
1680 81 24233 1 25294
1681 67 20370 1 21287
1682 59 29088 2 29610
1683 67 19555 2 20075
1684 74 11483 2 11725
1685 48 0 4 88
1686 20 27897 1 28159
1687 13 25580 2 26059
1688 81 40632 1 41245
1689 59 29399 1 29495
1690 81 2915 1 3322
1691 70 6964 4 7362
1692 60 41415 3 41450
1693 81 34220 1 34418
1694 51 41415 1 41982
1695 18 12858 3 13305
1696 67 24414 1 24457
1697 9 25294 3 25829
1698 45 25318 1 25755
1699 81 48786 1 49407
1700 43 0 1 121
1701 80 10157 5 10875
1702 38 29878 3 30191
1703 38 17145 1 17876
1704 67 35623 1 35711
1705 25 23379 2 23555
1706 64 14405 5 14734
1707 43 49082 1 49297
1708 45 20201 2 20806
1709 65 10010 4 10055
1710 65 6472 3 6854
1711 56 35568 1 35789
1712 67 37268 3 37314
1713 72 3841 2 3995
1714 72 2302 1 3096
1715 59 17679 2 17876
1716 32 1376 5 1752
1717 36 8267 3 8847
1718 36 29314 1 29788
1719 71 36262 1 36802
1720 2 7556 1 8261
1721 46 28648 2 28871
1722 67 35861 1 36422
1723 73 13481 2 14106
1724 6 18381 3 18855
1725 15 40881 1 41298
1726 25 25580 3 26122
1727 72 24414 1 24931
1728 16 42613 1 43182
1729 59 31510 2 32196
1730 62 44107 3 44466
1731 60 42957 2 43646
1732 70 24233 1 24610
1733 57 12791 1 13106
1734 9 27666 2 27858
1735 60 52301 3 52886
1736 32 14322 1 14444
1737 53 45455 4 45856
1738 24 34892 2 34999
1739 43 13481 3 13558
1740 81 16930 1 17499
1741 40 0 2 449
1742 34 51002 5 51177
1743 43 2915 1 3337
1744 19 19059 1 19217
1745 59 22789 1 22858
1746 56 18359 1 18793
1747 58 24414 1 24459
1748 59 22789 2 23437
1749 56 1376 2 1779
1750 40 41401 1 41830
1751 38 22789 2 23036
1752 26 47833 1 49082
1753 59 28422 1 28861
1754 17 52926 2 53261
1755 51 12936 1 13336
1756 38 31726 1 31851
1757 2 21621 2 22359
1758 43 6419 3 7114
1759 74 37268 1 37742
1760 68 34892 1 34918
1761 10 19059 3 19546
1762 81 51494 3 52518
1763 73 7448 2 7587
1764 43 5470 1 5607
1765 58 29349 1 29994
1766 58 27609 4 28201
1767 67 40632 4 40793
1768 9 31693 1 32032
1769 81 48786 1 49861
1770 63 18359 3 18428
1771 47 9709 1 10229
1772 37 34408 2 35065
1773 59 34537 1 35015
1774 26 32164 2 32898
1775 56 12551 2 13239
1776 30 44107 3 44371
1777 66 34514 1 34867
1778 73 19051 1 19275
1779 60 23379 5 23556
1780 81 47833 2 48492
1781 72 3096 1 3549
1782 2 51253 2 51532
1783 70 45037 3 45074
1784 67 24038 1 24685
1785 64 28422 1 29137
1786 74 1099 1 1545
1787 78 3522 3 5057
1788 38 48285 4 48862
1789 15 10010 2 10718
1790 59 41241 1 41832
1791 36 19649 4 20064
1792 66 5632 1 5933
1793 7 28527 2 28628
1794 67 36655 1 36931
1795 10 29349 4 30004
1796 12 3841 6 4389
1797 67 34892 2 35623
1798 38 7451 1 7955
1799 38 10742 2 11310
1800 12 27609 3 27823
1801 51 14230 1 14953
1802 64 35056 2 35516
1803 81 3582 1 4024
1804 36 25471 1 25731
1805 74 21287 3 21893
1806 59 35861 3 36262
1807 43 18703 1 19059
1808 30 49280 1 49678
1809 26 26188 2 26356
1810 26 52926 1 53423
1811 53 34928 1 35253
1812 61 16611 1 16827
1813 43 52926 3 53326
1814 56 21287 4 21721
1815 17 1217 2 1537
1816 22 44855 2 45380
1817 59 17375 5 17679
1818 25 35584 2 35624
1819 6 41241 4 41361
1820 65 43719 1 43808
1821 20 33461 1 33561
1822 47 40632 1 40773
1823 60 24414 5 24960
1824 81 12105 2 12791
1825 2 4270 1 4382
1826 67 38669 2 39048
1827 26 23375 2 23879
1828 58 47833 4 48559
1829 35 0 4 543
1830 64 34892 8 35338
1831 70 3100 3 3721
1832 20 1469 1 2087
1833 26 18703 1 19154
1834 13 21930 6 22167
1835 26 15895 1 16632
1836 65 52926 4 53190
1837 24 6964 2 7504
1838 76 45143 3 45539
1839 59 9709 1 10312
1840 67 50668 2 51147
1841 81 38275 1 38819
1842 61 22789 1 22841
1843 70 19059 3 19165
1844 14 6472 4 6565
1845 2 16326 2 17067
1846 13 27807 4 27910
1847 51 35584 1 36067
1848 53 20332 2 20360
1849 20 33182 2 33522
1850 72 51932 1 52326
1851 71 41625 2 41693
1852 26 38799 1 39039
1853 43 28861 2 29582
1854 9 16842 5 17381
1855 43 19655 1 20811
1856 13 38275 5 38403
1857 78 10010 1 10345
1858 72 19655 1 19996
1859 72 20370 1 20545
1860 78 47642 1 47743
1861 9 34072 1 34246
1862 64 2302 6 2864
1863 43 43106 4 43434
1864 30 26188 2 26610
1865 74 46054 3 46223
1866 53 32666 2 33303
1867 80 47833 2 48402
1868 64 46394 1 46833
1869 36 17679 2 19129
1870 59 44943 2 45056
1871 9 27807 1 28136
1872 72 28648 1 28980
1873 18 27039 1 27609
1874 71 41696 1 41948
1875 20 10291 3 10742
1876 81 46394 1 47844
1877 78 47974 1 48614
1878 60 51002 1 51032
1879 54 16326 2 16846
1880 70 14129 4 14603
1881 56 46964 2 47536
1882 43 31693 2 32245
1883 81 12981 2 13171
1884 17 1469 1 2117
1885 22 16326 1 16748
1886 59 36262 2 36489
1887 80 44272 8 44509
1888 20 23681 2 23925
1889 61 51002 1 51114
1890 58 24038 3 24386
1891 43 38228 2 38259
1892 54 47833 1 48065
1893 43 40881 2 41059
1894 26 40881 2 41130
1895 72 574 2 1274
1896 37 46294 1 46565
1897 48 13700 2 14381
1898 25 46054 3 46308
1899 43 33182 1 33685
1900 15 22950 3 23374
1901 13 23852 5 24158
1902 63 38998 3 39740
1903 81 38799 1 39408
1904 70 1252 2 1881
1905 59 11827 1 12564
1906 51 19738 1 20092
1907 9 29349 1 29626
1908 13 22789 1 23379
1909 81 36239 2 36498
1910 16 32718 1 33385
1911 72 22789 1 23587
1912 72 14273 1 14989
1913 80 50948 2 50992
1914 43 27039 2 27488
1915 36 37312 3 37598
1916 43 0 1 318
1917 36 37312 1 37375
1918 67 45162 2 45450
1919 38 3606 2 3951
1920 64 23379 2 23871
1921 42 35568 2 35744
1922 43 35861 1 36143
1923 13 17777 4 18107
1924 37 11135 1 11626
1925 24 43186 2 43360
1926 14 7448 4 7860
1927 2 574 2 1119
1928 36 25580 1 26666
1929 64 22789 2 23247
1930 17 16842 1 17149
1931 14 5632 2 6016
1932 26 3995 1 4129
1933 73 1358 4 1538
1934 37 4676 3 4839
1935 20 18550 1 18992
1936 59 6081 4 6346
1937 57 41830 5 42406
1938 14 29399 3 29601
1939 53 27897 2 28113
1940 60 33182 4 33455
1941 43 33323 1 34096
1942 26 2302 1 2751
1943 59 33824 2 34301
1944 53 10452 1 10818
1945 78 14864 5 15329
1946 43 7845 2 8381
1947 81 18359 1 18769
1948 58 11135 3 11278
1949 9 38319 2 38708
1950 43 37268 2 38275
1951 43 41241 1 41682
1952 2 22789 2 23020
1953 67 45754 1 46229
1954 36 24266 2 24854
1955 6 25318 2 25633
1956 20 32666 2 32779
1957 64 46294 1 46498
1958 70 46530 3 46584
1959 53 13144 1 13659
1960 80 39023 5 39769
1961 20 16611 3 17802
1962 20 8882 1 10195
1963 26 43106 2 43749
1964 38 45037 1 45481
1965 64 37607 5 37686
1966 12 9586 5 10116
1967 60 38582 1 38910
1968 34 14230 2 14750
1969 36 33824 2 34408
1970 57 3247 2 3440
1971 20 10742 1 12520
1972 61 5072 1 6702
1973 15 40632 4 41193
1974 53 3247 1 3391
1975 51 51955 2 52196
1976 63 29302 3 29880
1977 59 49610 1 51421
1978 63 15895 3 16545
1979 71 7845 1 8555
1980 13 10157 4 10804
1981 43 9472 1 10043
1982 36 21621 1 21979
1983 31 16611 3 16861
1984 67 49663 2 50668
1985 67 51955 4 52301
1986 53 10818 3 11501
1987 19 0 2 672
1988 43 28948 1 29239
1989 59 1358 1 2228
1990 80 23379 1 23694
1991 26 44163 1 44272
1992 26 23681 1 24305
1993 9 17679 1 17779
1994 59 19051 5 19655
1995 74 18359 1 18935
1996 81 49280 2 49423
1997 14 28634 1 29363
1998 9 38799 3 39421
1999 60 20332 2 20662
2000 81 33824 1 34276
2001 23 1376 1 1632
2002 19 31693 4 32209
2003 59 37312 3 37746
2004 56 8267 4 8624
2005 67 20201 5 20242
2006 61 39023 2 39161
2007 78 3096 4 3583
2008 67 52926 4 53236
2009 36 52270 2 52803
2010 43 42957 1 43106
2011 36 19154 2 19649
2012 60 8882 4 9272
2013 61 46394 1 46711
2014 64 34514 2 34760
2015 22 34514 1 35249
2016 43 53833 1 54302
2017 8 25318 3 25925
2018 47 19051 1 19101
2019 81 21287 1 21942
2020 53 46054 1 46482
2021 17 39079 6 39462
2022 34 318 3 666
2023 64 44163 2 44716
2024 22 42613 1 43311
2025 72 15895 1 16175
2026 81 42286 2 43001
2027 66 4023 3 4283
2028 66 17679 1 17943
2029 43 21287 1 21530
2030 17 12105 3 12275
2031 63 51955 1 52297
2032 43 38610 3 38999
2033 58 40808 1 41138
2034 59 29878 2 30580
2035 70 20201 3 20715
2036 6 29314 5 29661
2037 43 53714 2 53826
2038 19 2302 4 2542
2039 43 21287 5 21930
2040 19 23375 3 23800
2041 67 46964 4 47342
2042 17 10886 7 11057
2043 64 19794 8 20231
2044 30 4159 2 4674
2045 59 15895 2 16965
2046 71 26342 2 26523
2047 67 10505 1 11778
2048 26 35056 1 35466
2049 10 4456 2 5111
2050 30 10413 1 10536
2051 46 36655 2 36733
2052 20 50801 1 51043
2053 70 39840 3 40306
2054 72 33824 1 34220
2055 59 15895 1 16452
2056 17 42613 7 43147
2057 63 37268 3 37695
2058 20 2189 3 2398
2059 71 31693 2 31726
2060 60 9472 1 9661
2061 26 12105 1 12247
2062 60 51253 1 51930
2063 53 42286 1 43711
2064 70 31261 1 31481
2065 12 22789 3 23256
2066 43 16854 2 17419
2067 26 39023 1 39594
2068 56 2302 1 2419
2069 63 51955 2 52040
2070 31 19463 5 19628
2071 34 34514 2 35158
2072 61 38582 2 39023
2073 67 38190 1 38652
2074 78 23681 1 24777
2075 81 18381 2 18550
2076 59 4985 1 5945
2077 38 49280 1 49303
2078 59 11135 4 11452
2079 36 22789 1 23325
2080 34 51002 2 51350
2081 49 38582 1 39238
2082 57 19738 3 20084
2083 13 26871 3 27245
2084 34 20064 1 20733
2085 67 31053 1 31279
2086 73 45754 2 46089
2087 26 10157 1 11264
2088 15 31693 1 32218
2089 64 40632 4 40811
2090 26 27186 1 27687
2091 46 15037 2 15281
2092 26 27807 1 28277
2093 67 23697 1 24268
2094 13 13661 4 13918
2095 59 10742 2 11042
2096 61 3841 3 4485
2097 2 3100 2 3802
2098 58 18381 1 18544
2099 51 35594 2 35948
2100 25 2521 1 2821
2101 56 15927 2 16253
2102 30 1376 2 1818
2103 2 20370 1 20430
2104 80 31726 3 32222
2105 47 28459 1 28564
2106 2 34892 1 35609
2107 24 33461 1 34071
2108 60 12551 4 12810
2109 58 29878 3 29957
2110 59 3522 1 4934
2111 20 12953 1 13104
2112 20 7556 2 8106
2113 36 30580 2 31190
2114 59 19655 1 20243
2115 36 21930 4 22588
2116 25 23068 1 23449
2117 26 1358 2 1387
2118 78 19655 2 19902
2119 36 37268 1 37312
2120 67 11827 1 12053
2121 67 44163 1 44386
2122 67 49112 1 49663
2123 9 4159 2 4485
2124 14 27609 1 27759
2125 78 51002 4 51657
2126 74 47642 1 48341
2127 37 35141 7 35423
2128 67 9709 1 10045
2129 17 24414 3 24582
2130 61 1112 2 1293
2131 71 20332 2 20984
2132 34 25580 3 26295
2133 2 19463 1 19496
2134 37 17829 6 18443
2135 30 37677 1 37859
2136 21 22950 1 23389
2137 12 23379 4 23473
2138 51 0 1 278
2139 59 45958 1 46294
2140 51 33182 2 33496
2141 18 51372 3 51590
2142 59 7913 1 8057
2143 38 25086 1 25525
2144 67 18093 4 18351
2145 58 29202 3 29655
2146 20 24414 1 24819
2147 67 21821 4 22412
2148 56 52492 1 52774
2149 78 6602 7 7135
2150 81 15085 2 15595
2151 45 13661 3 13751
2152 57 44163 1 44367
2153 56 17679 1 18423
2154 39 48786 2 49156
2155 36 37598 4 38111
2156 59 23379 2 23468
2157 81 9472 1 9887
2158 40 27186 1 27858
2159 25 39079 4 39498
2160 59 4921 1 5520
2161 70 36262 3 36614
2162 26 38669 1 38722
2163 10 44855 2 44875
2164 72 48786 1 49793
2165 26 41962 1 42441
2166 63 24644 1 25346
2167 34 28634 1 29185
2168 23 35861 2 36142
2169 2 28987 1 29411
2170 72 0 2 528
2171 8 36182 4 36900
2172 56 42957 3 43212
2173 29 20332 3 20673
2174 24 47833 2 47957
2175 66 34892 2 35320
2176 79 41625 2 42046
2177 23 39079 4 39284
2178 64 46294 1 46814
2179 20 30109 1 31586
2180 43 4921 1 5465
2181 26 9709 2 10081
2182 81 8967 1 9328
2183 20 43070 3 43595
2184 43 34533 1 35033
2185 14 42957 3 43240
2186 67 2302 1 2416
2187 59 36530 1 37166
2188 43 21930 2 22828
2189 53 12791 2 13006
2190 60 29088 2 29371
2191 9 45754 1 46073
2192 38 20332 3 21075
2193 25 22950 3 23367
2194 23 9234 1 9491
2195 36 7301 1 7738
2196 65 48285 2 48486
2197 36 14129 1 15086
2198 36 20064 6 20720
2199 81 25294 1 25338
2200 14 1217 3 1617
2201 72 14129 1 14273
2202 53 52926 3 53533
2203 59 13880 2 13918
2204 30 6472 3 6794
2205 81 31439 1 32028
2206 38 28422 5 28651
2207 81 41245 1 41970
2208 43 23681 1 23754
2209 61 23068 1 23400
2210 43 7114 1 7255
2211 43 19059 1 19495
2212 81 11827 1 12111
2213 56 10010 1 10137
2214 22 37607 2 38025
2215 29 24644 1 24670
2216 51 12791 1 12985
2217 78 39840 3 40464
2218 26 34408 4 34928
2219 26 23379 1 23852
2220 20 3606 4 3861
2221 78 16842 1 17099
2222 81 40632 1 41241
2223 20 25086 4 25352
2224 49 32518 2 33152
2225 63 27609 1 27697
2226 14 23681 3 24358
2227 59 18550 1 18848
2228 67 40808 6 40955
2229 81 4024 1 4299
2230 6 40881 1 41485
2231 9 28527 4 29083
2232 26 19794 2 20021
2233 65 37268 4 37475
2234 61 7556 2 8130
2235 43 47974 4 48375
2236 78 26188 1 26406
2237 16 50801 1 51229
2238 30 12936 1 13450
2239 78 53005 1 53052
2240 57 43678 8 43973
2241 17 43719 6 43804
2242 72 28980 1 29148
2243 30 25294 1 25503
2244 26 3247 3 3975
2245 71 10505 3 10801
2246 19 11042 5 11096
2247 72 44163 1 44673
2248 6 27039 3 27227
2249 47 50801 1 51416
2250 67 17375 1 18113
2251 67 24644 1 24950
2252 43 11138 4 11170
2253 81 5380 1 5603
2254 64 10886 1 11327
2255 43 43106 1 43821
2256 67 7007 3 7762
2257 57 48194 4 48538
2258 48 24038 3 24541
2259 43 38275 1 38919
2260 81 37344 2 37872
2261 63 52270 1 52396
2262 36 53714 1 53776
2263 60 34220 1 34300
2264 43 6472 3 7100
2265 18 2521 3 2706
2266 24 20332 2 20354
2267 67 9586 1 10317
2268 32 38023 3 38743
2269 26 8437 4 9138
2270 70 3995 4 4071
2271 21 35594 3 35991
2272 36 24414 1 24867
2273 16 40632 1 41009
2274 6 53714 3 54192
2275 59 11483 3 11639
2276 56 0 2 213
2277 78 25086 2 25585
2278 26 34892 3 35056
2279 71 41241 2 41608
2280 62 28648 1 28895
2281 51 27609 1 27970
2282 26 29878 1 30964
2283 34 1376 6 1774
2284 15 31090 2 31793
2285 65 6964 2 7245
2286 53 40233 1 40331
2287 26 6419 4 6691
2288 60 6419 1 7018
2289 66 12936 3 13087
2290 26 4456 1 6064
2291 60 35623 5 35895
2292 70 35584 1 36025
2293 59 43186 4 43633
2294 19 45754 4 46303
2295 67 8882 3 9587
2296 36 34969 1 35919
2297 9 30539 4 31056
2298 22 51955 3 52574
2299 18 53760 1 54156
2300 55 36262 2 36741
2301 59 10505 1 10634
2302 36 51147 3 51253
2303 36 10742 4 10766
2304 81 38205 1 38228
2305 70 33824 2 34461
2306 37 0 2 583
2307 81 53714 1 54028
2308 81 17145 3 17307
2309 43 26871 3 27382
2310 51 31053 2 31531
2311 48 37344 1 37557
2312 61 2302 3 3028
2313 59 11042 5 11483
2314 81 50801 4 51002
2315 53 44855 1 44966
2316 34 33824 8 34088
2317 34 6081 6 6664
2318 67 4985 1 5656
2319 81 45037 1 45606
2320 19 48786 3 49348
2321 19 51932 1 52302
2322 60 51147 5 51217
2323 30 15895 1 16567
2324 20 46503 2 47034
2325 13 28634 4 28955
2326 73 1112 3 1305
2327 63 16611 1 16730
2328 43 2302 3 2908
2329 67 22950 2 23277
2330 67 11778 1 12405
2331 72 3582 2 3732
2332 67 25818 1 25875
2333 72 11483 2 11781
2334 17 21287 1 21870
2335 56 39079 3 39347
2336 67 19275 3 19347
2337 30 19738 1 20021
2338 81 10047 1 10759
2339 31 29486 4 29781
2340 26 39079 1 39108
2341 67 14408 1 15085
2342 36 1252 3 1748
2343 65 20064 4 20171
2344 62 18537 1 18770
2345 81 19059 2 19604
2346 43 28119 3 28455
2347 26 53714 2 54279
2348 81 31693 1 32207
2349 63 21621 4 22323
2350 65 40632 1 40810
2351 26 24414 2 24523
2352 59 38582 2 38607
2353 22 45143 1 45661
2354 59 27193 1 27916
2355 20 13552 1 14607
2356 59 41696 3 42613
2357 38 43186 1 43935
2358 56 10742 2 11447
2359 59 574 5 1099
2360 61 23925 1 24184
2361 70 34418 1 34806
2362 13 3995 3 4063
2363 56 0 1 472
2364 19 5772 1 5858
2365 43 17829 2 18601
2366 19 14322 1 14821
2367 17 40632 3 40864
2368 43 27609 1 27666
2369 36 47833 3 48064
2370 67 574 1 1112
2371 30 12105 2 12414
2372 80 28527 7 28740
2373 2 18381 2 18808
2374 47 19655 1 19872
2375 17 51147 1 51724
2376 36 22789 3 23528
2377 71 7448 1 7571
2378 30 45037 2 45455
2379 29 27039 1 27337
2380 51 23681 1 23994
2381 36 41625 1 42643
2382 49 1099 3 1740
2383 20 25352 2 25867
2384 47 48786 1 49022
2385 74 0 3 43
2386 53 34220 2 34589
2387 64 35977 3 36400
2388 19 6472 1 6868
2389 59 45958 1 46300
2390 67 30081 4 30390
2391 53 38205 3 38740
2392 67 51147 3 51317
2393 71 29683 2 30421
2394 8 21604 1 21644
2395 73 40632 1 41307
2396 68 36239 2 36617
2397 81 44855 1 45037
2398 36 46294 2 47129
2399 81 45455 4 45673
2400 25 45037 1 45524
2401 56 29452 2 30202
2402 59 34301 3 34537
2403 9 32666 1 33251
2404 19 43186 1 43614
2405 38 51317 3 51416
2406 65 51372 5 51564
2407 30 7301 1 7620
2408 22 41241 4 41681
2409 43 49753 1 49953
2410 63 22789 2 23463
2411 2 17777 1 18480
2412 26 28987 1 31213
2413 34 12936 2 13643
2414 78 46964 1 47144
2415 67 16854 3 16985
2416 81 43186 1 43800
2417 34 45037 1 45521
2418 78 13756 1 14529
2419 29 52301 1 52755
2420 72 39840 1 40547
2421 53 22789 2 23078
2422 64 22283 6 22980
2423 23 9709 4 10053
2424 67 11294 3 11657
2425 53 47974 1 48102
2426 36 1748 1 2733
2427 43 48786 1 48878
2428 66 24414 3 24998
2429 6 1099 4 1721
2430 13 3247 5 3443
2431 81 9887 5 10047
2432 67 35861 2 36158
2433 32 27609 5 27797
2434 81 34418 1 35524
2435 64 27039 2 27348
2436 36 36239 4 36480
2437 51 24414 2 24939
2438 63 5470 4 5706
2439 67 16611 3 16758
2440 6 34514 1 34834
2441 56 6081 2 6444
2442 43 8437 1 8554
2443 78 34543 1 34797
2444 43 5632 3 6178
2445 78 7301 3 7556
2446 56 6081 1 6471
2447 63 18769 1 19175
2448 78 3247 3 3276
2449 59 24644 2 25088
2450 78 1252 5 1877
2451 26 29088 1 29325
2452 56 25086 1 25551
2453 81 17679 4 18119
2454 53 3841 4 4344
2455 18 34537 1 35075
2456 72 17145 2 17634
2457 58 52301 2 52661
2458 57 11483 8 12131
2459 14 3841 1 4424
2460 64 27897 2 28191
2461 53 2327 2 2758
2462 51 41241 2 41893
2463 19 15895 1 16472
2464 9 43719 4 44255
2465 61 35584 1 35632
2466 20 33824 3 34514
2467 81 20075 2 20520
2468 67 5945 2 6195
2469 71 5632 1 5659
2470 21 7556 7 8149
2471 30 8437 2 9146
2472 59 7448 1 7498
2473 38 18093 2 18379
2474 6 6964 4 7632
2475 19 21287 2 21919
2476 38 3995 1 4041
2477 13 12936 1 13281
2478 20 28648 3 28846
2479 70 37268 3 37758
2480 70 6419 1 6673
2481 64 15037 6 15440
2482 17 34514 2 35195
2483 26 52926 1 53456
2484 26 19288 3 19794
2485 22 38275 2 38603
2486 36 27609 1 28388
2487 78 34892 4 35233
2488 26 17145 1 17777
2489 43 29878 3 30375
2490 59 14230 2 14761
2491 9 13274 1 13976
2492 61 1358 3 1544
2493 51 49280 2 49751
2494 62 19463 4 19873
2495 20 7913 1 8671
2496 60 31439 1 31736
2497 57 30081 8 30236
2498 14 50801 2 51489
2499 13 0 2 642
2500 56 6602 3 7303
2501 17 22789 6 23130
2502 59 27193 3 27740
2503 59 21821 5 21971
2504 72 1274 2 1912
2505 21 2327 1 3048
2506 71 11483 1 11914
2507 70 28119 3 28809
2508 72 53714 1 54124
2509 26 35568 5 36310
2510 60 32164 1 32871
2511 59 9709 1 9897
2512 56 52926 2 53419
2513 78 28861 5 29486
2514 36 33824 6 34096
2515 53 25580 1 26014
2516 67 37268 1 37865
2517 54 41401 2 41551
2518 60 51932 3 52048
2519 36 12105 1 12444
2520 43 50668 1 51100
2521 59 1358 2 2155
2522 56 41241 3 41899
2523 67 28422 3 28480
2524 78 15895 2 16794
2525 9 17829 2 18282
2526 53 19555 4 19730
2527 53 26342 1 26976
2528 39 49280 1 49861
2529 38 7913 2 8044
2530 80 31053 3 31392
2531 80 12936 1 12959
2532 59 32518 1 32872
2533 56 11138 1 11666
2534 60 1099 1 1663
2535 18 44855 4 45540
2536 54 53005 1 53683
2537 30 45754 2 45936
2538 81 2457 1 3549
2539 8 14322 3 14437
2540 56 34514 3 34701
2541 37 36239 1 36497
2542 56 14129 3 14218
2543 51 29314 1 29979
2544 57 37312 4 37866
2545 73 37307 5 37919
2546 63 33182 2 33562
2547 64 41241 4 41661
2548 9 18359 3 18953
2549 80 33182 7 33838
2550 78 23375 1 24434
2551 19 22789 1 23337
2552 80 23681 7 23889
2553 71 11135 2 11719
2554 6 23681 3 24415
2555 43 33182 1 33643
2556 43 25176 1 25986
2557 26 50948 2 51377
2558 80 53760 1 54485
2559 59 1099 2 1358
2560 62 34543 3 35063
2561 67 20064 3 20332
2562 20 22789 1 23502
2563 24 13661 1 14296
2564 43 45019 1 45118
2565 73 43678 2 43725
2566 70 19655 1 19784
2567 81 19154 3 19512
2568 12 17777 5 17813
2569 36 38582 4 38840
2570 81 4676 1 4725
2571 46 37761 2 37954
2572 2 10291 4 10803
2573 26 37268 1 38582
2574 12 1274 3 1949
2575 51 7448 2 7754
2576 51 30580 1 31291
2577 49 40881 4 41240
2578 81 49423 1 49542
2579 42 32451 1 33145
2580 81 20481 1 21516
2581 16 37268 1 37320
2582 60 38799 1 39244
2583 21 1252 7 1754
2584 59 32718 1 33808
2585 64 1376 2 1810
2586 20 36182 1 36758
2587 6 16611 3 17220
2588 38 31439 1 31733
2589 72 16851 2 16974
2590 53 51955 1 52466
2591 67 41366 1 43449
2592 53 48786 1 49869
2593 14 33303 2 33492
2594 46 43106 2 43553
2595 57 50948 6 51583
2596 53 46012 1 46064
2597 25 45754 4 46428
2598 67 29377 3 30081
2599 40 36262 1 36739
2600 58 52926 2 53188
2601 71 25580 1 25846
2602 67 3337 2 3825
2603 29 1112 2 1341
2604 22 45958 4 46370
2605 78 7556 4 8078
2606 59 27193 1 27297
2607 78 29486 1 29726
2608 26 43719 1 46049
2609 38 4454 1 5148
2610 67 34514 1 34544
2611 38 43719 3 43953
2612 64 46503 1 46835
2613 22 35861 2 36375
2614 61 36239 1 36680
2615 36 45182 1 45487
2616 25 23375 2 24045
2617 67 18340 2 18403
2618 14 26188 3 26694
2619 64 6964 2 7118
2620 67 24644 2 24704
2621 78 53714 3 54131
2622 26 10010 1 11779
2623 51 15895 2 16289
2624 57 6472 7 6814
2625 2 12953 2 13004
2626 13 22283 5 22565
2627 38 18381 1 18494
2628 78 34533 1 34946
2629 73 0 2 661
2630 71 46294 3 46700
2631 64 43186 6 43638
2632 59 4159 1 4756
2633 36 5380 4 5470
2634 46 29377 3 30002
2635 81 16387 4 17052
2636 36 0 2 1252
2637 2 49280 1 49994
2638 2 50801 3 50923
2639 44 20332 7 20965
2640 78 14230 2 14868
2641 67 34605 2 34892
2642 60 9709 3 10238
2643 74 51932 1 52459
2644 46 38205 4 38300
2645 59 17777 1 18209
2646 57 44855 8 44998
2647 12 40881 3 41415
2648 26 24414 3 24733
2649 81 46294 1 47069
2650 78 11138 4 11617
2651 43 29302 2 29805
2652 14 6964 1 7018
2653 4 26188 3 26544
2654 6 19655 1 20356
2655 56 23925 1 24421
2656 43 7114 1 7231
2657 67 44107 1 44492
2658 57 10291 3 10990
2659 51 20332 1 21040
2660 70 9709 4 9877
2661 19 35861 2 36378
2662 33 48826 2 49101
2663 59 7301 2 7711
2664 78 45037 3 45754
2665 10 46964 2 47458
2666 46 25580 4 26219
2667 51 44943 2 45169
2668 81 27039 2 27705
2669 43 7448 1 7752
2670 14 21930 2 22281
2671 34 13756 6 14251
2672 56 51002 1 51066
2673 45 29148 1 29551
2674 36 40881 5 41604
2675 19 23925 1 24307
2676 14 28422 4 28468
2677 20 52492 2 53077
2678 61 8967 2 9613
2679 81 1376 2 1725
2680 74 43719 2 44228
2681 43 29878 2 30491
2682 67 27609 3 28119
2683 43 51317 2 51591
2684 70 5510 1 6013
2685 59 44272 1 44855
2686 22 39023 1 39532
2687 28 18359 4 18901
2688 21 5470 2 5626
2689 43 38275 2 38594
2690 2 19347 3 19839
2691 53 24233 1 25115
2692 64 3337 1 3975
2693 26 22789 1 23379
2694 58 3310 3 3525
2695 61 44163 1 44235
2696 67 48194 2 48246
2697 9 21287 1 21577
2698 65 44855 1 45236
2699 64 28861 5 29209
2700 49 41625 3 41966
2701 59 11639 1 12064
2702 8 9709 2 9996
2703 62 29377 3 29868
2704 26 12981 3 13144
2705 48 29486 4 29994
2706 64 9586 7 9657
2707 81 5380 3 5442
2708 73 16326 6 17076
2709 43 1099 3 1566
2710 43 41673 1 42216
2711 2 35056 2 35424
2712 67 45754 2 46417
2713 81 5470 1 5632
2714 59 21621 2 22107
2715 80 18769 2 19347
2716 70 4270 1 4656
2717 58 9472 1 10011
2718 30 46964 1 47097
2719 43 7301 6 7845
2720 43 42286 1 42957
2721 12 45754 3 45906
2722 24 32164 3 32861
2723 24 24038 1 24283
2724 48 12936 1 13312
2725 70 18703 1 18981
2726 17 44943 7 45651
2727 26 6081 2 6373
2728 59 43719 4 44363
2729 12 47833 1 48214
2730 78 4921 1 5510
2731 20 49753 1 50356
2732 78 10505 2 10598
2733 78 37268 2 37565
2734 80 21604 2 21878
2735 57 18769 1 18968
2736 38 17777 4 18369
2737 63 24038 1 24163
2738 63 3100 1 3696
2739 67 23375 2 23697
2740 72 38205 1 38244
2741 80 3582 6 3680
2742 21 20064 1 20085
2743 25 53760 3 53936
2744 2 31261 2 31660
2745 81 22107 4 22425
2746 81 29088 2 29817
2747 81 1725 5 2457
2748 19 3582 1 3672
2749 67 51317 1 53168
2750 43 40233 2 40507
2751 67 26342 1 26914
2752 59 39840 1 40632
2753 17 19738 7 20013
2754 16 19655 1 20324
2755 67 43719 1 43883
2756 26 40719 3 40790
2757 60 47642 2 47717
2758 67 22412 1 22450
2759 5 36239 1 36452
2760 20 26188 1 26505
2761 20 17802 1 18093
2762 59 43678 2 43719
2763 20 8267 1 8617
2764 58 39947 2 40437
2765 9 31261 1 31548
2766 43 9709 1 9856
2767 51 3582 1 3666
2768 36 14129 1 14288
2769 60 12105 4 12410
2770 56 2327 4 2795
2771 80 7301 1 7977
2772 34 36262 5 36754
2773 9 52926 3 53121
2774 43 46964 1 47092
2775 17 6602 5 7131
2776 68 27897 1 28114
2777 8 17876 1 18343
2778 13 1099 2 1437
2779 73 6964 4 7287
2780 26 43719 2 43925
2781 43 9234 1 9279
2782 49 27609 1 27885
2783 43 25294 1 25318
2784 67 32668 2 33607
2785 67 24414 1 26430
2786 51 8967 1 9100
2787 26 43903 1 44219
2788 43 318 2 1053
2789 19 6472 2 6631
2790 43 51932 3 52301
2791 59 8967 1 9652
2792 58 45754 1 45970
2793 20 38552 1 38995
2794 72 12551 1 13156
2795 12 43186 2 43308
2796 16 45754 1 45992
2797 81 28987 2 29267
2798 81 38650 1 39287
2799 36 28241 1 28422
2800 56 19738 3 19915
2801 37 52926 2 53625
2802 38 20332 4 20900
2803 26 34928 2 35459
2804 53 9472 1 9586
2805 32 46530 5 46789
2806 43 43903 2 44163
2807 62 34969 2 35161
2808 36 33182 6 33824
2809 34 10536 4 10881
2810 81 42957 1 43587
2811 67 33182 3 33890
2812 64 18093 3 18417
2813 65 20332 4 20494
2814 65 31213 3 31433
2815 2 5510 8 6255
2816 6 33182 1 33664
2817 53 6419 1 7115
2818 26 16611 1 16959
2819 9 41962 1 42534
2820 38 3841 1 4370
2821 81 10886 1 11497
2822 22 38023 1 38061
2823 78 40632 1 41178
2824 2 19275 2 19360
2825 43 1376 3 1738
2826 81 33278 4 33533
2827 14 51932 5 52132
2828 20 29349 2 29709
2829 81 36310 4 36707
2830 53 31261 1 31784
2831 30 48786 1 49115
2832 72 48786 1 49089
2833 78 33182 2 33715
2834 67 5072 1 5573
2835 65 28861 2 29161
2836 56 51147 5 51529
2837 81 8266 5 8967
2838 72 47833 1 48538
2839 67 29377 2 29683
2840 81 8967 4 9472
2841 16 17679 1 17793
2842 81 19555 5 20075
2843 70 29349 4 29974
2844 80 1217 2 1539
2845 66 9472 1 9866
2846 43 9985 1 10665
2847 53 34892 1 35582
2848 38 25086 1 25496
2849 26 48194 3 48853
2850 53 16611 1 17058
2851 36 41241 1 41625
2852 60 7448 5 7478
2853 43 29302 2 29795
2854 81 43678 2 43960
2855 74 667 1 906
2856 50 51955 1 52181
2857 81 30296 1 31506
2858 38 19347 1 19837
2859 81 42957 2 43174
2860 67 3841 2 4270
2861 71 45965 1 46174
2862 73 18381 6 18969
2863 51 13756 1 13807
2864 28 38582 1 38934
2865 51 37607 1 37961
2866 58 51932 3 51997
2867 66 46294 2 46708
2868 56 20064 2 20609
2869 72 0 1 249
2870 34 18359 3 18718
2871 72 14405 1 14937
2872 59 1112 1 1296
2873 46 45037 4 45223
2874 67 30539 1 31053
2875 2 29683 5 30129
2876 57 0 7 86
2877 9 0 3 274
2878 26 1430 1 1895
2879 33 42300 3 42715
2880 62 43610 1 44152
2881 57 36262 3 36872
2882 23 7448 2 7476
2883 80 17145 3 17494
2884 19 7448 4 7526
2885 53 53714 4 54412
2886 20 53714 1 53760
2887 53 19059 2 19450
2888 6 5945 3 6159
2889 9 40632 2 40656
2890 19 19347 4 19725
2891 81 51002 4 51494
2892 21 13173 3 13795
2893 26 25086 1 25818
2894 9 14230 2 14907
2895 64 33182 2 33766
2896 59 51002 1 51372
2897 54 2457 1 3153
2898 54 23925 1 24636
2899 67 4270 2 4538
2900 24 10010 2 10416
2901 37 28987 6 29302
2902 59 45143 2 45206
2903 36 35919 1 35977
2904 43 4270 1 4498
2905 59 53033 2 53714
2906 18 28459 5 28842
2907 20 29709 3 30109
2908 2 19051 3 19298
2909 56 40632 1 40702
2910 23 27816 3 28342
2911 74 24644 2 24772
2912 50 38205 1 38368
2913 20 20481 1 20655
2914 26 5380 1 6563
2915 72 21287 1 21621
2916 58 14405 1 15027
2917 14 5380 2 5502
2918 36 4454 1 5332
2919 43 30491 3 31090
2920 59 35141 2 35779
2921 78 48786 1 49315
2922 2 33182 1 33284
2923 67 13274 2 14190
2924 81 22283 1 22789
2925 14 35861 1 36595
2926 56 34533 2 34691
2927 13 20064 1 20493
2928 26 29377 3 30135
2929 56 47642 1 48353
2930 51 28876 1 29159
2931 43 34220 4 34590
2932 36 22789 3 23445
2933 43 27666 1 27897
2934 68 51932 2 51984
2935 52 32518 2 33253
2936 14 46294 3 46843
2937 65 46294 2 46829
2938 16 38205 1 38372
2939 60 30580 5 30747
2940 64 48194 1 48667
2941 81 11827 2 12098
2942 81 4299 2 4754
2943 60 17145 5 17518
2944 66 25294 3 25713
2945 25 45037 1 45107
2946 21 28422 4 29011
2947 20 26342 1 27871
2948 36 28948 3 29202
2949 59 47833 1 48285
2950 36 40632 7 40803
2951 43 53714 1 54222
2952 22 46054 1 46309
2953 72 11138 1 11466
2954 81 17415 1 17730
2955 81 3995 1 4676
2956 30 21287 3 21881
2957 31 574 5 1247
2958 36 31860 2 32318
2959 30 8882 1 9308
2960 56 10536 3 10897
2961 81 22789 1 22950
2962 81 33182 4 33278
2963 72 40881 1 41399
2964 61 7114 3 7195
2965 72 21621 1 24043
2966 26 33182 2 34072
2967 72 20201 1 20332
2968 2 24038 2 24670
2969 26 28843 1 29314
2970 23 44855 1 45430
2971 49 39840 2 40052
2972 17 5632 7 6171
2973 19 6964 2 7314
2974 26 49082 4 49665
2975 60 27740 5 28072
2976 58 10010 2 10315
2977 43 46294 1 46671
2978 81 29302 1 30059
2979 57 38023 1 38158
2980 58 19051 1 19357
2981 65 33182 4 33928
2982 73 42957 2 43620
2983 61 29088 2 29486
2984 71 23379 2 23593
2985 81 38205 1 38650
2986 14 48194 1 48831
2987 53 35584 1 36107
2988 67 20370 1 20846
2989 9 34514 3 34538
2990 2 40632 1 41337
2991 80 5380 1 5489
2992 49 16387 2 16825
2993 59 25580 1 26335
2994 13 2457 2 2486
2995 36 35584 1 35947
2996 67 19463 2 20143
2997 33 7301 3 7808
2998 80 20332 1 20476
2999 9 29202 3 29934
3000 53 44163 1 44847
3001 56 52926 2 53358
3002 17 31510 1 32257
3003 64 45754 1 46329
3004 51 29148 1 29371
3005 67 3337 1 3943
3006 14 25406 1 25526
3007 51 30081 1 30441
3008 43 42286 1 42795
3009 2 51932 3 52639
3010 81 45965 1 46150
3011 12 51253 2 51550
3012 8 44272 1 44520
3013 9 19738 3 20417
3014 43 3973 2 4454
3015 53 27609 2 28241
3016 30 28987 1 29728
3017 58 30580 3 30815
3018 81 7447 1 8247
3019 30 31693 3 31834
3020 30 14129 1 14157
3021 38 38275 5 38329
3022 78 41241 4 41557
3023 81 41415 3 41830
3024 78 24644 2 24734
3025 13 33461 4 33961
3026 76 48194 1 48644
3027 65 19347 4 19413
3028 32 46294 7 46489
3029 73 14273 4 14420
3030 36 3841 1 4400
3031 54 50801 1 51502
3032 70 40808 1 41127
3033 43 17829 3 18361
3034 43 52301 2 52919
3035 67 7301 3 7631
3036 45 40881 1 41094
3037 38 18550 5 18682
3038 26 34072 1 34928
3039 20 19051 1 19366
3040 72 51421 1 52830
3041 38 40719 1 40996
3042 60 1099 1 1581
3043 2 13004 6 13124
3044 43 17679 5 18283
3045 72 23681 1 24379
3046 29 38995 2 39463
3047 9 29088 2 29236
3048 53 19738 3 20325
3049 56 11827 5 11944
3050 9 31510 1 31689
3051 64 27193 2 27364
3052 35 4921 4 5431
3053 57 13481 7 13776
3054 81 5510 1 6028
3055 53 44855 2 45317
3056 61 34514 3 34736
3057 64 39023 1 39700
3058 61 7301 2 7548
3059 58 6602 3 7051
3060 24 30580 1 31308
3061 67 16611 1 16931
3062 15 39840 3 40030
3063 53 11778 1 12007
3064 72 8967 1 9076
3065 57 32666 1 33296
3066 20 7301 3 7598
3067 80 51955 2 51988
3068 67 4270 1 4985
3069 78 35568 3 35901
3070 13 31261 4 31774
3071 59 50668 4 51386
3072 38 24233 1 24818
3073 81 43106 4 43183
3074 26 18340 4 18703
3075 81 18537 1 19555
3076 67 47833 6 48194
3077 30 35623 1 35707
3078 20 23681 2 23890
3079 6 31693 1 32182
3080 38 43610 2 43664
3081 2 4921 3 5442
3082 45 18093 2 18496
3083 14 30580 1 31252
3084 67 37344 1 38023
3085 36 7845 5 7879
3086 74 19555 3 20291
3087 72 20332 1 21073
3088 43 7845 2 8882
3089 14 10505 5 10592
3090 58 8967 1 9710
3091 61 9709 1 10424
3092 57 5470 7 5647
3093 62 19655 1 19925
3094 63 48194 1 48493
3095 25 13481 2 14067
3096 68 47642 1 47937
3097 38 34892 1 35523
3098 56 3100 2 3747
3099 67 27039 2 27392
3100 66 10413 2 10937
3101 81 12791 1 12936
3102 63 49610 2 50003
3103 72 31845 2 32451
3104 36 32318 3 32745
3105 67 17145 1 17976
3106 36 21604 1 21883
3107 53 17375 3 17438
3108 64 10010 2 10745
3109 81 14465 1 15037
3110 64 31053 2 31582
3111 22 19347 4 19845
3112 67 26342 1 27039
3113 14 44272 2 44348
3114 51 53005 3 53092
3115 18 19347 1 19454
3116 38 32164 1 32245
3117 67 48786 1 49301
3118 2 34533 2 35034
3119 64 49665 3 50154
3120 36 19738 2 19967
3121 38 45754 3 45966
3122 59 19655 1 21779
3123 20 41962 1 42300
3124 43 35056 1 35654
3125 46 20332 5 20455
3126 67 4676 4 4956
3127 81 18769 2 19148
3128 19 0 1 553
3129 36 6472 2 6818
3130 21 11483 1 11884
3131 59 9472 2 9985
3132 81 22283 1 22769
3133 59 52926 3 53033
3134 38 31261 1 31559
3135 61 49280 1 49611
3136 61 31726 1 32245
3137 36 34220 1 34367
3138 9 21604 2 21689
3139 13 5470 5 5660
3140 67 11778 1 12658
3141 59 43719 1 44063
3142 2 7556 3 8251
3143 59 35568 1 36530
3144 81 45754 2 46394
3145 23 47833 3 48163
3146 80 9586 2 10073
3147 20 35594 1 36182
3148 23 10157 2 10510
3149 37 29349 5 29494
3150 72 11827 1 12551
3151 47 10742 1 10977
3152 67 42957 1 43616
3153 67 40432 1 40808
3154 78 30690 1 31108
3155 67 34533 1 34745
3156 36 23681 4 24266
3157 14 13661 2 14317
3158 56 32518 4 33046
3159 53 33303 2 33900
3160 29 19059 6 19163
3161 57 29314 1 30010
3162 13 48786 1 49137
3163 72 47833 1 48353
3164 53 39840 2 40515
3165 43 33824 2 34533
3166 70 27186 2 27903
3167 19 50801 1 51370
3168 9 26188 5 26562
3169 25 12953 5 13437
3170 13 9234 1 9836
3171 81 30539 4 31155
3172 43 25176 1 25209
3173 73 46964 3 47168
3174 30 41696 3 42142
3175 36 48826 1 48898
3176 19 13144 5 13648
3177 49 47833 3 48405
3178 2 46964 2 47570
3179 78 30580 1 31228
3180 19 2915 3 3343
3181 26 17679 1 17860
3182 58 25318 1 25678
3183 59 22107 1 22798
3184 38 12791 1 13115
3185 26 42957 2 43649
3186 26 25818 2 25974
3187 63 26188 2 26713
3188 26 16326 1 17145
3189 53 51043 1 51738
3190 53 48786 3 49404
3191 25 13274 1 13542
3192 67 15085 2 15479
3193 9 36182 5 36776
3194 56 24644 3 25007
3195 67 6964 1 7169
3196 63 32164 1 32888
3197 15 32164 2 32649
3198 53 18381 1 19525
3199 59 2915 2 3310
3200 52 25294 3 25314
3201 43 41241 1 41401
3202 22 31510 2 31964
3203 20 38319 3 38723
3204 59 0 1 574
3205 39 47833 1 48021
3206 2 19738 1 20227
3207 70 36655 2 36893
3208 59 17145 3 17375
3209 58 41241 3 41597
3210 9 38998 2 39543
3211 74 29377 1 29583
3212 67 28119 1 28634
3213 56 22950 3 23078
3214 59 2521 1 2580
3215 64 27186 1 27357
3216 67 14230 1 14909
3217 78 21287 1 23118
3218 80 4456 7 4493
3219 38 35861 2 36011
3220 34 4299 1 4892
3221 53 20720 2 21348
3222 20 18093 1 18550
3223 36 11483 1 11515
3224 48 45019 1 45423
3225 2 37312 1 37734
3226 21 41366 1 41458
3227 38 31693 2 32346
3228 51 17679 2 18381
3229 53 30690 3 31022
3230 73 51002 2 51356
3231 36 7738 1 9346
3232 58 30109 1 30373
3233 81 14230 2 14465
3234 81 32164 3 32349
3235 78 19463 2 19562
3236 38 25318 2 25991
3237 43 29148 1 29878
3238 64 12105 1 12792
3239 51 19059 1 19133
3240 53 23375 2 23580
3241 72 20064 1 20133
3242 67 19245 1 19463
3243 59 5945 4 6081
3244 18 22789 1 23506
3245 60 21604 1 21692
3246 59 24038 1 24730
3247 19 1099 1 1798
3248 43 40632 1 41050
3249 26 0 1 417
3250 73 34543 1 34776
3251 39 13700 2 13739
3252 70 34514 1 34719
3253 78 1748 1 2910
3254 59 53714 2 53833
3255 43 16326 4 16854
3256 59 6419 1 6596
3257 9 42957 1 43044
3258 59 46964 2 47642
3259 26 50801 3 51360
3260 43 13661 3 14410
3261 38 48786 2 49505
3262 45 15037 1 15422
3263 37 1358 2 1422
3264 62 20332 1 20873
3265 17 51002 6 51614
3266 67 3995 4 4683
3267 20 5632 1 6661
3268 38 24233 1 24490
3269 38 7301 4 7849
3270 61 17679 2 17944
3271 57 22789 4 23409
3272 19 5470 1 5708
3273 78 35901 1 36101
3274 65 10413 4 11025
3275 25 46394 1 47111
3276 80 8267 5 8453
3277 56 49610 1 49914
3278 81 43903 2 44603
3279 26 21930 1 22318
3280 15 41241 3 41926
3281 67 39079 2 39520
3282 26 9709 1 9830
3283 38 29683 1 30130
3284 22 15895 1 16470
3285 78 41625 4 41727
3286 78 29878 2 30561
3287 17 44163 6 44349
3288 19 8967 1 9178
3289 2 36655 2 36694
3290 51 39840 1 40118
3291 73 45037 4 45256
3292 20 42300 1 42358
3293 20 35594 1 35805
3294 67 12105 1 12760
3295 2 1358 3 1458
3296 51 11483 2 12038
3297 53 20332 1 20839
3298 17 49280 5 49387
3299 48 51002 1 51143
3300 26 38582 1 38799
3301 43 10413 1 11135
3302 63 9472 1 10198
3303 60 28634 4 28997
3304 64 13552 1 13633
3305 78 4024 4 4317
3306 20 41253 2 41962
3307 73 4270 5 4670
3308 67 7762 1 9581
3309 81 27039 2 27075
3310 61 38205 1 38691
3311 30 5510 2 6130
3312 22 35623 1 35861
3313 72 44107 1 45221
3314 74 9472 3 9985
3315 64 51002 2 51093
3316 59 31213 1 31456
3317 78 40233 1 40800
3318 25 13661 3 13763
3319 13 17145 5 17647
3320 2 11135 2 11567
3321 64 29683 1 29986
3322 43 15895 7 15971
3323 54 26342 3 26868
3324 67 38023 2 38190
3325 25 29202 3 29701
3326 19 46394 2 46672
3327 48 51043 3 51555
3328 5 29302 1 29882
3329 12 51421 2 51861
3330 67 41241 3 41651
3331 65 12105 5 12778
3332 17 41830 8 41940
3333 26 28422 1 28649
3334 32 20332 2 20761
3335 67 48194 1 48871
3336 26 19738 1 20402
3337 58 43186 1 43399
3338 26 0 1 111
3339 59 45037 1 45135
3340 59 20332 1 20736
3341 52 43186 3 43648
3342 38 29314 4 29559
3343 19 25580 1 26314
3344 60 18381 3 19125
3345 14 38190 2 38660
3346 78 47642 1 47974
3347 56 53714 4 54361
3348 26 40233 3 40706
3349 19 32666 1 33050
3350 26 45455 1 45785
3351 74 3247 1 3418
3352 58 32349 3 32548
3353 36 35977 2 36655
3354 20 40881 3 41253
3355 53 28648 1 30165
3356 43 45958 3 46383
3357 58 7301 4 7843
3358 43 25318 1 25563
3359 80 20332 1 20388
3360 81 28241 1 28646
3361 37 20332 1 20547
3362 14 42286 5 42837
3363 58 28422 1 28686
3364 58 44855 1 45482
3365 43 12105 1 13004
3366 47 34892 1 35360
3367 70 29202 3 29533
3368 67 13481 2 13880
3369 73 26188 6 26911
3370 62 13144 2 13660
3371 80 35584 4 35918
3372 17 48194 3 48563
3373 26 40632 2 40719
3374 60 34892 2 35553
3375 53 12105 3 12196
3376 43 46294 1 46520
3377 20 28876 2 29088
3378 60 44272 5 44958
3379 72 15927 1 16450
3380 59 51932 4 52232
3381 9 33303 3 33524
3382 63 30539 3 31105
3383 58 33824 3 34348
3384 73 31261 1 31448
3385 20 12551 1 12953
3386 34 53760 5 54225
3387 36 11483 4 12200
3388 56 44163 3 44871
3389 2 48194 3 48607
3390 59 21287 1 21951
3391 20 32666 2 33287
3392 61 13481 2 14141
3393 78 13661 2 13756
3394 72 38998 1 39259
3395 43 23681 2 24247
3396 36 42957 1 43478
3397 80 29486 1 29782
3398 2 38582 1 39120
3399 43 21930 3 22283
3400 74 38669 1 39263
3401 19 27039 1 27500
3402 22 18359 2 18883
3403 2 45037 1 45292
3404 67 18359 4 18820
3405 57 38275 4 38417
3406 81 1112 1 1216
3407 53 47642 1 48683
3408 81 23681 1 24038
3409 43 18359 2 18843
3410 26 17777 4 18142
3411 26 39108 1 39437
3412 10 34543 3 35272
3413 59 52270 2 52384
3414 54 33824 2 34572
3415 74 26188 1 26932
3416 81 4921 3 5380
3417 59 34537 2 34861
3418 58 31053 1 31610
3419 60 38998 3 39392
3420 26 14864 1 15670
3421 47 41696 1 42238
3422 51 49112 2 49140
3423 64 18537 2 18638
3424 36 31213 1 31860
3425 59 27740 1 27816
3426 43 47342 1 47893
3427 40 7114 1 7177
3428 43 15037 1 15623
3429 36 11483 2 11872
3430 9 12791 5 13067
3431 63 19649 3 19836
 调度评估结果
1. 任务等待评估 (Σ 等待×权重): 667390571
2. 任务完成评估 (最大完成时间): 55486
3. GPU显存空闲评估 (平均空闲): 15812.34 GB/时间片
 额外统计
已调度任务               : 3431/3431
平均等待时间            : 19116.51
各服务器任务分布      : 服务器2=79, 服务器4=3, 服务器5=5, 服务器6=28, 服务器7=4, 服务器8=15, 服务器9=80, 服务器10=14, 服务器12=26, 服务器13=59, 服务器14=53, 服务器15=13, 服务器16=20, 服务器17=47, 服务器18=19, 服务器19=73, 服务器20=97, 服务器21=23, 服务器22=30, 服务器23=16, 服务器24=24, 服务器25=40, 服务器26=196, 服务器28=8, 服务器29=12, 服务器30=46, 服务器31=8, 服务器32=16, 服务器33=5, 服务器34=42, 服务器35=7, 服务器36=124, 服务器37=24, 服务器38=76, 服务器39=8, 服务器40=7, 服务器42=4, 服务器43=184, 服务器44=4, 服务器45=7, 服务器46=17, 服务器47=21, 服务器48=14, 服务器49=23, 服务器50=3, 服务器51=65, 服务器52=6, 服务器53=99, 服务器54=11, 服务器55=1, 服务器56=88, 服务器57=51, 服务器58=57, 服务器59=211, 服务器60=74, 服务器61=66, 服务器62=25, 服务器63=53, 服务器64=87, 服务器65=28, 服务器66=28, 服务器67=209, 服务器68=5, 服务器69=1, 服务器70=55, 服务器71=30, 服务器72=97, 服务器73=40, 服务器74=34, 服务器76=4, 服务器78=111, 服务器79=5, 服务器80=49, 服务器81=217
