1 4 6173 1 6524
2 1 2188 1 2707
3 4 939 4 1042
4 1 5177 4 5664
5 2 5177 3 5719
6 4 6173 1 6187
7 4 4947 1 5177
8 4 2087 4 2188
9 4 382 1 939
10 4 1497 1 1637
11 4 196 1 713
12 2 4947 1 5003
13 3 4028 1 4100
14 3 742 1 867
15 2 6067 1 6635
16 2 867 4 1102
17 1 6067 5 6363
18 4 6067 2 6173
19 1 246 1 686
20 3 1497 1 2313
21 4 5617 1 6045
22 4 5177 3 5709
23 4 4028 4 4625
24 3 4545 1 4735
25 4 6067 1 6627
26 1 1637 2 2227
27 3 6067 1 7550
28 4 1637 2 1921
29 1 6363 2 6984
30 4 939 1 1497
31 2 2188 1 2554
32 3 5177 1 5800
33 4 226 3 294
34 4 5177 1 5617
35 4 2188 4 2534
36 4 1497 4 2087
37 4 2707 3 2750
38 3 867 1 1222
39 3 4545 1 5091
40 4 742 1 876
41 4 2534 2 3218
42 3 4100 1 4545
43 3 5177 1 6067
44 4 4947 1 4982
45 3 156 1 742
46 1 2707 3 3040
47 3 2534 1 4028
48 1 939 1 1095
49 4 4545 1 4947
 调度评估结果
1. 任务等待评估 (Σ 等待×权重): 980204
2. 任务完成评估 (最大完成时间): 7550
3. GPU显存空闲评估 (平均空闲): 507.89 GB/时间片
 额外统计
已调度任务               : 49/49
平均等待时间            : 1925.45
各服务器任务分布      : 服务器1=8, 服务器2=5, 服务器3=12, 服务器4=24
