1 30 78552 7 79366
2 33 36334 6 36985
3 26 66130 8 66994
4 2 51047 6 51897
5 19 32942 7 33626
6 10 76904 5 77207
7 50 26398 7 27271
8 19 64085 7 64919
9 10 17932 5 18811
10 19 21708 5 22522
11 33 71288 8 72125
12 10 70510 6 71069
13 33 105272 5 105394
14 49 82924 5 83546
15 26 2415 7 3113
16 41 82444 6 83145
17 38 19244 7 19657
18 33 38481 7 39363
19 49 14230 6 14557
20 10 50526 5 51241
21 2 25321 6 25510
22 38 13421 6 14340
23 38 90635 6 91133
24 19 24071 5 24792
25 33 40478 8 41195
26 49 48082 7 48724
27 49 57467 6 58243
28 30 68968 6 69467
29 38 72418 6 73201
30 49 6953 5 7078
31 10 105402 6 105790
32 2 71171 6 71718
33 10 20892 6 21574
34 10 107358 7 108235
35 11 1362 6 2248
36 19 46365 7 47156
37 33 8618 8 9407
38 19 94204 6 94434
39 2 84205 6 85283
40 30 95826 7 96047
41 38 39077 7 39604
42 26 113123 7 113423
43 30 28007 7 28866
44 26 51106 6 51833
45 41 23368 5 24296
46 41 7809 5 8615
47 19 55966 7 56713
48 2 21736 6 22113
49 50 82554 7 83377
50 49 46975 7 47964
51 41 9573 5 9742
52 19 57860 5 58655
53 19 104282 6 105253
54 49 38481 6 38933
55 2 14721 6 15269
56 38 31584 6 32221
57 19 78314 6 78670
58 19 36334 7 37084
59 38 109173 7 110023
60 38 57224 7 57730
61 26 65725 7 66130
62 38 81307 7 81794
63 38 86958 6 87872
64 10 72415 7 73390
65 26 37918 6 38901
66 11 78701 5 79539
67 19 1914 5 2899
68 10 1330 6 2062
69 38 81794 7 82132
70 49 45956 6 46220
71 49 20892 5 21776
72 26 21825 6 22484
73 30 45364 7 45531
74 2 33469 5 34397
75 19 110380 7 111156
76 2 69691 6 70511
77 26 101875 8 102864
78 38 32294 6 32583
79 38 65032 5 65642
80 19 8949 6 9731
81 33 38220 8 38481
82 33 108287 8 109007
83 50 63641 7 64181
84 33 111059 7 111584
85 10 29042 6 29852
86 38 7978 6 8835
87 10 43652 7 44199
88 2 78713 7 79265
89 26 27804 5 28652
90 33 64821 7 65048
91 10 44199 7 45068
92 43 35898 6 36852
93 10 40605 6 40962
94 38 71288 7 71580
95 10 95188 7 95837
96 26 14632 7 15148
97 41 37832 7 38126
98 38 78074 6 78786
99 50 32395 7 32663
100 19 66130 7 66282
101 33 9573 7 10563
102 10 64085 6 64985
103 10 60558 6 60727
104 26 46410 8 46630
105 33 20498 7 20663
106 19 88700 7 88910
107 19 81786 6 82157
108 19 48560 6 48849
109 30 47519 8 47961
110 19 16192 7 17050
111 11 35042 6 35425
112 11 102864 6 103845
113 49 44481 7 44972
114 49 79426 5 79678
115 41 106592 5 107211
116 26 69907 5 70510
117 41 93438 6 93941
118 2 85283 6 86101
119 19 78810 6 79239
120 30 6953 8 7678
121 26 109173 6 109876
122 49 70008 7 70725
123 33 91382 7 92065
124 19 26398 6 27111
125 26 71288 5 72276
126 30 95188 8 95826
127 10 31152 5 31584
128 2 98624 6 99573
129 49 57224 7 57467
130 2 642 7 852
131 2 81216 6 81647
132 10 8615 5 8949
133 10 76151 7 76904
134 33 65725 6 66285
135 10 14357 6 14618
136 2 86101 6 86760
137 33 51601 6 52518
138 43 92071 6 92264
139 19 12410 7 13321
140 26 26677 5 27137
141 10 20197 5 20892
142 10 93015 7 93718
143 30 35547 7 35968
144 41 48082 6 48206
145 30 88700 7 89637
146 41 14230 6 15027
147 41 6413 6 6847
148 49 97739 5 98763
149 2 0 6 642
150 10 99745 7 100557
151 26 8585 6 9110
152 19 106592 7 107106
153 26 33184 6 33981
154 26 52689 6 53417
155 41 99573 7 100392
156 33 35898 8 36121
157 10 104679 7 105402
158 10 74721 5 74865
159 10 33787 7 34198
160 10 26466 6 27078
161 43 86016 6 86731
162 2 28007 6 28585
163 26 49843 6 50471
164 2 26398 7 27064
165 26 39077 7 39899
166 41 43158 6 44013
167 19 100497 5 100782
168 33 3920 6 4783
169 26 77544 6 78074
170 10 16058 6 16820
171 19 107544 6 108126
172 49 55671 6 56407
173 10 112829 7 113618
174 19 7132 5 7978
175 49 12636 6 12828
176 50 18763 8 19517
177 10 36334 7 37278
178 10 78810 6 79457
179 2 92563 7 93275
180 49 101963 6 102880
181 11 99573 6 99893
182 33 88252 7 89047
183 41 69414 5 70134
184 11 45813 6 46803
185 19 1230 6 1914
186 19 29825 5 30647
187 49 7078 7 7470
188 49 61739 7 62498
189 38 58156 6 58612
190 26 87756 8 87889
191 26 74721 7 75474
192 19 39899 6 40605
193 26 72983 8 73896
194 49 73429 5 74328
195 10 66130 6 66961
196 2 95826 7 96555
197 43 63487 6 64472
198 38 66862 6 67585
199 11 13421 6 14411
200 26 10034 6 10560
201 33 61739 6 61996
202 33 63762 5 64085
203 26 107358 6 107515
204 30 39077 7 39347
205 30 68173 8 68968
206 33 76904 7 77743
207 33 70510 6 71243
208 26 11381 6 12410
209 38 39899 7 40140
210 19 90635 5 91071
211 41 26540 7 26944
212 26 10560 5 11381
213 30 28866 8 29750
214 2 98390 7 98624
215 2 77377 7 78212
216 38 65725 6 66310
217 50 81216 8 81720
218 38 60108 6 60911
219 41 92684 5 93331
220 19 17050 7 17404
221 26 75474 6 75637
222 2 51897 7 52707
223 10 21574 7 22303
224 2 32100 6 32398
225 26 72276 7 72983
226 41 68611 7 69414
227 38 22653 6 23520
228 19 60108 5 60881
229 10 96293 6 97245
230 38 52689 6 53064
231 2 35898 7 36652
232 26 104282 6 105272
233 10 81786 5 82357
234 38 23708 7 24126
235 11 42126 5 42893
236 26 19209 6 20010
237 49 86016 7 86869
238 49 48724 6 49088
239 19 71232 6 72129
240 33 93438 6 93739
241 10 27078 7 27299
242 2 109949 5 110883
243 49 34397 5 34770
244 26 12410 6 12969
245 50 46120 6 46838
246 41 16192 6 16856
247 19 89844 5 90608
248 33 68173 6 68795
249 30 72971 8 73763
250 10 49870 7 50359
251 41 97124 6 97970
252 10 14618 6 15124
253 38 37918 6 38176
254 33 14919 6 15488
255 2 96555 7 97460
256 19 49045 5 49491
257 38 33451 6 34157
258 49 60108 5 61093
259 41 111689 7 112475
260 41 87253 7 87469
261 33 89844 6 90543
262 49 106592 5 107339
263 2 73429 7 74319
264 38 24512 7 25562
265 41 109949 7 110308
266 41 6953 7 7754
267 10 22722 6 22876
268 26 108287 7 109173
269 10 111875 7 112629
270 41 65725 6 66580
271 49 26536 6 26667
272 30 86958 6 87714
273 19 70511 7 71232
274 2 1874 5 2813
275 19 53417 6 54276
276 26 94204 7 95188
277 10 5873 6 6692
278 19 87714 7 87848
279 19 48082 5 48383
280 2 63298 5 64042
281 26 13421 8 14357
282 38 55671 7 56359
283 49 41822 6 42578
284 38 0 6 144
285 2 49464 6 49628
286 2 24512 6 25321
287 30 51263 6 52010
288 26 93275 7 94204
289 33 34171 6 35025
290 10 41819 5 42495
291 50 8585 7 9406
292 33 104245 7 105015
293 2 86958 7 87680
294 10 31584 6 32294
295 2 52707 6 52908
296 38 8835 7 9660
297 2 22653 6 23151
298 19 31152 6 31321
299 33 105394 8 106103
300 26 106592 8 107184
301 2 20074 6 20828
302 19 18113 6 18436
303 10 108235 5 108689
304 38 76904 5 77124
305 30 101215 8 101963
306 2 75474 7 76146
307 30 15124 7 16088
308 26 64891 6 65725
309 49 101215 7 101834
310 38 96980 7 97901
311 33 35025 7 35166
312 19 62975 6 64041
313 50 57224 7 58044
314 10 12120 6 12636
315 41 86958 6 87253
316 38 82554 6 82947
317 2 61040 6 61890
318 38 108573 7 108902
319 11 72276 6 72535
320 41 37122 7 37666
321 2 28866 5 29825
322 10 37324 7 38281
323 38 41549 6 42126
324 11 68173 6 68980
325 49 17932 5 18452
326 30 2994 7 3920
327 41 29825 7 30588
328 26 48345 6 48909
329 43 39899 6 40559
330 33 3508 7 3827
331 2 32398 6 32792
332 50 7678 7 8011
333 10 95837 7 96293
334 41 96927 6 97124
335 26 59015 6 59302
336 26 113423 6 114246
337 26 88700 6 89655
338 41 4375 7 5340
339 38 47519 5 47870
340 26 60836 6 61739
341 26 60108 8 60836
342 41 21708 6 22052
343 26 84011 5 84205
344 19 85283 5 86035
345 10 54190 7 54426
346 50 66130 7 66700
347 33 20346 6 20498
348 49 107358 6 108337
349 33 94204 5 95032
350 33 2339 8 2606
351 26 70510 8 71288
352 49 4375 7 4614
353 26 107184 6 107358
354 38 92071 6 92351
355 41 100392 5 100782
356 41 89637 7 90407
357 41 59302 6 59427
358 49 90787 6 91576
359 19 69712 7 70468
360 19 96948 6 97350
361 41 105055 7 105878
362 2 68934 6 69691
363 30 96814 7 97796
364 10 77207 6 77600
365 33 82332 7 82637
366 43 21574 5 22330
367 50 98624 7 99570
368 49 108882 6 109650
369 2 22288 7 22653
370 30 40287 6 40864
371 33 0 7 439
372 38 110555 7 111526
373 49 8835 7 9779
374 2 10315 6 10513
375 33 113645 8 114216
376 41 41549 6 41850
377 49 105272 6 105514
378 2 2813 6 3657
379 30 40864 8 41650
380 33 18047 6 18448
381 38 99573 6 99924
382 49 17199 5 17735
383 41 22425 5 23237
384 30 57815 6 58478
385 38 69302 5 70085
386 38 72156 7 72418
387 41 95188 6 95969
388 26 36356 8 37122
389 26 20010 6 20249
390 38 6321 6 7038
391 26 22484 8 22643
392 10 113645 7 114001
393 26 86958 8 87756
394 33 23368 6 24157
395 49 642 5 822
396 19 7978 6 8859
397 50 35120 6 35308
398 30 105598 8 105769
399 26 27406 6 27804
400 33 25890 7 26291
401 33 74721 8 75576
402 30 84011 7 84811
403 41 13321 6 14215
404 33 61040 8 61629
405 38 10645 5 10793
406 26 21084 6 21825
407 10 69741 6 70221
408 10 57395 6 57906
409 11 85349 6 85823
410 41 54628 7 55344
411 33 44608 6 45449
412 10 39077 6 39390
413 11 22052 6 22219
414 10 109173 7 109477
415 38 80726 6 80861
416 49 35042 6 35612
417 33 50893 6 51601
418 19 107184 6 107544
419 26 42233 7 43158
420 19 101215 6 101903
421 2 3657 7 4375
422 2 74319 6 74998
423 33 1362 8 2166
424 2 12990 7 13780
425 19 109570 7 110079
426 50 40962 8 41882
427 50 45068 7 45842
428 38 17051 6 17567
429 33 15488 8 16192
430 26 31569 6 32120
431 41 94082 6 94930
432 43 105394 6 106238
433 26 92639 6 93082
434 2 83853 5 84165
435 33 12410 8 12985
436 50 113645 7 114472
437 26 87889 6 88700
438 19 28866 7 29819
439 10 498 6 1330
440 2 108573 6 109570
441 10 22484 6 22722
442 2 90875 6 91683
443 19 0 6 332
444 10 53417 6 54190
445 26 96195 7 96559
446 2 50817 6 51047
447 30 62635 6 63157
448 49 33977 6 34336
449 10 11334 6 11646
450 33 72510 5 73207
451 19 9731 5 9997
452 38 46630 6 47403
453 19 39077 7 39617
454 30 32294 6 33200
455 26 111059 6 111904
456 11 66285 6 66629
457 19 113942 7 114638
458 41 55671 7 56397
459 10 46714 7 47009
460 26 66994 6 67872
461 33 112829 8 113645
462 49 80726 6 81411
463 38 85761 7 86558
464 10 22999 5 23708
465 26 111904 7 112382
466 26 16896 6 17932
467 38 63692 6 64048
468 41 9900 6 10242
469 30 23708 8 24430
470 41 110331 6 111280
471 2 89844 5 90875
472 41 71232 6 71658
473 33 14542 5 14919
474 30 113423 7 113891
475 49 1230 7 1940
476 41 90464 7 90977
477 11 63762 5 63982
478 19 102864 6 103625
479 30 103065 7 103528
480 10 71069 6 71252
481 11 25309 6 25951
482 26 58593 6 59015
483 26 9110 6 10034
484 33 6443 6 6790
485 30 72156 8 72532
486 33 87834 6 88252
487 30 81029 8 81733
488 10 2716 6 3508
489 33 5047 6 5554
490 50 109949 8 110660
491 10 48082 6 48848
492 2 49663 6 49868
493 26 105749 7 106592
494 2 82924 7 83551
495 30 20892 8 21871
496 50 22484 6 23441
497 10 4448 7 4568
498 10 8949 7 9900
499 10 62366 5 63487
500 30 66130 6 66862
501 2 80726 6 81216
502 2 93438 6 94483
503 49 45642 5 45956
504 49 5101 5 6019
505 33 22425 8 23267
506 41 33451 6 34120
507 26 109876 6 110380
508 26 48909 7 49663
509 33 78552 7 78766
510 26 64638 5 64891
511 2 64861 7 65205
512 38 82947 6 83264
513 41 67827 5 68508
514 26 46630 6 47618
515 19 92071 7 92912
516 41 28866 6 29700
517 10 100557 7 101120
518 33 43398 6 43589
519 10 107069 6 107301
520 2 47519 7 48313
521 49 58367 6 59080
522 2 97460 5 98224
523 26 95188 8 95416
524 11 8585 5 9066
525 11 54415 6 54959
526 38 29825 5 30454
527 26 50471 7 51106
528 33 90635 7 91196
529 38 107184 7 107379
530 26 78701 7 79426
531 49 12828 5 13077
532 38 12470 5 13123
533 41 5873 7 6337
534 49 64638 5 65676
535 33 68934 8 69330
536 2 5303 5 6233
537 10 73896 5 74586
538 41 56640 7 57532
539 2 48560 6 49464
540 49 82332 7 82890
541 2 27064 5 28007
542 30 16127 8 16451
543 50 9573 7 9711
544 50 105514 7 106255
545 49 111059 5 111770
546 19 81029 6 81593
547 41 81641 7 82444
548 2 6233 6 6509
549 2 105598 6 106488
550 41 51263 5 51552
551 30 12120 8 12608
552 2 40864 7 41348
553 2 29825 6 30640
554 50 11381 6 12281
555 10 110587 5 111038
556 49 85283 7 86016
557 19 112136 7 112857
558 43 90815 6 91558
559 26 100354 5 101048
560 10 86958 6 87381
561 19 83484 5 84232
562 49 69301 6 70008
563 33 81641 5 82073
564 50 77169 8 77940
565 10 39899 7 40485
566 30 98624 8 99441
567 41 90977 6 91938
568 19 14919 7 15696
569 33 5873 6 6321
570 10 13421 5 13901
571 30 39347 8 40287
572 30 24792 6 25727
573 2 10513 5 11334
574 10 30136 6 30971
575 26 15148 7 16127
576 2 6953 7 7609
577 26 83016 5 84011
578 38 82139 7 82554
579 2 25606 6 26398
580 10 45956 7 46714
581 30 92684 8 93392
582 19 47519 6 48082
583 26 98390 8 98706
584 33 16192 8 16550
585 41 12410 6 13158
586 10 48909 7 49870
587 38 112829 7 113314
588 50 62975 7 63623
589 38 75859 7 76589
590 49 37929 7 38136
591 2 35547 6 35725
592 41 75576 7 76549
593 49 22804 6 23301
594 49 50526 5 50812
595 10 63487 6 64049
596 33 49663 7 50219
597 49 18735 5 19214
598 33 96814 5 97272
599 2 12761 6 12990
600 30 82332 6 83181
601 50 2339 7 2847
602 2 104245 6 105055
603 41 62975 7 63497
604 10 90464 5 91452
605 41 20892 6 21608
606 10 111059 6 111875
607 26 103579 7 104282
608 43 96980 6 97369
609 49 14721 6 15282
610 10 38281 5 39077
611 49 25890 7 26536
612 2 14357 7 14721
613 2 9573 6 10315
614 33 25707 7 25849
615 26 57815 5 58593
616 50 50526 8 51384
617 41 2994 7 3993
618 2 43158 7 43960
619 10 108866 6 109077
620 19 82649 7 83484
621 43 11381 6 12282
622 30 4751 8 4978
623 50 87756 6 88534
624 19 14357 6 14654
625 30 64821 7 65603
626 33 78810 7 79443
627 30 49868 8 50051
628 43 66130 6 66368
629 33 111689 6 112423
630 50 75474 6 75929
631 49 20010 6 20792
632 38 35042 6 35293
633 10 10174 7 10842
634 26 81369 5 82139
635 26 7809 8 8585
636 2 100354 5 101215
637 50 68934 8 69536
638 30 50526 7 50931
639 38 26398 6 27283
640 11 45068 6 45325
641 30 104245 8 105213
642 10 83986 7 84495
643 11 50471 6 51212
644 49 29825 5 30640
645 49 102880 7 103833
646 41 104245 5 104968
647 33 80726 6 81584
648 26 110380 6 111059
649 26 24862 6 25707
650 49 87838 6 88153
651 26 62940 6 63641
652 19 50526 5 51284
653 26 89655 6 90635
654 38 88825 6 89147
655 49 4751 7 5101
656 2 41549 5 42495
657 26 96559 8 97485
658 33 56640 6 57401
659 19 77377 6 78314
660 10 25928 7 26466
661 33 24512 7 25348
662 50 67827 8 68420
663 33 107760 7 108073
664 11 90464 6 91308
665 50 66862 7 67608
666 30 63406 5 64345
667 19 18448 6 18875
668 10 85349 5 86212
669 38 107379 5 107784
670 33 101048 7 102020
671 33 100354 6 100926
672 19 111156 5 112136
673 33 85283 5 86267
674 26 6965 7 7809
675 49 10624 6 11243
676 33 11334 7 12184
677 33 103407 8 104123
678 41 73390 6 74026
679 10 35042 7 35560
680 33 29710 5 30445
681 38 62975 6 63692
682 49 75859 6 76609
683 30 3920 6 4751
684 41 498 5 1335
685 49 78212 6 79151
686 33 12985 6 13702
687 26 23969 5 24862
688 26 25890 6 26677
689 26 23368 7 23969
690 2 89637 7 89844
691 10 28866 5 29042
692 19 37122 7 38113
693 38 34157 7 34407
694 10 43158 6 43652
695 2 17051 7 17432
696 10 23708 5 24503
697 10 5047 6 5873
698 30 37137 8 37331
699 2 72971 6 73429
700 2 78212 5 78713
701 19 108573 6 109545
702 49 104282 6 105067
703 2 11600 7 12010
704 19 40605 5 41105
705 41 60108 5 60781
706 30 11334 6 12120
707 38 66310 7 66790
708 19 64919 6 65871
709 50 70008 7 70854
710 41 1362 6 2170
711 26 92071 7 92639
712 2 53417 7 54295
713 26 63641 7 64638
714 41 98390 6 99125
715 10 24512 6 25309
716 19 105272 7 105641
717 26 76366 7 77169
718 19 642 7 840
719 19 72156 7 72582
720 49 39899 7 40744
721 50 62498 7 62698
722 10 109477 5 110331
723 41 79028 6 79607
724 50 6591 7 7280
725 30 29825 7 30288
726 38 105272 7 105989
727 2 21548 6 21736
728 26 28866 6 29904
729 2 8769 7 9573
730 19 61739 6 62738
731 38 14357 7 14915
732 10 67718 5 68346
733 26 98706 6 99657
734 10 60727 7 61515
735 43 83016 5 83977
736 38 2339 6 3002
737 26 18735 5 19209
738 10 98390 6 99033
739 10 0 6 498
740 19 32395 5 32942
741 49 39077 6 39825
742 10 34198 7 35042
743 26 30722 6 31569
744 10 68346 7 69301
745 50 103065 7 103521
746 30 45956 7 46923
747 19 45133 6 45561
748 38 27322 7 28084
749 49 89637 6 90430
750 30 76904 7 77647
751 33 46714 7 47699
752 26 47618 7 48345
753 41 17932 6 18898
754 33 102020 7 102431
755 26 55671 8 56243
756 50 75929 7 76054
757 10 27322 5 28128
758 38 50893 7 51605
759 30 36334 8 37137
760 41 15148 6 15874
761 26 54628 6 54913
762 38 20892 7 21674
763 10 11646 7 12054
764 38 9660 7 9910
765 2 56329 7 56957
766 33 14357 8 14542
767 30 2339 8 2994
768 41 27078 6 27851
769 10 92071 5 92212
770 10 12636 6 13332
771 26 14357 7 14632
772 26 67872 8 68173
773 38 1330 7 2101
774 30 112136 8 112281
775 11 63298 6 63622
776 2 45813 7 46717
777 49 31569 6 32189
778 26 49663 8 49843
779 41 66580 6 66753
780 19 6591 7 7132
781 49 105514 7 105803
782 2 35120 7 35547
783 49 113645 6 113791
784 38 53417 6 54447
785 49 68346 6 69153
786 33 26398 8 27170
787 41 66753 6 67180
788 41 46410 6 46612
789 30 30722 6 30866
790 38 70511 6 71250
791 2 109570 6 109949
792 26 33981 6 34506
793 26 5047 6 5528
794 33 82637 6 83188
795 10 35560 5 36334
796 41 108287 6 109178
797 38 89637 6 90220
798 19 91071 7 91882
799 33 72156 8 72281
800 49 62498 6 63406
801 33 43158 7 43398
802 10 66961 7 67718
803 33 31152 8 31865
804 33 37122 5 37832
805 26 45068 8 45813
806 30 103528 7 104245
807 11 60108 6 60968
808 19 98390 6 99394
809 49 59302 5 59973
810 41 40605 7 41496
811 2 99573 6 100354
812 10 89637 7 90464
813 30 85349 7 86117
814 33 30722 6 31152
815 49 822 7 1086
816 26 29904 7 30722
817 38 64085 6 65032
818 19 55671 6 55966
819 2 77169 7 77377
820 2 82332 5 82924
821 10 77600 6 78061
822 38 3508 7 4197
823 38 110331 6 110555
824 19 20892 7 21708
825 10 72156 7 72415
826 2 111689 6 112592
827 26 80352 8 80726
828 33 2166 8 2339
829 41 8615 7 8887
830 19 68934 5 69712
831 2 54640 5 54933
832 50 101875 8 102447
833 49 46220 7 46975
834 33 102431 8 103407
835 38 42126 5 43142
836 33 42233 6 42789
837 33 75576 5 76418
838 41 50471 5 51263
839 49 77377 5 78144
840 33 55851 8 56640
841 41 53685 5 53888
842 49 88587 6 89386
843 30 55671 7 56045
844 41 46630 5 47119
845 38 7038 6 7978
846 41 85761 6 85978
847 50 4375 8 5328
848 38 20010 7 20686
849 49 11334 7 12270
850 26 41806 6 42233
851 2 4375 7 5303
852 10 56665 6 57395
853 2 41348 6 41549
854 33 20663 6 20869
855 38 113423 7 114195
856 19 11334 7 12294
857 2 34397 7 35120
858 38 75474 7 75859
859 19 45561 5 46365
860 30 7678 8 7924
861 19 86958 7 87430
862 33 41819 5 42157
863 41 96195 6 96927
864 49 81411 5 81852
865 49 72276 5 72994
866 10 6953 5 7757
867 11 113791 6 113989
868 2 6509 5 6800
869 41 31584 7 32461
870 49 108573 6 108882
871 2 30640 6 31098
872 49 10273 6 10624
873 10 32294 7 33049
874 2 21372 6 21548
875 10 52707 7 52840
876 30 22804 6 23009
877 38 62495 7 62696
878 49 94204 5 94587
879 50 78212 7 78592
880 41 101215 7 101349
881 30 101963 6 102811
882 49 45068 5 45642
883 38 5317 6 6025
884 19 17932 7 18113
885 2 19244 6 20074
886 19 27137 6 27322
887 11 56665 6 57403
888 41 34397 7 35270
889 2 57224 7 58156
890 19 44481 6 45133
891 26 6591 7 6965
892 26 84205 8 84862
893 26 3113 5 4160
894 26 80726 8 81113
895 38 17932 7 18766
896 10 84495 7 85349
897 49 0 6 399
898 41 22052 5 22425
899 26 86255 7 86958
900 49 92071 5 92773
901 19 66285 7 67126
902 49 86958 7 87838
903 2 21198 5 21372
904 2 38220 7 39126
905 10 83208 6 83986
906 11 2813 6 3704
907 33 95188 6 95314
908 19 97457 7 98205
909 49 7678 5 7974
910 50 111059 8 111954
911 50 39969 7 40135
912 50 107515 7 108078
913 26 82139 7 83016
914 33 64085 8 64821
915 2 93275 5 93438
916 33 10563 7 11239
917 49 83546 6 84291
918 10 51241 7 52151
919 19 49663 7 50152
920 11 98624 6 98952
921 2 20828 7 21198
922 33 21433 7 22419
923 30 70008 8 70879
924 2 87756 7 88137
925 26 62360 6 62495
926 41 101875 6 102653
927 2 92071 6 92563
928 26 112382 5 113123
929 41 84495 7 85475
930 49 96597 6 97322
931 2 44961 5 45800
932 50 95188 8 96008
933 10 57906 6 58720
934 10 16820 7 17647
935 2 58367 5 59319
936 41 88587 6 89496
937 41 42126 7 42913
938 41 45813 6 46399
939 30 76407 7 76627
940 33 57608 7 58312
941 41 44448 7 45364
942 41 26398 6 26540
943 19 84232 5 84410
944 41 87756 6 88525
945 26 107515 8 108287
946 33 89047 8 89693
947 41 16896 6 17826
948 49 100354 7 101022
949 26 27137 5 27406
950 19 54415 6 55263
951 10 25309 7 25606
952 33 32294 5 33178
953 10 40962 7 41819
954 38 11334 5 12064
955 19 22722 5 23520
956 33 2716 6 3507
957 33 49045 7 49363
958 41 48206 6 48352
959 19 5873 6 6544
960 38 68346 7 69302
961 2 67827 7 68611
962 33 47699 8 48668
963 10 97245 6 97457
964 33 50526 5 50830
965 41 112829 6 113000
966 50 12969 7 13547
967 10 15124 7 16013
968 33 20869 6 21433
969 49 37122 7 37929
970 26 5528 6 6413
971 49 23368 6 24036
972 38 92563 5 92770
973 10 82357 5 83208
974 19 113123 6 113942
975 38 78810 7 79547
976 41 72156 6 72960
977 19 79426 7 80308
978 2 43960 6 44602
979 38 4375 6 5317
980 2 94483 6 94629
981 2 54295 5 54640
982 26 90635 6 90815
983 38 101963 5 102678
984 10 60108 5 60558
985 10 9900 7 10174
986 49 21825 7 22804
987 2 112592 7 113470
988 41 51833 7 52361
989 26 56243 6 57224
990 26 44448 8 45068
991 30 6443 7 6953
992 38 91452 7 91843
993 41 25707 7 26276
994 41 85978 7 86662
995 2 55671 7 56329
996 2 31152 6 31952
997 33 67718 6 68128
998 33 78074 8 78552
999 19 13321 7 14167
1000 41 113819 7 114217
1001 10 80726 6 81641
1002 33 27322 6 27640
1003 11 14919 6 15578
1004 19 840 5 1146
1005 33 99376 6 100010
1006 26 53417 8 54115
1007 38 25890 6 26292
1008 33 112423 5 112829
1009 10 19209 7 20104
1010 2 11334 6 11600
1011 2 49868 6 50526
1012 2 50526 6 50817
1013 33 7809 5 8618
1014 10 101875 7 102106
1015 41 113123 7 113368
1016 38 144 7 967
1017 38 32583 6 33451
1018 2 101215 6 101364
1019 33 110331 7 111055
1020 26 81113 7 81369
1021 10 45068 6 45855
1022 2 72156 6 72971
1023 50 78592 8 79406
1024 19 57224 7 57860
1025 41 38220 6 39137
1026 2 60832 6 60973
1027 2 88137 7 88883
1028 33 18774 7 19534
1029 26 101048 6 101875
1030 50 16058 8 16882
1031 41 107358 7 108107
1032 41 74319 6 74682
1033 49 53466 7 54129
1034 26 97485 6 98390
1035 2 60108 6 60832
1036 33 498 7 1362
1037 30 71232 7 72156
1038 38 56665 7 57202
1039 30 107184 7 108110
1040 10 87714 7 88587
1041 2 12470 6 12761
1042 10 47009 6 48082
1043 26 32294 6 33184
1044 2 83551 6 83853
1045 38 45068 6 45674
1046 30 48560 7 49017
1047 33 39899 6 40478
1048 10 97457 7 98332
1049 43 57224 6 57880
1050 19 75474 7 76371
1051 26 35559 7 36356
1052 19 101963 7 102680
1053 26 59302 7 60108
1054 30 43158 7 43932
1055 41 113423 7 113819
1056 33 46120 6 46642
1057 26 4160 6 5047
1058 30 19445 8 20089
1059 38 83264 5 84070
1060 26 37122 8 37918
1061 43 8615 6 9205
1062 38 84070 5 84278
1063 41 80726 6 81565
1064 26 75637 6 76011
1065 49 43652 6 44320
1066 10 110331 7 110587
1067 10 7757 6 8246
1068 2 76146 6 77008
1069 2 852 6 1230
1070 30 0 6 735
1071 49 27078 6 27884
1072 49 74721 7 75539
1073 19 82332 7 82649
1074 49 97460 5 97739
1075 19 24792 5 25602
1076 41 24512 7 25325
1077 26 12969 7 13421
1078 2 106592 6 106891
1079 19 96293 6 96948
1080 41 54129 6 54562
1081 43 89637 6 89789
1082 26 22643 6 22999
1083 19 10034 5 10678
1084 26 95826 6 96195
1085 2 66130 6 67001
1086 10 106592 5 107069
1087 33 73390 7 74057
1088 33 92563 6 93360
1089 38 81029 5 81307
1090 33 18448 8 18774
1091 2 17932 6 18763
1092 49 13077 6 13893
1093 30 108573 7 109342
1094 50 852 7 1493
1095 38 87872 6 88825
1096 33 95826 8 96814
1097 19 3508 6 4029
1098 33 60558 6 61040
1099 11 40864 6 41837
1100 30 90464 6 91264
1101 30 18763 7 19445
1102 38 93275 6 94242
1103 41 39347 7 40141
1104 2 102864 5 103778
1105 49 63692 7 64285
1106 41 10242 7 10913
1107 33 17500 8 18047
1108 19 20197 6 20892
1109 26 6413 8 6591
1110 10 88587 6 89172
1111 19 5047 7 5800
1112 26 17932 7 18735
1113 43 40605 6 41547
1114 49 43158 7 43468
1115 33 37832 8 38220
1116 38 36483 7 37461
1117 33 98390 6 99376
1118 41 57860 7 58671
1119 10 81641 7 81786
1120 38 43158 6 44019
1121 30 1230 6 1946
1122 33 28866 5 29710
1123 49 24797 5 25130
1124 50 90787 5 91077
1125 10 78061 7 78246
1126 30 83181 8 83995
1127 19 23708 5 23987
1128 30 53417 7 53828
1129 26 43158 7 43935
1130 43 102020 6 102902
1131 41 92071 7 92684
1132 19 3113 6 3363
1133 26 54913 8 55671
1134 10 75474 7 76151
1135 10 102106 6 103065
1136 30 66862 8 67631
1137 33 6321 7 6443
1138 2 64085 7 64861
1139 19 43158 6 44248
1140 41 61515 6 62514
1141 33 55671 7 55851
1142 30 87714 8 88495
1143 2 63088 5 63298
1144 50 1940 6 2124
1145 10 103065 7 103522
1146 30 23151 7 23656
1147 49 111770 6 112657
1148 26 90815 8 91382
1149 49 113791 7 113962
1150 49 28866 7 29321
1151 33 57401 7 57608
1152 33 86958 7 87834
1153 2 107673 6 108573
1154 38 40605 6 41233
1155 10 54628 5 55297
1156 33 107358 5 107760
1157 33 69330 7 70238
1158 2 62635 6 63088
1159 19 42154 6 42877
1160 38 48313 6 48597
1161 49 33184 6 33977
1162 38 10034 7 10645
1163 33 107069 7 107353
1164 2 7678 6 7940
1165 11 12470 6 12712
1166 11 66862 6 67602
1167 41 83145 5 83764
1168 26 40895 7 41806
1169 38 102864 5 103325
1170 30 89637 8 89903
1171 19 105641 6 105813
1172 26 0 7 278
1173 19 4448 5 4606
1174 33 52707 6 53369
1175 41 2339 6 2844
1176 10 33049 6 33787
1177 33 43935 7 44481
1178 10 108689 6 108866
1179 2 31952 6 32100
1180 38 96195 5 96980
1181 38 61739 7 62444
1182 2 23151 5 24071
1183 26 102864 7 103579
1184 19 27322 6 28282
1185 2 44602 7 44961
1186 2 1230 6 1874
1187 2 110883 5 111689
1188 19 87848 6 88644
1189 38 44481 7 45063
1190 2 67001 6 67827
1191 49 32294 7 33163
1192 2 79426 7 79688
1193 10 92665 6 93015
1194 26 73896 6 74721
1195 10 104245 6 104679
1196 38 77169 7 77922
1197 49 99033 5 99873
1198 26 16127 7 16896
1199 38 28866 6 29195
1200 49 113962 5 114477
1201 38 21736 6 22649
1202 33 16550 7 17500
1203 38 111689 5 112536
1204 30 8615 7 9326
1205 49 66493 7 67455
1206 41 78212 7 79028
1207 49 95826 5 96597
1208 33 61996 7 62975
1209 2 7940 6 8769
1210 33 59302 6 59980
1211 33 66285 8 66778
1212 41 35559 6 36515
1213 11 81029 6 81794
1214 2 18763 5 19244
1215 10 91452 5 91717
1216 26 77169 8 77544
1217 10 105790 7 106065
1218 2 16058 7 17051
1219 30 27064 7 27424
1220 2 113645 6 114386
1221 2 106891 6 107673
1222 49 16127 5 17199
1223 41 74721 5 75519
1224 38 48082 7 48249
1225 41 63641 6 64429
1226 38 48597 7 49590
1227 2 12010 7 12470
1228 33 62975 8 63762
1229 2 81786 6 82332
1230 50 15148 8 16058
1231 50 85283 7 86247
1232 50 52707 8 53607
1233 26 51833 8 52689
1234 26 78074 7 78701
1235 19 33787 5 34576
1236 30 93438 7 94319
1237 2 39347 6 39969
1238 38 95188 5 95971
1239 26 79426 8 80352
1240 26 45813 7 46410
1241 33 58312 8 58967
1242 10 92212 6 92665
1243 49 2716 6 3429
1244 38 98390 6 99240
1245 2 105055 5 105598
1246 30 13321 8 14230
1247 38 73896 5 74344
1248 26 61739 6 62360
1249 33 83188 6 84084
1250 50 10513 7 11149
1251 19 95826 7 96055
1252 19 19209 6 20197
1253 33 109173 6 109516
1254 19 54276 6 54415
1255 49 1940 7 2716
1256 26 105272 6 105749
1257 2 68611 6 68934
1258 26 39899 7 40895
1259 49 90464 6 90787
1260 2 46717 7 47519
1261 33 45449 7 46120
1262 26 62495 8 62940
1263 49 3508 7 3990
1264 30 10242 6 11099
1265 33 109007 7 109152
1266 41 32461 5 33320
1267 41 84011 6 84269
1268 33 6953 7 7770
1269 26 54115 7 54571
1270 30 53828 7 54255
1271 33 27640 5 28361
1272 38 85283 6 85761
1273 30 37832 6 38667
1274 41 20085 7 20666
1275 49 63406 6 63661
1276 11 55671 6 56459
1277 26 69133 6 69907
1278 10 64985 6 65780
1279 33 31865 6 32102
1280 26 34506 6 35559
1281 2 37324 5 38007
1282 11 64638 6 65244
1283 43 47699 6 47914
1284 41 52707 6 53685
1285 19 72582 5 73044
1286 41 64638 5 64987
1287 41 109178 6 109765
1288 30 111059 7 111857
1289 11 83264 6 84192
1290 50 96948 7 97327
1291 19 51601 5 52613
1292 41 45364 6 45770
1293 49 50812 6 51799
1294 49 71288 6 72262
1295 33 84205 8 84614
1296 30 30866 7 31584
1297 49 7978 7 8807
1298 2 58156 6 58367
1299 10 3508 6 4448
1300 38 68173 7 68343
1301 2 70511 7 71171
1302 41 11334 7 12029
1303 33 33178 5 34171
1304 26 76146 5 76366
1305 10 99033 6 99745
1306 10 78246 5 78810
1307 49 110380 7 110881
1308 41 102864 6 103609
1309 33 54234 6 55268
1310 33 44481 7 44608
1311 26 20249 8 21084
1312 49 24071 6 24797
1313 33 79457 6 79822
1314 49 93438 7 93635
1315 41 30722 6 31388
1316 49 31220 6 31352
1317 11 36334 6 36491
1318 41 47119 6 47911
1319 33 92071 7 92342
1320 49 52707 6 53466
1321 50 112136 8 112483
1322 2 61890 6 62635
1323 10 69301 7 69741
1324 38 50471 7 50893
1325 30 56665 7 57601
1326 2 32792 6 33469
1327 30 75474 6 76407
1328 2 48313 7 48560
1329 10 4568 6 4786
1330 26 498 6 1497
1331 33 48668 6 49045
1332 10 55851 5 56665
1333 26 22999 8 23368
1334 19 35042 6 35642
1335 49 66130 6 66493
1336 26 1497 7 2415
1337 33 53417 7 54234
1338 50 16896 7 17735
1339 11 20892 6 21166
1340 49 9900 5 10273
1341 19 41549 7 42154
1342 10 79457 5 80439
1343 38 45813 6 46596
1344 26 57224 8 57815
1345 38 16127 6 16910
1346 38 100354 5 101384
1347 30 14230 8 14875
1348 38 35898 5 36483
1349 26 68173 8 69133
1350 49 30722 7 31220
1351 33 109516 5 110303
1352 50 54190 7 54641
1353 30 112423 7 113130
1354 2 24071 6 24512
1355 33 72281 7 72510
1356 26 43935 6 44448
1357 2 39969 7 40808
1358 38 30722 6 31507
1359 41 0 7 176
1360 33 19534 7 20346
1361 10 94082 7 94869
1362 10 54426 6 54628
1363 19 99573 6 100497
1364 19 31584 6 32395
1365 33 97457 8 98088
1366 26 85283 6 86255
1367 41 48560 6 49056
1368 10 73390 6 73645
1369 49 40864 6 41822
1370 26 99657 7 100329
1371 2 37122 5 37324
1372 10 103522 7 104177
1373 38 14919 7 15538
1374 10 93718 5 94082
1375 33 66862 6 67351
1376 49 6321 6 6731
1377 41 77207 5 77982
1378 30 80726 7 81029
1379 2 101875 6 102706
1380 2 22113 6 22288
1381 26 91382 6 92071
1382 33 35166 5 35898
1383 10 61515 6 62366
1384 10 29904 7 30136
1385 49 54129 5 55117
1386 10 25606 5 25928
1387 26 25707 5 25890
1388 41 19209 6 20085
 调度评估结果
1. 任务等待评估 (Σ 等待×权重): 711271372
2. 任务完成评估 (最大完成时间): 114638
3. GPU显存空闲评估 (平均空闲): 5478.27 GB/时间片
 额外统计
已调度任务               : 1388/1388
平均等待时间            : 51632.48
各服务器任务分布      : 服务器2=166, 服务器10=163, 服务器11=36, 服务器19=128, 服务器26=170, 服务器30=96, 服务器33=162, 服务器38=128, 服务器41=132, 服务器43=18, 服务器49=133, 服务器50=56
