1 71 37571 1 37899
2 43 24699 2 24990
3 40 40279 5 40316
4 33 31598 5 31821
5 57 34577 1 34665
6 77 10432 1 11474
7 42 545 4 713
8 18 10557 2 11351
9 71 25560 3 25613
10 33 40489 3 40623
11 59 47961 5 48635
12 58 33665 6 34454
13 42 24986 1 25158
14 45 34305 1 34941
15 25 39025 1 39153
16 71 37015 3 37216
17 30 23359 5 23531
18 12 38861 6 38961
19 45 11035 2 11369
20 22 36075 1 36779
21 55 51847 4 52044
22 24 23359 4 23611
23 11 7240 5 7366
24 44 35960 8 36026
25 63 32483 2 32829
26 71 50381 3 50453
27 11 7631 7 7774
28 31 17597 1 17895
29 67 35442 4 35620
30 33 44368 3 44471
31 25 27507 6 27826
32 20 49572 4 49822
33 9 41548 1 42457
34 51 52754 1 53004
35 33 17475 3 17565
36 20 40489 1 41315
37 4 34294 2 35280
38 71 2685 3 3562
39 54 24015 3 24830
40 19 42883 2 43042
41 22 31821 1 31996
42 29 18901 2 18959
43 25 16149 1 16309
44 77 50758 1 50813
45 16 174 1 238
46 45 47027 1 47143
47 39 32755 7 33020
48 29 20205 1 20630
49 32 47563 4 47753
50 51 35339 4 35521
51 5 25560 1 25588
52 37 15404 1 15698
53 7 3906 4 4032
54 51 1566 2 2379
55 4 1619 3 1695
56 62 14317 2 15195
57 5 42188 1 42294
58 45 40279 1 40907
59 34 11823 3 12128
60 45 38861 1 39129
61 21 5383 7 6239
62 11 14102 3 14145
63 55 16847 4 17696
64 71 14802 2 15605
65 29 27523 1 28522
66 38 35442 7 35463
67 24 25935 5 26652
68 63 25299 5 25976
69 25 47288 1 47563
70 78 35774 3 36071
71 51 10750 2 10979
72 22 1566 3 1595
73 59 24015 3 24100
74 25 14421 4 14552
75 33 48580 6 48859
76 21 999 3 1332
77 11 17164 2 17489
78 59 6531 1 6824
79 48 10074 4 10097
80 42 34921 1 35092
81 45 44583 1 44732
82 25 4416 5 4495
83 18 2685 3 2791
84 31 4416 3 4692
85 48 49674 5 50292
86 9 12145 8 12220
87 53 42725 2 42858
88 59 8893 1 9754
89 1 21607 7 21838
90 58 35244 2 35284
91 59 27507 1 27808
92 54 54635 4 54941
93 79 23469 4 23533
94 33 15989 1 16149
95 49 27634 5 28536
96 59 31831 1 32038
97 25 28265 1 28387
98 33 8356 4 8391
99 23 15404 2 16307
100 51 34242 4 34886
101 7 11823 1 11911
102 49 51605 3 51659
103 9 54769 1 54941
104 14 3906 1 4223
105 71 18227 2 18240
106 63 2917 4 3906
107 14 10345 1 10568
108 12 31071 5 31341
109 23 27523 3 28265
110 37 35684 2 36025
111 23 54719 4 54853
112 29 49674 1 49723
113 77 49572 1 50442
114 5 43 2 99
115 22 52565 1 52935
116 38 31071 7 31089
117 20 1566 1 1906
118 71 6215 2 6853
119 33 16714 2 16817
120 63 19860 1 20317
121 48 14421 6 14677
122 19 41529 6 41603
123 2 24961 2 25916
124 48 50381 7 51025
125 32 7973 1 8158
126 25 6272 3 6358
127 55 27523 2 27641
128 9 17164 1 17624
129 5 26837 1 28027
130 70 26837 3 27093
131 20 19860 5 20585
132 51 50450 4 50507
133 22 18595 1 18692
134 24 13132 1 13438
135 24 42883 4 43090
136 29 31598 1 32011
137 33 18852 5 18953
138 5 38969 1 39132
139 59 19860 4 20128
140 9 18595 3 18712
141 59 35774 3 35863
142 54 42883 2 43167
143 22 39566 1 39793
144 60 48580 7 48912
145 5 45432 1 45653
146 58 20014 6 20346
147 35 10074 3 10361
148 23 28850 4 29175
149 54 18852 1 19189
150 4 23359 1 24141
151 18 47563 3 47784
152 20 51605 2 51767
153 51 53072 2 53322
154 77 23359 1 23678
155 33 14317 2 14448
156 57 11162 2 11427
157 15 19488 4 19576
158 15 32755 5 33001
159 54 30837 2 30858
160 25 5855 2 6135
161 77 19799 1 19889
162 33 37015 1 37133
163 37 26837 1 27087
164 53 26647 3 27584
165 71 40489 1 40609
166 43 31071 2 31411
167 77 999 1 1358
168 23 35005 1 35296
169 16 51605 1 52011
170 22 25524 1 25649
171 13 42883 1 43215
172 71 5383 2 5461
173 31 1595 2 1860
174 59 42725 5 42883
175 22 12582 1 13186
176 16 44368 1 44586
177 7 34305 2 34503
178 20 4080 4 4090
179 15 37571 1 37714
180 67 6215 5 7095
181 36 7295 2 7369
182 2 47961 3 48060
183 5 25649 2 26029
184 48 9801 5 10074
185 11 5383 2 5728
186 23 14158 2 14455
187 15 47288 1 47642
188 68 44583 4 44840
189 40 53210 1 53288
190 48 6339 8 6595
191 72 5935 2 6030
192 22 38620 1 38766
193 35 30993 1 31091
194 39 4416 6 4678
195 42 351 5 445
196 78 39395 4 39456
197 29 25032 1 25285
198 13 44716 3 44807
199 35 278 2 290
200 24 47563 5 48450
201 2 24015 2 24339
202 25 47027 1 47286
203 42 44368 5 44594
204 43 48580 1 48873
205 46 25524 5 25634
206 78 52754 1 52974
207 45 381 1 605
208 7 7240 2 7534
209 6 31821 5 32068
210 48 17180 1 17392
211 11 19488 3 19556
212 17 1566 4 1886
213 22 31598 1 31739
214 68 8356 5 8381
215 16 52620 1 53105
216 75 35005 6 35184
217 78 44368 6 44477
218 54 7631 1 8407
219 11 44971 7 45081
220 42 34294 4 34518
221 5 23359 2 23388
222 25 23359 3 23769
223 9 52994 1 53609
224 23 25409 7 25483
225 57 48755 2 48980
226 37 2685 1 2915
227 53 53180 1 53265
228 48 14677 6 14950
229 72 50650 4 50713
230 16 15404 1 15662
231 48 47563 7 47625
232 4 42188 3 42959
233 76 34308 1 34365
234 51 7642 1 7949
235 29 48320 1 48466
236 59 5632 5 5950
237 40 16513 4 16622
238 5 31071 1 31491
239 31 34012 5 34242
240 63 24961 4 25181
241 71 14102 1 14430
242 9 42457 2 42638
243 24 6531 4 6835
244 61 35339 3 35582
245 30 53180 6 53378
246 25 47563 6 47675
247 77 16149 1 16328
248 5 20630 1 20655
249 48 545 1 663
250 56 35005 1 35202
251 77 7973 1 8231
252 29 4195 1 4374
253 37 32404 1 32663
254 27 10673 3 11619
255 46 1960 3 2234
256 25 7240 3 7295
257 54 11039 5 12022
258 43 14802 1 14997
259 24 10575 3 11197
260 51 19799 1 20456
261 24 11823 2 11953
262 38 18595 5 18856
263 57 18257 2 18513
264 54 21607 4 21882
265 46 5828 3 5867
266 42 54719 5 55655
267 51 42117 2 42321
268 60 16149 1 16435
269 22 31821 1 32545
270 29 283 2 493
271 29 31071 1 32483
272 20 5721 3 5925
273 3 18901 4 18954
274 31 53180 5 53448
275 70 25032 3 25252
276 13 20630 1 20763
277 19 12510 1 12590
278 63 23359 7 23467
279 63 13132 1 13156
280 29 47691 1 47826
281 4 52754 2 52969
282 60 42457 7 42740
283 59 545 3 665
284 28 39461 2 39781
285 38 42725 4 43396
286 22 47563 2 47631
287 21 42725 2 42949
288 71 8798 3 9597
289 22 18852 2 18952
290 55 35684 1 35704
291 14 9382 1 9443
292 33 7631 6 7690
293 54 5632 5 6288
294 33 9382 2 9401
295 48 40279 8 40363
296 12 54635 4 54904
297 72 4195 3 4486
298 31 52994 6 53104
299 50 52709 3 52858
300 31 15624 5 15799
301 59 18595 1 18931
302 28 35442 2 35608
303 22 2014 2 2785
304 2 15989 2 16334
305 71 32483 1 32795
306 42 8162 4 8473
307 9 31305 8 32131
308 5 51056 1 51386
309 25 32822 1 32923
310 31 20778 5 21111
311 79 20128 2 20381
312 38 35005 7 35325
313 15 124 1 315
314 42 26837 2 27118
315 10 47288 2 47330
316 76 2917 1 3666
317 60 14158 6 14345
318 40 12554 2 12894
319 63 34577 8 34921
320 55 53072 3 53339
321 18 25299 1 25526
322 6 42725 8 42841
323 22 19488 3 19799
324 72 42117 4 42248
325 62 47288 7 47554
326 71 47631 3 47794
327 59 51913 2 52662
328 40 44368 1 44408
329 22 50955 2 51129
330 65 5383 2 5433
331 19 14317 7 14489
332 5 11035 1 12223
333 17 19488 3 20301
334 64 39008 4 39080
335 21 14677 4 14940
336 77 21607 1 21801
337 40 34684 4 34852
338 42 53180 3 53333
339 16 19860 1 20498
340 12 48320 8 48657
341 43 37571 2 37632
342 14 15624 2 15799
343 77 34242 1 34399
344 25 16379 1 16468
345 29 6377 1 7714
346 38 25032 6 25373
347 16 2917 1 3164
348 78 4195 2 5021
349 16 45674 1 45889
350 43 44031 2 44314
351 14 5828 2 5863
352 38 5579 7 5589
353 15 12554 7 12633
354 46 106 5 172
355 49 45432 2 45738
356 48 35960 2 35992
357 74 35339 5 36020
358 60 48469 3 48580
359 59 38536 5 38686
360 12 9643 6 9769
361 74 136 1 215
362 59 52915 1 53029
363 70 51794 7 51842
364 11 41529 6 41875
365 37 44368 1 44508
366 22 16930 3 17014
367 4 11823 3 11859
368 5 8356 2 8454
369 22 42117 3 42188
370 31 35615 8 35664
371 33 5935 1 6577
372 24 54493 1 54672
373 67 48320 3 48444
374 32 33136 3 33428
375 9 10345 1 10458
376 68 18227 4 18362
377 43 10557 1 10591
378 71 44031 1 44188
379 22 54353 3 55076
380 42 10557 1 10649
381 53 38861 1 38937
382 40 20725 1 20994
383 29 13132 2 13410
384 7 42883 6 43147
385 11 32483 6 33212
386 11 41319 4 41525
387 63 19488 8 19806
388 73 27523 1 27771
389 25 32404 1 32584
390 31 19860 3 20818
391 2 10345 2 10619
392 63 40279 7 40997
393 22 49572 3 49917
394 62 27634 2 27680
395 23 49572 6 50434
396 20 45674 3 46022
397 21 44583 4 44923
398 72 35339 4 35515
399 48 21639 7 21816
400 50 32483 3 32769
401 24 27523 3 27834
402 29 999 1 1149
403 46 10345 6 10373
404 50 17515 4 18235
405 63 7631 5 7976
406 27 24986 3 25314
407 5 28396 2 29142
408 40 37571 6 37746
409 29 11850 1 12235
410 33 23359 4 23628
411 31 9801 2 9839
412 11 54493 5 54627
413 34 42725 3 42827
414 32 12145 1 12190
415 16 39446 2 40276
416 23 40279 2 41125
417 31 12510 5 12838
418 7 34921 5 35017
419 73 14158 2 14261
420 37 37015 1 37259
421 77 41403 1 41548
422 45 8356 1 8629
423 22 51847 1 52460
424 79 42883 3 42905
425 53 30878 2 31059
426 11 51605 6 51622
427 33 26647 5 26761
428 23 24961 5 25299
429 9 54594 1 54769
430 21 13132 7 13345
431 71 20778 3 21771
432 7 20778 1 20998
433 59 14102 2 14227
434 12 5706 7 6568
435 28 18595 2 19559
436 27 38861 2 39138
437 23 18595 2 19200
438 48 8356 7 8416
439 48 18595 4 18836
440 40 17969 3 18103
441 31 27523 2 27576
442 42 52709 5 52799
443 78 25299 7 26198
444 59 25409 2 25859
445 58 33028 5 33313
446 7 18152 5 18268
447 4 35960 3 36304
448 78 50381 1 50566
449 17 40279 4 40502
450 45 54594 2 55305
451 32 35244 2 35901
452 70 30993 7 31041
453 56 10557 2 10711
454 22 41134 2 41248
455 38 41214 4 41283
456 51 21639 2 21953
457 36 48469 2 48632
458 77 41124 1 41376
459 33 50528 4 51605
460 54 48320 3 48508
461 71 41529 1 41728
462 42 50450 4 50538
463 1 38861 8 39059
464 48 2917 6 2958
465 54 6377 3 6653
466 29 1830 1 2014
467 16 35594 1 35750
468 78 9382 4 9709
469 11 40810 1 41076
470 16 45432 1 45674
471 15 10074 2 10975
472 48 630 2 738
473 22 35594 1 35615
474 48 52754 8 52994
475 11 54353 5 54493
476 14 39461 1 39589
477 31 10074 2 10143
478 49 13132 1 13256
479 78 17976 2 18321
480 25 20778 2 20885
481 48 42883 7 42913
482 53 9482 1 9614
483 58 35442 5 35736
484 71 45432 3 45716
485 52 7976 3 8064
486 5 48580 1 48865
487 55 10673 2 11011
488 40 48580 2 48658
489 72 25032 4 25361
490 54 14102 5 14382
491 9 35547 1 35669
492 12 34684 4 34868
493 16 35774 1 35979
494 60 18901 3 19229
495 16 24015 3 24325
496 59 42883 4 43032
497 7 16149 2 16166
498 17 40810 5 41749
499 55 24731 3 24884
500 71 42642 3 43586
501 48 19488 5 19734
502 11 35339 1 36036
503 46 50955 4 51178
504 39 52409 1 53351
505 18 545 6 801
506 31 13132 1 13455
507 49 16930 4 17119
508 25 48755 2 49497
509 2 38861 3 39207
510 27 8356 3 8691
511 16 38620 2 38761
512 11 45492 3 46213
513 51 19488 2 19635
514 48 1849 5 2160
515 22 16513 1 16637
516 22 3906 1 4120
517 48 16149 7 16236
518 11 16714 6 16783
519 27 52709 2 53614
520 63 54 4 979
521 53 52164 2 52175
522 64 34921 5 35075
523 55 18595 4 19203
524 77 9643 1 10432
525 9 3906 1 5383
526 39 9382 2 10185
527 41 52709 4 52923
528 78 42117 1 42738
529 54 37397 2 37452
530 11 1595 5 1903
531 11 14317 7 14649
532 14 12554 2 12654
533 55 52994 1 53179
534 45 12077 2 13516
535 51 17976 2 18065
536 15 44583 3 44789
537 33 51794 1 52718
538 16 14102 2 14720
539 63 34921 7 35096
540 15 40279 3 40329
541 29 10575 1 11329
542 33 45674 7 45709
543 39 7973 2 8917
544 9 54353 2 54594
545 31 32404 2 32507
546 35 42457 2 43277
547 15 26837 5 27821
548 57 34684 1 35010
549 57 27523 2 28523
550 34 9382 1 9415
551 12 13132 2 14047
552 29 37571 1 38536
553 5 15624 1 17101
554 63 14102 2 14135
555 54 52620 2 52653
556 52 10557 2 10677
557 33 2685 3 2966
558 22 44368 1 44559
559 40 14677 8 15559
560 59 37015 4 37188
561 45 1270 2 2321
562 39 5706 2 5934
563 63 49572 2 49786
564 10 23359 2 24034
565 66 26647 5 26674
566 18 48320 6 48580
567 29 41403 1 43272
568 48 1269 7 1452
569 5 49674 1 50008
570 70 14102 6 14427
571 15 21607 5 21639
572 22 44583 1 47129
573 15 49572 2 50361
574 48 18152 2 18233
575 60 42725 1 42856
576 60 53180 1 53433
577 11 45432 4 45492
578 59 16149 1 16914
579 32 37015 1 37284
580 9 52565 1 52699
581 23 34921 3 35878
582 28 27634 2 28263
583 57 24986 2 25010
584 37 15989 1 16065
585 12 42725 4 42888
586 78 41407 3 41470
587 63 5706 4 5951
588 60 45492 3 45688
589 33 24015 1 24725
590 43 34294 1 34979
591 46 11035 5 11094
592 24 51847 5 52109
593 38 5632 3 6424
594 25 31821 1 31950
595 5 45674 2 45828
596 9 50381 1 50650
597 29 1566 2 1830
598 54 35547 5 35763
599 22 6215 3 6531
600 25 15404 6 15444
601 31 41403 4 41740
602 22 23359 2 23935
603 51 35615 4 36567
604 72 31305 2 32059
605 5 19488 2 19836
606 11 23359 5 24019
607 33 35594 2 35684
608 12 11039 4 11970
609 22 28265 3 28919
610 34 42457 1 42643
611 33 31821 4 31957
612 33 13132 6 13350
613 7 16930 3 16982
614 41 1566 4 1662
615 18 18152 4 19049
616 20 23359 4 23500
617 5 32404 1 32490
618 71 9801 1 9888
619 20 11035 2 11117
620 18 13132 4 13906
621 29 52164 1 52409
622 15 51605 2 51779
623 15 47961 3 48772
624 18 35339 7 35591
625 23 41214 4 41431
626 71 7295 3 7606
627 46 50381 2 50692
628 72 26837 3 27139
629 19 4416 3 4540
630 7 9643 4 10398
631 46 41124 5 41316
632 71 15989 3 16035
633 33 5405 4 5721
634 55 40810 4 41775
635 18 33 6 195
636 39 14102 3 14797
637 63 51364 1 52295
638 4 15404 1 15544
639 31 50955 4 50970
640 40 15404 6 15670
641 33 24725 5 25508
642 77 30837 1 31794
643 15 18852 3 18946
644 59 34254 3 34500
645 21 31455 5 31539
646 63 26837 1 27284
647 68 50608 6 50854
648 43 42725 1 42995
649 32 52565 5 52910
650 29 999 1 1048
651 22 10673 2 10874
652 59 219 2 521
653 25 741 1 999
654 54 20778 2 20820
655 48 35005 5 35292
656 21 7240 1 7310
657 18 25649 2 26429
658 12 15989 7 16106
659 32 19860 4 20178
660 12 7642 7 7796
661 7 52565 2 52908
662 18 32404 4 32425
663 16 34577 1 34689
664 40 52565 2 52875
665 54 27523 2 28216
666 78 32131 5 32419
667 9 37571 3 37855
668 42 44716 4 45447
669 23 52915 7 52997
670 42 25935 1 26225
671 17 11162 3 11419
672 29 32404 1 32471
673 18 45492 1 45814
674 59 43784 4 44862
675 25 5721 2 5855
676 25 12554 2 12863
677 61 25524 6 25771
678 16 50955 2 51224
679 35 47563 1 48504
680 59 44716 1 44971
681 25 16513 1 16619
682 9 45432 2 45596
683 59 17925 2 17950
684 55 23359 3 23507
685 77 18595 1 19484
686 45 16714 2 17429
687 41 23359 5 23516
688 27 24015 1 24973
689 40 5383 6 5622
690 63 24986 2 25759
691 33 15662 1 15735
692 31 4195 4 4394
693 70 11850 7 12050
694 31 25935 6 26635
695 22 16379 2 16513
696 12 49572 7 49876
697 58 43661 4 43710
698 33 52754 4 52994
699 25 5632 3 5715
700 17 12554 4 12763
701 70 35615 3 35883
702 49 32755 6 32867
703 68 51646 3 51878
704 22 44031 2 44128
705 75 50650 6 50805
706 23 10345 1 10569
707 68 15624 4 15806
708 33 40810 5 41061
709 19 4195 3 4388
710 59 31598 3 31831
711 38 1960 6 2092
712 22 25649 2 25935
713 11 20725 4 20958
714 2 8356 1 9123
715 5 30837 2 31038
716 48 54353 8 55323
717 51 10345 2 10587
718 25 6046 1 6272
719 9 25560 5 25718
720 9 47027 1 47364
721 53 38969 1 39231
722 23 999 7 1270
723 71 26647 3 26798
724 68 5383 5 5447
725 39 38861 1 39124
726 5 9801 2 9983
727 70 28850 7 29122
728 48 39071 2 39409
729 7 48580 3 48666
730 54 9470 1 10310
731 4 33028 3 33179
732 19 35339 7 35568
733 78 6531 1 6724
734 18 7642 7 7952
735 75 35960 6 36158
736 9 42457 6 42544
737 31 47885 3 48627
738 31 51281 3 52097
739 38 35637 4 35895
740 78 35017 3 35048
741 35 40489 4 40564
742 42 32404 4 33246
743 35 25935 3 26226
744 25 45674 6 45685
745 48 13132 8 14102
746 77 2917 1 2940
747 18 15989 7 16057
748 31 38861 1 38879
749 4 10874 2 11111
750 37 52915 2 53174
751 2 35339 3 35384
752 51 7558 2 7634
753 11 16513 3 16674
754 23 35339 2 35663
755 71 33136 1 33974
756 5 34012 2 34056
757 70 26647 6 26743
758 22 316 1 429
759 66 25054 5 25298
760 71 17597 3 17632
761 25 5383 1 5726
762 29 11477 1 11850
763 59 7631 3 8595
764 18 4195 5 4408
765 57 50955 2 50977
766 3 24343 3 24383
767 66 14317 4 14559
768 4 293 3 540
769 38 34305 5 34628
770 59 9382 2 9731
771 43 25032 1 25087
772 32 197 1 320
773 38 51646 7 51772
774 73 180 1 1180
775 35 45432 5 45751
776 25 47129 5 47318
777 11 18595 4 18887
778 25 50650 4 50908
779 45 25299 1 25645
780 7 52164 5 52315
781 40 18227 2 19087
782 55 25649 2 25660
783 23 5632 4 5809
784 24 9470 2 10440
785 63 41319 1 41519
786 29 51605 2 51847
787 59 8798 3 8893
788 59 34012 2 34247
789 12 741 7 1065
790 43 11477 1 11490
791 54 12554 2 12747
792 46 25935 4 25971
793 55 35005 3 35201
794 78 24015 1 24291
795 35 15404 1 15521
796 32 21607 6 21809
797 68 10345 6 10575
798 3 25032 5 25359
799 51 38861 4 39011
800 43 6377 1 6679
801 22 9382 3 9706
802 54 19860 4 19939
803 29 10575 1 10949
804 63 1566 7 2247
805 42 16930 4 17851
806 70 34012 4 34048
807 45 21639 2 21683
808 37 33136 1 33903
809 9 25299 4 25560
810 75 23359 6 23523
811 59 27808 1 28103
812 72 52409 4 52561
813 47 12159 4 12295
814 60 42883 8 43492
815 54 16914 4 17004
816 22 43768 2 44031
817 29 52709 1 52958
818 11 51056 2 51348
819 63 35244 3 35554
820 21 47563 6 48411
821 30 195 4 1088
822 31 42457 8 43405
823 64 54635 5 55250
824 35 35620 5 35735
825 70 12554 3 12619
826 58 2685 1 2901
827 67 41403 7 41596
828 14 14102 1 14220
829 2 48341 3 48361
830 31 18852 5 19489
831 33 9382 1 9549
832 73 35684 2 35713
833 20 52409 3 52519
834 18 5632 4 5971
835 22 35615 1 35774
836 25 16914 2 17254
837 48 42457 6 42668
838 59 14317 1 15140
839 35 54353 5 54428
840 17 10345 1 10670
841 22 45674 1 45787
842 23 6531 5 7149
843 17 17969 7 18001
844 19 18852 3 19817
845 7 32755 6 32891
846 37 42457 1 42713
847 5 12510 1 13112
848 32 48320 6 48343
849 35 14677 3 15643
850 17 42883 5 43593
851 23 11477 5 11756
852 72 25935 3 26245
853 3 2917 1 3671
854 4 3906 3 3981
855 49 11477 6 11582
856 57 42457 2 42765
857 43 25649 1 25782
858 64 41407 5 41749
859 7 35017 3 35782
860 73 25032 1 25176
861 45 5828 1 7065
862 35 20014 1 20052
863 46 34921 5 35110
864 11 14158 2 14317
865 58 26837 8 26887
866 60 34921 3 35048
867 31 35774 1 36536
868 25 31831 3 32018
869 45 10673 1 10827
870 36 17925 2 18003
871 71 17925 2 18114
872 59 35960 3 36159
873 71 38861 1 39769
874 11 54635 4 54952
875 11 53180 3 53482
876 22 15404 1 15542
877 23 25935 2 26127
878 48 34294 6 34456
879 20 11850 4 12056
880 72 44716 3 44935
881 29 49572 1 49674
882 9 170 1 586
883 5 2685 2 2921
884 73 10074 1 10206
885 29 32131 1 32322
886 23 52565 1 52903
887 72 51056 4 51222
888 5 20060 2 20280
889 38 34684 2 34921
890 29 48469 2 48963
891 54 1566 2 1618
892 71 39769 2 40314
893 68 251 4 381
894 79 51794 4 52049
895 35 38861 4 39047
896 55 35774 3 35797
897 29 42725 1 43021
898 78 1036 3 1157
899 79 33028 3 33277
900 70 32755 4 32984
901 59 31455 2 31471
902 39 38536 2 38678
903 12 50528 2 51395
904 33 26837 1 27180
905 58 23359 2 23538
906 12 35547 6 35589
907 25 2495 3 2753
908 23 16714 8 16937
909 7 40279 4 40573
910 63 47027 1 47164
911 11 3906 3 4671
912 59 51794 2 51913
913 36 9482 4 9672
914 23 48813 5 49058
915 42 19799 4 19864
916 59 14802 4 14942
917 24 43661 3 43985
918 15 14102 5 14367
919 51 4734 4 4764
920 59 1566 1 2284
921 28 31831 2 32128
922 32 48580 2 48661
923 12 19860 2 20132
924 6 26837 7 27138
925 47 38861 5 39480
926 25 34254 1 34533
927 16 12077 1 13694
928 12 14317 1 14456
929 19 7642 2 8324
930 77 17976 1 18305
931 61 2685 6 2771
932 59 10345 4 11162
933 59 50758 1 51450
934 40 51056 2 51075
935 15 34242 4 34308
936 19 37015 2 37643
937 47 31455 1 32442
938 45 37015 1 37058
939 11 38861 6 38898
940 46 21607 6 21811
941 67 18595 5 18640
942 63 30878 2 31069
943 1 18457 8 18795
944 23 17597 3 17799
945 17 34921 4 35118
946 22 16714 3 17428
947 48 7973 4 8284
948 57 35960 1 36300
949 70 42883 6 43006
950 48 11477 5 11775
951 52 8356 3 8689
952 3 34012 2 34612
953 49 32404 4 32602
954 75 48627 5 49500
955 70 32404 5 32424
956 48 35620 7 35637
957 47 48580 3 48845
958 31 7642 2 7685
959 63 20782 1 21607
960 22 44716 1 45572
961 31 52620 2 52958
962 78 12159 4 12458
963 59 48755 3 49572
964 33 41791 2 41839
965 63 14409 3 14648
966 42 14137 4 15112
967 67 54594 6 54890
968 41 5632 1 5909
969 31 40489 7 40838
970 7 139 3 431
971 16 37372 2 37445
972 63 48320 3 48348
973 77 35637 1 35960
974 60 54353 8 54674
975 25 5828 4 6046
976 33 35684 1 35932
977 5 20778 1 21017
978 15 13766 2 13776
979 29 20725 1 20852
980 74 31821 7 32126
981 16 15989 1 16930
982 77 3906 1 4107
983 48 34577 3 34701
984 29 5405 1 5464
985 12 51847 3 52049
986 55 24015 1 24320
987 78 52994 6 53340
988 78 44716 3 44748
989 17 25032 5 25189
990 25 2147 1 2350
991 33 1566 7 1619
992 60 11823 6 12165
993 22 50450 1 50615
994 16 16930 1 16975
995 15 28850 3 28898
996 16 24343 2 24655
997 9 21741 4 21832
998 34 34577 2 34764
999 70 33665 5 34010
1000 42 3906 2 4047
1001 25 17925 1 17969
1002 60 11039 6 11692
1003 5 10074 1 10220
1004 70 37015 5 37067
1005 48 48755 7 49094
1006 40 24015 6 24324
1007 4 44368 3 45113
1008 71 28396 1 28548
1009 41 9801 4 9875
1010 71 4195 1 4330
1011 29 7558 1 7648
1012 65 18368 1 18587
1013 50 47563 3 48233
1014 25 35339 2 35629
1015 78 41529 1 41818
1016 8 24986 4 25009
1017 77 44716 1 44921
1018 2 41137 2 41854
1019 63 34294 1 34419
1020 25 34577 2 34803
1021 43 18595 2 18630
1022 63 17475 8 17589
1023 42 9470 1 9769
1024 16 20630 2 20856
1025 35 14421 4 14550
1026 17 18595 1 18826
1027 37 36025 2 36258
1028 7 999 3 1120
1029 11 28850 2 29059
1030 51 17597 3 17782
1031 32 51646 1 52441
1032 18 40489 3 40675
1033 43 12554 2 13500
1034 16 31305 2 31616
1035 15 16 1 97
1036 31 21607 3 21734
1037 48 34701 1 34816
1038 22 30837 2 31071
1039 31 34577 4 34880
1040 11 37015 7 37876
1041 21 11823 2 12088
1042 15 15989 1 16110
1043 71 10345 3 10360
1044 21 11477 2 11800
1045 38 239 6 477
1046 32 9801 2 10004
1047 70 31071 4 31373
1048 71 18257 2 18552
1049 32 54635 3 55597
1050 60 34577 3 35346
1051 21 52754 7 52840
1052 7 16177 1 16900
1053 29 52709 1 53072
1054 55 50758 1 50955
1055 29 26861 1 27247
1056 55 54353 1 54400
1057 36 52754 4 53445
1058 51 18152 4 18313
1059 73 38536 2 38581
1060 72 47288 2 47318
1061 3 412 5 720
1062 44 23359 5 23709
1063 29 47961 1 48017
1064 78 2917 3 3263
1065 47 28396 5 29204
1066 20 7240 2 7412
1067 23 37015 3 37732
1068 7 37015 2 37330
1069 78 30993 2 31222
1070 42 23359 4 23404
1071 15 14421 7 14442
1072 25 7295 1 8107
1073 29 12554 1 12839
1074 23 34254 3 34411
1075 25 34242 4 34254
1076 55 25054 3 25271
1077 40 34294 4 34395
1078 22 17925 2 18220
1079 63 1269 1 1566
1080 61 34254 2 34298
1081 32 38969 2 39244
1082 45 30878 1 31914
1083 9 7240 1 8162
1084 27 41407 2 41687
1085 21 229 7 945
1086 25 999 2 1705
1087 59 35442 4 35496
1088 11 24986 7 25733
1089 51 48469 4 48807
1090 63 8356 6 9262
1091 59 52709 1 52885
1092 33 16847 3 16994
1093 63 17597 1 17776
1094 43 32483 2 32661
1095 15 51056 4 51344
1096 76 40489 1 40614
1097 50 6215 3 6297
1098 15 43661 5 43966
1099 22 19860 2 20809
1100 5 28265 2 28342
1101 59 49572 4 49753
1102 16 35774 2 36643
1103 9 23508 1 23926
1104 18 11477 3 11601
1105 63 48469 5 48581
1106 33 26861 4 27782
1107 29 18595 1 18901
1108 35 14102 3 14217
1109 37 14102 1 14190
1110 4 41529 1 41583
1111 15 33136 3 33529
1112 24 5383 2 5541
1113 63 37015 2 37070
1114 67 11823 5 11948
1115 25 44031 3 44368
1116 25 42883 2 43175
1117 53 34254 1 34265
1118 7 53210 1 53435
1119 29 5632 1 6109
1120 59 34012 1 34414
1121 77 26647 1 26743
1122 7 38861 1 39028
1123 48 10673 2 10789
1124 43 4734 2 5059
1125 61 47961 1 47973
1126 56 7302 1 7551
1127 22 33028 1 33212
1128 72 41529 1 41626
1129 46 34012 6 34791
1130 4 10345 2 10457
1131 36 2147 2 2190
1132 57 25032 1 25323
1133 3 24015 5 24118
1134 58 34921 3 34981
1135 77 42117 2 42222
1136 9 13132 6 13166
1137 48 258 7 602
1138 22 31305 1 31455
1139 27 54769 3 54838
1140 49 34242 2 34274
1141 52 211 4 532
1142 40 8356 3 8653
1143 54 2685 2 2864
1144 45 28265 2 28512
1145 16 31821 1 31835
1146 45 32755 2 32971
1147 75 42725 5 42972
1148 43 49674 1 49992
1149 5 7973 1 8278
1150 23 6046 3 6121
1151 29 6109 2 6119
1152 15 20014 6 20252
1153 63 42117 6 42166
1154 73 41124 1 41375
1155 45 39461 1 39948
1156 23 1705 6 1815
1157 16 23469 2 23751
1158 58 44368 1 44655
1159 48 10345 5 10632
1160 25 1705 1 2147
1161 11 15624 1 15805
1162 73 44716 3 45439
1163 23 37015 2 37322
1164 74 34254 3 34270
1165 5 17475 1 18353
1166 77 20778 2 21086
1167 76 42883 1 42913
1168 46 43661 4 43697
1169 40 26647 2 26812
1170 20 25409 1 25698
1171 9 2685 1 3111
1172 40 15989 5 16091
1173 18 34308 2 35008
1174 67 5383 5 5549
1175 11 24343 3 24986
1176 68 47563 4 47715
1177 63 4195 7 4356
1178 23 50758 6 51520
1179 9 50650 1 50767
1180 77 44971 1 45310
1181 32 41407 5 41504
1182 58 18457 6 19389
1183 20 34012 5 34077
1184 25 31071 2 31792
1185 2 17164 2 17233
1186 24 52709 4 53494
1187 31 31821 4 32079
1188 73 8356 1 9339
1189 23 23359 5 23397
1190 22 18368 1 18620
1191 63 31598 1 31809
1192 51 5383 1 5614
1193 78 119 2 200
1194 32 9470 2 9793
1195 29 27523 1 29285
1196 46 23359 3 24134
1197 25 31170 6 31300
1198 5 41124 1 41260
1199 54 30993 3 31039
1200 45 53210 1 53317
1201 48 38861 7 38947
1202 17 25299 6 25435
1203 54 23359 2 23644
1204 25 15624 4 15858
1205 5 51605 1 52673
1206 3 19799 2 19882
1207 29 20014 2 20205
1208 11 8798 2 9044
1209 24 18595 2 18828
1210 40 52994 1 53010
1211 20 37571 4 37646
1212 22 31455 1 31598
1213 16 15404 2 15542
1214 16 25543 1 26647
1215 38 35950 4 36173
1216 63 44583 3 45587
1217 35 34308 3 34600
1218 32 49572 2 49876
1219 46 5383 1 5521
1220 77 26837 2 27192
1221 76 24961 1 25232
1222 63 41529 4 41821
1223 31 23359 5 23404
1224 10 42725 1 42857
1225 9 12510 3 12554
1226 22 2111 1 4162
1227 22 40279 3 41134
1228 72 18901 1 19031
1229 66 32404 5 32505
1230 57 999 1 1146
1231 71 7973 1 8294
1232 12 52565 3 52719
1233 25 24343 1 25236
1234 63 24015 2 24192
1235 20 4195 2 4461
1236 63 26647 1 26667
1237 7 14102 1 14994
1238 25 10750 1 11039
1239 71 16513 1 17492
1240 59 2344 1 2662
1241 48 50292 6 50381
1242 31 47563 4 47834
1243 14 26861 2 27499
1244 76 28265 1 28498
1245 22 6531 1 6925
1246 9 43661 7 44353
1247 71 6046 2 6209
1248 63 2917 1 3378
1249 47 27523 5 27687
1250 24 34012 2 34064
1251 52 33136 3 33319
1252 25 30878 4 31098
1253 40 44716 4 44909
1254 16 5828 2 5944
1255 71 5632 1 5717
1256 68 18901 5 19796
1257 50 34684 4 35000
1258 70 3906 4 4191
1259 11 42188 1 42334
1260 78 27523 5 27740
1261 28 35684 2 35949
1262 77 1960 2 2060
1263 9 31170 1 31279
1264 16 43661 3 43806
1265 63 11035 5 12024
1266 41 30837 5 31478
1267 16 33028 3 33061
1268 4 2917 3 3688
1269 63 52754 3 53084
1270 16 586 1 1770
1271 63 21607 7 21908
1272 17 16379 6 16489
1273 72 48469 1 48733
1274 19 17515 5 18492
1275 72 11035 3 11083
1276 33 25649 2 26622
1277 5 14552 1 15142
1278 59 32404 4 32752
1279 29 52565 2 52709
1280 29 54493 1 54799
1281 14 35832 2 35878
1282 59 15989 1 19096
1283 65 25649 1 25687
1284 31 50528 5 50627
1285 31 18595 4 18852
1286 11 51794 3 52037
1287 17 15624 3 15906
1288 16 32755 2 32829
1289 15 1566 8 2249
1290 54 31821 4 32129
1291 57 30993 2 31135
1292 16 16930 1 17385
1293 39 50450 3 50637
1294 46 11823 7 11999
1295 9 20311 1 21240
1296 59 4416 2 4747
1297 27 32404 3 32722
1298 63 14137 4 14409
1299 78 11823 1 11893
1300 48 44368 1 44703
1301 16 40279 2 40473
1302 71 12510 3 12604
1303 22 24015 3 24913
1304 61 52915 6 53075
1305 58 12159 2 12395
1306 40 35339 4 35569
1307 28 45492 1 46450
1308 71 50608 1 52260
1309 24 24015 2 24193
1310 14 14421 1 15063
1311 78 42883 1 43082
1312 37 53174 1 53208
1313 18 37571 7 37771
1314 17 44368 6 44542
1315 46 14137 1 14923
1316 71 16149 3 16182
1317 71 5828 2 5920
1318 38 31305 6 31522
1319 9 31071 1 31170
1320 36 35992 4 36304
1321 32 5944 2 6111
1322 39 33665 2 33692
1323 78 7642 2 8271
1324 11 40279 4 40609
1325 59 12159 1 12376
1326 22 42457 2 42535
1327 36 27523 4 27723
1328 33 32131 2 32396
1329 11 52754 4 53082
1330 22 31071 3 31305
1331 58 38861 8 38996
1332 56 41124 1 41168
1333 70 50608 7 50747
1334 43 40810 1 41441
1335 80 25560 2 25767
1336 21 43661 6 43996
1337 33 33028 7 33217
1338 64 999 5 1748
1339 28 35960 1 36852
1340 32 8893 3 9185
1341 15 12077 3 12261
1342 12 31821 2 31997
1343 33 7973 6 8052
1344 48 39071 5 39406
1345 55 2147 1 2278
1346 4 16149 3 16445
1347 9 24343 8 25166
1348 29 10377 2 10575
1349 59 15404 5 15593
1350 46 360 6 491
1351 60 31821 4 31985
1352 71 366 1 386
1353 71 30993 1 31097
1354 45 5383 2 5595
1355 33 51646 4 51721
1356 5 34577 2 34989
1357 15 54635 4 54887
1358 59 40279 5 40906
1359 20 10345 1 11007
1360 78 19799 4 20569
1361 2 14677 2 14757
1362 23 14677 4 14924
1363 59 2917 5 2941
1364 59 32131 1 33125
1365 37 34689 1 34743
1366 39 3906 4 4128
1367 47 11823 4 12155
1368 54 20014 2 20187
1369 22 18901 1 19373
1370 22 32404 1 32455
1371 18 43661 6 43766
1372 77 50955 1 51678
1373 7 24343 3 24412
1374 22 19799 2 19817
1375 75 25409 5 25489
1376 16 7642 2 7675
1377 57 25409 1 25725
1378 66 41529 4 41616
1379 22 51129 3 51364
1380 75 25935 4 26244
1381 38 16914 7 16941
1382 63 54353 8 54663
1383 30 25032 7 25182
1384 77 15624 1 15680
1385 77 54353 1 54529
1386 18 12077 6 12237
1387 59 5383 1 5632
1388 25 30837 3 30878
1389 37 27523 2 28486
1390 71 7642 1 7684
1391 15 32483 4 32755
1392 33 36075 1 36432
1393 5 42117 1 42141
1394 11 21607 4 21766
1395 55 23359 1 23559
1396 12 25935 8 26151
1397 45 9470 1 9729
1398 31 32755 6 32869
1399 54 48627 1 48965
1400 5 24986 2 25505
1401 6 10673 6 10857
1402 77 32483 1 33329
1403 42 18595 4 18624
1404 27 4195 2 4889
1405 32 31455 2 31788
1406 59 17969 2 18152
1407 33 11035 5 11959
1408 13 16513 1 16645
1409 29 15404 2 15624
1410 22 5706 2 6215
1411 25 10575 2 10744
1412 11 48341 6 48454
1413 43 5632 2 5914
1414 59 44031 1 44363
1415 33 14677 5 15477
1416 31 16149 2 16174
1417 79 44583 3 44792
1418 59 26837 5 27027
1419 40 14421 7 14707
1420 16 10345 2 10709
1421 11 4734 4 5507
1422 13 390 1 676
1423 72 27507 3 27738
1424 51 10345 1 10542
1425 7 19799 2 20124
1426 32 1705 5 1987
1427 59 50381 1 50904
1428 17 37015 3 37312
1429 46 16379 2 16614
1430 41 54635 4 54893
1431 33 17565 6 17597
1432 20 41403 2 41624
1433 48 10557 3 10711
1434 11 48755 3 48876
1435 9 41137 1 41214
1436 39 40810 5 41158
1437 43 42457 1 42536
1438 31 37015 4 37241
1439 67 10557 6 10640
1440 78 48320 3 49073
1441 22 1705 2 1990
1442 22 13132 2 13462
1443 48 27523 3 27732
1444 70 13132 5 13788
1445 63 37133 2 37397
1446 53 23359 1 24002
1447 21 17925 6 18137
1448 20 25032 2 25191
1449 20 48755 1 48945
1450 62 42642 6 42851
1451 50 19860 1 20209
1452 48 25649 4 25976
1453 3 31071 5 31246
1454 20 999 2 1245
1455 71 13132 1 13848
1456 45 11850 1 11863
1457 39 44716 4 44956
1458 48 35637 7 35688
1459 23 25299 6 25409
1460 38 51794 3 51819
1461 54 40906 1 41084
1462 43 191 2 460
1463 1 25524 8 26241
1464 33 25543 3 25566
1465 43 50450 2 51400
1466 48 11850 1 12510
1467 77 52565 1 53404
1468 1 586 7 1351
1469 71 52620 1 53345
1470 25 16714 4 16847
1471 23 17164 1 17305
1472 22 38620 1 39071
1473 40 31170 4 31278
1474 33 326 3 631
1475 16 39025 1 39224
1476 58 41548 3 42513
1477 23 13132 4 13821
1478 18 1269 1 1319
1479 33 47027 2 47120
1480 40 35005 1 35329
1481 25 187 5 386
1482 75 192 6 456
1483 33 999 2 1138
1484 7 42457 4 42501
1485 55 35960 1 36939
1486 15 4195 1 5181
1487 37 51646 2 51766
1488 25 48469 1 48552
1489 15 3906 5 4044
1490 54 18595 5 18677
1491 60 7973 2 8038
1492 58 40810 8 41099
1493 43 54493 2 54635
1494 23 14552 4 14849
1495 7 18595 4 18649
1496 71 1566 1 1781
1497 59 26647 1 26837
1498 55 15404 3 15591
1499 78 47288 1 47613
1500 31 54594 5 54935
1501 54 40810 4 40858
1502 63 31821 5 32027
1503 25 43661 3 43956
1504 59 44971 1 45229
1505 63 31455 1 31532
1506 15 9482 6 9766
1507 16 8798 2 9054
1508 60 37397 8 38241
1509 16 1269 1 1417
1510 5 31821 1 32286
1511 59 47885 1 47961
1512 11 36159 1 36173
1513 52 7295 2 7309
1514 55 13132 3 13234
1515 49 35684 4 36667
1516 43 27523 2 27788
1517 54 17925 2 18174
1518 31 40906 7 40930
1519 29 20655 1 20725
1520 75 54353 7 54552
1521 70 18852 6 19184
1522 60 34627 2 34907
1523 15 16847 6 17047
1524 64 25935 5 26675
1525 78 40489 2 40741
1526 44 24699 8 25504
1527 20 26837 4 26940
1528 46 45492 5 46144
1529 35 31821 3 32128
1530 22 39395 1 39461
1531 23 24699 6 24822
1532 70 32131 5 32237
1533 16 41407 1 41940
1534 57 13132 1 13335
1535 57 7642 1 7762
1536 75 34012 3 34293
1537 9 5383 6 5533
1538 5 13132 1 13628
1539 31 586 4 816
1540 49 42457 3 42753
1541 59 20630 1 23359
1542 31 39025 2 39743
1543 18 39566 3 39769
1544 16 2344 1 2910
1545 46 42457 3 42620
1546 59 47563 3 47764
1547 4 43661 2 43868
1548 57 40489 2 40549
1549 63 20630 2 20782
1550 38 45432 2 45605
1551 59 10750 1 10909
1552 43 28850 2 29136
1553 64 38620 3 38785
1554 67 17969 7 18284
1555 7 49572 4 49677
1556 9 37397 2 37513
1557 22 15989 1 16122
1558 14 52709 1 52834
1559 72 16 1 49
1560 71 11 2 121
1561 15 14677 8 14769
1562 11 35005 5 35322
1563 16 44586 1 44716
1564 77 39395 1 39484
1565 42 27523 4 27564
1566 23 38536 7 38703
1567 5 50650 2 50995
1568 15 41407 1 41686
1569 31 26837 1 26990
1570 16 4734 3 5054
1571 24 26837 2 27058
1572 40 14102 4 14207
1573 33 21607 2 21831
1574 43 17515 1 17672
1575 22 10874 1 11786
1576 59 41124 5 41319
1577 54 15404 2 15601
1578 11 25935 7 26155
1579 48 34403 2 34469
1580 15 17515 6 17859
1581 33 53210 2 54850
1582 22 9706 2 9801
1583 49 25935 3 26893
1584 31 34308 3 34334
1585 74 1619 5 1856
1586 19 30837 1 30962
1587 31 6215 4 6524
1588 68 33028 4 33326
1589 5 2147 1 2339
1590 15 5383 2 6304
1591 6 9706 8 9897
1592 51 45432 2 45563
1593 45 14102 2 14423
1594 72 27808 4 28034
1595 52 42457 1 43272
1596 29 34242 2 34627
1597 15 37372 8 37561
1598 33 38620 5 38924
1599 20 6215 4 6958
1600 78 51646 2 52368
1601 25 19488 1 20014
1602 20 17976 2 18876
1603 16 33061 1 33600
1604 36 20778 3 21011
1605 35 27523 2 27710
1606 25 31723 2 32026
1607 19 4734 4 4904
1608 5 40279 1 40560
1609 9 48755 7 49015
1610 22 47129 1 47162
1611 79 50608 4 50785
1612 58 21639 2 21850
1613 11 19860 6 20044
1614 33 37133 5 38171
1615 29 39008 1 39651
1616 15 24731 1 25947
1617 20 187 1 516
1618 46 30837 4 31001
1619 46 54635 6 55374
1620 78 45492 2 45841
1621 32 11039 3 11930
1622 68 9706 4 9892
1623 40 42725 6 43013
1624 51 54353 2 54694
1625 9 37015 2 37329
1626 25 477 5 630
1627 31 35244 3 35317
1628 5 14102 2 14268
1629 25 39025 1 39094
1630 45 2917 1 3106
1631 72 40279 4 40609
1632 29 51847 2 52164
1633 60 24418 6 24731
1634 59 51646 3 51965
1635 9 24015 5 24343
1636 78 34684 5 34790
1637 28 10673 1 11473
1638 72 45432 3 45535
1639 18 41124 5 41338
1640 43 32131 2 32345
1641 23 18257 3 18348
1642 33 53072 4 53979
1643 63 47563 4 47634
1644 72 44031 1 44068
1645 30 9643 6 9953
1646 46 586 4 756
1647 15 7302 2 7453
1648 16 50381 2 50608
1649 21 50608 7 50683
1650 71 10575 3 10885
1651 47 6339 4 6409
1652 16 1619 1 2540
1653 43 630 2 1572
1654 43 20782 1 21692
1655 9 5935 1 6070
1656 58 49674 2 49738
1657 70 6339 5 6625
1658 48 37397 8 37494
1659 45 16513 2 16644
1660 49 19860 5 20564
1661 59 2014 2 2344
1662 16 27523 2 28850
1663 7 20128 3 20387
1664 42 31071 3 31085
1665 17 15989 5 16124
1666 38 53180 6 53342
1667 48 23469 1 24418
1668 34 52409 1 52530
1669 72 32483 3 32701
1670 32 32755 5 33062
1671 51 6339 4 6587
1672 78 34242 7 34378
1673 35 37571 4 37892
1674 32 44716 2 45700
1675 51 14552 3 14884
1676 37 25649 1 26639
1677 11 477 5 728
1678 11 34577 2 34834
1679 77 34684 2 34794
1680 9 35669 1 35976
1681 23 40528 2 40559
1682 63 10345 4 10687
1683 48 48320 6 48628
1684 30 5632 5 5900
1685 19 47288 1 47331
1686 54 1849 5 1949
1687 47 19799 3 20566
1688 31 30837 4 31541
1689 40 25935 7 26198
1690 13 23359 2 23638
1691 57 15624 2 15744
1692 33 10874 1 10947
1693 70 14552 4 14800
1694 59 31831 2 32181
1695 59 47885 4 47935
1696 59 12145 2 12173
1697 19 12145 2 12414
1698 25 39129 1 39275
1699 43 15404 1 15707
1700 31 34921 3 35221
1701 22 11823 3 12582
1702 29 39651 2 40489
1703 31 24699 3 24840
1704 7 2917 6 3030
1705 40 27523 6 28194
1706 59 11162 2 12145
1707 38 10345 4 11260
1708 16 42725 1 42851
1709 15 42725 3 43355
1710 25 18852 1 19107
1711 32 24986 1 25086
1712 16 54467 3 54635
1713 16 28850 2 29067
1714 7 18316 6 18455
1715 73 24731 2 24988
1716 55 16513 1 16602
1717 25 4195 1 4346
1718 18 47961 6 48278
1719 5 35005 1 35902
1720 25 40489 3 40810
1721 29 33136 2 33160
1722 23 10750 3 11544
1723 11 999 3 1036
1724 22 35339 1 35594
1725 18 3906 2 4076
1726 33 38536 7 38620
1727 52 50650 4 50695
1728 31 40279 2 40373
1729 62 37015 1 38012
1730 7 11035 2 11053
1731 31 44583 5 44793
1732 23 45432 7 45691
1733 29 44826 1 45402
1734 10 32483 1 32745
1735 17 30837 7 31728
1736 37 39395 2 39728
1737 11 13132 3 13379
1738 16 34689 3 34731
1739 33 1619 3 1884
1740 37 34242 1 34457
1741 70 52754 5 52790
1742 72 34577 3 34772
1743 18 9382 2 9513
1744 48 24418 7 24432
1745 55 45432 4 45722
1746 77 25560 2 25883
1747 54 14390 5 14588
1748 9 47563 1 47885
1749 15 52994 1 53784
1750 58 4195 4 4343
1751 25 51605 4 52358
1752 9 19860 3 20028
1753 58 11823 3 11992
1754 73 7631 2 7808
1755 71 586 3 655
1756 31 15404 2 15425
1757 79 14552 4 14708
1758 9 41214 1 41548
1759 23 7642 5 7887
1760 73 52754 2 52818
1761 33 4734 7 4963
1762 67 52164 4 52433
1763 16 26647 1 26910
1764 51 10074 4 10132
1765 58 49572 3 50368
1766 38 7240 4 7956
1767 46 10557 7 10769
1768 22 34305 2 34497
1769 76 42457 2 42665
1770 29 48341 1 48417
1771 9 8162 4 8356
1772 32 43661 4 43828
1773 63 28850 1 30088
1774 70 4416 3 4648
1775 29 35005 2 36283
1776 9 18852 3 19242
1777 59 23359 4 23676
1778 11 11477 3 12346
1779 63 6533 2 6556
1780 19 54353 6 54400
1781 31 47027 2 47138
1782 22 39071 2 39395
1783 23 42457 5 42759
1784 24 12145 1 12454
1785 55 8356 3 9035
1786 19 2685 7 2727
1787 63 45674 2 45887
1788 72 1269 2 1403
1789 48 14390 4 14421
1790 48 53210 3 53443
1791 59 30837 4 31548
1792 25 28850 6 29191
1793 48 24699 6 25524
1794 51 23359 4 24079
1795 11 52565 2 52723
1796 23 31071 3 31092
1797 36 25935 2 25964
1798 33 12159 2 13132
1799 4 18595 3 18718
1800 48 12159 6 12367
1801 59 40906 1 41124
1802 12 1619 4 1710
1803 77 48580 2 48871
1804 59 586 1 1199
1805 15 7973 5 8198
1806 22 34242 1 34305
1807 51 37397 1 37654
1808 16 5383 2 5414
1809 22 430 1 473
1810 38 23359 4 23973
1811 48 18852 6 19181
1812 42 12510 3 12741
1813 5 17164 2 17288
1814 48 31821 7 31952
1815 16 17164 2 17976
1816 16 24699 1 24962
1817 17 32755 3 33055
1818 70 19860 7 20136
1819 78 26837 3 27075
1820 17 5632 3 5882
1821 6 6588 7 6620
1822 68 5632 4 6489
1823 13 28850 1 29193
1824 29 38861 1 39008
1825 78 5632 5 5656
1826 5 54353 2 54854
1827 59 7240 3 7558
1828 70 37397 7 38378
1829 72 20060 1 20670
1830 60 16930 5 17116
1831 53 47288 2 47324
1832 40 49572 4 49727
1833 64 6339 6 6363
1834 11 12554 6 12867
1835 38 5383 4 5489
1836 46 13132 4 13193
1837 3 49572 5 49606
1838 40 9382 3 9592
1839 72 47027 1 47068
1840 20 10074 5 10315
1841 24 20778 5 21093
1842 35 23359 1 23584
1843 64 31821 5 32103
1844 25 50450 5 50627
1845 25 4195 4 4416
1846 45 27523 1 27561
1847 9 48320 2 48450
1848 25 7302 2 8798
1849 72 19488 2 19793
1850 31 54353 2 54428
1851 16 32131 1 32224
1852 55 2917 4 3071
1853 60 32131 1 32159
1854 22 25524 2 25620
1855 23 41124 4 41416
1856 5 4195 1 4439
1857 35 5383 3 5476
1858 57 1705 1 1932
1859 24 35774 2 35898
1860 54 45492 3 46324
1861 57 41407 1 41741
1862 45 39129 2 39359
1863 33 17597 4 18199
1864 63 19860 6 20024
1865 58 39395 5 39737
1866 40 219 5 568
1867 48 34921 5 34940
1868 18 6046 5 6369
1869 72 14102 2 14431
1870 54 47563 3 47665
1871 27 35615 3 35735
1872 1 48341 4 48400
1873 9 9382 2 9643
1874 32 35950 3 36168
1875 23 1960 4 2202
1876 13 35637 3 35732
1877 20 44583 4 44920
1878 25 37015 3 37571
1879 73 10557 1 10835
1880 46 8356 3 8659
1881 63 54719 3 55053
1882 29 21639 2 21703
1883 53 18595 2 18874
1884 25 49572 2 49754
1885 78 44826 2 45454
1886 16 4195 3 4387
1887 51 42883 1 43015
1888 62 35637 3 35735
1889 36 4195 1 5191
1890 63 34012 6 34294
1891 35 586 3 825
1892 15 51847 6 52154
1893 1 17969 6 18128
1894 49 19488 1 19618
1895 73 9643 1 9742
1896 73 34684 2 34989
1897 5 32755 1 32875
1898 42 6046 5 6293
1899 29 19488 1 19790
1900 45 35005 1 35620
1901 77 19488 1 19669
1902 74 43661 7 44456
1903 62 45432 4 45575
1904 16 53180 1 53515
1905 16 45492 1 45559
1906 59 16914 4 17627
1907 63 7976 6 8246
1908 9 15989 1 16177
1909 46 5706 6 5754
1910 25 6215 3 6839
1911 43 44368 1 44524
1912 5 43661 1 43801
1913 63 50381 6 50451
1914 54 44971 1 45100
1915 71 999 2 1239
1916 38 19860 8 20129
1917 29 6215 1 6377
1918 16 2111 1 2276
1919 39 10750 2 10880
1920 64 23359 4 23638
1921 35 18457 5 19343
1922 63 35950 3 35961
1923 33 4195 7 4480
1924 25 40810 1 41529
1925 78 1566 1 2172
1926 58 15624 1 15784
1927 5 5632 1 7335
1928 60 35339 5 35426
1929 29 47027 2 47691
1930 43 35244 2 35375
1931 57 42883 2 42986
1932 4 18852 3 19058
1933 39 35774 3 36119
1934 59 53029 4 53344
1935 73 48627 2 48692
1936 46 37571 4 37694
1937 31 10874 7 10951
1938 45 35620 2 35879
1939 76 41529 2 42270
1940 39 47563 3 47634
1941 39 43784 4 44059
1942 37 8241 2 8450
1943 32 7240 3 7469
1944 45 9801 2 9823
1945 29 38536 2 38653
1946 33 14802 5 15759
1947 31 17925 1 18236
1948 22 10345 2 10634
1949 17 44826 2 45115
1950 25 18316 5 18595
1951 23 33665 5 33829
1952 25 15989 4 16049
1953 4 35615 3 35759
1954 31 11823 6 11895
1955 5 44368 2 45137
1956 58 50650 8 50857
1957 12 34242 4 34576
1958 7 7973 3 8029
1959 16 5632 1 5744
1960 25 17475 5 17568
1961 48 20014 4 20165
1962 18 14137 1 14474
1963 71 27808 1 28396
1964 3 42725 5 43607
1965 9 12554 7 12842
1966 41 11035 3 11325
1967 35 5828 5 6521
1968 30 54594 6 54777
1969 35 16513 3 17267
1970 2 11035 3 11687
1971 78 21607 5 21812
1972 15 26647 5 26770
1973 15 20630 2 20714
1974 29 26647 1 26862
1975 65 20128 2 20881
1976 31 5383 1 6145
1977 15 17925 4 18683
1978 51 115 1 249
1979 46 18852 6 19136
1980 56 35339 2 35527
1981 54 40489 5 40522
1982 22 8241 2 8969
1983 22 47631 1 47874
1984 31 477 1 510
1985 7 45432 2 45576
1986 15 20778 8 21075
1987 63 43768 4 44110
1988 72 7642 2 8585
1989 72 35637 1 35762
1990 33 6588 1 7413
1991 15 545 3 1299
1992 23 18152 5 19122
1993 9 25935 8 26901
1994 77 596 2 713
1995 22 50608 2 50898
1996 75 4416 3 4544
1997 21 9382 2 9649
1998 5 37015 1 37366
1999 9 14102 2 14137
2000 9 39461 1 40060
2001 7 31305 2 31561
2002 43 18852 2 19192
2003 77 38861 2 39147
2004 65 2685 1 3388
2005 59 20128 2 20497
2006 63 16513 1 16714
2007 31 2685 1 2996
2008 16 25299 1 25527
2009 72 35992 1 36114
2010 21 15404 3 15567
2011 57 15404 1 15548
2012 5 39566 1 39906
2013 47 34012 2 34307
2014 16 7976 1 8381
2015 35 32755 1 32919
2016 25 24699 2 25539
2017 68 41407 6 42012
2018 29 20630 2 20655
2019 55 47288 3 47440
2020 64 32755 4 32953
2021 4 20630 1 20702
2022 77 5632 2 6870
2023 27 42725 1 43621
2024 22 47027 1 47288
2025 63 24731 2 24961
2026 10 11823 2 11982
2027 41 37015 4 37156
2028 63 48755 2 49441
2029 7 24731 6 24975
2030 54 35005 5 35058
2031 48 262 1 413
2032 63 5383 2 5673
2033 17 34012 4 34256
2034 79 40489 3 40803
2035 31 9382 5 9632
2036 35 34684 1 35395
2037 25 34921 6 35170
2038 72 26647 2 26773
2039 34 53072 5 53804
2040 31 10557 2 10808
2041 57 32483 1 32520
2042 22 17565 1 17626
2043 43 38536 1 38722
2044 11 10345 6 10388
2045 68 18595 1 18922
2046 22 7302 1 7865
2047 57 741 1 852
2048 25 50381 2 50450
2049 55 48320 3 48638
2050 17 18852 7 19025
2051 28 52565 1 53426
2052 18 52409 7 52624
2053 25 38536 4 38861
2054 59 37571 5 37730
2055 63 20060 3 20249
2056 77 27523 2 27634
2057 29 6215 1 7053
2058 30 47885 6 48075
2059 70 19488 3 19793
2060 2 23359 1 23441
2061 5 39224 2 39546
2062 33 43661 7 43908
2063 4 34012 2 34289
2064 71 48755 2 49711
2065 72 41403 2 41507
2066 68 53180 1 53482
2067 16 18257 1 18575
2068 17 35244 3 35328
2069 4 37397 2 37419
2070 15 54353 3 54457
2071 25 28387 1 28443
2072 25 9470 2 9482
2073 35 52709 1 52720
2074 25 11823 5 12077
2075 55 42457 1 42655
2076 31 37571 6 37602
2077 24 67 4 875
2078 71 34242 2 34364
2079 35 24015 5 24104
2080 25 14102 1 14414
2081 16 51281 2 51459
2082 37 15624 1 16486
2083 49 7631 2 7843
2084 2 33136 2 33276
2085 59 38861 2 39867
2086 9 44583 1 44679
2087 70 17969 3 18701
2088 22 5632 3 5706
2089 72 38861 3 39634
2090 29 25409 1 26209
2091 45 42457 1 43264
2092 9 23469 1 23508
2093 16 5944 1 5981
2094 60 24731 7 25012
2095 5 10345 1 10435
2096 77 35960 2 36310
2097 14 10750 1 11048
2098 21 37571 7 37621
2099 48 14102 4 14390
2100 7 28265 2 29129
2101 6 19860 7 20674
2102 32 15624 5 15845
2103 78 14102 4 14414
2104 22 17515 1 17925
2105 42 34684 1 34813
2106 58 5632 2 5828
2107 77 45432 1 45496
2108 2 34012 1 34079
2109 23 32755 1 33665
2110 44 34921 3 34970
2111 55 50955 3 51221
2112 9 52709 1 52941
2113 72 30993 1 31045
2114 7 15624 5 15810
2115 32 10557 5 10594
2116 78 5656 7 5703
2117 25 17969 2 18316
2118 78 40810 4 41132
2119 10 52915 2 53825
2120 11 42642 7 42684
2121 48 31305 8 31371
2122 23 50608 1 50755
2123 49 52409 3 53132
2124 29 53072 1 53188
2125 33 41 3 91
2126 57 35637 2 35696
2127 74 27507 4 27625
2128 33 30837 4 31073
2129 72 54353 2 55168
2130 48 18257 7 18268
2131 52 32755 1 32874
2132 25 2917 2 3719
2133 73 2917 3 3242
2134 2 47563 3 47613
2135 3 21639 5 21683
2136 29 34012 2 34067
2137 33 45432 7 45499
2138 21 40528 6 40871
2139 47 17976 4 18179
2140 25 9482 6 10345
2141 54 41124 2 42030
2142 25 39461 4 39560
2143 75 53344 6 53569
2144 9 1566 1 2685
2145 38 32404 4 32590
2146 36 38861 4 39061
2147 42 53344 4 54002
2148 50 24015 1 24859
2149 15 35637 7 35765
2150 39 10345 2 10511
2151 24 45432 4 45625
2152 4 54493 2 54703
2153 77 27634 1 27784
2154 45 47563 2 47656
2155 24 14552 3 14898
2156 48 45432 7 45760
2157 40 47885 2 48575
2158 5 10673 2 10960
2159 22 32131 1 32172
2160 24 17164 5 17954
2161 14 23359 1 23432
2162 13 38861 3 39206
2163 45 18852 1 19105
2164 16 38861 1 38969
2165 31 2147 4 2424
2166 55 53210 1 53368
2167 7 50608 2 50747
2168 72 25560 2 25845
2169 23 6339 3 6642
2170 17 52709 5 53466
2171 58 16714 6 16725
2172 25 51281 2 51311
2173 32 38861 5 38958
2174 22 27523 2 27870
2175 17 38861 5 39005
2176 4 14102 1 14344
2177 25 40528 1 40735
2178 51 43661 1 43787
2179 37 17925 1 17945
2180 4 7642 3 7879
2181 33 250 4 325
2182 72 34012 1 34319
2183 48 37571 4 37837
2184 46 7973 3 8174
2185 16 53180 1 54467
2186 73 40279 3 40577
2187 72 42457 2 42730
2188 66 20630 5 20925
2189 31 33028 2 33991
2190 20 7976 2 8207
2191 11 16149 2 16352
2192 25 32131 3 33027
2193 32 34242 6 34393
2194 16 49572 1 49703
2195 33 42188 2 42344
2196 22 32483 2 32634
2197 22 14137 1 14711
2198 60 5706 7 5828
2199 32 5632 5 5918
2200 22 15542 2 15855
2201 9 12077 1 12420
2202 72 11823 3 12078
2203 59 50955 1 51794
2204 25 35832 4 36540
2205 15 50615 6 50927
2206 31 16513 4 16790
2207 25 54769 1 56193
2208 25 11039 1 11823
2209 46 999 2 1685
2210 15 31305 5 31316
2211 11 9382 2 9712
2212 48 12510 5 12553
2213 46 9470 6 9783
2214 16 38969 1 39025
2215 73 42725 2 42766
2216 77 2111 2 2138
2217 51 9470 1 9633
2218 32 27507 1 28471
2219 2 45492 3 45686
2220 7 4416 2 4679
2221 56 32131 2 32293
2222 32 14552 4 14720
2223 59 34577 2 35442
2224 36 47675 1 47741
2225 19 49674 1 49863
2226 71 44368 1 44597
2227 54 50381 4 50711
2228 22 14158 1 14934
2229 79 45432 3 46319
2230 15 38861 5 39728
2231 78 586 7 761
2232 71 54635 1 56087
2233 37 5706 1 5985
2234 75 44583 7 44702
2235 26 48580 1 48867
2236 59 110 3 185
2237 51 44583 1 45307
2238 46 17597 4 17780
2239 15 9801 1 10059
2240 25 10557 3 10750
2241 33 32755 5 32794
2242 36 16714 3 17520
2243 32 23359 6 23412
2244 22 39008 1 39040
2245 43 7240 2 8178
2246 58 44583 5 45577
2247 61 15624 6 15909
2248 63 41529 4 41560
2249 40 2147 1 2492
2250 22 34242 1 35370
2251 23 31831 4 32094
2252 25 25543 3 25854
2253 59 6215 3 6420
2254 70 48627 3 48754
2255 59 14317 1 14802
2256 46 24986 5 25312
2257 39 54719 3 54953
2258 48 33136 4 33470
2259 32 39461 3 40364
2260 45 25649 1 26645
2261 29 18457 2 18544
2262 29 40489 1 41257
2263 43 25935 1 26259
2264 40 40489 3 40833
2265 7 8241 1 8261
2266 54 24986 3 25333
2267 51 5656 1 5836
2268 51 31821 3 32710
2269 6 5383 4 6058
2270 48 6046 3 6339
2271 70 35960 6 36023
2272 15 16177 1 16506
2273 7 7973 3 8016
2274 63 15989 6 16321
2275 50 45432 1 45459
2276 19 54493 7 54693
2277 1 44716 5 44843
2278 22 39461 1 39566
2279 25 2147 4 2495
2280 48 36075 1 36089
2281 7 34684 3 34773
2282 50 34242 4 34482
2283 55 5632 3 6582
2284 63 10345 2 10673
2285 16 54635 3 54984
2286 11 30993 5 31239
2287 7 23359 6 23402
2288 18 7973 3 8115
2289 68 31305 4 31650
2290 33 52565 5 52693
2291 41 49572 5 49687
2292 16 47027 1 48794
2293 50 44583 4 45410
2294 16 27634 1 27939
2295 57 5656 1 6394
2296 59 36159 2 37015
2297 55 7240 2 7377
2298 54 48627 2 48708
2299 58 34577 4 34878
2300 23 1270 8 1401
2301 25 21639 1 21786
2302 51 30837 3 31746
2303 71 12604 1 12767
2304 45 23359 2 23627
2305 50 42725 2 43000
2306 59 24015 2 24253
2307 40 32755 4 33395
2308 9 15624 1 15646
2309 58 47563 1 47771
2310 49 44368 5 44608
2311 63 33028 1 33099
2312 55 19799 4 20068
2313 22 34684 1 34774
2314 5 34242 1 34345
2315 54 31071 1 31164
2316 71 40810 1 40969
2317 16 17515 2 17664
2318 9 18257 5 18372
2319 25 37571 6 37866
2320 25 34012 5 34242
2321 60 20060 3 20671
2322 59 24731 1 24999
2323 38 14677 4 14787
2324 3 48469 3 48790
2325 18 15404 5 15731
2326 17 25409 1 26134
2327 9 8356 3 8561
2328 46 40489 4 40540
2329 38 48580 2 48689
2330 31 18257 3 18360
2331 16 31723 2 32488
2332 39 44368 1 44563
2333 7 47563 3 47654
2334 16 7631 3 7642
2335 19 586 5 1541
2336 45 19860 2 20747
2337 53 5383 1 5425
2338 17 17597 4 17708
2339 63 41124 4 41256
2340 15 35339 7 35624
2341 16 31071 2 31723
2342 40 25032 5 25375
2343 22 18257 1 18368
2344 18 48627 6 48943
2345 9 35684 1 38284
2346 29 52409 1 52565
2347 25 35637 1 35832
2348 11 5632 2 5764
2349 58 7976 6 8654
2350 7 30837 2 31159
2351 8 16714 4 17630
2352 77 37015 1 37634
2353 18 34012 6 34154
2354 24 18852 5 18924
2355 11 7973 2 8041
2356 32 15989 1 16248
2357 58 10673 3 10718
2358 22 53069 1 53210
2359 31 6531 4 7374
2360 9 10557 4 10881
2361 50 15989 4 16139
2362 45 50450 2 52654
2363 77 54635 2 54989
2364 53 48580 2 48912
2365 77 12077 2 12322
2366 23 34577 3 34744
2367 20 12554 2 13339
2368 46 25649 7 25869
2369 13 39461 2 39593
2370 79 10557 3 10764
2371 63 50955 1 51056
2372 25 23359 2 23477
2373 7 15989 4 16059
2374 59 45432 1 47027
2375 29 32483 2 33136
2376 12 10074 4 10724
2377 2 39395 3 39413
2378 11 10557 2 11416
2379 7 5632 3 5906
2380 11 39025 3 39303
2381 54 10575 3 10701
2382 57 630 1 678
2383 32 31821 2 31888
2384 15 52164 8 52949
2385 16 50608 1 50887
2386 59 42457 4 42725
2387 19 51794 6 52647
2388 31 44368 2 44473
2389 21 32755 1 33003
2390 37 31821 2 32072
2391 51 14317 3 14542
2392 22 1595 1 2111
2393 9 16513 1 16983
2394 61 25935 6 26070
2395 12 16513 6 16625
2396 33 42457 1 43269
2397 23 47961 7 48813
2398 9 38536 1 39406
2399 44 17515 4 18376
2400 25 41529 1 42463
2401 32 37397 6 38355
2402 19 50528 2 50550
2403 16 23359 1 23391
2404 16 52011 1 52620
2405 2 42117 3 42817
2406 47 20778 4 21105
2407 11 18901 4 18955
2408 55 34308 1 34403
2409 12 14102 6 14139
2410 51 594 4 673
2411 20 32822 4 33484
2412 17 24367 6 24655
2413 20 35594 2 36212
2414 77 4195 1 4533
2415 11 42725 2 43489
2416 33 28387 2 29318
2417 49 40810 5 40970
2418 21 23359 4 23370
2419 56 5405 2 5440
2420 68 24961 5 25111
2421 48 5383 5 5405
2422 25 40810 5 41443
2423 46 18257 7 18569
2424 54 28265 4 28363
2425 14 34012 2 34251
2426 35 54635 3 54742
2427 25 16379 1 16747
2428 9 27507 1 27523
2429 42 43768 2 44062
2430 4 32755 2 32875
2431 48 16847 1 17164
2432 33 10345 4 10556
2433 16 34012 2 34142
2434 25 12554 1 14001
2435 33 47563 4 48455
2436 32 17597 3 18386
2437 9 33136 1 34473
2438 31 4 1 286
2439 54 31305 4 31467
2440 25 48627 1 48956
2441 29 50450 2 50758
2442 54 10345 2 10569
2443 2 18595 2 19588
2444 47 37571 3 37726
2445 46 16914 3 17165
2446 28 37571 2 37822
2447 22 53180 1 54353
2448 23 34627 4 34965
2449 33 18595 3 18852
2450 9 15646 5 15949
2451 42 48469 1 48514
2452 58 5383 5 5401
2453 51 18595 3 18874
2454 22 25032 3 25136
2455 73 1595 3 2383
2456 58 32483 3 32768
2457 71 32131 1 32369
2458 49 6420 5 7378
2459 9 16177 7 16467
2460 1 35339 6 36169
2461 9 5632 3 5935
2462 17 27523 2 27679
2463 59 239 3 545
2464 59 15989 3 16178
2465 22 41548 1 41840
2466 19 47563 7 47879
2467 25 16847 3 17196
2468 33 51605 6 51646
2469 31 31071 2 31170
2470 5 999 1 1629
2471 33 34577 3 34600
2472 31 7976 8 8199
2473 79 4195 3 4975
2474 20 39071 3 39945
2475 18 14552 2 14818
2476 31 341 3 368
2477 22 51364 3 51548
2478 21 18257 1 18467
2479 43 39025 1 39223
2480 76 999 2 1120
2481 33 14102 4 14116
2482 25 40279 1 40528
2483 38 5944 4 5980
2484 54 3906 5 4836
2485 73 32483 2 32524
2486 22 38861 1 38989
2487 25 25543 1 25719
2488 15 13132 1 13384
2489 15 17164 1 17515
2490 55 37571 1 37834
2491 15 19799 6 19947
2492 72 49572 3 50497
2493 32 586 4 1418
2494 61 11823 5 11994
2495 39 1566 1 1914
2496 71 41124 2 41424
2497 7 19488 4 19696
2498 70 68 3 284
2499 11 14145 3 14155
2500 43 11823 1 12029
2501 29 41791 1 42712
2502 31 43661 2 43880
2503 70 586 4 912
2504 74 262 1 377
2505 12 24015 4 24293
2506 9 18227 8 18257
2507 59 54353 2 55126
2508 49 18316 1 19231
2509 58 52620 6 53446
2510 5 24015 2 24344
2511 48 52994 3 53316
2512 9 49572 4 49848
2513 9 28265 1 30837
2514 12 51605 4 51639
2515 42 50955 5 51595
2516 12 16847 3 16884
2517 29 7973 1 8292
2518 33 44583 3 44675
2519 71 11035 2 11205
2520 46 7631 5 7899
2521 18 41407 6 41434
2522 14 62 1 214
2523 36 19488 4 20455
2524 51 18595 1 18903
2525 3 18595 3 18694
2526 74 28850 4 29573
2527 27 47885 3 48131
2528 40 54353 2 54701
2529 70 24015 4 24913
2530 11 47563 3 47889
2531 16 20128 2 20198
2532 72 32755 1 33487
2533 15 30837 3 30993
2534 39 34242 6 34432
2535 23 10074 4 10283
2536 43 26 1 184
2537 29 11035 1 11177
2538 55 34684 4 34933
2539 63 16714 2 17126
2540 71 34921 2 35810
2541 31 24015 2 24092
2542 7 35960 4 36012
2543 37 54635 1 54926
2544 9 40489 1 41137
2545 16 40489 2 40675
2546 22 6925 2 7240
2547 30 32755 1 32973
2548 9 42638 6 42724
2549 78 202 2 368
2550 16 11039 2 11336
2551 12 33028 8 33891
2552 14 7973 2 8102
2553 11 15404 5 15579
2554 40 37015 3 37280
2555 79 5828 4 6822
2556 72 40810 1 40849
2557 31 999 6 1289
2558 9 10074 5 10178
2559 35 44583 3 45432
2560 25 18595 3 18851
2561 22 35950 1 36075
2562 50 31455 3 31754
2563 72 2917 3 2984
2564 7 44583 3 44901
2565 33 18227 6 18436
2566 65 35244 1 35506
2567 38 50608 3 50619
2568 64 20778 6 20986
2569 46 10074 5 10235
2570 5 52915 1 53923
2571 57 52620 1 53381
2572 2 4195 1 4441
2573 59 7558 2 8465
2574 72 9470 2 9720
2575 47 11477 4 11815
2576 16 19488 1 19499
2577 15 15624 6 15649
2578 16 9382 2 10344
2579 75 10345 4 10681
2580 17 14677 1 14942
2581 78 38861 5 39171
2582 30 34012 5 34117
2583 25 24015 4 24346
2584 22 25935 2 26883
2585 39 11823 6 11906
2586 22 41403 2 42117
2587 72 7240 2 7431
2588 58 261 1 299
2589 48 1705 3 1849
2590 16 37015 2 37103
2591 42 54594 2 54671
2592 63 23467 5 24386
2593 11 31821 1 32102
2594 13 50608 1 50816
2595 55 999 4 1933
2596 16 25032 1 25115
2597 60 35992 2 36138
2598 27 17164 3 17389
2599 48 41134 7 41406
2600 31 14102 1 14879
2601 40 999 4 1758
2602 71 31598 3 31932
2603 31 45432 2 45699
2604 27 14802 2 14830
2605 25 44368 4 44583
2606 51 10557 1 10734
2607 25 35244 1 35339
2608 31 30878 2 31066
2609 4 24731 1 25042
2610 43 35615 2 35789
2611 9 45674 1 45825
2612 16 11477 1 11848
2613 24 34305 5 35193
2614 16 259 1 1245
2615 64 4734 7 5519
2616 71 19799 1 20766
2617 72 35774 4 35840
2618 47 16914 2 17139
2619 59 50608 3 50741
2620 40 50650 2 50730
2621 63 9470 1 9811
2622 16 34242 3 34577
2623 9 23359 1 23469
2624 71 54353 2 54545
2625 78 32483 2 32818
2626 31 49572 5 49884
2627 63 10673 4 11035
2628 43 43661 2 43994
2629 63 35339 5 36247
2630 40 11035 2 11194
2631 63 18595 7 19488
2632 48 5405 8 6046
2633 11 48580 4 48877
2634 11 14677 2 14817
2635 59 999 1 1077
2636 22 34921 2 35244
2637 63 10074 1 10188
2638 31 11477 7 11547
2639 32 25649 1 25782
2640 54 416 1 758
2641 41 1269 5 1457
2642 22 7642 2 7856
2643 63 37397 7 37596
2644 68 41134 5 41346
2645 59 41319 4 42065
2646 19 45492 4 46362
2647 7 10557 2 10903
2648 25 8356 4 8669
2649 63 14677 6 14688
2650 7 4195 4 4351
2651 24 35950 4 36270
2652 74 34627 1 34708
2653 49 2147 2 2353
2654 46 5632 6 5671
2655 45 37133 2 37611
2656 68 44368 2 44379
2657 57 14317 2 15271
2658 29 15624 1 16557
2659 78 35339 7 35577
2660 58 31821 3 32046
2661 40 25649 3 25901
2662 55 33136 3 33270
2663 9 19860 4 20060
2664 55 34403 3 34661
2665 60 52915 1 53016
2666 16 44716 1 44879
2667 29 31305 1 31475
2668 54 18257 5 18557
2669 42 38861 4 39182
2670 48 51847 3 51950
2671 45 15404 1 15781
2672 39 11039 6 11817
2673 29 50758 1 50906
2674 55 35960 3 36186
2675 59 30837 1 31330
2676 20 34242 4 34316
2677 71 25935 2 26046
2678 44 54635 6 54763
2679 29 41319 1 41686
2680 42 42725 3 42809
2681 5 50381 2 50618
2682 22 47288 1 47363
2683 25 26837 5 27507
2684 51 24961 3 25250
2685 43 10673 2 10686
2686 71 44716 2 44854
2687 29 5706 1 6030
2688 47 38536 2 38836
2689 18 24699 4 25004
2690 22 27634 1 27988
2691 48 35774 6 35846
2692 40 41548 6 42518
2693 78 17515 2 17824
2694 52 27576 3 27705
2695 48 4416 3 4734
2696 78 33028 5 33316
2697 15 23359 1 24580
2698 63 7240 2 7560
2699 25 13132 3 13411
2700 78 25032 6 25267
2701 40 38861 3 39649
2702 16 35339 1 35551
2703 29 8356 2 8974
2704 33 41529 3 41791
2705 23 54635 5 54719
2706 44 34242 3 34538
2707 25 42883 1 43111
2708 9 15 1 109
2709 14 37397 2 37553
2710 69 31831 8 32166
2711 46 37015 1 37111
2712 63 34921 1 35261
2713 22 53210 2 53617
2714 21 48580 1 48829
2715 49 17515 4 17801
2716 59 18152 2 18509
2717 29 23359 1 23554
2718 62 10345 2 10630
2719 15 34012 2 34199
2720 29 23359 1 23649
2721 33 51794 3 51972
2722 31 20014 4 20297
2723 80 10345 1 10598
2724 58 17925 4 18224
2725 19 15624 4 16413
2726 20 45432 5 45547
2727 11 1036 7 1218
2728 72 23359 3 23567
2729 20 52565 3 52851
2730 11 26837 1 27676
2731 68 35339 6 35686
2732 54 12077 4 12268
2733 21 7631 4 7789
2734 40 34242 1 34257
2735 22 50615 1 50965
2736 12 41214 6 41980
2737 33 6577 4 6588
2738 9 51658 4 51922
2739 38 39461 6 40274
2740 63 32131 5 32480
2741 9 50955 1 51658
2742 9 21607 4 21741
2743 22 42188 2 42332
2744 25 54353 4 55046
2745 16 50758 1 50882
2746 71 17515 2 17583
2747 32 20630 1 20893
2748 43 38861 2 38957
2749 73 26837 2 26933
2750 55 50650 1 50780
2751 15 28265 3 28388
2752 22 16122 1 16379
2753 79 1566 2 2538
2754 25 630 3 741
2755 30 40279 6 41136
2756 9 6215 1 7186
2757 16 40810 2 40996
2758 9 17925 1 18227
2759 15 21639 8 21899
2760 59 47027 4 47356
2761 16 10709 2 10779
2762 16 54353 1 54406
2763 74 26837 1 26910
2764 38 7973 8 8012
2765 17 32483 4 32604
2766 77 25935 1 26077
2767 41 25032 3 25304
2768 59 25299 2 25314
2769 68 11850 4 12120
2770 72 10750 4 10861
2771 25 4734 1 5390
2772 43 45492 2 46336
2773 42 4734 3 4899
2774 48 17164 3 17180
2775 56 49572 1 49623
2776 58 9382 3 9399
2777 71 34600 2 34843
2778 33 39025 6 39151
2779 15 7631 4 7973
2780 17 48320 3 48487
2781 4 5706 3 6450
2782 58 35960 2 36091
2783 9 11823 4 11882
2784 33 32131 3 32279
2785 29 586 2 805
2786 63 12554 4 12622
2787 63 6215 1 6456
2788 68 52709 1 52936
2789 60 31305 3 31431
2790 59 28265 1 28750
2791 39 30878 3 31624
2792 18 16714 1 17541
2793 46 26647 3 26749
2794 11 34242 2 34329
2795 46 9801 3 9923
2796 29 36283 1 36403
2797 68 54493 4 54677
2798 40 25524 7 25627
2799 4 48627 1 48826
2800 9 11039 1 11520
2801 54 47027 3 47272
2802 77 7240 1 7512
2803 46 32404 2 33131
2804 22 41134 1 41403
2805 23 51794 8 51955
2806 59 33136 3 33390
2807 25 31455 5 31670
2808 67 7973 5 8237
2809 16 18595 1 19393
2810 19 18595 5 18758
2811 68 20778 6 20880
2812 51 41137 1 41463
2813 33 19488 4 20381
2814 71 18595 2 19104
2815 51 39025 3 39210
2816 32 4195 5 4541
2817 25 39275 2 40217
2818 33 39224 2 39844
2819 68 14421 6 14642
2820 51 32755 2 32858
2821 4 545 2 787
2822 23 16513 8 16689
2823 7 27523 3 27650
2824 27 35442 2 35470
2825 23 34308 2 34600
2826 33 34242 5 34409
2827 16 25409 1 25543
2828 72 2111 1 2256
2829 29 24343 1 24367
2830 22 661 1 1126
2831 9 40279 1 40449
2832 15 37133 4 37372
2833 20 28850 2 29515
2834 70 27523 7 27785
2835 19 24986 3 25139
2836 71 26837 2 27594
2837 33 27808 1 28435
2838 9 48450 2 48755
2839 40 17565 2 17582
2840 37 48580 1 48817
2841 23 20060 1 20235
2842 49 21607 2 21911
2843 15 16513 4 16776
2844 32 10074 6 10316
2845 58 27523 2 27669
2846 55 14102 4 14410
2847 44 36075 5 36350
2848 53 54353 1 55307
2849 77 47027 1 47765
2850 37 11823 1 12015
2851 72 1566 2 1874
2852 51 11035 3 11978
2853 60 24015 4 24104
2854 66 24986 4 25028
2855 70 23359 5 23612
2856 11 43661 2 44646
2857 22 32755 3 33028
2858 17 14552 5 14568
2859 60 53072 7 53180
2860 30 44031 4 44101
2861 22 24961 2 25032
2862 25 33028 4 34012
2863 32 30993 6 31138
2864 61 27523 6 28208
2865 48 15404 8 15672
2866 9 44716 4 44829
2867 55 12145 3 12456
2868 37 37571 2 37656
2869 5 21607 1 22269
2870 71 25032 1 25424
2871 29 14102 2 14201
2872 18 40279 4 40442
2873 2 37015 2 37227
2874 5 7558 1 7785
2875 46 20630 3 20842
2876 37 16914 2 17189
2877 67 14102 4 14125
2878 59 4734 3 5016
2879 16 6533 1 7631
2880 68 23359 4 23666
2881 43 1705 1 1898
2882 63 27523 3 27679
2883 22 7240 3 7302
2884 4 9470 3 9755
2885 22 35244 2 35319
2886 11 50381 1 51030
2887 29 14317 1 14725
2888 46 53072 6 53129
2889 7 37571 5 37710
2890 40 586 8 908
2891 9 32131 1 33088
2892 31 38620 4 38683
2893 48 8416 1 9375
2894 55 11035 2 12030
2895 7 6215 1 6553
2896 54 48755 4 48939
2897 33 49572 4 50528
2898 29 47885 2 47916
2899 78 23359 1 23412
2900 39 18595 7 18944
2901 21 24731 6 25690
2902 4 25299 3 25321
2903 5 15404 2 15527
2904 59 32755 1 33663
2905 71 23359 1 23538
2906 63 43661 1 43768
2907 38 24015 8 24104
2908 29 43661 1 44561
2909 27 34308 3 35190
2910 60 11162 2 12100
2911 57 18901 2 19044
2912 22 308 2 661
2913 63 50608 6 50817
2914 68 38620 5 38732
2915 35 17976 4 18046
2916 72 17515 1 18360
2917 70 53188 6 53485
2918 11 2685 4 2909
2919 58 39769 2 39947
2920 9 586 6 1486
2921 25 386 4 477
2922 43 20128 2 20461
2923 33 15989 1 16125
2924 23 35669 3 35843
2925 56 545 2 1208
2926 16 12554 2 12807
2927 57 20179 1 20260
2928 75 31821 7 32044
2929 72 18595 4 18717
2930 59 6420 1 6728
2931 16 15662 1 15843
2932 7 17164 6 18050
2933 63 35992 3 36254
2934 48 25524 7 25596
2935 32 50608 3 50636
2936 35 9643 4 9846
2937 1 2147 7 2944
2938 57 50608 1 50902
2939 71 19488 3 19637
2940 33 20778 1 20980
2941 63 52915 1 53890
2942 78 16513 5 16728
2943 5 38620 1 38936
2944 65 35594 1 35852
2945 33 3906 7 3995
2946 78 10345 1 11339
2947 4 1705 2 1736
2948 54 52754 3 53022
2949 46 49572 3 49848
2950 45 53317 1 53478
2951 72 999 3 1058
2952 63 4416 7 4564
2953 65 32755 2 32792
2954 32 30837 6 30910
2955 68 32131 1 32383
2956 77 43661 1 43816
2957 3 5632 4 5654
2958 31 8798 8 9117
2959 45 15989 1 16452
2960 23 1830 2 1960
2961 1 13132 7 13280
2962 5 18595 2 18715
2963 13 30993 2 31044
2964 21 3906 7 4034
2965 18 50608 7 51517
2966 44 4734 8 5540
2967 25 11823 1 11938
2968 9 14137 5 15559
2969 51 14421 1 14636
2970 11 35 5 284
2971 59 53344 1 54292
2972 33 54353 1 55308
2973 25 43661 2 43817
2974 49 24731 2 25524
2975 58 7302 4 7647
2976 7 52994 6 53180
2977 23 24015 4 24699
2978 31 27576 5 27825
2979 45 17515 2 18300
2980 29 24367 1 24988
2981 50 1269 2 1404
2982 16 39224 2 39446
2983 18 10074 7 10387
2984 22 36075 1 36479
2985 29 53188 1 53261
2986 33 16149 2 16521
2987 7 34012 4 34269
2988 20 27523 2 28404
2989 71 33028 2 33065
2990 72 10345 3 10496
2991 36 12159 4 12451
2992 12 35615 6 36527
2993 24 35637 1 35705
2994 46 52565 3 52855
2995 5 31598 1 31727
2996 29 16557 1 18457
2997 23 14102 8 14158
2998 55 31305 3 31925
2999 21 51281 8 51417
3000 11 8356 5 8403
3001 63 3906 7 4195
3002 22 35774 3 35950
3003 55 44586 3 44769
3004 16 17976 3 18228
3005 33 34600 6 35553
3006 11 42457 5 42642
3007 9 11823 2 11937
3008 31 34242 3 34303
3009 37 8162 1 8241
3010 19 19860 2 19948
3011 75 39025 7 39861
3012 1 31071 6 31180
3013 59 43661 2 43784
3014 31 48627 5 48819
3015 57 37571 1 37727
3016 64 279 4 348
3017 25 10345 4 10557
3018 35 11477 2 11703
3019 47 5632 4 5978
3020 23 43661 7 43772
3021 29 25649 1 26861
3022 11 49572 4 49761
3023 22 9801 3 10070
3024 3 5383 1 5584
3025 63 4734 1 5038
3026 41 34921 2 35123
3027 60 5828 3 6055
3028 32 6215 5 7050
3029 72 37015 2 37935
3030 33 1269 3 1336
3031 63 9382 4 9470
3032 48 10345 1 10533
3033 45 49572 2 49884
3034 78 24699 6 24998
3035 79 39008 1 39062
3036 51 50608 4 50651
3037 14 24015 2 24323
3038 23 28265 6 28427
3039 2 32483 2 32675
3040 22 37133 2 37190
3041 78 54635 5 55599
3042 48 34921 1 34966
3043 31 41124 2 41342
3044 58 6588 3 6689
3045 32 18852 5 18965
3046 7 50955 5 51024
3047 16 23359 1 23814
3048 29 44583 1 44826
3049 9 34684 6 35547
3050 54 34242 4 34471
3051 22 23359 1 24015
3052 75 18595 6 18785
3053 29 34627 1 35005
3054 4 7302 1 7332
3055 43 16714 1 17013
3056 6 51794 4 51856
3057 9 9643 3 9895
3058 68 40279 4 40629
3059 59 12554 3 13296
3060 7 25649 4 26291
3061 47 40279 3 40323
3062 43 40489 2 40591
3063 33 5721 7 5877
3064 68 20060 2 20242
3065 78 5383 7 5413
3066 15 34308 2 35153
3067 41 15989 5 16029
3068 2 49572 3 49920
3069 20 1269 2 1495
3070 58 5828 8 6105
3071 21 47027 1 47358
3072 70 10557 7 10792
3073 22 16557 2 16841
3074 9 44368 1 44396
3075 75 14137 6 14235
3076 72 5383 2 5702
3077 33 14137 1 14195
3078 12 16930 1 17638
3079 58 42725 4 43020
3080 20 34627 4 34758
3081 38 50650 8 51391
3082 64 27808 6 27938
3083 67 48469 6 48580
3084 9 42725 4 43661
3085 55 4416 1 4757
3086 17 9382 6 9410
3087 72 52709 4 53471
3088 19 11477 8 11681
3089 18 47027 7 47104
3090 9 8798 2 9098
3091 18 54493 2 54751
3092 54 32755 1 33373
3093 16 5981 1 6533
3094 41 44583 4 44793
3095 63 42883 4 42925
3096 23 19860 4 19960
3097 43 35960 1 36827
3098 78 41134 2 41147
3099 11 6046 6 6655
3100 63 51056 7 51087
3101 78 37015 3 37300
3102 29 7240 1 7491
3103 71 52409 2 52582
3104 40 5828 1 5839
3105 53 14421 1 14593
3106 54 25935 2 25999
3107 16 34921 1 35542
3108 29 37397 1 37494
3109 58 25054 2 26023
3110 70 35017 3 35212
3111 58 19860 7 19987
3112 72 43661 1 43886
3113 5 41319 2 41614
3114 22 14158 1 15989
3115 63 35684 2 35852
3116 63 17164 5 17475
3117 54 42188 5 42493
3118 21 2685 7 2727
3119 40 10673 5 10844
3120 31 18257 4 18469
3121 77 24986 2 25377
3122 71 30837 1 30927
3123 64 19488 4 19638
3124 16 42457 1 42823
3125 9 27523 6 27848
3126 48 4734 5 4915
3127 33 27523 1 28274
3128 40 10345 2 10647
3129 40 41124 7 41310
3130 17 47563 4 47891
3131 51 12554 1 12652
3132 5 9382 1 9675
3133 59 25032 2 25652
3134 53 34921 3 34971
3135 23 17565 2 17843
3136 31 24961 5 25893
3137 20 12159 4 12191
3138 60 52915 5 52965
3139 16 37571 1 38437
3140 23 5632 4 5778
3141 18 219 5 441
3142 19 13132 6 13263
3143 1 33028 4 33279
3144 59 19488 3 19860
3145 65 52011 2 52160
3146 16 30993 1 31243
3147 25 32755 2 32822
3148 9 11937 7 12138
3149 17 14102 7 14345
3150 33 7240 3 7406
3151 16 35547 3 35707
3152 59 24699 1 25118
3153 9 51922 1 52440
3154 78 18595 1 18859
3155 67 42883 4 42913
3156 33 14552 6 14652
3157 24 44583 4 44684
3158 38 11477 5 11661
3159 25 8798 4 9470
3160 68 42188 4 42350
3161 57 35774 2 35862
3162 16 11823 2 12163
3163 25 25935 2 26064
3164 5 18852 1 19046
3165 9 19488 3 19535
3166 59 2685 1 2917
3167 44 50450 5 51252
3168 5 24367 1 24736
3169 59 52565 1 52915
3170 21 7973 1 8622
3171 70 54635 1 54656
3172 38 40279 5 40322
3173 71 169 2 351
3174 56 52754 1 53062
3175 59 1566 1 1998
3176 15 30993 4 31209
3177 25 14552 2 15404
3178 33 32755 2 32990
3179 22 51646 1 53069
3180 48 35992 1 36970
3181 51 25649 1 26455
3182 5 42457 1 43209
3183 25 26647 1 26722
3184 14 18227 2 18352
3185 77 169 1 497
3186 29 9382 1 10377
3187 40 5706 5 5765
3188 59 16513 3 16782
3189 9 30837 7 31020
3190 54 39275 2 40076
3191 37 7631 1 7892
3192 37 18901 2 18992
3193 51 40279 4 41018
3194 78 43661 5 43687
3195 60 35684 2 35865
3196 59 35684 4 35763
3197 63 42188 1 43403
3198 5 150 1 782
3199 49 10345 4 10540
3200 15 2685 3 3016
3201 32 42725 2 43002
3202 77 14102 2 14319
3203 25 52709 1 53641
3204 39 34684 3 35485
3205 24 35339 5 35554
3206 9 34577 2 34684
3207 43 52565 1 53298
3208 32 14102 6 14197
3209 45 10345 1 10936
3210 23 2917 2 3253
3211 29 24986 1 25033
3212 68 14677 4 15330
3213 63 47634 2 48320
3214 47 12554 2 12830
3215 51 27523 3 27719
3216 63 44368 3 44493
3217 22 48341 2 48567
3218 63 17976 4 18354
3219 11 31305 1 31448
3220 42 18227 3 18240
3221 48 2111 2 2165
3222 7 52409 5 52528
3223 65 41137 1 42058
3224 63 38536 1 40279
3225 71 11477 1 12376
3226 25 20014 6 20179
3227 9 20060 2 20311
3228 33 11959 3 12159
3229 23 38861 3 39207
3230 47 52620 4 52849
3231 16 41124 3 41407
3232 48 999 2 1269
3233 25 20179 1 20778
3234 57 32755 2 32893
3235 72 15989 1 16209
3236 48 18595 4 18802
3237 33 40279 3 40487
3238 72 80 1 976
3239 20 54594 3 55283
3240 15 11035 4 11970
3241 31 44826 8 44872
3242 55 25032 1 25054
3243 48 10874 3 11477
3244 21 35960 1 36293
3245 1 50608 7 50698
3246 32 18595 4 18668
3247 45 172 1 310
3248 52 18595 4 18832
3249 25 47675 2 48469
3250 59 4195 3 4458
3251 4 52565 3 52690
3252 68 21639 2 21836
3253 40 5632 1 5659
3254 29 2014 2 3304
3255 59 35615 1 35777
3256 41 34242 2 34388
3257 25 38861 2 39018
3258 38 54635 3 54887
3259 59 35777 2 36126
3260 48 53072 5 53154
3261 58 40489 8 40505
3262 33 35774 5 36077
3263 63 52565 4 52754
3264 19 14102 6 14210
3265 37 32131 1 32404
3266 2 17925 2 17959
3267 72 21639 2 22251
3268 13 27523 1 27601
3269 78 54353 2 54365
3270 55 52754 2 53023
3271 15 9045 1 9055
3272 33 44583 2 44719
3273 38 586 2 1385
3274 31 52409 8 52488
3275 63 44031 1 44305
3276 23 204 4 986
3277 54 19488 5 19608
3278 59 44368 1 44635
3279 74 19799 2 19919
3280 33 10810 4 10820
3281 35 35992 1 36005
3282 16 35017 1 35322
3283 14 2147 2 2369
3284 51 13132 4 13445
3285 24 31831 3 32769
3286 70 34242 5 34562
3287 58 41548 5 41717
3288 58 37571 4 37633
3289 39 999 7 1151
3290 29 53188 1 53368
3291 68 34012 3 34927
3292 16 4416 1 4696
3293 63 53180 3 53495
3294 72 51605 1 52313
3295 29 45432 1 45697
3296 22 7976 1 9382
3297 21 1566 5 1853
3298 17 586 7 758
3299 55 50608 3 50740
3300 59 24343 1 24504
3301 43 26837 2 26945
3302 51 14102 2 14190
3303 23 30993 1 31857
3304 16 21607 2 22886
3305 25 50955 1 51281
3306 42 37571 3 37638
3307 35 24699 4 25429
3308 49 31305 2 31517
3309 57 34305 1 34653
3310 72 44586 1 44713
3311 37 34627 2 34689
3312 25 12077 2 12301
3313 63 31071 2 31356
3314 33 10575 4 10684
3315 16 7675 3 7922
3316 42 10074 1 10149
3317 40 12077 7 12417
3318 68 11477 1 11638
3319 24 5706 2 5776
3320 20 21639 1 21700
3321 12 24986 8 25247
3322 70 38861 6 38986
3323 9 47885 7 48171
3324 47 49572 5 49894
3325 68 52565 4 52585
3326 22 47961 1 48341
3327 78 12510 2 13150
3328 25 44583 4 45492
3329 19 38861 1 39577
 调度评估结果
1. 任务等待评估 (Σ 等待×权重): 677936220
2. 任务完成评估 (最大完成时间): 56193
3. GPU显存空闲评估 (平均空闲): 16522.95 GB/时间片
 额外统计
已调度任务               : 3329/3329
平均等待时间            : 19292.98
各服务器任务分布      : 服务器1=14, 服务器2=26, 服务器3=16, 服务器4=37, 服务器5=73, 服务器6=9, 服务器7=63, 服务器8=2, 服务器9=108, 服务器10=6, 服务器11=84, 服务器12=35, 服务器13=13, 服务器14=21, 服务器15=76, 服务器16=119, 服务器17=39, 服务器18=46, 服务器19=32, 服务器20=43, 服务器21=33, 服务器22=133, 服务器23=77, 服务器24=34, 服务器25=142, 服务器26=1, 服务器27=17, 服务器28=11, 服务器29=104, 服务器30=12, 服务器31=93, 服务器32=56, 服务器33=110, 服务器34=7, 服务器35=37, 服务器36=16, 服务器37=35, 服务器38=39, 服务器39=29, 服务器40=58, 服务器41=16, 服务器42=39, 服务器43=52, 服务器44=10, 服务器45=48, 服务器46=51, 服务器47=21, 服务器48=93, 服务器49=26, 服务器50=15, 服务器51=56, 服务器52=11, 服务器53=17, 服务器54=62, 服务器55=52, 服务器56=10, 服务器57=36, 服务器58=50, 服务器59=123, 服务器60=35, 服务器61=10, 服务器62=8, 服务器63=110, 服务器64=16, 服务器65=10, 服务器66=7, 服务器67=15, 服务器68=38, 服务器69=1, 服务器70=43, 服务器71=78, 服务器72=66, 服务器73=23, 服务器74=12, 服务器75=19, 服务器76=9, 服务器77=55, 服务器78=63, 服务器79=15, 服务器80=2
