1 2 30759 7 30857
2 56 46552 4 46629
3 41 10315 2 10402
4 3 15098 2 15307
5 3 11973 5 12962
6 37 39531 1 39655
7 33 13357 1 13470
8 56 37633 2 37674
9 9 31167 6 31954
10 42 47059 2 47112
11 26 21662 2 21844
12 28 34575 1 34845
13 8 13779 3 13832
14 41 40134 1 40395
15 45 7497 5 7648
16 37 45429 1 45667
17 37 13202 5 13330
18 41 39679 1 41132
19 36 50697 4 50942
20 68 28523 2 28646
21 2 11584 1 11723
22 56 48667 2 48842
23 22 15232 2 15486
24 48 3311 1 3561
25 59 48355 3 48376
26 18 2057 4 2971
27 22 52158 1 52393
28 48 15232 2 15332
29 2 8758 4 8937
30 68 38293 3 38508
31 4 1092 1 1282
32 35 52648 2 52669
33 2 39191 1 40131
34 2 2499 1 2696
35 32 27455 1 27686
36 39 21373 5 21711
37 70 17853 2 18190
38 56 15098 3 15181
39 26 19633 1 19813
40 4 11218 1 11373
41 81 7668 5 7927
42 21 17318 2 17583
43 82 1166 5 1956
44 13 25490 6 25772
45 21 10181 4 10387
46 26 51372 1 51890
47 25 34761 3 35614
48 56 13202 2 13529
49 11 36500 6 36828
50 59 18075 1 18982
51 29 20171 2 20521
52 59 915 2 1669
53 37 39679 2 40023
54 41 8107 2 8408
55 2 42296 4 43101
56 16 16554 1 16644
57 50 39940 2 40079
58 62 26641 2 27066
59 82 36838 6 37032
60 70 18798 3 19085
61 47 30497 1 31179
62 57 1169 1 1317
63 84 49228 2 49385
64 73 43203 7 43307
65 62 46552 6 46779
66 53 27065 4 27137
67 2 24702 3 24899
68 50 15727 1 15817
69 4 14876 1 15204
70 26 52717 1 52742
71 74 2057 4 2232
72 24 32698 1 33361
73 57 13420 2 14413
74 33 19500 3 19732
75 59 28401 3 29156
76 59 37974 1 39362
77 13 22836 5 22911
78 25 5477 1 5745
79 73 19479 2 19798
80 45 5801 5 5821
81 68 38027 3 38136
82 32 24212 3 24237
83 21 7688 1 8057
84 4 28523 1 28558
85 21 2835 2 3057
86 73 9274 4 10164
87 24 23081 3 23251
88 48 27065 3 27244
89 30 46670 5 46993
90 37 38767 3 38934
91 76 52161 4 52410
92 59 10703 3 10777
93 59 39385 3 39526
94 78 49387 7 49694
95 35 40259 3 40486
96 70 22887 6 22959
97 4 4635 1 5323
98 65 8981 2 9153
99 59 48077 1 48163
100 50 3132 3 4090
101 41 18075 2 18926
102 14 14962 2 15137
103 59 24100 1 24418
104 33 6895 1 6905
105 50 52396 2 52677
106 45 23995 6 24114
107 10 46552 3 46702
108 21 6716 3 6988
109 26 17374 5 17557
110 51 31913 3 31999
111 57 32901 1 32991
112 50 6807 3 6842
113 76 52444 3 52564
114 7 24702 6 24926
115 4 24751 1 24959
116 37 1476 2 1722
117 56 8408 2 8539
118 35 1647 5 1734
119 69 12458 4 12730
120 28 54419 1 55321
121 13 37633 6 37654
122 50 19938 3 20286
123 73 37891 4 38171
124 26 1476 1 1494
125 48 15914 4 16175
126 53 26641 3 26734
127 21 19938 1 20541
128 81 37288 4 37603
129 45 7668 6 7694
130 25 5821 4 6073
131 68 22836 4 22887
132 65 31551 2 31608
133 21 54890 1 55107
134 30 39940 2 40919
135 8 37974 2 38137
136 81 55105 1 55410
137 62 31606 6 31667
138 21 21080 8 21423
139 26 32181 5 32333
140 45 34585 5 34603
141 77 1722 7 1971
142 68 46670 1 47320
143 33 17557 1 17709
144 70 19500 6 19828
145 2 55406 5 55750
146 73 43374 3 43395
147 12 3808 2 4021
148 33 55311 2 56229
149 68 38767 1 38963
150 10 6226 2 6288
151 21 41292 1 41447
152 37 26295 1 26641
153 37 48528 2 48614
154 53 10703 2 10934
155 41 19285 1 19500
156 79 41934 2 42230
157 26 4036 1 4177
158 55 48355 1 48556
159 42 30497 4 30763
160 42 24379 2 25260
161 68 41072 4 41292
162 64 38634 2 38745
163 68 1169 3 1444
164 4 41851 1 42823
165 37 3912 1 4043
166 13 9585 4 10541
167 70 10777 5 11625
168 59 206 2 271
169 13 2057 3 2394
170 26 10297 1 11049
171 8 47413 2 48365
172 59 31627 2 31676
173 2 33796 2 34226
174 26 25490 3 25703
175 2 38343 4 38558
176 59 27455 1 27471
177 7 48777 4 49118
178 42 17452 5 17545
179 37 40134 3 40944
180 81 1722 4 1935
181 4 37891 1 37971
182 33 39385 2 39509
183 42 21080 3 21893
184 45 45459 6 46081
185 22 2470 1 2718
186 57 29532 2 29762
187 68 34761 4 34875
188 45 8981 4 9072
189 13 36662 3 36816
190 54 57170 4 57248
191 29 47670 3 47903
192 41 29096 2 29319
193 59 52161 3 52316
194 2 47413 1 47483
195 26 47413 2 47618
196 23 46552 2 46687
197 26 46614 1 46765
198 79 50152 2 50981
199 72 45429 6 45484
200 2 35667 5 35886
201 33 27432 1 27547
202 25 41072 6 41154
203 61 52158 5 52474
204 4 38309 1 38511
205 84 13699 3 13743
206 32 4202 3 4529
207 18 4951 3 5279
208 42 34962 6 35281
209 69 349 2 1245
210 78 47974 3 48002
211 55 27842 2 27964
212 5 40259 2 40366
213 62 17853 6 17937
214 68 9635 2 9908
215 82 41334 5 41522
216 69 43575 1 43762
217 2 23772 4 24069
218 71 45429 3 45664
219 57 53752 2 54587
220 28 10197 5 10435
221 13 386 2 537
222 65 34575 3 34662
223 2 9585 1 9697
224 28 52053 4 52240
225 39 2263 1 2548
226 2 26714 1 27637
227 80 39114 4 39230
228 28 6226 1 6498
229 64 39679 4 39694
230 69 15851 3 16521
231 48 32698 1 32916
232 2 31913 6 32075
233 37 55838 1 57170
234 26 8408 4 9208
235 21 27000 4 27112
236 21 19633 2 19947
237 76 55311 3 55515
238 28 44781 1 45269
239 17 19501 1 19562
240 42 32741 6 32869
241 50 32698 4 32980
242 62 50697 4 50965
243 33 23995 4 24121
244 18 52396 3 52605
245 51 16554 1 16574
246 30 23229 1 23331
247 21 33796 7 33980
248 37 50799 3 51283
249 41 20123 2 20266
250 34 14876 1 14991
251 36 29588 6 29847
252 29 42694 1 43376
253 70 21813 4 22120
254 21 23305 5 23446
255 6 20739 4 20933
256 37 6638 3 6958
257 39 27065 2 27116
258 9 9948 5 10644
259 26 25239 2 25490
260 14 49228 2 49866
261 13 349 4 609
262 48 55421 4 55510
263 6 44122 3 44323
264 2 16527 1 16600
265 32 22836 6 22940
266 8 48667 1 48949
267 59 19479 2 20163
268 45 17572 4 17728
269 79 19285 2 19546
270 2 34575 6 34755
271 59 31167 2 31450
272 68 5801 2 6226
273 72 53931 1 54916
274 35 40944 6 41091
275 73 24100 1 24299
276 50 90 3 357
277 30 27065 2 27257
278 23 1722 2 1738
279 21 9487 1 10181
280 3 16554 4 16654
281 37 22019 4 22043
282 41 34575 1 38270
283 32 46128 3 46943
284 42 15984 2 16174
285 7 33113 5 34098
286 8 39531 1 39559
287 25 1444 3 1599
288 59 45429 2 46117
289 72 30049 6 30353
290 78 18836 7 19441
291 68 45429 3 45622
292 26 24182 1 24342
293 26 19938 1 20262
294 26 12651 5 13634
295 83 34934 2 35275
296 32 53117 7 53359
297 50 826 4 990
298 68 23081 1 23803
299 2 12042 1 12186
300 21 27258 1 28221
301 5 3457 4 3766
302 48 31010 4 31301
303 68 55105 7 55165
304 13 11218 3 11286
305 33 46179 2 46801
306 13 15851 3 16053
307 23 48355 2 48650
308 58 3311 2 3345
309 57 52648 2 52670
310 4 52648 1 54419
311 64 45429 2 45457
312 28 42594 2 42616
313 30 50697 2 51153
314 68 23207 4 23374
315 25 26141 5 26315
316 76 47974 1 48255
317 51 15098 1 15252
318 26 54419 4 54936
319 5 35667 1 35917
320 50 24657 4 24727
321 56 22836 4 23152
322 4 24413 1 24455
323 76 9678 4 10441
324 38 17756 1 18594
325 80 27842 4 28686
326 28 21574 3 22386
327 68 49387 1 49768
328 80 14876 2 14962
329 75 1476 3 1724
330 14 20171 5 20294
331 73 51791 4 51902
332 56 14876 2 15223
333 59 26641 3 26737
334 3 28972 4 29020
335 4 3236 1 3691
336 18 45429 3 45502
337 73 12509 3 12958
338 2 16004 1 16385
339 70 14876 5 15088
340 37 11218 1 11965
341 78 28523 6 28799
342 9 44486 2 44553
343 8 20734 3 20858
344 78 26141 6 26400
345 2 17926 3 17994
346 83 17314 5 17354
347 2 7688 3 7931
348 70 2608 5 3390
349 32 32901 5 33022
350 26 27691 3 27842
351 68 29532 1 29560
352 65 46552 2 46723
353 35 35059 2 35830
354 4 10197 1 10918
355 77 55311 2 55392
356 21 36283 8 36627
357 21 4266 1 4951
358 64 30323 2 30936
359 26 17036 4 17374
360 26 30497 2 30839
361 10 27205 6 27368
362 35 6812 4 7659
363 41 7596 2 7831
364 2 17572 1 17696
365 68 6226 3 6288
366 82 21080 6 21757
367 30 14876 3 14947
368 2 45459 2 45599
369 42 49130 1 49245
370 42 44781 6 44869
371 35 47670 5 47967
372 18 28682 2 29468
373 68 26866 4 26945
374 68 29532 3 30497
375 57 29096 1 29316
376 59 1806 1 2470
377 4 4528 1 4635
378 37 20016 1 20068
379 35 30049 7 30069
380 59 53195 2 53557
381 21 29532 3 29690
382 67 15232 5 15380
383 24 31551 2 32272
384 35 26141 3 26460
385 68 17756 3 18693
386 47 11900 3 12157
387 37 27258 1 28523
388 77 12570 5 12871
389 73 53196 1 56217
390 59 42873 3 43211
391 1 20758 3 20771
392 35 41934 1 42002
393 48 15512 2 15605
394 13 50876 3 51042
395 56 46763 4 47065
396 78 48355 4 49039
397 53 37891 4 38046
398 32 18578 1 18798
399 52 44103 2 44180
400 62 26589 8 26627
401 37 45667 1 45858
402 2 17036 1 17148
403 41 44664 1 44874
404 37 23207 2 23843
405 79 6011 2 6715
406 2 2345 3 2499
407 49 10080 3 10402
408 73 14876 7 15140
409 21 18798 8 19012
410 68 48355 1 48687
411 35 32741 2 32798
412 55 45622 2 45883
413 62 28401 4 28632
414 21 24986 2 25214
415 57 11900 1 12836
416 37 31606 1 31953
417 42 7925 3 8229
418 62 26141 5 26309
419 78 17302 6 17402
420 27 19938 6 20021
421 43 55245 4 55411
422 5 8107 1 8380
423 3 29144 6 29463
424 21 48802 3 48859
425 26 3057 1 3236
426 30 11218 5 11364
427 12 8107 1 8320
428 60 4202 3 4336
429 6 2050 4 2125
430 41 46552 2 47870
431 42 11926 1 12838
432 56 9585 4 10570
433 4 40944 2 41144
434 37 33796 2 33927
435 51 27842 1 28085
436 70 53931 2 54069
437 32 45429 1 45504
438 69 24212 1 24935
439 1 53987 7 54105
440 43 16554 2 16693
441 21 33113 4 33292
442 2 13281 1 13501
443 37 23081 2 23207
444 33 28682 3 28939
445 67 38309 4 38387
446 47 40259 4 40505
447 32 50697 4 50873
448 65 10315 2 10330
449 50 10777 2 10814
450 21 38343 1 38541
451 50 33113 1 33844
452 68 39940 5 40129
453 35 22019 1 22036
454 21 52444 1 53486
455 26 14876 1 15113
456 5 42849 1 42929
457 2 2031 7 2283
458 37 37288 2 38024
459 32 37891 4 38061
460 32 26694 2 27024
461 41 55105 1 55443
462 27 28401 3 28716
463 73 4635 5 4802
464 26 36283 6 37081
465 84 20739 3 20906
466 32 5821 7 5932
467 37 40023 2 40134
468 10 49739 4 49910
469 26 42694 1 43203
470 30 53752 5 54031
471 56 55838 2 56567
472 28 36500 5 36627
473 25 31606 3 31689
474 47 49387 4 49713
475 26 1504 1 2267
476 37 1722 1 1987
477 4 42594 1 42996
478 39 28682 7 28840
479 70 4043 3 4780
480 3 28682 1 29614
481 13 46526 5 46814
482 37 15232 2 15914
483 43 23403 3 23524
484 48 21955 3 21978
485 74 21080 2 21116
486 59 19285 1 19314
487 68 3457 3 4199
488 79 18578 1 18687
489 37 52158 1 52459
490 47 18798 2 18881
491 50 19285 3 19298
492 37 57170 1 57308
493 2 38934 4 39191
494 23 12570 2 12651
495 13 54877 4 55091
496 24 26641 2 26953
497 35 33571 4 33720
498 32 49130 2 49233
499 28 7667 2 7723
500 10 268 1 431
501 35 24702 3 24768
502 80 46552 7 47183
503 2 35902 4 36003
504 64 24100 1 24182
505 21 206 1 462
506 69 20016 3 20640
507 80 386 4 703
508 21 35059 2 35664
509 46 48077 1 48273
510 2 40312 1 40567
511 2 21226 4 21299
512 74 34761 3 34801
513 42 31627 3 31708
514 66 36627 8 36839
515 48 386 2 718
516 4 52358 1 52468
517 56 17312 1 17454
518 37 12570 3 12828
519 28 16492 3 17471
520 20 1806 1 2428
521 73 696 1 1476
522 39 52331 3 52993
523 37 35327 3 35419
524 81 20541 3 20600
525 27 6011 5 6307
526 45 13330 4 13983
527 41 8981 2 9274
528 21 50735 3 50902
529 28 9678 2 9768
530 50 49130 3 49193
531 29 34761 3 34990
532 37 24379 1 24737
533 68 4856 5 5774
534 56 28401 2 28457
535 28 15285 1 16135
536 48 8621 4 9418
537 56 31551 4 31743
538 70 386 5 1102
539 68 20171 5 20992
540 74 23403 2 23519
541 64 1476 3 1656
542 23 48355 1 48447
543 48 33571 4 33842
544 72 7688 4 8486
545 4 20251 1 20504
546 23 4202 3 4258
547 3 55105 6 55739
548 2 53600 1 53752
549 2 41121 7 41411
550 37 50697 3 50747
551 5 45429 1 46264
552 68 9487 4 9837
553 79 21813 3 21964
554 50 42849 4 43486
555 56 3057 2 3166
556 33 32089 1 32279
557 5 43933 3 44022
558 35 69 4 220
559 27 47670 3 48013
560 56 696 3 858
561 26 46342 4 46587
562 37 10080 4 10218
563 70 16745 4 17398
564 21 38501 3 38634
565 70 40259 5 40447
566 56 3924 2 4228
567 57 34875 2 35046
568 50 4951 2 5563
569 56 8981 1 9052
570 49 35485 5 36340
571 26 24751 3 25086
572 68 40134 3 41072
573 3 26866 1 27212
574 67 13357 7 13565
575 20 33292 1 33581
576 6 3421 4 3615
577 21 26141 3 27000
578 37 38309 1 38767
579 56 47265 5 47464
580 58 48667 2 48751
581 49 12570 2 12810
582 15 2050 4 2138
583 35 42694 3 42861
584 30 49130 2 50050
585 20 52158 1 52485
586 50 26641 2 26988
587 35 2031 3 2226
588 83 2283 4 2470
589 68 42849 6 42948
590 73 1493 4 1605
591 81 55421 5 55653
592 5 18499 3 18550
593 35 3132 5 3182
594 18 22836 4 22956
595 5 41310 4 41527
596 2 25650 5 26549
597 50 41121 3 41212
598 2 21574 5 22482
599 26 35690 2 35902
600 82 4856 5 5000
601 13 2608 6 3566
602 10 22406 3 22518
603 29 386 1 431
604 77 20739 5 21717
605 59 24702 4 25393
606 80 26141 7 26803
607 50 17756 2 17846
608 64 23081 3 23239
609 26 41505 5 41596
610 4 28401 1 28429
611 37 17853 5 17928
612 28 39385 4 39650
613 65 53250 1 53310
614 59 55105 2 55407
615 25 1806 6 1986
616 27 44742 6 44771
617 4 27842 1 28109
618 43 1493 6 1515
619 5 55 4 941
620 77 48777 3 48992
621 8 41072 1 41083
622 24 55311 1 55576
623 79 21966 1 22085
624 2 31010 4 31247
625 21 46614 8 46888
626 5 11900 3 12531
627 2 42428 2 42444
628 82 26641 7 27383
629 21 25099 2 25272
630 48 20734 3 21019
631 4 46552 1 47194
632 59 20171 1 20659
633 26 28972 3 29030
634 8 8095 1 8174
635 81 12509 1 12735
636 25 386 7 560
637 2 4177 3 4363
638 77 21844 5 22051
639 33 20541 3 21303
640 48 21813 2 21943
641 77 43374 2 43524
642 26 44103 3 44486
643 68 51803 1 52698
644 42 41934 4 42064
645 41 12679 1 13021
646 7 36838 3 37663
647 13 24751 1 24983
648 73 42296 2 42429
649 6 49130 2 49232
650 41 24976 1 25267
651 37 55311 2 55549
652 32 4528 2 4878
653 37 55105 1 55177
654 2 16385 5 16527
655 21 7497 3 8103
656 42 20262 1 20903
657 35 386 3 521
658 7 28972 3 28999
659 64 18075 2 18205
660 49 29588 5 29863
661 21 25306 1 26141
662 65 53752 1 54016
663 33 9948 1 10242
664 21 37575 2 38343
665 68 22570 2 22595
666 68 52852 3 52990
667 70 36500 2 36616
668 68 40652 2 40990
669 18 26295 2 26429
670 22 7925 2 8221
671 32 2050 7 2954
672 26 20016 1 20239
673 70 26641 1 26793
674 45 3825 7 4011
675 71 37896 3 37926
676 37 19285 5 19633
677 33 4036 4 4293
678 2 32075 7 32245
679 49 26549 5 26566
680 30 21175 6 21220
681 32 33113 5 33142
682 73 16460 4 16522
683 47 23995 2 24833
684 68 21983 3 21999
685 37 5644 1 5693
686 79 17315 1 17410
687 72 17302 6 17597
688 4 46128 1 46191
689 68 17036 6 17312
690 26 23403 2 24182
691 37 32698 4 32718
692 65 15984 1 18084
693 14 21373 3 21714
694 76 42873 4 43722
695 41 43718 1 43841
696 39 47870 5 48552
697 14 13022 2 13100
698 58 53931 4 54086
699 39 17926 6 18268
700 34 45429 8 45655
701 35 41310 4 41453
702 59 23081 1 23596
703 78 47670 1 47693
704 2 52852 5 53169
705 18 40134 1 41445
706 26 11584 2 11615
707 68 45429 2 45569
708 65 4363 3 4501
709 57 43575 2 43651
710 28 48355 3 48482
711 28 38501 1 38519
712 26 50697 4 51372
713 61 21574 4 21743
714 73 56 1 308
715 59 30791 3 30941
716 26 18163 3 18836
717 4 5576 1 6970
718 48 24657 2 24728
719 70 20016 1 20133
720 39 48355 1 48686
721 68 36662 2 36838
722 2 45622 1 45954
723 50 10297 4 10477
724 37 26946 3 27258
725 57 5644 2 5839
726 2 40616 1 41133
727 2 4222 1 4268
728 39 28972 3 28989
729 49 16554 2 16750
730 37 6812 2 7596
731 64 6136 2 6249
732 32 52161 1 52443
733 26 28972 3 29276
734 21 35862 1 36283
735 78 40259 2 40587
736 81 30969 4 31057
737 54 37288 2 37980
738 26 47059 1 47356
739 74 49666 3 50011
740 47 9635 3 9910
741 59 55421 1 58070
742 40 13397 1 13464
743 56 51283 2 51519
744 48 44122 2 44875
745 70 50152 2 50338
746 70 35485 1 35504
747 32 12253 1 12292
748 84 29341 3 29495
749 73 404 7 694
750 68 5801 1 5922
751 37 30323 1 30541
752 2 52309 3 52439
753 41 38333 1 38501
754 77 23772 4 23798
755 67 44122 1 44308
756 23 13022 3 13349
757 13 27258 1 27363
758 13 20734 4 21442
759 68 29588 1 29825
760 45 50697 1 51591
761 5 48355 3 48466
762 50 21080 2 21225
763 25 6633 1 6942
764 2 53752 8 53987
765 2 15851 8 16004
766 26 15232 1 15879
767 42 36283 6 36366
768 5 51791 4 51909
769 5 23596 3 23921
770 72 30497 2 30797
771 50 52158 1 52259
772 56 20734 1 20812
773 21 8408 4 8621
774 65 52648 2 52672
775 32 53931 6 54913
776 50 35902 1 35963
777 22 16091 1 16178
778 28 40944 1 41168
779 37 48667 1 48777
780 51 8758 1 9026
781 6 23229 2 23252
782 56 53600 3 53680
783 39 29588 3 29623
784 61 36283 7 36409
785 21 16221 1 16298
786 42 43575 1 43590
787 68 47320 6 47413
788 64 5477 3 5593
789 21 54006 1 54630
790 21 30324 1 31818
791 69 45429 3 45603
792 79 31913 1 32126
793 26 3311 1 3412
794 59 11584 3 12458
795 22 47059 2 47331
796 5 30931 4 31237
797 73 44664 7 44850
798 18 20959 3 21820
799 26 40134 1 40981
800 41 51283 1 51439
801 39 4856 5 4884
802 73 50697 3 50953
803 35 49130 3 49366
804 45 40452 5 41254
805 25 45429 7 46140
806 70 8095 2 8212
807 62 22406 6 23037
808 59 22570 3 22805
809 42 26641 3 27522
810 64 54419 3 54481
811 78 2050 5 2357
812 4 349 2 533
813 41 29341 2 29434
814 5 16492 3 16747
815 2 17967 2 18105
816 3 53117 3 53230
817 65 52852 1 53250
818 33 7688 3 7840
819 77 386 4 503
820 61 17452 6 17601
821 4 26589 2 26768
822 37 44449 2 44696
823 42 40452 1 41200
824 37 19633 5 19847
825 70 49141 4 49849
826 2 49696 2 49739
827 30 7925 3 8131
828 57 932 1 1153
829 33 64 4 305
830 62 23735 7 23787
831 58 41310 2 41646
832 4 5477 2 5576
833 13 9701 3 9811
834 37 55549 5 55838
835 68 50152 2 50351
836 59 27415 1 27455
837 36 6633 8 6849
838 21 37633 2 37770
839 14 26141 5 26782
840 77 16554 5 16860
841 64 31606 3 31895
842 32 6633 1 6979
843 59 48777 1 48975
844 2 32698 6 32965
845 72 5644 6 6328
846 26 52309 1 52689
847 30 2050 8 2358
848 37 20016 4 20222
849 4 49666 1 49906
850 28 3691 4 3932
851 70 24182 6 25057
852 18 68 1 602
853 50 23229 4 23576
854 2 20959 1 21226
855 2 17587 1 17926
856 35 18499 2 18788
857 35 12458 7 13439
858 83 37288 5 37399
859 56 22 3 246
860 28 36838 1 37085
861 45 38024 5 38370
862 73 45429 1 45777
863 18 30605 2 30642
864 21 19938 4 20259
865 72 46763 6 46990
866 33 21373 4 22319
867 29 26946 3 27276
868 3 28682 5 28959
869 11 26641 6 26885
870 42 37891 3 38215
871 26 16111 2 17017
872 26 37081 1 38244
873 37 2031 2 2075
874 2 50763 2 51079
875 56 30049 2 30378
876 53 31913 2 32151
877 71 17374 1 17443
878 68 2283 2 3294
879 48 49141 2 49347
880 48 16554 3 17258
881 41 10703 1 10939
882 34 47413 7 47552
883 21 10542 6 11447
884 2 36627 1 37898
885 35 15914 3 16014
886 5 17315 1 17506
887 68 29096 1 29271
888 8 57170 3 57184
889 11 24737 4 25452
890 68 33555 1 33669
891 30 52894 3 53078
892 3 39385 4 39495
893 52 55421 2 55719
894 59 30460 2 30629
895 25 39385 4 39474
896 36 32698 8 32835
897 48 10315 4 10443
898 65 13420 1 13641
899 39 20016 4 20863
900 72 26141 3 26467
901 64 40134 3 40285
902 32 1647 4 1754
903 2 21813 3 22050
904 5 30324 1 30473
905 30 53457 4 53547
906 65 39531 1 39797
907 37 29306 2 29407
908 59 52970 1 53195
909 48 11733 3 12059
910 70 19285 5 19455
911 9 48667 5 48761
912 50 31167 2 31193
913 66 32901 5 33079
914 81 5801 4 5876
915 29 49228 2 49900
916 7 9948 4 10186
917 28 45429 2 45738
918 71 7668 3 7717
919 30 52648 3 52780
920 73 51751 1 51791
921 28 14876 3 15206
922 47 696 1 989
923 82 55407 4 55437
924 56 20541 2 20707
925 45 52158 2 52898
926 70 31913 5 32205
927 69 39595 2 39767
928 58 40452 4 40657
929 42 49319 1 49348
930 10 37891 5 38737
931 74 29588 3 30309
932 42 22406 1 22702
933 4 16492 1 16634
934 33 16907 2 17009
935 42 52648 1 52933
936 62 27258 6 27285
937 25 12570 3 12692
938 2 50697 7 50763
939 39 20541 1 20788
940 11 49130 5 49268
941 37 17080 2 17853
942 13 29096 5 29718
943 5 46552 4 46641
944 46 49130 2 49476
945 59 17452 1 17591
946 61 29096 7 29136
947 28 41310 4 41454
948 59 16776 1 16807
949 2 41934 6 42201
950 50 53987 2 54293
951 45 19568 2 20188
952 76 15851 2 16194
953 21 52053 8 52396
954 21 3381 1 3710
955 80 19285 7 19919
956 23 28972 1 28991
957 2 38767 2 39056
958 73 3421 5 4388
959 59 39531 2 39964
960 7 20262 3 20274
961 8 12570 1 12882
962 21 3722 1 3924
963 2 1092 2 1926
964 50 23772 3 24078
965 21 15851 7 16067
966 14 8981 3 9078
967 30 37891 2 38334
968 18 26141 2 26267
969 64 20541 3 21366
970 21 45622 3 45865
971 19 206 4 376
972 78 23472 4 23806
973 68 1647 4 2531
974 47 35902 2 36884
975 47 35156 3 35303
976 81 8621 2 8758
977 45 24657 3 24716
978 33 34962 4 35133
979 42 50152 3 50874
980 80 35667 3 36560
981 32 25306 3 25322
982 21 28972 1 29359
983 7 13022 1 13986
984 28 28646 1 29866
985 81 11584 3 11784
986 67 36283 1 36950
987 71 41310 1 41558
988 68 18798 5 19067
989 77 13779 5 13905
990 57 22406 2 22683
991 63 30969 1 31152
992 72 9487 4 9559
993 28 20171 5 21163
994 55 52698 2 53685
995 68 55421 1 58481
996 2 31010 1 31551
997 23 9130 3 9474
998 77 27065 8 27732
999 45 15098 1 15334
1000 37 22836 1 23060
1001 33 25490 1 25502
1002 45 22836 3 23185
1003 82 47670 5 48002
1004 76 15098 4 15222
1005 75 52459 5 53244
1006 50 26141 2 26174
1007 73 15914 8 16091
1008 32 48777 5 49051
1009 56 52648 5 53528
1010 74 11973 1 12241
1011 37 32718 1 32990
1012 10 30857 4 31139
1013 26 213 2 1166
1014 2 24212 1 25014
1015 18 33113 1 33374
1016 34 24976 8 25000
1017 80 9948 5 10030
1018 64 51338 2 51610
1019 68 13501 1 14439
1020 59 49666 3 49855
1021 21 52396 1 52444
1022 68 31935 2 32089
1023 52 50876 1 51680
1024 70 41934 3 41952
1025 23 40312 3 40547
1026 53 12679 2 12953
1027 41 41132 1 41175
1028 80 41851 5 42145
1029 10 11973 6 12146
1030 13 32698 5 32984
1031 79 24737 2 24953
1032 71 14876 1 14915
1033 56 26549 1 26886
1034 50 8981 2 9283
1035 50 7497 1 7812
1036 29 53752 2 53997
1037 76 4821 1 4934
1038 68 49157 3 49308
1039 4 24100 1 24413
1040 21 20739 4 20932
1041 37 38934 1 39114
1042 73 25306 1 25438
1043 50 23081 3 23215
1044 24 8408 3 8482
1045 33 28401 1 28482
1046 30 10080 6 10313
1047 53 27258 2 27398
1048 57 42428 1 42584
1049 18 9585 1 9601
1050 77 12888 3 12985
1051 11 11733 6 11998
1052 13 40452 1 41064
1053 71 21373 3 21479
1054 40 24657 5 24950
1055 4 26141 2 26321
1056 59 43374 2 44538
1057 37 11965 1 13022
1058 4 37891 1 38246
1059 10 16776 5 16907
1060 58 31913 4 32881
1061 79 49666 1 50009
1062 21 28 8 206
1063 82 47059 6 47172
1064 79 34934 1 35060
1065 18 23995 3 24336
1066 60 44742 2 45022
1067 21 21423 3 21662
1068 56 37575 4 37621
1069 4 26768 1 27432
1070 3 11900 5 11966
1071 56 35134 1 35195
1072 73 16091 1 16338
1073 55 55105 1 55249
1074 68 9635 1 9948
1075 5 1166 3 1827
1076 3 108 2 372
1077 30 9585 3 9735
1078 50 43718 3 44425
1079 80 13699 6 13806
1080 71 4951 1 5260
1081 13 26295 3 26587
1082 37 8408 2 9130
1083 81 40259 1 40935
1084 35 30791 1 30958
1085 56 29532 1 29833
1086 30 19285 4 20284
1087 13 53457 4 53619
1088 26 33248 1 33796
1089 76 12253 4 12382
1090 8 10080 2 10415
1091 2 49739 1 50697
1092 2 49157 4 50074
1093 68 47974 4 48188
1094 30 53169 5 53373
1095 37 1092 2 1476
1096 64 26589 2 27266
1097 49 12888 3 13216
1098 68 52990 2 53284
1099 28 37633 1 37891
1100 56 33113 4 33191
1101 2 25014 2 25650
1102 2 29341 5 30119
1103 75 23995 3 24130
1104 5 23229 4 23408
1105 30 3457 1 5089
1106 67 40312 6 40655
1107 5 29532 3 29804
1108 53 77 2 296
1109 33 24702 3 24828
1110 28 38963 1 39231
1111 2 26714 2 26832
1112 71 52160 2 52464
1113 6 42849 2 43067
1114 65 54419 1 54465
1115 68 28972 7 29096
1116 24 10099 3 10372
1117 53 46552 4 46628
1118 37 47413 3 47463
1119 81 10315 2 10340
1120 28 47974 2 48209
1121 37 45667 2 45940
1122 68 12253 6 12547
1123 23 23229 3 23260
1124 56 4856 3 5021
1125 41 1647 1 3092
1126 26 11900 1 12201
1127 35 8095 4 8219
1128 65 32698 1 32741
1129 43 47265 6 47276
1130 5 37891 4 38110
1131 32 48077 1 48282
1132 32 27258 6 27450
1133 25 50876 7 51739
1134 48 55529 3 55857
1135 49 42849 4 43059
1136 39 36662 5 36911
1137 45 41292 4 41631
1138 2 8892 1 9524
1139 68 17853 4 17934
1140 21 43374 4 43507
1141 47 23229 2 23375
1142 2 46128 1 46526
1143 62 7688 5 7954
1144 80 17148 7 17440
1145 53 45429 2 45453
1146 2 6812 2 7475
1147 41 42873 1 43188
1148 53 14876 2 15195
1149 48 12570 2 12890
1150 49 19938 4 20901
1151 42 386 2 444
1152 2 18105 1 19285
1153 53 48355 3 48703
1154 37 48528 1 48869
1155 65 28972 2 29265
1156 26 42428 2 42694
1157 8 2263 2 2321
1158 20 54877 1 55603
1159 60 39940 2 40224
1160 50 8621 3 8666
1161 75 14962 1 15900
1162 4 10080 1 10173
1163 27 35156 4 35179
1164 32 17572 1 17818
1165 79 49739 1 49982
1166 79 8981 2 9056
1167 26 3421 4 3722
1168 19 16091 4 16346
1169 26 43203 2 43389
1170 68 48667 6 48875
1171 43 17080 3 17159
1172 46 13022 1 13145
1173 39 41292 1 41336
1174 21 6633 2 6716
1175 41 45429 1 45722
1176 84 44122 2 44210
1177 61 11733 4 12007
1178 2 38171 1 38844
1179 47 44664 3 44906
1180 3 33113 1 33382
1181 50 25014 1 25210
1182 77 50697 2 51689
1183 24 52161 2 53125
1184 64 17314 1 17374
1185 46 26549 2 27358
1186 5 32089 1 32308
1187 3 4043 6 4209
1188 49 46552 5 46566
1189 16 52158 1 52342
1190 76 48355 1 48392
1191 13 44486 5 45187
1192 37 5644 1 6812
1193 13 51894 2 51979
1194 58 51894 2 52182
1195 18 48355 3 48400
1196 21 8217 2 8408
1197 71 31667 3 31831
1198 37 3132 3 3563
1199 59 46763 2 47913
1200 41 30969 1 31167
1201 51 11965 2 12281
1202 53 5644 2 5880
1203 60 1166 4 1214
1204 37 16460 1 16907
1205 6 40134 3 40479
1206 33 52689 1 52703
1207 35 42296 3 43058
1208 79 22406 2 22511
1209 41 50697 1 50955
1210 26 23081 3 23403
1211 82 39385 5 39597
1212 74 52158 4 52217
1213 56 15232 2 15452
1214 3 53457 4 54169
1215 72 19479 6 20199
1216 42 54419 2 54561
1217 34 43575 3 43756
1218 59 11218 3 11549
1219 70 38501 5 38741
1220 21 54006 5 54352
1221 50 5963 3 6800
1222 44 13281 1 13303
1223 39 9678 4 9797
1224 10 13066 4 13274
1225 55 12888 1 12926
1226 26 1166 3 1917
1227 30 36627 6 36716
1228 26 35134 2 35323
1229 41 15232 2 16371
1230 18 17080 1 17134
1231 73 24418 7 24652
1232 59 40134 2 40482
1233 5 4856 1 5790
1234 10 24455 1 25330
1235 68 4202 1 4758
1236 76 47413 3 47501
1237 45 26641 3 27384
1238 42 29096 6 29398
1239 51 42428 2 43028
1240 2 11733 1 12042
1241 3 22836 7 22863
1242 72 41310 3 42229
1243 21 55311 2 55428
1244 84 24737 2 25029
1245 2 21299 3 21546
1246 72 40452 6 40606
1247 68 25099 5 25239
1248 8 15727 3 15873
1249 7 52158 1 52305
1250 45 8095 3 8282
1251 3 36627 5 36778
1252 68 13357 4 13578
1253 37 54877 4 54994
1254 39 55406 6 55529
1255 68 22019 1 22244
1256 37 35134 4 35327
1257 37 30791 3 30969
1258 28 55421 1 57041
1259 30 47413 6 47605
1260 56 48077 3 48407
1261 52 44781 1 44869
1262 25 23995 4 24198
1263 28 53752 3 54081
1264 6 41334 4 41441
1265 35 46128 4 46267
1266 62 24751 7 25421
1267 61 44122 7 44814
1268 21 17587 2 18192
1269 25 40134 5 41009
1270 76 1092 3 1252
1271 80 10080 7 10151
1272 3 2608 2 3418
1273 35 16091 2 16697
1274 49 17591 2 17735
1275 69 13420 1 14337
1276 71 3057 3 3096
1277 37 47670 1 48026
1278 81 26714 2 27051
1279 15 19479 5 20257
1280 2 43101 1 43114
1281 59 17314 2 17452
1282 42 7497 5 7540
1283 4 1476 2 1493
1284 26 4202 3 5099
1285 47 28972 3 29933
1286 49 17374 1 17549
1287 41 31913 1 32110
1288 77 11973 3 12308
1289 26 32698 3 33202
1290 65 20016 1 20136
1291 37 4266 3 4528
1292 59 26641 1 28125
1293 18 42849 3 43114
1294 35 32901 2 33139
1295 68 27355 1 27526
1296 21 13038 2 13397
1297 32 30941 2 31100
1298 3 46552 7 46633
1299 32 40616 1 40890
1300 45 2608 4 3301
1301 68 53986 1 54135
1302 1 33555 1 33882
1303 71 49130 2 49473
1304 63 12570 1 12899
1305 51 49130 3 49327
1306 19 49130 4 49888
1307 19 53931 7 54239
1308 80 29144 1 29385
1309 72 2608 2 2895
1310 14 52161 5 52192
1311 39 2050 5 2142
1312 64 13357 2 13411
1313 67 21813 2 22730
1314 47 13501 3 13792
1315 2 43234 6 43575
1316 38 22406 2 22580
1317 33 49387 1 49804
1318 21 50152 5 50343
1319 51 6226 1 7225
1320 37 42873 3 43651
1321 14 9274 5 9476
1322 2 349 6 658
1323 32 11218 7 11384
1324 21 19501 3 19751
1325 18 11973 1 12082
1326 54 33113 4 33933
1327 1 386 2 721
1328 60 5644 2 5779
1329 81 12888 5 13101
1330 47 55105 3 55146
1331 32 24986 4 25889
1332 32 40134 5 40417
1333 34 11733 5 11952
1334 69 30 1 294
1335 29 20758 2 20893
1336 74 22570 2 22618
1337 28 44122 2 44764
1338 14 27842 1 28675
1339 5 8981 1 9196
1340 2 15512 5 15801
1341 9 12042 1 12237
1342 82 11584 7 11676
1343 76 5801 4 6499
1344 2 20171 1 20825
1345 2 52158 1 52331
1346 53 42296 4 42322
1347 13 13779 6 14076
1348 2 35485 7 35564
1349 56 23207 2 23383
1350 68 37333 1 37633
1351 56 6812 1 7093
1352 4 31606 2 31711
1353 26 18499 3 18652
1354 21 33292 1 34575
1355 47 17374 4 18195
1356 30 9948 3 10080
1357 56 2263 2 2433
1358 20 36283 1 37040
1359 66 29195 7 29493
1360 71 17557 2 18411
1361 7 1722 4 1836
1362 30 43834 7 43987
1363 26 41334 3 41442
1364 14 17756 5 18050
1365 32 29532 1 30322
1366 26 45702 3 45898
1367 84 1444 1 1787
1368 7 26866 1 27003
1369 53 21983 5 22774
1370 21 54936 2 55059
1371 65 45429 1 46353
1372 73 52852 2 53196
1373 68 38508 1 38790
1374 13 6226 4 6462
1375 68 19633 6 19811
1376 49 32772 4 33499
1377 71 9585 1 10273
1378 26 27205 2 27691
1379 59 21813 1 21851
1380 2 26694 3 26714
1381 23 12042 1 12167
1382 80 49666 6 49791
1383 42 19938 1 20262
1384 68 30497 2 30645
1385 58 23596 4 23739
1386 50 16939 2 17749
1387 3 4202 1 5081
1388 82 28523 2 29158
1389 3 48188 2 48481
1390 68 55165 2 55421
1391 65 11584 2 11781
1392 30 37575 4 37628
1393 11 4036 3 4127
1394 26 2283 4 2453
1395 4 37633 2 37727
1396 9 38333 6 38525
1397 28 32698 3 33619
1398 3 24751 5 24774
1399 62 23081 8 23105
1400 21 35059 5 35382
1401 42 16907 6 17049
1402 30 51372 7 52228
1403 50 21966 1 22101
1404 2 13779 1 14876
1405 35 54936 2 55154
1406 35 50697 4 50834
1407 77 24100 1 24758
1408 5 43933 1 44200
1409 68 36838 2 37114
1410 41 30460 2 30699
1411 36 40134 8 40152
1412 21 2419 4 2592
1413 35 7596 1 7693
1414 59 14876 1 15411
1415 57 15851 1 15885
1416 71 28972 2 29014
1417 26 6633 4 7497
1418 69 44486 2 44834
1419 65 6633 1 6718
1420 42 14962 5 15728
1421 41 43374 1 43561
1422 69 1722 2 1771
1423 31 35485 3 35643
1424 26 52160 4 52309
1425 48 33113 2 33383
1426 68 8496 1 8758
1427 81 2263 1 2275
1428 41 43203 1 43261
1429 37 46808 2 48067
1430 68 40134 4 40291
1431 71 27258 3 27534
1432 50 42296 1 42618
1433 37 18798 1 18837
1434 80 47265 8 48067
1435 7 49130 6 49291
1436 2 46552 1 46692
1437 64 6633 4 6807
1438 3 54419 3 54654
1439 42 5963 4 6068
1440 53 38501 5 38657
1441 69 16554 1 16733
1442 49 42428 4 42532
1443 37 13330 4 13420
1444 8 20959 1 21250
1445 2 17926 1 17967
1446 49 6197 4 6264
1447 39 45459 5 45698
1448 61 43718 3 44001
1449 22 26141 1 27021
1450 24 36627 2 36650
1451 51 23229 3 24194
1452 59 55311 1 55404
1453 34 12679 6 12891
1454 74 21226 4 21480
1455 74 42694 4 42875
1456 32 8107 1 8204
1457 78 45429 1 45726
1458 2 13330 3 13490
1459 73 29532 8 29875
1460 47 386 3 463
1461 26 41851 6 42021
1462 26 17557 4 17756
1463 28 12888 5 13107
1464 50 11615 4 11656
1465 72 52852 7 53104
1466 18 45502 2 45573
1467 33 47059 2 47379
1468 69 9948 4 10233
1469 10 48188 3 48510
1470 54 43718 4 44048
1471 35 35485 2 36211
1472 5 7596 2 7835
1473 30 28401 8 29096
1474 4 32741 2 33014
1475 83 13022 4 13123
1476 81 16554 4 16762
1477 35 22482 6 22530
1478 73 3236 2 3375
1479 83 36838 4 36903
1480 26 28682 6 28905
1481 28 30969 4 31074
1482 68 50799 4 51751
1483 82 35156 7 35329
1484 71 23081 3 23400
1485 41 53931 1 54223
1486 41 31167 1 31752
1487 80 21373 2 21524
1488 73 6633 7 7380
1489 37 10218 1 10638
1490 35 18105 3 18381
1491 39 55105 6 55302
1492 84 10703 1 11659
1493 82 30931 5 31219
1494 57 37288 2 37525
1495 56 5477 2 5628
1496 56 12509 3 12735
1497 32 19479 5 19753
1498 29 41505 1 41779
1499 59 37072 2 37974
1500 30 30857 2 30956
1501 79 3057 2 3086
1502 7 15098 5 15187
1503 35 5644 2 5858
1504 26 28401 2 28682
1505 6 55105 3 55238
1506 30 1092 2 2001
1507 21 20758 3 21080
1508 3 54121 3 54322
1509 80 53752 3 54526
1510 39 48667 5 48754
1511 73 12042 7 12197
1512 68 349 1 1129
1513 69 18105 1 18350
1514 33 23081 5 23418
1515 79 19938 2 20106
1516 84 39191 2 40096
1517 78 8981 2 9219
1518 21 13531 2 14208
1519 50 13420 3 13728
1520 2 22836 3 23208
1521 44 23229 1 23396
1522 72 36283 4 36424
1523 20 386 1 707
1524 49 53117 3 53397
1525 38 42849 1 43144
1526 10 696 3 826
1527 59 34575 1 35667
1528 83 7668 2 8454
1529 42 9678 4 10575
1530 60 42873 2 43187
1531 21 15098 1 15631
1532 37 50697 1 51101
1533 25 46670 2 47336
1534 19 1647 3 1846
1535 21 16460 1 16490
1536 70 43101 3 43970
1537 56 19938 2 20106
1538 9 50697 5 50732
1539 84 386 3 464
1540 32 52970 1 53104
1541 21 54419 2 54907
1542 73 26589 3 26860
1543 8 49666 3 49884
1544 53 4460 3 4652
1545 29 14962 2 15106
1546 2 33113 3 33367
1547 30 22019 5 22114
1548 28 48859 4 49170
1549 52 14876 1 14935
1550 35 29096 5 29195
1551 68 49666 5 49682
1552 30 21373 5 21632
1553 26 27842 6 27950
1554 68 17452 1 17553
1555 42 22832 5 23045
1556 32 8621 6 8810
1557 32 29237 5 29872
1558 56 39191 5 39508
1559 79 23081 2 23395
1560 30 2470 8 2545
1561 41 9487 1 9761
1562 28 52894 4 53160
1563 68 22479 1 22765
1564 2 8981 2 9168
1565 28 8408 2 8955
1566 81 3421 1 3753
1567 3 16091 6 16157
1568 48 49666 3 50006
1569 27 8107 6 8932
1570 32 28682 6 28786
1571 41 6633 1 7091
1572 37 39385 5 39424
1573 21 32698 2 32850
1574 57 46526 2 46674
1575 25 41851 4 42200
1576 79 17452 2 17639
1577 12 50697 3 51557
1578 49 1476 3 1622
1579 59 10777 1 10917
1580 10 21226 2 21361
1581 71 40452 1 40765
1582 44 13501 2 14212
1583 28 20016 4 20129
1584 61 42849 5 42916
1585 14 3563 5 3683
1586 68 26549 2 27202
1587 49 1444 4 1461
1588 4 16907 1 19459
1589 30 29096 4 29717
1590 37 35485 4 35624
1591 79 45429 2 45544
1592 53 35625 2 35671
1593 68 29144 1 29393
1594 59 18836 1 19279
1595 4 24455 2 24741
1596 69 52158 4 52228
1597 84 29096 1 29239
1598 45 43101 2 43350
1599 68 826 1 1158
1600 2 47059 2 47670
1601 78 25099 4 25347
1602 35 8621 4 8694
1603 3 52970 3 53127
1604 37 15960 4 16221
1605 70 21226 3 21432
1606 35 48315 4 48962
1607 64 36627 3 37529
1608 21 39595 1 39702
1609 25 54121 7 54338
1610 26 5963 2 6011
1611 75 26641 2 26693
1612 35 1444 3 1525
1613 19 34934 4 35098
1614 39 30791 4 30823
1615 69 5801 4 6481
1616 18 10638 4 10687
1617 37 8095 2 8107
1618 36 13501 2 13708
1619 74 40312 2 40519
1620 18 17315 4 17538
1621 72 47265 1 47395
1622 3 30759 1 31050
1623 26 12221 2 12429
1624 2 55421 2 56312
1625 52 20016 1 20211
1626 68 27842 2 28168
1627 41 17080 1 18075
1628 3 20016 5 20325
1629 50 1092 2 1372
1630 13 22479 6 22805
1631 46 35625 1 35753
1632 45 55838 6 56029
1633 35 45429 2 45662
1634 1 26866 2 27069
1635 35 52698 2 52847
1636 55 29096 1 29261
1637 33 17080 2 17310
1638 61 52648 3 52848
1639 50 36838 2 37164
1640 65 1504 1 1798
1641 30 48355 8 48549
1642 64 8408 3 8699
1643 30 16939 3 17315
1644 24 39385 2 39477
1645 68 32089 1 33113
1646 42 7596 4 7760
1647 35 10197 5 10302
1648 4 2057 1 2856
1649 76 20016 4 20163
1650 25 28972 4 29674
1651 69 19633 4 19939
1652 50 41934 4 42040
1653 9 8981 4 9298
1654 5 32741 2 33051
1655 62 19938 7 20692
1656 58 28401 2 29109
1657 76 38343 2 38465
1658 32 10297 7 10497
1659 79 20541 3 20618
1660 39 40312 3 40448
1661 34 1166 4 1211
1662 37 20222 2 21286
1663 73 27842 1 27965
1664 3 13022 3 13359
1665 15 4856 5 4910
1666 18 17591 2 18279
1667 37 16907 2 17018
1668 78 43933 4 44254
1669 14 16776 5 17104
1670 42 6812 3 7095
1671 64 14962 3 15096
1672 5 5801 1 5838
1673 57 38309 1 38616
1674 25 32741 3 32881
1675 57 50697 2 51466
1676 28 24418 1 24717
1677 2 1647 2 1877
1678 48 48355 2 48385
1679 76 20734 4 20813
1680 13 53752 2 54094
1681 68 13779 1 13882
1682 32 99 7 271
1683 41 11584 1 12262
1684 80 16939 5 16973
1685 47 47974 1 48135
1686 37 33159 1 34488
1687 65 6807 2 7018
1688 4 39531 1 40259
1689 28 40134 1 40205
1690 25 50697 4 50774
1691 2 44122 4 44432
1692 45 1092 3 1940
1693 33 6633 3 6682
1694 53 33796 3 33831
1695 62 3057 4 3383
1696 21 401 1 608
1697 24 15984 3 16241
1698 71 16554 1 16615
1699 73 9130 3 9163
1700 66 50697 6 50856
1701 37 3808 5 3912
1702 51 41292 2 41634
1703 21 10197 4 10542
1704 76 41934 4 42273
1705 68 37727 1 37840
1706 70 56 3 370
1707 18 3057 3 3261
1708 66 35625 7 36244
1709 30 42849 4 43834
1710 14 1158 5 1369
1711 19 32698 3 32739
1712 42 49387 3 49456
1713 21 23081 1 23229
1714 18 52990 3 53063
1715 26 42296 3 42428
1716 59 48376 1 48667
1717 2 26549 7 26694
1718 33 49130 2 49181
1719 76 27258 2 27917
1720 21 31606 4 31823
1721 50 48077 2 48419
1722 68 7497 3 8471
1723 45 21226 1 21430
1724 60 9948 3 10236
1725 56 37727 3 37927
1726 56 17591 3 18529
1727 2 30931 5 31010
1728 26 25703 2 26589
1729 49 16111 1 16347
1730 32 52852 4 52958
1731 59 2470 1 7993
1732 49 8335 2 8602
1733 30 48 6 367
1734 81 48077 5 48215
1735 61 54419 6 54538
1736 25 69 2 306
1737 19 54419 5 54698
1738 26 27065 1 27205
1739 20 39940 1 40224
1740 26 2687 2 3214
1741 32 7915 4 7925
1742 57 44122 1 44197
1743 37 4528 4 4821
1744 83 49130 4 49184
1745 28 27258 2 28159
1746 68 42594 6 42849
1747 37 46128 5 46808
1748 50 29588 2 29604
1749 72 31913 6 31935
1750 81 42873 5 43795
1751 25 55421 2 55581
1752 37 932 4 1092
1753 65 55421 2 55544
1754 23 29341 2 30040
1755 56 29030 2 29371
1756 5 6812 4 6982
1757 18 45622 3 46569
1758 42 10777 4 10899
1759 42 13066 1 13194
1760 32 49739 2 49916
1761 2 17302 7 17534
1762 61 46128 5 46454
1763 37 32075 3 32257
1764 76 12888 4 13141
1765 26 24657 4 24751
1766 42 29532 1 29694
1767 21 4821 3 4992
1768 21 36283 4 36409
1769 37 42296 3 42401
1770 59 31627 1 32618
1771 42 36627 3 37442
1772 49 15851 1 16101
1773 30 6633 3 6695
1774 47 39385 4 39402
1775 52 40023 1 40970
1776 77 26641 3 26665
1777 62 22019 4 22226
1778 52 5693 2 5778
1779 31 9701 3 9790
1780 26 52689 3 52717
1781 43 32772 5 32901
1782 37 3691 4 3808
1783 18 49666 2 49837
1784 7 24455 4 24571
1785 62 51283 3 52295
1786 41 49130 2 49150
1787 14 68 1 106
1788 26 11926 2 12221
1789 35 20016 1 20067
1790 41 28401 2 28800
1791 41 24100 1 25018
1792 3 19500 4 19641
1793 19 15098 7 15146
1794 47 14876 4 15785
1795 4 23081 1 23451
1796 37 4821 2 4856
1797 32 54936 5 55816
1798 26 52852 3 53622
1799 56 41121 5 41399
1800 14 42428 4 42744
1801 57 45429 2 45541
1802 4 16745 1 16902
1803 26 29030 1 29306
1804 21 11733 3 11926
1805 7 404 5 528
1806 32 20016 3 20141
1807 3 53195 3 53499
1808 79 26641 1 26747
1809 57 49387 1 49430
1810 2 696 1 1005
1811 76 53117 2 53271
1812 23 10197 3 10545
1813 39 2057 1 2668
1814 37 1722 1 2031
1815 2 19568 4 19840
1816 30 2608 3 2895
1817 2 49739 2 50430
1818 48 45429 3 45585
1819 58 24182 4 24376
1820 7 22836 6 23062
1821 59 16939 1 16974
1822 21 47265 2 48528
1823 8 23403 1 23459
1824 56 39679 4 40487
1825 71 43101 2 43278
1826 37 27065 2 27157
1827 49 55105 1 55264
1828 72 3057 4 3286
1829 21 55529 3 55811
1830 68 33555 1 33743
1831 21 35485 6 35519
1832 79 33113 1 33311
1833 26 8621 2 9358
1834 81 41934 1 41981
1835 48 13420 2 13599
1836 32 3239 1 4120
1837 2 45429 8 45459
1838 21 45429 6 45567
1839 82 24455 7 24735
1840 26 21080 5 21430
1841 26 6136 2 6478
1842 26 44486 1 44781
1843 11 14876 4 15100
1844 21 12186 3 12240
1845 79 20734 1 20959
1846 65 54877 1 55031
1847 45 3421 4 3503
1848 5 15851 2 16075
1849 13 6011 6 6158
1850 11 24212 5 24472
1851 49 42296 2 42315
1852 59 15914 1 16776
1853 68 34575 3 34761
1854 10 4199 3 4473
1855 80 11965 8 12260
1856 80 33555 8 33592
1857 77 47059 6 47847
1858 4 15851 1 16492
1859 48 54877 1 54938
1860 14 27065 3 27084
1861 68 24751 3 25099
1862 58 33159 4 33385
1863 74 16554 4 16839
1864 45 22406 3 22424
1865 76 30969 1 31124
1866 4 9701 2 9825
1867 74 15232 3 15286
1868 21 8651 6 8892
1869 55 39531 2 40273
1870 37 7846 5 8095
1871 14 8661 1 8671
1872 14 35862 5 35939
1873 5 24751 4 24934
1874 8 30049 2 30309
1875 21 608 1 629
1876 26 18836 1 18985
1877 5 6011 2 6181
1878 64 31913 3 32080
1879 20 24986 1 25129
1880 68 53752 3 53986
1881 57 7596 1 7946
1882 10 5644 4 5925
1883 3 44122 4 44243
1884 82 9678 2 9817
1885 18 27258 4 27309
1886 33 52852 3 53062
1887 30 5644 5 5762
1888 2 9130 6 9767
1889 30 33248 4 33409
1890 68 3294 1 3448
1891 3 5801 2 6148
1892 12 16776 1 16809
1893 21 45865 3 46179
1894 21 6197 1 6213
1895 72 25306 2 25540
1896 37 6 3 297
1897 68 24379 1 25049
1898 45 10315 1 10587
1899 45 20734 3 20948
1900 21 13397 4 13531
1901 84 18836 2 19823
1902 21 44103 4 44177
1903 6 17756 4 17802
1904 2 36966 1 37087
1905 50 13022 2 13335
1906 35 46763 3 47604
1907 49 2283 1 2416
1908 42 23081 2 24002
1909 21 10703 2 11434
1910 5 26141 2 26870
1911 26 71 1 213
1912 46 30323 2 30553
1913 21 8892 5 8981
1914 26 21966 1 22901
1915 32 42849 5 42989
1916 33 1476 4 1680
1917 59 19501 2 19858
1918 67 46552 2 47483
1919 33 29532 4 29700
1920 35 38343 4 38364
1921 21 18322 5 18499
1922 37 10297 3 10396
1923 13 22019 1 22341
1924 13 46128 2 46256
1925 2 1005 2 1023
1926 68 47413 4 47789
1927 55 13022 1 13138
1928 65 19633 1 19938
1929 56 38343 3 39050
1930 2 17572 2 17587
1931 4 47413 2 47560
1932 1 17318 1 17459
1933 68 50697 1 50768
1934 45 8621 2 8713
1935 50 28646 4 29386
1936 13 39940 2 40210
1937 29 19285 1 19409
1938 42 1476 1 1525
1939 37 4856 4 5644
1940 46 12570 2 12705
1941 47 26641 2 26836
1942 21 3924 1 4266
1943 2 44122 1 44168
1944 28 5477 3 6199
1945 64 15851 3 16015
1946 34 30323 4 31262
1947 49 26589 1 26664
1948 6 17452 3 17718
1949 84 11900 1 12208
1950 29 43834 3 43933
1951 70 36838 4 36892
1952 33 2419 5 2677
1953 82 33292 5 33437
1954 2 51791 1 52146
1955 35 6011 3 6270
1956 58 20123 5 20973
1957 48 915 3 1032
1958 80 44122 3 44926
1959 21 48777 5 48802
1960 68 49130 4 49221
1961 65 4856 3 4948
1962 42 40312 6 40426
1963 21 38634 1 39595
1964 68 41934 1 42801
1965 70 16492 2 16588
1966 76 32089 2 32737
1967 26 50697 2 50722
1968 3 4460 5 4663
1969 5 42296 2 42446
1970 69 26141 2 26273
1971 77 46552 6 46696
1972 2 45459 3 45817
1973 59 22836 2 22946
1974 33 6812 4 6885
1975 59 10777 3 10845
1976 48 31551 2 31896
1977 2 40312 5 40616
1978 59 41934 4 42055
1979 79 24418 3 24561
1980 26 20541 2 20630
1981 59 47913 1 48375
1982 39 12253 7 12417
1983 68 33113 7 33452
1984 58 54877 4 55194
1985 26 47670 1 49130
1986 2 51283 3 51485
1987 18 51372 3 52170
1988 78 51791 4 51912
1989 56 50697 3 50909
1990 35 50902 5 51169
1991 26 19559 1 19585
1992 39 55529 4 55817
1993 84 44781 1 44995
1994 39 29341 5 29588
1995 33 7925 2 8225
1996 37 13420 2 13710
1997 13 41292 3 41613
1998 29 24212 2 24275
1999 68 43933 1 44264
2000 42 42594 5 43528
2001 64 39940 4 40035
2002 8 15984 3 16226
2003 77 45459 5 46458
2004 32 22406 7 22745
2005 73 43575 4 44558
2006 2 51894 2 52166
2007 68 21080 1 21373
2008 28 19938 3 20031
2009 64 52648 4 53611
2010 45 12458 3 13147
2011 21 37974 4 38203
2012 68 26866 1 28225
2013 33 50697 1 51125
2014 56 52158 2 52313
2015 35 10703 1 11544
2016 33 4460 5 4506
2017 46 32089 1 32899
2018 59 9948 1 10197
2019 28 49228 2 50254
2020 33 24182 3 24423
2021 79 42296 2 42618
2022 73 31606 7 31908
2023 5 6226 2 6296
2024 26 16554 1 16717
2025 79 9701 3 10345
2026 2 7497 5 7671
2027 22 31551 2 31600
2028 30 17315 7 17348
2029 32 26141 3 26323
2030 4 12670 1 13050
2031 68 53600 2 53717
2032 59 12458 2 12509
2033 72 32089 1 32276
2034 32 17853 6 18676
2035 4 44032 1 44876
2036 21 36627 5 37256
2037 35 24418 2 24528
2038 43 3808 3 3866
2039 56 5963 3 6293
2040 73 46128 4 46352
2041 35 23772 6 24120
2042 77 14876 6 14973
2043 42 54877 3 55055
2044 82 16745 3 17002
2045 32 17302 7 17535
2046 19 13501 1 13742
2047 13 52158 3 52352
2048 8 24212 1 24534
2049 62 20692 6 20869
2050 30 41449 6 42252
2051 46 13202 2 13867
2052 67 20016 6 20047
2053 12 53931 3 54234
2054 70 9635 2 10738
2055 2 3457 1 3601
2056 2 17148 1 17302
2057 41 41934 2 42208
2058 41 40 2 826
2059 28 17591 1 17811
2060 3 29096 2 29118
2061 32 41934 4 42097
2062 79 38 3 363
2063 82 49130 3 50051
2064 77 49130 3 50046
2065 37 30969 3 31270
2066 33 49228 3 49387
2067 10 32698 1 32940
2068 9 47413 5 47636
2069 79 29604 3 29894
2070 68 49682 1 50603
2071 25 20016 3 20063
2072 32 26768 4 27624
2073 5 39595 3 39722
2074 7 40312 2 40979
2075 23 4856 1 5756
2076 77 2031 1 2208
2077 68 49308 1 49552
2078 37 23995 1 24100
2079 56 19285 4 19583
2080 21 32698 1 33571
2081 45 32741 2 33002
2082 28 34934 1 35186
2083 77 37288 3 38079
2084 24 45459 3 45568
2085 6 10080 1 10307
2086 68 21373 3 21980
2087 2 53987 3 54067
2088 68 55311 5 55376
2089 50 54419 4 54551
2090 5 4202 4 4500
2091 49 47670 2 47818
2092 55 41121 1 41163
2093 35 51283 5 51408
2094 18 34934 1 35718
2095 2 47974 6 48108
2096 69 49130 2 49400
2097 21 6988 1 7688
2098 37 36283 4 37123
2099 26 41449 1 41485
2100 23 17452 3 17780
2101 30 44032 3 44742
2102 5 37633 3 37707
2103 59 9130 2 9463
2104 21 48528 6 48777
2105 6 38024 4 38256
2106 41 21080 1 21113
2107 50 54877 2 55575
2108 56 26141 2 26455
2109 11 27455 6 27752
2110 59 41851 3 41934
2111 31 17853 2 18156
2112 25 14876 4 15130
2113 50 17853 2 18039
2114 82 19938 7 19972
2115 77 31167 3 31363
2116 69 29532 4 29789
2117 68 20016 3 20171
2118 29 10703 2 10889
2119 47 46526 4 46767
2120 55 24702 2 25317
2121 21 25239 1 25306
2122 68 45622 4 46507
2123 32 23772 1 23937
2124 36 52648 7 53433
2125 35 24182 3 24437
2126 42 3057 4 3204
2127 70 37288 5 38010
2128 2 16527 1 16745
2129 28 7925 4 8123
2130 26 54936 6 54982
2131 21 20554 1 20739
2132 8 21936 2 21997
2133 62 31913 6 32825
2134 21 21889 8 21936
2135 37 206 1 458
2136 21 6197 1 6452
2137 64 37891 1 38117
2138 68 34875 1 35156
2139 59 31913 1 32842
2140 29 23995 1 24099
2141 58 5477 3 5756
2142 37 4043 3 4259
2143 53 26141 1 26422
2144 80 23995 6 24312
2145 30 8496 1 9159
2146 18 37072 1 37189
2147 39 22836 7 22931
2148 68 37288 4 37333
2149 37 48777 1 48937
2150 2 43575 2 43718
2151 37 30541 2 30791
2152 35 28401 1 29038
2153 33 33113 4 33294
2154 28 17853 1 19986
2155 21 37845 2 37934
2156 39 16554 2 16814
2157 68 22406 1 22570
2158 79 23403 2 24153
2159 70 41310 2 41533
2160 13 14876 3 15539
2161 33 27842 1 27930
2162 68 23081 1 23334
2163 26 23772 2 23923
2164 4 38767 1 39432
2165 2 27415 4 28401
2166 41 26694 1 27125
2167 67 3057 2 3701
2168 33 39679 3 39821
2169 53 29096 1 29446
2170 73 15232 4 15285
2171 56 11900 3 12061
2172 5 55105 3 55445
2173 59 32698 3 33081
2174 72 20734 7 21702
2175 37 2263 2 3132
2176 12 42873 3 43174
2177 24 25014 1 25101
2178 68 38508 3 38718
2179 72 38333 4 39145
2180 56 36500 2 37387
2181 26 10297 1 10325
2182 74 37891 3 37965
2183 51 50876 2 50997
2184 62 49130 3 49553
2185 59 22019 1 23081
2186 4 49 1 308
2187 27 52648 6 52823
2188 80 24986 6 25206
2189 8 35134 1 35397
2190 13 34761 2 34947
2191 50 37288 4 37503
2192 4 11584 2 11774
2193 20 32901 1 32999
2194 80 15914 4 16233
2195 71 6633 1 6747
2196 56 54419 2 54768
2197 21 16554 1 16939
2198 79 26141 2 26314
2199 83 11733 4 11809
2200 4 30497 2 30565
2201 4 23229 1 23301
2202 5 34575 2 34736
2203 68 13357 1 13501
2204 68 9948 2 10591
2205 4 54419 1 54739
2206 18 53931 1 54628
2207 37 33113 5 33159
2208 55 27205 1 27290
2209 8 40134 3 40242
2210 71 51894 1 51985
2211 32 19285 6 19390
2212 33 41934 2 42134
2213 43 20016 6 20319
2214 25 23229 2 23306
2215 42 48077 5 48405
2216 39 4951 5 5046
2217 70 32698 4 32811
2218 25 15232 4 15431
2219 37 18837 2 18965
2220 79 11733 3 12516
2221 2 45865 1 46128
2222 33 24976 2 25017
2223 68 35573 1 36063
2224 21 349 2 368
2225 78 12888 3 13860
2226 68 20758 2 20935
2227 6 29195 4 29388
2228 37 24737 3 25575
2229 73 21574 2 21764
2230 56 5644 3 5665
2231 59 17591 1 18752
2232 2 3601 1 3825
2233 39 23995 4 24061
2234 77 15851 7 15902
2235 6 16554 4 16581
2236 3 20758 5 20773
2237 41 48077 2 48355
2238 21 6155 6 6197
2239 8 31913 2 32036
2240 28 1493 2 1729
2241 21 11926 3 11973
2242 41 23735 1 23899
2243 76 49666 3 49708
2244 26 46128 3 46342
2245 49 53987 3 54318
2246 65 37845 2 38190
2247 21 11973 8 12062
2248 76 2283 4 2533
2249 21 23229 1 23292
2250 59 54936 3 55009
2251 65 9274 1 9323
2252 40 12570 2 12810
2253 73 2057 1 2821
2254 25 19285 4 19976
2255 37 29144 1 29245
2256 59 23772 3 24010
2257 66 46763 4 47091
2258 26 40452 4 40551
2259 59 48667 3 49228
2260 37 22479 2 22762
2261 18 3601 1 3718
2262 25 21662 5 21711
2263 56 23403 4 23446
2264 52 43101 1 43813
2265 4 40259 1 40363
2266 11 9487 5 9799
2267 42 6197 5 6531
2268 62 16554 6 17160
2269 21 5963 2 6155
2270 37 25650 4 25978
2271 69 4856 3 4891
2272 79 26866 1 26963
2273 70 54419 2 55075
2274 28 12570 4 12656
2275 2 17534 3 17572
2276 79 8095 1 8403
2277 13 47059 3 47103
2278 49 43203 1 44062
2279 42 5821 1 5987
2280 42 1722 1 2637
2281 59 21955 1 22019
2282 21 40134 4 41079
2283 80 5477 7 5596
2284 68 46507 7 46670
2285 2 52633 3 52852
2286 32 10638 5 10819
2287 63 17315 3 17421
2288 3 53250 1 53350
2289 68 30497 1 30812
2290 69 2470 3 2718
2291 4 11926 1 12570
2292 21 8621 4 8651
2293 52 72 3 215
2294 24 23995 3 24178
2295 51 52158 1 52270
2296 3 39595 3 39794
2297 37 28523 5 29144
2298 37 55105 1 55279
2299 2 13699 8 13779
2300 37 10638 2 10703
2301 30 39595 8 39915
2302 26 39385 4 39592
2303 30 47974 2 48219
2304 56 48859 2 49013
2305 47 37891 4 38780
2306 57 23403 1 24258
2307 6 54936 4 54948
2308 79 17756 3 17927
2309 18 8621 1 8798
2310 68 34761 1 34813
2311 51 10315 3 10414
2312 59 10917 1 11218
2313 41 30759 2 30861
2314 13 47974 3 48002
2315 43 17853 4 18167
2316 68 31627 5 31705
2317 59 54877 4 54909
2318 49 21813 1 21932
2319 28 3239 2 3334
2320 70 6633 4 7724
2321 32 426 3 701
2322 74 24751 3 24781
2323 46 3563 1 3779
2324 1 17572 2 17836
2325 2 46763 5 47400
2326 18 37333 3 37495
2327 4 21983 1 22406
2328 26 44781 6 44922
2329 1 27258 6 27388
2330 41 9274 2 9355
2331 68 11733 2 11900
2332 30 24751 4 24911
2333 21 39595 1 39940
2334 21 17756 4 17987
2335 3 52161 1 52506
2336 3 44122 2 44219
2337 72 53250 3 53317
2338 21 2031 4 2050
2339 32 7688 3 8022
2340 58 48355 4 48376
2341 68 3421 5 3457
2342 39 29096 1 29341
2343 20 19559 2 19906
2344 30 33796 5 34086
2345 73 40452 2 40798
2346 55 6812 2 7069
2347 39 23403 2 23495
2348 7 46128 4 46309
2349 13 4528 5 4588
2350 21 20541 2 20554
2351 57 42849 2 43130
2352 21 43933 3 44745
2353 64 19568 1 19617
2354 41 6011 1 6590
2355 56 42948 5 43818
2356 56 31913 3 32205
2357 30 6812 1 6923
2358 81 23081 4 23249
2359 41 25306 2 25543
2360 45 36627 5 36893
2361 77 1092 4 1209
2362 21 42594 1 43735
2363 37 9585 1 9668
2364 73 49141 2 49773
2365 83 24418 3 25311
2366 59 26737 2 27415
2367 5 15098 2 15719
2368 64 13066 3 13096
2369 4 15285 1 15423
2370 66 17318 8 18046
2371 59 59 2 1006
2372 36 38767 6 39015
2373 47 7497 4 7539
2374 3 1166 2 1350
2375 2 12888 4 13066
2376 23 40134 1 40289
2377 2 2283 7 2345
2378 26 52053 2 52160
2379 4 13038 1 15007
2380 13 49666 5 49771
2381 18 6226 4 6320
2382 18 11584 4 11927
2383 58 9948 5 10180
2384 70 46128 2 47034
2385 35 21983 1 22005
2386 59 24418 1 24526
2387 25 47974 4 48276
2388 76 30857 1 31014
2389 56 6633 2 6740
2390 35 17452 2 17698
2391 22 43101 2 44064
2392 30 48859 3 48907
2393 68 1444 6 1598
2394 37 35468 1 35625
2395 70 23081 2 23335
2396 2 16745 3 17036
2397 21 8095 1 8217
2398 37 696 1 915
2399 13 48859 4 49050
2400 53 54006 3 54277
2401 32 7596 5 7678
2402 26 5693 2 6526
2403 30 15098 2 15396
2404 2 14876 5 14962
2405 76 3924 1 4153
2406 48 22019 4 22210
2407 75 19501 3 20287
2408 47 54419 3 54646
2409 72 47413 2 48161
2410 76 23995 3 24088
2411 32 11926 4 12126
2412 37 40944 2 41121
2413 80 45429 1 46093
2414 41 5576 1 5784
2415 11 1504 5 1563
2416 39 12888 5 13176
2417 68 35862 3 36140
2418 23 2608 1 2807
2419 72 52161 4 52218
2420 59 53457 2 53824
2421 32 36662 6 36839
2422 21 24986 5 25060
2423 73 24976 2 25251
2424 49 41334 1 42124
2425 3 47789 7 47875
2426 5 12888 1 13133
2427 5 33113 4 33400
2428 59 21813 1 21955
2429 77 4951 1 5277
2430 79 32741 1 33073
2431 53 36838 3 36903
2432 69 31010 1 31244
2433 68 36500 4 36662
2434 21 17318 1 17334
2435 41 38501 1 39598
2436 37 51283 1 52158
2437 79 34771 1 34865
2438 10 48667 3 49401
2439 52 41934 1 42928
2440 69 48528 1 48749
2441 70 48376 1 49464
2442 2 5477 3 5772
2443 35 6633 2 6946
2444 26 38333 2 39978
2445 33 34934 5 34962
2446 28 53600 1 53619
2447 57 40259 1 41243
2448 73 28646 4 29532
2449 57 12888 1 13008
2450 35 33248 3 33560
2451 5 53931 2 54147
2452 2 41310 1 42140
2453 47 20016 1 20083
2454 80 30460 2 30471
2455 68 37333 6 37579
2456 80 36627 5 36760
2457 22 54877 1 55854
2458 26 14876 2 14939
2459 21 30324 1 31589
2460 49 45429 1 45503
2461 8 9585 2 9723
2462 50 27842 3 28089
2463 68 35156 3 35485
2464 79 57170 2 57363
2465 57 386 1 620
2466 35 43374 6 44318
2467 35 14876 6 15192
2468 79 36283 3 36911
2469 35 32089 5 32266
2470 56 8095 4 8230
2471 5 43374 2 43486
2472 43 43234 3 43486
2473 56 27258 5 27489
2474 7 29588 5 29759
2475 68 21373 3 22495
2476 49 52158 1 52425
2477 20 7596 1 7626
2478 4 33113 2 33230
2479 68 15984 5 16976
2480 56 47974 5 48052
2481 13 17314 1 18033
2482 32 13420 4 13687
2483 41 21226 1 22832
2484 64 32772 1 33061
2485 42 16527 3 16872
2486 21 37288 2 37575
2487 28 52648 5 52894
2488 13 48777 4 48849
2489 2 53169 4 53259
2490 16 17374 2 17497
2491 47 10297 3 11043
2492 4 22570 2 22983
2493 37 15914 1 15960
2494 13 19285 3 19535
2495 68 23374 2 23472
2496 68 47789 2 48058
2497 73 8621 5 8758
2498 35 17756 4 18082
2499 25 23081 6 23181
2500 50 22406 2 22454
2501 37 9701 3 9952
2502 59 24010 1 24078
2503 26 46765 2 47059
2504 3 37333 5 37407
2505 12 18163 2 18885
2506 67 26641 7 26989
2507 37 48418 4 48436
2508 64 17374 1 17685
2509 69 19285 2 19480
2510 53 24976 1 25184
2511 26 29306 2 30551
2512 65 40134 1 40458
2513 79 13420 3 13632
2514 13 1476 2 1541
2515 56 15851 1 16083
2516 68 36283 6 36500
2517 37 9678 4 9701
2518 28 8981 3 9222
2519 14 31913 4 32034
2520 21 31913 3 32027
2521 14 12570 5 12722
2522 5 49130 3 49450
2523 2 40616 1 40722
2524 80 8408 6 8586
2525 13 11965 1 12761
2526 68 15285 1 15727
2527 39 1729 2 1952
2528 14 47059 1 47128
2529 13 39531 3 39781
2530 41 28972 2 29086
2531 32 32181 5 32403
2532 30 11584 4 11772
2533 78 29096 4 29221
2534 42 30323 1 30472
2535 69 41934 1 42178
2536 4 20541 1 20648
2537 61 26688 6 26991
2538 79 30324 1 30440
2539 65 43101 1 44402
2540 18 6011 4 6138
2541 53 6812 3 7010
2542 30 46128 3 46321
2543 84 17314 3 18024
2544 32 24751 3 24942
2545 80 23081 6 23936
2546 30 36838 8 36919
2547 32 21080 2 21935
2548 72 121 5 816
2549 68 38963 3 39175
2550 10 16974 1 17108
2551 13 48077 3 48235
2552 3 45429 7 45755
2553 14 24702 2 25019
2554 10 15914 6 16172
2555 10 17314 2 17440
2556 64 34585 2 34608
2557 73 21080 5 21389
2558 37 14876 1 15232
2559 68 46670 3 46964
2560 26 33248 5 33438
2561 52 37288 2 37342
2562 2 12186 5 12444
2563 50 8408 3 8554
2564 4 19938 2 20251
2565 41 19717 2 20037
2566 4 12570 1 12627
2567 3 40134 1 40364
2568 57 49130 2 49220
2569 32 24538 4 24638
2570 13 47413 6 47672
2571 33 54877 2 55285
2572 32 12670 1 12929
2573 3 386 7 1046
2574 65 21080 1 26704
2575 35 20262 1 20531
2576 26 3236 2 3311
2577 21 5477 2 5659
2578 18 24657 3 24734
2579 7 21315 4 21491
2580 50 46507 2 47479
2581 42 47265 1 47910
2582 65 27258 2 28076
2583 26 10703 4 10734
2584 39 11965 3 12060
2585 24 17572 2 17726
2586 25 18322 3 18371
2587 32 33555 5 34540
2588 27 34575 3 34637
2589 28 7596 1 7628
2590 50 50735 3 50893
2591 46 26295 2 26376
2592 32 2031 3 2050
2593 79 15984 1 16174
2594 35 29195 7 29841
2595 83 12458 2 12701
2596 66 52852 8 52965
2597 59 29588 1 29886
2598 26 17896 1 18163
2599 3 13022 2 13349
2600 34 40134 4 41002
2601 26 19285 1 19559
2602 55 25490 1 25716
2603 50 48859 2 49019
2604 62 48077 4 48957
2605 37 7596 4 7667
2606 35 46552 3 46563
2607 26 43718 1 44103
2608 30 32698 1 32946
2609 39 4043 2 4123
2610 2 53169 1 53503
2611 49 25239 2 25276
2612 56 49666 1 50660
2613 59 8335 2 8854
2614 25 17587 2 17607
2615 72 46128 6 46203
2616 55 36283 2 37182
2617 18 22482 2 22606
2618 82 7668 1 7885
2619 35 8702 1 8856
2620 57 24751 2 24907
2621 28 43933 2 44097
2622 39 17591 2 17808
2623 59 50749 2 50876
2624 80 20016 6 20077
2625 71 29096 3 29336
2626 73 11584 4 11742
2627 33 4856 4 5050
2628 56 28682 2 28903
2629 45 21966 6 22082
2630 35 3294 5 3421
2631 6 48355 1 48387
2632 78 27258 4 27381
2633 59 53250 2 53389
2634 81 11900 2 12236
2635 5 27258 2 27493
2636 2 55838 3 56512
2637 28 4716 5 4806
2638 56 12888 1 13164
2639 50 32181 3 32524
2640 76 11900 2 12169
2641 21 12509 2 12614
2642 2 47974 1 49531
2643 67 31627 7 31780
2644 9 696 3 1041
2645 53 16221 1 16345
2646 79 20262 3 20505
2647 26 55105 1 55245
2648 28 386 3 1377
2649 39 54006 5 54194
2650 26 7688 3 7765
2651 30 24038 2 24604
2652 73 30759 1 31029
2653 42 32901 1 33671
2654 51 39679 2 40008
2655 68 31913 1 31935
2656 78 4036 1 4379
2657 42 39595 5 40261
2658 40 2608 4 3474
2659 2 8702 3 8816
2660 8 36627 1 36869
2661 4 52160 2 52358
2662 3 44486 1 44615
2663 80 16527 4 16549
2664 4 1493 1 2029
2665 74 44742 3 45021
2666 49 10777 1 10820
2667 3 53931 2 53982
2668 65 47265 1 47474
2669 62 8107 7 8412
2670 59 23596 2 23735
2671 25 35902 4 35986
2672 37 53931 5 54877
2673 26 9358 3 10099
2674 33 53987 1 54065
2675 84 43101 1 43384
2676 67 17452 4 17731
2677 41 48355 1 48571
2678 83 38501 4 38618
2679 62 36627 7 36851
2680 33 51751 2 52085
2681 26 20630 4 20734
2682 13 49157 2 49437
2683 59 36838 3 37072
2684 49 35156 4 35283
2685 39 23229 3 24049
2686 14 32089 5 32114
2687 8 2031 1 2168
2688 42 3457 5 4150
2689 21 34934 1 35059
2690 59 46670 2 47336
2691 79 40134 1 40300
2692 25 15984 4 16167
2693 26 19285 4 19949
2694 65 14876 2 15123
2695 56 4528 2 4698
2696 2 24379 2 24614
2697 41 51791 1 53289
2698 2 19285 5 19555
2699 29 5801 3 6085
2700 76 24379 4 24607
2701 28 26141 1 27247
2702 54 50697 3 50883
2703 26 34575 1 34793
2704 70 15914 2 16062
2705 2 12458 4 13434
2706 66 7668 8 7915
2707 25 48355 2 48686
2708 81 19479 5 20086
2709 59 42873 4 43103
2710 68 23472 1 24184
2711 2 40134 1 40312
2712 21 30049 2 30324
2713 53 7925 4 8202
2714 33 26589 3 27222
2715 5 19479 4 20419
2716 43 826 7 993
2717 48 2608 1 2931
2718 26 16033 2 16267
2719 73 31913 2 32182
2720 3 4856 2 5032
2721 66 19938 5 20246
2722 13 23229 7 23506
2723 8 16554 1 16820
2724 29 10297 2 10521
2725 35 36283 3 36306
2726 59 45429 1 45712
2727 42 19938 2 20006
2728 37 22479 1 22868
2729 7 7668 4 8315
2730 20 24100 1 24150
2731 62 2031 8 2176
2732 35 2263 3 3052
2733 80 7667 5 8372
2734 73 22406 1 23305
2735 68 53987 3 54290
2736 2 22482 1 23032
2737 30 34585 1 35110
2738 22 19938 1 20167
2739 73 7596 5 8471
2740 68 16976 1 17039
2741 57 49739 2 50515
2742 26 4177 6 4202
2743 5 2608 1 3258
2744 5 43575 3 43639
2745 35 52852 6 53124
2746 21 24538 2 24657
2747 81 36500 1 36575
2748 50 27258 3 27315
2749 57 48777 2 48939
2750 59 21662 4 21813
2751 41 26141 2 26298
2752 7 40134 4 40299
2753 46 21955 2 22302
2754 21 41449 3 41468
2755 56 41934 1 41981
2756 15 26549 6 26570
2757 13 31935 3 31966
2758 59 12888 2 13925
2759 26 42021 3 42296
2760 37 3563 4 3609
2761 30 12547 7 13545
2762 26 24538 2 25334
2763 2 44044 8 44122
2764 28 37288 3 37588
2765 14 13501 4 13646
2766 39 17314 6 17526
2767 30 42594 3 42750
2768 59 51283 2 51338
2769 81 22406 3 22463
2770 42 49666 3 49929
2771 35 23207 2 23538
2772 64 39385 2 39425
2773 65 11926 1 13416
2774 30 44742 6 45391
2775 57 2283 2 2556
2776 59 9585 3 9702
2777 68 44449 1 44664
2778 48 43101 2 43234
2779 76 3609 2 3901
2780 62 20959 5 21776
2781 32 15984 3 16656
2782 64 35156 3 35348
2783 32 8408 5 8477
2784 79 54936 1 55704
2785 48 53752 3 53891
2786 10 41121 6 41263
2787 4 7688 1 8382
2788 28 3057 1 3239
2789 48 21299 3 21616
2790 26 7668 3 7925
2791 21 8981 5 9007
2792 83 31010 4 31110
2793 61 23081 4 23192
2794 26 49130 6 49319
2795 26 31606 4 31740
2796 51 44122 2 44175
2797 3 21373 2 21712
2798 82 17452 3 18167
2799 82 72 7 853
2800 42 46552 3 46885
2801 32 45429 6 45676
2802 26 45429 1 45609
2803 59 41310 2 41409
2804 72 51791 5 51864
2805 41 47870 1 48077
2806 5 4528 2 4695
2807 65 7 1 1247
2808 28 53 1 386
2809 57 46128 1 46285
2810 68 22887 4 23051
2811 35 31627 3 31873
2812 2 42021 6 42347
2813 80 39940 4 40227
2814 73 47413 8 47516
2815 26 11615 2 11900
2816 21 23081 3 23995
2817 76 39940 3 40708
2818 43 12186 4 12957
2819 34 24702 4 24920
2820 26 7925 1 8289
2821 59 55105 2 55269
2822 35 16939 2 17288
2823 7 31913 6 31943
2824 10 54936 1 55756
2825 13 3609 2 4477
2826 35 55165 2 55460
2827 48 29588 3 29895
2828 68 4460 1 5366
2829 39 49130 3 49411
2830 71 42873 3 42953
2831 78 43101 6 43277
2832 48 7925 4 7968
2833 28 51283 2 51333
2834 59 16974 4 17314
2835 35 22836 2 22899
2836 50 40134 4 40891
2837 59 17591 2 17935
2838 69 12888 2 13102
2839 73 20016 4 20915
2840 68 22570 1 22836
2841 48 15098 1 15127
2842 81 22482 4 22685
2843 10 46765 6 47109
2844 32 43933 2 44012
2845 5 40134 4 40182
2846 56 16091 3 16348
2847 68 32698 5 32725
2848 64 4528 1 4603
2849 72 46552 6 46722
2850 52 16974 3 17258
2851 62 12221 2 13063
2852 41 19500 1 19717
2853 2 4486 2 4716
2854 14 26866 4 27008
2855 21 22406 1 23030
2856 8 3808 1 4067
2857 18 37633 2 38015
2858 30 47670 7 47773
2859 21 28401 4 28710
2860 41 45429 1 45470
2861 2 6807 1 8702
2862 10 12293 3 12303
2863 2 41505 5 41788
2864 21 48859 1 49141
2865 2 4363 6 4486
2866 4 7497 2 7686
2867 64 43933 3 44207
2868 36 4856 5 4900
2869 5 52158 3 53151
2870 74 16111 2 16302
2871 70 12570 1 12753
2872 10 46128 5 46342
2873 34 41851 6 41908
2874 10 19633 2 20583
2875 13 2499 4 2608
2876 64 29 2 145
2877 26 45622 1 45702
2878 2 13066 3 13281
2879 73 17572 6 17786
2880 2 17756 3 17944
2881 81 42594 4 42680
2882 47 42873 1 43777
2883 21 3057 3 3381
2884 26 16939 2 17208
2885 56 25014 2 25340
2886 67 1476 1 1746
2887 6 29588 2 29690
2888 42 24010 2 24271
2889 13 30323 4 31110
2890 35 7668 3 7793
2891 5 13420 2 13596
2892 49 25014 2 25045
2893 28 35667 4 36384
2894 80 2608 4 3429
2895 41 55549 2 55745
2896 21 49141 1 50152
2897 21 13397 3 14441
2898 59 29156 3 29252
2899 68 48315 1 48492
2900 69 54877 3 55576
2901 6 22406 2 22755
2902 2 49666 2 49696
2903 21 32075 1 32350
2904 2 3057 2 3283
2905 30 37288 3 37565
2906 12 22019 2 22229
2907 26 5644 2 5875
2908 59 1166 1 1509
2909 77 54936 3 55094
2910 13 40944 2 41042
2911 69 16907 1 17786
2912 8 7596 1 7917
2913 49 18163 4 19115
2914 77 51791 2 52732
2915 21 32089 3 32146
2916 32 1166 4 1256
2917 49 23081 4 23309
2918 21 21966 4 22141
2919 70 28401 2 28854
2920 2 17314 1 17534
2921 13 4635 1 4764
2922 21 41851 3 42044
2923 68 26549 3 26866
2924 37 9487 3 9585
2925 50 30497 2 30702
2926 2 40259 3 40273
2927 41 20739 2 20991
2928 59 20734 2 20885
2929 21 32901 7 33086
2930 51 39385 3 39426
2931 21 50697 3 50735
2932 3 8621 6 9304
2933 13 35156 5 35405
2934 25 46552 4 46627
2935 42 6812 3 7468
2936 2 34771 6 34856
2937 56 42296 1 42944
2938 35 36838 2 37738
2939 18 54877 4 55006
2940 21 12253 1 12888
2941 21 46179 2 46614
2942 51 45429 1 46285
2943 68 8758 3 9635
2944 83 41310 2 41552
2945 24 11218 2 11480
2946 1 47870 6 48150
2947 4 19459 2 19827
2948 35 6011 2 6343
2949 4 49228 1 49407
2950 49 38767 3 39537
2951 42 42296 3 42311
2952 65 20171 3 20202
2953 14 43718 1 43730
2954 18 15914 3 16770
2955 56 34934 2 34945
2956 18 32772 1 32825
2957 23 20739 3 21011
2958 21 50902 6 51006
2959 50 7925 1 8210
2960 65 48859 1 49730
2961 21 42296 7 42594
2962 69 39385 1 39466
2963 37 7667 4 7846
2964 21 18578 2 18798
2965 37 34585 2 34679
2966 49 50152 2 50288
2967 56 915 2 1841
2968 33 36838 3 37039
2969 37 43933 2 44169
2970 26 49319 1 49666
2971 79 48859 2 49468
2972 21 33571 1 33619
2973 45 27842 2 28594
2974 68 101 2 400
2975 49 29096 1 29189
2976 78 47059 4 47219
2977 32 1722 1 1969
2978 37 48188 4 48418
2979 42 4202 5 4294
2980 45 52990 1 53205
2981 27 10080 5 10778
2982 25 28682 6 28927
2983 52 23995 1 24235
2984 19 22019 5 22253
2985 21 24702 2 24986
2986 70 45429 2 45810
2987 3 15984 5 16020
2988 33 5477 1 6237
2989 23 12278 2 12288
2990 65 31913 1 31978
2991 49 24379 3 24575
2992 80 21574 4 22530
2993 66 21226 5 21335
2994 57 27355 1 27571
2995 26 10099 5 10297
2996 73 46507 2 47413
2997 21 2592 3 2835
2998 1 11733 1 11987
2999 18 14876 1 15080
3000 21 4266 3 4459
3001 59 21315 1 21620
3002 64 17853 1 17949
3003 75 35156 2 35256
3004 26 53752 4 54009
3005 3 32901 4 33072
3006 18 1647 4 1991
3007 39 9130 5 9174
3008 57 26641 1 26827
3009 21 35625 4 35862
3010 10 932 6 1009
3011 81 15984 1 16198
3012 68 52698 2 52831
3013 30 386 1 659
3014 47 8981 4 9128
3015 84 8408 1 8581
3016 41 23081 2 23489
3017 30 20541 2 21175
3018 45 37891 6 37946
3019 30 54877 1 55277
3020 41 48667 1 48789
3021 37 349 1 696
3022 10 14876 3 15055
3023 37 41334 1 41515
3024 26 34875 1 35690
3025 64 12509 1 12799
3026 58 1169 2 1416
3027 45 2057 6 2374
3028 39 30969 5 31154
3029 3 52852 1 52918
3030 68 43101 1 43933
3031 32 23081 5 23250
3032 33 47974 3 48967
3033 69 10297 1 10395
3034 47 30049 2 30145
3035 37 41121 3 41170
3036 21 53600 1 54006
3037 23 30941 1 31025
3038 69 24010 3 24074
3039 33 14876 4 15165
3040 14 6812 1 7135
3041 32 16974 2 17166
3042 33 25306 4 25456
3043 41 42428 1 42618
3044 68 13779 2 14024
3045 57 32698 1 32776
3046 26 12458 2 12651
3047 2 46128 7 46352
3048 32 9130 3 10115
3049 70 17572 2 17823
3050 21 49130 2 49969
3051 21 39940 7 40004
3052 30 30049 3 30104
3053 6 52990 1 53137
3054 4 37333 2 37600
3055 48 21080 1 21165
3056 2 12186 1 12702
3057 35 15851 3 15913
3058 41 43718 1 44061
3059 34 47265 3 47276
3060 4 33248 1 34585
3061 5 47413 1 47654
3062 64 6812 4 7016
3063 73 42849 4 43104
3064 42 52158 6 52477
3065 79 40452 2 40636
3066 80 22570 5 22708
3067 34 32901 1 33236
3068 48 31913 3 32221
3069 8 53169 1 53396
3070 78 39385 4 39568
3071 26 24379 5 24453
3072 68 54419 1 55105
3073 41 16907 1 17080
3074 33 10542 1 11425
3075 18 9635 3 9853
3076 39 10080 4 10177
3077 26 5477 3 5554
3078 69 8621 4 9585
3079 62 53117 3 53991
3080 69 21966 2 22184
3081 37 23207 3 23344
3082 30 26641 3 26981
3083 42 51791 4 51810
3084 66 11733 7 11972
3085 57 33796 2 34507
3086 57 47789 2 48017
3087 84 5963 2 6589
3088 65 7497 3 7690
3089 49 27258 4 27381
3090 4 21080 2 21983
3091 53 39940 2 40181
3092 75 40134 3 40263
3093 59 47974 3 48019
3094 53 19559 4 19682
3095 71 17315 1 17362
3096 65 30759 2 30977
3097 37 50747 1 50775
3098 37 34575 2 35134
3099 26 30551 1 31670
3100 37 39531 4 39679
3101 41 41175 2 41345
3102 37 24100 5 24379
3103 81 26141 2 26489
3104 44 32698 2 33361
3105 69 30460 1 30686
3106 39 37891 1 38135
3107 30 31551 3 31900
3108 50 5644 1 5916
3109 39 437 4 680
3110 21 18499 1 18578
3111 45 16492 1 17192
3112 68 105 3 248
3113 48 46552 3 46795
3114 64 38501 2 38616
3115 1 44486 1 44779
3116 23 52852 3 53202
3117 25 11965 6 12000
3118 82 3132 4 3740
3119 70 8408 1 8539
3120 41 16460 1 16836
3121 2 24976 2 25364
3122 2 6226 2 6292
3123 32 1806 3 1963
3124 73 24657 7 24976
3125 7 19938 4 20176
3126 2 28401 8 29274
3127 66 14962 7 14992
3128 13 21813 6 21974
3129 60 29096 3 29371
3130 21 2263 6 2419
3131 79 46552 1 46740
3132 13 44122 3 44371
3133 2 386 4 448
3134 53 49141 4 49301
3135 68 53117 1 53279
3136 21 12888 5 13038
3137 37 17928 1 18657
3138 59 36627 2 36652
3139 82 52358 4 52466
3140 21 9130 1 10116
3141 79 52158 2 52487
3142 33 37288 2 37428
3143 66 24702 7 25027
3144 68 39385 1 39710
3145 21 42849 3 43032
3146 64 8095 1 8183
3147 8 26549 1 26812
3148 48 52158 1 52262
3149 57 52161 1 52228
3150 37 41121 1 41311
3151 28 22836 1 23174
3152 28 43234 2 43375
3153 41 10080 2 10315
3154 39 15984 4 16024
3155 84 8892 1 9519
3156 35 27258 1 27463
3157 71 53931 3 54589
3158 10 26295 2 26376
3159 24 17756 3 17866
3160 64 41175 1 41479
3161 21 6226 3 6375
3162 21 16067 1 16552
3163 46 24702 1 25430
3164 7 41505 5 41844
3165 35 27065 2 27108
3166 2 8095 5 8784
3167 26 51791 2 52048
3168 50 49387 4 49704
3169 35 51791 4 52081
3170 41 22832 2 22866
3171 24 53169 1 53365
3172 53 43575 5 43848
3173 52 34585 1 34700
3174 72 12458 3 12783
3175 59 52161 1 52213
3176 59 8095 4 8335
3177 10 19285 3 19379
3178 2 9948 5 10892
3179 30 11900 3 12056
3180 65 33113 1 33254
3181 62 54936 8 55222
3182 78 26549 3 26669
3183 42 36500 4 36611
3184 37 17374 3 17493
3185 15 30551 2 30610
3186 80 18578 3 18715
3187 10 53752 3 54046
3188 65 32089 1 32133
3189 58 24986 3 25004
3190 22 6812 1 7743
3191 21 18075 3 18322
3192 73 23305 3 24059
3193 73 48777 6 49118
3194 5 20739 1 21395
3195 23 35059 2 35168
3196 26 10917 3 11584
3197 56 45429 2 45755
3198 33 11926 2 12238
3199 76 29144 2 29922
3200 8 44781 2 45014
3201 82 36627 5 36753
3202 41 12570 1 12679
3203 52 12458 3 12756
3204 3 1444 4 2057
3205 52 9130 1 9358
3206 79 386 1 436
3207 59 30990 2 31209
3208 64 47413 1 48216
3209 39 21813 2 21864
3210 2 50902 3 51802
3211 26 34793 2 34967
3212 1 19479 7 19554
3213 37 14876 4 15046
3214 73 12958 3 14334
3215 1 8981 7 9129
3216 51 12570 1 13297
3217 68 50697 2 50799
3218 68 35485 6 35573
3219 30 55311 7 55615
3220 13 932 8 1211
3221 13 26866 3 26994
3222 81 37974 4 38197
3223 48 62 4 84
3224 50 15851 4 15955
3225 66 49157 4 49818
3226 65 6011 2 6391
3227 59 24418 2 24673
3228 42 23081 4 23182
3229 3 25306 1 25617
3230 84 33113 2 33298
3231 73 39385 5 40216
3232 25 16460 6 17460
3233 64 3132 3 3330
3234 59 1647 2 1806
3235 5 21226 3 21940
3236 59 47413 2 47613
3237 37 22406 5 22479
3238 81 36627 3 36914
3239 72 23995 2 24314
3240 56 27842 3 27894
3241 61 8981 5 9195
3242 2 49130 2 49144
3243 33 44103 3 45597
3244 70 23995 2 24022
3245 2 31606 6 31913
3246 18 15232 2 15273
3247 79 41310 1 41498
3248 34 37288 5 37592
3249 32 47059 4 47380
3250 8 29096 3 29219
3251 32 38501 7 39496
3252 33 19938 2 20495
3253 21 34575 7 34771
3254 43 46763 4 46986
3255 26 14876 2 15745
3256 39 9797 6 9826
3257 19 47670 6 47780
3258 64 43374 2 43395
3259 2 53457 1 53600
3260 13 12888 6 13161
3261 25 47670 5 47690
3262 16 21286 1 21326
3263 27 1722 6 1759
3264 18 23081 4 23095
3265 35 1092 5 1432
3266 84 54877 3 55648
3267 37 32741 1 32902
3268 83 13531 4 13709
3269 28 50697 4 50928
3270 28 48777 3 48859
3271 47 37288 3 37378
3272 48 4043 2 4337
3273 21 1166 3 1504
3274 82 46507 4 46637
3275 48 17853 1 17982
3276 68 20541 2 20697
3277 49 2031 5 2043
3278 41 13022 2 14088
3279 13 52648 7 53251
3280 45 20959 5 21121
3281 69 15098 4 15399
3282 20 47413 2 47500
3283 55 23229 2 23482
3284 61 47059 3 47706
3285 3 52852 1 53052
3286 21 55811 4 56032
3287 33 31606 1 31965
3288 73 34875 7 35008
3289 3 21226 6 21354
3290 68 28646 2 28972
3291 49 47059 4 47171
3292 21 23472 4 23781
3293 80 4528 7 5423
3294 68 2608 5 3355
3295 59 46552 1 46689
3296 65 50697 1 51003
3297 4 42296 1 42549
3298 20 44103 2 44403
3299 59 53931 4 54608
3300 65 19285 3 19605
3301 37 21286 4 21996
3302 35 55154 4 55330
3303 68 7688 2 8496
3304 57 41334 1 41407
3305 28 43575 1 43823
3306 25 47413 2 47490
3307 46 2031 1 2196
3308 61 38634 5 39533
3309 59 10197 3 10465
3310 84 50697 3 50746
3311 33 32698 4 32743
3312 43 15914 3 16065
3313 59 19285 3 19479
3314 29 54419 3 54721
3315 10 4856 3 5086
3316 82 24038 6 24079
3317 6 12042 1 12053
3318 21 19555 5 19710
3319 82 33555 5 33888
3320 21 12062 3 12394
3321 29 36627 1 36938
3322 41 5821 1 6412
3323 84 47974 1 48784
3324 2 19555 2 19568
3325 37 49130 3 49404
3326 56 28972 3 29015
3327 79 11218 3 11362
3328 8 13022 2 13369
3329 19 20739 3 20922
3330 26 6011 1 6136
3331 75 55421 3 55645
3332 5 41934 4 42239
3333 64 49739 3 50088
3334 65 42296 1 42609
3335 30 17557 2 18499
3336 26 15851 2 16033
3337 3 3808 2 3974
3338 34 26141 8 27056
3339 28 23403 2 24207
3340 2 48667 1 48969
3341 83 14876 4 14895
3342 33 52161 1 52609
3343 21 44486 3 44665
3344 39 46552 6 46883
3345 9 19633 3 19937
3346 3 2031 2 2042
3347 74 14876 3 14985
3348 3 17314 5 17974
3349 26 43575 4 43684
3350 70 33248 5 33550
3351 78 53987 4 54219
3352 49 2608 4 2881
3353 9 13397 4 14069
3354 68 33743 4 33919
3355 14 22836 5 22903
3356 10 34575 5 34638
3357 74 932 4 1210
3358 35 20541 6 21339
3359 33 32772 3 33057
3360 62 386 5 416
3361 12 1169 1 1455
3362 33 28972 2 29449
3363 28 42296 1 42554
3364 26 33796 4 33981
3365 14 41934 5 42035
3366 73 41292 4 41587
3367 3 24182 6 24256
3368 7 4951 6 5274
3369 65 36627 1 37845
3370 59 15851 3 15879
3371 2 31551 8 31606
3372 72 32698 2 32971
3373 67 41175 2 41879
3374 14 9487 4 9804
3375 8 40259 1 40312
3376 77 17315 6 17398
3377 74 44486 2 44597
3378 21 16490 2 16554
3379 58 37727 4 37758
3380 12 20171 3 21035
3381 68 6633 1 7632
3382 64 48667 3 49441
3383 28 6633 3 6830
3384 43 37288 6 37556
3385 9 11584 6 11853
3386 25 36500 5 36844
3387 62 31667 5 31704
3388 79 37727 2 37879
3389 75 32901 5 33221
3390 36 3239 8 3492
3391 67 20630 1 20749
3392 2 6633 1 6702
3393 37 3609 1 3802
3394 21 19285 2 19501
3395 35 40134 3 40288
3396 68 55407 2 56190
3397 26 33796 2 33849
3398 21 50902 1 51894
3399 64 11733 2 12446
3400 65 18798 2 18877
3401 56 24751 3 24804
3402 49 34934 3 35076
3403 59 35667 1 36008
3404 68 17312 5 17331
3405 2 47670 3 47974
3406 30 6011 7 6193
3407 68 12547 4 13357
3408 46 16745 1 17013
3409 8 4716 3 4736
3410 69 29096 3 29402
3411 80 26866 8 27013
3412 65 30324 1 30692
3413 72 29096 7 29863
3414 49 3691 5 4321
3415 18 6633 4 6821
3416 62 15232 8 15971
3417 41 39679 1 39945
3418 57 16554 2 16615
3419 84 16745 2 16966
3420 37 25239 1 25565
3421 30 45429 1 45633
3422 49 49130 1 49238
3423 25 39531 2 39729
3424 26 30324 4 30479
3425 37 9130 1 9487
3426 2 19938 1 20123
3427 48 42296 4 42423
3428 68 17557 4 17666
3429 49 15098 3 15224
3430 73 18322 4 18336
3431 80 37072 5 37404
3432 73 48355 3 48418
3433 73 4856 5 5100
3434 45 49141 4 50056
3435 42 8981 4 9297
3436 70 29096 2 29403
3437 28 57170 5 57479
3438 2 404 1 926
3439 30 3057 2 3356
3440 33 42296 1 43850
3441 3 2057 4 2992
3442 56 34575 1 34905
3443 13 31551 5 32309
3444 13 41121 7 41168
3445 68 349 1 542
3446 41 27258 2 27590
3447 3 14876 4 14947
3448 42 18105 6 18206
3449 2 46507 4 46519
3450 22 25099 2 25313
3451 28 25650 3 25740
3452 26 40023 2 40127
3453 41 49150 2 50478
3454 45 386 5 533
3455 29 19938 3 20156
3456 79 52648 3 53441
3457 66 8095 7 8129
3458 2 15727 2 15851
3459 65 3132 3 3155
3460 19 19285 3 19612
3461 13 42296 4 43107
3462 70 54121 5 54146
3463 37 38024 4 38309
3464 35 52852 1 53009
3465 69 2050 3 2225
3466 8 45622 3 46297
3467 1 32089 6 32166
3468 68 30323 2 30476
3469 37 21813 1 22177
3470 59 33113 1 34051
3471 81 33113 5 33297
3472 35 17302 1 17384
3473 33 46808 3 46869
3474 48 19633 4 20332
3475 37 16221 1 16460
3476 28 4199 1 4570
3477 13 43374 4 43436
3478 13 23772 4 24599
3479 36 47059 1 47819
3480 4 43374 1 43399
3481 4 34934 2 35807
3482 4 47265 1 47325
3483 19 4856 3 4944
3484 76 32901 2 33206
3485 80 20171 4 21021
3486 2 29274 1 30323
3487 5 24182 2 24418
3488 26 52852 3 53163
3489 28 31627 4 32239
3490 32 13202 2 13326
3491 18 7497 4 8332
3492 2 44432 2 45429
3493 57 47265 2 47480
3494 37 12042 3 12212
3495 37 12253 4 12486
3496 37 13022 5 13202
3497 21 44742 1 45826
3498 10 32089 4 32243
3499 28 2608 3 2888
3500 20 26141 2 26972
3501 28 11733 1 11849
3502 68 47059 2 47085
3503 39 2835 7 2937
3504 51 47789 2 48530
3505 42 41449 2 41768
3506 37 39114 3 39135
3507 65 32741 1 32829
3508 81 4460 1 4573
3509 6 4222 2 4416
3510 37 29532 1 30185
3511 72 31606 5 31804
3512 3 51751 7 51799
3513 25 10297 3 10560
3514 37 34771 1 34827
3515 72 33555 6 33887
3516 32 44103 2 44286
3517 25 42849 4 43097
3518 3 29532 1 29663
3519 68 15727 2 15984
3520 72 4177 3 4388
3521 45 31627 2 31937
3522 68 52990 2 53117
3523 18 44032 2 44748
3524 21 2050 2 2263
3525 21 34771 1 34934
3526 2 932 2 1215
3527 26 21226 1 21321
3528 56 24418 2 24460
3529 80 39595 1 39824
3530 37 915 5 932
3531 30 48667 5 48828
3532 2 53987 2 54121
3533 56 49130 3 49423
3534 70 20541 3 20793
3535 42 28401 4 28719
3536 3 20758 1 20867
3537 41 29532 1 30460
3538 68 37633 1 37896
3539 68 51751 2 51803
3540 39 4177 6 4404
3541 3 49666 5 49891
3542 39 35156 6 35198
3543 50 15232 3 15511
3544 35 34934 3 35180
3545 2 43114 2 43234
3546 39 12547 6 12679
3547 32 28972 4 29237
3548 7 24986 2 25154
3549 13 37288 3 37472
3550 42 31913 2 32259
3551 68 26000 2 26340
3552 26 41292 1 41616
3553 63 55838 1 56745
3554 70 22406 5 22490
3555 82 53250 4 53523
3556 6 22836 4 22955
3557 33 9585 5 9896
3558 68 1476 1 2359
3559 26 17756 4 17896
3560 4 4036 1 4465
3561 65 9678 1 10173
3562 78 12570 7 12630
3563 3 1092 5 1148
3564 26 38244 2 38333
3565 42 5477 2 5499
3566 10 41851 4 42114
3567 35 4856 4 4927
3568 28 11584 2 11602
3569 81 24010 1 24287
3570 80 43718 3 43815
3571 77 28972 2 29636
3572 24 21373 1 21571
3573 4 36283 2 37166
3574 44 44122 1 44799
3575 62 55406 6 55745
3576 50 11733 4 12555
3577 59 21080 4 21315
3578 33 40134 1 40157
3579 4 54877 2 55210
3580 26 55245 2 56196
3581 56 16554 5 16610
3582 26 26688 5 27065
3583 2 46552 6 46763
3584 33 53931 2 53978
3585 41 32698 1 33632
3586 21 1647 3 1815
3587 68 41292 4 41494
3588 26 20734 6 21029
3589 71 14962 2 15000
3590 30 24010 4 24038
3591 42 3209 3 3219
3592 4 29096 1 29179
3593 18 31627 1 31957
3594 83 16527 5 16581
3595 78 30791 4 30809
3596 82 10777 2 11054
3597 18 32698 3 32772
3598 28 39940 4 40101
3599 4 48355 1 48637
3600 37 53457 1 53931
3601 18 23207 3 23348
3602 59 23735 4 23772
3603 70 50697 3 50940
3604 4 30969 1 31087
3605 20 5693 1 5773
3606 4 43718 1 44032
3607 35 11584 1 12560
3608 5 21080 2 21141
3609 64 1169 2 1328
3610 77 17572 6 17778
3611 35 55838 4 56110
3612 84 23772 1 23856
3613 2 32965 1 36966
3614 10 8095 3 8167
3615 10 34934 4 35019
3616 21 24657 1 24702
3617 9 12888 1 13155
3618 4 31913 2 32083
3619 69 52309 2 52418
3620 62 41121 5 41385
3621 21 27205 1 30049
3622 18 50697 2 50778
3623 39 8107 4 8128
3624 37 39114 1 39385
3625 68 23995 3 24329
3626 56 11584 5 11855
3627 35 23995 1 24228
3628 45 15851 2 16160
3629 7 29096 2 29422
3630 33 13531 4 13609
3631 10 31167 2 31896
3632 39 25014 5 25048
3633 4 47670 2 47981
3634 79 16939 3 17082
3635 28 11926 1 12009
3636 66 52161 7 52468
3637 21 27112 4 27241
3638 57 43718 1 43795
3639 58 50697 2 50789
3640 41 9948 1 10010
3641 69 43101 2 43262
3642 5 2050 1 2291
3643 2 43718 1 44044
3644 21 21662 8 21889
3645 12 35059 1 35092
3646 58 46128 3 46450
3647 37 39424 5 39446
3648 2 27842 2 27902
3649 25 49130 5 49279
3650 80 9585 6 9862
3651 28 41934 3 42176
3652 39 54419 1 54764
3653 65 52158 3 52169
3654 13 5644 3 5947
3655 2 9701 2 10039
3656 83 19285 4 19548
3657 77 40312 3 40364
3658 50 1476 1 1824
3659 20 11965 2 12247
3660 49 16974 5 17291
3661 59 29588 2 29683
3662 50 52698 2 52861
3663 53 55421 2 55652
3664 72 14876 5 15126
3665 30 7497 4 7738
3666 80 32698 4 33555
3667 2 15288 1 15512
3668 13 19559 6 19684
3669 49 14876 1 14987
3670 18 19500 1 20839
3671 21 40944 2 41279
3672 67 16554 2 16568
3673 37 5693 1 6638
3674 35 3421 7 3639
3675 14 30791 5 30934
3676 45 11733 4 11935
3677 80 52158 6 52200
3678 68 38963 2 39447
3679 66 5477 7 5544
3680 32 23305 4 23966
3681 73 52053 3 52714
3682 29 9701 1 9734
3683 12 23995 2 24292
3684 29 1806 3 1926
3685 14 38136 5 38355
3686 73 15285 8 15551
3687 51 32089 1 32904
3688 68 26946 3 27238
3689 49 23772 2 24057
3690 13 40312 6 40562
3691 71 8095 2 8324
3692 21 17374 4 17709
3693 26 21844 4 21966
3694 67 13779 4 13901
3695 34 1476 8 2166
3696 34 17374 2 17518
3697 4 32181 1 32263
3698 48 22836 2 23142
3699 50 12570 4 12755
3700 47 16974 4 17204
3701 32 20734 2 20802
3702 33 13246 1 13295
3703 81 28523 1 28735
3704 41 826 1 4872
3705 42 48667 6 48927
3706 56 37974 5 38089
3707 4 3808 1 4531
3708 69 8095 4 8111
3709 68 42948 2 43759
3710 10 23995 4 24108
3711 46 10197 1 11116
3712 13 7688 3 7778
3713 77 22836 3 22924
3714 47 50697 2 51304
3715 84 14876 3 15021
3716 25 53931 3 54052
3717 28 37891 3 38103
3718 65 19938 3 20016
3719 35 12888 7 13017
3720 77 6011 6 6716
3721 33 47413 1 47519
3722 32 43718 5 43886
3723 2 3294 5 4222
3724 23 50697 2 50878
3725 59 30049 1 30867
3726 14 32741 3 33081
3727 2 98 2 349
3728 21 14876 4 15098
3729 75 32698 5 32901
3730 37 38309 3 38561
3731 37 29237 3 29438
3732 52 29096 3 29321
3733 26 20262 4 20470
3734 2 349 1 404
3735 77 13357 7 13503
3736 50 41310 3 41557
3737 54 26866 4 27114
3738 12 54419 2 54513
3739 68 37896 7 38027
3740 9 41334 2 41572
3741 21 47059 3 47265
3742 71 24976 2 25094
3743 11 5772 4 5901
3744 2 2419 1 3318
3745 81 15232 5 15302
3746 79 42873 1 43206
3747 32 47670 5 48540
3748 53 9487 2 9742
3749 82 14876 4 15181
3750 13 27065 5 27152
3751 25 7925 1 8249
3752 59 12509 3 12693
3753 4 50697 2 51433
3754 39 10315 4 11034
3755 73 5963 4 6114
3756 79 43575 3 44338
3757 28 2283 5 2399
3758 18 46670 2 46808
3759 73 37288 5 37606
3760 3 52053 6 52082
3761 59 55407 1 55583
3762 28 4036 1 4061
3763 49 49739 5 49831
3764 73 40259 1 40452
3765 37 41934 2 42873
3766 68 25239 5 26000
3767 76 44122 2 44265
3768 26 52742 3 52816
3769 7 32698 4 32944
3770 56 53752 3 53799
3771 62 13202 5 14185
3772 33 17756 1 17926
3773 56 47670 3 47918
3774 59 1006 1 1135
3775 4 28682 2 28980
3776 5 28972 3 29207
3777 26 51894 3 52053
3778 29 3294 1 3424
3779 76 28972 1 29121
3780 4 41851 1 42166
3781 50 9948 4 10243
3782 34 23995 5 24276
3783 70 55105 5 55355
3784 56 7688 2 7972
3785 78 49130 5 49334
3786 4 22406 1 22544
3787 2 34934 7 35276
3788 50 21574 1 21663
3789 13 37845 8 38106
3790 65 40616 2 41566
3791 25 22019 2 22810
3792 42 13779 6 14047
3793 22 36838 2 37165
3794 3 23403 4 23673
3795 15 24702 3 24785
3796 4 12627 1 12670
3797 28 40259 5 40376
3798 7 54877 6 54928
3799 26 51372 2 51689
3800 82 32965 5 33002
3801 43 3421 4 3691
3802 50 2608 3 2829
3803 21 696 3 1451
3804 73 36627 7 36882
3805 5 7925 4 7993
3806 35 19285 1 19538
3807 26 49666 1 50161
3808 21 40134 1 40880
3809 62 9701 3 9765
3810 28 12042 3 12253
3811 4 38511 1 39531
3812 82 42849 4 42993
3813 68 27205 2 27355
3814 2 12042 6 12139
3815 39 54877 3 54997
3816 67 6226 2 6305
3817 75 2835 3 3568
3818 59 41072 1 41310
3819 37 29532 2 29650
3820 33 18163 1 18474
3821 26 24182 1 24561
3822 56 3236 3 3273
3823 39 2608 2 2826
3824 64 1722 2 2042
3825 59 54608 2 54679
3826 56 32901 2 32993
3827 75 32089 5 32698
3828 21 14876 3 14889
3829 37 25978 5 26295
3830 47 49130 4 49211
3831 42 55105 2 55232
3832 48 8107 2 8255
3833 26 5477 3 5655
3834 4 27432 2 27622
3835 68 5477 1 5801
3836 59 51338 1 52161
3837 35 39385 2 40220
3838 80 32089 5 32361
3839 23 52161 2 52488
3840 24 5644 3 5676
3841 23 54006 2 54121
3842 35 26549 4 26709
3843 77 19633 6 19949
3844 45 29096 7 30066
3845 4 37727 1 37764
3846 26 40944 2 41124
3847 70 12888 6 13139
3848 33 26141 4 26315
3849 26 23403 3 23477
3850 21 54877 2 54890
3851 79 38963 2 39695
3852 72 1476 6 2168
3853 81 29096 1 29295
3854 49 36500 1 37458
3855 49 39940 3 40904
3856 21 9130 4 9461
3857 77 7925 5 8172
3858 68 19285 4 19633
3859 56 24038 3 24127
3860 26 2031 5 2353
3861 26 38508 1 39067
3862 24 20016 1 20111
3863 42 11584 2 11873
3864 69 38634 3 38929
3865 30 54419 6 54620
3866 26 26589 2 26688
3867 13 16111 2 16716
3868 81 54936 4 55016
3869 46 17315 2 17628
3870 73 43114 8 43149
3871 42 53752 3 54027
3872 28 21226 1 21505
3873 48 41121 4 41893
3874 50 15098 3 15126
3875 2 14962 1 15288
3876 68 5963 4 6084
3877 75 21226 3 21452
3878 39 1722 5 1954
3879 72 23229 7 23356
3880 73 41121 2 41175
3881 68 11900 4 12253
3882 3 49130 7 49408
3883 2 1476 2 1505
3884 66 16974 5 17279
3885 4 3691 1 4008
3886 13 20016 4 20305
3887 42 19479 3 19492
3888 49 52459 2 52679
3889 26 32901 1 33248
3890 73 27065 1 27094
3891 34 10297 5 10437
3892 45 30323 1 31177
3893 21 23995 1 24538
3894 2 37288 3 38171
3895 3 14876 3 14970
3896 65 10638 3 10902
3897 18 49130 3 49391
3898 73 33796 8 34622
3899 75 47670 4 48658
3900 56 24182 2 24234
3901 50 4856 4 4938
3902 65 5644 3 5972
3903 81 53931 4 54042
3904 68 48188 6 48315
3905 66 10197 5 10349
3906 37 8107 1 8370
3907 53 19938 1 20177
3908 80 43374 5 43662
3909 79 2031 3 2300
3910 25 38501 4 38529
3911 17 37288 1 37958
3912 73 32698 1 33587
3913 26 2470 1 2687
3914 41 23995 2 24088
3915 68 38136 2 38293
3916 21 4951 1 5774
3917 84 52309 1 52504
3918 64 38963 3 39091
3919 42 6633 2 6669
3920 59 50876 1 51216
3921 84 3722 1 4035
3922 2 46526 6 46552
3923 79 51283 2 51397
3924 16 17756 1 18628
3925 37 52459 3 52648
3926 10 45429 1 45465
3927 68 34934 4 35055
3928 2 27065 6 27346
3929 28 24737 2 24996
3930 30 38343 4 39127
3931 33 30497 3 30908
3932 83 2050 3 2214
3933 21 43101 4 43370
3934 30 21813 5 21867
3935 52 52444 1 52760
3936 21 41121 4 41449
3937 71 386 3 603
3938 26 39679 3 40411
3939 56 54877 2 55192
3940 3 27258 5 28147
3941 35 52158 3 52365
3942 21 1504 7 1647
3943 2 26866 2 26881
3944 26 3722 2 4036
3945 74 1476 1 1533
3946 59 36627 1 36832
3947 21 51894 5 52044
3948 41 5801 1 5821
3949 59 41505 2 41851
3950 68 44664 2 44982
3951 68 10703 2 10921
3952 42 21966 3 22225
3953 21 43718 5 44049
3954 6 15232 1 15567
3955 56 44781 1 45046
3956 45 54877 4 55634
3957 34 44781 8 44936
3958 80 52648 6 52692
3959 59 40134 2 40881
3960 21 55105 7 55311
3961 4 43203 2 43374
3962 25 26641 2 27336
3963 37 49130 1 50073
3964 3 18499 5 19387
3965 69 48859 3 48996
3966 74 52894 1 53215
3967 69 23403 2 23565
3968 75 11973 1 12211
3969 9 5963 5 6177
3970 28 2031 2 2154
3971 28 46552 2 47330
3972 37 16974 3 17143
3973 26 11218 2 11487
3974 80 48355 4 48578
3975 42 17080 4 17276
3976 73 37845 5 37856
3977 65 8702 1 8743
3978 19 43114 3 43464
3979 43 8981 4 9292
3980 30 41072 7 41137
3981 2 10080 1 11733
3982 60 1493 5 1624
3983 72 50799 4 50990
3984 58 52459 3 52519
3985 42 19285 4 19342
3986 6 20251 4 20343
3987 50 52970 2 53756
3988 26 54982 4 55168
3989 28 4856 3 5250
3990 78 38501 4 38838
3991 5 43101 2 43355
3992 3 44486 5 44639
3993 37 41292 1 41430
3994 35 4199 4 4452
3995 2 23081 3 24212
3996 39 52161 6 52225
3997 51 26141 2 26397
3998 21 5774 1 5963
3999 68 49130 1 49157
4000 68 57170 1 57400
4001 79 29588 1 29604
4002 62 5644 2 7601
4003 59 29252 3 29422
4004 69 53931 4 53954
4005 80 43933 6 44018
4006 56 43933 4 44208
4007 4 29588 1 30413
4008 33 12253 2 13246
4009 3 7688 6 8621
4010 57 54877 1 55207
4011 24 21662 1 21695
4012 53 17587 3 18258
4013 32 57170 4 57520
4014 35 7925 1 7973
4015 57 52852 1 53189
4016 48 6226 2 6390
4017 2 5772 3 6633
4018 5 17534 3 17827
4019 2 13501 7 13699
4020 42 15914 4 16143
4021 80 53117 2 53163
4022 41 54419 1 55078
4023 77 16974 4 17015
4024 42 1092 1 1222
4025 76 85 3 777
4026 8 46763 2 47088
4027 50 30969 2 31148
4028 75 49141 5 49202
4029 52 22836 2 23098
4030 49 1166 3 1244
4031 52 4036 1 4379
4032 26 31913 1 32181
4033 26 35625 2 35802
4034 39 9487 5 9678
4035 32 41334 4 41608
4036 41 42296 1 42381
4037 68 15512 4 15629
4038 32 4856 3 5198
4039 2 3825 1 4126
4040 3 20554 3 20758
4041 32 3057 5 3099
4042 68 47059 4 47169
4043 54 46763 4 46826
4044 3 9585 7 10343
4045 37 10703 2 10981
4046 69 40134 3 40307
4047 4 45429 2 45651
4048 35 50152 7 50468
4049 37 35625 1 37288
4050 59 52309 1 52547
4051 70 52161 1 53731
4052 9 37288 3 37889
4053 42 55529 6 55673
4054 18 1092 3 1247
4055 69 52648 1 52921
4056 28 25099 1 25414
4057 74 32075 3 33024
4058 53 20959 3 21018
4059 68 696 1 782
4060 3 3057 3 4013
4061 4 20739 1 20779
4062 30 35667 3 35899
4063 32 13066 4 13282
4064 2 54121 1 55406
4065 24 20171 3 20819
4066 3 24986 4 25049
4067 33 2050 3 2324
4068 62 44432 4 44509
4069 13 35690 6 36542
4070 64 42296 4 42992
4071 64 19938 3 20080
4072 59 46128 2 46312
4073 37 44122 2 44449
4074 37 52648 4 53457
4075 2 30857 4 30931
4076 2 6702 3 6807
4077 35 53752 5 53866
4078 21 20959 3 21038
4079 57 8095 2 8125
4080 4 34585 1 34891
4081 80 34934 3 35226
4082 55 1006 2 1100
4083 77 36627 3 36943
4084 39 44122 7 44433
4085 80 49130 4 49432
4086 68 39531 3 39717
4087 45 47670 5 47730
4088 68 4199 1 4460
4089 14 15232 3 15352
4090 2 20123 7 20959
4091 78 19938 5 20042
4092 10 24182 5 24264
4093 76 48777 4 49050
4094 54 1092 3 1390
4095 80 37727 4 37918
4096 32 24038 5 24156
4097 37 52158 3 52218
4098 59 30941 4 30990
4099 21 44781 4 44910
4100 30 27258 3 28279
4101 14 53169 4 53303
4102 32 36283 7 36595
4103 25 37727 3 37857
4104 7 20541 3 21293
4105 30 57170 2 57949
4106 44 35156 2 36048
4107 29 1158 1 1201
4108 13 8702 4 9420
4109 14 29096 5 29371
4110 33 40259 2 41523
4111 65 46763 1 47040
4112 26 23995 4 24178
4113 18 3722 2 4635
4114 6 1722 2 1874
4115 33 37633 2 39047
4116 47 55421 4 55668
4117 59 50697 4 50749
4118 79 13066 3 13105
4119 5 12570 3 12789
4120 2 4856 2 5477
4121 2 4716 6 4865
4122 13 55105 5 55894
4123 59 42428 3 42745
4124 28 13202 4 13411
4125 4 41292 1 41366
4126 49 31913 5 32762
4127 2 21226 3 21574
4128 22 28972 1 29044
4129 81 21574 1 21782
4130 35 30323 7 30515
4131 26 15914 2 16111
4132 39 11973 3 12097
4133 42 43718 1 43760
4134 14 53752 5 53906
4135 39 7688 4 7934
4136 59 52648 4 52970
4137 68 35690 3 35732
4138 35 24976 6 25123
4139 35 20016 5 20175
4140 68 20959 1 21438
4141 56 21813 3 21922
4142 23 49130 1 49409
4143 37 35419 1 35468
4144 68 30759 2 31611
4145 50 34575 2 35236
4146 9 49130 3 49288
4147 69 27065 4 27392
4148 62 23207 6 23224
4149 43 44103 3 44811
4150 65 16776 2 17007
4151 11 30497 5 30773
4152 14 49141 1 49208
4153 26 41072 4 41334
4154 5 47059 3 47303
4155 78 30969 5 31271
4156 54 32698 4 32927
4157 3 37974 3 38119
4158 74 5821 4 6047
4159 71 4460 1 4647
4160 49 13357 2 13553
4161 2 41310 6 41958
4162 7 52648 4 53342
4163 82 13357 3 13567
4164 26 34575 3 34760
4165 68 40312 4 40652
4166 68 42296 5 42463
4167 26 7497 3 7668
4168 58 12547 3 12637
4169 57 31606 1 31781
4170 68 1158 1 1169
4171 13 38343 3 38622
4172 41 14876 1 15144
4173 34 3057 6 3958
4174 71 20734 1 20772
4175 18 4856 3 4927
4176 2 30605 6 30759
4177 73 16776 1 17406
4178 27 17572 6 18252
4179 2 52331 1 52633
4180 36 24538 3 24806
4181 3 23207 7 23277
4182 50 29604 3 29877
4183 18 10197 4 10425
4184 53 3239 3 3457
4185 76 2592 4 2898
4186 59 49228 1 49568
4187 62 4460 3 5216
4188 30 15851 6 16102
4189 45 206 3 257
4190 47 8621 3 8907
4191 68 31935 5 32075
4192 6 35902 1 36025
4193 1 52852 2 52985
4194 18 12186 2 13524
4195 68 30969 2 31627
4196 21 16939 2 17318
4197 35 8981 4 9035
4198 72 16907 3 17053
4199 2 48188 2 48510
4200 21 21936 1 22255
4201 69 41310 4 41515
4202 21 44781 3 44826
4203 59 41310 2 41505
4204 70 28972 3 29039
4205 68 14962 2 15274
4206 64 10099 1 10321
4207 62 34575 4 34863
4208 33 8621 3 8876
4209 52 2057 1 2371
4210 27 43718 5 44606
4211 28 42873 3 42997
4212 18 43374 3 43711
4213 30 25014 1 26066
4214 70 34575 2 34835
4215 26 35902 1 36260
4216 29 23403 3 23695
4217 52 37974 2 37987
4218 78 30323 6 30349
4219 28 1729 4 1976
4220 2 30323 1 30605
4221 33 3057 2 4021
4222 3 21813 7 21972
4223 37 26641 5 26946
4224 4 8621 1 9233
4225 25 31935 4 32176
4226 40 26714 3 27412
4227 41 43933 1 44178
4228 64 55105 3 55260
4229 45 43718 5 43778
4230 79 13202 1 13303
4231 64 29096 4 29744
4232 56 32741 4 32817
4233 69 23772 2 23979
 调度评估结果
1. 任务等待评估 (Σ 等待×权重): 882521514
2. 任务完成评估 (最大完成时间): 58481
3. GPU显存空闲评估 (平均空闲): 18231.86 GB/时间片
 额外统计
已调度任务               : 4233/4233
平均等待时间            : 19828.66
各服务器任务分布      : 服务器1=15, 服务器2=216, 服务器3=86, 服务器4=104, 服务器5=69, 服务器6=28, 服务器7=32, 服务器8=38, 服务器9=18, 服务器10=43, 服务器11=13, 服务器12=13, 服务器13=83, 服务器14=39, 服务器15=6, 服务器16=5, 服务器17=2, 服务器18=65, 服务器19=16, 服务器20=17, 服务器21=209, 服务器22=15, 服务器23=27, 服务器24=23, 服务器25=55, 服务器26=184, 服务器27=13, 服务器28=95, 服务器29=26, 服务器30=88, 服务器31=3, 服务器32=96, 服务器33=83, 服务器34=22, 服务器35=108, 服务器36=12, 服务器37=182, 服务器38=3, 服务器39=67, 服务器40=5, 服务器41=89, 服务器42=89, 服务器43=19, 服务器44=6, 服务器45=52, 服务器46=17, 服务器47=36, 服务器48=51, 服务器49=60, 服务器50=80, 服务器51=22, 服务器52=23, 服务器53=37, 服务器54=9, 服务器55=17, 服务器56=97, 服务器57=48, 服务器58=23, 服务器59=139, 服务器60=9, 服务器61=17, 服务器62=42, 服务器63=4, 服务器64=57, 服务器65=61, 服务器66=20, 服务器67=19, 服务器68=208, 服务器69=51, 服务器70=57, 服务器71=32, 服务器72=42, 服务器73=79, 服务器74=25, 服务器75=17, 服务器76=39, 服务器77=41, 服务器78=32, 服务器79=63, 服务器80=57, 服务器81=41, 服务器82=35, 服务器83=19, 服务器84=28
