1 8 161538 7 161840
2 26 153143 7 153871
3 35 109632 5 109767
4 47 242231 4 242881
5 47 55419 7 55856
6 26 132957 6 133750
7 47 59586 5 60104
8 72 34104 6 34595
9 2 59770 6 60529
10 47 42513 5 43283
11 55 67091 7 67848
12 26 28047 7 28749
13 47 229155 6 229860
14 49 130933 7 131636
15 26 186402 8 186522
16 26 162517 8 163486
17 72 72588 6 73029
18 72 26098 7 26958
19 47 210454 5 210715
20 47 173521 5 174180
21 26 10194 6 10984
22 60 51351 6 52134
23 60 149666 6 150188
24 2 65309 7 65713
25 59 234470 5 235372
26 55 41158 6 41428
27 35 245294 6 245497
28 26 37045 7 37946
29 23 31700 6 31975
30 45 111153 8 111770
31 71 222650 5 223261
32 2 136954 6 137733
33 15 40439 6 41247
34 60 93992 5 94260
35 71 243127 7 243427
36 26 165104 7 166010
37 8 37683 7 37910
38 23 64366 6 64517
39 71 139621 7 140468
40 50 44209 8 44475
41 23 148329 4 149129
42 55 41826 6 42460
43 72 70009 7 70759
44 15 121843 7 122552
45 55 33119 6 33954
46 2 73448 7 73594
47 23 34808 6 35327
48 49 112698 8 113624
49 2 140908 7 141716
50 55 117856 6 118493
51 60 218867 6 219636
52 72 63645 5 64366
53 45 213083 7 213544
54 71 20816 6 21051
55 2 131363 5 132187
56 35 169276 6 169402
57 23 70728 6 71290
58 26 17333 7 17861
59 47 246335 7 247116
60 60 241820 5 242493
61 47 103450 6 104327
62 2 228137 5 228608
63 55 198436 6 199338
64 47 220682 6 221427
65 71 141716 5 142548
66 47 192750 5 193667
67 8 194484 6 195053
68 35 111153 7 111879
69 26 257285 8 257632
70 8 74958 5 75183
71 35 4174 6 4489
72 71 57960 6 58628
73 2 148410 6 148686
74 47 83296 7 84281
75 72 220682 7 220945
76 72 9655 5 10380
77 45 65982 8 66867
78 50 122553 8 123266
79 45 180484 7 181224
80 49 182138 7 182630
81 55 123163 7 123993
82 45 78609 7 79301
83 26 36102 7 37045
84 72 85876 5 86090
85 49 204901 5 205300
86 72 137344 5 137833
87 72 136550 7 136896
88 55 268740 5 269602
89 26 237853 8 238030
90 35 11592 6 12431
91 15 224552 6 225127
92 47 258318 4 259082
93 26 26098 7 27064
94 71 121323 6 122191
95 15 133019 6 133563
96 55 19031 6 19774
97 72 160224 7 160563
98 45 126392 7 126764
99 72 271073 7 271807
100 36 1530 6 1805
101 72 168742 6 169553
102 49 63645 6 64287
103 26 23685 7 24432
104 26 89317 7 90025
105 72 201056 6 201772
106 55 125329 5 125911
107 35 153880 7 154630
108 72 99608 7 99971
109 60 162517 6 163220
110 71 250757 6 251506
111 26 197731 8 198450
112 47 140333 6 141312
113 35 33119 7 34059
114 50 180484 6 181349
115 50 274043 8 274408
116 35 271832 6 271976
117 55 80509 7 81280
118 47 79992 5 80509
119 72 0 5 175
120 35 274043 7 274839
121 45 274791 8 275365
122 2 92279 5 93264
123 49 16071 7 16270
124 55 71505 6 72328
125 71 30407 7 31149
126 35 97463 6 97899
127 35 134936 5 135754
128 2 164455 5 164891
129 49 146385 8 146687
130 2 35589 5 36423
131 50 70728 8 71696
132 50 179704 7 179955
133 35 25371 7 25996
134 72 174907 6 175896
135 49 70728 8 71319
136 2 177857 7 178754
137 2 133849 6 134002
138 47 79621 6 79992
139 2 54014 6 54842
140 47 128130 5 128465
141 35 84619 7 85513
142 35 181912 6 182422
143 49 4174 6 4432
144 26 254697 8 254987
145 26 211087 8 211256
146 50 67091 8 67862
147 8 187408 7 187607
148 71 23117 6 23785
149 47 46495 5 47239
150 55 178754 5 179134
151 45 33119 8 33883
152 55 229155 7 229765
153 8 113129 6 113782
154 47 10042 5 10801
155 55 218569 7 218957
156 2 236065 7 237052
157 45 5000 6 5700
158 72 120617 7 121523
159 2 99729 6 100568
160 26 166396 8 166699
161 60 255053 6 255802
162 15 230222 7 231062
163 72 29909 6 30362
164 47 36058 6 36896
165 47 238833 6 239611
166 35 94888 7 95875
167 26 222155 7 222721
168 36 152049 6 152863
169 49 193419 8 194042
170 55 127201 6 127759
171 23 121843 6 122552
172 49 139621 8 140376
173 26 252459 8 253112
174 71 65713 7 66318
175 49 103306 7 104023
176 55 218204 5 218421
177 71 210675 7 211343
178 72 156954 7 157800
179 45 194484 8 194683
180 26 258296 6 259258
181 2 123163 5 124185
182 55 93992 7 94659
183 47 184772 7 185480
184 26 181912 7 182594
185 2 20964 6 21395
186 23 82707 5 82875
187 49 187408 7 187966
188 45 219801 6 220682
189 72 185553 7 185891
190 35 114146 6 114627
191 47 4685 5 5000
192 71 145619 7 145936
193 47 274353 6 274906
194 26 208540 8 209378
195 72 78851 7 79039
196 2 96603 7 97594
197 55 34080 7 34629
198 49 253112 7 253610
199 2 137733 5 138626
200 71 238030 6 238684
201 26 207353 8 207780
202 2 203051 5 203528
203 55 111867 7 112596
204 72 4685 6 5079
205 15 188412 6 189367
206 26 66440 7 66969
207 26 73448 6 74104
208 45 34798 8 35088
209 72 137833 7 138664
210 2 122043 5 122351
211 55 5000 6 5689
212 55 110566 5 111100
213 47 98890 5 99093
214 47 216530 6 217436
215 47 78609 5 78851
216 35 19880 6 20681
217 2 118073 7 118622
218 2 104427 6 105126
219 50 45026 8 45166
220 55 70728 6 71186
221 2 198681 6 199424
222 72 223753 6 224063
223 36 218391 6 218753
224 36 116845 5 117625
225 35 126392 6 126929
226 50 164455 7 165189
227 50 101815 8 102709
228 60 197731 4 197868
229 47 118029 6 118946
230 23 94536 5 95506
231 72 211926 7 212769
232 59 148076 7 148824
233 72 239311 6 239648
234 26 69367 7 69638
235 26 129525 6 130337
236 45 9363 6 9855
237 47 101140 6 102035
238 55 128039 6 128762
239 47 262863 5 263052
240 2 71505 5 72205
241 71 21253 7 22027
242 60 1530 6 2498
243 72 173107 5 173933
244 72 218768 5 219791
245 60 258296 6 258499
246 35 178107 6 178783
247 71 226888 7 227356
248 15 180484 7 180888
249 23 224774 6 225234
250 47 165104 5 166071
251 55 124600 6 124948
252 47 109632 6 109810
253 60 181164 6 181847
254 72 18138 6 19064
255 8 104921 7 105850
256 35 270358 7 270516
257 8 270691 6 271263
258 26 187390 8 187528
259 45 121323 5 122036
260 26 56526 6 56725
261 2 190215 5 191208
262 26 201861 7 202599
263 45 243003 5 243783
264 45 182594 6 183273
265 72 83296 6 84120
266 2 156954 5 157321
267 55 107168 6 107889
268 26 3173 6 3930
269 45 269443 7 269885
270 60 111153 6 111493
271 72 123163 5 123863
272 72 1244 6 1976
273 47 241813 7 242091
274 45 183708 8 184594
275 72 60104 7 60856
276 8 260215 5 260732
277 15 712 6 1339
278 35 262863 7 263652
279 47 45026 6 45653
280 55 3944 7 4693
281 60 153143 4 153773
282 2 85108 6 86111
283 71 34104 7 34314
284 49 272840 8 273443
285 60 213083 6 213244
286 55 51770 6 52682
287 2 114146 6 114607
288 49 121843 7 122039
289 72 12441 5 13399
290 47 252986 6 253518
291 15 2586 6 3183
292 2 25371 6 25982
293 15 165760 7 166487
294 50 45545 7 46188
295 55 211926 6 212678
296 72 20666 7 20816
297 47 207353 6 208451
298 47 58592 7 58738
299 45 166347 8 167094
300 36 239470 5 240265
301 72 243941 6 244982
302 55 11592 6 12529
303 72 174238 7 174907
304 35 9363 5 9836
305 26 13898 8 14115
306 72 261297 7 262209
307 8 223966 6 224700
308 55 166574 6 167572
309 2 148686 7 149420
310 15 99093 5 99378
311 2 223266 6 223966
312 36 55419 6 55988
313 2 184673 6 185553
314 45 18138 7 19053
315 26 84105 5 84619
316 2 102371 6 103306
317 60 269489 6 269835
318 55 228608 6 228873
319 49 118946 8 119295
320 26 113497 7 114454
321 15 65671 6 66506
322 71 275154 6 275977
323 71 96711 7 97529
324 71 195117 7 195252
325 60 82801 6 83501
326 47 104879 7 105566
327 36 150397 6 150671
328 71 104427 7 105364
329 35 210276 7 211110
330 35 200354 7 201199
331 35 3173 5 3965
332 55 102371 7 102856
333 59 143666 5 143925
334 71 13898 6 14250
335 47 48251 7 48808
336 26 186522 6 187290
337 55 264518 7 265063
338 35 211603 7 212301
339 71 177243 6 177794
340 71 10801 6 11627
341 26 138868 7 139621
342 26 175790 7 176740
343 2 248775 6 249485
344 60 112094 6 112661
345 50 209378 6 210201
346 49 224552 7 225338
347 36 121843 5 122503
348 26 195875 8 196614
349 60 152765 5 153017
350 26 181164 7 181912
351 47 61459 5 61736
352 59 193419 6 193637
353 26 270358 6 270824
354 60 72588 6 73217
355 71 45545 6 46173
356 26 101159 7 101479
357 47 234944 6 235170
358 2 260509 6 261297
359 55 105126 6 105513
360 26 19872 8 20026
361 72 23117 5 23480
362 8 200610 6 201110
363 72 712 6 1233
364 71 122351 6 123329
365 26 251668 8 251811
366 35 248775 7 249380
367 55 38696 5 39380
368 60 87066 6 87805
369 45 271073 7 271327
370 45 23685 8 23918
371 26 232332 6 233082
372 72 217436 5 217600
373 55 252781 6 253765
374 15 232224 6 233192
375 72 2721 5 3347
376 72 16657 6 17560
377 60 114146 5 114807
378 55 131249 7 131865
379 59 155066 6 155380
380 59 116924 6 117600
381 47 72669 5 73214
382 55 159931 7 160632
383 2 89249 6 89976
384 71 1461 6 2298
385 45 53562 7 53807
386 60 262863 6 263060
387 50 107168 6 107687
388 49 272085 5 272797
389 2 15052 7 15777
390 47 170896 5 171886
391 45 181912 8 182589
392 23 151602 4 151800
393 72 165760 6 166347
394 72 57960 6 58491
395 72 80509 6 80658
396 2 155981 7 156954
397 15 58036 7 58912
398 35 180484 5 181196
399 26 15748 6 16343
400 47 17490 5 18138
401 47 93992 7 94719
402 59 48251 7 48992
403 50 27300 7 27644
404 49 143221 8 143494
405 50 270691 6 271520
406 2 204901 6 205568
407 2 256510 7 257300
408 72 20816 7 21291
409 72 26958 5 27300
410 49 199817 5 200634
411 35 191908 6 192558
412 72 208451 7 209233
413 55 40439 5 40776
414 35 52224 6 52690
415 8 214587 6 215358
416 2 41826 7 42414
417 45 125329 8 126111
418 2 224351 6 225281
419 55 56526 7 56941
420 50 118142 5 119092
421 2 243003 7 243127
422 47 33907 6 34808
423 55 14383 7 15083
424 26 231846 7 232083
425 59 58592 7 59439
426 2 87717 5 88174
427 36 208601 6 209487
428 2 88174 7 88355
429 2 237052 6 237838
430 71 103306 7 104073
431 2 125527 7 126392
432 26 152059 8 152679
433 2 164028 7 164455
434 72 222956 5 223753
435 26 174180 6 175091
436 2 25982 6 26804
437 47 230445 5 231410
438 47 263682 6 264436
439 60 271073 4 271860
440 26 215276 4 216230
441 60 30407 6 31152
442 60 274791 6 275697
443 49 114146 8 114941
444 72 198681 5 199589
445 71 15777 6 16106
446 49 145545 7 146121
447 45 47290 8 48075
448 2 247451 6 248392
449 49 181221 8 181399
450 72 130337 6 130933
451 72 58592 7 59454
452 72 153927 6 154823
453 2 18332 6 19042
454 2 19919 6 20741
455 50 84281 6 84676
456 72 170151 5 170517
457 2 271832 6 272528
458 60 200177 5 200911
459 45 261513 5 262251
460 26 268407 7 269168
461 45 28694 7 29634
462 55 213705 6 214532
463 15 1461 7 2239
464 26 22818 7 23455
465 36 266949 6 267807
466 26 20026 6 20890
467 15 244334 7 244711
468 47 52224 5 53194
469 26 82002 6 82802
470 72 68783 5 69597
471 26 166010 5 166396
472 2 182594 6 183276
473 2 172245 6 172959
474 47 52074 6 52224
475 49 222155 8 222956
476 55 250757 6 250880
477 15 158212 7 158875
478 2 256384 7 256510
479 8 230222 7 231027
480 47 81748 6 81900
481 23 124600 6 124730
482 26 191908 7 192366
483 47 121348 7 121843
484 2 29101 6 29885
485 26 266052 7 266924
486 47 242091 7 242231
487 50 155842 6 156677
488 49 200634 7 201087
489 2 168387 5 168538
490 71 223516 7 224361
491 2 216648 7 216774
492 72 134740 7 135384
493 35 83541 7 84346
494 55 216217 6 216451
495 47 133765 5 134712
496 71 143925 5 144479
497 26 5826 8 6649
498 15 265731 6 266595
499 60 207020 5 207442
500 55 105834 7 106333
501 15 217436 7 217838
502 47 249984 6 250215
503 15 62697 6 63234
504 8 147990 7 148541
505 47 143925 5 144716
506 72 210675 5 211084
507 72 40307 7 40439
508 45 90921 7 91832
509 35 58804 5 59337
510 26 16343 6 17333
511 71 193419 4 194164
512 49 187966 8 188705
513 49 79621 8 80117
514 55 222155 7 222932
515 50 76716 6 76969
516 72 67906 7 68613
517 59 166396 5 166892
518 26 178754 7 179579
519 26 238542 5 239036
520 45 174180 7 174387
521 47 271130 5 271279
522 45 225438 8 226274
523 47 76426 5 76915
524 47 223330 7 223926
525 49 226743 8 227159
526 49 174238 8 175125
527 72 232984 5 233956
528 47 203738 6 204622
529 26 92479 6 93046
530 49 129525 8 129719
531 23 112094 5 113005
532 26 13397 6 13898
533 60 192278 6 192815
534 26 240589 7 241455
535 45 46495 8 46702
536 50 29101 8 29895
537 8 31124 7 31673
538 55 245943 7 246328
539 26 96314 8 96711
540 15 179509 6 180395
541 2 47973 6 48454
542 35 147990 5 148244
543 50 153143 7 153935
544 71 239470 7 240346
545 35 268740 7 269549
546 26 247952 7 248775
547 55 238030 7 238491
548 35 167488 5 168016
549 8 169594 7 169791
550 72 145545 5 146385
551 45 122351 8 123159
552 35 72098 6 72442
553 35 182594 7 183253
554 49 267905 7 268596
555 49 137566 8 137978
556 23 210675 6 211002
557 71 113497 6 114363
558 15 184547 7 185259
559 60 248392 6 249093
560 47 58804 6 59586
561 55 149904 7 150384
562 59 179668 7 180235
563 49 155463 5 156003
564 2 244001 4 244830
565 60 249984 6 250123
566 55 111153 5 111285
567 26 126296 7 127134
568 26 220682 8 221150
569 47 171886 6 172749
570 47 259861 5 260709
571 49 47290 7 48145
572 59 124603 7 124919
573 2 244830 6 245197
574 47 129525 7 130233
575 8 134740 7 135380
576 23 48251 5 48896
577 47 213705 6 214587
578 72 266949 6 267102
579 2 82801 6 83541
580 47 223926 5 224552
581 72 232332 5 232984
582 55 169276 6 169995
583 35 270691 7 271399
584 45 64322 8 64938
585 2 86111 6 87066
586 26 157119 7 157540
587 49 238542 6 238789
588 45 164028 7 164785
589 71 49276 6 49948
590 60 266949 6 267949
591 60 45026 6 45441
592 50 33119 7 33270
593 2 165760 5 166622
594 72 32084 6 32828
595 2 192914 6 193419
596 2 63832 6 64322
597 2 194939 7 195117
598 8 233595 7 234227
599 55 65671 6 66221
600 2 230465 5 231288
601 26 132142 5 132957
602 23 132957 5 133396
603 2 50900 6 51770
604 2 11592 6 12445
605 2 141716 7 142675
606 49 181560 8 181712
607 55 242881 6 243552
608 55 208451 6 208760
609 26 194484 7 194745
610 2 275830 6 276182
611 26 34798 6 35072
612 72 75472 7 76178
613 55 186402 6 186993
614 35 127201 7 127928
615 2 114607 5 115592
616 72 95336 7 96211
617 47 113624 7 114535
618 8 94719 7 95560
619 2 268290 7 268456
620 8 127583 6 127833
621 72 152258 6 152986
622 72 105704 6 106380
623 45 41358 8 41849
624 49 136954 7 137566
625 2 13242 5 14016
626 35 241096 7 241970
627 8 195875 5 196624
628 49 9363 7 9851
629 15 75834 7 76627
630 47 120642 6 121348
631 35 30407 7 31138
632 45 70728 8 70865
633 59 150498 6 151270
634 8 204061 7 204807
635 71 35072 6 35836
636 72 139492 5 140333
637 47 236918 6 237887
638 60 252781 5 253220
639 55 122351 5 123042
640 71 165397 7 166061
641 35 257632 6 258077
642 23 126392 6 126955
643 59 266949 6 267659
644 8 21253 6 22027
645 35 137566 7 138357
646 47 38724 5 39469
647 26 70009 7 70566
648 45 133740 8 134578
649 47 205386 6 206229
650 49 233091 8 233466
651 49 31700 6 32009
652 60 122351 6 123052
653 26 67091 4 67996
654 72 154823 5 155970
655 45 87717 8 88492
656 47 53194 6 53562
657 2 49276 6 49985
658 49 64769 6 65109
659 50 250757 8 251431
660 71 98890 7 99299
661 2 149922 6 150603
662 26 128465 6 129381
663 8 181912 7 182411
664 47 51287 5 52074
665 72 143666 7 144258
666 35 48251 7 48847
667 45 65096 7 65914
668 55 201861 7 202390
669 47 116151 6 116845
670 36 27430 6 28071
671 45 62697 7 63586
672 55 275830 7 276682
673 72 104524 6 104855
674 47 177243 6 177904
675 55 92668 6 93520
676 71 244801 5 245072
677 60 58804 6 59104
678 72 257108 6 257850
679 47 45653 7 46495
680 45 38724 7 39526
681 47 57391 5 57609
682 47 192140 5 192750
683 26 247572 6 247952
684 50 272085 8 272840
685 2 245197 7 245943
686 2 38696 5 39121
687 47 221427 6 222278
688 71 15204 7 15699
689 23 211603 6 211857
690 49 135384 6 135652
691 2 264832 5 265731
692 26 2281 8 2547
693 72 60998 7 61688
694 26 130933 7 131841
695 2 69196 6 70009
696 26 110350 7 110784
697 50 35072 6 35816
698 8 222278 7 223096
699 49 185553 8 186498
700 8 63645 6 64611
701 59 242086 7 243042
702 59 38724 6 39510
703 47 131052 6 131249
704 47 233091 6 233388
705 55 224774 7 225766
706 35 19031 6 19877
707 26 212042 7 212703
708 71 25371 7 26097
709 50 208451 8 209261
710 2 93264 6 93992
711 2 93992 6 94536
712 49 273772 6 274398
713 49 124339 7 124981
714 26 201227 6 201861
715 45 50558 8 50912
716 55 90921 6 91758
717 15 239717 6 239933
718 26 120752 6 121572
719 2 218204 7 218867
720 50 229397 8 229638
721 50 141716 7 142639
722 47 266942 5 267905
723 2 32084 6 32790
724 72 273983 6 274791
725 49 67091 7 67378
726 47 29462 6 30427
727 35 213083 7 214078
728 59 195875 7 196289
729 47 27696 5 28341
730 2 140398 5 140908
731 47 240407 6 241096
732 49 179509 6 180336
733 55 82707 6 83354
734 2 78801 6 78935
735 23 168387 6 168962
736 8 184547 6 185477
737 2 16571 6 16737
738 47 64265 4 64748
739 49 95670 7 95898
740 2 3173 7 3944
741 49 148410 7 148774
742 71 180484 6 181273
743 47 273772 6 274353
744 47 157442 5 157638
745 2 119776 5 120617
746 23 233595 6 233921
747 26 123163 7 123597
748 35 261297 6 261659
749 45 29909 8 30428
750 49 180484 7 181221
751 45 237146 8 237968
752 45 58189 7 58356
753 71 229155 7 229423
754 26 204901 6 206001
755 2 42513 5 43345
756 26 70728 7 71212
757 71 255053 7 255699
758 26 108434 8 108567
759 60 147371 5 148196
760 50 244830 6 245781
761 55 170151 6 170535
762 15 95670 5 96412
763 35 176814 7 177460
764 23 45026 5 45282
765 50 76178 7 76376
766 2 15777 6 16571
767 55 167634 7 168352
768 49 122918 8 123094
769 45 75834 7 76716
770 59 15203 6 16015
771 50 112094 8 112868
772 50 182594 8 183548
773 71 109632 5 109776
774 15 19042 6 19165
775 2 72960 5 73448
776 72 125329 6 126046
777 26 192914 5 193752
778 26 190215 7 190887
779 45 16819 7 17103
780 2 171453 5 172245
781 45 20666 7 21375
782 47 255053 7 255933
783 36 229821 5 230565
784 72 264518 5 264758
785 55 273983 7 274298
786 59 20964 7 21219
787 72 16071 5 16657
788 72 15052 5 16071
789 26 262028 6 262863
790 50 15096 8 15533
791 55 8430 6 9084
792 2 245943 6 246552
793 49 53562 7 54382
794 47 260709 7 261513
795 47 96524 6 97463
796 72 212769 5 213310
797 71 125405 7 126181
798 47 15052 5 15754
799 72 51975 6 52518
800 2 70728 6 71505
801 15 33119 6 34034
802 72 189200 5 189532
803 26 180484 5 181164
804 47 41345 6 41697
805 72 49258 5 50166
806 55 153143 5 153463
807 26 223516 7 224100
808 26 188412 7 188847
809 35 274864 6 275788
810 55 15203 7 16144
811 49 64366 8 64713
812 71 270691 7 271506
813 35 68613 7 68981
814 47 198855 7 199817
815 23 47290 6 47511
816 55 17333 7 17870
817 50 166347 8 167287
818 72 249306 5 250122
819 71 137566 6 138303
820 45 195117 7 195466
821 55 91925 6 92443
822 71 184772 7 185493
823 60 259745 6 260525
824 26 101479 8 102202
825 35 185891 7 186864
826 26 168773 5 169592
827 72 45026 5 45159
828 26 61459 5 62255
829 26 54107 6 54476
830 23 58036 6 58293
831 47 125329 5 126289
832 45 137478 8 137915
833 26 105834 6 106578
834 55 88174 6 88381
835 59 160224 7 160993
836 72 81900 5 82210
837 2 146657 7 146939
838 60 27300 6 27624
839 45 260215 7 260547
840 55 99608 5 100356
841 26 233091 6 233687
842 26 18138 5 19031
843 71 208451 7 209108
844 72 77791 5 78028
845 15 127300 7 127967
846 71 256369 6 257234
847 60 34808 6 35311
848 60 69367 6 69981
849 47 177904 6 178107
850 36 94536 6 94804
851 2 134740 7 135334
852 47 122553 5 123374
853 2 2547 6 3033
854 35 238223 7 238854
855 15 187390 7 188098
856 55 188003 7 188694
857 72 270691 5 270835
858 55 89249 7 89755
859 35 35072 7 35713
860 72 176036 4 177019
861 15 181895 6 182732
862 35 14016 6 14464
863 60 15754 6 16497
864 26 80509 6 81185
865 15 130933 6 131079
866 26 246719 8 247358
867 15 72161 5 72321
868 23 4685 6 5351
869 72 268740 5 269443
870 71 15052 7 15204
871 71 202345 7 203275
872 60 117856 6 118714
873 60 164028 6 164523
874 55 55419 6 56222
875 60 231410 6 232122
876 23 179704 6 180559
877 45 222721 7 223545
878 59 222650 7 222925
879 72 267905 6 268621
880 8 29462 6 29708
881 35 93992 7 94261
882 15 48251 6 48830
883 47 254697 6 254897
884 2 76716 6 77791
885 50 85876 6 86250
886 47 243130 5 243941
887 47 60998 6 61459
888 50 229969 8 230907
889 8 48465 7 49282
890 15 39121 7 39859
891 49 173521 8 174238
892 2 255053 6 255772
893 71 273983 5 274150
894 26 233687 7 233825
895 71 274353 7 275093
896 2 111153 6 111867
897 23 243127 6 243737
898 23 1530 6 2510
899 55 164891 6 165724
900 36 97463 5 98181
901 55 1461 5 2221
902 50 9481 7 10097
903 72 127201 5 127583
904 26 133765 7 134289
905 59 161781 5 162130
906 47 33119 6 33907
907 26 149043 5 149666
908 71 166347 7 166483
909 35 193287 7 193799
910 47 247116 7 247572
911 2 117856 5 118073
912 47 32340 5 33119
913 8 75834 5 76740
914 2 64547 7 65309
915 26 0 6 291
916 2 242253 6 243003
917 49 30407 7 31155
918 49 153880 8 154154
919 2 14383 6 15046
920 2 196953 5 197731
921 59 200177 7 200871
922 47 75683 5 76426
923 47 259082 6 259861
924 2 241004 5 241820
925 36 182205 6 183166
926 47 224552 5 224774
927 49 18138 8 19070
928 49 20964 5 21261
929 55 31206 5 31461
930 35 89249 5 90128
931 26 5008 6 5719
932 26 154357 8 155055
933 36 58189 6 58736
934 71 153927 7 154688
935 72 64366 5 65269
936 50 65982 6 66650
937 60 22818 5 23220
938 72 269443 6 270361
939 26 243941 8 244675
940 55 34798 6 35146
941 26 271073 6 271220
942 50 70009 6 70470
943 26 189200 8 189609
944 26 749 6 1397
945 49 149904 8 150899
946 72 117856 6 118170
947 45 113497 7 113846
948 8 130933 6 131732
949 72 180484 5 181196
950 47 56562 6 57391
951 2 0 7 321
952 47 167488 6 168377
953 2 45886 7 46831
954 60 235170 6 235515
955 49 168387 7 169141
956 2 45030 5 45356
957 49 76178 6 77027
958 49 80509 8 80708
959 72 172959 6 173107
960 60 270358 6 270843
961 49 90921 7 91650
962 47 94719 5 95670
963 72 203051 6 203738
964 49 71439 8 72161
965 49 219801 8 220763
966 2 27300 6 27710
967 72 45545 5 46120
968 50 33907 7 34632
969 72 181895 6 182138
970 49 157638 7 158439
971 35 50900 5 51338
972 71 63832 7 64112
973 26 199524 5 200281
974 2 115592 5 116151
975 23 152049 5 152408
976 71 8430 6 8630
977 26 229397 6 230222
978 55 23117 5 24031
979 71 118142 7 118845
980 2 238223 6 239008
981 26 74327 7 74958
982 72 248392 5 249155
983 8 192914 6 193291
984 8 86090 7 86553
985 55 153871 6 154123
986 15 15052 7 15897
987 47 1461 7 2237
988 47 250753 4 251446
989 47 241405 6 241813
990 2 204408 5 204858
991 35 46495 7 46788
992 72 177019 6 177777
993 71 76178 5 76997
994 23 27300 6 27632
995 15 223266 7 223672
996 15 52074 6 52994
997 55 244860 5 245679
998 47 50558 5 51287
999 55 230777 7 231587
1000 47 244801 6 245797
1001 26 159549 7 159674
1002 35 76915 7 77616
1003 71 192914 5 193147
1004 8 185480 6 186204
1005 55 121348 7 122171
1006 71 110350 6 111100
1007 35 151275 7 151948
1008 45 129183 8 129692
1009 55 9363 7 9744
1010 72 6590 5 7434
1011 35 162517 7 163328
1012 47 124339 5 125074
1013 47 27300 7 27696
1014 49 23685 7 24668
1015 26 238030 8 238223
1016 72 67091 5 67906
1017 49 107211 7 108074
1018 26 99093 8 100059
1019 35 62697 6 62944
1020 72 147990 6 148367
1021 55 114024 5 114912
1022 2 225281 6 225438
1023 50 151602 6 151827
1024 26 146385 8 146827
1025 45 31124 6 31859
1026 60 188003 6 188839
1027 15 64547 7 65077
1028 72 14383 4 15052
1029 23 23685 6 24038
1030 55 255933 6 256430
1031 2 43345 6 44189
1032 45 143925 8 144853
1033 60 142084 6 142366
1034 49 133019 6 133849
1035 23 51351 5 52309
1036 55 31700 6 31877
1037 71 211603 7 212408
1038 2 143925 6 144219
1039 55 130933 7 131055
1040 55 50558 7 51421
1041 55 203738 7 204505
1042 36 124603 5 125362
1043 2 149666 6 149922
1044 45 48075 8 48627
1045 71 259082 6 259911
1046 26 117249 6 118142
1047 71 207353 6 207807
1048 26 130337 8 130712
1049 36 88862 6 89312
1050 49 267324 5 267755
1051 2 39121 6 39924
1052 8 58036 7 58804
1053 60 219801 6 220551
1054 15 27430 6 27943
1055 47 108434 7 108682
1056 45 255053 7 255909
1057 55 116391 6 117114
1058 15 200177 6 200663
1059 47 81219 4 81748
1060 45 114146 7 114973
1061 26 167488 5 167634
1062 45 211145 8 211924
1063 35 53562 7 54462
1064 35 107211 7 107581
1065 49 241813 7 242194
1066 26 79621 7 80146
1067 72 55814 5 56621
1068 72 187390 5 188020
1069 49 116924 7 117867
1070 15 266949 5 267792
1071 26 65096 7 65356
1072 35 82801 6 82966
1073 2 61723 7 62697
1074 26 218204 8 218391
1075 2 95336 7 96094
1076 59 239660 6 239856
1077 35 18138 7 18993
1078 72 191908 6 192281
1079 49 16571 8 17318
1080 49 133849 8 134496
1081 15 94719 5 95532
1082 71 205386 7 205995
1083 2 185553 6 185772
1084 72 149904 6 150548
1085 55 254697 7 255025
1086 60 243003 6 243783
1087 47 74958 5 75683
1088 55 120617 6 120796
1089 50 229821 8 229969
1090 49 232061 7 233042
1091 35 194939 6 195176
1092 2 151602 5 151980
1093 35 91498 6 91767
1094 2 147371 6 148076
1095 47 25404 6 26187
1096 47 224774 6 225570
1097 2 132957 5 133844
1098 2 222650 7 223266
1099 55 227162 7 227352
1100 26 230222 5 230906
1101 71 248392 6 249056
1102 2 167508 6 168387
1103 8 41826 7 42576
1104 49 20026 6 20914
1105 8 3173 6 3976
1106 2 100568 5 101364
1107 55 236065 6 236686
1108 47 217436 5 217692
1109 23 194939 5 195216
1110 23 195894 6 196369
1111 49 51975 7 52909
1112 55 224552 7 224680
1113 47 227878 7 228370
1114 45 185553 5 185885
1115 72 209233 5 209647
1116 2 122351 7 123163
1117 49 151275 8 152256
1118 35 79621 7 80037
1119 55 45356 6 45630
1120 72 10801 7 11611
1121 2 151275 6 151602
1122 47 251668 4 252429
1123 47 21890 6 22853
1124 2 229397 7 229736
1125 45 63660 7 64089
1126 26 234470 8 235452
1127 26 56725 8 57553
1128 60 177243 5 177969
1129 47 174180 5 174920
1130 2 248392 6 248662
1131 2 45535 6 45886
1132 50 117249 8 117920
1133 2 113497 6 114146
1134 72 127583 7 127954
1135 26 192366 8 192662
1136 2 234470 5 235179
1137 35 40439 7 40714
1138 35 15777 5 16490
1139 26 88381 8 89317
1140 55 162381 6 163243
1141 47 138074 5 138868
1142 47 228370 5 229155
1143 55 712 7 1274
1144 47 148329 7 149112
1145 59 124919 6 125052
1146 35 231410 6 232327
1147 72 50900 6 51975
1148 47 232224 6 233091
1149 50 220075 8 221052
1150 49 247572 8 248487
1151 2 207794 6 208540
1152 59 133029 7 133218
1153 72 162517 7 163048
1154 45 93992 6 94984
1155 50 148686 5 149398
1156 26 248775 6 249693
1157 49 242194 6 242333
1158 2 170151 7 170717
1159 47 65671 5 66657
1160 26 111760 6 112698
1161 55 174907 5 175749
1162 47 166347 5 166891
1163 60 31948 6 32404
1164 72 209834 4 210675
1165 15 174238 6 174682
1166 59 71643 7 72390
1167 72 148410 6 149395
1168 47 235170 6 236065
1169 55 155981 5 156959
1170 35 239311 6 240146
1171 2 189223 7 190215
1172 26 76537 8 76683
1173 26 151275 6 152059
1174 45 110566 8 110949
1175 72 236378 6 237329
1176 35 223346 7 223881
1177 45 195875 8 196662
1178 2 75834 6 76716
1179 50 255053 7 255261
1180 26 256569 6 256837
1181 2 220075 5 220206
1182 59 111153 5 111958
1183 60 44209 6 44716
1184 55 139492 6 140334
1185 47 179048 6 179704
1186 50 239470 7 240186
1187 23 68845 6 69313
1188 26 253112 4 254095
1189 26 95439 5 96314
1190 36 101159 5 102134
1191 72 116496 7 116910
1192 71 108028 7 108877
1193 49 153143 6 153880
1194 59 270358 7 270892
1195 72 166347 6 167175
1196 47 159520 7 160241
1197 47 147990 5 148329
1198 49 236643 6 237599
1199 2 38368 5 38696
1200 15 255053 6 255241
1201 23 274043 5 274504
1202 8 153871 6 154531
1203 26 191088 6 191639
1204 15 105957 7 106222
1205 36 204901 5 205675
1206 47 712 7 1214
1207 50 272840 8 273808
1208 26 148329 6 149043
1209 50 4685 6 5270
1210 71 19872 7 20327
1211 72 111153 6 111962
1212 35 90826 7 91269
1213 47 147540 5 147990
1214 8 243003 5 243267
1215 72 234470 6 234596
1216 49 49258 8 50253
1217 15 114444 5 114682
1218 35 51770 6 52210
1219 47 266052 7 266942
1220 26 31700 6 31909
1221 23 95670 6 95917
1222 26 134740 8 135696
1223 26 57553 6 58553
1224 72 88862 5 89733
1225 49 225438 6 226052
1226 26 226743 6 227531
1227 50 64769 8 64921
1228 72 86090 5 86827
1229 8 39469 7 40397
1230 2 172959 5 173808
1231 72 153143 5 153927
1232 60 85079 5 85959
1233 26 83296 7 84105
1234 35 124600 6 125411
1235 15 47290 5 47637
1236 26 161781 7 162517
1237 47 54304 6 55124
1238 55 126289 6 127135
1239 55 152049 6 152921
1240 55 151275 7 151980
1241 2 78935 6 79771
1242 26 260215 6 261065
1243 47 209342 5 210454
1244 55 20666 7 21546
1245 50 233595 7 233867
1246 59 94536 5 95348
1247 15 259745 7 260412
1248 47 119832 5 120642
1249 49 202699 8 203065
1250 2 51770 6 52605
1251 23 167634 5 168150
1252 26 218569 8 219075
1253 45 3848 7 4845
1254 2 19042 6 19919
1255 50 243941 7 244706
1256 26 262863 8 263224
1257 47 17048 6 17490
1258 72 159931 6 160224
1259 23 9363 5 9662
1260 47 245797 5 246335
1261 71 54107 5 54692
1262 55 26187 7 26845
1263 50 181895 7 182573
1264 50 238542 8 239008
1265 72 62697 6 63542
1266 2 5000 6 5703
1267 26 142498 7 143229
1268 47 261513 5 262470
1269 26 213705 5 214553
1270 15 53562 6 53959
1271 71 264518 6 264992
1272 49 26958 8 27940
1273 50 47880 8 48244
1274 55 241820 6 242753
1275 2 127201 7 128039
1276 26 259258 7 259497
1277 71 186402 7 186803
1278 47 248392 6 249306
1279 50 39121 8 40032
1280 71 267102 5 267900
1281 71 88355 6 88910
1282 2 91925 6 92279
1283 71 9363 7 9744
1284 26 90054 8 90559
1285 2 259018 6 259745
1286 71 144716 7 145608
1287 49 96711 8 97326
1288 72 92214 6 92668
1289 2 270687 7 271073
1290 71 81219 6 81766
1291 26 138099 6 138569
1292 2 201056 6 201812
1293 50 130933 6 131925
1294 2 24867 6 25371
1295 15 274043 6 274793
1296 26 144716 7 145623
1297 49 203738 8 204637
1298 47 0 5 300
1299 72 224774 7 225733
1300 72 41345 7 41726
1301 2 55995 6 56526
1302 60 153897 6 154695
1303 35 36896 5 37231
1304 55 101140 6 102136
1305 60 68783 6 68994
1306 72 41826 5 42434
1307 2 232061 7 232834
1308 15 83296 7 83483
1309 26 87580 6 88381
1310 26 102600 4 103460
1311 55 267499 6 268273
1312 55 238542 6 238947
1313 2 233595 5 234470
1314 60 228370 6 228880
1315 55 81748 6 82411
1316 45 185891 6 186731
1317 26 55124 7 56069
1318 55 234470 7 235282
1319 47 191088 5 191482
1320 35 49985 4 50758
1321 45 199817 7 200785
1322 49 14115 6 14627
1323 2 239008 6 239470
1324 72 270361 7 270691
1325 36 204061 6 204901
1326 47 97463 6 98435
1327 50 186428 7 187275
1328 2 65713 6 65982
1329 45 157638 8 158488
1330 72 28047 4 28694
1331 49 243003 7 243318
1332 50 149904 8 150657
1333 60 109632 6 110202
1334 15 152049 6 152883
1335 2 26804 7 27171
1336 45 215276 8 215923
1337 23 33907 6 34430
1338 15 243941 6 244212
1339 36 245294 5 246254
1340 72 258141 4 259083
1341 72 266052 7 266565
1342 47 80509 5 81219
1343 72 228608 5 229438
1344 15 88381 7 89338
1345 55 272840 6 273197
1346 8 116910 6 117110
1347 35 168387 7 168869
1348 8 104427 7 104778
1349 49 212921 6 213464
1350 26 31124 8 31700
1351 2 270358 6 270687
1352 49 128766 7 129525
1353 35 57553 7 58295
1354 55 45960 6 46942
1355 2 146385 6 146657
1356 2 29909 5 30430
1357 49 164028 7 164931
1358 49 62697 8 62907
1359 72 222155 7 222932
1360 2 196061 6 196953
1361 72 183088 5 183797
1362 26 77791 8 78507
1363 50 124600 6 125413
1364 45 152099 8 152701
1365 26 104921 6 105834
1366 35 199524 6 200354
1367 45 122043 7 122325
1368 35 165760 7 166013
1369 72 96211 6 96863
1370 2 227312 6 228137
1371 50 52224 7 52865
1372 47 18138 5 18870
1373 35 41826 7 42513
1374 72 179509 6 180186
1375 55 220682 6 221678
1376 26 85995 7 86683
1377 60 14016 6 14490
1378 26 169592 7 170581
1379 60 140398 6 140669
1380 47 226888 5 227878
1381 26 183708 6 184487
1382 55 229821 6 230622
1383 2 64322 5 64547
1384 50 85108 5 85491
1385 2 187408 6 188227
1386 71 149666 6 150447
1387 60 227162 6 227294
1388 35 208451 7 209199
1389 55 266949 7 267070
1390 71 203738 7 204379
1391 2 3944 6 4714
1392 2 60998 6 61723
1393 2 106420 6 107130
1394 72 5826 5 6590
1395 2 78609 6 78801
1396 49 176814 8 177438
1397 26 97463 5 98190
1398 15 151602 7 152030
1399 23 153927 6 154879
1400 23 181895 5 182665
1401 55 39469 7 40095
1402 47 126289 5 127300
1403 72 106420 6 107168
1404 26 84619 7 84941
1405 45 211926 8 212753
1406 49 124981 7 125405
1407 26 257632 7 258296
1408 23 186402 6 187222
1409 60 12441 6 13402
1410 47 253518 6 254392
1411 59 160993 5 161695
1412 35 166347 6 167143
1413 26 121843 6 122750
1414 26 43345 7 44277
1415 47 264518 4 265303
1416 72 47973 5 48465
1417 45 149904 6 150276
1418 47 234372 6 234944
1419 72 94719 7 95290
1420 2 213950 5 214150
1421 47 222278 5 222661
1422 2 239470 5 240274
1423 35 198681 6 199161
1424 50 28341 7 29101
1425 59 151275 6 151470
1426 26 96711 4 97047
1427 55 157540 7 158104
1428 26 1461 5 2281
1429 26 238223 6 238395
1430 49 99093 7 99393
1431 2 251668 6 252459
1432 26 141312 7 142084
1433 2 154498 5 155463
1434 45 25371 8 26071
1435 71 272085 6 272558
1436 2 109632 6 110261
1437 8 71505 7 72472
1438 26 177226 5 178368
1439 8 122043 7 122715
1440 26 222721 7 223346
1441 8 186402 7 187159
1442 15 136081 6 136821
1443 55 243941 6 244860
1444 55 143221 6 143719
1445 49 210774 8 211603
1446 35 108434 7 109302
1447 2 113129 6 113497
1448 8 140333 6 141178
1449 47 13898 5 14132
1450 72 91925 5 92214
1451 72 272992 6 273983
1452 47 211926 5 212921
1453 26 274533 7 275240
1454 8 133765 5 134315
1455 59 210354 6 210505
1456 49 65671 6 66416
1457 47 263052 5 263682
1458 71 231410 7 232009
1459 15 107168 7 107946
1460 26 47971 8 48401
1461 8 84112 7 84470
1462 72 236065 5 236378
1463 72 36102 5 37002
1464 45 117856 4 118434
1465 59 145619 6 145793
1466 72 229438 7 229821
1467 47 5826 7 6600
1468 71 27300 6 27615
1469 60 110350 5 110757
1470 50 188204 8 188680
1471 35 264518 6 265250
1472 47 70714 6 71641
1473 26 139621 6 140509
1474 26 64547 8 64769
1475 72 181221 7 181781
1476 71 6590 7 7435
1477 55 136081 7 136343
1478 49 38724 6 39507
1479 45 232332 8 233119
1480 55 128766 6 129695
1481 35 260067 5 260903
1482 59 20026 7 20964
1483 49 119832 8 120362
1484 35 85876 6 86780
1485 72 238030 6 238307
1486 60 199817 5 200107
1487 26 157540 6 157839
1488 49 195875 7 196222
1489 26 11592 6 12441
1490 49 147230 5 147851
1491 45 218204 7 218977
1492 55 173521 7 174441
1493 47 197905 5 198855
1494 45 127201 8 127955
1495 26 127201 8 128010
1496 60 274043 6 274640
1497 15 261297 7 262013
1498 60 129525 6 130222
1499 2 199424 7 200177
1500 45 14016 8 14508
1501 72 182138 5 182275
1502 49 250215 5 250915
1503 60 124339 5 124632
1504 49 91697 6 92429
1505 50 95670 5 96657
1506 8 259018 6 259784
1507 55 236918 7 237662
1508 26 271555 6 272342
1509 15 124600 7 125009
1510 23 58804 6 58978
1511 50 218204 8 218930
1512 72 115592 6 116496
1513 23 110566 6 110990
1514 72 66440 5 67050
1515 15 256369 5 256500
1516 71 3173 7 3931
1517 2 34080 6 34798
1518 59 18138 7 19119
1519 2 215743 4 216648
1520 2 74958 7 75834
1521 2 159549 5 159931
1522 71 31700 7 31967
1523 71 213083 7 213727
1524 26 75834 6 76537
1525 72 140333 7 140524
1526 60 244334 5 244947
1527 47 39469 7 40307
1528 47 2281 7 2586
1529 2 14016 6 14383
1530 55 148686 6 149018
1531 60 257285 6 258026
1532 50 106054 5 106556
1533 26 58592 6 59484
1534 72 164455 6 165163
1535 8 60104 7 60460
1536 49 111867 8 112289
1537 60 92668 6 92962
1538 26 150397 6 150943
1539 47 34808 5 35273
1540 2 197731 5 198436
1541 60 176036 6 176526
1542 71 187966 5 188730
1543 23 6590 5 7435
1544 2 264518 7 264832
1545 26 153871 8 154357
1546 8 124603 7 125503
1547 60 195117 6 195323
1548 60 186402 6 186566
1549 26 206229 5 206438
1550 26 187528 7 188128
1551 47 146385 7 147230
1552 60 55419 6 56246
1553 45 160993 6 161787
1554 35 101140 7 101681
1555 23 155463 6 156263
1556 47 152271 6 153143
1557 35 14508 7 15463
1558 71 53194 7 54012
1559 71 174907 7 175124
1560 47 231410 6 232224
1561 2 63520 6 63832
1562 2 259745 7 260509
1563 23 239470 6 240175
1564 47 168377 6 169374
1565 60 34104 6 34313
1566 26 212703 7 213330
1567 45 67091 8 67905
1568 2 155463 7 155981
1569 15 118142 7 118959
1570 26 198681 6 199524
1571 23 45653 6 46536
1572 55 149043 5 149813
1573 49 101140 7 101994
1574 26 149666 8 150397
1575 60 261297 5 261967
1576 47 247572 6 248220
1577 55 68783 7 69653
1578 26 202599 5 202898
1579 2 99608 6 99729
1580 26 182594 8 183423
1581 72 39121 7 40067
1582 15 104427 7 105393
1583 15 44209 5 44590
1584 8 150498 5 150965
1585 49 118073 6 118774
1586 36 133029 6 133883
1587 59 84619 7 85330
1588 55 217436 6 217998
1589 60 121843 6 122237
1590 59 100568 7 101172
1591 2 105126 5 105957
1592 49 25371 7 26029
1593 55 202599 7 203270
1594 36 244437 6 245294
1595 47 72233 7 72669
1596 26 14609 8 15587
1597 55 16657 6 17178
1598 47 195894 5 196595
1599 2 221016 5 222155
1600 45 239611 7 240038
1601 71 72098 6 72288
1602 47 127300 6 128130
1603 36 195894 6 196064
1604 71 83296 6 84103
1605 60 208451 6 209060
1606 50 25371 5 26123
1607 55 13898 5 14213
1608 47 272085 6 272992
1609 71 199817 6 200535
1610 72 263682 5 264478
1611 2 81995 7 82801
1612 47 300 6 712
1613 50 1530 4 1685
1614 55 249306 4 249818
1615 49 141312 6 141634
1616 71 2547 6 3029
1617 50 30407 7 31179
1618 26 273819 6 274043
1619 8 34080 5 34844
1620 72 4174 7 4386
1621 2 84112 6 85108
1622 72 103306 7 103689
1623 26 50558 5 51351
1624 35 205568 7 206297
1625 59 58189 7 58592
1626 72 98155 6 99029
1627 2 817 5 1530
1628 71 78935 7 79389
1629 2 267324 6 268290
1630 2 258515 5 259018
1631 47 182205 6 183088
1632 2 179668 6 180498
1633 26 53194 7 54107
1634 50 3173 8 3959
1635 72 114024 5 114444
1636 49 238833 8 239808
1637 47 11592 7 12420
1638 26 94107 6 94624
1639 26 264832 7 265716
1640 60 64547 5 65304
1641 26 124600 5 125381
1642 47 22853 7 23685
1643 47 200354 5 201082
1644 55 200177 6 200466
1645 60 91498 5 92156
1646 72 126289 5 127062
1647 72 88140 6 88862
1648 49 83296 6 84190
1649 45 274353 8 274761
1650 23 241813 5 242421
1651 59 210068 5 210354
1652 35 244830 7 245207
1653 49 230906 7 231892
1654 49 251668 8 252144
1655 2 91498 6 91869
1656 72 19872 7 20426
1657 26 78851 7 78989
1658 71 146657 6 147530
1659 47 274906 7 275154
1660 26 40307 6 41150
1661 26 39301 6 40109
1662 47 202345 5 203165
1663 72 274791 6 275540
1664 26 264518 8 264830
1665 59 244830 6 245531
1666 26 177012 7 177226
1667 45 264518 8 265253
1668 8 152059 6 152870
1669 35 64547 4 65381
1670 45 188003 8 188415
1671 50 224552 8 224690
1672 35 132957 6 133239
1673 60 70759 6 71014
1674 72 216217 6 216384
1675 26 25371 6 26031
1676 47 44210 6 45026
1677 2 124339 6 125266
1678 47 238223 7 238833
1679 59 170151 6 171117
1680 2 35035 7 35589
1681 71 222155 6 222324
1682 26 158580 5 159366
1683 47 134936 6 135822
1684 60 148410 6 148679
1685 55 21890 7 22888
1686 60 239311 6 239956
1687 8 264832 6 265039
1688 47 111156 6 112063
1689 26 118142 7 118455
1690 55 259497 6 260220
1691 71 218944 6 219578
1692 47 106054 6 107211
1693 72 157800 7 158580
1694 15 247572 5 248407
1695 55 68613 7 68741
1696 2 166622 6 167508
1697 47 229860 7 230445
1698 26 2547 8 3017
1699 15 242307 6 242701
1700 55 271832 5 272703
1701 35 112094 5 112956
1702 49 245797 7 246635
1703 2 162381 6 162849
1704 72 25371 6 26098
1705 26 214587 5 214817
1706 60 116151 5 117017
1707 15 211603 5 212576
1708 55 94719 6 95689
1709 2 183777 7 184673
1710 72 256323 6 257108
1711 50 31294 4 31522
1712 2 89976 6 90826
1713 26 210675 7 211087
1714 55 183276 5 183997
1715 47 169374 7 170022
1716 26 242881 6 243696
1717 47 78851 6 79621
1718 55 261513 6 261696
1719 49 84281 8 85150
1720 45 208451 7 209342
1721 8 209647 5 210617
1722 45 70865 8 71488
1723 47 199817 5 200258
1724 26 274043 7 274533
1725 72 244982 6 245937
1726 26 81219 6 82002
1727 15 85079 6 85335
1728 26 218391 6 218569
1729 47 243941 5 244801
1730 60 250753 5 251127
1731 15 228608 4 229380
1732 15 153143 5 153988
1733 23 88174 5 88940
1734 49 105566 5 106365
1735 2 128039 6 128954
1736 47 135982 6 136550
1737 23 208540 5 208850
1738 47 30427 6 31206
1739 60 170151 6 170374
1740 15 244982 7 245346
1741 72 200634 7 200941
1742 26 207780 7 208464
1743 8 266949 6 267513
1744 71 106578 5 107290
1745 2 49985 6 50900
1746 2 158212 6 159090
1747 47 143221 6 143903
1748 55 270361 7 270871
1749 49 245081 7 245474
1750 49 274791 7 275422
1751 26 91498 6 92479
1752 15 212921 6 213870
1753 2 168538 5 169276
1754 15 37683 7 38488
1755 15 23685 7 23942
1756 71 150498 6 151303
1757 72 116910 4 117856
1758 15 5079 6 5831
1759 55 220075 7 220498
1760 45 33907 6 34636
1761 55 85876 6 86110
1762 45 40439 7 40633
1763 59 122351 5 123087
1764 8 159090 6 159906
1765 2 36423 6 37393
1766 26 147990 6 148223
1767 2 261297 6 261487
1768 71 44209 6 45006
1769 49 85876 7 86230
1770 45 223753 5 224581
1771 71 251668 7 252368
1772 49 222956 8 223796
1773 2 77791 6 78609
1774 8 180484 6 180965
1775 47 87260 6 88040
1776 2 5826 6 6637
1777 47 8430 6 9481
1778 47 211087 7 211854
1779 72 68613 7 68783
1780 23 262863 5 263688
1781 2 48465 6 49276
1782 15 139492 6 140400
1783 72 9363 4 9655
1784 55 274791 7 274956
1785 47 150498 6 151275
1786 26 65713 6 66318
1787 2 57252 7 58189
1788 72 99093 7 99375
1789 2 255869 5 256384
1790 49 147990 7 148324
1791 45 203051 8 203626
1792 2 44189 7 44374
1793 72 238542 6 239311
1794 2 213254 6 213950
1795 47 142084 5 142498
1796 35 164028 6 164728
1797 35 47290 7 48197
1798 60 9363 6 9828
1799 45 179668 7 180472
1800 2 211145 7 211350
1801 45 128465 7 129183
1802 23 118142 6 118631
1803 2 97594 7 98155
1804 15 222155 4 222859
1805 2 118946 6 119776
1806 35 31700 7 31921
1807 55 262863 7 263449
1808 35 32084 5 32815
1809 60 224552 6 225254
1810 55 75834 5 76602
1811 2 40307 5 41158
1812 72 79621 5 80440
1813 26 300 7 749
1814 49 127201 7 128045
1815 2 212343 5 213254
1816 50 145545 7 145978
1817 45 267499 7 268185
1818 2 66440 7 67091
1819 47 12441 6 13430
1820 47 112094 7 112441
1821 71 272840 7 273247
1822 55 43345 7 44240
1823 35 152515 7 153327
1824 35 75834 7 76666
1825 60 94719 5 94988
1826 50 93992 7 94982
1827 59 29909 7 30324
1828 49 255053 8 255915
1829 23 228370 6 229078
1830 71 243941 6 244736
1831 72 199817 6 200456
1832 2 219801 5 220075
1833 55 108434 7 108713
1834 47 181895 7 182205
1835 55 246719 7 247534
1836 2 246719 6 247451
1837 47 153988 7 154744
1838 23 38724 6 39523
1839 36 243127 6 243770
1840 59 749 7 1461
1841 47 201227 5 202345
1842 49 94624 5 95407
1843 26 115592 5 116391
1844 35 121348 7 122238
1845 8 15247 7 16233
1846 47 90921 5 91697
1847 49 244830 7 245081
1848 59 134740 7 135400
1849 26 35072 7 35677
1850 47 37683 6 38724
1851 72 147366 7 147821
1852 47 151275 5 152049
1853 2 210276 6 211077
1854 72 185891 5 186666
1855 71 164028 7 164338
1856 55 134740 6 135300
1857 36 45545 6 46250
1858 23 21253 6 22122
1859 72 205386 7 206306
1860 2 177012 7 177857
1861 60 134740 6 135367
1862 72 242086 5 242469
1863 60 45535 5 46029
1864 47 70151 5 70714
1865 35 116924 7 117703
1866 47 98435 6 98890
1867 72 250757 6 251582
1868 2 22853 7 23117
1869 72 219801 7 220513
1870 71 182138 6 182802
1871 45 177243 7 178043
1872 35 83296 6 83466
1873 59 209834 7 210068
1874 15 170151 7 170910
1875 59 204061 7 204942
1876 72 259083 7 260067
1877 2 162849 7 163630
1878 55 210068 6 210924
1879 59 143925 7 144804
1880 55 240274 5 240981
1881 49 55124 7 55890
1882 60 124632 6 125617
1883 47 188412 5 189200
1884 72 167488 6 167962
1885 72 260067 5 261007
1886 45 147230 8 148122
1887 60 75834 6 76620
1888 47 157638 6 158622
1889 2 173808 5 174494
1890 71 187408 6 187611
1891 8 242479 6 242918
1892 23 222956 6 223869
1893 72 246719 5 247589
1894 47 14132 6 14650
1895 26 146939 7 147762
1896 15 66657 6 66965
1897 71 32084 6 32804
1898 47 141312 6 141743
1899 55 205386 6 206345
1900 47 134740 5 134936
1901 47 107211 6 108042
1902 45 94984 7 95978
1903 2 152515 6 153430
1904 71 258318 7 258951
1905 47 104327 6 104879
1906 50 211272 8 212085
1907 49 132142 8 132332
1908 72 124603 5 125236
1909 49 12441 6 12732
1910 72 229821 5 230777
1911 26 239036 7 239660
1912 49 712 7 1321
1913 2 229736 7 230465
1914 23 114444 6 115052
1915 2 220682 6 221016
1916 49 122043 8 122918
1917 2 138626 5 139330
1918 26 255053 7 255538
1919 59 243941 7 244084
1920 35 148686 7 149443
1921 45 76716 8 77514
1922 15 3848 5 4834
1923 26 12441 8 13397
1924 71 132789 5 133521
1925 8 25404 7 26217
1926 71 92668 7 92830
1927 59 172959 6 173623
1928 47 55124 5 55419
1929 72 93992 6 94443
1930 35 81748 7 82532
1931 8 58804 7 59503
1932 47 41826 5 42513
1933 49 247116 8 247315
1934 35 222155 7 222928
1935 47 117856 7 118029
1936 35 72588 7 73362
1937 50 170151 6 170877
1938 50 88174 5 88885
1939 8 165760 6 166574
1940 2 1530 5 2484
1941 59 187408 7 187626
1942 50 187390 7 188204
1943 60 83541 5 84339
1944 60 90921 6 91304
1945 26 125405 7 126296
1946 2 10042 7 10830
1947 71 268740 6 269551
1948 47 68361 4 69367
1949 47 213083 7 213705
1950 47 99093 5 99347
1951 60 259083 6 259281
1952 2 211926 6 212343
1953 2 94536 6 95336
1954 15 204061 7 204579
1955 55 165760 6 166049
1956 35 4685 6 5233
1957 23 87529 6 88140
1958 55 62697 7 63680
1959 60 106054 6 106899
1960 2 81219 5 81995
1961 2 181164 6 181560
1962 49 95439 7 95624
1963 26 41158 7 41404
1964 71 40439 6 41438
1965 47 208601 5 209342
1966 55 164028 6 164677
1967 72 230777 6 231394
1968 2 273772 6 273987
1969 60 229821 5 230509
1970 47 212921 4 213083
1971 60 167634 6 168194
1972 47 191908 6 192140
1973 2 12445 6 13242
1974 47 62697 5 63645
1975 60 237146 6 237564
1976 26 72098 6 73119
1977 2 164891 6 165397
1978 26 170896 7 171684
1979 60 198681 5 199528
1980 72 3347 6 4174
1981 26 263682 7 264518
1982 47 255933 5 256369
1983 35 234944 7 235349
1984 45 210675 7 211145
1985 47 90054 5 90921
1986 2 67091 6 67884
1987 45 109632 8 110566
1988 8 38368 7 38715
1989 60 213950 6 214924
1990 60 134002 6 134147
1991 26 275961 5 276914
1992 60 201844 6 202802
1993 71 209834 7 210006
1994 35 122351 6 122672
1995 47 108682 6 109005
1996 50 47290 6 47880
1997 2 181560 7 182352
1998 71 0 5 349
1999 47 252429 6 252986
2000 45 274043 7 274269
2001 47 9481 7 10042
2002 60 74327 6 75248
2003 72 272085 6 272979
2004 49 71319 8 71439
2005 15 272085 6 272980
2006 36 201227 4 201844
2007 2 121323 6 122043
2008 2 174907 7 175790
2009 71 81995 6 82944
2010 71 33119 6 33908
2011 35 267905 7 268419
2012 2 218867 6 219801
2013 55 192914 5 193758
2014 2 108028 7 108876
2015 60 195894 6 196865
2016 2 228608 4 229397
2017 55 200466 6 200715
2018 60 130933 5 131168
2019 15 41826 7 42569
2020 2 254697 6 254865
2021 35 214150 6 214521
2022 26 38696 6 39301
2023 47 257285 5 257576
2024 60 126392 5 126935
2025 47 100140 5 101140
2026 49 177777 8 178577
2027 45 104232 8 104563
2028 2 116924 5 117673
2029 47 6600 6 7446
2030 71 229821 7 230690
2031 47 145545 5 145735
2032 59 182205 6 182589
2033 49 165760 8 166636
2034 47 272992 6 273772
2035 26 160993 6 161781
2036 2 98155 5 98624
2037 26 223346 6 223516
2038 45 45026 6 45160
2039 26 230906 6 231846
2040 2 231288 5 232061
2041 59 152765 6 153000
2042 72 132142 7 132789
2043 71 158622 7 158841
2044 45 192914 7 193594
2045 72 74327 4 75058
2046 49 141716 7 142546
2047 26 68361 7 69178
2048 45 169594 8 170303
2049 2 17638 6 18332
2050 60 4685 6 5319
2051 72 239648 7 240374
2052 15 239470 7 239717
2053 49 154357 6 154773
2054 2 214902 5 215743
2055 71 261297 7 261975
2056 55 212769 7 213684
2057 47 152049 5 152271
2058 71 58804 6 59354
2059 47 194484 5 195270
2060 72 22176 7 23009
2061 59 275154 6 275985
2062 45 191908 7 192492
2063 35 23117 6 24003
2064 50 133019 5 133872
2065 26 250215 7 250757
2066 55 194484 6 195004
2067 60 160993 6 161984
2068 47 28341 5 29088
2069 8 132957 5 133765
2070 35 140333 7 141007
2071 72 192914 7 193287
2072 49 66440 7 67049
2073 35 229155 7 229881
2074 47 15754 6 16819
2075 45 229736 8 230493
2076 50 110350 8 111253
2077 2 157321 6 158212
2078 45 233595 6 234272
2079 60 20816 6 21617
2080 15 57553 7 58034
2081 35 226888 6 227015
2082 71 85876 7 86742
2083 55 267324 5 267485
2084 55 117249 5 117714
2085 8 275154 7 275995
2086 49 152271 6 152745
2087 71 218569 6 218924
2088 15 19872 6 20493
2089 26 237146 7 237853
2090 23 218867 6 219096
2091 47 162517 7 162909
2092 26 259497 6 260215
2093 35 149666 7 150513
2094 71 124600 7 125013
2095 2 200177 4 201056
2096 2 34798 6 35035
2097 47 189200 7 189974
2098 26 21253 6 21890
2099 15 141312 6 142150
2100 35 38724 6 39505
2101 49 58036 8 58860
2102 15 122553 7 123404
2103 45 238542 8 239527
2104 15 210675 7 211510
2105 8 19919 7 20744
2106 8 53562 6 54097
2107 50 241813 6 242628
2108 72 262863 6 263160
2109 26 106578 7 107525
2110 49 99729 6 100459
2111 47 67520 7 68361
2112 49 125405 8 126112
2113 47 155842 6 156472
2114 2 175790 5 176036
2115 45 116924 7 117284
2116 71 133765 6 134749
2117 26 109632 8 110350
2118 49 44209 8 45121
2119 45 222155 7 222686
2120 47 267905 5 268740
2121 59 239856 6 240605
2122 26 85079 6 85995
2123 45 203738 8 204692
2124 26 108876 7 109632
2125 60 172245 6 173024
2126 45 153143 6 153897
2127 47 172749 6 173521
2128 55 135334 7 135886
2129 50 21253 7 22032
2130 59 230465 5 231323
2131 60 19872 6 20253
2132 50 169510 8 169828
2133 60 272085 6 272323
2134 26 30407 6 31124
2135 47 3173 6 3848
2136 71 128039 6 128929
2137 47 183088 5 183708
2138 15 241820 6 242307
2139 2 257300 6 257629
2140 71 712 7 1243
2141 36 201844 5 202076
2142 72 109632 6 110573
2143 50 210276 4 211272
2144 15 169276 6 169640
2145 2 153880 6 154274
2146 2 16737 6 17638
2147 26 59586 7 60554
2148 60 79621 6 80361
2149 72 111962 6 112804
2150 2 62697 6 63520
2151 2 151980 6 152515
2152 15 110566 7 111438
2153 45 188680 7 189537
2154 55 171453 5 172069
2155 23 244934 6 245201
2156 47 48808 5 49648
2157 35 243003 7 243243
2158 60 8430 6 8790
2159 55 115592 6 116317
2160 26 47290 7 47971
2161 45 162517 7 162730
2162 72 128766 7 129206
2163 72 35273 6 36102
2164 72 101140 6 101794
2165 45 49985 7 50116
2166 49 261297 8 261911
2167 15 250753 7 250953
2168 49 3173 6 3942
2169 2 169276 5 169510
2170 2 206323 5 207020
2171 55 158622 6 159052
2172 47 136550 5 137344
2173 15 218768 6 219032
2174 47 269489 6 270358
2175 72 90826 6 91591
2176 55 184772 7 185523
2177 45 712 7 1299
2178 15 167634 5 167839
2179 26 86683 7 87580
2180 23 203738 6 204455
2181 55 133765 7 134179
2182 26 217436 8 218204
2183 47 116845 5 117466
2184 26 241813 5 242686
2185 8 111153 6 111546
2186 60 204061 6 205001
2187 71 101140 6 101987
2188 72 123863 6 124603
2189 35 55814 6 56058
2190 26 143925 5 144317
2191 71 60998 7 61736
2192 47 184547 6 184772
2193 50 195480 8 195979
2194 60 31206 4 31877
2195 23 86111 6 86702
2196 60 23685 6 23831
2197 35 181221 6 181393
2198 60 185891 6 186336
2199 50 121843 6 122553
2200 47 270358 6 271130
2201 71 85108 5 85358
2202 2 179509 6 179668
2203 72 91591 7 91925
2204 8 195117 6 195409
2205 23 274791 6 275628
2206 72 23685 7 24485
2207 15 148076 7 148820
2208 45 262863 7 263684
2209 26 156954 7 157119
2210 8 1244 7 1965
2211 8 66440 6 67230
2212 55 35273 7 36085
2213 72 70759 7 71250
2214 26 168387 6 168773
2215 2 195117 6 196061
2216 23 220075 6 220271
2217 8 200177 6 200610
2218 47 275154 6 275961
2219 49 211603 8 212389
2220 47 204622 6 205386
2221 2 159090 5 159549
2222 72 121843 5 122620
2223 2 101479 5 102371
2224 2 178754 6 179509
2225 55 60998 6 61812
2226 55 47880 5 48287
2227 26 209834 7 210156
2228 60 238307 6 239295
2229 60 174180 4 174915
2230 15 56526 6 57243
2231 50 111253 7 112094
2232 47 35273 7 36058
2233 47 3848 6 4685
2234 49 229155 8 229974
2235 36 117856 6 118236
2236 2 271073 7 271555
2237 8 210675 7 211409
2238 45 85876 7 86762
2239 8 166574 6 167090
2240 72 31072 6 32000
2241 35 233091 7 233936
2242 49 48251 8 48901
2243 26 45026 6 45733
2244 47 193667 7 194484
2245 2 103306 7 104104
2246 47 95670 6 96524
2247 47 239611 6 240407
2248 26 195117 6 195875
2249 72 132789 6 133029
2250 15 147371 7 147630
2251 50 136954 8 137760
2252 50 222155 6 223076
2253 72 57252 6 57960
2254 15 226743 6 227645
2255 47 73214 6 73796
2256 2 28047 6 28777
2257 47 241096 7 241405
2258 71 70728 4 71704
2259 72 164028 6 164310
2260 47 166891 4 167488
2261 2 214150 6 214902
2262 35 188412 6 188986
2263 35 159931 6 160169
2264 49 78935 8 79287
2265 35 92214 5 93157
2266 60 241096 6 241331
2267 47 147230 7 147540
2268 59 264832 7 265460
2269 2 148076 7 148410
2270 2 194134 7 194939
2271 26 122918 7 123107
2272 45 229155 7 229438
2273 35 236065 7 236817
2274 72 184673 6 185212
2275 47 222956 6 223330
2276 35 70728 6 71532
2277 71 173521 7 174267
2278 55 29909 5 30606
2279 45 243941 8 244437
2280 72 33119 6 34104
2281 55 155463 6 155667
2282 55 96211 7 96946
2283 35 157540 6 158109
2284 72 76178 7 76928
2285 2 198436 5 198625
2286 47 135822 7 135982
2287 26 172959 8 173900
2288 2 170717 6 171453
2289 72 177777 7 178633
2290 47 10801 6 11592
2291 72 73448 5 74327
2292 71 93992 7 94896
2293 49 74327 8 75234
2294 47 271279 6 272085
2295 26 14115 7 14609
2296 26 239660 8 240589
2297 72 81219 7 81388
2298 2 135617 6 136081
2299 47 7446 6 8370
2300 50 94982 8 95532
2301 47 102600 6 103450
2302 72 201844 6 202686
2303 26 167634 6 168361
2304 60 65671 6 66239
2305 72 203738 7 204684
2306 15 202345 7 203020
2307 35 145619 6 146546
2308 26 111253 7 111760
2309 47 57609 6 58478
2310 55 97463 5 98245
2311 15 264832 7 265561
2312 35 12441 6 13215
2313 60 28694 6 29525
2314 47 233388 7 234372
2315 49 192278 8 193190
2316 47 170151 7 170896
2317 55 24867 4 25404
2318 60 48251 6 48916
2319 26 104104 7 104921
2320 72 197731 7 198681
2321 15 208540 7 208792
2322 26 228370 5 229247
2323 47 256369 5 257179
2324 2 116151 7 116924
2325 71 167634 7 168074
2326 2 120617 6 121323
2327 59 229155 7 229395
2328 2 268456 7 268819
2329 49 57553 5 58036
2330 26 63660 6 64537
2331 72 55124 6 55814
2332 2 21890 6 22429
2333 36 37683 5 38057
2334 71 62697 7 63513
2335 26 4685 7 5008
2336 55 70009 6 70380
2337 23 199817 6 200696
2338 35 179668 6 180460
2339 45 230906 7 231254
2340 47 128465 7 129332
2341 72 149666 5 149904
2342 47 226743 6 226888
2343 47 197731 7 197905
2344 50 174180 8 174698
2345 59 3944 6 4075
2346 50 41358 7 41905
2347 45 165760 7 165995
2348 2 145619 7 145880
2349 55 191908 7 192790
2350 15 164028 6 164229
2351 50 269489 7 270099
2352 50 104524 7 105484
2353 2 80614 6 81101
2354 35 56526 7 57329
2355 47 144716 5 145545
2356 45 27300 6 27629
2357 26 207020 8 207353
2358 47 64912 5 65671
2359 2 207020 7 207794
2360 45 250757 8 250982
2361 2 249984 6 250758
2362 71 236065 6 236881
2363 47 218944 5 219656
2364 72 135384 6 135985
2365 8 274043 5 275039
2366 49 264518 8 264719
2367 26 119776 7 120752
2368 26 9481 7 10194
2369 49 110566 7 111258
2370 15 225438 6 226118
2371 72 182594 6 182901
2372 47 76915 7 77888
2373 60 183777 6 184120
2374 47 66657 7 67520
2375 45 68613 7 69054
2376 45 79621 7 80377
2377 49 244334 8 244697
2378 47 160993 7 161854
2379 35 99347 6 100328
2380 8 64769 7 65345
2381 26 21890 8 22818
2382 2 142675 6 143666
2383 8 145545 6 146356
2384 72 130933 4 131443
2385 72 108434 7 108850
2386 8 14016 6 14409
2387 60 103306 6 104189
2388 55 49258 7 50258
2389 55 195117 7 195526
2390 71 48251 6 48873
2391 2 202699 5 203051
2392 47 275961 5 276300
2393 47 156472 6 157442
2394 50 267102 7 267499
2395 60 95670 5 96098
2396 26 108567 6 108700
2397 49 264832 6 265517
2398 8 241820 7 242479
2399 2 44374 4 45030
2400 35 102600 7 103556
2401 59 105957 7 106478
2402 49 72161 8 72491
2403 47 155066 5 155842
2404 49 243941 8 244334
2405 49 218204 8 218892
2406 26 159931 6 160667
2407 47 88996 5 90054
2408 8 243941 6 244867
2409 35 170151 5 170764
2410 2 47290 5 47973
2411 72 255869 7 256323
2412 50 196061 6 196998
2413 47 154744 7 155066
2414 8 81219 6 82063
2415 23 45356 5 45569
2416 49 5826 5 6591
2417 26 267499 7 268407
2418 49 109632 7 110387
2419 72 158580 5 159142
2420 15 275154 6 275781
2421 72 193287 6 194273
2422 60 93264 5 93501
2423 50 262863 7 263843
2424 49 73448 7 73907
2425 26 64769 8 65096
2426 71 39121 5 39633
2427 60 145545 5 145974
2428 2 243127 6 244001
2429 47 118946 4 119832
2430 23 192278 5 193068
2431 49 97463 7 98046
2432 72 251668 6 252579
2433 49 241096 7 241809
2434 72 94443 7 94691
2435 72 204901 5 205260
2436 49 92668 6 93504
2437 60 127583 6 128153
2438 72 30362 4 31072
2439 35 225438 6 226145
2440 35 104104 6 104616
2441 55 84619 6 85471
2442 50 223076 8 223298
2443 72 102600 6 103120
2444 59 153927 7 154420
2445 2 176036 6 177012
2446 49 160993 8 161775
2447 15 262028 7 262809
2448 55 239311 6 239648
2449 26 41404 7 41973
2450 72 2281 7 2721
2451 26 29462 7 30407
2452 47 64748 7 64912
2453 71 91498 7 92323
2454 55 2547 6 3107
2455 23 213083 6 213845
2456 49 159931 7 160187
2457 59 45545 5 46313
2458 2 45356 6 45535
2459 50 161538 8 162259
2460 72 13399 6 14295
2461 47 268740 4 269489
2462 36 14383 5 15197
2463 2 261487 7 262470
2464 8 47973 5 48464
2465 50 153935 7 154441
2466 72 267102 4 267289
2467 71 64547 6 64954
2468 36 180498 6 181226
2469 49 15052 6 16037
2470 59 222278 7 222634
2471 72 19064 6 19199
2472 55 79621 5 80033
2473 8 208601 6 209356
2474 72 8430 7 9363
2475 50 223516 6 224216
2476 45 270691 8 271035
2477 15 80509 6 81439
2478 2 274864 6 275830
2479 2 112341 5 113129
2480 26 8430 8 9426
2481 72 107168 6 108163
2482 2 104104 5 104232
2483 72 240617 6 241380
2484 49 72588 8 72767
2485 71 191908 6 192744
2486 50 101159 8 101815
2487 35 1461 7 2293
2488 47 265303 5 266052
2489 26 98435 5 99050
2490 72 75058 7 75472
2491 2 271555 7 271832
2492 2 223966 6 224351
2493 47 91697 6 91964
2494 55 137344 7 138106
2495 26 185553 7 186402
2496 26 34080 6 34531
2497 55 214587 7 215067
2498 55 150397 6 151107
2499 72 34798 6 35083
2500 59 14383 5 15203
2501 50 19872 5 20622
2502 47 49648 6 50558
2503 35 132789 6 132934
2504 8 103306 6 104127
2505 26 46495 6 47290
2506 55 37683 7 38423
2507 15 223753 7 224148
2508 47 187390 6 187945
2509 47 63645 6 64265
2510 59 271073 6 271454
2511 45 58804 7 59791
2512 45 74958 8 75241
2513 2 88355 6 89071
2514 59 1461 7 2194
2515 49 104104 8 104771
2516 36 86090 6 86688
2517 47 71643 6 72233
2518 35 252459 7 253223
2519 2 96094 6 96603
2520 26 123863 7 124600
2521 72 195480 5 196314
2522 8 179048 5 179875
2523 49 29462 8 30219
2524 23 143925 6 144221
2525 72 87066 6 88140
2526 15 85995 7 86766
2527 35 31206 7 31572
2528 45 142084 7 142444
2529 47 238030 7 238222
2530 35 257300 7 257486
2531 60 47290 6 47581
2532 15 67091 6 67853
2533 45 209342 7 209608
2534 55 260709 5 261325
2535 2 79771 5 80614
2536 72 241405 7 242086
2537 59 159931 6 160060
2538 26 27430 6 27863
2539 72 5079 6 5826
2540 50 23685 6 23980
2541 60 209834 4 210150
2542 59 29528 7 29909
2543 72 92668 6 93466
2544 15 253112 6 253529
2545 72 207353 7 208198
2546 35 183708 7 183844
2547 72 240374 6 240617
2548 26 7446 7 8430
2549 8 218944 6 219745
2550 8 712 5 1244
2551 55 109632 6 110353
2552 47 185480 5 185742
2553 26 136550 7 136952
2554 47 26187 4 27171
2555 36 200354 6 201227
2556 72 144716 6 144836
2557 47 131249 5 132142
2558 2 126392 5 127201
2559 35 243941 6 244784
2560 49 126392 7 126605
2561 72 255053 7 255869
2562 8 170151 7 170972
2563 2 23117 6 23895
2564 60 151275 5 152131
2565 23 218204 6 218335
2566 47 137730 6 138074
2567 49 140398 7 141116
2568 47 53562 6 54304
2569 72 37002 5 37985
2570 55 57960 6 58918
2571 50 72098 7 72926
2572 71 89249 7 89439
2573 2 186402 6 187408
2574 72 48465 5 49258
2575 50 37683 6 37810
2576 71 271555 7 271998
2577 49 4685 7 5312
2578 45 124600 7 125329
2579 60 33119 5 34040
2580 23 29909 6 30367
2581 23 14016 5 14495
2582 49 41358 7 41866
2583 26 200588 8 201210
2584 45 132957 7 133740
2585 47 87066 4 87260
2586 47 225570 6 226351
2587 8 70728 7 70894
2588 2 139492 5 140398
2589 26 49985 7 50252
2590 72 45356 5 45545
2591 55 199424 7 200068
2592 36 70759 5 71021
2593 2 183276 6 183777
2594 8 167488 7 167845
2595 2 188412 7 189223
2596 26 272840 6 273819
2597 47 153143 6 153936
2598 36 94888 6 95673
2599 50 200177 6 200783
2600 60 53562 6 54441
2601 26 155842 7 156544
2602 2 107130 6 108028
2603 71 220075 6 220860
2604 2 154357 7 154498
2605 60 60998 6 61879
2606 72 43345 7 44209
2607 49 40439 7 41356
2608 2 240274 5 241004
2609 72 133029 5 133758
2610 72 104104 7 104524
2611 50 151827 8 152645
2612 2 134002 6 134269
2613 26 27064 6 27430
2614 49 170151 7 170831
2615 47 188003 6 188412
2616 59 70865 6 71643
2617 35 88355 7 88975
2618 71 47290 7 48166
2619 35 246719 7 247460
2620 45 187408 6 188003
2621 2 266317 6 266949
2622 49 37683 7 37999
2623 15 83541 7 84384
2624 35 255053 6 255940
2625 15 244830 6 244982
2626 2 266949 5 267324
2627 2 23895 7 24373
2628 72 252579 7 253182
2629 15 45545 6 46163
2630 47 142498 7 143221
2631 2 53194 5 54014
2632 49 128465 7 128740
2633 23 266949 6 267686
2634 35 217436 6 218433
2635 50 114444 8 115266
2636 50 57960 8 58734
2637 50 134002 8 134793
2638 35 27300 6 27610
2639 55 104104 5 104809
2640 72 194484 6 195480
2641 60 182138 6 182868
2642 47 137478 6 137730
2643 35 65671 5 66110
2644 45 151275 8 152099
2645 26 44277 6 44642
2646 26 211603 7 212042
2647 26 51351 6 52282
2648 26 251811 6 252364
2649 55 231846 5 232426
2650 72 264832 5 265625
2651 72 97463 7 97931
2652 45 99093 8 99401
2653 72 151275 6 152258
2654 72 247589 7 248025
2655 47 2586 5 3173
2656 45 231410 6 231947
2657 71 12441 7 13434
2658 26 94624 7 95439
2659 55 177243 5 177971
2660 72 28694 6 29493
2661 59 186402 7 186987
2662 2 65982 6 66440
2663 2 222155 4 222650
2664 15 14132 7 14734
2665 47 174920 6 175471
2666 47 31948 5 32340
2667 60 179509 6 180342
2668 71 79621 6 80340
2669 50 164028 7 164385
2670 72 53562 7 54383
2671 45 56725 8 56951
2672 49 262863 8 263821
2673 50 188680 8 189301
2674 45 82801 5 83599
2675 55 141716 7 142698
2676 45 23918 8 24410
2677 55 191088 6 191494
2678 35 230445 6 230685
2679 50 19031 7 19409
2680 71 68613 6 69473
2681 23 188412 6 189241
2682 47 55856 6 56562
2683 23 227312 6 227754
2684 35 204061 7 204953
2685 50 53562 6 53722
2686 72 146585 6 147366
2687 71 95336 7 96316
2688 47 149666 5 150011
2689 15 153988 5 154965
2690 50 14383 7 15096
2691 72 218204 7 218768
2692 15 164455 7 165064
2693 72 226888 6 227829
2694 47 130337 6 131052
2695 71 168387 7 169304
2696 26 204061 7 204624
2697 2 272840 5 273696
2698 45 168773 8 169594
2699 35 128130 7 128912
2700 72 242469 6 243203
2701 55 180484 6 181331
2702 72 133765 6 134508
2703 35 34080 6 34929
2704 23 261513 5 262305
2705 71 249306 7 250249
2706 72 217600 5 217960
2707 60 194484 6 194910
2708 2 192278 6 192914
2709 71 241820 6 242150
2710 2 90826 7 91498
2711 2 225860 7 226743
2712 8 239470 7 240247
2713 71 126289 6 127116
2714 60 58036 6 58510
2715 15 9481 6 10203
2716 26 3930 7 4678
2717 23 65713 6 66491
2718 8 77791 6 78539
2719 26 244675 6 245376
2720 71 99729 6 100514
2721 71 41826 7 42538
2722 60 148686 6 149133
2723 2 265731 6 266317
2724 50 46495 8 46816
2725 45 258296 8 259056
2726 26 108028 6 108434
2727 47 123374 5 124339
2728 72 127954 7 128766
2729 55 176036 6 176992
2730 60 229397 6 229810
2731 15 161538 6 162105
2732 50 11592 6 12487
2733 47 121843 6 122423
2734 2 89071 6 89249
2735 2 87529 7 87717
2736 50 57609 8 57908
2737 47 69367 7 70151
2738 45 153897 8 154500
2739 23 145545 5 145692
2740 47 218204 7 218944
2741 2 8430 7 8620
2742 60 38368 6 38767
2743 35 77791 7 78078
2744 36 186402 5 187248
2745 2 9363 6 9883
2746 60 222956 6 223491
2747 72 254697 6 255053
2748 26 60998 6 61389
2749 26 250757 8 251668
2750 35 219801 7 220395
2751 47 176814 5 177243
2752 23 25982 6 26812
2753 45 101140 7 101945
2754 2 87066 5 87529
2755 47 5000 7 5666
2756 55 215276 6 216102
2757 45 44209 7 44350
2758 72 192366 6 192804
2759 72 82210 5 83052
2760 72 213950 7 214486
2761 47 137344 5 137478
2762 23 53562 6 54248
2763 71 45026 6 45441
2764 35 227312 7 227440
2765 2 144716 7 145619
2766 47 16819 6 17048
2767 2 165397 6 165760
2768 47 242881 7 243130
2769 49 88174 8 89105
2770 55 77791 7 77981
2771 71 240407 7 241209
2772 35 94536 7 94888
2773 47 13591 6 13768
2774 50 204061 7 204645
2775 26 219801 8 220457
2776 72 231410 6 232332
2777 26 31948 7 32501
2778 50 147990 8 148635
2779 55 53194 6 54040
2780 50 205568 4 205872
2781 47 13430 6 13591
2782 2 31294 6 32084
2783 72 114444 6 115164
2784 26 209378 7 209661
2785 2 83541 7 84112
2786 49 32084 7 32830
2787 55 179668 5 179819
2788 47 91964 6 92531
2789 23 64769 4 64918
2790 59 244334 7 244732
2791 55 7446 7 8423
2792 72 211087 7 211926
2793 26 255869 5 256569
2794 50 193419 8 194190
2795 26 245943 6 246719
2796 2 321 6 817
2797 60 107168 6 107384
2798 72 84281 5 85210
2799 71 36423 5 36711
2800 59 174238 7 175154
2801 26 48465 5 49282
2802 2 98890 5 99608
2803 47 19031 5 19880
2804 47 214587 7 215276
2805 2 227162 5 227312
2806 26 62697 7 63660
2807 55 140398 7 141373
2808 55 252429 7 252672
2809 55 222956 5 223913
2810 26 118946 7 119228
2811 47 36896 5 37683
2812 72 46495 6 47472
2813 60 63645 6 64429
2814 26 261065 8 262028
2815 8 244867 6 245617
2816 26 164028 6 165028
2817 50 185553 8 186428
2818 2 24373 7 24867
2819 59 28694 7 29528
2820 49 45960 7 46906
2821 47 181221 6 181895
2822 26 116963 7 117249
2823 35 110350 7 110701
2824 15 28694 4 29461
2825 47 206229 7 207154
2826 23 244437 6 244934
2827 55 3173 7 3856
2828 47 40307 6 41345
2829 15 238542 6 239255
2830 71 116910 6 117883
2831 55 145545 7 145880
2832 15 186402 7 187071
2833 26 256837 7 257285
2834 71 153143 6 153660
2835 8 79771 5 80093
2836 35 20816 7 21805
2837 47 186402 6 187390
2838 47 24867 6 25404
2839 26 184547 6 185356
2840 2 208540 7 209538
2841 2 30430 6 31294
2842 72 42513 6 43331
2843 71 4685 7 5214
2844 50 158622 7 159441
2845 45 178754 7 179049
2846 35 141716 7 142434
2847 15 192278 6 192988
2848 47 215276 6 216217
2849 60 132789 6 133237
2850 55 76915 6 77715
2851 35 41345 6 41780
2852 72 129525 6 130080
2853 55 257300 6 257473
2854 45 1530 7 2199
2855 8 117856 7 118792
2856 35 45960 7 46159
2857 72 146385 7 146585
2858 2 225438 6 225860
2859 45 71505 8 72413
2860 59 118142 6 118678
2861 72 167962 6 168742
2862 59 245531 6 246274
2863 45 14508 7 15441
2864 47 164865 7 165104
2865 2 226743 6 227162
2866 2 232834 7 233595
2867 49 33119 7 34117
2868 59 66657 6 67635
2869 15 195875 7 196768
2870 71 114444 7 114981
2871 55 132789 6 133665
2872 59 133740 6 134740
2873 2 68845 7 69196
2874 15 31072 5 31908
2875 47 219656 6 220472
2876 45 145545 6 146365
2877 60 225438 5 225919
2878 71 87529 6 88267
2879 47 138868 5 139492
2880 35 242086 6 242344
2881 47 85876 7 86719
2882 59 210675 7 211026
2883 47 133019 6 133542
2884 2 55124 6 55995
2885 49 169276 7 169721
2886 47 176036 6 176814
2887 26 236065 7 236643
2888 55 19872 5 20112
2889 35 155981 7 156698
2890 60 3173 6 3976
2891 2 72588 7 72960
2892 26 269443 6 269837
2893 49 270691 8 271262
2894 15 25371 7 26106
2895 8 45545 7 46350
2896 47 139492 7 139926
2897 26 116391 5 116963
2898 2 108876 5 109513
2899 26 179579 7 180413
2900 26 71505 5 72098
2901 47 150011 7 150498
2902 55 248775 7 249293
2903 72 215743 6 216188
2904 8 212042 6 212209
2905 26 155055 6 155805
2906 2 58969 4 59770
2907 47 178107 6 179048
2908 47 85079 7 85876
2909 47 249306 6 249984
2910 71 233091 6 233736
2911 47 82707 7 83296
2912 49 194134 7 194871
2913 49 208451 5 209155
2914 47 31206 5 31948
2915 26 100568 6 101159
2916 2 104232 6 104427
2917 36 105126 6 106090
2918 45 45545 5 46146
2919 26 203051 6 204061
2920 45 57553 7 58106
2921 71 260215 6 260738
2922 15 70728 7 71579
2923 47 162909 5 164028
2924 2 253035 6 253864
2925 2 161538 5 162381
2926 72 209647 6 209834
2927 45 15777 6 16404
2928 55 98435 6 98676
2929 2 37393 6 38368
2930 26 210276 5 210624
2931 47 179704 6 180484
2932 71 247116 7 247951
2933 26 224552 8 225500
2934 55 275154 7 275274
2935 60 166010 5 166586
2936 26 15587 7 15748
2937 2 180498 6 180622
2938 23 40439 5 40997
2939 2 257632 7 258515
2940 35 173521 7 174275
2941 47 43345 6 44210
2942 8 149904 6 150482
2943 47 216217 7 216530
2944 35 203051 7 203517
2945 55 189200 7 189932
2946 2 56526 7 56760
2947 47 257632 6 258141
2948 2 135334 5 135617
2949 47 195270 6 195894
2950 35 144716 7 145557
2951 55 47290 5 47635
2952 55 181895 7 182841
2953 72 71505 5 72588
2954 2 209538 5 210276
2955 60 4174 6 4487
2956 60 19031 5 19828
2957 36 273772 6 274328
2958 59 78609 7 79143
2959 15 145545 6 146218
2960 72 27300 6 28047
2961 15 149904 7 150616
2962 2 262863 6 263709
2963 47 60104 6 60998
2964 26 236643 6 237146
2965 2 105957 5 106420
2966 26 74958 8 75786
2967 72 44209 6 44950
2968 50 80509 7 81422
2969 45 220682 8 221676
2970 26 19031 6 19872
2971 72 188412 5 189121
2972 71 217436 6 218221
2973 55 124339 7 124527
2974 2 193419 6 194134
2975 2 6637 6 7516
2976 26 142084 8 142254
2977 2 70009 7 70728
2978 72 238307 7 238542
2979 55 64366 7 65150
2980 71 262863 5 263717
2981 49 210068 6 210774
2982 47 183708 7 184547
2983 45 241813 8 242653
2984 47 47290 7 48251
2985 71 36896 7 37737
2986 72 214486 6 215281
2987 60 223516 6 224263
2988 2 143666 6 143805
2989 47 180484 7 181173
2990 71 268407 6 268637
2991 47 132142 5 133019
2992 2 205568 7 206323
2993 45 111867 6 112864
2994 47 29101 4 29462
2995 26 33119 8 34038
2996 47 81900 4 82707
2997 15 159931 6 160239
2998 15 21253 6 22008
2999 45 51975 6 52697
3000 71 257300 6 257653
3001 50 160993 8 161538
3002 71 151602 7 152059
3003 55 143925 6 144832
3004 2 33119 7 34080
3005 2 129183 6 130007
3006 36 242091 6 242895
3007 49 45535 8 45960
3008 35 245943 7 246548
3009 2 241820 7 242253
3010 2 146939 7 147371
3011 8 29708 6 30095
3012 26 20964 7 21253
3013 55 27300 5 27506
3014 23 19872 6 20656
3015 49 35072 8 35809
3016 55 241004 7 241690
3017 2 68361 7 68845
3018 55 103306 6 103938
3019 26 137344 6 138099
3020 47 84281 5 85079
3021 26 266949 7 267396
3022 55 147540 6 148442
3023 47 99347 5 100140
3024 55 219801 5 219921
3025 2 125405 6 125527
3026 47 110350 7 111156
3027 45 150397 7 150888
3028 55 233091 6 233852
3029 2 41358 5 41826
3030 35 63645 7 64498
3031 23 271073 6 271661
3032 47 102371 7 102600
3033 55 57553 5 57775
3034 35 44209 6 44978
3035 47 250215 7 250753
3036 2 60529 6 60656
3037 71 50900 7 51468
3038 50 48251 7 48941
3039 71 195875 6 196617
3040 26 42513 6 43314
3041 59 152049 5 152765
3042 72 65269 5 66245
3043 26 200281 6 200588
3044 47 158622 5 159520
3045 2 136081 6 136954
3046 50 267499 7 267773
3047 2 56760 5 57252
3048 60 41358 5 41894
3049 47 23685 6 24486
3050 35 160224 7 161016
3051 47 113129 7 113624
3052 49 259018 7 259652
3053 55 195875 6 196591
3054 49 234944 8 235678
3055 35 250757 6 250893
3056 60 101159 6 102032
3057 50 749 7 1453
3058 2 273987 6 274864
3059 47 190215 5 191088
3060 36 196064 6 196560
3061 2 169510 6 169691
3062 50 128766 8 129611
3063 72 21291 5 22176
3064 36 36896 5 37200
3065 2 110350 5 111153
3066 2 203738 7 204408
3067 45 244437 7 245374
3068 2 201844 5 202699
3069 8 14409 7 15247
3070 49 256510 8 257256
3071 72 40439 7 41032
3072 55 168387 6 168824
3073 55 44277 6 45101
3074 15 29462 5 29601
3075 2 252459 6 252781
3076 47 20666 5 21660
3077 72 104879 7 105704
3078 23 236378 6 237003
3079 26 93264 6 94107
3080 45 84619 8 85398
3081 35 130933 7 131144
3082 2 130337 6 131363
3083 35 237146 6 237363
3084 47 19880 7 20666
3085 35 117856 7 118355
3086 55 18138 7 18918
3087 55 185553 7 185948
3088 47 88140 6 88996
3089 2 58189 6 58969
3090 47 208451 6 208601
3091 47 258141 6 258318
3092 47 236065 5 236918
3093 2 159931 6 160710
3094 50 213083 7 213792
3095 72 169553 5 170151
3096 55 255053 6 255928
3097 72 141312 6 142150
3098 26 112698 6 113466
3099 45 167634 6 167825
3100 55 113129 5 113876
3101 2 191208 5 191908
3102 45 246719 8 247648
3103 47 164028 6 164865
3104 35 712 7 1258
3105 36 153927 6 154742
3106 72 161538 6 162431
3107 49 268740 7 269533
3108 2 111867 6 112341
3109 72 113129 5 114024
3110 2 41158 6 41358
3111 2 252781 7 253035
3112 55 83541 6 83825
3113 71 179668 7 180058
3114 60 233595 5 234276
3115 45 19872 7 20472
3116 47 105566 6 106054
3117 35 195480 5 196196
3118 60 71505 6 72495
3119 2 191908 6 192278
3120 55 31948 5 32568
3121 55 258141 7 258899
3122 35 177777 6 177914
3123 35 45026 7 45902
3124 36 148076 6 148992
3125 2 269443 7 269683
3126 35 174907 4 175877
3127 2 253864 5 254697
 调度评估结果
1. 任务等待评估 (Σ 等待×权重): 4187101342
2. 任务完成评估 (最大完成时间): 276914
3. GPU显存空闲评估 (平均空闲): 8809.41 GB/时间片
 额外统计
已调度任务               : 3127/3127
平均等待时间            : 134033.70
各服务器任务分布      : 服务器2=393, 服务器8=102, 服务器15=131, 服务器23=86, 服务器26=338, 服务器35=187, 服务器36=45, 服务器45=166, 服务器47=381, 服务器49=197, 服务器50=134, 服务器55=243, 服务器59=80, 服务器60=160, 服务器71=175, 服务器72=309
