1 1 2357 1 2502
2 1 2333 1 2358
3 1 266 1 338
4 8 1586 1 1761
5 8 381 1 446
6 1 1300 2 1371
7 1 1620 2 1645
8 8 1261 1 1320
9 8 249 1 514
10 1 259 1 322
11 7 1696 1 1872
12 8 121 1 130
13 7 381 2 512
14 1 1125 1 1422
15 7 1450 2 1477
16 1 1788 2 1875
17 1 159 1 233
18 1 2028 1 2159
19 8 757 2 1050
20 5 2257 1 2497
21 1 2050 1 2233
22 8 1633 1 1875
23 1 1550 1 1788
24 7 452 2 631
25 7 2298 1 2546
26 1 27 1 225
27 8 1004 1 1181
28 7 1453 1 1647
29 7 2069 1 2274
30 5 2072 1 2210
31 1 1439 1 1514
32 7 842 2 1014
33 5 2198 2 2322
34 7 2037 2 2267
35 8 2140 2 2191
36 8 1625 2 1807
37 1 1444 1 1548
38 1 1106 1 1225
39 5 975 1 1056
40 5 2042 1 2282
41 1 2016 1 2115
42 5 1542 1 1624
43 7 276 2 573
44 1 863 2 1133
45 1 312 1 611
46 8 1368 1 1568
47 8 736 1 1035
48 8 81 2 317
49 7 2366 1 2603
50 3 506 2 524
51 1 1829 1 1843
52 8 1242 1 1362
53 8 1122 2 1163
54 5 1721 1 1752
55 7 2443 1 2653
56 7 345 1 441
57 7 2036 1 2329
58 8 973 1 990
59 1 1612 1 1648
60 8 459 1 700
61 5 992 1 1101
62 1 77 1 124
63 5 861 1 1062
64 1 894 1 1011
65 1 2443 1 2677
66 8 687 1 952
67 8 2001 2 2148
68 1 1429 1 1604
69 8 2077 2 2274
70 1 696 1 996
71 8 142 1 147
72 8 1862 1 2046
73 5 2331 1 2419
74 1 1696 1 1816
75 1 1076 1 1244
76 1 391 1 610
77 8 1976 1 2187
78 8 176 2 196
79 1 60 2 275
80 8 1374 1 1608
81 7 2333 2 2408
82 8 1196 1 1259
83 7 859 1 1057
84 7 1494 1 1733
85 5 2290 1 2430
86 1 2123 2 2298
87 5 2444 1 2633
 调度评估结果
1. 任务等待评估 (Σ 等待×权重): 0
2. 任务完成评估 (最大完成时间): 2677
3. GPU显存空闲评估 (平均空闲): 3333.75 GB/时间片
 额外统计
已调度任务               : 87/87
平均等待时间            : 0.00
各服务器任务分布      : 服务器1=31, 服务器3=1, 服务器5=12, 服务器7=17, 服务器8=26
