1 8 28285 1 28823
2 9 12337 1 12849
3 9 14477 2 14593
4 23 2777 3 3252
5 26 19393 2 19540
6 9 5724 5 6055
7 7 18664 1 18949
8 51 27353 3 27419
9 2 28095 1 28518
10 58 10910 1 11083
11 46 26134 4 26278
12 79 27048 4 27180
13 8 17301 1 17768
14 1 28095 1 28326
15 54 17280 3 17743
16 27 18249 1 18321
17 54 11149 3 11522
18 26 16260 2 16321
19 66 2263 1 2686
20 34 31745 1 31900
21 29 5341 1 5509
22 14 23233 1 23569
23 1 7543 1 7729
24 20 7891 3 8120
25 43 10214 2 10744
26 22 14819 2 14932
27 13 30325 2 30476
28 38 1270 1 1324
29 48 8741 1 9006
30 66 27547 4 28071
31 54 12857 1 13310
32 19 30325 3 30842
33 18 13951 5 14037
34 34 6502 2 6654
35 74 12857 1 13292
36 77 22152 5 22242
37 13 15293 3 15617
38 35 28878 1 29303
39 27 11087 1 11168
40 1 21160 1 22044
41 1 25530 4 25651
42 62 15228 4 15291
43 62 23618 1 23658
44 26 20749 3 21168
45 1 16247 2 16380
46 9 18867 2 19393
47 8 18867 2 19227
48 51 2263 3 2798
49 64 31213 1 31248
50 33 10214 3 10366
51 76 9243 5 9530
52 52 10455 2 10836
53 7 21727 2 21892
54 75 12347 1 12712
55 2 29621 1 30072
56 56 12337 5 12442
57 12 8741 1 9247
58 43 6502 5 6699
59 2 22202 1 22232
60 9 27526 3 28029
61 58 9272 2 9329
62 74 13997 3 14101
63 17 8741 3 8927
64 19 28863 3 29235
65 75 25722 1 25771
66 38 30260 1 30675
67 17 25581 2 26115
68 17 24632 3 24923
69 49 5069 2 5610
70 2 2003 1 2386
71 62 22418 1 22699
72 31 387 4 741
73 1 8741 1 9185
74 7 9706 1 9928
75 76 32052 1 32154
76 54 23790 2 24003
77 42 875 1 1306
78 73 27547 1 27810
79 48 32009 1 32067
80 2 23790 2 24035
81 1 15472 1 15832
82 46 7543 2 8000
83 2 20838 1 21949
84 9 4150 2 4669
85 26 8741 1 8915
86 1 27048 3 27353
87 52 25581 1 25884
88 77 12347 3 12522
89 3 31982 1 31995
90 27 3908 3 4054
91 2 1092 3 1627
92 1 26000 1 26059
93 1 7831 1 8427
94 58 16656 2 16801
95 62 16450 1 16483
96 26 29816 4 29934
97 64 22447 5 22494
98 51 16450 7 16849
99 1 23376 1 23782
100 49 22202 2 22617
101 12 19231 1 19704
102 12 9768 1 10395
103 45 20749 2 20941
104 62 16934 1 17288
105 1 29355 3 29798
106 74 24632 6 25159
107 43 31226 7 31422
108 73 7594 1 8034
109 26 16450 1 16717
110 1 21727 1 21812
111 46 25581 6 25773
112 9 13997 3 14146
113 79 18867 3 19068
114 2 25530 1 25917
115 29 27489 3 28007
116 29 1092 4 1311
117 27 9272 2 9496
118 62 2711 3 2766
119 75 12986 1 13189
120 2 26134 1 26355
121 43 3775 2 4163
122 1 7188 2 7390
123 12 6396 2 6688
124 77 29816 5 29880
125 60 2777 1 3162
126 72 30589 2 30786
127 35 16501 2 16564
128 74 11149 3 11388
129 9 24370 1 24499
130 43 10247 2 10350
131 1 27776 1 28064
132 43 3694 7 3699
133 66 55 2 162
134 28 18467 1 18683
135 43 27793 3 28174
136 75 28095 1 28602
137 76 9706 1 9946
138 53 29355 3 29864
139 38 5341 2 5736
140 74 21945 6 22340
141 64 14477 4 14829
142 66 10923 2 11403
143 79 26317 2 26844
144 4 2289 1 2380
145 35 29355 3 29465
146 28 9589 3 9594
147 56 8985 1 9007
148 35 3133 1 3363
149 2 6781 1 7176
150 43 7022 3 7164
151 51 8210 1 8428
152 7 18249 2 18376
153 22 31845 4 32284
154 31 27793 2 27906
155 8 367 1 644
156 64 10476 1 10844
157 21 28029 1 28292
158 53 11439 2 11684
159 38 20749 1 21275
160 12 17595 1 18073
161 14 536 2 821
162 75 24121 1 24614
163 8 3453 1 3754
164 31 26034 1 26580
165 49 11087 4 11190
166 75 17280 1 17648
167 19 12011 1 12018
168 64 6502 1 6741
169 2 12986 1 13320
170 66 29476 3 29607
171 1 25596 5 25630
172 5 12142 3 12619
173 12 2289 1 2711
174 43 23233 2 23692
175 10 817 2 886
176 79 18249 1 18359
177 53 9706 2 9769
178 14 4812 4 4915
179 1 20911 1 21393
180 35 6143 3 6377
181 54 10091 1 10472
182 44 23618 1 24060
183 26 31112 2 31431
184 75 12857 1 12933
185 13 31830 5 32335
186 28 20502 2 21033
187 2 2531 1 2585
188 22 12567 1 12785
189 9 19393 4 19779
190 2 30589 2 31136
191 34 12857 1 13034
192 7 28596 2 29070
193 2 3436 1 3558
194 49 16265 1 16700
195 74 10455 2 10716
196 2 23376 1 23618
197 71 25596 3 25687
198 12 28344 2 28376
199 62 25842 1 26090
200 38 22997 4 23220
201 38 11149 1 11408
202 32 7891 4 8185
203 79 7904 2 8197
204 72 15949 2 16384
205 1 1944 2 2461
206 2 25842 2 26101
207 26 9706 5 9963
208 52 4986 3 5136
209 12 5632 2 5779
210 35 18249 1 18867
211 13 11746 1 11754
212 64 22997 1 23811
213 79 15775 4 16171
214 9 24632 1 24659
215 77 5724 5 6209
216 1 12142 1 12567
217 66 24352 2 24838
218 75 13959 1 13964
219 44 387 3 504
220 9 31578 3 31928
221 76 12142 1 12380
222 16 16247 6 16501
223 62 27071 1 27645
224 1 2044 1 2105
225 29 3496 2 3615
226 64 6502 1 6983
227 64 29218 1 29621
228 21 28264 5 28359
229 9 30325 1 30512
230 64 1772 1 2290
231 70 26134 2 26471
232 1 19194 2 19409
233 13 13641 1 13975
234 42 12142 7 12446
235 38 19975 1 20133
236 20 32009 6 32302
237 22 13194 1 13254
238 34 6871 2 7073
239 57 22202 5 22441
240 79 14940 1 15196
241 13 20502 3 20788
242 77 9103 3 9581
243 1 20838 1 21237
244 1 6143 1 6871
245 55 18249 2 18533
246 54 32052 2 32064
247 2 27776 1 28179
248 38 7622 2 7828
249 12 28742 1 29044
250 75 6409 1 6942
251 19 4939 2 5116
252 41 442 1 585
253 39 6143 1 6523
254 74 21727 2 21743
255 2 24899 2 25209
256 64 11149 3 11519
257 64 27776 3 27909
258 75 3775 2 3968
259 2 31677 1 32145
260 35 31112 4 31213
261 1 16380 4 16679
262 73 5069 1 5314
263 4 28878 1 29275
264 60 7438 1 7552
265 9 1270 2 1745
266 1 31448 1 31578
267 34 804 1 981
268 51 13997 7 14118
269 51 20502 4 20541
270 1 18664 1 19049
271 38 28596 1 29132
272 9 12337 1 12534
273 23 26034 4 26276
274 35 9062 1 9088
275 2 20160 1 20838
276 16 3775 1 4213
277 9 28438 1 28837
278 73 16247 2 16680
279 35 8741 1 8869
280 39 31226 4 31324
281 54 16722 1 17195
282 13 24632 4 25004
283 7 4812 2 5154
284 66 808 1 1227
285 2 30589 1 31317
286 23 2306 3 2659
287 9 15775 1 16158
288 77 25903 2 26020
289 16 20838 3 21021
290 12 14991 1 15137
291 66 29621 3 30118
292 48 15775 4 16123
293 7 8741 1 9180
294 9 8741 1 8971
295 3 5724 3 5872
296 73 1270 3 1282
297 54 28095 4 28291
298 74 74 4 93
299 1 7254 1 7397
300 28 22619 4 23089
301 44 28326 1 28702
302 13 23790 2 24148
303 1 28796 1 28863
304 9 29355 1 29766
305 38 9062 1 9275
306 34 10728 3 10759
307 62 16564 1 16866
308 35 23233 1 23523
309 53 11901 1 11932
310 65 11149 1 11637
311 54 10091 4 10506
312 76 15472 5 15907
313 62 17301 3 17388
314 64 13641 1 14111
315 8 18249 2 18766
316 39 15966 2 16150
317 1 2281 1 2361
318 19 27547 2 27969
319 52 6542 3 6927
320 34 302 1 578
321 2 12337 1 12610
322 1 19869 2 19950
323 38 22435 1 22858
324 66 6143 3 6590
325 43 20682 1 21080
326 44 8210 1 8702
327 65 5713 3 5932
328 38 16265 1 16502
329 62 26762 2 27231
330 12 832 1 972
331 46 12567 2 12977
332 42 408 1 851
333 77 19869 5 20036
334 22 16247 1 16532
335 5 15228 1 15239
336 16 28596 2 29110
337 48 7123 2 7499
338 17 16265 3 16788
339 35 1092 1 1282
340 77 32009 1 32395
341 75 28602 1 28987
342 49 2219 1 2684
343 1 10091 4 10456
344 22 31112 1 31155
345 34 28102 1 28232
346 46 26590 1 27015
347 46 8181 4 8641
348 39 18249 5 18652
349 13 7254 1 7420
350 12 11149 1 11216
351 9 31213 1 31488
352 58 822 1 1323
353 9 18249 1 19200
354 23 16722 3 17253
355 42 808 1 1213
356 64 7904 1 8378
357 66 6961 3 7268
358 27 4812 2 4918
359 54 26134 2 26335
360 72 22897 3 23319
361 17 60 1 208
362 54 27793 3 27949
363 42 25596 2 25847
364 56 28596 6 29080
365 54 13471 4 13956
366 76 16554 2 16854
367 62 8741 4 9008
368 79 22202 3 22412
369 72 27104 3 27629
370 9 6143 1 7127
371 1 19393 1 19742
372 12 18312 1 18579
373 12 25596 1 25930
374 1 7438 3 7474
375 20 15775 2 16060
376 74 8985 2 9070
377 20 14940 1 14984
378 16 10247 3 10701
379 38 24357 3 24808
380 34 7543 1 8070
381 64 3775 2 4100
382 53 6143 1 6888
383 66 23658 3 23877
384 1 25596 1 26000
385 27 20369 1 20611
386 66 11873 3 12209
387 75 11439 1 11528
388 1 22812 4 23322
389 7 19869 1 19981
390 35 27489 1 27698
391 54 20838 1 21276
392 44 3100 2 3546
393 19 29816 1 30205
394 34 5341 1 5606
395 2 23561 1 24064
396 20 15137 1 15453
397 54 2531 1 2887
398 44 817 1 1210
399 73 804 3 999
400 51 21727 6 22106
401 2 966 1 1033
402 22 29621 3 29745
403 51 31830 2 31881
404 78 10050 1 10551
405 9 11149 2 11517
406 64 2531 1 3495
407 54 11650 2 11755
408 13 3775 2 4192
409 72 2777 4 2932
410 54 14819 4 15106
411 1 28742 1 29033
412 29 2219 1 2323
413 56 17832 4 17972
414 1 27387 2 27496
415 78 7156 4 7626
416 70 11439 3 11834
417 43 30260 2 30451
418 73 8210 3 8478
419 53 10728 2 11351
420 42 22897 1 23264
421 13 28102 2 28165
422 10 27594 1 27893
423 77 8741 1 8900
424 5 14940 1 15410
425 19 14940 1 15211
426 64 19194 1 19219
427 43 7176 6 7694
428 39 6542 2 7053
429 64 16656 2 16776
430 17 5341 1 5877
431 62 10767 2 11018
432 77 7254 3 7663
433 19 25530 3 26007
434 62 21160 2 21258
435 78 30664 3 30906
436 7 17717 1 18117
437 37 9103 1 9427
438 9 11650 2 12149
439 17 26134 3 26369
440 27 15137 2 15382
441 1 3186 1 4517
442 9 31448 1 31896
443 41 2711 3 3033
444 38 29355 2 29544
445 39 27071 5 27591
446 2 1647 2 1689
447 62 27776 1 28344
448 74 9184 4 9596
449 79 24121 1 24166
450 28 27071 5 27616
451 12 13194 1 13283
452 12 3100 1 3520
453 2 26134 1 26639
454 3 32009 1 32325
455 48 19702 1 20122
456 2 2693 1 2968
457 1 12857 1 13471
458 42 26034 3 26140
459 53 142 3 464
460 9 24121 2 24575
461 73 25596 1 25996
462 45 9184 1 9215
463 20 18867 6 19135
464 19 10455 4 10728
465 48 817 3 857
466 49 27071 2 27547
467 1 12567 1 12857
468 13 13077 2 13575
469 10 10910 1 11399
470 53 28602 2 28725
471 35 19702 1 20479
472 2 26762 1 27079
473 8 8290 1 8666
474 46 1153 6 1439
475 27 18664 1 18694
476 9 11723 3 11805
477 13 27489 3 27904
478 79 14028 1 14036
479 64 22418 1 22738
480 35 74 1 267
481 53 18079 1 18117
482 26 29621 1 29758
483 34 25111 1 25460
484 64 22897 2 23517
485 2 26590 3 27124
486 79 25903 3 26108
487 39 17301 5 17391
488 12 7033 1 7209
489 2 14110 1 14672
490 2 2968 3 3133
491 8 21435 2 21727
492 1 24632 1 25266
493 64 26134 3 26286
494 31 5758 1 6184
495 28 20369 3 20793
496 75 6143 1 6587
497 77 10455 4 10941
498 75 5069 2 5411
499 23 13180 1 13613
500 38 25111 2 25560
501 2 15329 1 15775
502 54 25596 2 25959
503 62 15775 2 16293
504 79 9062 5 9114
505 54 9062 3 9085
506 7 2044 2 2511
507 76 15228 3 15277
508 26 22202 4 22578
509 73 10456 2 10853
510 7 29864 2 30384
511 34 24357 2 24553
512 54 9706 3 9770
513 20 12857 1 13244
514 1 2477 5 2996
515 1 3186 1 3655
516 28 5341 2 5734
517 75 18079 1 18335
518 11 22435 5 22896
519 74 27489 4 27931
520 35 15775 1 16017
521 9 22897 2 23233
522 62 17482 4 17616
523 43 15949 3 15970
524 58 6502 1 7020
525 19 1567 1 1983
526 2 27547 2 27804
527 72 8741 5 9090
528 2 6396 1 6601
529 31 24650 1 24885
530 7 16554 1 17031
531 77 28878 5 29324
532 66 21160 3 21454
533 38 10455 1 10489
534 2 16450 1 16669
535 2 7176 2 7438
536 44 23376 4 23760
537 76 12142 2 12636
538 9 17717 1 18169
539 1 8181 2 8586
540 59 7891 4 8139
541 2 28596 1 28827
542 65 7622 4 8108
543 13 22897 1 22944
544 49 12428 4 12867
545 13 3905 3 4332
546 1 28863 1 29545
547 35 18867 1 18912
548 1 1389 1 1647
549 2 10091 3 10536
550 20 10728 5 11081
551 43 31448 1 31856
552 35 30873 1 31112
553 42 5758 7 5961
554 13 25581 3 25992
555 29 30107 2 30352
556 38 12142 2 12597
557 58 367 1 812
558 56 15228 4 15467
559 37 808 4 896
560 10 3186 2 3611
561 38 22152 3 22169
562 7 27048 1 27232
563 43 5632 4 5994
564 64 11439 3 11650
565 75 3468 2 3496
566 9 13180 1 13302
567 27 12857 7 13381
568 4 15329 1 15603
569 76 2777 1 3146
570 77 13997 5 14121
571 49 16934 3 17465
572 58 24370 2 24488
573 8 31928 2 32470
574 77 12567 5 12691
575 7 12986 2 13425
576 35 8869 1 8977
577 23 12347 3 12478
578 28 18249 2 18666
579 29 24352 4 24680
580 73 2281 1 2822
581 22 30449 6 30939
582 75 2531 1 2900
583 4 16450 1 16646
584 55 15775 4 16317
585 54 31112 2 31488
586 2 15787 3 16451
587 26 27489 1 27940
588 29 7438 4 7486
589 60 28878 1 29016
590 62 4510 2 4939
591 1 16722 1 16834
592 64 20764 3 21147
593 2 3905 1 4352
594 62 29476 1 29921
595 9 10923 2 11136
596 19 15137 2 15212
597 17 15775 2 16085
598 28 12857 3 13113
599 49 26034 2 26090
600 75 10455 1 10522
601 43 21147 3 21642
602 1 31830 2 32349
603 74 20911 1 21158
604 38 16265 3 16709
605 62 12857 2 12905
606 8 25111 1 25281
607 16 16564 4 16581
608 66 7622 1 7822
609 22 5455 2 5970
610 2 8971 1 9062
611 53 12142 1 12324
612 62 2693 2 3100
613 74 4939 1 5041
614 62 16247 2 16284
615 12 19869 1 20053
616 28 442 1 700
617 75 12065 1 12347
618 29 32052 1 32426
619 22 6781 5 7065
620 54 115 3 526
621 1 27776 2 27965
622 74 28029 2 28266
623 54 808 1 1018
624 64 22897 2 22997
625 24 536 1 1025
626 73 27104 1 27418
627 54 12857 3 12865
628 58 28878 2 29251
629 9 10455 4 10728
630 48 26134 3 26580
631 54 9272 2 9563
632 35 8290 3 8463
633 19 7123 1 7222
634 66 15775 1 15786
635 16 368 2 706
636 43 10767 1 11236
637 9 14477 2 14864
638 12 23658 1 24297
639 1 10455 1 10925
640 77 31928 3 31961
641 62 15155 2 16053
642 38 19152 1 19170
643 29 16247 2 16590
644 43 21435 1 21653
645 66 9706 2 10129
646 75 31226 1 31581
647 49 14991 3 15080
648 9 7622 1 8258
649 64 17482 1 17717
650 79 18335 4 18882
651 43 5341 2 5480
652 12 31112 1 31749
653 32 17301 1 17819
654 59 7891 2 7974
655 9 8741 1 9219
656 64 6961 2 7022
657 2 19152 1 19688
658 2 7891 2 8181
659 64 49 1 85
660 12 15137 1 15228
661 62 5341 5 5676
662 28 9706 1 10127
663 20 10455 2 10586
664 12 22152 1 22418
665 23 3100 1 3241
666 5 16722 3 16804
667 8 28878 1 29090
668 21 9243 2 9791
669 76 18249 1 18464
670 28 31448 2 31870
671 56 30431 1 30780
672 74 22418 3 22537
673 29 9103 1 9478
674 75 27777 2 28019
675 13 15775 2 16020
676 2 31677 2 32009
677 53 22418 3 22583
678 9 24337 1 24370
679 28 15775 3 15947
680 2 27547 1 27672
681 27 11149 1 11329
682 49 13471 4 13909
683 64 24121 1 24449
684 75 27353 2 27765
685 10 9062 2 9256
686 9 16758 3 16927
687 39 5341 1 5654
688 20 24352 2 24587
689 5 10728 2 10931
690 66 12337 3 12528
691 48 29816 2 30121
692 73 19869 1 20366
693 49 7022 3 7353
694 13 368 2 432
695 2 22997 1 23308
696 46 28095 3 28240
697 64 16260 2 16766
698 79 5341 3 5516
699 12 12567 1 12718
700 34 18249 2 18794
701 35 17482 2 17728
702 70 12986 2 13224
703 2 5713 1 5972
704 4 20787 1 21273
705 21 28326 1 28455
706 9 9706 3 10111
707 35 22812 1 23263
708 1 11087 1 11556
709 38 9106 2 9644
710 9 11901 1 12337
711 55 10455 4 10774
712 72 30431 1 30562
713 9 15137 1 15646
714 74 12089 3 12632
715 9 15775 1 16758
716 75 23741 1 23936
717 27 3905 1 4391
718 13 25842 3 26340
719 75 15228 3 15470
720 52 30431 3 30881
721 29 3908 2 4262
722 12 22079 1 22093
723 8 8741 1 8769
724 1 26034 2 26470
725 2 7176 1 7388
726 21 7022 4 7540
727 2 17832 1 18467
728 76 16564 2 16656
729 29 4812 3 5135
730 66 18867 3 19226
731 79 13471 2 13604
732 79 4812 2 4981
733 79 27104 1 27121
734 17 18335 2 18635
735 45 27526 1 27946
736 35 63 4 298
737 39 4812 4 5285
738 12 14073 2 14572
739 26 20 1 253
740 55 31342 2 31567
741 64 804 1 916
742 20 19869 1 20237
743 38 3100 2 3346
744 62 17717 2 18195
745 14 10923 3 11271
746 10 10728 1 10863
747 1 31578 1 32415
748 7 13951 2 14128
749 29 7438 2 7678
750 13 2263 2 2611
751 76 5069 2 5337
752 51 23658 2 23761
753 5 12428 1 12568
754 35 22418 2 22924
755 4 17301 1 17731
756 64 12567 1 12855
757 64 28863 1 29343
758 46 5713 1 6195
759 14 2711 2 3087
760 43 17280 6 17532
761 75 15846 3 15949
762 52 14991 5 15324
763 13 4292 4 4802
764 34 4812 1 5228
765 79 14477 2 14579
766 28 29816 2 29942
767 13 4812 2 5269
768 21 4986 6 5471
769 42 26590 1 26788
770 1 2499 1 3109
771 8 31112 2 31471
772 43 9706 4 10039
773 9 20502 1 20787
774 22 31213 4 31466
775 31 806 3 1023
776 2 18264 1 18378
777 79 24337 2 24741
778 17 11087 2 11157
779 74 22152 1 22319
780 38 27526 2 28045
781 9 7127 1 7137
782 74 19231 5 19464
783 26 31448 1 31485
784 74 4150 2 4301
785 77 30260 1 30555
786 22 14073 1 14207
787 9 31342 4 31834
788 53 20682 2 20892
789 2 25930 1 26619
790 1 4685 1 4986
791 53 25530 2 25936
792 2 442 1 586
793 12 5341 1 5505
794 53 30260 1 30682
795 1 3775 1 4685
796 64 9184 2 9331
797 45 31928 2 32055
798 13 2693 1 2747
799 45 30260 2 30624
800 1 387 1 804
801 62 817 1 1567
802 7 10767 1 10956
803 70 9103 3 9300
804 39 16260 3 16784
805 10 18947 1 19009
806 29 26034 1 26222
807 9 6984 2 7499
808 48 3186 3 3588
809 72 9103 1 9232
810 35 6781 1 7296
811 77 18079 1 18273
812 75 29355 1 29476
813 55 22418 3 22562
814 42 20075 1 20311
815 2 14940 3 15042
816 49 20838 2 21272
817 54 27526 1 27766
818 62 18249 3 18504
819 1 6241 1 6542
820 49 21435 1 21789
821 73 9706 1 10152
822 74 3775 5 4012
823 22 20050 3 20102
824 2 25530 1 25595
825 9 23233 2 23790
826 62 5069 1 5416
827 26 8181 4 8609
828 73 18249 1 18799
829 53 7188 3 7597
830 35 29355 1 29497
831 16 18249 1 18285
832 42 26034 5 26078
833 9 30325 1 30431
834 75 4812 1 5277
835 28 18079 3 18337
836 14 13241 1 13248
837 9 28878 2 29070
838 35 26000 1 26188
839 38 14940 2 15454
840 9 10923 2 11152
841 70 20075 3 20546
842 9 31928 1 32387
843 42 1270 1 1657
844 28 10767 1 11113
845 9 20682 1 21335
846 66 4510 4 4815
847 48 4812 3 4835
848 49 4812 1 4989
849 2 22418 1 22481
850 62 3353 1 3443
851 51 18335 1 18381
852 64 5724 1 5885
853 22 7831 5 7979
854 10 9391 1 9397
855 7 5341 2 5627
856 64 6409 2 6933
857 64 3682 1 3709
858 21 16722 3 17209
859 29 17301 2 17696
860 19 3353 4 3658
861 51 8866 7 9113
862 8 10141 1 10151
863 44 22997 2 23211
864 35 15228 1 15760
865 29 20803 3 21158
866 17 10910 1 11050
867 9 16450 1 17022
868 37 30107 2 30425
869 5 7438 1 7600
870 75 4986 1 5014
871 1 11873 1 12465
872 29 20369 3 20586
873 64 25581 1 26103
874 1 31745 1 31790
875 1 30325 1 30664
876 13 19869 4 20296
877 20 2044 3 2378
878 64 12065 2 12403
879 9 13180 1 13642
880 55 29355 3 29666
881 2 30260 1 30517
882 53 24352 2 24817
883 13 11439 6 11684
884 43 10910 1 11229
885 9 7156 1 7622
886 42 25903 3 25943
887 79 28285 4 28325
888 78 16572 1 16580
889 43 21945 3 22352
890 53 2281 1 2677
891 64 15472 1 15488
892 62 6143 4 6409
893 53 16564 1 16639
894 8 15966 2 16329
895 1 17280 1 18120
896 64 9706 1 10229
897 64 14819 1 15055
898 2 10728 1 11145
899 64 8741 1 9458
900 75 21435 1 21795
901 17 11885 2 12330
902 49 27547 1 27617
903 77 20682 3 20973
904 16 2777 2 2881
905 75 5455 1 6364
906 54 4150 2 4641
907 7 3496 1 3800
908 51 7254 3 7650
909 64 28326 1 28716
910 62 31845 1 32329
911 7 12258 1 12263
912 66 6961 1 7065
913 22 26134 1 26538
914 66 19409 2 19617
915 31 24352 2 24454
916 62 2306 1 2693
917 73 28326 3 28708
918 22 16656 5 16708
919 22 2289 1 2748
920 1 31112 1 31500
921 62 22418 2 22935
922 16 6502 6 6937
923 75 20803 1 21211
924 8 20682 1 20952
925 73 28863 3 29144
926 54 26590 4 26986
927 52 26134 3 26641
928 79 15329 1 15705
929 22 17595 7 18017
930 52 2003 5 2240
931 27 20369 2 20455
932 64 13997 1 14537
933 16 16656 6 16868
934 29 20749 3 20915
935 76 18664 3 18800
936 35 24357 1 24508
937 2 12567 1 12798
938 62 19702 1 19837
939 2 11650 2 11879
940 34 29816 3 29845
941 28 31112 5 31320
942 19 8784 1 9183
943 74 2263 2 2612
944 53 7156 1 7167
945 43 8255 3 8265
946 38 2281 1 2774
947 44 2219 2 2503
948 74 27104 1 27481
949 79 8741 1 9285
950 31 5758 1 6222
951 53 8784 1 9263
952 12 45 1 819
953 23 25581 2 25930
954 54 6143 1 6593
955 26 18249 2 18766
956 66 23233 1 23302
957 35 9706 3 9851
958 12 16450 1 16788
959 14 10455 2 10620
960 49 18249 1 18625
961 27 15293 1 15460
962 42 4812 1 4885
963 31 22447 3 22461
964 64 12337 1 12847
965 31 8741 1 9229
966 20 29816 4 30317
967 75 26286 1 26317
968 43 586 1 1117
969 62 5713 2 6164
970 39 6542 1 6853
971 64 7156 4 7254
972 19 1647 3 1897
973 1 20369 3 20411
974 22 1092 2 1398
975 8 12857 1 13348
976 39 1270 3 1336
977 56 29816 5 30092
978 48 168 2 262
979 26 488 4 493
980 9 12914 1 13180
981 29 2263 1 2467
982 54 21727 1 21862
983 64 20369 1 20478
984 1 68 2 387
985 34 20749 1 20832
986 7 20838 2 21351
987 49 25581 2 25969
988 35 9062 1 9258
989 29 18947 4 19371
990 43 16934 2 17455
991 54 4939 2 5286
992 19 26286 3 26696
993 29 5713 2 5952
994 43 13951 1 14013
995 72 6143 1 6167
996 16 9272 4 9347
997 38 26590 1 27066
998 74 6871 4 6943
999 1 804 2 1092
1000 7 10456 1 10594
1001 9 7543 1 7774
1002 35 12857 1 13186
1003 2 14940 1 15183
1004 64 27909 3 27962
1005 16 21006 3 21120
1006 46 2044 6 2125
1007 64 15775 2 16265
1008 26 10455 4 10798
1009 64 30107 3 30485
1010 13 2777 3 3132
1011 1 10455 4 10985
1012 54 6143 1 6494
1013 34 20369 2 20584
1014 75 824 1 834
1015 13 9103 7 9199
1016 12 15775 1 15820
1017 2 22152 2 22202
1018 12 5632 2 5940
1019 38 30485 1 30758
1020 75 18249 1 18445
1021 8 25530 2 25922
1022 38 30260 1 30336
1023 74 7156 2 7567
1024 48 30377 2 30876
1025 62 20803 2 21225
1026 35 29816 2 30248
1027 54 27489 4 27555
1028 10 22619 1 23073
1029 12 16260 1 16819
1030 64 20739 1 20931
1031 8 31471 1 31848
1032 22 8210 3 8530
1033 70 808 1 1285
1034 7 6143 2 6506
1035 72 5341 4 5752
1036 23 20075 1 20337
1037 8 2968 2 3183
1038 73 22435 3 22860
1039 9 3468 2 3882
1040 53 4812 1 5347
1041 7 22152 2 22402
1042 14 10091 3 10312
1043 19 31112 1 31538
1044 53 14477 1 14546
1045 55 24650 1 25109
1046 9 22619 2 22835
1047 64 8741 1 9050
1048 19 19869 1 20371
1049 79 9706 1 9757
1050 73 10923 3 10936
1051 35 21435 3 21762
1052 2 8430 1 8467
1053 54 6781 4 7040
1054 54 25842 2 26377
1055 62 18610 1 18867
1056 14 28095 4 28176
1057 75 10728 1 11439
1058 43 27048 1 27335
1059 26 22897 4 23102
1060 44 23790 2 23891
1061 7 13471 1 13894
1062 13 7622 4 8012
1063 29 26762 1 27051
1064 14 11439 3 11965
1065 20 8741 3 8932
1066 29 16656 1 16939
1067 44 3905 2 3916
1068 62 12142 4 12186
1069 1 22418 1 22812
1070 34 10910 2 11311
1071 29 3436 1 3593
1072 16 22202 5 22415
1073 9 10767 4 10906
1074 66 31342 3 31706
1075 22 1647 4 2004
1076 2 24357 1 24758
1077 35 25842 3 26034
1078 43 29476 2 29655
1079 75 5341 1 5461
1080 76 494 1 638
1081 79 5632 3 5772
1082 66 12567 3 12763
1083 64 4150 1 4474
1084 35 15949 1 16260
1085 12 12986 1 13077
1086 1 3109 1 3577
1087 19 9272 1 9725
1088 43 26590 3 26687
1089 72 20682 1 21038
1090 76 28285 2 28815
1091 20 27526 1 27989
1092 8 9706 1 9813
1093 72 18264 1 18312
1094 9 7499 1 7608
1095 38 12986 4 13297
1096 8 14477 1 15577
1097 43 9243 6 9586
1098 79 7622 3 7746
1099 46 16450 2 16647
1100 53 15775 2 16049
1101 1 1270 1 1389
1102 20 2777 5 3274
1103 77 4812 5 5204
1104 74 26134 6 26345
1105 38 817 2 1165
1106 26 2003 4 2407
1107 79 12567 3 13016
1108 7 31982 1 32443
1109 29 5341 4 5419
1110 2 16260 1 16353
1111 16 19869 3 20013
1112 2 26286 1 26526
1113 2 20838 3 21062
1114 38 23658 1 24193
1115 78 10247 2 10367
1116 28 16265 4 16526
1117 74 31982 1 32236
1118 75 10456 2 10674
1119 2 793 1 1250
1120 22 560 4 614
1121 54 13997 1 14308
1122 64 31677 1 31830
1123 42 28863 5 29351
1124 62 8430 1 8535
1125 9 21727 2 21945
1126 8 3186 1 3293
1127 74 29816 1 30077
1128 12 31112 1 31458
1129 2 4920 1 5632
1130 70 20787 1 20966
1131 20 8210 3 8414
1132 62 3905 1 4095
1133 7 23658 1 23762
1134 9 17595 1 18249
1135 35 15293 1 15949
1136 20 19194 3 19453
1137 9 4510 1 5238
1138 9 1944 1 2777
1139 28 25903 1 26192
1140 65 12567 3 13071
1141 77 17717 1 17968
1142 35 31112 1 32029
1143 62 25842 2 26243
1144 34 14477 2 15027
1145 22 5341 1 5580
1146 44 16934 3 17048
1147 19 19152 1 19244
1148 22 22152 5 22612
1149 62 23233 1 23564
1150 4 21435 1 21615
1151 79 2003 2 2228
1152 27 7254 2 7614
1153 77 27793 4 28137
1154 74 2711 1 3238
1155 27 18249 2 18389
1156 5 20911 1 21164
1157 66 7891 1 8056
1158 9 13471 1 13997
1159 34 15775 2 15906
1160 35 8206 1 9053
1161 38 11149 2 11393
1162 29 14073 2 14141
1163 28 10455 3 10523
1164 66 22418 4 22592
1165 9 20787 1 21489
1166 9 27104 1 27450
1167 62 3908 1 4411
1168 2 16554 1 16722
1169 22 5713 1 5773
1170 74 15775 2 16096
1171 75 28102 2 28152
1172 79 28095 1 28215
1173 35 367 2 593
1174 2 15228 1 15275
1175 28 2531 1 2745
1176 34 31112 2 31484
1177 1 13471 1 13602
1178 9 10091 1 10237
1179 62 10247 2 10573
1180 22 25530 1 26018
1181 45 31448 1 31684
1182 43 9106 1 9335
1183 75 31448 1 31745
1184 75 25530 1 25688
1185 64 3908 1 4812
1186 43 2531 2 2829
1187 35 3186 5 3328
1188 29 13641 3 14007
1189 34 15137 1 15385
1190 22 3468 1 3858
1191 5 6143 1 6426
1192 66 5455 1 5814
1193 75 20764 1 20831
1194 26 1647 6 1949
1195 26 16934 1 17197
1196 22 13951 2 13990
1197 75 29476 1 30018
1198 28 9706 4 9846
1199 74 20050 1 20437
1200 38 16934 2 17364
1201 48 11439 3 11831
1202 9 22418 2 22619
1203 19 22897 2 23287
1204 2 28878 2 29218
1205 16 2693 2 2947
1206 43 20050 4 20093
1207 2 27522 1 27776
1208 20 6961 1 7159
1209 75 22152 1 22447
1210 62 28420 1 28817
1211 7 30589 1 31108
1212 29 14477 1 14871
1213 64 8181 2 8650
1214 14 18249 1 18343
1215 64 31830 2 32165
1216 2 10728 1 10793
1217 64 12089 1 12171
1218 1 22152 1 22821
1219 34 8741 3 9039
1220 43 20369 1 20478
1221 1 22079 1 22572
1222 2 3133 1 3415
1223 42 12567 1 12667
1224 1 13602 2 13694
1225 12 31677 1 32164
1226 44 3468 3 3610
1227 64 19995 3 20191
1228 23 16450 1 16709
1229 1 29816 1 30325
1230 43 16554 2 17080
1231 2 31677 1 32000
1232 62 23790 1 24158
1233 74 29621 4 29685
1234 9 3905 2 4333
1235 14 20369 1 20703
1236 9 18467 3 18741
1237 43 30260 6 30790
1238 53 29864 3 30083
1239 3 8869 1 9406
1240 57 586 5 672
1241 43 1270 2 1425
1242 9 29816 4 30260
1243 8 14073 1 14095
1244 64 23658 1 24001
1245 28 14991 5 15266
1246 9 14819 1 15418
1247 43 7156 1 7444
1248 55 5069 3 5246
1249 9 5341 1 5718
1250 74 14940 2 15178
1251 2 24758 1 25608
1252 2 12065 1 12292
1253 34 28326 3 28541
1254 21 9103 2 9239
1255 41 26034 5 26415
1256 49 24632 4 24875
1257 13 29864 1 30087
1258 39 22435 4 22721
1259 75 4292 2 4687
1260 19 16554 3 16934
1261 4 9272 1 9612
1262 12 11873 1 12428
1263 1 20502 2 20911
1264 64 29355 3 29499
1265 20 30325 2 30843
1266 52 32052 2 32072
1267 1 6871 3 6961
1268 35 4292 2 4657
1269 74 2531 2 2587
1270 7 25581 2 25726
1271 46 27048 4 27505
1272 62 12337 3 12643
1273 13 16247 7 16754
1274 66 237 3 664
1275 54 28716 1 28966
1276 23 2306 2 2497
1277 19 12567 4 12770
1278 35 28837 2 29262
1279 1 11723 3 12132
1280 10 28716 1 29015
1281 19 26034 3 26240
1282 2 11723 1 12498
1283 66 4939 1 5413
1284 35 11149 3 11550
1285 7 3905 2 4033
1286 17 20369 1 20535
1287 35 14477 2 14702
1288 46 29355 2 29829
1289 23 13471 3 13725
1290 13 5341 2 5656
1291 9 7022 1 7111
1292 19 793 1 1146
1293 75 25903 1 26620
1294 9 24899 1 25722
1295 9 31928 2 32259
1296 41 18249 4 18329
1297 79 28029 1 28360
1298 64 2306 1 2531
1299 12 16934 2 17261
1300 38 31448 1 31891
1301 31 17301 1 17628
1302 19 10728 1 11170
1303 62 1944 7 2294
1304 29 23658 3 23711
1305 43 14940 3 15084
1306 34 5632 2 6052
1307 58 4812 1 5079
1308 34 28596 3 29035
1309 64 7594 1 8121
1310 1 28326 1 28742
1311 75 28602 1 28821
1312 74 25581 5 25798
1313 1 10214 1 10394
1314 12 10455 2 10897
1315 29 177 1 560
1316 55 27793 1 28109
1317 35 30325 1 30873
1318 2 31342 1 31677
1319 8 1752 1 1781
1320 56 22079 6 22145
1321 2 22418 1 22938
1322 35 16260 3 16501
1323 2 11439 1 11723
1324 54 8741 1 8973
1325 75 73 1 368
1326 10 5069 2 5401
1327 75 31745 3 32356
1328 43 29816 2 30166
1329 4 817 2 1296
1330 65 27547 2 27865
1331 42 18249 1 18718
1332 19 11177 1 11184
1333 7 6871 1 7131
1334 27 18467 4 18730
1335 19 387 3 863
1336 49 5713 1 6008
1337 12 22418 1 22822
1338 13 11885 1 12347
1339 59 7543 1 7571
1340 12 3453 1 4640
1341 62 1752 1 1944
1342 13 12347 2 12375
1343 64 28102 1 28199
1344 16 3496 1 4007
1345 37 22202 4 22674
1346 74 11149 2 11408
1347 35 27489 1 28007
1348 62 3905 1 4292
1349 12 7983 1 8784
1350 12 13951 1 14073
1351 29 1772 2 2195
1352 1 26762 3 26853
1353 2 8181 1 8380
1354 49 3468 2 3870
1355 53 19869 1 20175
1356 74 8741 1 8886
1357 35 14073 1 14555
1358 72 20050 2 20323
1359 39 6241 1 6684
1360 14 15329 2 15655
1361 13 793 1 978
1362 54 2044 2 2500
1363 12 24352 2 24588
1364 19 20369 1 20891
1365 54 12986 1 13459
1366 1 7123 2 7484
1367 4 27547 1 27935
1368 62 30431 1 30583
1369 14 31112 1 31500
1370 1 13602 5 13772
1371 8 20388 1 21032
1372 4 30431 1 30851
1373 1 2044 2 2477
1374 21 10910 3 11131
1375 49 29355 3 29407
1376 79 8741 1 8782
1377 12 4812 2 5294
1378 43 27526 2 27987
1379 17 27387 1 27924
1380 10 31213 1 31759
1381 54 27104 1 27510
1382 1 21435 1 21502
1383 78 10455 2 10631
1384 55 9272 3 9768
1385 29 15775 1 16223
1386 73 12142 2 12656
1387 51 22152 7 22219
1388 34 11723 1 11747
1389 54 5713 1 5830
1390 12 14819 1 14991
1391 62 9706 7 9811
1392 44 2777 3 3269
1393 54 28716 2 28891
1394 2 2219 1 2655
1395 72 31830 2 32027
1396 20 26590 2 26866
1397 19 4510 2 4525
1398 77 2263 1 2488
1399 75 3436 1 3507
1400 12 3775 1 3972
1401 10 31112 1 31214
1402 54 7254 4 7393
1403 13 10910 2 11385
1404 17 31677 3 32153
1405 2 18664 1 19277
1406 62 6396 4 6728
1407 29 30431 3 30890
1408 79 10728 2 11150
1409 66 28596 1 29096
1410 19 2693 3 2810
1411 39 22447 1 22628
1412 35 21727 1 21755
1413 4 7022 1 7539
1414 9 9243 1 9584
1415 71 8784 3 8820
1416 4 8869 1 9271
1417 35 24650 2 24853
1418 9 16247 1 16713
1419 29 8741 2 8898
1420 74 11885 1 12083
1421 35 3468 1 3802
1422 4 27104 1 27537
1423 12 10910 1 11183
1424 53 10214 1 10325
1425 35 9103 2 9285
1426 66 31112 4 31243
1427 12 9272 2 9768
1428 12 15228 1 15361
1429 62 28344 2 28420
1430 22 3905 2 4331
1431 2 23741 1 24617
1432 8 15775 1 15915
1433 28 30431 2 30840
1434 53 16934 2 17054
1435 54 14477 1 14489
1436 42 28716 8 28929
1437 2 6786 1 6792
1438 1 6542 3 6938
1439 78 9706 2 10230
1440 19 2477 3 2564
1441 74 31213 1 31690
1442 44 26134 1 26256
1443 2 13951 1 14110
1444 34 6781 2 6823
1445 7 20682 1 21032
1446 1 1647 2 2020
1447 19 8741 2 8918
1448 54 25596 2 25734
1449 29 4150 1 4511
1450 9 27489 1 27910
1451 1 7438 3 7831
1452 2 20075 1 20160
1453 20 31112 1 31249
1454 13 24650 2 24676
1455 2 68 2 442
1456 19 28878 1 29072
1457 62 13471 1 13951
1458 13 28264 1 28546
1459 1 19409 1 19714
1460 76 27594 2 27769
1461 42 16554 2 16978
1462 17 12857 3 12911
1463 12 26590 1 27048
1464 19 15787 3 15979
1465 8 12857 1 12933
1466 28 11087 1 11313
1467 77 2777 3 3093
1468 26 11885 1 12027
1469 79 11885 1 12129
1470 46 17301 4 17818
1471 76 20075 1 20604
1472 64 310 3 797
1473 8 10214 2 10645
1474 78 12337 2 12627
1475 77 7438 3 7876
1476 29 12857 1 12873
1477 13 30485 3 30642
1478 41 22435 4 22844
1479 21 16722 2 17115
1480 55 12567 3 13035
1481 34 4812 2 5305
1482 14 14477 2 14545
1483 48 27489 3 27880
1484 1 10456 1 11149
1485 76 5341 5 5753
1486 51 5632 3 5760
1487 35 5632 2 5966
1488 79 9768 1 10083
1489 75 12986 1 13323
1490 10 15228 1 15560
1491 16 22435 2 22548
1492 32 7188 1 7568
1493 1 5341 1 5758
1494 16 31112 3 31435
1495 8 25930 1 26392
1496 43 6984 5 7032
1497 12 11439 1 11873
1498 27 16247 6 16622
1499 72 6409 2 6711
1500 2 4223 2 4510
1501 1 19409 2 20050
1502 34 2003 1 2265
1503 29 30431 4 30753
1504 62 23376 2 23753
1505 62 19869 1 19975
1506 16 31448 2 31515
1507 34 26762 1 26777
1508 12 18867 1 19409
1509 8 20 1 367
1510 29 22418 5 22821
1511 72 2281 1 2337
1512 62 645 1 1185
1513 35 31213 1 31578
1514 23 12857 2 13328
1515 9 5632 4 5644
1516 79 31448 4 31715
1517 73 15775 2 16230
1518 55 19869 3 20177
1519 52 560 3 639
1520 27 10728 2 10798
1521 31 8741 1 8770
1522 43 15832 1 16223
1523 20 27353 3 27401
1524 74 13990 2 13997
1525 75 13471 2 13699
1526 58 19869 1 20387
1527 1 10091 1 10214
1528 12 29816 2 30313
1529 1 7891 2 8182
1530 46 4150 6 4528
1531 43 28878 3 29081
1532 23 808 2 1167
1533 42 31830 3 32223
1534 46 2219 2 2252
1535 8 13471 1 13655
1536 54 5341 1 5707
1537 9 24370 1 24899
1538 73 18947 1 18980
1539 62 27777 1 28342
1540 26 26034 2 26448
1541 35 10091 4 10502
1542 22 24632 4 24690
1543 23 16656 2 17046
1544 35 30589 4 30962
1545 62 9106 1 10055
1546 43 28029 3 28495
1547 62 7033 3 7542
1548 64 4510 2 4530
1549 45 4510 3 4821
1550 35 11650 2 11853
1551 26 24899 4 25066
1552 4 10455 2 10968
1553 62 29621 1 30041
1554 19 14477 4 14822
1555 42 17301 1 17813
1556 44 12142 1 12304
1557 73 31112 1 31462
1558 50 20050 8 20468
1559 51 19702 3 19987
1560 8 3905 1 4102
1561 34 10455 2 10554
1562 49 31112 3 31343
1563 70 15775 1 16085
1564 76 30260 1 30524
1565 62 7891 4 7980
1566 46 19702 1 19924
1567 8 24337 1 24622
1568 62 15293 1 15579
1569 7 1155 2 1160
1570 77 15775 4 16198
1571 5 18335 2 18540
1572 43 30107 4 30238
1573 62 16247 2 16450
1574 75 11805 1 12252
1575 49 22997 1 23082
1576 35 11873 3 11909
1577 62 9184 2 9546
1578 2 28264 1 28596
1579 1 11650 3 11863
1580 1 15775 2 15833
1581 9 3775 2 4150
1582 42 6961 3 7423
1583 74 22897 2 23289
1584 13 21945 3 22358
1585 12 21945 2 22052
1586 53 18335 1 19048
1587 49 26134 2 26561
1588 2 10455 2 10968
1589 12 20075 1 20456
1590 26 13471 3 14016
1591 62 4150 1 4263
1592 77 15472 5 15730
1593 5 2531 4 2804
1594 64 3100 2 3390
1595 9 16247 1 16437
1596 10 25903 2 26432
1597 58 2219 1 2560
1598 77 6781 4 7213
1599 49 53 2 360
1600 11 11439 1 11659
1601 38 20749 2 21149
1602 46 6409 1 6836
1603 2 13645 1 14819
1604 62 4292 2 5026
1605 62 560 1 629
1606 72 14477 4 14839
1607 35 2044 1 2306
1608 62 16722 2 16893
1609 52 7622 1 7737
1610 19 27071 2 27240
1611 39 10728 1 10796
1612 14 3436 1 3522
1613 26 2044 1 2085
1614 75 14477 2 14641
1615 58 7594 1 7759
1616 44 3775 3 3996
1617 9 2777 2 3102
1618 1 9706 4 9842
1619 9 3102 2 3142
1620 66 13602 1 13705
1621 1 11149 1 11669
1622 74 5341 5 5870
1623 9 27231 1 27519
1624 1 16554 1 17462
1625 1 12347 3 12359
1626 62 7904 2 7980
1627 38 28095 2 28215
1628 10 16564 1 16810
1629 26 10910 1 10958
1630 62 26134 1 26553
1631 39 22202 1 22223
1632 43 2003 1 2373
1633 64 1092 1 1270
1634 1 27594 1 28095
1635 28 6961 5 7406
1636 75 8210 1 8878
1637 29 4812 3 4903
1638 34 26034 1 26327
1639 46 31213 4 31552
1640 66 9243 4 9561
1641 62 81 1 560
1642 9 13194 2 13293
1643 49 4292 2 4611
1644 52 11885 3 12291
1645 7 4812 2 4908
1646 62 10728 1 11242
1647 46 3905 3 3973
1648 26 19194 1 19239
1649 75 5341 1 5713
1650 79 14819 1 15240
1651 31 20838 1 20968
1652 2 9184 1 9703
1653 20 13471 5 14010
1654 64 17717 1 18495
1655 28 2711 1 2836
1656 1 26134 1 27387
1657 64 5341 1 5724
1658 74 31677 2 31959
1659 7 15775 2 16208
1660 29 23376 3 23398
1661 45 2777 3 2795
1662 2 31213 2 31342
1663 44 16722 3 16823
1664 54 24121 2 24496
1665 35 16656 1 17301
1666 42 26134 3 26387
1667 13 12857 4 13057
1668 12 28596 1 28864
1669 64 19393 2 19410
1670 49 31830 1 32009
1671 64 3453 2 3559
1672 65 24370 1 24479
1673 77 586 2 631
1674 7 17301 2 17412
1675 70 19231 6 19252
1676 76 4812 2 5324
1677 1 7188 1 7539
1678 1 16247 2 16554
1679 64 12857 2 13058
1680 49 30664 1 31101
1681 4 19393 2 19653
1682 73 10091 1 10378
1683 26 15775 1 15950
1684 55 25581 2 25886
1685 35 2003 1 2281
1686 20 28102 3 28413
1687 1 17280 2 17779
1688 42 17301 7 17817
1689 9 18079 1 18825
1690 58 23618 1 24039
1691 41 2306 1 2830
1692 17 3453 4 3896
1693 1 28420 1 28796
1694 1 11885 3 12156
1695 62 126 1 645
1696 62 5455 5 5665
1697 38 31342 1 31366
1698 66 2263 1 2432
1699 74 12857 6 13286
1700 74 14819 3 15151
1701 1 6961 1 7123
1702 26 9103 2 9446
1703 31 391 2 873
1704 13 7622 3 8133
1705 34 27489 1 27611
1706 19 11439 1 11770
1707 28 30313 1 30851
1708 64 13471 1 13757
1709 14 7033 3 7201
1710 2 4510 2 4920
1711 44 7891 2 8423
1712 62 16284 1 16664
1713 35 604 2 1134
1714 2 18947 1 20307
1715 46 28285 3 28811
1716 45 27526 1 27616
1717 9 13997 2 14294
1718 62 25530 1 25842
1719 9 26134 1 26590
1720 77 18335 3 18390
1721 44 2044 1 2528
1722 33 8741 1 9209
1723 42 19869 6 19945
1724 57 20838 4 21087
1725 20 22418 5 22865
1726 78 12347 2 12511
1727 35 7622 1 7691
1728 42 2477 2 2501
1729 7 8181 2 8526
1730 74 4150 3 4590
1731 5 13180 1 13449
1732 38 4986 2 5172
1733 42 30589 2 30862
1734 64 22812 1 22897
1735 1 29816 2 29913
1736 62 24650 1 24820
1737 38 27489 1 27657
1738 79 6961 3 7059
1739 62 5069 1 5299
1740 16 23658 2 23836
1741 51 10455 3 10902
1742 9 7188 1 7530
1743 35 3908 1 4393
1744 35 22997 1 23087
1745 62 3436 3 3707
1746 64 25111 1 25581
1747 59 7594 3 7692
1748 8 26590 1 27157
1749 73 29621 3 29875
1750 46 10455 4 10927
1751 35 10247 2 10523
1752 44 10455 5 10503
1753 74 17230 5 17239
1754 75 18445 1 19869
1755 13 26034 2 26538
1756 12 18335 1 18919
1757 13 18249 1 18633
1758 2 12857 2 13088
1759 52 8869 2 9050
1760 53 11 1 112
1761 70 25596 1 25999
1762 44 22447 4 22573
1763 28 15775 5 15998
1764 65 5455 1 5578
1765 54 18249 2 18556
1766 75 17595 2 18079
1767 75 26317 1 26970
1768 35 20682 3 20775
1769 41 18335 2 18453
1770 19 17280 2 17627
1771 62 31982 1 32272
1772 64 16934 2 17340
1773 54 808 2 1199
1774 39 10456 2 10652
1775 62 5713 2 5930
1776 79 31112 1 31592
1777 51 560 2 732
1778 39 16934 3 17429
1779 74 14477 1 14687
1780 22 10455 1 10634
1781 26 21727 2 21824
1782 74 31213 1 31392
1783 19 19869 3 20251
1784 9 14940 1 15347
1785 55 8741 2 9075
1786 29 5870 3 5878
1787 64 18671 1 18951
1788 43 22418 4 22646
1789 33 23790 1 24007
1790 53 19393 1 19805
1791 9 7622 1 8781
1792 74 8741 4 9128
1793 62 19152 1 19702
1794 54 12142 1 12638
1795 44 16934 1 17372
1796 62 8206 1 8636
1797 17 5341 3 5381
1798 21 27909 2 28183
1799 44 25903 1 26069
1800 20 1092 2 1450
1801 12 302 1 412
1802 29 10247 4 10769
1803 38 10091 3 10102
1804 7 26034 1 26245
1805 8 16450 1 17083
1806 2 14940 2 15329
1807 38 27079 1 27358
1808 20 59 1 316
1809 16 25903 2 26330
1810 66 31830 2 32206
1811 1 26590 2 26762
1812 2 7176 1 7630
1813 62 28102 1 28414
1814 20 9706 1 9934
1815 73 19409 3 19727
1816 2 1270 3 1555
1817 65 13180 2 13338
1818 9 3186 1 3468
1819 10 4812 1 4942
1820 2 12142 1 12233
1821 5 31830 1 32235
1822 3 9103 1 9540
1823 20 20369 1 20756
1824 51 8741 5 8760
1825 19 7622 2 7732
1826 77 26034 3 26216
1827 70 2499 6 3042
1828 2 28596 1 28878
1829 12 11901 1 12319
1830 65 22202 6 22580
1831 7 24632 2 25121
1832 64 13471 1 13641
1833 64 4812 2 5168
1834 39 15775 3 16127
1835 9 8788 2 8795
1836 1 4986 4 5455
1837 2 7891 2 8105
1838 64 14940 2 15417
1839 19 25111 4 25522
1840 62 13951 1 15155
1841 13 16934 3 17370
1842 35 13997 3 14026
1843 28 10264 2 10272
1844 77 31112 4 31495
1845 9 14819 2 14968
1846 26 560 1 778
1847 46 15949 1 16393
1848 75 30377 2 30775
1849 9 5758 3 6068
1850 2 16934 2 17648
1851 75 822 1 1541
1852 49 17595 1 17736
1853 44 28596 2 28610
1854 64 11885 1 12065
1855 44 28095 3 28294
1856 75 16247 1 16756
1857 75 21160 2 21561
1858 34 20838 4 20888
1859 2 21147 1 21527
1860 22 9706 4 10015
1861 53 27048 2 27133
1862 35 20050 2 20475
1863 56 13471 1 13569
1864 4 7123 1 7508
1865 53 20369 3 20555
1866 43 14477 1 15022
1867 8 19995 1 20388
1868 17 8290 3 8624
1869 4 28102 2 28143
1870 62 18867 2 19152
1871 9 29355 3 29742
1872 9 1092 1 1781
1873 58 18467 2 18976
1874 35 2281 1 2715
1875 12 30313 1 30672
1876 2 22619 1 23376
1877 22 20502 1 20821
1878 10 30313 1 30741
1879 1 13951 1 14477
1880 7 26590 2 26789
1881 12 13471 1 13652
1882 12 2711 1 3453
1883 64 24899 3 25078
1884 62 20081 1 20369
1885 55 28878 2 28915
1886 28 16265 3 16594
1887 2 19869 1 20124
1888 22 8741 1 9139
1889 62 6781 1 7033
1890 26 3100 3 3283
1891 75 3186 2 3436
1892 5 17301 2 17458
1893 22 27793 4 27827
1894 49 10767 1 11054
1895 13 9272 2 9519
1896 46 11885 6 12432
1897 34 22997 1 23497
1898 46 7022 1 7539
1899 16 31112 2 31571
1900 13 29476 6 29495
1901 53 5632 3 5763
1902 13 8210 4 8424
1903 73 20369 1 20778
1904 54 22812 1 23351
1905 19 22997 2 23365
1906 72 24121 5 24509
1907 64 16554 2 16633
1908 64 21727 2 22238
1909 77 28285 2 28776
1910 8 6143 1 6680
1911 1 1092 1 1546
1912 75 22997 3 23036
1913 2 12610 2 12908
1914 75 368 1 774
1915 75 2219 1 2330
1916 5 26034 1 26090
1917 2 8181 1 8866
1918 54 22418 2 22484
1919 29 3133 4 3436
1920 74 16265 3 16645
1921 13 26590 3 27109
1922 54 29864 1 29937
1923 8 19393 2 19664
1924 8 21727 2 21851
1925 34 9272 1 9437
1926 9 17482 1 18000
1927 10 7594 1 8044
1928 72 17280 1 17587
1929 12 20369 1 20540
1930 50 18264 5 18804
1931 55 536 1 628
1932 43 3353 3 3903
1933 49 19995 1 20432
1934 5 12986 3 13416
1935 53 536 1 1039
1936 77 161 3 379
1937 64 5758 4 6256
1938 62 5416 1 5760
1939 14 5455 2 5656
1940 51 18249 2 18284
1941 70 9706 4 10069
1942 66 5632 3 5800
1943 66 20838 4 21149
1944 48 20787 2 20912
1945 37 22418 2 22543
1946 64 7022 1 7156
1947 62 22897 1 23196
1948 12 5505 2 5624
1949 62 15228 1 15240
1950 35 18947 1 19474
1951 62 2777 1 3327
1952 43 4812 1 5132
1953 76 2306 3 2323
1954 1 536 1 736
1955 73 30319 3 30736
1956 2 13180 3 13645
1957 62 21727 6 22230
1958 27 10728 1 11025
1959 34 30325 1 30628
1960 75 20502 1 20764
1961 27 29816 1 30013
1962 21 18335 5 18703
1963 22 10910 1 11327
1964 10 14819 2 15232
1965 46 19393 2 19700
1966 53 12857 2 12911
1967 9 20838 1 21324
1968 52 9768 3 9913
1969 13 28095 5 28201
1970 20 16247 1 16587
1971 72 804 1 1249
1972 38 25930 4 25996
1973 75 22997 1 23138
1974 26 11149 3 11447
1975 29 20075 2 20279
1976 29 560 1 1081
1977 35 11087 1 11915
1978 62 15775 2 16075
1979 35 22 1 39
1980 38 16564 1 16891
1981 79 23658 1 23898
1982 54 18249 1 18760
1983 48 302 1 676
1984 9 31112 3 31578
1985 2 27079 1 27547
1986 9 2777 3 3306
1987 13 28863 1 29148
1988 22 11650 7 12093
1989 32 442 3 652
1990 8 27048 1 27499
1991 64 10247 1 10554
1992 64 28716 1 28844
1993 64 27048 1 27437
1994 19 20369 2 20660
1995 1 19975 1 20343
1996 49 10214 3 10716
1997 26 4812 4 4878
1998 13 2003 4 2093
1999 49 28344 5 28889
2000 34 11885 3 11927
2001 5 22152 2 22300
2002 34 16934 1 17319
2003 26 1092 1 1542
2004 31 27547 1 28023
2005 1 4986 1 5341
2006 64 1270 1 1772
2007 72 22152 1 22351
2008 51 7904 1 8207
2009 49 6143 5 6467
2010 8 23376 1 23668
2011 43 6143 3 6571
2012 22 18947 3 19143
2013 17 253 1 406
2014 70 27353 4 27643
2015 64 20502 1 20675
2016 28 22997 5 23130
2017 54 19702 4 20123
2018 10 7022 1 7122
2019 2 18467 1 18947
2020 77 5341 1 5643
2021 66 27048 2 27244
2022 2 24121 2 24357
2023 41 8430 1 8495
2024 28 11439 1 11579
2025 39 822 4 952
2026 74 2044 1 2210
2027 9 110 2 492
2028 53 16247 1 16477
2029 31 2531 2 2685
2030 79 9243 2 9734
2031 19 10091 2 10220
2032 17 20682 1 21011
2033 50 9768 6 9812
2034 75 3109 1 3186
2035 12 20682 2 21006
2036 64 15775 3 15950
2037 16 27104 1 27635
2038 60 8741 4 9035
2039 8 4150 2 4247
2040 13 5713 1 6148
2041 49 15329 2 15404
2042 17 31112 4 31299
2043 13 20838 1 20949
2044 4 29621 1 29954
2045 62 22152 2 22435
2046 43 5632 4 5719
2047 64 27489 1 27613
2048 28 10455 1 10494
2049 46 11439 1 11701
2050 58 27048 1 27232
2051 60 22447 1 22715
2052 54 31112 2 31243
2053 73 27079 1 27389
2054 35 10247 1 10332
2055 43 20050 3 20167
2056 16 2306 2 2713
2057 34 12347 2 12696
2058 16 7254 6 7647
2059 19 21727 1 21905
2060 66 6871 2 6885
2061 1 31578 1 31656
2062 26 32052 1 32593
2063 31 17482 2 17504
2064 28 11149 4 11588
2065 3 31830 2 32064
2066 78 10455 2 10906
2067 52 16450 2 16773
2068 49 9062 2 9424
2069 55 3496 5 3869
2070 2 1745 1 2128
2071 41 29621 3 29797
2072 65 8741 2 9118
2073 29 9062 1 9093
2074 64 27489 1 27796
2075 26 10728 2 11225
2076 77 20369 3 20665
2077 12 586 1 881
2078 2 20369 1 20739
2079 13 12142 3 12215
2080 66 12986 1 13527
2081 9 10910 1 10923
2082 10 27079 2 27432
2083 10 165 2 362
2084 38 4510 2 4944
2085 8 27552 1 27793
2086 34 19869 1 20275
2087 2 29864 1 29893
2088 9 19869 2 20333
2089 77 13471 3 13705
2090 1 29621 1 29816
2091 75 9706 1 10050
2092 2 27489 2 27522
2093 53 27489 2 27900
2094 1 30664 2 31413
2095 22 21160 4 21708
2096 43 22619 1 22724
2097 12 12857 2 12884
2098 55 2306 2 2569
2099 62 6409 2 6679
2100 2 9706 2 9986
2101 35 23741 1 24261
2102 46 15775 4 15889
2103 19 23790 1 23806
2104 66 29355 2 29389
2105 8 4812 1 5056
2106 53 7831 1 7947
2107 29 31112 2 31539
2108 53 3905 3 3952
2109 12 25930 1 26433
2110 28 29621 3 29781
2111 48 9062 1 9201
2112 35 20502 1 20682
2113 53 1270 2 1575
2114 2 22202 1 22544
2115 1 1567 1 1864
2116 54 8741 1 9207
2117 1 20050 2 20369
2118 16 20050 2 20460
2119 19 20952 1 21450
2120 13 21727 6 21762
2121 2 8866 1 8991
2122 66 20369 1 20680
2123 19 32009 2 32056
2124 9 28029 1 28438
2125 20 26000 2 26532
2126 39 2306 2 2550
2127 1 7831 1 8064
2128 74 20369 5 20907
2129 38 27104 1 27187
2130 38 1092 1 1268
2131 34 23875 2 24150
2132 26 20682 1 20695
2133 8 28602 1 29084
2134 35 29476 1 29967
2135 23 30431 4 30518
2136 39 25930 2 25946
2137 46 9706 2 10170
2138 42 8866 1 8963
2139 62 20838 3 21092
2140 1 24121 1 24632
2141 31 7176 1 7687
2142 1 27353 2 27594
2143 20 28420 1 28805
2144 23 25842 1 26006
2145 55 27104 2 27615
2146 29 15137 2 15379
2147 2 11149 2 11509
2148 62 22435 2 23060
2149 66 18079 1 18552
2150 75 817 1 2061
2151 49 18867 3 19372
2152 8 10910 1 11354
2153 1 30325 1 30449
2154 13 17595 5 17924
2155 1 17482 2 17994
2156 35 22202 3 22243
2157 77 22997 1 23323
2158 1 30449 2 30779
2159 10 27526 1 27553
2160 9 30431 1 31248
2161 42 14477 7 14685
2162 70 16265 4 16373
2163 79 16265 1 16783
2164 74 21258 1 21367
2165 62 20369 1 20803
2166 62 22997 1 23295
2167 75 17280 1 17309
2168 35 4685 2 5015
2169 12 18249 1 18312
2170 35 20682 1 21000
2171 39 6781 2 6928
2172 20 28878 2 28931
2173 20 17301 3 17400
2174 8 23875 1 24229
2175 38 7254 1 7528
2176 10 9706 2 10033
2177 76 3436 3 3669
2178 39 14940 5 15424
2179 38 5758 2 6290
2180 22 14940 3 15167
2181 43 10455 3 10896
2182 77 14819 2 15169
2183 35 25581 1 25709
2184 46 20838 1 21055
2185 35 22435 1 22737
2186 64 12857 1 13259
2187 62 27793 1 27947
2188 12 2263 2 2289
2189 73 6143 1 6528
2190 42 20838 3 20861
2191 54 9272 1 9643
2192 17 4510 1 4757
2193 62 19975 1 20081
2194 28 10091 5 10145
2195 49 17832 1 17948
2196 13 6781 1 6998
2197 16 15775 2 16240
2198 10 20369 2 20493
2199 62 12986 1 13527
2200 2 3496 1 3566
2201 12 27048 2 27526
2202 10 2263 1 2625
2203 17 30319 1 30535
2204 2 12986 3 13012
2205 9 9243 1 9319
2206 26 10234 1 10239
2207 34 22435 1 22896
2208 34 9706 3 9803
2209 5 27048 1 27095
2210 64 17301 1 17704
2211 2 368 2 793
2212 65 21160 1 21377
2213 16 28102 3 28233
2214 74 7622 2 7707
2215 66 22822 1 22894
2216 54 20787 1 21235
2217 35 21160 1 21214
2218 62 10214 4 10235
2219 7 25842 1 26030
2220 22 3186 2 3590
2221 73 302 1 537
2222 46 13471 1 13776
2223 75 25930 1 25993
2224 2 3453 2 3905
2225 5 9062 1 9353
2226 74 17301 1 17511
2227 2 9062 3 9184
2228 1 7123 1 7188
2229 7 24352 1 24599
2230 62 7543 1 7992
2231 12 17301 1 17904
2232 1 109 2 536
2233 42 18249 1 18791
2234 9 30260 2 30389
2235 2 16722 1 17832
2236 74 31830 2 32275
2237 78 12567 1 12610
2238 62 8181 1 8525
2239 74 31830 2 31959
2240 22 18079 4 18572
2241 12 23561 1 24352
2242 38 6781 1 7066
2243 64 6781 1 7231
2244 53 2219 1 2269
2245 75 14477 1 14925
2246 74 9768 1 9809
2247 48 22152 2 22468
2248 9 22822 2 23106
2249 13 10910 1 11183
2250 65 12337 2 12841
2251 35 28596 2 29000
2252 38 31677 2 32205
2253 79 20502 2 20773
2254 35 5341 3 5547
2255 8 27793 1 28285
2256 43 10781 1 10786
2257 12 6781 1 6800
2258 2 8636 1 9737
2259 9 20369 2 20502
2260 38 25596 1 25771
2261 54 22202 1 22243
2262 16 22152 1 22232
2263 38 26034 1 26169
2264 5 26590 3 27083
2265 2 808 2 966
2266 64 26286 2 26443
2267 12 15820 1 16146
2268 17 22435 3 22663
2269 73 20911 3 21137
2270 9 12567 3 12914
2271 2 21727 2 22152
2272 74 11723 4 11869
2273 27 26134 1 26259
2274 51 4583 7 4591
2275 9 28837 1 29355
2276 29 9243 2 9662
2277 13 14477 3 14993
2278 5 804 2 1320
2279 48 16450 1 16724
2280 26 24632 5 24891
2281 73 7123 1 7325
2282 77 28863 1 28875
2283 38 12142 2 12430
2284 9 16934 3 17482
2285 5 8784 1 9126
2286 7 27526 1 28021
2287 44 20838 1 21135
2288 1 5758 1 6206
2289 16 19869 1 20391
2290 2 2044 2 2219
2291 74 302 1 769
2292 42 1742 1 1749
2293 20 12065 2 12600
2294 24 3100 6 3246
2295 29 28420 1 28821
2296 29 9706 1 9835
2297 39 12857 4 13337
2298 2 13602 1 13761
2299 22 20838 5 21114
2300 7 28264 1 28451
2301 62 8206 1 8430
2302 73 16450 1 16926
2303 29 9706 5 10119
2304 49 14477 1 14988
2305 9 25722 1 26009
2306 9 8971 1 9243
2307 49 28285 4 28326
2308 7 536 1 821
2309 12 21435 1 21870
2310 51 28596 1 28668
2311 74 28742 1 29140
2312 62 8636 2 8694
2313 1 24121 1 24534
2314 62 17301 2 17757
2315 17 25111 2 25234
2316 45 8741 2 8843
2317 66 28102 2 28596
2318 28 90 4 366
2319 64 20009 1 20485
2320 64 14819 4 14954
2321 9 4812 3 5132
2322 1 25842 1 26134
2323 10 5758 1 6217
2324 9 16247 1 16273
2325 64 1772 1 2166
2326 66 21727 3 22198
2327 75 24121 1 24781
2328 38 368 1 751
2329 64 7622 1 8170
2330 71 22447 4 22585
2331 13 12567 5 12793
2332 76 3905 2 4101
2333 39 15775 2 15806
2334 19 20749 2 21242
2335 9 16934 1 17000
2336 44 5455 1 5521
2337 9 12857 1 12891
2338 13 22418 6 22828
2339 2 20739 1 20834
2340 5 9184 3 9457
2341 12 6871 1 7372
2342 9 25111 2 25639
2343 77 817 5 1144
2344 5 10456 2 10736
2345 75 14819 3 15369
2346 13 24370 2 24458
2347 9 5341 3 5775
2348 54 4812 3 5169
2349 34 27048 3 27164
2350 7 22897 1 23239
2351 53 8430 1 8751
2352 45 822 2 1066
2353 46 3905 3 4102
2354 7 3109 2 3286
2355 64 28596 2 29003
2356 43 26590 1 26722
2357 1 20911 1 21160
2358 12 2289 1 2541
2359 2 14477 2 14496
2360 38 25842 3 25904
2361 22 24121 4 24541
2362 62 21435 3 21633
2363 1 16934 3 17224
2364 62 21945 2 22428
2365 53 26134 2 26312
2366 79 28596 1 28988
2367 79 13602 2 14006
2368 12 21727 1 22219
2369 43 16450 4 16724
2370 26 3905 2 3932
2371 35 30107 1 30478
2372 64 19869 1 20009
2373 62 28420 2 28575
2374 18 20838 1 21060
2375 35 32052 1 32473
2376 64 19393 1 19708
2377 2 6143 1 6371
2378 38 19409 1 19895
2379 8 2219 1 2594
2380 75 7022 1 8210
2381 74 20502 3 20915
2382 70 10923 6 11124
2383 19 9768 1 10065
2384 74 804 2 1040
2385 62 18079 1 18610
2386 1 8741 1 8985
2387 3 8869 2 9073
2388 34 13471 1 13934
2389 29 8784 2 9194
2390 38 18249 1 18661
2391 2 15275 2 15458
2392 1 27496 1 27756
2393 77 1270 1 1634
2394 12 2044 1 2263
2395 17 13471 1 13803
2396 35 9272 1 9294
2397 49 9184 1 9264
2398 1 1092 2 1110
2399 25 27793 1 28197
2400 2 1555 1 2003
2401 35 16564 1 16656
2402 74 13641 3 14131
2403 9 31112 4 31273
2404 39 9272 4 9726
2405 42 2044 6 2201
2406 62 29355 1 29576
2407 12 13602 1 13623
2408 12 8784 1 9272
2409 9 11439 3 11705
2410 75 3496 1 4576
2411 72 28716 3 28900
2412 1 11805 1 11875
2413 75 6781 1 6890
2414 5 25842 2 26116
2415 64 9706 2 9971
2416 1 22152 5 22233
2417 44 808 4 1326
2418 64 7254 2 7350
2419 1 28095 1 28736
2420 64 21147 1 21578
2421 35 25581 2 25956
2422 26 12857 1 12952
2423 48 18249 1 18394
2424 35 27104 1 27489
2425 66 13997 4 14278
2426 9 6143 3 6241
2427 1 1879 1 1887
2428 79 29864 4 30410
2429 9 17482 2 17595
2430 23 5758 1 5877
2431 38 29816 1 30092
2432 75 24632 2 25058
2433 62 29816 1 30319
2434 9 9706 1 9843
2435 9 100 1 302
2436 29 25581 1 25953
2437 66 15228 3 15740
2438 29 14477 1 14996
2439 9 3436 3 3553
2440 5 10910 1 11019
2441 1 9706 2 10091
2442 62 22812 2 22855
2443 58 8210 2 8402
2444 38 2289 1 2405
2445 5 28102 1 28563
2446 3 302 3 616
2447 53 23741 1 24091
2448 74 18249 1 18560
2449 35 28095 1 28379
2450 2 29218 1 29864
2451 42 22447 1 22497
2452 2 13471 3 13567
2453 31 7543 3 7747
2454 38 7891 1 8203
2455 58 29816 2 29975
2456 9 30431 3 30874
2457 75 27071 3 27107
2458 46 16722 2 16956
2459 58 13471 1 13552
2460 2 9272 2 9662
2461 62 24632 1 25329
2462 54 24632 1 25175
2463 1 1092 1 1198
2464 17 10214 2 10268
2465 62 11439 3 12142
2466 62 24158 1 24650
2467 58 20388 2 20448
2468 7 8784 1 9016
2469 43 15787 1 15886
2470 62 9062 1 9106
2471 7 9062 1 9266
2472 29 26590 1 27039
2473 12 7543 2 7983
2474 43 18249 1 18436
2475 77 16247 1 16295
2476 77 6502 4 6730
2477 4 8866 1 9213
2478 27 29816 4 30325
2479 2 586 1 808
2480 75 13997 1 14015
2481 49 15775 5 15943
2482 1 20749 1 20893
2483 52 4812 3 4855
2484 38 793 4 1019
2485 46 13602 4 13784
2486 2 5632 3 6154
2487 75 1647 1 2144
2488 76 26317 1 26792
2489 54 30313 1 30747
2490 74 27079 6 27247
2491 64 30485 1 31040
2492 4 20838 1 21319
2493 58 12567 1 12581
2494 26 25581 1 25998
2495 77 21727 3 21762
2496 9 328 1 974
2497 9 4812 1 5495
2498 43 1944 4 2327
2499 53 28878 3 29271
2500 35 20502 3 20608
2501 5 31830 2 32276
2502 29 20952 4 21037
2503 66 25903 2 26387
2504 17 1944 3 2046
2505 7 5713 2 6081
2506 42 8741 2 9028
2507 5 28095 2 28445
2508 42 22619 1 22673
2509 64 13077 2 13437
2510 35 9706 1 10197
2511 12 13641 1 13653
2512 2 25581 1 25814
2513 60 31830 1 32023
2514 77 11149 3 11634
2515 1 1944 4 2272
2516 1 8210 1 8741
2517 27 26317 1 26490
2518 27 30107 1 30390
2519 60 9272 5 9382
2520 2 10910 1 11359
2521 9 8869 1 8949
2522 9 24632 1 24819
2523 16 1270 3 1688
2524 42 31928 4 32207
2525 19 23790 2 24077
2526 64 2166 2 2361
2527 73 19702 1 20178
2528 44 18249 1 18614
2529 77 26590 4 26675
2530 52 11087 2 11582
2531 46 30431 3 30509
2532 2 23233 2 23606
2533 62 26590 1 27071
2534 14 21006 4 21387
2535 62 27231 2 27777
2536 44 23322 1 23353
2537 1 7543 1 7836
2538 29 6781 4 6897
2539 4 3908 1 4379
2540 62 31448 1 31845
2541 20 3468 5 3585
2542 16 29476 2 29888
2543 44 7499 1 8009
2544 77 22418 3 22735
2545 13 1141 3 1150
2546 12 27526 1 28252
2547 29 15472 3 15595
2548 2 14819 4 14940
2549 64 11723 1 12089
2550 77 9706 2 10009
2551 44 8971 3 9499
2552 17 4150 1 4371
2553 34 29218 2 29268
2554 62 31845 1 31982
2555 42 2777 5 3134
2556 75 804 2 822
2557 16 14991 3 15337
2558 38 10923 1 11056
2559 72 11439 5 11494
2560 35 12142 2 12450
2561 7 14477 2 14876
2562 8 29816 1 29978
2563 73 9272 2 9439
2564 73 10214 3 10357
2565 1 15832 1 15961
2566 72 10728 1 11102
2567 64 10455 1 10476
2568 62 30319 2 30784
2569 9 23790 3 24337
2570 13 31112 5 31143
2571 9 4150 1 4756
2572 9 11805 1 11901
2573 1 13602 1 14186
2574 8 11650 2 11984
2575 17 29816 4 29885
2576 44 8866 1 9369
2577 2 6601 1 6608
2578 79 2711 1 3005
2579 34 16450 1 16782
2580 52 31213 2 31650
2581 8 7891 1 8290
2582 49 26590 1 26888
2583 76 27594 3 27928
2584 54 16934 1 17346
2585 77 20081 3 20153
2586 66 30431 3 30562
2587 75 3436 2 3466
2588 62 29816 1 30358
2589 9 6502 2 6788
2590 65 3905 1 4325
2591 64 19702 4 19995
2592 62 28878 5 29374
2593 1 9243 2 9706
2594 10 32052 2 32562
2595 64 31928 1 32063
2596 2 22152 2 22202
2597 2 28596 2 29040
2598 13 9706 1 10144
2599 79 22418 1 22722
2600 29 21945 5 22293
2601 72 25581 4 25867
2602 21 10455 6 10763
2603 78 9706 2 9838
2604 43 14477 3 14866
2605 49 2711 1 3204
2606 7 11439 1 11467
2607 79 10455 2 10489
2608 73 6502 1 6634
2609 77 20369 2 20615
2610 54 1944 2 2396
2611 9 23790 1 23979
2612 34 21727 1 21965
2613 9 10455 1 10910
2614 51 28102 4 28373
2615 73 6143 1 6271
2616 20 4812 2 5231
2617 38 30431 1 30466
2618 38 16722 1 16882
2619 66 17280 3 17438
2620 43 18249 1 18260
2621 43 28878 2 29240
2622 52 5713 2 5822
2623 1 18249 1 18610
2624 74 6143 3 6184
2625 26 7438 5 7734
2626 1 25722 5 26258
2627 13 31213 3 31615
2628 1 4812 1 5108
2629 43 593 3 1028
2630 43 2693 2 2785
2631 16 4150 1 4507
2632 1 19975 2 20274
2633 31 8985 1 9495
2634 28 28326 1 28378
2635 51 9706 6 10198
2636 9 1745 2 1797
2637 8 8784 1 9314
2638 64 7438 2 7594
2639 43 29476 4 29873
2640 35 17301 1 17738
2641 26 15228 5 15510
2642 74 24121 6 24446
2643 64 14477 1 14758
2644 74 804 1 1028
2645 35 16554 1 17356
2646 35 267 1 519
2647 12 7254 1 7543
2648 16 27104 1 27654
2649 34 24632 3 24670
2650 73 19194 3 19402
2651 3 31677 2 31809
2652 64 16265 1 16975
2653 8 644 1 1204
2654 52 9184 5 9687
2655 31 2777 1 2947
2656 34 21160 1 21376
2657 62 28596 2 29059
2658 51 15775 3 15868
2659 2 29893 2 30319
2660 75 15775 2 15846
2661 41 16656 4 16868
2662 64 15775 2 16034
2663 43 25930 5 26420
2664 8 5341 1 5837
2665 49 20838 1 21241
2666 55 16450 2 16670
2667 51 25581 2 26054
2668 62 1647 1 2160
2669 49 6781 1 7218
2670 50 9103 2 9201
2671 53 12986 1 13582
2672 17 7543 2 7876
2673 2 6241 1 6781
2674 43 16247 1 16348
2675 75 14073 1 14404
2676 22 21727 4 22059
2677 35 10455 1 10976
2678 54 7831 2 8132
2679 26 10091 6 10352
2680 62 25111 1 25530
2681 64 24632 2 25111
2682 8 12065 1 12581
2683 4 5455 2 5975
2684 2 3133 1 3667
2685 53 3353 1 3540
2686 53 14073 1 14098
2687 8 24632 1 24790
2688 77 25581 4 25886
2689 1 23875 2 24121
2690 62 31112 2 31313
2691 39 5632 3 5981
2692 52 17301 5 17345
2693 54 1092 4 1635
2694 27 18335 2 18483
2695 77 24632 4 24783
2696 9 29816 1 30006
2697 4 30485 1 30891
2698 9 6241 1 6984
2699 28 8741 1 9275
2700 52 18335 2 18551
2701 1 3109 1 3682
2702 2 18867 1 19055
2703 12 16260 1 16388
2704 35 10214 1 10247
2705 48 28878 1 29140
2706 1 5455 1 5628
2707 62 793 3 817
2708 55 10910 3 11450
2709 34 19409 3 19732
2710 64 26590 3 27175
2711 64 31448 1 31664
2712 62 12142 2 12689
2713 62 12857 2 13292
2714 28 25596 4 26094
2715 51 16260 1 16352
2716 50 13641 6 14009
2717 22 13997 4 14057
2718 43 4150 1 4206
2719 8 15949 1 15966
2720 44 27909 1 28442
2721 19 8971 1 9235
2722 44 16656 1 17183
2723 13 27231 5 27467
2724 74 6961 1 7069
2725 28 28837 1 28954
2726 10 22152 2 22424
2727 64 2531 2 2985
2728 5 15137 2 15543
2729 79 17301 2 17552
2730 14 17301 4 17800
2731 43 5724 1 6235
2732 1 19702 2 19917
2733 9 10214 1 10359
2734 62 23658 1 24421
2735 43 12142 1 12458
2736 54 27104 1 27361
2737 1 11149 2 11510
2738 2 15472 3 15619
2739 10 25608 2 25895
2740 7 11901 1 12126
2741 75 23376 1 24043
2742 46 13997 4 14182
2743 13 7254 2 7443
2744 38 29621 4 29994
2745 1 22822 1 23267
2746 29 26590 2 26705
2747 58 5341 2 5857
2748 1 22079 4 22111
2749 5 27793 1 28102
2750 64 29621 5 30107
2751 29 6143 1 6283
2752 79 30431 4 30592
2753 2 13590 1 13599
2754 8 21160 1 21429
2755 16 22152 1 22163
2756 35 10728 2 11087
2757 49 11439 4 11650
2758 62 9103 1 9434
2759 27 20502 3 20587
2760 7 14940 1 15059
2761 77 2777 2 2894
2762 62 1567 1 1752
2763 9 26590 1 27104
2764 75 15949 1 17280
2765 44 22997 3 23264
2766 1 12142 2 12464
2767 39 8869 4 9201
2768 43 9103 7 9141
2769 2 32009 1 32252
2770 77 12857 2 12912
2771 62 16722 1 16934
2772 59 7438 1 7907
2773 51 11873 6 12196
2774 52 23233 5 23579
2775 64 32165 4 32410
2776 66 10728 1 10744
2777 74 14477 5 14819
2778 46 22897 2 23390
2779 16 1092 1 1430
2780 64 10910 1 11411
2781 19 24650 1 25071
2782 28 2306 2 2661
2783 64 7254 3 7673
2784 46 367 4 697
2785 73 8971 2 9110
2786 54 16450 2 16838
2787 22 29816 2 30197
2788 42 22822 3 22867
2789 34 27104 1 27159
2790 76 13997 1 14070
2791 9 22418 2 22578
2792 52 808 1 1311
2793 17 21727 2 22204
2794 75 12857 1 12986
2795 1 18079 1 19194
2796 75 27776 1 27974
2797 46 5455 5 5696
2798 19 2219 4 2449
2799 44 26034 4 26540
2800 16 2777 2 2844
2801 23 18312 1 18831
2802 62 6409 1 6892
2803 1 14477 1 15472
2804 42 3164 4 3169
2805 20 22152 1 22254
2806 10 18249 2 18384
2807 35 19231 1 19591
2808 73 8741 2 8961
2809 62 18867 3 19099
2810 29 6961 2 7270
2811 39 26134 1 26239
2812 43 22152 1 22458
2813 75 20838 1 21071
2814 9 25530 2 25993
2815 38 14073 1 14472
2816 43 18335 2 18379
2817 62 6961 5 7321
2818 43 29816 2 30290
2819 9 8181 1 8607
2820 21 9706 3 9736
2821 29 18249 2 18442
2822 17 15329 3 15736
2823 22 29355 2 29449
2824 37 18335 1 18642
2825 1 15832 2 16247
2826 38 10214 1 10286
2827 79 19869 3 20091
2828 64 6143 1 6502
2829 43 5341 6 5556
2830 75 10091 1 10398
2831 28 20838 1 21133
2832 8 6781 1 7636
2833 21 30325 6 30552
2834 54 29864 1 29946
2835 60 5505 1 5990
2836 8 22152 1 22451
2837 9 11901 1 12312
2838 38 2777 1 2895
2839 49 31448 2 31625
2840 42 30325 1 30867
2841 20 25581 2 25760
2842 66 19869 1 20294
2843 26 20369 2 20548
2844 4 26034 1 26302
2845 42 22447 1 22917
2846 23 25111 2 25177
2847 2 27776 1 28264
2848 29 27071 2 27246
2849 53 17280 3 17472
2850 75 5713 1 5830
2851 42 1772 1 2080
2852 20 5341 3 5826
2853 44 23233 1 23662
2854 14 10050 4 10068
2855 77 27048 4 27525
2856 43 28264 1 28545
2857 64 101 1 306
2858 34 2281 1 2546
2859 12 23376 2 23561
2860 35 12857 1 12876
2861 35 24357 2 24916
2862 74 22822 2 23191
2863 29 17717 1 18240
2864 2 7438 3 7891
2865 2 23618 2 23741
2866 62 10091 2 11245
2867 27 31677 4 32058
2868 23 2531 1 2589
2869 73 24352 4 24626
2870 8 17832 2 18083
2871 42 7033 1 7465
2872 5 9272 1 9416
2873 8 20952 1 21399
2874 50 13951 2 14062
2875 51 4812 1 4851
2876 8 2044 1 2891
2877 43 14940 2 15228
2878 22 6143 1 6163
2879 60 17832 7 18370
2880 43 12567 2 13006
2881 64 10728 1 11176
2882 17 27048 1 27254
2883 79 27526 1 28062
2884 66 8290 2 8702
2885 46 4812 2 5059
2886 77 11885 4 11986
2887 12 13077 2 13194
2888 72 10455 4 10508
2889 2 8971 1 9038
2890 74 16656 3 16731
2891 64 21160 1 21531
2892 9 15472 2 16006
2893 49 14477 2 14889
2894 19 22435 2 22796
2895 1 28863 2 29351
2896 74 25842 1 26091
2897 62 4939 2 5069
2898 13 10455 7 10624
2899 35 8181 1 8206
2900 2 9768 1 10165
2901 74 20952 2 21422
2902 62 29355 6 29785
2903 53 10091 2 10154
2904 77 18867 4 19011
2905 64 8741 1 9287
2906 54 16450 1 16667
2907 75 22447 1 22861
2908 64 536 2 1003
2909 44 23790 4 24271
2910 12 1270 1 2044
2911 35 28438 1 28876
2912 34 29621 1 29632
2913 19 18249 2 18743
2914 2 10214 3 10746
2915 79 7156 2 7402
2916 51 32009 3 32323
2917 75 30775 3 31226
2918 64 47 2 529
2919 7 10091 2 10272
2920 76 14940 1 14953
2921 17 6502 4 6935
2922 58 10050 2 10469
2923 31 27496 4 27680
2924 54 7438 3 7672
2925 72 15472 1 15833
2926 42 2777 2 3236
2927 27 10910 1 10935
2928 70 18249 1 18398
2929 34 6143 4 6203
2930 74 30325 2 30750
2931 35 3905 3 4189
2932 74 7543 2 7628
2933 2 11885 3 11982
2934 53 10050 1 10079
2935 2 26034 1 26252
2936 1 793 2 874
2937 75 26762 1 26780
2938 42 22897 2 23059
2939 43 20369 7 20875
2940 2 18467 1 18664
2941 9 3186 1 3236
2942 49 32009 2 32272
2943 35 16450 1 16516
2944 12 20050 1 20168
2945 64 18495 1 18671
2946 1 15846 1 16216
2947 35 26286 1 26836
2948 1 24632 1 25596
2949 50 27489 8 27570
2950 35 27776 3 28300
2951 2 19702 1 20075
2952 35 2306 1 3168
2953 7 31112 1 31450
2954 28 8181 2 8444
2955 75 13951 1 14000
2956 62 30760 1 31448
2957 66 26590 3 26842
2958 26 14477 2 14819
2959 55 9103 2 9193
2960 76 22202 2 22568
2961 16 20764 1 20979
2962 62 2219 1 2596
2963 64 7831 1 7904
2964 76 560 3 1038
2965 16 29621 1 29961
2966 35 30589 3 30609
2967 55 25930 2 26423
2968 76 28837 1 29372
2969 10 15775 1 15885
2970 58 25581 2 25958
2971 9 17280 1 17570
2972 65 14477 6 14768
2973 1 3682 4 3775
2974 2 32009 1 32334
2975 9 560 1 1250
2976 2 27048 1 27508
2977 16 25930 3 26465
2978 53 28420 2 28602
2979 1 12857 2 12915
2980 41 31213 3 31642
2981 1 5632 1 6143
2982 43 3186 7 3559
2983 3 31745 1 32289
2984 29 13951 2 14100
2985 10 10091 1 10536
2986 21 20075 3 20391
2987 38 4812 2 4990
2988 9 30260 1 30317
2989 52 2289 1 2408
2990 4 15137 1 15332
2991 9 22152 2 22686
2992 17 14819 2 15126
2993 23 30325 2 30517
2994 35 560 2 915
2995 26 5713 4 6013
2996 44 5758 1 5791
2997 44 6871 1 6944
2998 73 26134 3 26434
2999 54 13997 2 14369
3000 79 4510 2 4573
3001 66 14940 2 15135
3002 76 20803 3 20903
3003 55 4812 4 4971
3004 1 23322 3 23875
3005 8 29355 1 29790
3006 65 808 6 1293
3007 51 10910 1 11130
3008 20 8971 4 9268
3009 1 8985 1 9324
3010 38 8430 4 8760
3011 26 28326 3 28710
3012 2 30319 1 30589
3013 28 22202 1 22677
3014 1 17462 1 18026
3015 12 24632 1 25269
3016 35 22997 1 23516
3017 43 8866 1 8950
3018 8 30313 1 30476
3019 38 368 1 825
3020 55 30325 1 30486
3021 53 31928 1 32365
3022 13 24352 4 24441
3023 79 10091 4 10121
3024 38 17482 1 17742
3025 35 3353 5 3900
3026 9 19409 1 19753
3027 43 30313 2 30643
3028 5 27594 3 28069
3029 44 12142 3 12430
3030 35 27793 2 27875
3031 2 25608 1 26021
3032 75 18335 2 18423
3033 52 20081 1 20186
3034 1 20369 3 20749
3035 64 26590 2 26754
3036 38 8784 4 9006
3037 12 28264 2 28480
3038 2 17832 1 18264
3039 49 27776 2 28172
3040 35 26034 1 26807
3041 13 17462 4 17572
3042 4 18335 2 18820
3043 28 3453 2 3629
3044 72 13641 3 13691
3045 62 13602 3 13766
3046 64 3496 1 3908
3047 38 11439 3 11481
3048 22 10455 2 10771
3049 29 11087 1 11358
3050 53 26317 1 26841
3051 38 31928 2 32260
3052 1 11087 1 11102
3053 13 18867 4 19288
3054 75 16934 2 17266
3055 49 14073 1 14302
3056 66 25530 4 25846
3057 9 21945 1 22322
3058 12 6143 2 6396
3059 46 22418 1 22868
3060 45 10455 2 10633
3061 9 27353 2 27847
3062 35 31677 1 32052
3063 17 11439 3 11499
3064 23 28878 3 29037
3065 56 31213 4 31622
3066 49 29476 1 29986
3067 77 24352 3 24437
3068 73 22152 1 22271
3069 75 19975 2 20331
3070 27 10767 2 11102
3071 53 12347 1 12488
3072 34 2711 4 3116
3073 21 22435 6 22604
3074 66 1944 1 2214
3075 22 15775 1 15969
3076 12 21006 1 21435
3077 42 1647 1 1982
3078 2 15787 1 16194
3079 12 4510 1 5033
3080 23 25111 1 25583
3081 32 30589 7 30851
3082 44 399 2 801
3083 1 5758 1 5972
3084 62 21258 2 21771
3085 73 12857 3 13125
3086 19 21945 1 22378
3087 2 15775 1 15787
3088 79 19995 2 20369
3089 49 8741 1 8970
3090 19 5724 2 6204
3091 70 29816 2 30049
3092 56 5341 4 5692
3093 2 3905 3 4223
3094 26 5069 5 5606
3095 52 12610 2 13105
3096 16 817 4 1117
3097 64 28716 1 29106
3098 1 21945 4 22079
3099 54 3905 3 3939
3100 64 21945 1 22443
3101 42 2306 2 2608
3102 77 12986 2 13034
3103 16 14819 2 14833
3104 35 1772 2 1874
3105 49 24121 4 24629
3106 62 8741 4 9103
3107 2 16554 2 16747
3108 54 11149 4 11475
3109 52 7033 3 7495
3110 28 429 4 867
3111 44 17301 4 17330
3112 8 3293 1 3640
3113 12 27776 1 28102
3114 27 10455 4 10751
3115 75 30313 3 30377
3116 66 8741 3 9092
3117 75 25842 1 25903
3118 56 4685 5 4881
3119 12 28102 1 28206
3120 73 32 1 556
3121 1 31745 3 32280
3122 53 14940 1 15385
3123 53 31112 2 31469
3124 33 30313 1 30555
3125 34 25581 1 25761
3126 60 6961 7 7419
3127 58 16247 1 16650
3128 58 30431 1 30756
3129 51 1204 2 1211
3130 19 1092 4 1577
3131 77 16450 1 16990
3132 21 19409 6 19545
3133 1 2263 1 2499
3134 33 28102 1 28499
3135 62 3100 1 3353
3136 9 302 1 328
3137 49 30107 1 30380
3138 51 70 2 476
3139 20 1752 1 1885
3140 46 8741 1 9135
3141 13 14073 3 14392
3142 53 16656 1 16802
3143 17 23790 4 24134
3144 35 12610 1 12623
3145 19 22152 1 22384
3146 46 20369 1 20759
3147 64 20682 1 21072
3148 2 19393 3 19761
3149 62 6143 1 6245
3150 62 30260 4 30760
3151 35 18867 1 19231
3152 48 12337 3 12863
3153 62 7438 3 7832
3154 12 22822 2 23244
3155 44 27104 1 27197
3156 14 25530 2 25689
3157 12 29218 2 29681
3158 9 10728 1 10767
3159 49 13602 1 13869
3160 62 28596 1 29039
3161 43 20911 6 21435
3162 74 16554 1 16621
3163 29 21160 2 21315
3164 79 31830 4 32361
3165 21 9103 2 9511
3166 16 23233 2 23267
3167 79 2306 4 2564
3168 64 11650 1 11885
3169 53 24357 1 24416
3170 43 1092 2 1185
3171 31 793 1 921
3172 77 10050 2 10444
3173 43 43 3 572
3174 74 7022 4 7529
3175 1 3100 1 3139
3176 42 2281 8 2472
3177 34 8430 2 8697
3178 20 23233 1 23577
3179 57 20050 6 20296
3180 41 9106 1 9433
3181 49 11885 1 12180
3182 74 20050 1 20308
3183 64 28029 2 28528
3184 27 7254 1 7674
3185 31 6961 5 7473
3186 46 2306 4 2754
3187 12 21160 1 21498
3188 45 24352 2 24828
3189 19 9706 2 9756
3190 57 840 1 864
3191 72 30107 1 30417
3192 9 10923 1 11430
3193 43 3775 4 3966
3194 79 9706 1 10148
3195 79 387 1 600
3196 49 368 4 658
3197 70 22897 3 23329
3198 75 10050 1 10356
3199 53 20892 2 21298
3200 41 16564 1 16972
3201 2 2477 2 2944
3202 74 10923 3 11019
3203 23 32009 2 32393
3204 12 12428 2 12515
3205 13 10214 1 10401
3206 20 7176 1 7324
3207 65 12986 1 13273
3208 7 7438 1 7941
3209 6 15137 1 15190
3210 35 30260 2 30320
3211 70 17832 5 18138
3212 13 8741 1 9075
3213 12 27526 1 27565
3214 22 4812 3 5133
3215 62 17288 4 17775
3216 54 24352 2 24459
3217 43 3905 2 3993
3218 10 20803 1 21277
3219 7 2219 2 2707
3220 42 27489 7 27713
3221 62 21258 1 21667
3222 51 22997 3 23533
3223 74 15329 4 15424
3224 73 27793 3 28179
3225 2 5341 1 5874
3226 64 15966 1 16498
3227 65 26590 2 26659
3228 29 23233 4 23256
3229 79 3353 1 3634
3230 1 27048 1 27118
3231 66 2711 1 3021
3232 23 12567 3 13028
3233 2 9706 2 10183
3234 38 5341 1 5800
3235 52 28420 5 28916
3236 75 19869 1 20479
3237 1 12986 1 13142
3238 12 8181 1 8294
3239 22 12857 3 13184
3240 1 17832 2 18030
3241 35 15228 2 15293
3242 48 25581 3 25606
3243 23 25596 2 25703
3244 77 3186 4 3723
3245 74 16247 6 16477
3246 29 10923 1 11187
3247 75 9062 1 9261
3248 13 7188 6 7240
3249 71 12142 1 12636
3250 17 17301 4 17338
3251 28 14477 5 14709
3252 62 16501 1 16554
3253 31 9243 1 9406
3254 64 15137 2 15687
3255 13 6542 3 6718
3256 34 17462 3 17782
3257 27 2777 3 2895
3258 74 26590 1 26958
3259 35 4510 3 5046
3260 39 2531 1 3056
3261 44 3353 1 3900
3262 7 9243 1 9518
3263 13 21147 3 21230
3264 54 11885 1 12092
3265 52 13602 1 14064
3266 55 20682 5 20808
3267 75 25993 2 26206
3268 19 26134 1 26671
3269 56 12857 4 13073
3270 4 27489 1 27943
3271 44 7254 1 7673
3272 1 19194 2 19495
3273 75 774 1 782
3274 44 4150 2 4320
3275 71 7254 3 7463
3276 38 3905 3 4294
3277 8 27489 1 27552
3278 29 10455 2 10990
3279 9 21435 1 21727
3280 20 18249 2 18649
3281 9 10247 1 10455
3282 34 29864 1 30071
3283 31 32052 1 32109
3284 17 4812 2 4986
 调度评估结果
1. 任务等待评估 (Σ 等待×权重): 135455735
2. 任务完成评估 (最大完成时间): 32593
3. GPU显存空闲评估 (平均空闲): 16564.14 GB/时间片
 额外统计
已调度任务               : 3284/3284
平均等待时间            : 5702.13
各服务器任务分布      : 服务器1=186, 服务器2=180, 服务器3=10, 服务器4=28, 服务器5=33, 服务器6=1, 服务器7=58, 服务器8=69, 服务器9=164, 服务器10=35, 服务器11=2, 服务器12=103, 服务器13=78, 服务器14=22, 服务器16=45, 服务器17=41, 服务器18=2, 服务器19=63, 服务器20=46, 服务器21=19, 服务器22=53, 服务器23=27, 服务器24=2, 服务器25=1, 服务器26=52, 服务器27=32, 服务器28=49, 服务器29=73, 服务器31=26, 服务器32=5, 服务器33=5, 服务器34=62, 服务器35=124, 服务器37=6, 服务器38=77, 服务器39=32, 服务器41=13, 服务器42=50, 服务器43=91, 服务器44=49, 服务器45=13, 服务器46=44, 服务器48=23, 服务器49=60, 服务器50=7, 服务器51=34, 服务器52=30, 服务器53=60, 服务器54=77, 服务器55=26, 服务器56=13, 服务器57=5, 服务器58=25, 服务器59=5, 服务器60=10, 服务器62=159, 服务器64=145, 服务器65=17, 服务器66=60, 服务器70=19, 服务器71=5, 服务器72=29, 服务器73=47, 服务器74=84, 服务器75=108, 服务器76=31, 服务器77=62, 服务器78=12, 服务器79=60
