1 30 5295 1 5404
2 29 1547 1 1904
3 32 4969 1 5467
4 25 12779 2 12990
5 42 6298 1 6655
6 11 8477 2 8652
7 36 4485 2 5097
8 32 90 1 200
9 49 14874 5 15289
10 36 7852 2 8155
11 49 2283 3 2790
12 34 1547 1 1732
13 35 3148 2 3752
14 36 5097 2 5695
15 36 7484 1 7948
16 3 85 1 375
17 7 3981 6 4504
18 13 178 1 361
19 10 4195 3 4552
20 40 10019 1 10166
21 31 13200 2 13748
22 33 10917 1 11388
23 49 7706 1 7852
24 39 8055 2 8403
25 40 10168 3 10667
26 39 10062 1 10235
27 11 2117 1 2740
28 3 2380 5 2626
29 29 10019 1 10628
30 29 14005 1 14609
31 25 5816 2 6348
32 40 6298 2 6351
33 36 10057 1 10769
34 39 487 1 531
35 49 12624 1 13200
36 27 9939 4 10425
37 37 4806 1 5328
38 33 1295 1 1511
39 42 8055 2 8548
40 38 10880 3 11333
41 32 931 2 1307
42 27 246 2 819
43 31 4685 3 5165
44 38 4560 2 4596
45 10 5097 1 5172
46 31 707 1 1547
47 25 4770 3 4797
48 11 2283 1 2872
49 23 2117 3 2410
50 25 326 1 360
51 14 2117 2 2226
52 34 6423 2 6955
53 1 2380 2 3001
54 30 10019 1 10540
55 9 14005 3 14074
56 10 931 2 1107
57 43 15001 3 15576
58 26 12967 1 12995
59 31 7852 1 7920
60 39 14005 2 14453
61 8 4577 1 4973
62 20 9404 3 9596
63 14 4413 1 4980
64 14 6298 2 6522
65 3 4560 2 4770
66 34 7706 2 8020
67 11 12782 1 12914
68 29 3148 3 3358
69 9 10880 5 10987
70 23 7245 1 7279
71 45 14874 2 14973
72 34 1764 1 1949
73 2 5165 1 5763
74 37 504 2 1071
75 23 4195 1 4519
76 49 9939 1 10068
77 33 6298 3 6757
78 47 11346 5 11705
79 20 2005 1 2085
80 15 9404 3 9602
81 42 466 2 940
82 14 931 2 1065
83 11 8777 2 8905
84 47 11934 2 12332
85 35 9440 2 9852
86 42 3636 2 3770
87 25 307 3 583
88 23 3636 2 4032
89 15 6683 4 6969
90 43 8216 2 8274
91 31 9658 1 10019
92 25 10463 1 10703
93 31 4685 1 5316
94 46 7245 4 7825
95 23 299 1 488
96 42 7706 2 7950
97 37 4969 1 5803
98 42 12624 1 13024
99 42 96 2 466
100 3 12910 1 13308
101 13 471 1 716
102 37 8235 1 8761
103 3 4770 1 4808
104 6 2309 3 2706
105 47 14874 1 15392
106 14 8716 4 9174
107 26 931 1 1580
108 36 9939 1 9965
109 31 13715 1 14174
110 49 8852 2 9404
111 31 2117 2 2429
112 13 14005 5 14563
113 23 14005 3 14369
114 46 10019 5 10048
115 7 4685 2 5255
116 13 8068 1 8588
117 49 10322 1 10880
118 32 2380 2 2925
119 34 736 2 816
120 31 12779 2 12988
121 42 6655 4 7047
122 29 4413 5 4841
123 9 10062 6 10596
124 33 10425 1 10725
125 17 12967 1 13103
126 35 4413 1 4620
127 37 5376 1 6163
128 37 4413 1 4697
129 43 5165 3 5738
130 13 5328 4 5593
131 46 8863 4 9480
132 47 707 3 1331
133 25 10880 2 11477
134 3 4485 1 4560
135 47 12452 4 12931
136 3 4969 3 5126
137 49 11934 1 12465
138 13 14874 1 15261
139 23 684 1 738
140 33 8068 3 8600
141 15 9863 3 10476
142 27 4969 1 5260
143 23 38 4 204
144 12 12704 2 13342
145 15 9658 1 10237
146 43 1046 2 1413
147 20 10425 1 10813
148 9 14874 2 15262
149 47 8055 4 8629
150 49 5376 1 5392
151 45 6298 2 6491
152 42 8716 1 8777
153 17 10168 2 10703
154 36 15001 1 15486
155 31 9863 3 10350
156 27 9513 2 9745
157 49 10062 1 10194
158 19 14874 5 15282
159 30 4195 7 4377
160 42 9440 1 9513
161 39 10350 6 10788
162 17 4195 2 4780
163 23 8429 1 8839
164 3 5816 3 6384
165 42 13200 2 13690
166 33 8863 1 9081
167 46 931 1 1227
168 31 10019 1 10564
169 9 3981 1 4514
170 34 15149 1 15587
171 37 10019 2 10216
172 49 8777 1 8863
173 37 11934 1 12624
174 9 12779 1 12904
175 33 716 3 1209
176 2 2429 1 2483
177 26 12967 1 13192
178 31 8265 1 8817
179 4 4969 1 5495
180 15 11346 2 11837
181 34 10019 2 10105
182 27 11934 1 12782
183 4 2380 2 2430
184 15 7484 3 7926
185 39 3636 3 4125
186 27 12910 1 13451
187 33 3210 2 3293
188 16 9658 4 9983
189 20 8235 2 8743
190 13 6662 1 7112
191 6 4485 3 4658
192 49 1404 1 1830
193 42 10463 1 11042
194 39 1404 3 1614
195 10 10278 3 10830
196 27 6655 2 7113
197 35 14874 1 15382
198 49 5500 1 6298
199 31 11934 2 12491
200 42 8589 1 9045
201 36 466 1 1422
202 29 6298 2 6473
203 27 3148 1 3631
204 49 913 1 1347
205 43 1830 3 2384
206 15 886 2 1320
207 9 8068 1 8408
208 23 9404 2 9539
209 4 12704 3 12798
210 27 12865 3 13417
211 19 10019 1 10112
212 32 5500 1 5867
213 34 11934 3 12106
214 15 7706 2 8167
215 33 1404 4 1717
216 31 14005 1 14521
217 31 9404 1 9494
218 38 8068 1 8343
219 31 7706 2 7792
220 23 14005 1 14171
221 47 228 5 742
222 4 8852 1 8973
223 45 8886 1 9332
224 42 11042 1 11190
225 27 12782 2 12865
226 49 4413 1 5051
227 27 8777 1 8913
228 34 14005 5 14067
229 31 10350 3 10847
230 31 1830 2 2005
231 14 13117 1 13292
232 9 222 1 612
233 38 12063 2 12645
234 49 6683 4 6970
235 25 14005 3 14024
236 15 7706 4 8191
237 19 886 3 1483
238 15 2117 4 2765
239 16 10062 3 10205
240 39 14005 3 14576
241 15 10917 1 11015
242 37 1071 1 2055
243 15 6423 3 6586
244 31 8716 2 8886
245 23 8852 4 9031
246 42 11934 1 13218
247 49 12704 1 13075
248 37 10278 2 10656
249 10 8852 2 9417
250 31 8886 2 9035
251 36 2283 3 2380
252 4 6298 4 6926
253 42 14874 3 15018
254 49 8863 1 9737
255 5 300 1 463
256 26 10717 2 10787
257 3 13117 3 13651
258 47 1345 1 1989
259 31 2399 2 2952
260 20 8863 1 8992
261 36 91 3 453
262 42 4969 1 5295
263 39 707 1 792
264 45 99 1 355
265 23 4560 3 4590
266 31 6298 1 7419
267 38 14874 3 14937
268 39 407 1 818
269 40 4685 3 5201
270 27 14874 3 15350
271 16 9404 5 9582
272 12 5816 7 6240
273 31 12704 2 13399
274 2 2399 3 2908
275 34 4969 3 5178
276 3 11346 1 11894
277 33 10019 1 10494
278 33 5097 1 5282
279 49 4969 1 5500
280 35 3981 1 4354
281 36 8068 1 8216
282 37 4485 1 5376
283 49 6298 1 7058
284 23 11934 1 12021
285 36 10717 1 10906
286 27 13690 4 14124
287 37 9440 1 9725
288 9 8886 2 9435
289 49 2790 2 3148
290 27 8852 1 9092
291 31 5595 1 6154
292 6 14005 1 14603
293 31 969 1 1345
294 11 11346 1 11527
295 14 2790 2 3107
296 25 4485 2 5018
297 34 10463 4 10676
298 4 142 1 311
299 37 10917 1 11570
300 13 2790 5 3047
301 31 13651 2 13715
302 49 2790 1 3416
303 34 2399 2 2614
304 15 1404 3 1638
305 37 4195 1 4665
306 36 14874 2 15001
307 4 9404 5 9844
308 16 7484 1 7623
309 15 8216 4 8775
310 34 14005 2 14251
311 16 13087 5 13662
312 42 10168 2 10572
313 9 2283 3 2582
314 34 3636 6 3668
315 42 4577 1 5034
316 20 4969 1 5551
317 15 7058 1 7092
318 20 6683 1 6947
319 37 14874 1 16129
320 49 249 1 1170
321 9 7484 1 8001
322 31 1830 1 1996
323 39 11934 2 12570
324 49 4195 1 4861
325 25 7852 4 8084
326 47 10425 7 10999
327 14 9404 2 10011
328 42 9832 1 10441
329 23 7852 3 8158
330 27 10425 1 10699
331 49 1404 1 2281
332 23 7058 1 7632
333 37 10717 1 10917
334 49 10168 1 10582
335 42 14284 1 14299
336 31 1345 1 1445
337 42 5097 3 5179
338 33 2283 5 2908
339 31 6423 1 8178
340 47 8146 1 8569
341 47 4413 1 4997
342 6 14005 2 14643
343 29 7706 2 8149
344 45 9939 2 10255
345 33 9404 1 9744
346 30 10019 5 10516
347 37 468 1 735
348 38 12704 2 13229
349 23 13087 3 13546
350 47 6298 1 6867
351 40 1830 4 2107
352 35 1547 1 2012
353 32 14005 1 14390
354 45 12704 3 12937
355 13 11346 1 11398
356 25 5595 3 6020
357 6 2117 2 2334
358 31 11046 1 11310
359 17 8216 1 8651
360 42 2283 2 2843
361 2 2790 3 2865
362 13 4685 3 5074
363 16 10880 4 10894
364 49 10880 1 11503
365 31 10880 1 11346
366 42 5295 1 6425
367 37 3636 1 4047
368 49 3636 5 3981
369 3 10917 2 11456
370 37 11042 1 11512
371 47 10019 1 10290
372 5 14005 1 14410
373 23 1830 2 2368
374 8 7706 1 7862
375 46 7706 2 8145
376 31 14874 2 15559
377 33 11934 2 11972
378 34 65 1 432
379 14 1830 2 2229
380 4 8055 1 8214
381 37 8429 1 8977
382 34 11346 5 11938
383 14 6655 4 7127
384 7 12704 8 13210
385 49 13200 1 13613
386 14 10880 1 11001
387 33 10168 4 10216
388 20 14005 2 14425
389 49 7058 3 7484
390 37 5328 1 5530
391 19 4485 6 4845
392 49 8216 2 8741
393 27 8068 1 8716
394 5 931 1 1359
395 34 8589 6 8762
396 25 12704 2 13247
397 3 4770 1 5289
398 33 6683 1 7290
399 13 8852 2 9104
400 45 3636 1 4068
401 7 3981 2 4311
402 14 11934 1 12366
403 11 8817 2 9143
404 15 7058 2 7245
405 49 11934 5 12090
406 7 4697 1 4751
407 49 9658 3 10062
408 19 4969 5 5523
409 36 3981 1 4307
410 36 9404 1 9903
411 9 4969 1 5419
412 48 8886 1 9278
413 31 7484 1 8192
414 15 2380 1 2921
415 20 15001 2 15401
416 39 10917 5 11043
417 15 6683 1 7327
418 8 9404 1 9433
419 6 10917 1 11389
420 25 4229 2 4717
421 23 8265 1 8588
422 34 14874 1 15109
423 31 10917 1 11046
424 47 8716 2 9174
425 47 5376 2 5661
426 26 9444 1 9655
427 34 10168 4 10514
428 37 6298 1 6423
429 42 4685 2 4816
430 37 11346 1 11808
431 42 8777 1 9216
432 5 3636 4 3703
433 35 5126 1 5664
434 31 9404 2 9863
435 3 5165 1 6352
436 25 8216 2 8836
437 49 534 2 908
438 42 8055 2 8589
439 10 4806 1 4903
440 42 2117 1 2771
441 16 11190 1 11232
442 31 886 3 944
443 39 6298 1 6674
444 36 10917 2 11492
445 15 12782 3 12967
446 13 12704 1 13169
447 38 2380 2 2565
448 23 10019 1 10239
449 31 5645 1 6392
450 15 2117 1 2309
451 37 3981 1 4384
452 49 3148 3 3636
453 1 12779 1 12983
454 38 8886 1 9186
455 31 8886 1 9662
456 13 3636 3 4230
457 16 4969 3 5538
458 27 8716 2 8852
459 23 14874 2 14985
460 47 7058 1 7695
461 43 10019 2 10374
462 23 2429 2 2661
463 8 10062 1 10616
464 3 14005 3 14563
465 33 11346 1 11959
466 6 1830 1 2120
467 16 7058 1 7595
468 42 1830 1 2283
469 37 4685 1 4806
470 37 6423 1 6683
471 36 1295 1 1800
472 42 7058 2 7484
473 23 10425 4 10442
474 31 8249 2 8265
475 31 14284 1 14831
476 43 10019 1 10426
477 15 8716 1 9141
478 49 12782 1 13483
479 16 10278 3 10913
480 1 4685 5 4721
481 47 7706 6 7994
482 11 931 2 1262
483 25 735 2 1045
484 25 13511 2 13651
485 25 707 1 988
486 37 9444 1 10278
487 33 3148 1 3771
488 7 10062 1 10334
489 42 10717 3 11521
490 42 13087 1 13498
491 36 5097 1 5926
492 49 14005 1 14874
493 31 4229 1 4667
494 43 1547 2 1566
495 33 7852 2 7955
496 20 466 2 684
497 36 10425 3 10634
498 13 1830 3 2337
499 49 7484 2 7680
500 36 6298 1 6953
501 49 6298 1 6436
502 46 6298 2 6520
503 3 8068 2 8338
504 11 11934 1 12410
505 9 7058 1 7424
506 25 13651 3 13978
507 37 5816 1 6184
508 37 2117 1 2700
509 33 735 4 1375
510 42 12704 2 13139
511 49 11190 2 11934
512 38 5595 4 5606
513 41 10425 2 10829
514 5 8055 3 8318
515 26 9404 1 9753
516 17 3636 2 4117
517 27 932 3 1434
518 9 4560 1 4775
519 31 12063 1 12779
520 49 13651 2 14082
521 11 10168 1 10687
522 10 1295 1 1776
523 16 13200 1 13626
524 31 3636 3 4229
525 47 13651 2 14087
526 15 2309 1 2532
527 33 4969 2 5000
528 10 7058 2 7299
529 32 4969 1 5414
530 25 8886 1 9171
531 12 4485 1 4612
532 15 9404 4 9825
533 3 886 1 1764
534 3 6384 1 6811
535 43 9444 1 9821
536 42 9513 1 9832
537 23 4685 1 4808
538 37 14874 2 15333
539 37 7852 2 8269
540 39 4685 6 4836
541 39 926 3 1208
542 37 4697 1 4841
543 23 5295 2 5423
544 20 10463 1 10743
545 37 12624 1 13117
546 7 4413 1 4430
547 33 7058 4 7466
548 26 10062 1 10695
549 16 10917 4 11325
550 7 10019 1 10328
551 42 11190 1 12287
552 46 12704 1 13238
553 19 8777 3 8896
554 4 11042 4 11532
555 36 10917 1 11079
556 34 8068 1 8242
557 3 398 1 860
558 37 3210 1 3642
559 48 1547 2 1931
560 25 14874 1 14997
561 49 8852 1 9460
562 10 6298 2 6483
563 49 9404 1 9422
564 25 6655 1 7249
565 3 12452 1 12568
566 36 3148 2 3506
567 49 7852 1 8055
568 26 13690 1 14304
569 33 2790 3 3301
570 20 9939 3 10141
571 25 9939 1 10213
572 3 2790 1 3210
573 36 8216 2 8820
574 31 282 1 707
575 7 5097 6 5603
576 9 8477 4 8595
577 43 8055 1 8133
578 42 14874 1 15149
579 49 2117 3 2684
580 33 6423 2 6652
581 34 3981 1 4613
582 15 14005 1 14038
583 19 4195 1 4296
584 42 15149 1 15330
585 15 3148 5 3447
586 15 5165 1 5182
587 15 7245 4 7625
588 10 9404 4 9757
589 43 8863 1 9423
590 27 5376 1 5776
591 38 453 3 763
592 17 12624 1 13226
593 16 14005 3 14637
594 34 13511 2 13744
595 23 8817 1 9303
596 26 5097 1 5407
597 43 11346 2 11887
598 14 5376 4 5909
599 36 2380 1 2508
600 25 10442 2 11017
601 41 5328 1 5412
602 14 12704 2 12816
603 37 9404 1 9444
604 42 13690 1 13734
605 49 3981 3 4108
606 20 931 1 1127
607 33 1547 1 2116
608 27 10880 2 11408
609 39 4969 6 5617
610 37 7484 2 7584
611 32 10425 1 10636
612 48 12967 1 13223
613 31 11934 2 12063
614 46 6662 2 7190
615 4 10019 3 10615
616 23 2790 4 3366
617 20 6298 2 6519
618 16 5328 3 5662
619 20 327 1 585
620 37 11934 1 12171
621 27 3636 3 4195
622 15 10278 3 10662
623 45 7058 1 7386
624 27 2283 1 2849
625 39 8886 2 9516
626 49 5097 2 5138
627 26 10019 2 10103
628 15 760 2 998
629 10 7706 3 8331
630 37 14005 1 14475
631 37 931 1 1397
632 3 9404 2 9939
633 38 5126 1 5340
634 3 10278 1 10463
635 33 2117 2 2629
636 37 1764 1 4413
637 37 2790 2 3173
638 6 10463 1 10962
639 46 8216 4 8476
640 26 11346 1 11509
641 39 7852 1 8356
642 2 9444 1 9743
643 33 14874 1 14955
644 12 10019 7 10277
645 8 7058 2 7290
646 13 13690 6 13710
647 47 2283 2 2831
648 37 8269 2 8429
649 15 12782 2 13272
650 12 9404 1 9509
651 23 6298 3 6921
652 16 9939 3 10554
653 34 10019 4 10269
654 8 931 1 1005
655 45 7484 1 7620
656 9 936 2 1370
657 49 7058 2 7427
658 31 5097 1 5595
659 37 7245 1 7783
660 23 10442 5 10920
661 39 4 6 244
662 23 14874 2 15405
663 42 14005 2 14284
664 11 5126 2 5244
665 33 12782 1 12883
666 16 11934 4 12430
667 29 2283 1 2479
668 6 5126 5 5319
669 49 10278 2 10787
670 3 13697 3 13832
671 46 195 1 772
672 15 11346 2 11595
673 45 1614 1 2239
674 32 12452 1 12844
675 17 14005 1 14412
676 31 2429 1 2878
677 3 2117 2 2693
678 46 3981 1 4210
679 3 8429 1 9258
680 42 3148 1 3247
681 23 12624 3 13087
682 33 6423 1 6693
683 19 2380 4 3028
684 3 394 1 886
685 27 4195 3 4254
686 12 12782 2 13401
687 23 7706 2 8231
688 42 9832 2 10134
689 3 7245 2 7637
690 25 5165 2 5715
691 36 8852 2 9174
692 31 2790 1 3466
693 23 11190 3 11794
694 31 11346 1 11669
695 23 4969 1 5373
696 37 13651 1 13795
697 34 8863 5 8980
698 25 11042 2 11373
699 43 8863 1 9121
700 47 3210 2 3673
701 37 14874 1 14998
702 3 5126 1 5816
703 25 6298 1 6721
704 16 3636 4 4219
705 31 5165 1 5645
706 34 913 1 951
707 49 7706 1 7738
708 23 707 1 931
709 39 12967 2 13464
710 25 12967 1 13487
711 25 14874 1 15049
712 11 9444 2 9697
713 23 12704 1 13348
714 16 10019 4 10058
715 42 3981 1 4577
716 49 1830 1 2117
717 35 10463 2 11098
718 15 10717 4 10849
719 49 8716 1 8777
720 3 7058 3 7112
721 23 8216 3 8474
722 39 2117 4 2636
723 4 792 1 1088
724 16 8886 2 8931
725 15 1764 3 1847
726 41 5165 1 5675
727 36 7058 3 7505
728 27 13715 4 14308
729 33 301 2 376
730 31 2005 1 2399
731 29 6683 1 7197
732 9 11934 2 12182
733 15 1295 3 1873
734 23 9939 1 10389
735 42 1295 1 1770
736 3 9939 1 10168
737 15 10880 1 10967
738 37 7706 1 8235
739 3 11346 1 11988
740 14 1404 2 1635
741 17 1830 1 2131
742 42 466 2 999
743 29 4195 4 4409
744 15 8852 1 9130
745 3 12704 1 12910
746 11 6683 2 6706
747 42 4969 1 5145
748 6 11042 1 11428
749 31 1547 2 1806
750 43 4485 2 4701
751 45 4685 3 4896
752 23 4685 1 5262
753 27 1830 1 1968
754 11 7852 2 8477
755 10 4685 2 5254
756 38 9939 2 10526
757 27 7706 1 8068
758 16 12704 2 13070
759 26 8055 3 8080
760 27 6384 1 6655
761 10 14005 2 14317
762 15 5816 2 6286
763 16 13651 1 14168
764 11 11934 1 12308
765 10 10278 1 10694
766 31 11346 1 11805
767 15 12967 2 13524
768 10 14874 4 15155
769 10 10880 2 11412
770 6 9440 3 9540
771 33 5328 1 5788
772 49 12452 3 12917
773 43 14005 2 14173
774 17 5097 1 5692
775 33 1764 2 2259
776 40 149 1 522
777 14 10019 2 10378
778 42 7058 2 7681
779 49 7484 2 7703
780 39 5816 1 6384
781 35 2309 3 2733
782 13 10917 2 10939
783 29 9404 1 9703
784 23 2380 1 2687
785 33 10917 3 11364
786 45 7706 1 8173
787 15 1345 5 1958
788 24 5328 1 5938
789 25 11346 1 11510
790 8 265 1 486
791 36 9939 3 10057
792 27 4560 2 4969
793 34 10880 1 11288
794 26 4560 3 5208
795 36 1830 2 2241
796 45 1050 1 1139
797 47 9939 3 10305
798 10 272 1 854
799 13 10019 4 10472
800 47 5097 1 5225
801 16 764 5 1119
802 7 4413 1 4691
803 31 4229 3 4685
804 45 735 3 961
805 37 14005 1 14502
806 31 8055 1 8552
807 36 10019 1 10359
808 20 4413 3 4876
809 49 16 1 208
810 3 11934 2 12452
811 16 207 7 713
812 11 12782 1 13163
813 31 8817 1 9189
814 15 2790 2 3312
815 34 9404 1 9484
816 37 6423 1 6660
817 49 5165 1 6202
818 3 10463 3 10524
819 14 237 3 748
820 37 10951 1 11195
821 34 12910 6 13160
822 33 2117 1 2149
823 3 1830 3 2180
824 9 14284 1 14790
825 42 4577 1 4589
826 39 12782 1 12915
827 34 13200 4 13289
828 48 1404 1 1427
829 30 13651 7 13850
830 49 8068 4 8446
831 42 1295 1 1789
832 36 14005 1 14113
833 20 8863 1 9259
834 25 8863 2 9488
835 27 7245 3 7485
836 39 9863 1 10114
837 49 8055 1 8146
838 5 14874 1 15508
839 20 10880 1 11480
840 49 10880 4 11190
841 13 1404 2 1649
842 2 5376 5 5777
843 36 11934 1 12458
844 7 5376 2 5615
845 3 3210 1 3725
846 33 12782 5 13336
847 8 6683 2 7032
848 37 6683 1 7147
849 12 5097 3 5541
850 49 1295 1 1404
851 48 4685 1 4812
852 37 10880 1 10951
853 34 1345 5 1689
854 37 7058 1 7706
855 15 8055 2 8432
856 40 11346 1 11743
857 16 10917 1 11274
858 48 8055 1 8412
859 33 8852 5 9312
860 16 6683 4 7133
861 33 10425 3 10762
862 29 723 5 1080
863 49 8863 1 9230
864 37 15001 1 15320
865 5 12967 1 13219
866 39 931 1 1544
867 47 60 3 437
868 27 5816 2 6368
869 31 8192 1 8249
870 24 5165 1 5784
871 7 10019 2 10636
872 37 13511 1 14005
873 42 940 1 1199
874 29 11346 2 11559
875 49 13200 1 13850
876 49 9404 3 9658
877 5 8863 4 8901
878 32 10019 1 10534
879 34 13651 3 14090
880 39 4413 3 4618
881 37 1547 1 1956
882 35 8817 2 8920
883 19 9444 1 9968
884 37 5816 1 6662
885 36 8269 2 8906
886 11 10168 1 10476
887 31 8817 1 9318
888 43 9513 2 9968
889 25 2117 2 2477
890 6 10880 3 11014
891 42 13511 1 13536
892 14 14874 2 15429
893 37 707 2 762
894 25 6298 1 6886
895 15 8216 1 8747
896 29 238 2 532
897 31 3148 3 3333
898 10 12779 4 13426
899 3 7706 1 8068
900 40 7706 1 7732
901 10 9863 3 10199
902 20 1021 2 1220
903 49 8216 2 8308
904 3 13651 1 13697
905 20 1830 2 2466
906 37 10278 1 10717
907 49 264 1 1006
908 37 10019 2 10560
909 3 12624 1 12704
910 37 6662 2 6781
911 4 3636 1 4212
912 13 931 6 1006
913 17 8852 1 9246
914 47 1764 1 2238
915 34 9513 1 9749
916 10 13651 4 13778
917 6 2309 1 2449
918 49 8146 1 8642
919 2 9444 1 9779
920 25 7058 2 7309
921 49 12967 1 13169
922 3 10168 1 10205
923 27 931 1 1581
924 42 1345 2 1712
925 47 7706 1 7918
926 20 5165 2 5315
927 46 14874 1 15344
928 46 10880 1 11167
929 1 9404 2 9917
930 33 14874 1 15378
931 37 13117 1 14289
932 12 11346 3 11831
933 7 4969 1 5075
934 23 931 3 1581
935 37 735 1 1764
936 43 13117 3 13574
937 25 1563 4 1785
938 37 13117 2 13511
939 15 902 1 957
940 49 1036 2 1295
941 37 332 3 468
942 5 5816 1 5887
943 33 12910 1 13265
944 45 6683 1 6726
945 26 1830 2 2398
946 15 5376 4 5637
947 25 9404 1 9559
948 16 5595 7 6003
949 3 10880 4 11288
950 33 6655 1 6680
951 47 6423 2 7020
952 7 10425 2 10683
953 34 993 4 1230
954 33 14005 1 14610
955 33 4413 2 4475
956 25 4969 1 5491
957 3 14874 2 15294
958 36 12624 4 13069
959 20 3636 3 4256
960 3 3981 1 4485
961 20 4969 2 5110
962 7 4770 2 4870
963 45 11934 1 11953
964 49 13690 2 14087
965 16 2429 2 2685
966 46 9404 1 9761
967 49 10062 1 10322
968 49 3981 1 4012
969 8 9513 1 9976
970 37 8852 1 9440
 调度评估结果
1. 任务等待评估 (Σ 等待×权重): 15340557
2. 任务完成评估 (最大完成时间): 16129
3. GPU显存空闲评估 (平均空闲): 10213.34 GB/时间片
 额外统计
已调度任务               : 970/970
平均等待时间            : 1512.22
各服务器任务分布      : 服务器1=4, 服务器2=7, 服务器3=43, 服务器4=12, 服务器5=9, 服务器6=13, 服务器7=15, 服务器8=9, 服务器9=18, 服务器10=20, 服务器11=17, 服务器12=8, 服务器13=19, 服务器14=18, 服务器15=44, 服务器16=27, 服务器17=10, 服务器19=9, 服务器20=23, 服务器23=41, 服务器24=2, 服务器25=36, 服务器26=14, 服务器27=31, 服务器29=14, 服务器30=5, 服务器31=59, 服务器32=10, 服务器33=42, 服务器34=33, 服务器35=10, 服务器36=33, 服务器37=65, 服务器38=12, 服务器39=26, 服务器40=8, 服务器41=3, 服务器42=51, 服务器43=17, 服务器45=16, 服务器46=14, 服务器47=26, 服务器48=6, 服务器49=71
