1 19 11824 6 12137
2 24 13290 2 13743
3 27 11824 3 12327
4 29 13798 1 14057
5 27 5226 2 5642
6 27 5747 4 6004
7 29 2141 3 2173
8 30 2562 1 2996
9 1 10632 1 11152
10 30 8045 5 8513
11 30 7953 1 8258
12 20 15201 2 15656
13 1 13907 1 14333
14 31 5747 3 6192
15 1 6999 3 7025
16 27 4501 5 4764
17 30 9248 1 9391
18 11 4761 2 5233
19 22 10291 1 10496
20 8 3734 1 4164
21 19 2247 3 2661
22 31 5226 1 5596
23 30 13051 1 13118
24 1 8000 1 8099
25 29 10100 1 10398
26 27 4764 2 5208
27 27 5264 1 5512
28 27 1970 1 2372
29 33 13051 1 13210
30 25 11238 3 11400
31 30 5999 2 6035
32 7 13519 5 13934
33 24 2996 1 3498
34 29 6547 1 6951
35 32 903 3 1374
36 11 5310 1 5807
37 19 23 5 49
38 13 11238 2 11660
39 25 2247 1 2524
40 33 12747 1 12969
41 22 13485 3 13683
42 33 9902 1 10388
43 27 13907 1 14135
44 27 6004 1 7092
45 20 10632 1 10825
46 19 630 2 806
47 30 14750 1 14900
48 31 5226 1 5727
49 29 5226 3 5640
50 17 10291 1 10534
51 8 4792 1 5079
52 27 13290 2 13407
53 28 6805 2 7265
54 17 6805 2 7192
55 34 10177 1 10385
56 30 10177 3 10291
57 33 7474 2 7800
58 28 11238 1 11418
59 28 1970 6 2198
60 25 9391 1 9434
61 34 13051 2 13457
62 29 6999 1 7137
63 22 6520 3 6970
64 1 8152 4 8451
65 29 4026 1 4516
66 34 5226 2 5766
67 17 4236 3 4679
68 33 4353 1 4690
69 31 12819 2 13085
70 26 2664 1 2847
71 4 10632 1 10858
72 5 13051 2 13269
73 28 10177 1 10380
74 25 13051 2 13083
75 13 13051 1 13495
76 25 211 1 566
77 8 13485 3 13665
78 11 13051 2 13080
79 31 1935 1 1970
80 33 4761 2 5310
81 1 4792 1 5018
82 30 4792 1 5264
83 22 3801 3 3948
84 30 14750 1 14849
85 9 5640 3 6174
86 29 9248 1 9374
87 30 6685 1 6805
88 1 12747 1 12920
89 1 13051 2 13225
90 27 2458 7 2562
91 25 4331 2 4362
92 6 6547 1 6633
93 20 13519 1 13653
94 25 4792 3 5036
95 31 13085 6 13286
96 27 9844 1 10055
97 5 12369 1 12720
98 33 4331 2 4342
99 31 14325 6 14871
100 30 11906 2 12342
101 6 5999 1 6320
102 11 11238 1 11408
103 22 12747 1 13258
104 1 2064 1 2071
105 31 4026 2 4559
106 10 13485 1 13580
107 34 13485 3 13796
108 24 10177 3 10637
109 25 11824 1 11853
110 29 11481 2 11722
111 5 2996 1 3041
112 7 1935 2 2112
113 31 9624 1 9944
114 27 13051 5 13290
115 15 6004 1 6532
116 29 9624 2 10100
117 19 5008 3 5015
118 29 11441 2 11852
119 7 13051 1 13379
120 27 107 1 408
121 30 7940 1 8045
122 10 11152 3 11286
123 30 6805 5 6999
124 24 11057 2 11472
125 1 12029 1 12044
126 30 9902 1 9933
127 22 4559 1 5015
128 30 5747 2 5918
129 29 6037 2 6547
130 14 8177 1 8486
131 27 2227 2 2458
132 29 10177 2 10666
133 28 13051 6 13227
134 25 13051 2 13201
135 1 10177 1 10632
136 1 14111 7 14321
137 26 11152 2 11645
138 8 7940 3 8065
139 27 4353 2 4480
140 28 6805 2 6918
141 31 11441 4 11842
142 24 5226 3 5451
143 24 6520 2 6992
144 30 14900 1 15201
145 31 13727 1 14208
146 33 11824 1 12270
147 24 2203 2 2555
148 20 5310 4 5597
149 19 6520 1 7008
150 1 11441 1 11519
151 19 5226 1 5620
152 28 7474 6 7635
153 30 903 1 1196
154 25 11906 1 12221
155 27 14680 1 15418
156 7 6999 7 7358
157 33 2562 2 2850
158 34 11152 2 11534
159 6 1732 2 1751
160 29 3625 1 3953
161 1 5226 1 5330
162 5 10388 1 10638
163 10 10632 1 11057
164 29 7474 1 7825
165 30 9624 1 9902
166 31 1732 3 1935
167 34 2996 2 3285
168 10 5226 1 5608
169 25 10522 1 10660
170 1 8000 5 8152
171 28 5264 3 5581
172 6 10291 2 10620
173 6 9902 2 10198
174 27 2664 6 2911
175 34 8177 1 8439
176 30 4834 5 5205
177 30 8694 3 8863
178 26 9248 2 9264
179 33 1935 1 2203
180 4 13485 3 13706
181 22 4331 4 4518
182 30 14111 1 14325
183 6 2247 4 2431
184 20 10291 4 10331
185 1 11481 1 11824
186 5 7092 1 7428
187 19 11057 1 11372
188 29 13352 3 13634
189 33 2203 2 2682
190 4 12747 1 12841
191 31 10055 2 10688
192 31 12342 1 12764
193 27 6286 1 7381
194 1 8000 2 8177
195 9 4026 3 4351
196 19 1970 1 2247
197 27 1732 1 2366
198 1 10100 5 10550
199 11 6037 2 6218
200 31 12364 1 12819
201 27 13485 5 14027
202 1 11238 2 11441
203 30 6035 4 6520
204 27 2562 3 2664
205 33 10977 1 10984
206 15 10632 2 11139
207 20 5747 1 6175
208 1 12075 2 12293
209 22 2141 1 2410
210 33 5640 1 6158
211 15 13519 4 13806
212 7 1970 2 2161
213 29 10911 1 10921
214 29 12747 2 12954
215 10 4353 2 4385
216 24 11481 2 11705
217 31 7474 1 8177
218 10 4879 5 5332
219 30 6999 1 7474
220 31 8177 1 8295
221 29 903 3 1391
222 29 7940 1 8444
223 1 6286 2 6417
224 7 11238 3 11650
225 34 4026 2 4438
226 1 6004 2 6377
227 4 13290 5 13492
228 10 13352 5 13366
229 24 8045 2 8583
230 17 2996 1 3243
231 14 8177 1 8424
232 1 11519 2 11850
233 30 13519 1 13919
234 30 9902 5 10014
235 31 4559 1 4893
236 29 12075 3 12668
237 20 11906 6 12217
238 27 903 3 954
239 27 1196 3 1309
240 27 4026 1 4353
241 26 13352 1 13807
242 32 11481 3 11855
243 15 11481 1 11504
244 8 2996 6 3024
245 29 13290 2 13798
246 24 4501 3 4860
247 7 630 1 1019
248 30 10682 1 10908
249 1 5747 3 6012
250 1 4764 2 4933
251 33 1732 1 1745
252 8 11481 4 11998
253 27 10177 3 10522
254 30 12819 1 12892
255 19 12747 2 13153
256 1 8177 3 8394
257 27 14325 4 14680
258 31 13352 1 13727
259 1 13485 1 13905
260 31 14900 1 16052
261 10 11057 1 11602
262 31 34 3 324
263 34 4516 2 4955
264 1 6805 1 7309
265 7 11238 3 11303
266 19 7063 8 7417
267 1 3801 4 4236
268 29 14750 4 15215
269 24 15201 4 15742
270 30 52 2 630
271 27 7940 1 8165
272 29 10632 1 10682
273 24 5747 1 5974
274 30 7474 1 7953
275 30 5264 1 5999
276 15 8152 2 8653
277 4 260 1 277
278 27 8165 3 8694
279 17 10632 1 11171
280 13 9391 1 9799
281 1 6286 5 6385
282 5 6685 2 6988
283 1 13485 3 14023
284 30 6520 4 6722
285 27 8694 1 9066
286 1 7474 1 7692
287 30 12342 1 12811
288 30 1732 1 2130
289 6 12075 1 12213
290 7 4834 2 4870
291 6 2562 1 2911
292 1 11238 3 11433
293 31 12075 2 12310
294 24 13919 2 14317
295 5 10632 2 10757
296 31 6999 6 7358
297 11 10291 2 10760
298 30 6286 1 6408
299 4 12369 2 12591
300 26 5747 1 6270
301 20 13051 3 13113
302 24 1732 1 2094
303 5 10177 1 10381
304 30 2996 1 3734
305 27 11152 2 11547
306 1 11152 1 11238
307 30 15201 2 15454
308 30 5310 2 5421
309 30 4178 2 4246
310 30 6520 2 6685
311 17 11238 1 11409
312 25 4353 6 4794
313 27 14750 1 14881
314 25 4559 1 4600
315 30 13290 1 13579
316 7 8045 5 8232
317 29 5747 2 5985
318 29 9391 2 9596
319 14 1970 2 2002
320 17 4761 2 5102
321 26 7809 2 8261
322 33 11057 1 11571
323 11 2996 1 3479
324 27 4764 2 5222
325 31 10688 1 11279
326 8 4331 1 4734
327 28 10522 2 10578
328 19 10522 1 10568
329 29 11152 3 11474
330 26 1935 1 2193
331 30 4236 6 4331
332 29 5640 1 6037
333 30 7474 1 7664
334 19 6286 1 6431
335 5 4331 2 4789
336 30 1196 2 1732
337 29 6805 1 7340
338 5 5264 1 5479
339 24 4026 4 4448
340 27 9248 2 9844
341 30 10055 4 10152
342 33 9844 1 10030
343 25 1732 1 2141
344 30 2130 4 2369
345 26 6685 1 7181
346 1 8513 1 8867
347 28 6286 5 6719
348 1 4331 2 4608
349 22 6037 1 6165
350 25 5747 1 5972
351 1 6685 5 7021
352 30 9391 1 9624
353 1 6685 1 6792
354 4 13051 1 13441
355 29 73 3 490
356 30 10291 1 10656
357 4 4516 1 4920
358 7 13352 2 13461
359 31 6286 3 6360
360 27 3625 2 3986
361 24 9391 2 9941
362 29 1732 1 2141
363 27 4026 2 4501
364 33 6520 1 7041
365 10 6685 5 6721
366 13 13519 1 13748
367 34 6685 1 7182
368 25 10291 2 10525
369 17 9902 1 10078
370 31 9248 4 9574
371 1 5226 2 5487
372 27 12342 1 12747
373 20 2562 2 2864
374 6 13519 3 13751
375 8 4026 2 4561
376 29 14325 2 14742
377 30 11238 3 11761
378 20 4834 3 4976
379 26 5264 1 5483
380 29 2203 1 3055
381 25 13798 6 13932
382 25 11152 3 11357
383 33 13352 1 13649
384 12 903 1 1239
385 4 14325 1 14630
386 20 8694 3 8772
387 28 6999 1 7026
388 31 3625 1 3861
389 1 7474 3 7809
390 34 9391 1 9779
391 34 10522 2 10988
392 2 13519 5 13618
393 9 11906 1 12259
394 19 10632 4 10993
395 22 5226 1 5669
396 19 8000 1 8397
397 8 4501 3 4772
398 1 7092 1 7583
399 25 212 2 262
400 27 12747 1 13076
401 28 10688 4 10869
402 30 13352 2 13502
403 1 1970 2 2480
404 27 7092 1 7940
405 31 630 1 1152
406 27 80 1 1487
407 33 2996 1 3161
408 17 13352 2 13718
409 27 13352 5 13485
410 30 13051 1 13519
411 10 12342 6 12504
412 5 10177 1 10598
413 11 6999 2 7165
414 1 5226 1 5398
415 6 6685 1 6961
416 10 8000 5 8516
417 8 7474 4 7935
418 19 7474 1 7671
419 9 10632 2 11021
420 28 14750 3 14989
421 25 10632 1 11136
422 1 5640 1 6039
423 25 4834 1 5239
424 27 10055 1 10154
425 9 1970 3 2014
426 6 5226 5 5624
427 22 2996 2 3410
428 11 12747 2 12921
429 1 6520 4 6593
430 26 9391 1 9616
431 6 12747 4 13278
432 33 5226 1 5268
433 9 5226 1 5334
434 34 11824 1 12338
435 5 2247 1 2613
436 34 7474 1 7845
437 4 11238 4 11584
438 30 15201 1 15743
439 29 10682 1 10712
440 30 10291 3 10744
441 33 13907 1 14454
442 30 13919 1 14111
443 25 6685 2 7101
444 1 12819 1 13202
445 25 7940 1 8104
446 7 13051 1 13345
447 33 5999 2 6473
448 25 13485 2 13531
449 1 7809 1 8000
450 24 7474 2 7592
451 30 4761 1 4792
452 29 4879 2 5130
453 30 13798 2 14070
454 31 8513 2 8992
455 7 6685 2 6827
456 1 4764 1 5226
457 27 9844 1 10239
458 7 14111 5 14653
459 1 11906 2 12372
460 30 5226 1 5497
461 15 11687 1 11860
462 27 11152 2 11405
463 1 11824 4 12029
464 27 6004 1 6286
465 25 11481 1 11759
466 30 3734 1 3801
467 1 4236 1 4582
468 19 3734 1 4253
469 27 7474 3 7632
470 1 10632 1 10801
471 33 10388 2 10661
472 30 630 1 903
473 27 1970 2 2227
474 7 13907 1 14370
475 13 10632 1 10674
476 1 5487 1 5779
477 10 10522 4 10587
478 11 2247 1 2396
479 33 9624 2 9736
480 11 2562 2 2625
481 27 11687 4 11997
482 27 10632 7 10955
483 27 143 3 351
484 10 13485 1 13599
485 1 4026 3 4178
486 25 3625 1 3644
487 15 4879 1 5059
488 6 11057 5 11364
489 6 14680 3 14832
490 27 12369 1 12469
491 25 7474 2 7682
492 30 4331 1 4834
493 11 11687 2 11847
494 27 12075 1 12369
495 31 1152 1 1593
496 27 2664 1 3625
497 25 3801 2 3942
498 19 7008 2 7063
499 15 5310 2 5770
500 25 10055 1 10404
501 19 2996 5 3289
502 25 5264 1 5535
503 8 10632 5 10872
504 30 8513 1 9248
505 19 4353 2 4837
506 9 14325 1 14450
507 27 3911 1 3919
508 10 13352 1 13539
509 30 2130 1 2862
510 29 4516 1 4879
511 5 10388 1 10859
512 31 11906 1 12364
513 4 5640 4 6030
514 15 8000 1 8518
515 29 2996 1 3125
516 25 5226 3 5747
517 27 10522 1 10539
518 8 4761 1 5153
519 31 6520 1 6860
520 24 10177 1 10297
521 31 2562 1 3139
522 19 9624 2 10155
523 27 11441 1 11687
524 1 6520 1 6668
525 28 11238 3 11470
526 31 71 2 471
527 6 10055 1 10302
528 27 13519 1 13907
529 30 4026 2 4178
530 13 10632 1 11040
531 22 2562 3 2803
532 20 11057 5 11399
533 22 11238 2 11359
534 30 14325 1 14750
535 27 14111 2 14466
536 9 10688 1 10862
537 30 12811 1 13051
538 20 6999 6 7324
539 30 3801 1 4026
540 30 9933 1 10177
541 26 4516 2 4799
542 29 7474 1 9391
543 25 3103 2 3113
544 6 10632 2 10974
545 9 5226 1 5629
546 17 5310 1 5808
547 15 14750 1 15267
548 10 11481 1 11566
549 22 11152 2 11236
550 33 5310 1 5815
551 27 8165 1 9246
552 30 4501 1 4761
553 34 15201 2 15289
554 24 11824 1 12199
555 10 4764 1 4792
556 31 1970 1 2323
557 11 13352 1 13707
558 25 11357 1 11906
559 29 11152 1 11328
560 6 10522 1 10863
561 27 10055 2 10428
562 1 11441 2 11481
563 5 5226 1 5246
564 27 9844 1 9909
565 29 12954 1 13352
566 29 2141 1 2744
567 4 5226 1 5395
568 29 11824 4 12075
 调度评估结果
1. 任务等待评估 (Σ 等待×权重): 8186332
2. 任务完成评估 (最大完成时间): 16052
3. GPU显存空闲评估 (平均空闲): 6851.94 GB/时间片
 额外统计
已调度任务               : 568/568
平均等待时间            : 2042.90
各服务器任务分布      : 服务器1=56, 服务器2=1, 服务器4=12, 服务器5=14, 服务器6=17, 服务器7=15, 服务器8=12, 服务器9=9, 服务器10=16, 服务器11=13, 服务器12=1, 服务器13=6, 服务器14=3, 服务器15=10, 服务器17=10, 服务器19=21, 服务器20=13, 服务器22=14, 服务器24=19, 服务器25=33, 服务器26=11, 服务器27=61, 服务器28=14, 服务器29=42, 服务器30=68, 服务器31=35, 服务器32=2, 服务器33=25, 服务器34=15
