1 51 151647 6 152374
2 25 100232 7 100973
3 51 110592 6 110851
4 25 67642 7 68234
5 67 47959 7 48516
6 81 119739 4 120249
7 15 199728 5 200312
8 60 80867 7 81585
9 39 95801 6 96226
10 37 81341 6 81534
11 15 217199 4 218357
12 36 122284 7 122815
13 56 53734 7 54224
14 15 206144 4 207117
15 51 75435 6 75626
16 15 131937 6 132720
17 45 23186 6 24120
18 50 151647 6 152606
19 67 144262 4 144462
20 56 18195 7 18674
21 64 20947 6 21394
22 67 68528 6 69114
23 67 212553 4 213396
24 51 174485 6 175088
25 64 71599 5 71741
26 36 13159 7 13582
27 45 218775 8 219511
28 56 165106 6 166219
29 17 64693 5 65044
30 17 111189 5 111475
31 60 198092 5 198919
32 36 153908 7 154807
33 17 110223 5 111189
34 39 140541 6 141024
35 67 137177 7 138030
36 36 211786 5 212572
37 15 26733 5 27048
38 51 116936 6 117175
39 36 200627 7 201465
40 36 46913 4 47317
41 25 109243 6 110367
42 56 6921 8 7783
43 37 219906 6 220787
44 6 179324 5 179955
45 67 150759 6 151665
46 67 10475 7 11126
47 60 189127 6 189939
48 37 166887 5 167231
49 15 81721 4 82476
50 56 148219 5 148798
51 60 75513 5 76254
52 37 54093 7 54525
53 60 148909 4 149707
54 36 142493 7 143593
55 80 6921 6 7795
56 50 213882 6 214268
57 25 199 5 974
58 37 47470 6 48607
59 25 88012 7 88240
60 25 17163 5 17673
61 56 29192 4 29338
62 15 95601 6 95801
63 17 49356 5 50102
64 37 206812 4 207115
65 67 110639 6 110958
66 36 109015 8 109422
67 37 194186 6 195045
68 17 171631 6 171891
69 37 117928 8 118120
70 37 136470 6 136637
71 37 177495 6 177653
72 17 66764 5 67080
73 37 67642 5 68311
74 60 175202 7 175839
75 67 122790 4 123496
76 60 72498 7 73256
77 67 94337 5 94860
78 45 203946 7 204563
79 15 215272 5 216205
80 36 86785 8 87133
81 60 84296 7 85296
82 50 57278 4 58002
83 56 26819 6 27301
84 64 7954 5 8204
85 17 18674 5 19408
86 15 137913 4 138420
87 25 111364 5 111639
88 60 131381 7 132165
89 15 104919 6 105646
90 39 179178 5 180131
91 36 32687 7 33392
92 67 208818 7 209364
93 80 203364 5 204462
94 37 96731 7 96869
95 45 200910 7 201040
96 36 73919 7 74712
97 60 147396 4 147526
98 15 125792 5 126361
99 36 202227 7 203035
100 15 53418 4 54003
101 36 111878 8 112420
102 45 35128 4 35449
103 15 195593 6 195897
104 50 130017 6 130693
105 36 31639 7 32129
106 36 103538 5 104172
107 80 80938 5 81341
108 36 172097 6 172917
109 81 214453 5 214898
110 25 168472 6 168780
111 60 191050 5 191822
112 39 80322 5 80898
113 80 89583 5 89901
114 39 160046 5 160691
115 25 127189 6 127985
116 39 91324 5 91973
117 60 9662 6 9920
118 56 36646 7 37383
119 50 69316 6 70139
120 51 94473 5 95382
121 80 184151 5 184322
122 81 122284 6 122435
123 81 186067 5 186288
124 50 164390 4 165416
125 15 76079 4 76457
126 15 190781 6 191635
127 81 59275 5 59890
128 17 95713 5 96203
129 67 135737 7 136540
130 6 140541 5 141350
131 60 154073 5 154837
132 36 110624 7 111149
133 25 110595 7 111364
134 15 127149 4 127320
135 25 153611 5 153846
136 56 34879 7 35622
137 17 13582 6 14172
138 64 655 5 1549
139 51 114650 5 115330
140 67 124112 6 124929
141 45 200627 7 200910
142 81 66198 5 67188
143 17 97805 5 98683
144 50 32291 6 32499
145 37 131381 8 131828
146 64 33415 6 34268
147 15 38431 4 39187
148 56 96822 6 97582
149 56 191050 5 192177
150 60 54224 4 55078
151 15 52101 4 52787
152 37 56150 8 56706
153 81 138465 5 138872
154 45 63845 5 64335
155 50 9320 4 9839
156 81 47990 6 48697
157 17 47069 5 48002
158 6 6921 6 7873
159 60 66143 5 67026
160 56 130274 7 130987
161 56 180427 6 180743
162 56 187488 5 188213
163 67 87850 7 88788
164 15 129082 5 129537
165 37 140541 5 141418
166 39 205832 5 206463
167 36 118823 7 119014
168 56 141587 7 142438
169 56 121263 8 122068
170 64 159231 6 159681
171 67 141192 7 141797
172 50 32549 6 33234
173 67 4795 5 5451
174 15 87043 6 87924
175 81 35753 6 36386
176 56 71734 8 72576
177 37 62250 6 62974
178 17 117928 4 118575
179 64 142638 6 143362
180 60 199728 7 200615
181 37 124112 7 125014
182 51 152415 5 152816
183 45 116922 8 117305
184 56 209851 7 210787
185 64 39910 5 40237
186 80 97582 5 98325
187 6 8129 5 8599
188 67 178182 7 178309
189 80 31639 6 31967
190 25 159835 6 160025
191 80 4744 6 5293
192 64 184207 4 185082
193 39 20947 5 21457
194 64 186921 4 187635
195 80 14509 6 15261
196 56 107880 7 108737
197 67 12750 5 13272
198 64 172390 4 173320
199 17 28987 6 29964
200 15 97933 6 98426
201 60 90195 7 90818
202 51 146226 6 146868
203 50 141192 5 141623
204 80 67642 5 68139
205 17 10833 4 11618
206 15 194681 5 195593
207 17 131381 5 132094
208 25 149610 7 150486
209 45 13692 6 13939
210 50 116023 5 117000
211 56 156852 6 157222
212 50 177177 6 178116
213 80 104014 5 104995
214 80 102697 4 103109
215 56 116936 6 117397
216 56 105515 7 106227
217 50 174485 6 175003
218 45 95017 6 95585
219 17 160550 5 160945
220 36 45845 6 46803
221 81 99190 5 99455
222 45 104124 6 104486
223 15 147808 6 148534
224 17 151172 5 152043
225 17 159210 6 159531
226 80 172193 6 172448
227 45 160312 8 161088
228 6 138764 5 139229
229 45 129082 7 129980
230 25 196683 7 197598
231 67 98075 6 98764
232 80 161917 5 162385
233 80 139211 5 140124
234 56 95336 7 96005
235 25 198748 7 199635
236 6 192177 6 192930
237 50 32129 6 32258
238 80 101164 4 101607
239 67 118767 7 119058
240 60 74712 5 75513
241 45 82993 8 83800
242 67 56788 7 57679
243 45 52101 7 52688
244 37 191633 7 192384
245 60 137008 7 137306
246 81 177177 6 177639
247 37 29338 6 29538
248 15 172193 5 172750
249 15 160312 4 161006
250 60 194681 6 195405
251 37 154213 7 155134
252 64 190781 5 191393
253 64 18674 5 19318
254 36 172917 7 173514
255 67 28987 7 29942
256 6 156634 6 157358
257 56 12254 6 13153
258 6 114314 6 115145
259 25 146166 7 146993
260 56 55344 8 56133
261 36 98319 7 99201
262 36 175768 5 176592
263 64 134304 4 134451
264 25 44576 6 45302
265 81 71599 6 71724
266 39 12254 5 12853
267 50 209604 5 210359
268 50 25958 6 26390
269 25 148266 5 149012
270 50 96731 6 97534
271 45 134660 5 135172
272 50 118300 5 119000
273 25 105329 6 106161
274 56 23186 4 24079
275 36 178581 7 179490
276 25 190781 6 191311
277 56 107237 5 107880
278 60 167142 6 168064
279 60 61499 5 62059
280 36 182118 7 182744
281 37 153611 8 153801
282 80 192705 6 193418
283 56 44888 8 45830
284 80 25141 5 26100
285 15 201668 5 202601
286 81 157775 4 158178
287 67 116693 7 117049
288 56 24511 8 25141
289 36 88443 6 89298
290 25 212226 7 212647
291 56 106227 7 106355
292 51 164390 6 164644
293 37 205048 5 205800
294 60 153797 7 153958
295 60 3677 5 4563
296 39 15609 4 15890
297 45 2122 5 2569
298 56 43207 7 43729
299 50 176519 5 177094
300 17 145766 5 146474
301 37 213097 6 214010
302 45 118542 8 119086
303 45 155767 7 155899
304 67 24372 7 24824
305 17 133375 4 134446
306 36 168472 7 169470
307 15 101638 5 102120
308 25 161397 7 162220
309 37 88240 6 88921
310 17 52897 6 53870
311 15 49521 4 50103
312 37 56788 5 56951
313 45 206317 7 206859
314 36 109578 7 109904
315 51 93200 6 94082
316 50 67642 5 68594
317 6 116077 6 116240
318 25 127985 7 128529
319 6 170791 4 171501
320 67 178468 5 179337
321 17 3677 6 4581
322 60 22367 7 22989
323 80 63700 6 64401
324 25 36695 7 36900
325 64 112480 6 113389
326 37 17163 6 18013
327 60 76420 6 77264
328 50 58123 5 58801
329 81 171385 6 171604
330 15 122284 5 122621
331 50 142653 6 143395
332 39 119842 5 120251
333 67 192495 7 192696
334 80 90755 5 91455
335 56 91545 6 92061
336 45 178182 7 178503
337 36 50354 7 51061
338 67 3067 7 3875
339 56 78166 4 78486
340 37 186067 4 187011
341 50 160312 6 160462
342 37 203731 5 204711
343 50 167401 6 167935
344 37 187896 8 188678
345 37 72079 8 72756
346 80 184914 6 185842
347 36 48395 7 48599
348 80 105329 4 105994
349 64 15336 5 16382
350 25 167004 7 167426
351 45 86432 7 87210
352 45 45450 6 46223
353 81 183410 5 184220
354 45 104486 6 105171
355 17 123334 6 123627
356 51 104569 6 105372
357 51 213874 5 214187
358 67 194681 7 195648
359 25 160025 7 160361
360 36 35753 7 36351
361 64 207381 6 207525
362 6 76877 6 77705
363 45 116077 7 116922
364 56 177095 5 177371
365 56 24177 7 24511
366 45 155899 7 156509
367 80 215803 6 216654
368 51 124897 6 125581
369 56 65824 7 66143
370 64 95208 4 95839
371 36 62518 7 63225
372 15 146446 4 147311
373 6 195129 5 196062
374 50 49099 4 49765
375 56 169470 8 170296
376 80 111546 5 112395
377 56 92061 7 92560
378 45 135172 7 135937
379 25 63845 5 64421
380 37 14509 6 15183
381 60 14509 7 15257
382 50 104258 4 104701
383 60 96731 7 97553
384 36 191633 8 192465
385 81 32451 5 33115
386 80 146982 4 147372
387 36 93200 5 94009
388 64 9662 4 9936
389 56 69932 8 70826
390 15 92560 6 93381
391 36 195902 7 196347
392 51 140508 5 140692
393 80 8779 4 9668
394 15 184508 5 185218
395 6 63225 6 63757
396 80 200820 4 201400
397 17 75435 6 76420
398 80 197 5 971
399 80 22239 6 22673
400 37 11911 5 12800
401 36 166596 8 167379
402 37 87385 6 88240
403 50 159210 6 160003
404 17 199815 5 200078
405 56 52897 8 53734
406 51 205048 6 205484
407 45 99190 5 99828
408 50 194681 5 195189
409 67 154322 7 155021
410 15 4525 4 4789
411 67 35622 7 36190
412 56 39181 7 39910
413 6 59275 6 59834
414 36 117928 5 118823
415 37 182807 7 183184
416 67 165797 7 166576
417 64 105481 5 106025
418 25 217199 7 218014
419 81 116922 5 117749
420 80 65316 6 66307
421 6 166887 5 167186
422 50 74828 4 75081
423 67 125792 7 126565
424 64 27301 5 27843
425 56 205981 7 206827
426 45 121149 8 121893
427 60 49621 7 50573
428 67 209364 4 210251
429 64 87955 6 88932
430 56 131121 7 131698
431 51 195902 6 196317
432 25 57989 5 58673
433 45 170791 4 171531
434 51 4744 6 5262
435 37 88998 6 89788
436 64 125792 5 125993
437 39 146310 5 147246
438 50 192465 4 192665
439 15 15336 6 16266
440 25 98319 7 99045
441 25 126361 7 127189
442 36 58490 8 59041
443 6 0 6 557
444 50 152879 6 153713
445 37 198929 6 199815
446 80 196683 6 197337
447 60 4897 7 5604
448 17 12787 6 12995
449 60 152415 4 152838
450 37 165339 6 166181
451 50 212167 4 213032
452 81 144462 5 145253
453 56 164380 8 165106
454 37 43721 8 44642
455 25 202916 5 203751
456 6 125614 4 125753
457 81 161840 6 162748
458 36 63845 4 63984
459 80 144462 5 145217
460 50 34358 5 35218
461 81 216258 5 216779
462 45 126382 4 127149
463 64 151172 5 151387
464 25 87451 7 88012
465 50 26390 6 27372
466 80 143593 5 144366
467 56 38253 8 39181
468 25 13159 4 14156
469 60 151647 5 152205
470 56 179086 7 179957
471 25 153908 6 154427
472 15 31368 6 32171
473 50 196683 5 197543
474 45 134304 6 134660
475 45 127950 7 128395
476 25 19186 5 20003
477 80 113385 5 114192
478 17 132865 6 133375
479 15 148534 4 148895
480 56 27798 7 28570
481 25 172390 7 172530
482 17 188415 5 189082
483 56 217199 7 217928
484 37 21135 4 21833
485 17 173772 4 174002
486 25 47470 5 48453
487 50 124929 4 125894
488 36 148266 5 148909
489 56 109869 6 110379
490 45 167401 7 167720
491 45 150814 7 151800
492 56 31368 7 32156
493 56 15336 8 16189
494 45 154767 8 155767
495 64 146046 4 147032
496 51 151172 5 151452
497 81 4476 6 5367
498 36 73061 7 73919
499 37 176778 7 177495
500 37 115081 7 115789
501 37 130987 4 131381
502 36 111339 7 111548
503 37 50103 4 50258
504 45 12787 7 13692
505 50 113385 6 114185
506 45 7783 6 8086
507 50 94337 5 95093
508 60 85374 5 85581
509 37 162951 5 163831
510 80 217059 5 217220
511 50 122041 4 122847
512 37 116521 6 117518
513 80 52897 5 53497
514 60 89252 7 89755
515 56 60723 5 61546
516 17 74429 6 74830
517 56 22514 7 23186
518 45 185357 5 186206
519 36 152415 8 152721
520 36 42444 7 42925
521 6 8744 6 9598
522 45 186206 5 187061
523 81 91324 5 91527
524 56 113385 6 114015
525 37 150101 7 151073
526 67 80938 6 81446
527 51 108737 6 109532
528 15 149858 5 150042
529 6 10475 5 11162
530 25 176196 5 176979
531 6 181460 4 182316
532 81 178482 6 179236
533 17 189759 4 190490
534 81 177703 5 178419
535 36 135737 8 136470
536 36 21681 6 22646
537 36 143593 7 144375
538 6 83145 5 83451
539 37 78166 4 78824
540 17 200078 5 201070
541 36 197556 8 197869
542 60 62950 7 63793
543 64 116922 4 117988
544 37 16327 6 16806
545 81 69913 5 70301
546 36 181376 4 181813
547 36 138465 6 139378
548 80 109869 6 110517
549 50 165717 5 166233
550 50 22304 6 22755
551 64 206859 6 207381
552 56 103059 8 104014
553 51 69215 5 70034
554 6 47069 5 47537
555 17 92596 6 93441
556 17 14172 4 14776
557 37 182026 5 182730
558 36 212572 7 213040
559 50 5346 5 6077
560 60 182807 5 183899
561 56 112480 7 113340
562 17 109422 6 110090
563 15 20947 6 21451
564 45 97027 6 97805
565 36 218775 5 219403
566 50 146388 4 147310
567 15 79285 6 80151
568 17 212178 6 212373
569 6 95601 6 96518
570 67 190080 5 190781
571 56 60461 5 60723
572 39 17163 6 18137
573 39 194681 5 195440
574 50 97582 4 98245
575 6 106999 4 107358
576 37 89866 6 90742
577 15 45358 5 46265
578 64 175324 6 176041
579 45 38699 6 39417
580 17 9212 4 10129
581 15 204709 6 205575
582 56 82707 7 83097
583 15 170791 6 171532
584 36 167379 7 168472
585 56 200894 7 201682
586 45 27882 5 28807
587 37 41428 5 42380
588 39 143974 4 144310
589 45 41428 4 42386
590 67 148916 7 149729
591 15 174626 5 175000
592 56 50381 7 51156
593 15 111995 4 112807
594 45 115119 6 115881
595 56 25141 5 26046
596 36 90195 6 90619
597 67 205924 5 206820
598 15 28041 4 28424
599 36 59188 5 59741
600 36 116023 8 116521
601 50 98319 4 99112
602 39 211786 5 212052
603 80 162951 5 163125
604 45 78486 5 79486
605 36 150137 4 150833
606 64 17163 6 18192
607 50 68718 5 69316
608 80 205056 6 205721
609 56 110379 7 111137
610 6 39910 5 40287
611 67 191633 6 192149
612 25 162951 6 163796
613 17 53870 6 54188
614 15 28888 4 29481
615 60 62250 7 62505
616 50 76079 4 76409
617 56 189355 7 189676
618 17 94898 6 95713
619 15 198573 5 199320
620 60 219906 6 220436
621 67 83312 7 84045
622 45 52688 7 53418
623 51 45511 5 46048
624 25 84296 7 85042
625 45 159772 8 160026
626 25 85063 6 85808
627 39 39910 5 40337
628 25 171385 7 171886
629 60 165339 6 165999
630 45 203731 6 203946
631 25 129082 4 129970
632 60 87729 5 87955
633 81 193663 5 194598
634 50 63845 5 64696
635 15 32416 5 32776
636 56 123854 8 124112
637 50 170414 5 171253
638 80 168669 5 169114
639 15 11957 5 13005
640 64 207724 6 208338
641 56 155921 7 156718
642 36 71403 7 72307
643 56 34360 7 34879
644 60 13582 5 14271
645 67 75886 5 76747
646 36 94337 4 95073
647 45 142811 8 142978
648 17 163572 5 164390
649 15 63845 5 64784
650 17 69215 5 69932
651 15 30935 4 31230
652 56 28570 5 28762
653 64 34360 4 35067
654 39 115081 6 115841
655 37 134212 5 134985
656 81 14163 5 14630
657 39 176041 5 176213
658 67 49165 7 49621
659 81 155429 5 156075
660 56 212452 5 212661
661 80 194893 5 195247
662 67 94898 4 95523
663 64 180771 6 181592
664 36 147163 8 147855
665 60 132865 6 133034
666 50 186505 4 187465
667 56 210787 7 211786
668 56 174485 6 174626
669 80 38357 5 39136
670 50 179957 4 180393
671 67 7901 5 8129
672 37 149610 5 150101
673 50 86537 4 87091
674 25 142477 5 143322
675 37 190051 7 190751
676 56 73197 4 73672
677 60 59317 6 59613
678 80 68528 6 69171
679 37 161917 8 162888
680 50 148424 5 149031
681 81 21451 5 22269
682 56 156718 5 156852
683 36 95073 5 96001
684 37 36190 6 37043
685 25 85886 7 86588
686 67 186067 5 186981
687 17 199205 6 199666
688 51 16327 5 17113
689 56 5430 7 6171
690 36 68911 8 69647
691 45 97805 7 98744
692 36 66198 4 67038
693 64 92560 6 92689
694 17 72515 6 72864
695 15 177602 5 178309
696 17 60127 5 61097
697 25 143721 7 144193
698 67 143354 7 143721
699 17 159531 6 160481
700 25 97265 6 97897
701 25 180137 7 180877
702 60 107159 6 107918
703 36 38627 8 39452
704 25 117300 7 118290
705 15 22224 4 22500
706 51 171891 6 172503
707 50 95801 5 96098
708 81 45232 4 45989
709 51 102697 6 103472
710 39 188380 5 189215
711 37 45591 5 46580
712 45 153611 8 154375
713 60 147808 5 148623
714 56 133014 6 133292
715 25 177907 6 178248
716 60 62518 7 62950
717 67 181769 7 182494
718 51 190751 6 191590
719 67 129898 7 130095
720 17 119058 5 119782
721 67 196137 4 196827
722 45 201040 7 201668
723 80 171385 6 171618
724 36 9662 7 9817
725 39 161397 5 161820
726 25 202380 6 202661
727 60 169470 5 169859
728 80 100110 5 101065
729 60 138539 5 139372
730 25 24372 5 24934
731 15 17163 6 18016
732 6 213882 4 214453
733 45 54833 7 55692
734 17 153908 5 154767
735 80 94337 6 94505
736 17 205244 5 205570
737 25 192719 7 193060
738 45 49099 4 50126
739 17 49001 4 49356
740 80 141192 6 141968
741 81 39181 5 39950
742 17 116934 5 117928
743 64 116023 4 116822
744 64 4678 5 5062
745 36 18674 8 19211
746 60 52897 7 53315
747 67 215527 7 216611
748 80 49621 5 50359
749 56 152418 8 153101
750 39 153801 5 154678
751 45 100973 6 101638
752 67 59212 6 60088
753 6 32416 6 32796
754 56 80980 4 81922
755 37 129082 6 129875
756 80 36382 5 37361
757 15 68523 6 68718
758 45 177357 7 177895
759 17 45543 5 46399
760 36 135436 8 135737
761 37 27808 8 28624
762 51 181376 6 181592
763 56 200708 7 200894
764 36 81433 7 82344
765 64 36190 6 37017
766 17 54833 6 55419
767 81 88101 5 88509
768 56 159474 6 160175
769 37 73061 5 73925
770 64 22367 6 22819
771 17 139211 5 139389
772 6 160175 5 160887
773 81 147855 5 148648
774 56 105329 4 105515
775 81 62950 6 63897
776 17 158002 4 158497
777 67 147426 7 148299
778 80 39308 6 39465
779 67 206820 6 206966
780 80 147396 5 147613
781 25 165246 7 166199
782 15 64784 4 65582
783 64 127873 5 128293
784 39 38349 5 39178
785 81 18674 6 19230
786 45 15964 7 16323
787 17 69932 6 70628
788 60 166576 6 166769
789 25 132921 4 133698
790 45 142109 8 142811
791 17 40082 4 40572
792 50 158772 6 159029
793 36 124897 8 125614
794 60 126361 7 127107
795 37 107159 6 107912
796 15 207974 6 208898
797 60 179178 6 179615
798 56 27301 7 27798
799 37 138539 8 139365
800 45 71157 7 71485
801 56 29338 4 29522
802 50 181221 6 181460
803 6 125827 5 126714
804 67 110958 7 111108
805 60 116077 7 116520
806 64 141223 6 141778
807 15 50103 6 50423
808 67 85063 7 85439
809 17 166576 6 166703
810 36 141295 5 142021
811 37 195045 7 195912
812 17 58775 6 59188
813 17 84296 5 85063
814 36 203946 7 204709
815 51 106009 6 106771
816 36 104955 6 105854
817 80 9920 6 10166
818 37 82707 8 83508
819 50 24445 5 25010
820 36 121925 7 122284
821 67 93171 7 94157
822 6 132921 5 133820
823 37 109102 7 109301
824 36 33392 8 34136
825 60 137476 4 138484
826 39 210251 6 210375
827 17 220492 5 220877
828 67 130095 5 130495
829 15 93381 5 94127
830 51 116023 6 116208
831 36 187254 6 187993
832 17 125827 6 126640
833 80 64401 5 65031
834 56 28888 6 29192
835 6 19980 6 20336
836 17 36646 5 36770
837 45 30787 8 31591
838 17 115119 5 116071
839 67 197556 7 197693
840 64 29964 4 30798
841 37 77834 8 78002
842 39 4824 5 5524
843 6 151647 5 152528
844 36 204709 8 205372
845 25 44300 7 44465
846 50 193562 4 193945
847 50 198092 5 198711
848 36 103201 5 103375
849 64 97582 5 98370
850 15 10729 6 11460
851 36 51156 5 52101
852 45 40237 7 40899
853 36 122815 8 123334
854 17 198807 4 199002
855 45 179498 5 180393
856 50 65824 6 66211
857 67 90001 7 90679
858 67 201741 6 202416
859 80 85439 6 85722
860 17 8545 6 9212
861 80 191633 4 192419
862 64 119739 6 120523
863 60 25089 4 25982
864 45 136470 7 137008
865 64 48189 4 49176
866 51 147808 6 148424
867 45 69021 4 70196
868 36 111639 5 111878
869 56 135025 5 135785
870 64 2943 4 3643
871 37 141797 7 142412
872 25 115246 6 116084
873 25 134304 5 135141
874 56 33415 7 34360
875 67 8744 5 9604
876 37 146982 6 147896
877 80 116077 5 116471
878 37 39181 7 40166
879 56 134304 5 134447
880 64 91088 5 92064
881 50 86272 5 86537
882 25 43721 7 44270
883 15 135737 5 136146
884 67 214153 6 214456
885 50 75086 6 75434
886 56 202887 7 203731
887 60 215294 7 216040
888 25 76653 5 77630
889 81 122790 6 123596
890 15 7954 5 8191
891 45 125541 8 125827
892 15 88197 4 88927
893 51 103538 6 104324
894 17 171891 5 172873
895 36 198573 6 198881
896 37 121734 6 122608
897 15 164380 5 165150
898 37 0 6 151
899 37 98370 7 98598
900 80 99528 5 100009
901 6 20947 5 21419
902 45 25958 8 26245
903 80 217928 5 218730
904 67 175324 7 176108
905 45 160026 6 160312
906 64 177357 4 178081
907 56 62250 8 62773
908 56 90201 7 91088
909 36 170791 7 171550
910 56 208663 6 209055
911 64 220492 6 221490
912 17 86865 6 87729
913 64 145641 4 145789
914 80 218775 5 219598
915 67 163572 5 164121
916 25 205832 7 206136
917 36 37810 7 38458
918 17 24727 6 25372
919 50 193945 6 194368
920 67 2493 4 3067
921 17 141192 6 141830
922 56 186921 8 187488
923 17 81343 5 82180
924 67 77755 7 78598
925 56 73672 4 74400
926 60 40312 7 41016
927 50 137913 5 138217
928 67 109467 5 109749
929 80 18674 6 19449
930 50 214332 6 215036
931 15 21451 6 22224
932 15 655 6 1598
933 45 201668 8 202628
934 50 83589 5 83951
935 45 130028 8 130262
936 15 207117 5 207974
937 37 21933 7 22707
938 56 144835 7 145675
939 6 130262 6 130782
940 60 208364 6 208710
941 81 37170 6 37526
942 39 209350 4 209714
943 50 175768 5 176509
944 39 160907 4 161190
945 36 195648 6 195902
946 37 157775 5 158169
947 50 166576 5 167322
948 37 127149 5 128003
949 37 7954 6 8343
950 56 70826 7 71734
951 25 187896 5 188814
952 50 95208 4 95772
953 56 204264 4 205048
954 17 73067 4 73915
955 67 219051 6 219646
956 36 173514 7 173863
957 81 124897 6 125058
958 67 23027 7 23847
959 36 82993 5 83145
960 25 49356 5 49510
961 37 35622 5 36117
962 25 135141 4 135965
963 39 68911 5 69731
964 39 205575 5 205832
965 25 50103 5 50717
966 67 208060 5 208818
967 17 89252 4 90227
968 64 136470 5 137316
969 15 213097 6 213845
970 15 60127 6 60398
971 51 78166 5 78291
972 17 160945 5 161306
973 80 122192 4 123180
974 80 85886 6 86817
975 56 171385 8 171888
976 17 42444 6 43171
977 17 216258 5 216611
978 80 164890 5 165224
979 6 203731 5 204489
980 37 105329 6 105502
981 50 208663 5 209604
982 15 109869 5 110686
983 64 50103 5 50603
984 81 163572 6 164276
985 60 195648 6 196574
986 64 215617 5 216454
987 80 198929 5 199695
988 25 72307 7 72790
989 51 54224 6 55169
990 64 105329 5 105481
991 15 177177 6 177602
992 56 102511 8 102785
993 25 34358 7 35265
994 64 211786 6 212676
995 6 201040 6 201722
996 67 213396 6 214153
997 6 129082 6 129910
998 81 132865 6 133012
999 37 119014 8 119842
1000 60 104569 6 105108
1001 56 44300 8 44888
1002 36 119739 6 120421
1003 37 156161 7 156533
1004 56 158002 7 158460
1005 51 193562 6 194279
1006 60 172917 4 173530
1007 64 209567 5 210368
1008 45 187469 5 188221
1009 45 106771 7 107617
1010 64 60127 5 60254
1011 60 161397 7 162283
1012 64 191633 5 192544
1013 60 111955 7 112644
1014 6 188213 6 189206
1015 45 37810 7 38699
1016 17 62950 5 63873
1017 56 134447 6 135025
1018 37 20259 7 21135
1019 81 201040 6 201952
1020 80 15336 5 16288
1021 67 520 7 1358
1022 37 33392 5 34159
1023 15 150101 6 150761
1024 56 86583 7 87385
1025 37 32416 6 32832
1026 17 177177 6 177703
1027 80 20269 5 20613
1028 67 106771 7 106999
1029 17 186067 5 186838
1030 67 130495 6 131265
1031 17 214956 4 215119
1032 50 73672 5 74828
1033 64 202380 6 203282
1034 25 203946 7 204782
1035 25 171888 6 172286
1036 17 46399 5 46668
1037 25 91088 6 91770
1038 67 152418 5 153537
1039 17 171448 4 171631
1040 67 65322 7 65506
1041 25 102697 6 102971
1042 37 65044 6 65534
1043 15 189127 5 189938
1044 80 106009 6 106630
1045 25 73531 7 74239
1046 36 164890 7 165717
1047 17 197869 5 198807
1048 25 213436 5 213820
1049 17 68234 4 69126
1050 67 66265 5 67189
1051 45 149858 6 150814
1052 15 173641 4 174547
1053 50 520 6 1358
1054 15 70826 6 71005
1055 15 82707 5 83012
1056 25 155429 5 156109
1057 80 194681 5 194893
1058 67 63700 7 64693
1059 56 49362 6 49890
1060 80 204563 5 205056
1061 60 205048 6 206211
1062 45 14509 5 15261
1063 60 155429 6 156353
1064 67 199940 5 200820
1065 50 40147 6 40716
1066 6 97805 6 98713
1067 56 21604 6 22514
1068 67 20988 5 21505
1069 6 142477 5 143462
1070 17 195902 4 196722
1071 64 196193 5 196663
1072 6 127985 6 128116
1073 15 179178 4 179951
1074 81 64401 6 65124
1075 45 213892 6 214452
1076 51 110130 5 110369
1077 17 34879 5 35289
1078 80 184322 5 184792
1079 64 22127 5 22367
1080 60 130693 7 131344
1081 51 39308 6 39498
1082 25 0 5 199
1083 67 88998 6 89367
1084 80 60127 5 60915
1085 50 126361 6 127224
1086 36 121090 8 121925
1087 56 39910 6 40131
1088 25 69913 4 70828
1089 36 219403 6 219906
1090 81 26422 6 26574
1091 50 121090 5 122041
1092 80 69199 6 69569
1093 50 160462 5 161171
1094 80 127985 6 128783
1095 25 33415 6 34259
1096 45 157775 8 158583
1097 50 185357 6 185736
1098 45 140186 8 140763
1099 39 190080 4 190820
1100 45 249 7 1057
1101 67 170791 4 171704
1102 25 172719 7 173259
1103 81 93171 6 93862
1104 60 108737 5 109247
1105 36 67897 8 68184
1106 15 102697 5 103614
1107 45 28888 7 29097
1108 56 52101 7 52897
1109 67 219906 7 220326
1110 67 71599 7 72385
1111 37 6171 5 6934
1112 50 132865 6 133439
1113 50 33415 4 34261
1114 39 63225 6 63942
1115 67 115206 7 116023
1116 51 126361 6 127097
1117 51 208339 5 208581
1118 67 39308 7 40114
1119 45 113385 8 113751
1120 60 6171 4 6945
1121 39 210787 5 211138
1122 37 130017 5 130658
1123 45 180393 4 181265
1124 45 92213 8 92738
1125 45 29097 5 29538
1126 56 160175 8 160907
1127 64 173514 6 173696
1128 60 209850 7 210704
1129 80 169470 5 170402
1130 64 90619 5 90946
1131 6 148266 6 148408
1132 64 122790 4 123131
1133 67 205207 5 205361
1134 60 113385 5 113886
1135 36 213742 8 213995
1136 17 74830 6 75435
1137 56 168669 7 168877
1138 15 148916 6 149666
1139 56 198573 8 199215
1140 15 26109 5 26717
1141 51 17163 6 18077
1142 80 89252 6 89459
1143 50 75435 5 75916
1144 17 175324 5 176144
1145 67 53418 6 54195
1146 45 39910 6 40237
1147 36 80948 6 81433
1148 60 18001 6 18630
1149 25 65405 6 66389
1150 17 43721 6 44507
1151 37 105502 7 106009
1152 56 136791 8 137542
1153 36 19393 7 20261
1154 36 99528 4 100110
1155 67 173514 6 174172
1156 36 163572 5 163817
1157 17 83145 6 83921
1158 25 186921 5 187742
1159 60 56111 5 57096
1160 56 171888 5 172719
1161 50 14384 5 15024
1162 39 197693 6 198274
1163 45 114650 5 115105
1164 25 30778 5 31844
1165 81 126361 5 127181
1166 17 137913 4 138325
1167 15 94337 4 94678
1168 67 189355 7 190080
1169 56 32156 7 32955
1170 45 119739 4 120314
1171 80 147808 6 148106
1172 51 77452 6 77605
1173 80 145217 5 146012
1174 36 130899 7 131900
1175 81 84403 5 85100
1176 81 143721 6 144420
1177 80 219906 6 220742
1178 37 178182 6 178545
1179 64 41428 5 42452
1180 45 148909 7 149683
1181 67 165375 5 165797
1182 67 89367 5 90001
1183 45 37070 7 37366
1184 60 203946 5 204860
1185 37 189082 5 190051
1186 67 111764 6 112128
1187 50 70161 5 70540
1188 56 100171 7 101164
1189 67 112128 7 112527
1190 64 57341 4 57582
1191 51 138539 5 139383
1192 51 70161 5 70686
1193 56 173772 7 174485
1194 67 36190 7 36973
1195 25 67189 7 67416
1196 37 94473 7 95228
1197 36 186067 8 186928
1198 6 131828 6 132798
1199 64 164859 4 165422
1200 25 29964 7 30778
1201 56 162449 5 162951
1202 60 67026 7 67844
1203 80 176119 6 177130
1204 17 178339 6 179008
1205 64 134650 5 135575
1206 25 9662 4 10158
1207 17 31368 5 31694
1208 39 167004 6 167238
1209 81 100110 6 101065
1210 17 146982 5 147396
1211 15 132865 4 133083
1212 17 56111 4 56484
1213 56 85063 5 85823
1214 60 102697 5 103627
1215 60 70563 5 71536
1216 17 149610 6 150494
1217 45 3208 7 4037
1218 67 138030 5 138798
1219 25 156109 7 156992
1220 17 76420 4 77193
1221 6 38431 4 38868
1222 45 90619 7 91324
1223 17 129300 6 130028
1224 56 67642 8 67890
1225 6 202380 5 203252
1226 15 66764 5 67289
1227 81 187896 5 188521
1228 17 201465 4 201770
1229 60 0 5 177
1230 45 161397 4 162028
1231 17 59188 5 59837
1232 37 157422 8 157745
1233 56 94337 7 95208
1234 15 156508 5 157407
1235 25 4744 7 5138
1236 15 178339 5 179178
1237 80 149610 5 150352
1238 64 176041 5 176591
1239 25 89252 4 90000
1240 50 92560 4 93354
1241 17 105603 4 106524
1242 60 209350 6 209774
1243 45 193652 4 194579
1244 37 87210 5 87364
1245 37 68311 7 69199
1246 50 39308 6 40147
1247 50 13159 4 13333
1248 25 40603 7 41403
1249 25 151354 7 151973
1250 50 76420 4 77392
1251 67 11126 6 11911
1252 56 114314 6 115081
1253 25 121149 6 121734
1254 45 48354 8 48499
1255 36 89866 7 90195
1256 64 160907 6 161450
1257 25 27301 7 28021
1258 56 88998 7 89252
1259 56 219790 8 220492
1260 25 170791 6 171227
1261 67 171704 4 172562
1262 17 194853 6 195713
1263 56 83312 8 83589
1264 25 112480 6 113476
1265 67 176553 4 177290
1266 45 100110 7 100822
1267 56 219051 8 219790
1268 25 45358 4 46294
1269 56 149858 8 150759
1270 36 55728 8 56111
1271 60 119988 5 121078
1272 36 40312 6 41079
1273 67 205076 4 205207
1274 64 118300 4 119457
1275 39 66930 6 67070
1276 64 108737 4 109516
1277 17 48782 6 49001
1278 50 4476 5 5346
1279 56 129082 8 129919
1280 80 151896 6 152634
1281 80 183410 5 183602
1282 15 176017 4 176721
1283 37 139365 6 140257
1284 15 41428 4 42293
1285 37 131828 7 132655
1286 37 172097 5 172970
1287 67 198720 4 199761
1288 64 63407 5 64098
1289 25 26172 7 27110
1290 36 170414 7 170791
1291 67 133375 7 134212
1292 60 213097 6 213897
1293 37 125614 7 125887
1294 67 33415 6 34358
1295 67 56488 7 56788
1296 6 111639 6 112425
1297 50 187896 4 188182
1298 25 3040 7 3778
1299 60 41428 4 42487
1300 50 20947 6 21308
1301 15 183633 6 184195
1302 37 2514 7 3119
1303 50 178482 5 179324
1304 17 161840 6 162508
1305 60 176519 6 176799
1306 50 157775 5 158772
1307 64 104522 6 105329
1308 36 5366 7 6102
1309 67 1723 4 1998
1310 50 56438 4 57205
1311 81 189082 6 189633
1312 81 111546 6 111880
1313 80 27301 5 28027
1314 67 49621 4 50651
1315 56 192748 6 193562
1316 15 161917 5 162387
1317 45 46756 5 47092
1318 15 171532 4 172193
1319 60 142109 5 142435
1320 36 106771 7 107439
1321 37 65534 4 65681
1322 45 156852 4 157775
1323 25 178742 7 179474
1324 51 144646 5 145349
1325 56 3630 7 4476
1326 81 57341 6 58162
1327 36 74712 7 75241
1328 80 109194 4 109815
1329 15 153611 6 154302
1330 56 47875 5 48287
1331 50 178182 5 178482
1332 80 200078 4 200584
1333 56 66143 7 66915
1334 37 126361 5 126544
1335 37 29741 8 30475
1336 56 11430 6 12254
1337 51 212178 6 212562
1338 56 119042 7 119886
1339 45 213097 8 213892
1340 25 60576 5 61246
1341 80 73531 5 74198
1342 81 166219 5 166610
1343 17 207959 6 208710
1344 37 197556 4 197995
1345 67 98764 7 99563
1346 80 45540 6 46268
1347 37 31639 4 32302
1348 15 203946 4 204650
1349 39 85063 6 85355
1350 45 173641 7 174384
1351 60 163572 6 164354
1352 37 57278 6 57469
1353 81 130762 6 131746
1354 36 24313 5 24674
1355 6 101638 5 102539
1356 80 182026 5 182842
1357 80 199728 6 199978
1358 15 214899 6 215272
1359 17 1723 5 2031
1360 81 174437 6 175144
1361 56 131698 7 132029
1362 56 54478 5 54713
1363 67 21505 7 22371
1364 51 36190 4 37070
1365 60 127950 6 128782
1366 37 9320 5 10408
1367 25 136470 6 137186
1368 56 92560 8 93320
1369 60 80151 6 80867
1370 36 164121 8 164890
1371 15 159210 5 160215
1372 51 180409 5 181228
1373 6 207115 6 207689
1374 45 123774 8 124683
1375 56 122846 4 123854
1376 67 119739 7 120449
1377 17 179086 5 179859
1378 56 209055 4 209461
1379 50 15336 6 16210
1380 15 107159 6 107387
1381 64 28888 5 29768
1382 37 4476 5 5439
1383 36 25958 4 26733
1384 64 11911 5 12809
1385 60 15659 4 16003
1386 81 127950 6 128745
1387 56 1531 8 2493
1388 25 25141 4 26172
1389 15 141797 5 142657
1390 36 1791 8 2122
1391 36 63225 6 63813
1392 80 165224 6 166052
1393 25 95408 6 96042
1394 60 49237 6 49443
1395 45 20947 6 21325
1396 36 52101 7 53026
1397 56 203731 8 204264
1398 50 211786 6 212167
1399 80 137913 6 138583
1400 67 96405 7 97248
1401 15 38253 4 38431
1402 45 143721 7 144434
1403 45 131546 5 131861
1404 25 14572 6 15366
1405 6 86272 6 87118
1406 25 152418 6 153123
1407 50 78598 5 79304
1408 37 102697 7 103691
1409 39 21818 4 22711
1410 60 162449 7 163304
1411 45 73061 6 73834
1412 56 45830 7 46756
1413 64 2149 6 2598
1414 45 2569 8 3208
1415 60 200820 7 201432
1416 17 187896 4 188168
1417 15 209055 6 209843
1418 37 174626 5 175073
1419 67 86364 7 87033
1420 80 72576 6 73198
1421 36 126361 8 126978
1422 67 64693 7 65322
1423 60 149858 5 150755
1424 37 79285 8 79816
1425 37 140257 8 140497
1426 17 114650 6 115119
1427 37 25958 6 26758
1428 64 148288 5 149071
1429 81 199728 5 200216
1430 37 192465 6 193335
1431 15 134790 5 135556
1432 51 60127 6 60787
1433 80 90619 6 90755
1434 60 217928 5 218703
1435 50 154767 6 155618
1436 81 150833 6 151551
1437 45 159231 5 159772
1438 39 8545 4 9275
1439 51 182026 6 182728
1440 36 113385 7 114314
1441 80 30935 4 31639
1442 37 183410 5 184399
1443 45 138764 8 139222
1444 56 125062 7 125887
1445 56 61546 7 62250
1446 6 199728 6 200580
1447 6 74327 4 74795
1448 56 83589 8 84177
1449 67 214456 6 215167
1450 17 140186 5 140850
1451 39 109015 5 109959
1452 67 128017 7 128979
1453 56 174626 8 174974
1454 80 22070 6 22239
1455 39 96405 5 96657
1456 25 15366 7 16053
1457 64 205392 5 206316
1458 67 101164 7 101942
1459 56 84177 8 84910
1460 81 129082 6 129760
1461 60 178182 6 179090
1462 39 212452 6 213221
1463 64 74759 5 75668
1464 60 35622 7 36196
1465 56 91088 8 91545
1466 60 26782 5 27165
1467 25 186067 5 186798
1468 67 0 5 520
1469 25 14156 5 14539
1470 50 8545 5 9294
1471 67 139211 7 140155
1472 36 135172 7 135436
1473 56 189676 7 189931
1474 45 64665 7 65586
1475 50 182137 5 182641
1476 81 118542 5 119403
1477 64 69506 5 70563
1478 60 179957 4 180743
1479 15 67289 4 67428
1480 67 106999 7 107506
1481 17 158497 5 159065
1482 56 56133 8 56488
1483 80 81341 5 81801
1484 80 56488 6 57470
1485 36 134446 6 135171
1486 64 106999 5 107762
1487 56 19968 7 20947
1488 56 87385 8 88375
1489 17 105329 6 105603
1490 36 91245 5 91799
1491 56 217928 8 218775
1492 64 70563 6 71445
1493 17 24318 5 24727
1494 81 209604 5 209736
1495 37 38676 5 39133
1496 25 36012 6 36694
1497 37 91587 7 91772
1498 50 150823 5 151581
1499 50 162220 6 163025
1500 67 151665 6 152108
1501 39 110090 6 110835
1502 45 8545 5 9320
1503 51 81057 5 81738
1504 36 4525 7 4773
1505 64 180395 5 180771
1506 36 117300 8 117817
1507 60 173641 5 174580
1508 37 108346 8 109102
1509 60 121090 5 121588
1510 60 11957 5 12331
1511 25 150486 7 150823
1512 15 18119 4 18543
1513 36 69647 4 70432
1514 80 24372 5 24859
1515 45 46223 4 46416
1516 64 78598 4 79587
1517 39 97805 5 98544
1518 56 75024 5 75842
1519 51 14509 5 15210
1520 25 81122 6 81602
1521 6 137476 5 138200
1522 60 20835 7 21818
1523 56 10729 7 11430
1524 64 150240 5 151107
1525 36 100110 8 100928
1526 45 57582 6 58023
1527 36 26733 7 26971
1528 45 195648 6 196392
1529 15 29522 5 30024
1530 37 122790 5 123573
1531 45 60489 7 61357
1532 45 66930 6 67724
1533 50 112480 6 113016
1534 17 26437 6 26599
1535 17 20947 5 21933
1536 17 174002 6 174982
1537 25 29022 7 29251
1538 80 115081 5 115314
1539 45 43207 5 44116
1540 37 219403 6 219791
1541 50 190477 6 191299
1542 80 8129 4 8635
1543 60 53418 7 54169
1544 15 118300 5 118771
1545 80 106771 5 107487
1546 37 18013 7 18278
1547 15 200708 6 200906
1548 25 20999 5 21654
1549 50 62773 6 63630
1550 50 130693 4 130838
1551 15 25958 5 26109
1552 50 55728 5 56438
1553 56 9662 8 10475
1554 15 72385 5 72705
1555 36 11148 6 11957
1556 36 160550 7 161467
1557 60 218775 6 219559
1558 25 6921 5 7906
1559 50 72385 6 73213
1560 51 97064 5 97815
1561 80 186067 5 186457
1562 25 213820 6 214295
1563 17 82707 4 82951
1564 17 203731 6 204373
1565 64 147426 6 148288
1566 6 121149 6 121986
1567 50 50103 4 50973
1568 6 80322 6 80984
1569 6 214453 5 215194
1570 80 108737 5 109194
1571 80 13159 4 13950
1572 45 209162 8 209927
1573 25 166219 7 167004
1574 64 156161 6 157108
1575 56 211786 8 212452
1576 37 114314 6 115059
1577 25 32451 4 33023
1578 6 21933 5 22775
1579 37 179195 6 180157
1580 51 12254 5 13154
1581 36 96731 8 97064
1582 56 180743 7 181123
1583 25 20003 7 20999
1584 17 213097 6 213874
1585 36 72307 6 73061
1586 64 40312 6 41075
1587 37 95801 4 96450
1588 80 188380 5 188537
1589 50 59741 6 60580
1590 15 139211 4 139737
1591 50 183689 4 184545
1592 37 69199 8 70135
1593 64 180157 6 180395
1594 60 159474 5 160233
1595 6 154073 5 154320
1596 50 213097 6 213882
1597 56 2493 7 2943
1598 36 104258 5 104955
1599 45 152879 7 153611
1600 56 216271 7 216720
1601 50 80151 5 80802
1602 56 132029 5 132865
1603 36 173863 6 174830
1604 45 211786 8 212773
1605 64 213097 5 213938
1606 37 148909 4 149280
1607 56 128261 7 129082
1608 64 68870 4 69506
1609 15 13159 4 13486
1610 50 146046 5 146388
1611 64 106161 6 106417
1612 17 142464 5 142675
1613 15 186067 4 186587
1614 51 217059 5 217840
1615 17 148916 5 149610
1616 67 192149 7 192495
1617 50 153801 6 154581
1618 45 139739 7 140186
1619 45 35622 8 36192
1620 60 160312 6 161250
1621 60 109467 6 110130
1622 17 4581 5 4877
1623 67 8129 6 8521
1624 45 196683 6 197617
1625 37 51156 5 51585
1626 67 142109 6 142464
1627 25 7954 5 8227
1628 67 143721 7 144262
1629 80 75886 6 76241
1630 60 202227 6 202987
1631 81 103538 5 104290
1632 15 62950 6 63093
1633 45 61546 8 61708
1634 15 23204 5 24151
1635 67 111108 5 111764
1636 56 181123 6 182137
1637 56 46913 5 47470
1638 56 59688 6 60461
1639 17 77193 4 78274
1640 36 144462 4 144968
1641 64 8545 6 9304
1642 67 168092 7 168970
1643 25 53842 7 54835
1644 56 176299 5 177095
1645 17 182026 5 182416
1646 17 181150 5 182026
1647 67 184552 7 185122
1648 56 13159 8 13889
1649 50 42792 4 43769
1650 67 119058 7 119358
1651 81 18001 5 18250
1652 67 186981 6 187469
1653 50 27808 5 28635
1654 37 59275 6 60127
1655 37 164121 5 164384
1656 64 167401 5 167764
1657 67 131265 7 132037
1658 64 45232 5 45679
1659 80 150823 4 151844
1660 56 101164 8 101969
1661 56 124897 7 125062
1662 81 78166 6 78889
1663 25 107159 7 107568
1664 64 126361 6 127106
1665 6 205048 5 205790
1666 56 106355 7 106769
1667 64 102697 5 103436
1668 45 18001 6 18157
1669 67 74076 7 74327
1670 67 15555 6 16286
1671 6 116240 6 116854
1672 51 215617 5 216525
1673 17 94337 6 94898
1674 15 86272 5 87043
1675 50 102697 5 103260
1676 36 114650 8 115544
1677 67 157775 7 158530
1678 67 211786 7 212553
1679 56 172719 8 172862
1680 64 58785 5 59773
1681 80 32129 5 32841
1682 15 13889 5 14226
1683 80 57508 5 58144
1684 25 100973 7 101296
1685 64 201668 5 202380
1686 45 167720 8 168585
1687 25 82707 6 83315
1688 6 158002 5 158897
1689 45 110592 7 111299
1690 25 111639 6 112382
1691 80 154767 5 155496
1692 36 10475 7 11148
1693 80 43207 5 44065
1694 6 24445 4 25011
1695 6 99190 5 99813
1696 64 37810 5 38575
1697 6 71267 6 72158
1698 67 206966 7 207383
1699 15 89866 5 90058
1700 36 177907 4 178581
1701 37 111639 5 112491
1702 50 117928 5 118267
1703 15 27301 6 28041
1704 39 202227 6 203182
1705 56 170791 7 171385
1706 60 4581 6 4897
1707 51 177177 5 178106
1708 15 30024 6 30935
1709 51 64099 6 64349
1710 45 71734 4 72240
1711 6 207726 4 208547
1712 45 125827 7 126382
1713 36 190816 5 191633
1714 37 101638 6 102447
1715 60 135737 5 136440
1716 50 36012 5 36713
1717 67 136540 7 137177
1718 60 2943 5 3635
1719 80 211786 5 212630
1720 36 9974 8 10228
1721 25 62518 7 63443
1722 50 203801 5 204689
1723 6 25011 4 25753
1724 50 123334 4 123758
1725 80 82707 6 83221
1726 17 67080 6 67539
1727 64 194681 6 194837
1728 36 210251 7 210377
1729 25 200627 7 201613
1730 56 139739 8 140508
1731 15 33415 6 34307
1732 45 76877 6 77250
1733 36 129082 8 129300
1734 80 76420 5 77091
1735 45 91324 4 92213
1736 17 71717 6 72515
1737 36 92560 5 93188
1738 64 99190 4 100155
1739 60 121734 7 121920
1740 37 112491 7 112779
1741 60 106355 5 107146
1742 15 156161 5 156385
1743 6 122041 6 122660
1744 60 23367 4 24345
1745 50 219906 6 220158
1746 45 202916 4 203409
1747 17 214061 5 214956
1748 56 97582 7 98395
1749 60 129848 7 130572
1750 45 119086 7 119467
1751 15 105646 5 105909
1752 45 13939 7 14294
1753 39 195648 5 196560
1754 45 4824 8 5516
1755 67 19186 7 19980
1756 60 143354 5 143859
1757 80 118300 5 119049
1758 64 103538 5 104522
1759 67 80151 7 80938
1760 56 138016 5 138465
1761 37 1531 5 2514
1762 67 62763 7 63700
1763 36 68184 4 68323
1764 80 62518 5 63307
1765 17 186921 5 187876
1766 17 132094 6 132291
1767 64 38849 6 39808
1768 37 190751 8 191534
1769 64 154073 6 154983
1770 56 177371 5 178189
1771 56 130987 8 131121
1772 50 60580 4 61175
1773 50 174002 5 174176
1774 36 2943 7 3677
1775 80 209851 6 210272
1776 37 109749 4 110164
1777 37 57508 8 58123
1778 25 182118 6 182613
1779 25 219906 7 220617
1780 36 125614 8 126315
1781 45 122790 4 123774
1782 64 198092 5 199147
1783 37 110295 7 110971
1784 45 82707 4 82993
1785 17 202916 5 203172
1786 80 174437 6 175290
1787 64 83097 5 83586
1788 56 29741 8 30419
1789 56 216720 8 217199
1790 67 67189 4 67899
1791 64 132272 4 133054
1792 80 95017 5 95710
1793 60 207724 6 208364
1794 80 157775 5 158612
1795 67 146396 6 146896
1796 80 35753 5 36382
1797 80 66307 5 67168
1798 80 28888 5 29763
1799 39 148288 6 148567
1800 39 39308 5 39472
1801 36 197869 7 198406
1802 81 81721 6 82516
1803 45 29964 7 30787
1804 51 67642 6 68437
1805 51 38627 6 38878
1806 45 53418 8 54169
1807 64 170791 4 171356
1808 45 192149 6 192705
1809 56 214332 8 214899
1810 37 94337 6 94473
1811 25 22704 4 23475
1812 64 187896 6 188625
1813 25 139739 4 140060
1814 37 27301 5 27808
1815 36 30176 5 31124
1816 25 83589 6 84296
1817 60 199205 5 199361
1818 81 209851 5 210015
1819 45 137913 7 138764
1820 60 124207 5 125136
1821 37 3119 8 3945
1822 80 11911 5 12778
1823 17 7783 5 8545
1824 25 49510 5 49789
1825 56 16327 7 16998
1826 60 164390 7 165230
1827 36 29188 6 30176
1828 37 207115 5 208229
1829 67 166576 7 167294
1830 60 64401 4 65316
1831 36 105854 6 106771
1832 64 121149 6 122053
1833 67 44296 7 44893
1834 37 26758 7 27134
1835 37 161006 6 161917
1836 50 29964 5 30789
1837 50 180393 5 180734
1838 56 188213 7 188518
1839 45 141192 8 142109
1840 56 214899 5 215527
1841 25 97933 7 98319
1842 37 199815 8 200298
1843 60 184914 5 185697
1844 60 60527 6 61341
1845 56 75842 5 76653
1846 6 155945 5 156634
1847 60 191822 7 192378
1848 64 150101 5 150240
1849 80 156109 6 157070
1850 67 145455 7 146396
1851 67 46214 7 47069
1852 39 45543 6 46216
1853 67 164121 5 164859
1854 17 116077 4 116458
1855 81 164859 5 165794
1856 37 93171 7 93875
1857 50 55028 6 55272
1858 6 13582 6 14273
1859 45 56111 5 56440
1860 45 175202 7 175768
1861 56 218775 8 219051
1862 56 40131 5 40634
1863 39 29522 5 30050
1864 45 85063 5 85740
1865 67 200820 6 201741
1866 64 13582 6 14418
1867 37 71599 4 72079
1868 15 63093 6 63845
1869 15 165150 4 165533
1870 56 139211 8 139739
1871 50 114314 4 115208
1872 37 136791 5 137882
1873 51 184322 6 184835
1874 15 184207 6 184508
1875 45 162750 8 163046
1876 56 108737 7 109466
1877 60 94337 5 95033
1878 36 108293 7 109015
1879 50 218775 6 219099
1880 81 139211 5 139794
1881 37 65824 7 66764
1882 6 119842 6 120402
1883 56 66915 5 67642
1884 39 135785 6 136196
1885 17 15609 5 15885
1886 56 18001 5 18195
1887 36 198406 4 198573
1888 17 202227 6 202916
1889 15 100232 6 101211
1890 17 192177 6 192576
1891 80 74327 6 75156
1892 36 88101 7 88443
1893 80 189127 6 190252
1894 50 188213 5 189062
1895 6 180771 4 181398
1896 15 83145 6 84025
1897 45 65824 7 66198
1898 60 140541 6 141474
1899 45 151896 5 152879
1900 15 130028 6 130899
1901 80 207581 5 208351
1902 50 175202 6 175638
1903 67 55728 6 56464
1904 60 116693 5 117486
1905 36 47470 7 48395
1906 80 133375 6 133712
1907 80 22673 4 23437
1908 64 80938 5 81542
1909 81 40634 6 41496
1910 56 111137 5 111376
1911 81 197693 6 198384
1912 80 148266 5 149169
1913 36 41428 7 42444
1914 67 116023 7 116693
1915 36 142021 7 142493
1916 17 22646 6 23367
1917 37 180157 7 181153
1918 36 155429 8 155945
1919 17 138325 5 138534
1920 67 192696 7 193663
1921 80 121090 5 121823
1922 50 207726 6 208416
1923 56 146982 7 147808
1924 15 99190 5 99936
1925 81 38627 5 38790
1926 51 121090 6 121808
1927 81 8129 6 8674
1928 64 203731 6 204548
1929 45 47092 6 47990
1930 67 100110 5 101026
1931 25 208341 7 208946
1932 67 37810 5 38505
1933 25 205048 5 205735
1934 45 182849 7 183402
1935 36 151647 8 152415
1936 81 68870 5 69583
1937 81 199 4 975
1938 67 197693 7 198044
1939 50 44296 6 44841
1940 60 123334 5 124053
1941 50 16327 6 16925
1942 25 215617 5 216355
1943 45 72307 5 72761
1944 67 34358 7 35173
1945 36 194853 7 195243
1946 81 67724 4 68645
1947 6 90201 6 90628
1948 15 55344 4 55656
1949 56 109466 4 109869
1950 17 65824 6 66665
1951 64 124929 6 125136
1952 60 104014 7 104569
1953 36 76079 8 77026
1954 60 34358 6 35047
1955 15 147426 5 147766
1956 80 96405 5 97093
1957 64 57582 5 57873
1958 67 14509 6 15261
1959 25 215145 7 215588
1960 37 116023 6 116199
1961 15 131381 5 131937
1962 36 176592 8 177534
1963 67 82707 7 83250
1964 56 59188 5 59688
1965 25 18001 7 18454
1966 80 130987 6 131108
1967 39 103201 5 103472
1968 17 184071 5 184917
1969 50 45232 4 45511
1970 25 93171 5 93529
1971 56 185357 8 186067
1972 25 21681 6 22704
1973 56 209617 7 209851
1974 60 9920 7 10133
1975 67 108346 7 109160
1976 36 190253 6 190816
1977 56 195934 5 196683
1978 25 201613 7 202274
1979 15 95801 5 96190
1980 25 41626 7 42469
1981 39 116077 6 116753
1982 64 85313 6 85455
1983 25 175433 4 176196
1984 37 46756 5 47438
1985 45 9320 8 10242
1986 80 42239 6 43047
1987 17 33415 5 34229
1988 36 153382 7 153908
1989 45 27301 5 27882
1990 80 126382 5 126937
1991 17 37070 5 37421
1992 51 57989 6 58260
1993 25 2493 4 3040
1994 60 119739 7 119988
1995 39 69932 5 70915
1996 60 101638 6 102539
1997 37 160175 6 160470
1998 36 163162 7 163361
1999 80 83312 5 84037
2000 51 75668 5 76396
2001 80 17163 6 17981
2002 50 37810 4 38349
2003 80 175324 4 176119
2004 17 100232 5 100616
2005 60 158497 6 159071
2006 64 208338 5 209080
2007 81 151647 5 152543
2008 37 75086 7 76001
2009 6 102971 6 103173
2010 51 29522 6 29901
2011 64 53418 6 54184
2012 50 119739 5 120503
2013 60 27301 4 27884
2014 6 1810 6 2182
2015 80 201668 5 202383
2016 36 59741 7 60610
2017 25 68234 5 69069
2018 25 74400 5 75193
2019 15 161006 5 161463
2020 45 137008 7 137913
2021 50 14005 6 14384
2022 81 175768 6 176283
2023 25 130017 6 130394
2024 80 167401 4 168217
2025 39 205048 6 205256
2026 56 48287 4 48555
2027 64 67685 6 68692
2028 64 24463 4 25033
2029 80 10729 6 11508
2030 25 122457 4 123411
2031 45 6171 8 6982
2032 81 97027 5 97308
2033 64 49176 5 49977
2034 64 139424 6 139554
2035 81 136470 6 137219
2036 36 61708 7 62518
2037 25 118300 7 119289
2038 25 102971 6 103293
2039 56 655 7 1531
2040 50 0 4 385
2041 56 102785 4 103059
2042 39 199728 6 200638
2043 60 91088 7 91964
2044 67 61499 7 62243
2045 45 25089 8 25958
2046 45 112480 7 112922
2047 45 55728 6 56034
2048 50 161397 5 161918
2049 56 192177 7 192748
2050 56 182137 7 182807
2051 80 213097 6 213968
2052 17 137186 5 137796
2053 39 58775 5 59375
2054 15 102120 5 102697
2055 56 63604 5 64099
2056 45 19393 4 20269
2057 81 90755 6 90888
2058 15 106227 6 106615
2059 50 205575 6 205853
2060 25 144193 5 144646
2061 37 166219 6 166617
2062 50 189759 5 190477
2063 56 198092 8 198441
2064 36 146310 5 147163
2065 36 180345 4 180926
2066 50 156109 6 156644
2067 45 131861 7 132701
2068 45 56440 7 57341
2069 17 41482 5 42041
2070 64 189759 5 190620
2071 36 171550 6 172097
2072 37 143354 4 143974
2073 36 6921 4 7832
2074 80 116693 4 117629
2075 37 24327 5 24749
2076 50 7954 6 8260
2077 36 136470 7 137301
2078 51 520 5 1363
2079 80 197556 6 198441
2080 81 184322 6 184892
2081 60 12331 7 12824
2082 50 47470 6 47633
2083 80 171888 6 172136
2084 81 192465 6 192789
2085 36 32129 8 32416
2086 39 185357 5 186199
2087 37 142464 4 143240
2088 39 214956 5 215790
2089 15 57278 4 58218
2090 45 197693 7 197876
2091 56 46756 7 46913
2092 37 64401 6 64942
2093 80 107880 5 108356
2094 67 43721 4 44296
2095 17 104699 6 105329
2096 80 160907 6 161430
2097 25 73061 5 73531
2098 64 4476 6 4678
2099 37 215617 6 216467
2100 51 74828 6 75071
2101 36 155945 8 156748
2102 6 75024 5 75581
2103 80 206087 5 206812
2104 37 34358 5 34486
2105 64 66143 5 66874
2106 64 168669 6 169060
2107 50 52101 4 52941
2108 64 25033 5 25838
2109 51 206827 5 207566
2110 15 14226 6 14855
2111 15 76457 6 77452
2112 36 180926 7 181376
2113 64 174830 5 175213
2114 36 188213 8 189123
2115 50 202916 5 203801
2116 56 30419 6 31368
2117 25 177602 7 177835
2118 15 87924 6 88197
2119 81 8744 5 9604
2120 15 58490 5 59317
2121 37 80322 7 81255
2122 50 18674 5 19257
2123 80 205721 4 206087
2124 37 153101 6 153610
2125 81 215167 6 215862
2126 56 86272 7 86583
2127 36 85063 4 85886
2128 17 103201 5 104258
2129 37 50258 7 51020
2130 45 21325 5 22035
2131 25 55028 7 55538
2132 81 20947 6 21078
2133 25 8545 7 9247
2134 45 102697 5 103538
2135 56 67890 6 68047
2136 60 68523 7 69478
2137 81 219790 6 220336
2138 81 180157 5 181125
2139 25 213097 6 213436
2140 80 92560 5 93620
2141 36 192465 8 192912
2142 60 24372 4 24929
2143 56 122068 6 122846
2144 60 197693 7 198074
2145 17 162750 4 163530
2146 56 199728 5 200708
2147 67 81446 7 81628
2148 64 62773 6 63407
2149 17 45232 6 45543
2150 17 121499 6 121721
2151 56 132865 8 133014
2152 6 54224 5 54803
2153 56 137542 7 138016
2154 45 62250 5 63207
2155 36 132029 6 132952
2156 67 181002 7 181769
2157 36 56871 6 57278
2158 67 91433 4 92248
2159 56 151172 7 151896
2160 15 189939 6 190657
2161 36 182807 7 183633
2162 50 173514 6 173867
2163 36 109422 7 109578
2164 64 101638 6 102244
2165 37 62974 5 63684
2166 37 34879 5 35297
2167 67 60127 7 60522
2168 45 190876 6 190998
2169 50 59188 6 59573
2170 64 162306 4 162579
2171 51 32129 6 32848
2172 64 138106 4 138371
2173 81 105481 5 106326
2174 17 176144 4 177177
2175 15 90619 6 91373
2176 45 106044 7 106757
2177 45 92738 5 93676
2178 6 97064 5 97361
2179 67 73672 5 74076
2180 17 139389 6 140148
2181 37 208338 6 209362
2182 67 72385 7 73067
2183 6 215272 5 215626
2184 25 157775 6 158666
2185 17 4897 6 5624
2186 25 108346 5 109243
2187 64 73823 4 74559
2188 36 17163 6 18119
2189 15 2493 4 3054
2190 51 129082 5 129713
2191 67 85439 7 86364
2192 64 88998 5 89567
2193 60 73531 4 74466
2194 15 34879 5 35602
2195 64 127149 5 127873
2196 45 166576 5 167401
2197 17 40603 5 41444
2198 56 104919 8 105321
2199 25 214332 4 215145
2200 80 21743 6 22070
2201 67 184426 4 184552
2202 56 140508 8 141223
2203 64 45845 5 46484
2204 45 76420 4 76877
2205 81 108737 5 109614
2206 45 73834 6 74330
2207 60 46108 7 46869
2208 17 46756 5 46930
2209 60 49099 5 49237
2210 37 104631 6 105117
2211 56 99190 5 100171
2212 80 78598 5 79593
2213 64 109578 6 109718
2214 37 198044 6 198840
2215 81 1723 6 1981
2216 45 174384 4 175202
2217 56 209461 6 209617
2218 25 191633 4 192719
2219 15 55728 5 56483
2220 39 216271 5 216918
2221 17 189082 6 189759
2222 25 138539 5 138940
2223 56 148909 8 149616
2224 25 156992 7 157404
2225 25 52101 7 53043
2226 25 48453 7 49255
2227 56 56488 8 57422
2228 25 70915 7 71412
2229 25 39308 7 40107
2230 50 102120 5 102346
2231 25 114650 6 115246
2232 60 48395 5 49045
2233 56 145675 7 146216
2234 25 57508 7 57989
2235 60 28888 6 29690
2236 25 92560 7 93011
2237 80 69913 6 70761
2238 67 177813 6 178182
2239 37 25010 5 25749
2240 64 182849 4 183109
2241 15 45232 5 45358
2242 37 40237 7 40919
2243 15 96731 5 97314
2244 50 84554 6 85374
2245 37 48607 6 49725
2246 37 164859 8 165183
2247 37 169470 5 169933
2248 56 141223 6 141587
2249 60 79285 5 79624
2250 15 13582 6 13850
2251 80 2690 6 3370
2252 56 124112 8 124897
2253 56 142438 8 143188
2254 64 72385 5 72661
2255 45 219906 6 220779
2256 80 170414 6 171202
2257 51 156634 5 157025
2258 17 11911 6 12786
2259 36 97314 7 98075
2260 37 145675 5 146226
2261 64 181769 6 181974
2262 6 118542 6 118819
2263 67 48516 5 49165
2264 60 8129 6 8623
2265 17 211786 6 212178
2266 56 197804 7 198092
2267 45 54224 5 54833
2268 81 6921 6 7865
2269 64 37170 6 37521
2270 81 46214 6 47128
2271 50 106161 6 106877
2272 37 54713 6 55393
2273 37 97027 6 97987
2274 36 130017 7 130899
2275 37 80151 7 80322
2276 50 186067 6 186505
2277 60 156508 6 157362
2278 36 160046 4 160375
2279 50 199728 5 200567
2280 50 205853 5 206517
2281 39 24727 5 25382
2282 36 213995 8 214725
2283 25 96731 6 97265
2284 64 76420 4 77234
2285 36 87133 7 88101
2286 45 103538 8 104124
2287 39 134447 6 135275
2288 64 133375 5 134216
2289 15 39308 5 40152
2290 60 92061 4 92596
2291 67 28004 5 28987
2292 6 36382 5 37229
2293 37 151172 6 152119
2294 50 23027 5 23879
2295 17 192705 6 193159
2296 50 195247 5 195435
2297 37 83589 8 84554
2298 51 88375 5 89313
2299 17 23367 6 24318
2300 67 74900 7 75886
2301 80 153801 6 154190
2302 36 56111 7 56871
2303 67 118300 7 118767
2304 50 100973 4 101873
2305 36 124207 7 124562
2306 17 134446 5 135173
2307 50 10475 5 10852
2308 25 55728 6 56649
2309 39 56111 5 56897
2310 56 116077 7 116936
2311 39 101638 5 102546
2312 51 83097 6 83845
2313 67 121499 7 122192
2314 15 180743 6 181689
2315 81 156508 6 157188
2316 64 131381 5 132272
2317 15 36012 4 36763
2318 51 19393 5 20244
2319 36 0 7 361
2320 17 29964 5 30757
2321 45 124897 5 125541
2322 15 183410 6 183603
2323 25 75193 5 76004
2324 39 208339 5 209235
2325 37 152415 6 153040
2326 45 195129 6 195391
2327 15 205575 4 206144
2328 80 132272 5 133069
2329 67 113385 5 114543
2330 15 107387 6 107631
2331 64 130017 6 130871
2332 60 166887 5 167142
2333 56 40634 7 41482
2334 60 146344 4 147299
2335 45 108737 7 109711
2336 51 20947 6 21289
2337 60 46913 6 47627
2338 56 54713 7 55344
2339 37 74712 7 75086
2340 45 24372 5 24891
2341 81 149610 5 150556
2342 15 120085 4 120939
2343 67 148299 7 148900
2344 36 102135 6 103082
2345 25 32291 7 32451
2346 60 159210 7 159436
2347 56 173514 6 173772
2348 60 95801 6 96259
2349 64 32129 4 32757
2350 56 135785 7 136791
2351 37 19393 6 20259
2352 67 134836 5 135661
2353 50 171888 5 172696
2354 36 75886 7 76079
2355 6 104522 6 105255
2356 56 220492 8 221404
2357 80 45232 4 45540
2358 64 144643 6 145641
2359 56 35622 8 36012
2360 37 118300 6 118561
2361 67 188380 7 189196
2362 50 6921 6 7818
2363 64 162750 4 163023
2364 50 30935 5 31796
2365 39 126565 5 127288
2366 6 4744 6 5200
2367 36 134212 6 134378
2368 64 1810 6 2149
2369 50 135737 5 136725
2370 36 77204 4 78168
2371 64 171448 6 172390
2372 80 155496 4 156037
2373 60 143974 7 144684
2374 81 61499 6 62301
2375 51 39910 6 40193
2376 15 47470 5 48277
2377 45 183410 7 184166
2378 36 16327 7 17129
2379 81 134212 6 134973
2380 37 178581 4 179195
2381 36 107439 8 108293
2382 80 206812 5 207439
2383 39 170791 5 171448
2384 17 147825 4 148916
2385 67 69215 7 70030
2386 17 130028 4 130835
2387 36 78486 7 79191
2388 36 3677 7 4525
2389 17 205575 5 206046
2390 60 10475 5 10797
2391 50 87210 5 88063
2392 45 98764 7 99117
2393 17 96731 6 97722
2394 56 119886 4 120447
2395 39 65322 6 65494
2396 64 178081 4 178804
2397 37 70161 6 70428
2398 17 65322 6 65624
2399 45 18674 5 19360
2400 50 106999 5 107652
2401 37 170791 7 171045
2402 64 98370 5 98664
2403 67 36973 7 37696
2404 56 74400 5 75024
2405 36 217059 8 217376
2406 64 5062 5 5792
2407 6 57679 6 58493
2408 80 87033 5 87290
2409 81 60127 6 60942
2410 80 130017 4 130866
2411 17 98764 6 99566
2412 15 40603 4 41428
2413 25 104975 5 105304
2414 51 132865 5 133513
2415 80 183633 6 184151
2416 36 53723 7 54261
2417 67 87385 7 87850
2418 51 201613 6 202455
2419 67 16327 6 16823
2420 45 32549 7 33221
2421 56 6171 8 6921
2422 64 54224 5 54702
2423 50 155767 4 156050
2424 56 77301 5 78166
2425 67 6921 7 7901
2426 45 31639 5 32549
2427 25 1531 5 2331
2428 17 208818 6 209709
2429 67 105329 6 106430
2430 67 158530 5 159242
2431 81 55728 5 56223
2432 64 1598 5 1810
2433 37 153801 8 154213
2434 64 86364 4 87081
2435 37 85313 7 85845
2436 56 161716 8 162449
2437 56 158460 7 159210
2438 67 114650 7 115206
2439 56 14163 7 14572
2440 56 111376 4 112480
2441 80 101873 6 102146
2442 45 177907 6 178171
2443 50 195648 4 196211
2444 37 164390 6 164625
2445 39 207115 5 207947
2446 6 37810 6 38316
2447 45 34358 8 35102
2448 17 150759 5 150966
2449 45 36382 8 37070
2450 25 78692 7 79407
2451 64 21394 5 22127
2452 37 171385 4 171893
2453 36 7901 7 8134
2454 50 143721 5 144313
2455 81 9662 6 9985
2456 45 74429 7 75236
2457 25 178309 7 178742
2458 36 22646 8 23364
2459 67 146982 7 147426
2460 51 122284 5 122790
2461 50 168472 6 168731
2462 67 195648 5 196137
2463 64 14509 6 15232
2464 25 199728 5 200539
2465 36 20835 8 21681
2466 80 98325 4 99208
2467 36 144968 7 145588
2468 25 106161 7 107159
2469 67 58490 6 59212
2470 60 206316 6 206583
2471 36 27935 4 28888
2472 50 139211 5 140083
2473 45 117928 6 118542
2474 80 87385 6 87862
2475 36 49356 5 49705
2476 51 153611 6 154081
2477 67 203731 6 204584
2478 80 34358 6 35069
2479 37 200627 5 201465
2480 64 199728 5 200202
2481 45 87210 6 88297
2482 39 75886 6 76652
2483 80 159835 6 160798
2484 56 98395 5 99190
2485 80 87924 4 88669
2486 17 204373 6 205244
2487 56 4476 7 5430
2488 67 159242 5 159835
2489 80 59317 5 60028
2490 60 67897 6 68523
2491 17 70915 6 71717
2492 81 202227 5 202712
2493 37 181153 5 181511
2494 60 57989 6 58716
2495 39 129082 6 129742
2496 45 42792 7 42921
2497 64 142021 6 142638
2498 15 7783 5 7954
2499 81 218775 6 219122
2500 67 54224 7 55125
2501 15 144462 5 144670
2502 56 190201 5 191050
2503 64 38575 4 38849
2504 39 27808 6 28654
2505 60 177095 7 177918
2506 37 60127 8 60620
2507 36 199783 7 200627
2508 50 70540 5 71177
2509 67 15336 5 15555
2510 81 22367 5 23020
2511 81 32129 6 32371
2512 50 77452 4 78390
2513 56 20947 7 21604
2514 36 85886 7 86785
2515 56 57737 7 58674
2516 25 139211 6 139452
2517 56 189082 8 189355
2518 64 64665 5 65154
2519 25 94337 7 94681
2520 60 19980 7 20806
2521 60 196683 5 197665
2522 64 114314 5 114502
2523 36 127758 8 128444
2524 67 109749 5 110639
2525 45 24177 4 24363
2526 67 190781 5 191551
2527 50 181460 5 181940
2528 36 156852 5 157741
2529 45 26245 7 26945
2530 25 145233 7 146166
2531 37 167401 6 168191
2532 50 148266 6 148424
2533 37 42754 8 43721
2534 25 101638 6 102423
2535 81 207974 4 208102
2536 39 171448 5 172317
2537 15 167534 4 168238
2538 51 166596 6 166991
2539 56 54224 5 54478
2540 39 3040 5 3844
2541 37 13582 8 14296
2542 17 27808 5 28636
2543 45 8086 8 8477
2544 67 215167 6 215322
2545 80 13950 6 14321
2546 51 119042 6 119736
2547 51 1723 5 2051
2548 64 219051 4 219594
2549 56 160907 7 161716
2550 67 205361 7 205924
2551 56 95208 8 95336
2552 17 147396 5 147825
2553 67 22371 7 23027
2554 36 24674 7 25311
2555 50 41428 4 42306
2556 81 24177 6 24490
2557 45 207815 5 208651
2558 15 134304 5 134790
2559 45 61708 8 61931
2560 64 195902 5 196193
2561 25 144646 6 145233
2562 25 58785 5 59780
2563 36 112480 7 113385
2564 50 48395 4 49099
2565 45 140850 7 141192
2566 60 141797 5 142098
2567 60 52101 7 52886
2568 45 181376 5 181932
2569 56 19186 8 19968
2570 17 2031 4 2433
2571 67 70030 5 70161
2572 15 162750 4 163766
2573 6 15336 5 16099
2574 60 180743 6 181548
2575 60 122041 7 122858
2576 6 69199 5 70152
2577 50 184552 6 185167
2578 64 0 6 453
2579 15 139739 5 140648
2580 37 100479 8 101243
2581 45 204563 7 205427
2582 6 111364 6 111492
2583 17 140850 5 141081
2584 80 48714 5 49423
2585 37 156852 6 157422
2586 15 151199 6 151754
2587 15 209850 6 210567
2588 45 42444 7 42792
2589 15 104144 5 104789
2590 80 137177 4 137357
2591 81 213820 5 214228
2592 17 212373 5 213097
2593 15 19393 5 20222
2594 6 122790 4 123559
2595 17 144835 5 145029
2596 45 208651 7 209162
2597 64 10729 6 11500
2598 60 77301 7 77728
2599 25 194853 6 195665
2600 25 130693 7 131610
2601 45 11911 4 12787
2602 45 175768 7 176519
2603 64 157775 5 158208
2604 60 211786 6 212599
2605 25 99190 6 100029
2606 80 35128 5 35426
2607 80 80151 6 80740
2608 67 29964 6 30835
2609 67 187469 5 188380
2610 6 70321 5 71267
2611 60 21818 5 22334
2612 17 17163 4 18001
2613 60 110130 5 110960
2614 36 83145 7 83988
2615 45 94337 8 94522
2616 60 78598 6 78898
2617 17 164890 6 165339
2618 36 213040 4 213742
2619 25 16327 7 17154
2620 17 165339 5 165509
2621 15 144835 5 145035
2622 17 199002 5 199205
2623 80 135737 6 136686
2624 36 196683 8 196813
2625 36 53043 7 53723
2626 25 124897 5 125872
2627 37 130693 6 130974
2628 50 144313 6 144988
2629 15 37070 4 37415
2630 80 61546 6 62348
2631 6 144193 5 144985
2632 39 15964 6 16327
2633 25 53043 7 53842
2634 81 29188 5 29990
2635 39 156267 6 156910
2636 50 220492 5 221325
2637 45 164121 7 165004
2638 36 153101 5 153382
2639 37 106009 7 106240
2640 50 45511 5 45928
2641 39 149858 6 150022
2642 67 217059 7 217477
2643 36 120447 7 121090
2644 50 36973 5 37390
2645 15 214010 5 214833
2646 15 84554 5 85407
2647 15 74327 5 74759
2648 56 215527 8 216271
2649 60 190501 6 191009
2650 17 161397 5 161840
2651 67 149858 4 150648
2652 56 117928 8 118300
2653 51 183633 5 183799
2654 15 46756 6 47301
2655 37 90755 5 91587
2656 64 46756 5 46896
2657 60 157775 7 158413
2658 81 220492 5 221320
2659 36 137301 5 137558
2660 6 118300 6 118422
2661 80 166576 4 167244
2662 60 29741 7 30483
2663 37 144988 7 145387
2664 80 190252 4 191205
2665 36 15366 6 15734
2666 6 184207 6 184968
2667 6 161006 4 161765
2668 17 188213 5 188415
2669 37 37810 5 38676
2670 64 89866 5 90612
2671 37 110164 4 110295
2672 37 196683 5 197109
2673 56 80151 6 80980
2674 64 30935 4 31786
2675 64 114650 6 115364
2676 80 127149 6 127956
2677 36 55028 7 55728
2678 37 143974 8 144973
2679 56 106771 8 107237
2680 39 190820 6 191659
2681 45 184207 6 185084
2682 67 26543 7 26735
2683 60 153101 7 153797
2684 56 64099 8 64915
2685 60 55728 6 55880
2686 56 206827 5 207047
2687 36 209162 8 210015
2688 45 22035 6 23050
2689 17 154767 6 155268
2690 67 67899 5 68528
2691 45 132865 5 133371
2692 56 26046 6 26819
2693 56 48555 7 49362
2694 36 129300 7 130017
2695 51 139739 6 140449
2696 50 134304 4 135118
2697 80 213995 5 214737
2698 6 146388 5 147355
2699 67 121263 7 121499
2700 17 119782 6 120624
2701 25 100110 6 100232
2702 6 182316 6 182847
2703 50 88101 6 88574
2704 37 37366 6 37774
2705 15 212473 5 212853
2706 15 85439 5 86272
2707 15 103614 4 104144
2708 56 133375 5 134304
2709 80 112480 6 113183
2710 37 159912 7 160078
2711 6 100479 5 100783
2712 36 18119 7 18399
2713 37 181511 6 181937
2714 17 215145 4 216176
2715 60 39308 6 40312
2716 60 57278 6 57951
2717 56 8779 7 9662
2718 15 22514 4 23204
2719 15 0 5 545
2720 39 88574 5 89308
2721 56 78486 7 79285
2722 56 93320 4 94337
2723 67 26422 4 26543
2724 36 20261 5 20835
2725 80 177177 4 178048
2726 6 171532 6 172013
2727 37 135172 8 135374
2728 81 146344 4 146825
2729 36 206812 7 207581
2730 60 12864 6 13432
2731 51 160175 6 160837
2732 60 37810 7 38704
2733 15 173514 6 173641
2734 6 17163 6 17894
2735 25 182807 7 183574
2736 60 86865 7 87001
2737 56 159210 7 159474
2738 25 160462 5 161397
2739 37 175202 8 176017
2740 60 63845 5 64102
2741 50 163572 5 163813
2742 60 127162 6 127928
2743 36 9817 6 9974
2744 56 50103 8 50381
2745 45 68778 8 69021
2746 50 217059 6 217768
2747 25 32156 7 32291
2748 17 15336 6 15609
2749 15 73061 5 74136
2750 39 173641 6 174018
2751 36 8134 7 8744
2752 50 2943 5 3641
2753 64 209162 5 209350
2754 67 167534 7 167848
2755 50 137008 4 137485
2756 25 137186 5 137588
2757 25 150823 7 151354
2758 15 77452 6 78309
2759 60 16327 6 17068
2760 17 190490 6 191548
2761 64 57989 6 58785
2762 64 96731 6 97496
2763 36 210787 7 210997
2764 67 107880 7 108346
2765 56 37383 4 37810
2766 6 27301 6 28063
2767 51 178339 6 179150
2768 64 37043 6 37170
2769 56 151896 7 152418
2770 81 85313 5 85955
2771 25 206136 5 206949
2772 15 203035 5 203801
2773 15 197556 4 198463
2774 80 95713 6 95985
2775 36 140541 7 141295
2776 80 117928 5 118110
2777 56 214129 5 214332
2778 17 107159 5 108031
2779 37 135436 5 136333
2780 67 38505 7 39308
2781 6 42198 6 42940
2782 15 24500 5 25089
2783 67 220492 5 221360
2784 17 108737 4 109293
2785 50 150151 4 150783
2786 25 64665 5 65405
2787 56 207724 7 208663
2788 37 111108 5 111553
2789 17 21933 5 22581
2790 50 46214 5 47123
2791 15 4789 6 5390
2792 37 53349 8 54093
2793 56 178189 4 179086
2794 56 120447 4 121014
2795 39 68234 5 68551
2796 67 164859 7 165375
2797 56 29522 7 29741
2798 80 180157 6 180940
2799 67 180409 5 181002
2800 67 47069 7 47959
2801 45 214452 4 215040
2802 45 156509 4 156667
2803 25 174437 7 175433
2804 39 94337 5 95065
2805 80 52101 6 52674
2806 60 139372 5 140277
2807 25 23475 7 24336
2808 25 209055 4 209850
2809 50 53870 4 54484
2810 81 86272 5 87176
2811 60 168472 5 169025
2812 50 91088 6 91883
2813 50 140083 6 140895
2814 80 134212 5 135156
2815 51 79285 4 79886
2816 36 203035 7 203946
2817 60 44888 5 45641
2818 56 68047 6 68870
2819 25 195665 7 196419
2820 80 193562 6 194135
2821 56 121090 8 121263
2822 36 215617 8 216258
2823 37 92061 8 92911
2824 45 66198 5 66930
2825 36 50103 4 50354
2826 50 160025 5 160226
2827 64 73061 4 73823
2828 80 97248 4 97480
2829 60 8744 5 9622
2830 45 59654 7 60489
2831 50 171385 5 171710
2832 15 121499 6 122184
2833 6 58775 5 59275
2834 56 96005 8 96822
2835 25 151973 6 152117
2836 37 28888 6 29244
2837 45 111995 8 112408
2838 25 29338 4 29556
2839 15 175324 5 175984
2840 64 209350 6 209567
2841 51 189127 5 189336
2842 56 41482 8 41756
2843 81 54713 5 54968
2844 60 82707 6 83717
2845 50 131828 4 132658
2846 17 180157 5 181150
2847 45 109869 8 110592
2848 50 216258 6 216727
2849 25 167426 4 168012
2850 51 37810 6 38451
2851 17 65044 5 65200
2852 45 95601 5 96488
2853 67 144462 5 144592
2854 37 85886 6 86686
2855 50 119086 6 119350
2856 56 104014 5 104919
2857 67 178309 7 178468
2858 60 105329 4 106302
2859 67 210974 7 211444
2860 81 135737 5 136179
2861 56 193562 8 194069
2862 67 132037 6 132398
2863 67 174697 7 175324
2864 64 158208 6 159231
2865 37 210251 7 210413
2866 80 54429 6 55160
2867 25 10475 7 11082
2868 25 177177 5 177519
2869 37 193562 5 194131
2870 60 99190 7 99867
2871 15 3630 5 4476
2872 17 209851 5 210656
2873 6 172097 6 172741
2874 67 40131 6 40695
2875 17 39308 6 40082
2876 45 172917 7 173608
2877 45 127149 8 127950
2878 25 40107 5 40603
2879 15 180157 5 180448
2880 17 110090 5 110223
2881 15 91433 5 91838
2882 60 30935 7 31116
2883 39 131828 5 132080
2884 56 64915 5 65824
2885 50 162028 6 162220
2886 51 29188 6 29423
2887 51 55728 6 56316
2888 15 186587 6 187576
2889 64 138465 6 139262
2890 37 74327 5 74561
2891 17 116521 4 116934
2892 25 121734 5 122457
2893 50 1531 6 2522
2894 81 114650 6 115122
2895 15 152879 6 153214
2896 39 139211 6 139689
2897 36 97064 6 97305
2898 81 25011 6 25773
2899 17 101638 5 102174
2900 39 121734 6 122721
2901 81 110960 6 111446
2902 50 82707 5 83492
2903 36 96001 7 96731
2904 51 149858 5 150568
2905 67 167848 5 168092
2906 60 119042 5 119658
2907 60 174626 6 175169
2908 15 187896 5 188067
2909 67 204584 7 205076
2910 64 143721 5 144643
2911 37 106355 8 107036
2912 64 139554 5 140319
2913 25 173514 7 174437
2914 56 88375 8 88998
2915 36 48599 5 49225
2916 56 127162 7 127857
2917 80 58490 5 59256
2918 45 45232 8 45450
2919 50 115208 5 115988
2920 39 79285 5 80074
2921 67 24824 4 25545
2922 67 198044 7 198720
2923 36 127149 5 127758
2924 67 167294 7 167534
2925 51 131265 5 131564
2926 36 67038 6 67897
2927 36 216258 8 217059
2928 51 0 5 434
2929 36 206317 6 206792
2930 80 195247 5 196277
2931 51 48002 4 48850
2932 60 95033 6 95777
2933 60 31639 5 32389
2934 80 114650 6 115042
2935 81 195902 6 196746
2936 17 206046 5 207022
2937 56 175939 7 176299
2938 37 137913 6 138539
2939 45 20269 7 20861
2940 80 142109 5 142762
2941 17 18001 4 18378
2942 56 182807 8 183410
2943 81 204709 5 205347
2944 50 64784 6 65548
2945 36 139378 5 140145
2946 6 134446 4 135342
2947 36 36382 6 36695
2948 80 90195 5 90566
2949 51 176041 6 176397
2950 56 10475 7 10729
2951 50 9920 5 10138
2952 50 141797 5 142653
2953 17 85313 6 86025
2954 80 110595 5 111546
2955 50 11126 5 11933
2956 25 189949 6 190743
2957 64 149610 6 150073
2958 6 83451 5 83669
2959 17 19408 5 20363
2960 67 77204 5 77755
2961 64 77234 5 77834
2962 15 81057 4 81721
2963 45 168669 7 169440
2964 81 205721 6 206363
2965 37 109467 4 109722
2966 36 169470 7 170414
2967 45 146982 7 147844
2968 36 193562 6 194186
2969 6 205790 6 206538
2970 15 94678 5 95601
2971 50 80867 4 81806
2972 45 96731 7 97027
2973 67 84045 7 84656
2974 36 2122 7 2563
2975 67 13582 4 14478
2976 37 113385 5 114287
2977 25 46399 7 47284
2978 39 87729 5 87950
2979 64 217059 5 217329
2980 56 201682 4 202235
2981 67 126565 6 127038
2982 60 15336 6 15659
2983 15 97314 5 97933
2984 67 70161 7 71159
2985 17 26803 4 27277
2986 80 173514 5 173994
2987 6 110624 6 110791
2988 36 194186 7 194853
2989 56 127857 8 128261
2990 60 217059 4 217671
2991 36 186928 8 187254
2992 60 65316 7 66141
2993 50 144988 4 146000
2994 67 78598 7 79483
2995 67 65506 7 65963
2996 81 102785 6 103290
2997 64 25958 5 26849
2998 45 165004 6 165197
2999 45 101638 8 102447
3000 60 186067 5 186187
3001 45 144462 6 145225
3002 45 122192 5 122765
3003 67 155429 5 156267
3004 45 1723 8 1979
3005 80 179086 6 179850
3006 51 207726 6 208310
3007 25 88240 5 88663
3008 56 79285 7 80029
3009 25 11126 4 11933
3010 6 94473 5 95323
3011 80 33415 5 34229
3012 25 4476 7 4744
3013 25 189127 4 189949
3014 51 143721 6 144610
3015 64 84554 5 85213
3016 81 76877 5 77869
3017 50 47959 6 48333
3018 64 215037 5 215523
3019 37 98764 6 99528
3020 39 103538 6 104364
3021 51 46756 6 47746
3022 36 12864 7 13159
3023 15 122790 6 123250
3024 64 200627 5 201382
3025 64 80151 6 80639
3026 56 18674 7 19186
3027 60 32416 4 32950
3028 45 48516 5 49098
3029 67 19980 4 20988
3030 36 196813 8 197556
3031 39 180771 5 181299
3032 36 32416 8 32687
3033 39 111386 6 112100
3034 51 24177 5 24495
3035 15 68718 5 69701
3036 56 157222 8 158002
3037 17 183410 4 183872
3038 64 94337 4 95017
3039 45 130762 4 131546
3040 45 187061 7 187311
3041 25 56649 7 57508
3042 60 214956 6 215294
3043 17 155429 5 156294
3044 67 207858 5 208060
3045 37 86785 5 86922
3046 36 219906 7 220720
3047 25 60127 5 60576
3048 80 70915 6 71569
3049 36 361 6 1172
3050 81 190073 5 190998
3051 60 92596 7 93578
3052 25 41428 7 41626
3053 36 54429 6 55028
3054 67 141797 6 142065
3055 64 27843 5 28734
3056 81 80948 6 81464
3057 15 150761 4 151199
3058 15 48277 5 49094
3059 60 183899 7 184620
3060 56 76653 5 77301
3061 45 58775 4 59654
3062 15 90058 4 90214
3063 17 87729 6 88622
3064 45 15336 5 15964
3065 17 193562 5 194320
3066 39 14163 5 14696
3067 81 58785 5 59205
3068 17 90619 6 91558
3069 60 189939 7 190501
3070 39 42198 6 42688
3071 45 120447 7 121149
3072 37 214899 5 215430
3073 37 42444 7 42754
3074 60 206812 7 207399
3075 36 140186 6 140541
3076 36 114314 8 114650
3077 50 88574 6 89530
3078 39 181813 6 182128
3079 6 90755 5 91739
3080 15 213845 4 213983
3081 50 19393 6 20300
3082 45 130262 6 130762
3083 60 43744 6 44387
3084 17 85063 5 85313
3085 67 174172 5 174697
3086 36 13582 8 14509
3087 50 25010 5 25744
3088 15 151754 5 152217
3089 51 219906 6 220381
3090 15 74759 5 74994
3091 80 1531 5 2690
3092 64 6921 5 7831
3093 37 211786 6 212745
3094 67 207383 7 207858
3095 56 162951 6 163572
3096 17 111475 6 112297
3097 60 85886 6 86760
3098 17 143974 5 144802
3099 64 161716 6 162306
3100 81 121090 6 121994
3101 56 212661 8 213340
3102 64 52101 6 52554
3103 15 219051 5 219623
3104 80 49423 6 49598
3105 45 105329 7 106044
3106 25 42469 7 43237
3107 56 43729 5 44300
3108 36 11957 5 12864
3109 45 209927 6 210842
3110 45 58023 8 58564
3111 6 110090 5 110249
3112 45 162028 7 162750
3113 15 119842 5 120085
3114 17 102697 5 103201
3115 25 116084 5 116944
3116 56 174974 6 175939
3117 80 37810 6 38357
3118 50 71403 5 72159
3119 37 63845 6 64365
3120 64 173772 6 174752
3121 17 2514 4 3146
3122 50 21308 6 22016
3123 60 177 5 944
3124 25 104277 4 104975
3125 51 157775 5 158473
3126 17 156508 6 157494
3127 25 132129 7 132921
3128 6 29522 6 29819
3129 60 35128 6 35422
3130 17 207022 5 207959
3131 50 93354 5 93626
3132 81 153611 4 154587
3133 6 110249 6 110624
3134 36 205372 5 206140
3135 81 27301 6 27979
3136 67 97248 5 98075
3137 64 139262 6 139424
3138 51 170791 4 171488
3139 37 103890 7 104631
3140 37 95336 6 95684
3141 17 25372 4 26437
3142 39 41482 6 42198
3143 51 81922 6 82886
3144 56 163572 7 164380
3145 51 199728 5 200325
3146 15 143974 5 144374
3147 80 119086 4 119639
3148 60 42754 5 43473
3149 56 83097 7 83312
3150 56 69215 8 69932
3151 56 166887 7 167729
3152 51 21681 6 22627
3153 15 18674 4 19393
3154 80 163572 4 164486
3155 25 180877 5 181715
3156 60 33392 4 34160
3157 51 158530 5 159390
3158 15 80151 5 81057
3159 36 84403 7 84822
3160 45 147844 6 148640
3161 15 138465 6 138694
3162 67 134212 5 134650
3163 56 183832 7 184451
3164 67 183410 4 184232
3165 36 89583 7 89866
3166 50 180743 6 181221
3167 60 201465 7 202066
3168 6 176553 4 177446
3169 81 206812 5 207571
3170 64 213995 5 215037
3171 15 142657 6 143503
3172 67 57679 6 58418
3173 15 191822 6 192784
3174 60 18674 6 19408
3175 50 66211 5 67059
3176 45 199205 6 200037
3177 36 184071 7 184914
3178 80 46756 5 47635
3179 25 103538 7 104277
3180 67 124929 7 125406
3181 36 149858 8 150137
3182 17 143354 5 143671
3183 64 83589 6 83951
3184 60 7783 6 7942
3185 60 100110 4 100270
3186 60 100973 6 101350
3187 15 69701 5 70321
3188 17 38253 4 39052
3189 45 80151 7 80574
3190 6 12254 6 13106
3191 80 146166 6 146653
3192 50 179324 4 179704
3193 37 18674 6 19353
3194 36 35128 5 35753
3195 25 154767 6 155429
3196 60 71599 6 71874
3197 50 127758 5 128308
3198 67 25958 7 26422
3199 39 104919 4 105703
3200 25 119739 5 120684
3201 45 216258 7 217086
3202 17 138539 6 138951
3203 45 178581 6 179498
3204 17 57508 4 58398
3205 64 92689 5 93200
3206 17 0 6 747
3207 45 70321 5 71157
3208 15 70321 5 70735
3209 51 127149 6 127975
3210 67 24177 7 24372
3211 80 71734 6 72461
3212 56 89252 7 90201
3213 56 146216 7 146982
3214 15 49176 5 49521
3215 45 57341 8 57528
3216 51 66764 5 67557
3217 36 14509 6 15154
3218 6 191050 4 191546
3219 36 68528 7 68911
3220 60 186921 4 188101
3221 80 75156 6 75554
3222 45 44296 7 44440
3223 36 24177 4 24313
3224 36 147855 6 148266
3225 80 23437 5 24349
3226 80 77204 6 77622
3227 51 41428 6 42350
3228 64 219906 6 220035
3229 37 177653 6 177911
3230 36 148909 4 149815
3231 36 208339 5 209155
3232 17 122455 5 123295
3233 36 64665 8 65365
3234 15 115081 5 115589
3235 81 72498 5 73342
3236 45 190073 5 190876
3237 45 67724 4 68778
3238 39 144462 6 145270
3239 17 121721 5 122455
3240 15 60398 4 61106
3241 80 159210 5 159601
3242 50 11957 5 12932
3243 67 132865 7 133368
3244 37 70540 4 71408
3245 39 177602 5 178404
3246 51 64784 6 65361
3247 36 201465 7 202227
3248 50 38349 4 39175
3249 36 65365 6 66168
3250 60 118300 5 118724
3251 56 51156 8 51338
3252 50 100110 6 100751
3253 37 217928 6 218797
3254 25 137588 7 138502
3255 60 172097 6 172815
3256 45 47990 7 48354
3257 67 210251 7 210974
3258 36 4773 7 5366
3259 51 33415 6 34241
3260 15 166596 6 167505
3261 60 144684 7 145236
3262 56 183410 8 183832
3263 81 171888 5 172273
3264 80 214737 4 215803
3265 80 41482 5 42239
3266 45 205575 5 206317
3267 56 147808 5 148219
3268 36 162449 7 163162
3269 50 200627 6 201477
3270 36 39910 8 40264
3271 6 64915 6 65502
3272 37 214010 7 214752
3273 15 216258 6 216389
3274 36 177534 7 177907
3275 45 10833 7 11614
3276 60 45845 7 46108
3277 51 53043 6 53557
3278 25 164121 6 164405
3279 25 131698 5 132129
3280 50 127224 6 127427
3281 17 194320 5 194811
3282 36 145588 8 146310
3283 56 144096 8 144835
3284 25 11957 7 12872
3285 37 151 6 910
3286 25 206949 6 207625
3287 17 218775 5 219586
3288 67 62243 7 62763
3289 39 36190 6 37035
3290 39 690 4 1651
3291 45 86272 4 86432
3292 67 42198 7 43172
3293 15 116077 6 116564
3294 50 24177 4 24445
3295 15 211786 5 212473
3296 80 26245 6 27099
3297 39 0 6 690
3298 67 159835 6 160704
3299 50 13582 6 14005
3300 50 156852 5 157687
3301 56 207047 5 207724
3302 37 205853 8 206711
3303 67 71159 4 71599
3304 64 166219 4 167242
3305 25 197693 6 198748
3306 37 173514 7 174502
3307 51 26046 4 26190
3308 50 53418 4 53827
3309 36 165717 7 166596
3310 60 208818 7 209304
3311 50 206812 6 207726
3312 6 144985 6 145696
3313 25 164405 5 165246
3314 45 188221 7 188630
3315 15 116693 6 117067
3316 50 189355 6 189682
3317 45 111299 8 111995
3318 37 168472 5 168836
3319 64 65316 6 66012
3320 60 25982 7 26782
3321 25 36973 6 37677
3322 36 158460 6 158756
3323 15 188380 5 189127
3324 15 157775 4 158864
3325 45 206859 7 207815
3326 17 48592 6 48782
3327 60 145675 6 146344
3328 36 84045 7 84403
3329 36 43744 5 44576
3330 67 125614 7 125792
3331 37 60723 8 61467
3332 17 104258 5 104699
3333 67 65963 6 66265
3334 37 7783 6 7915
3335 17 125014 6 125826
3336 60 216258 4 216770
3337 50 131381 6 131587
3338 67 43207 7 43700
3339 56 2943 6 3630
3340 50 67059 6 67550
3341 67 176108 7 176553
3342 6 67642 5 68421
3343 50 22016 6 22304
3344 45 63207 6 63664
3345 37 52471 7 53349
3346 50 147426 6 148233
3347 25 207724 4 208341
3348 67 122192 4 122790
3349 67 199761 7 199940
3350 51 134446 5 135168
3351 37 55728 5 56150
3352 60 87955 7 88639
3353 67 102697 7 103439
3354 50 110131 6 110847
3355 60 1531 7 2516
3356 45 146046 8 146819
3357 15 65824 5 66524
3358 39 214010 6 214715
3359 67 95523 5 96405
3360 64 95017 5 95138
3361 25 140257 5 141231
3362 60 170791 4 171054
3363 45 4476 4 4824
3364 56 149616 7 149858
3365 45 215040 4 216101
3366 15 59317 5 60077
3367 37 132865 5 133604
3368 39 82707 5 82830
3369 67 177290 7 177813
3370 64 82707 4 83057
3371 51 62950 6 63605
3372 39 70915 6 71275
3373 64 140541 5 141111
3374 64 24177 6 24463
3375 45 10475 8 10833
3376 67 26735 5 27102
3377 17 127149 5 127991
3378 6 60580 5 61339
3379 36 137588 8 138369
3380 67 52101 7 53092
3381 80 55728 5 56144
3382 80 0 6 197
3383 37 209364 6 209930
3384 37 23027 8 23914
3385 60 114650 6 115454
3386 56 7783 7 8779
3387 50 89583 6 90482
3388 80 103201 4 103694
3389 60 69647 5 70510
3390 60 193562 6 194214
3391 36 158756 5 159357
3392 80 209567 5 209706
3393 17 73919 6 74429
3394 67 160704 4 161055
3395 56 189931 7 190201
3396 37 184399 6 185172
3397 25 193562 5 194513
3398 64 60254 6 60735
3399 6 137008 6 137476
3400 25 69069 7 69913
3401 37 187011 5 187896
3402 67 90679 7 91433
3403 45 191050 6 191850
3404 64 151647 6 152265
3405 36 189127 7 190253
3406 67 179337 6 180409
3407 60 117928 6 118226
3408 64 23367 4 24131
3409 56 167729 6 168669
3410 25 86785 7 87451
3411 56 0 6 655
3412 36 161467 7 162449
3413 51 27798 6 28584
3414 67 74327 7 74900
3415 50 103890 5 104172
3416 6 139229 5 139954
3417 15 24177 6 24500
3418 80 119739 4 120238
3419 17 164390 5 164752
3420 17 213874 5 214061
3421 56 150759 8 151172
3422 36 57702 7 58490
3423 67 76747 5 77204
3424 51 161840 5 162253
3425 37 159210 5 159912
3426 81 208339 5 208580
3427 37 30787 4 31489
3428 80 3677 5 4586
3429 56 197002 8 197804
3430 56 115081 7 116077
3431 50 104919 5 105654
3432 64 194853 4 195758
3433 15 8545 5 9283
3434 17 32687 6 33415
3435 60 134212 6 135058
3436 15 158864 5 159205
3437 80 178189 6 178879
3438 81 115246 4 116218
3439 56 72576 7 73197
3440 25 179474 7 180137
3441 50 215036 6 215845
3442 37 61499 6 62012
3443 25 209850 7 210288
3444 80 44296 6 45071
3445 6 34879 6 35529
3446 80 208351 6 209291
3447 37 201465 7 202451
3448 25 66389 5 67074
3449 36 60723 5 61597
3450 64 129082 5 129570
3451 64 152418 6 153128
3452 15 154767 5 155893
3453 50 111769 4 112185
3454 45 84045 8 84994
3455 36 150833 7 151647
3456 80 40312 6 41098
3457 56 118300 8 119042
3458 37 219051 6 219390
3459 37 10475 7 10767
3460 25 76079 7 76648
3461 60 175939 6 176404
3462 37 121090 6 121533
3463 36 174830 7 175550
3464 36 28888 8 29188
3465 67 134650 7 134836
3466 36 198929 4 199783
3467 25 95017 6 95408
3468 56 213340 6 214129
3469 17 167004 6 167781
3470 67 18001 5 18801
3471 60 129082 6 129848
3472 45 176519 5 177357
3473 56 81922 5 82707
3474 64 193562 4 194389
3475 67 156508 7 157336
3476 25 141587 6 142477
3477 15 145035 5 145920
3478 6 3067 5 3881
3479 67 60522 5 61499
3480 81 109869 6 110819
3481 64 109749 4 110906
3482 17 145029 5 145766
3483 56 47470 4 47875
3484 80 29964 6 30841
3485 80 19980 6 20124
3486 56 13889 7 14163
3487 36 123334 7 124207
3488 37 66764 7 67255
3489 56 37810 8 38253
3490 36 179490 5 180345
3491 60 97582 7 98384
3492 80 140186 6 140552
3493 64 75668 5 76311
3494 56 68870 8 69215
3495 36 45469 5 45845
3496 51 72498 6 73377
3497 60 47627 4 48201
3498 36 183633 5 184071
3499 64 35128 6 36051
3500 15 137177 4 137888
3501 37 99528 8 100479
3502 36 133014 5 133737
3503 15 25089 5 25895
3504 64 183410 6 184207
3505 25 90195 6 91000
3506 60 72307 6 72498
3507 67 153611 7 154322
3508 36 90619 7 91245
3509 39 49621 6 50310
3510 25 5138 6 5868
3511 37 37043 7 37292
3512 15 88998 6 89827
3513 60 171385 6 172091
3514 64 206316 5 206739
3515 15 181769 5 182735
3516 36 1598 8 1791
3517 56 154956 7 155921
3518 37 11126 7 11911
3519 39 16327 6 16799
3520 67 162194 6 163253
3521 45 139262 6 139651
3522 25 185357 5 185771
3523 6 209350 5 210141
3524 36 157775 7 158363
3525 81 181153 6 182125
3526 67 73067 7 73413
3527 64 110960 5 111386
3528 36 154807 7 155193
3529 64 186067 5 186842
3530 80 123334 5 123912
3531 25 210787 7 211197
3532 45 192705 7 193652
3533 17 26599 4 26803
3534 67 45232 5 46214
3535 17 48002 4 48592
3536 25 158864 7 159475
3537 60 110960 7 111955
3538 80 18001 5 18509
3539 36 184914 8 185621
3540 36 38458 5 38627
3541 17 16327 6 17163
3542 50 110960 6 111769
3543 36 160375 6 160550
3544 51 154213 6 155166
3545 6 189939 5 190882
3546 37 44888 6 45591
3547 50 138217 6 138797
3548 39 47069 6 47428
3549 81 34358 5 35158
3550 39 104522 5 104759
3551 17 56488 4 57260
3552 67 87033 6 87216
3553 80 131265 6 132077
3554 39 60254 5 60843
3555 60 17163 7 17750
3556 56 153101 8 154073
3557 37 58123 8 59047
3558 36 70432 7 71403
3559 36 100973 7 101842
3560 64 179086 6 179979
3561 36 57278 7 57702
3562 37 125014 7 125221
3563 67 32129 5 33040
3564 36 8744 8 9525
3565 80 202416 5 203364
3566 25 183633 4 184604
3567 45 171531 5 172493
3568 45 80574 5 81457
3569 45 194579 8 195129
3570 36 23367 5 24177
3571 17 54224 5 54638
3572 81 28041 5 28768
3573 56 129919 7 130274
3574 45 44888 6 45232
3575 37 160470 7 160911
3576 51 111764 5 112508
3577 50 108737 6 109560
3578 56 14572 7 15336
3579 51 35128 5 35331
3580 36 44576 7 45469
3581 37 76079 5 76758
3582 37 146226 8 146712
3583 60 203035 6 203743
3584 67 101942 4 102279
3585 64 204709 6 205392
3586 56 179957 8 180427
3587 64 167764 6 168234
3588 37 15336 7 16322
3589 50 149031 5 150151
3590 39 83312 6 84196
3591 67 144592 5 145455
3592 56 184451 6 185068
3593 15 193562 6 194161
3594 50 191633 5 192412
3595 37 12800 7 13187
3596 36 207581 8 208339
3597 60 150823 7 151409
3598 81 210787 5 211627
3599 67 129082 5 129898
3600 81 0 6 159
3601 67 27301 5 28004
3602 80 12787 5 12967
3603 67 184232 4 184426
3604 45 198044 4 199062
3605 64 43207 4 44044
3606 64 159772 6 160769
3607 37 52101 7 52471
3608 60 213995 5 214911
3609 56 202235 6 202887
3610 56 126484 7 127162
3611 15 43207 4 43822
3612 56 205048 4 205981
3613 56 62773 7 63604
3614 81 159210 5 160127
3615 45 145225 7 146046
3616 17 58490 5 58775
3617 56 42198 4 43207
3618 64 66874 5 67685
3619 81 53418 6 54344
3620 50 17163 5 18147
3621 15 195902 5 196715
3622 80 187297 5 188115
3623 56 126361 8 126484
3624 36 34136 7 35128
3625 17 67642 5 68234
3626 67 35173 7 35514
3627 25 110379 6 110595
3628 67 156267 7 156508
3629 45 77301 7 77854
3630 64 77834 5 78455
3631 80 53723 4 54429
3632 37 176017 8 176778
3633 60 142477 5 143088
3634 15 54093 5 54914
3635 37 8545 7 9291
3636 36 89298 5 89583
3637 15 1598 5 2304
3638 81 142653 5 143446
3639 64 46913 5 47725
3640 6 165339 5 165677
3641 80 180940 6 181704
3642 37 155429 6 156161
3643 80 186457 6 187297
3644 67 103538 6 104325
3645 67 142464 7 143354
3646 80 39910 5 40204
3647 45 189082 8 190073
3648 67 30935 7 31930
3649 64 100232 6 101120
3650 50 28888 5 29850
3651 17 167781 6 168695
3652 17 86432 6 86865
3653 80 124897 6 125232
3654 6 93354 5 93693
3655 39 198929 6 199728
3656 81 82707 6 83675
3657 60 188213 5 188898
3658 37 76877 6 77514
3659 36 36695 5 37629
3660 50 198711 6 199209
3661 51 188221 6 189027
3662 81 89367 6 90076
3663 15 119042 5 119842
3664 51 100232 6 100961
3665 51 22704 6 23494
3666 56 154073 8 154789
3667 64 93200 4 93926
3668 67 182807 7 183180
3669 50 201613 5 202520
3670 15 108737 6 109488
3671 36 64099 7 64665
3672 67 9662 4 9978
3673 67 104325 6 105322
3674 50 90619 5 90887
3675 15 71005 6 71767
3676 15 146046 5 146446
3677 6 103538 4 104296
3678 36 119014 7 119739
3679 25 38253 5 39294
3680 15 110960 5 111829
3681 60 36382 5 37434
3682 45 88375 5 89349
3683 60 133034 7 133882
3684 67 41482 4 42035
3685 56 166219 7 166887
3686 67 109160 7 109467
3687 56 57422 7 57737
3688 56 58674 8 59040
3689 80 198441 5 198929
3690 25 28888 5 29022
3691 6 43729 6 44145
3692 36 111149 5 111339
3693 51 86272 6 87271
3694 17 80322 4 81343
3695 56 186067 7 186921
3696 36 43207 8 43744
3697 56 195037 7 195934
3698 45 33415 8 34264
3699 67 140186 5 140763
3700 67 202416 5 203233
3701 64 55728 5 56908
3702 37 119842 7 120538
3703 36 159357 5 160046
3704 50 182849 4 183689
3705 45 182118 8 182849
3706 37 24177 8 24327
3707 37 216720 6 217389
3708 15 56788 4 56931
3709 56 101969 6 102511
3710 37 84554 7 85264
3711 81 11430 5 12258
3712 67 81721 5 82478
3713 67 1998 4 2381
3714 36 109904 8 110598
3715 80 20947 5 21743
3716 36 181813 4 182118
3717 45 37366 6 37725
3718 67 161397 6 162194
3719 56 36012 7 36646
3720 56 194069 6 194681
3721 80 129082 6 129882
3722 67 127149 6 128017
3723 39 184399 6 185357
3724 60 192465 5 193043
3725 67 3875 7 4795
3726 81 213097 6 213494
3727 51 200627 5 201569
3728 50 43769 4 44257
3729 25 147163 6 148089
3730 56 143188 8 144096
3731 50 129082 6 129872
3732 50 204709 5 205448
3733 80 47875 5 48714
3734 15 113385 6 114362
3735 15 74994 5 76046
3736 56 154789 6 154956
3737 64 19393 5 20342
3738 81 75668 6 76506
3739 64 155429 6 156072
3740 15 126361 4 126968
3741 36 101873 5 102135
3742 15 127758 5 128572
3743 25 77834 7 78692
3744 6 49510 5 50342
3745 36 214725 6 215617
3746 45 89367 5 90416
3747 37 147896 5 148762
3748 56 194681 8 195037
3749 25 211786 6 212226
3750 50 103538 5 103890
3751 17 177703 5 178339
3752 50 99190 5 99976
3753 50 109578 5 110131
3754 64 137476 5 138106
3755 81 20003 6 20781
3756 50 85374 5 86020
3757 45 50126 8 50406
3758 45 165224 4 165979
3759 67 193663 5 194505
3760 50 101873 6 102017
3761 67 11911 7 12750
3762 60 11126 5 11919
3763 37 158169 7 158978
3764 37 202887 5 203065
3765 15 67642 5 68365
3766 80 84554 4 85266
3767 81 23367 5 23733
3768 36 27301 7 27935
3769 45 1598 7 1723
3770 64 153611 5 154043
3771 17 31694 5 32603
3772 51 84554 5 85458
3773 81 198929 5 199670
3774 64 47959 5 48189
3775 36 80151 8 80948
3776 56 138465 7 139211
3777 60 59741 5 60527
3778 81 129919 4 130593
3779 56 196683 7 197002
3780 45 0 7 249
3781 45 75435 6 76383
3782 67 92560 6 93171
3783 36 116521 8 117300
3784 25 80151 7 81122
3785 36 75435 5 75886
3786 64 122068 6 122662
3787 64 111386 6 112211
 调度评估结果
1. 任务等待评估 (Σ 等待×权重): 4005000535
2. 任务完成评估 (最大完成时间): 221490
3. GPU显存空闲评估 (平均空闲): 8372.69 GB/时间片
 额外统计
已调度任务               : 3787/3787
平均等待时间            : 105875.45
各服务器任务分布      : 服务器6=128, 服务器15=249, 服务器17=248, 服务器25=259, 服务器36=318, 服务器37=279, 服务器39=110, 服务器45=282, 服务器50=259, 服务器51=127, 服务器56=342, 服务器60=251, 服务器64=240, 服务器67=299, 服务器80=246, 服务器81=150
