1 18 753 1 820
2 23 15135 1 15567
3 8 11619 2 12124
4 13 8399 1 8507
5 8 7686 1 7846
6 18 14580 1 14615
7 18 16 1 311
8 26 4746 5 5250
9 8 825 2 871
10 8 4485 2 4746
11 5 11540 4 11692
12 18 12666 1 13056
13 18 12145 2 12355
14 6 15196 4 15495
15 15 9807 3 9995
16 13 7658 1 7930
17 8 5841 1 6248
18 15 8399 2 8537
19 14 15268 2 15541
20 13 7136 1 7662
21 2 559 3 792
22 23 12145 6 12485
23 18 2957 1 3521
24 1 1202 3 1587
25 18 10455 2 10647
26 2 6146 1 6383
27 14 4746 2 5259
28 5 8634 1 8906
29 8 15061 1 15395
30 2 15781 3 16133
31 14 11294 1 11627
32 5 5697 1 6117
33 8 8174 3 8634
34 5 14499 1 14581
35 21 15859 2 16385
36 27 11670 3 12129
37 18 7658 2 7714
38 3 2352 1 2450
39 14 3421 5 3539
40 10 3007 4 3216
41 25 15346 3 15830
42 19 14412 2 14697
43 23 1917 1 2556
44 15 10004 1 10576
45 15 15214 4 15823
46 18 11540 1 12117
47 7 10004 1 10227
48 3 1284 2 1572
49 18 8174 1 8399
50 13 9667 1 10042
51 27 1163 1 1562
52 24 15418 7 16057
53 24 2934 3 3086
54 26 3036 3 3458
55 13 10965 2 11293
56 21 9078 1 9502
57 13 10213 1 10862
58 8 11093 1 11294
59 8 7686 3 7949
60 24 16135 1 16265
61 24 1239 4 1472
62 18 14947 1 15482
63 18 843 2 2352
64 5 11540 1 11921
65 17 12145 1 12519
66 8 14412 1 14819
67 18 1163 1 1734
68 27 15781 1 15888
69 8 15214 2 15343
70 5 805 1 996
71 6 1507 2 2040
72 6 12666 1 13165
73 16 12950 2 13437
74 8 11540 2 11670
75 3 2934 1 3234
76 18 13976 1 14538
77 5 184 2 675
78 2 8399 4 8626
79 18 2574 1 2957
80 18 16143 5 16561
81 24 1574 4 1945
82 8 14248 3 14412
83 5 1319 2 1795
84 5 2445 4 2934
85 14 15781 1 16166
86 21 2934 2 3217
87 17 14499 1 14694
88 7 15214 4 15459
89 21 10004 2 10109
90 6 15781 1 16180
91 25 3036 2 3320
92 18 6117 1 6617
93 7 557 4 894
94 18 3421 2 3659
95 17 10455 2 10733
96 25 15781 4 16427
97 17 15214 4 15724
98 18 13056 1 13976
99 5 13485 1 14415
100 26 12950 5 13154
101 1 16561 2 17177
102 1 4746 3 4776
103 8 10775 1 11093
104 5 1163 2 1266
105 8 15859 1 16029
106 21 8174 1 8443
107 6 4636 1 5250
108 26 3659 1 3839
109 9 15135 4 15426
110 24 12950 2 13334
111 2 7699 1 8281
112 17 15781 5 15875
113 9 14523 1 14853
114 27 6660 2 7221
115 9 1343 6 1956
116 14 10213 3 10616
117 6 1181 2 1505
118 2 11540 5 11668
119 19 547 1 1005
120 25 15268 3 15297
121 1 5841 3 5940
122 17 4746 4 5291
123 14 4746 1 4866
124 25 8399 1 8710
125 14 7686 4 7962
126 21 6617 2 6840
127 3 7686 2 7846
128 15 1513 3 1533
129 5 16656 2 16916
130 1 8399 3 9024
131 18 8399 3 8733
132 3 12950 1 13294
133 6 13056 6 13646
134 3 10775 1 11374
135 8 15781 4 15812
136 24 14586 4 14838
137 8 13783 1 14400
138 18 13056 2 13311
139 5 2934 1 3139
140 2 1163 4 1501
141 6 287 2 577
142 9 2989 2 3146
143 8 9667 5 9759
144 27 8634 3 8703
145 8 15196 2 15287
146 6 12145 2 12631
147 5 231 3 778
148 6 11540 1 11847
149 18 15061 2 15678
150 26 275 1 592
151 17 13783 4 14222
152 21 11540 1 11764
153 8 2636 1 3329
154 8 920 2 1086
155 24 10213 1 10688
156 17 6146 1 6297
157 5 15781 1 16656
158 3 4746 1 4909
159 3 1846 1 1878
160 23 917 1 1256
161 2 3659 1 3712
162 24 11619 2 11922
163 1 13783 1 14202
164 21 10965 2 11129
165 27 7686 3 8121
166 18 4636 3 5197
167 9 15781 1 15937
168 18 9807 1 10281
169 7 7136 3 7240
170 21 15135 3 15148
171 17 9667 2 10073
172 8 7658 1 8174
173 17 15135 2 15461
174 13 1481 1 1921
175 13 16656 1 16987
176 16 4746 2 4907
177 2 7658 2 7699
178 21 7658 2 7832
179 24 15781 2 16296
180 15 13063 2 13117
181 18 8020 1 8386
182 14 1846 3 1940
183 13 10775 1 10965
184 1 9667 1 9934
185 17 38 1 228
186 17 16561 1 16658
187 21 758 1 1354
188 13 7686 2 8032
189 24 6617 3 6857
190 23 10004 2 10421
191 8 15287 2 15381
192 19 8399 1 8771
193 2 8399 1 8926
194 13 4746 3 5375
195 27 4485 2 4819
196 17 11619 1 11827
197 13 4746 2 5257
198 3 4746 1 4854
199 8 15635 2 15859
200 6 4636 1 5152
201 8 6248 1 6459
202 5 16135 1 16394
203 9 15346 2 15807
204 18 712 4 843
205 14 15781 1 16062
206 24 7714 1 7977
207 16 12145 3 12369
208 5 1846 1 2042
209 15 4636 1 4893
210 8 12145 2 12753
211 6 14415 4 14964
212 15 12666 1 13065
213 13 5841 1 6406
214 24 14947 1 15418
215 18 3007 3 3178
216 18 7714 1 8134
217 24 576 3 754
218 5 14415 1 15084
219 17 7686 2 8269
220 8 14580 2 14952
221 17 1835 4 2073
222 5 6197 3 6611
223 23 9078 5 9175
224 8 9807 2 10455
225 7 4636 1 5038
226 18 15532 2 16097
227 17 12666 6 13168
228 19 44 1 433
229 2 14248 1 14726
230 6 4485 3 4552
231 14 10965 2 11100
232 8 8634 2 9078
233 5 1266 1 1420
234 18 16135 1 16895
235 21 12666 1 13062
236 2 9667 4 10311
237 13 12950 1 13153
238 1 2934 1 3479
239 8 14523 1 15196
240 23 15635 3 15908
241 18 7136 1 8020
242 5 10213 1 11540
243 6 2352 3 2526
244 5 1481 3 1671
245 11 15287 1 15597
246 5 7136 2 7686
247 6 12810 1 13029
248 24 10004 6 10341
249 7 13783 1 13873
250 26 10004 4 10320
251 5 6617 1 6789
252 7 14415 2 14704
253 18 2636 1 2855
254 13 800 3 1364
255 7 12837 1 12937
256 8 7136 2 7475
257 8 1687 1 1846
258 13 1495 1 1988
259 2 69 1 97
260 8 6197 2 6777
261 6 7136 1 7764
262 14 13063 1 13463
263 26 1163 2 1553
264 24 4636 2 4871
265 14 2934 4 3068
266 7 1581 1 1748
267 14 9667 5 9792
268 14 8399 4 8923
269 6 5841 3 6287
270 23 9667 1 9922
271 24 702 2 1219
272 8 15061 2 15135
273 18 5697 1 6206
274 8 1846 2 1938
275 8 6617 1 6660
276 13 2934 2 3188
277 21 15214 3 15577
278 8 9480 3 10058
279 8 13783 1 14141
280 8 12145 3 12666
281 5 4485 1 4788
282 2 14947 5 14967
283 5 1420 3 1481
284 13 14412 2 14709
285 11 15781 1 16302
286 2 4289 2 4460
287 2 887 2 1267
288 5 712 1 724
289 2 671 2 1031
290 16 2989 1 3263
291 6 287 2 794
292 9 1846 1 2496
293 13 15321 1 15450
294 2 12666 2 13286
295 16 10213 2 10558
296 18 8399 1 9270
297 21 13783 1 14375
298 8 3912 2 4485
299 18 1302 2 1876
300 1 15321 3 15512
301 19 15061 1 15318
302 3 6660 1 7142
303 13 13063 1 13233
304 20 15346 6 15596
305 8 7136 1 7658
306 20 13783 1 14011
307 21 5841 3 6142
308 8 4485 1 4832
309 2 10600 3 11170
310 6 13783 2 14093
311 5 11692 4 12275
312 1 15781 3 16355
313 19 4636 1 4951
314 1 7699 3 8221
315 10 14499 1 14810
316 2 1687 4 1894
317 8 11619 2 12145
318 18 3659 3 4636
319 8 1635 1 2445
320 15 7714 1 7729
321 17 11670 4 12270
322 24 14415 6 14586
323 14 824 5 1163
324 26 15781 1 16125
325 14 1163 3 1671
326 19 5697 1 6247
327 27 16561 2 16941
328 15 9480 1 9722
329 5 6117 1 8621
330 8 13783 4 14248
331 15 13783 2 14113
332 18 8733 1 9769
333 14 1163 2 1646
334 15 1846 5 2473
335 21 1903 2 2041
336 8 3036 2 3259
337 5 8174 1 9014
338 19 16656 2 17008
339 2 2934 1 3305
340 4 15214 2 15318
341 8 5029 1 5432
342 23 12950 3 13140
343 8 2445 1 2636
344 20 15196 5 15346
345 17 8399 1 8698
346 9 327 2 338
347 8 12145 1 12273
348 15 11619 2 11649
349 27 121 1 259
350 3 14499 2 14889
351 1 237 1 628
352 26 10455 2 10682
353 5 15135 4 15781
354 23 12950 1 13242
355 26 3421 1 3831
356 18 16561 3 16712
357 21 15781 1 15799
358 5 690 2 856
359 8 10213 2 10775
360 7 7699 1 8170
361 18 5697 1 6085
362 16 2957 1 3118
363 18 9807 2 9818
364 2 15135 1 15444
365 24 13783 2 14393
366 25 9818 6 10200
367 19 7658 1 7825
368 14 3139 1 3345
369 7 1846 1 1986
370 18 489 4 502
371 5 1481 1 1998
372 2 1286 2 1621
373 13 15214 1 15533
374 24 2957 1 3102
375 2 4636 1 5199
376 8 10213 2 10488
377 17 2934 2 3373
378 8 1343 1 1438
379 5 996 1 1112
380 13 8634 1 9008
381 8 10455 1 10936
382 8 5029 2 5841
383 3 10004 2 10453
384 23 3036 1 3176
385 8 13063 2 13552
386 8 1442 2 1687
387 8 3659 1 4289
388 3 3007 1 3050
389 18 10004 1 11763
390 11 15781 1 15853
391 14 1878 2 2298
392 7 1203 1 1493
393 3 5029 2 5622
394 8 464 2 652
395 18 12145 1 12837
396 21 3421 2 3976
397 6 8634 1 8985
398 8 9078 4 9688
399 5 788 2 1294
400 1 15084 2 15191
401 26 14499 1 15032
402 24 1481 2 1975
403 7 2352 4 2513
404 8 12666 2 13063
405 11 16143 1 16410
406 3 15268 2 15843
407 1 1853 4 2250
408 24 1163 2 1548
409 8 6660 2 7136
410 8 10936 1 11439
411 5 12950 1 13118
412 7 12950 1 13011
413 3 9078 1 9513
414 13 13783 3 14244
415 8 15214 1 15244
416 2 13783 2 14147
417 8 7136 1 7456
418 14 4746 1 4798
419 13 15781 3 16217
420 5 12810 1 13485
421 8 15635 3 15731
422 8 15781 1 16135
423 2 7136 2 7656
424 13 14523 1 14888
425 7 15781 1 16210
426 18 4636 1 5344
427 8 14412 3 15045
428 19 1307 1 1615
429 7 4485 1 4527
430 11 2989 1 3177
431 8 14248 1 14523
432 5 16561 1 17121
433 21 1355 2 1822
434 5 3139 1 4090
435 6 13783 1 14091
436 5 9667 1 10213
437 6 8399 5 8611
438 18 14031 1 14499
439 14 5697 1 6130
440 7 9818 2 10205
441 5 15781 1 15952
442 8 15532 1 15635
443 18 15635 1 16143
444 1 12810 4 13340
445 18 14499 1 14947
446 15 12145 1 12442
447 5 1835 1 2832
448 5 2969 3 3421
449 14 12145 2 12582
450 8 1481 1 1545
451 26 1343 1 1493
452 8 16135 1 16765
453 13 15214 2 15321
454 2 9078 3 9558
455 15 2934 2 3255
456 18 2352 5 2574
457 18 6617 1 7408
458 5 7686 1 7906
459 6 9667 1 10251
460 1 15084 1 15543
461 18 100 3 506
462 7 9078 2 9279
463 15 14415 3 14866
464 26 2957 1 3093
465 2 11692 1 12280
466 14 14947 1 15510
467 1 11294 1 11904
468 8 10965 1 11168
469 3 14248 1 14458
470 6 2934 2 3256
471 14 10213 2 10662
472 8 2445 1 3036
473 27 10965 1 11035
474 11 13063 1 13444
475 5 9078 2 9161
476 7 5029 2 5103
477 8 2445 1 2619
478 27 9667 1 9916
479 8 15084 1 15214
480 21 106 1 604
481 5 16656 2 17295
482 8 9078 2 9480
483 5 9014 1 9667
484 27 2934 2 3327
485 26 14523 1 15141
486 8 10004 1 10600
487 15 161 3 496
488 13 9078 3 9336
489 15 1163 2 1321
490 7 12145 4 12713
491 18 210 2 359
492 6 7658 2 7864
493 18 13976 1 14031
494 5 12145 1 12203
495 14 14415 2 14903
496 18 2352 1 2492
497 8 14947 1 15061
498 21 10213 2 10839
499 12 2989 1 3434
500 1 236 3 340
501 20 15781 1 16112
502 18 15781 1 15839
503 6 817 3 1452
504 19 4636 1 4899
505 15 6117 2 6531
506 8 10600 1 10920
507 5 12810 5 12950
508 8 15135 1 15601
509 5 1246 1 1441
510 14 14415 2 14952
511 22 15214 6 15523
512 5 12275 4 12810
513 18 2934 1 2989
514 13 15214 1 15372
515 8 12666 1 13783
516 13 2934 1 3293
517 21 4485 1 4799
518 8 2934 1 3505
519 14 5697 3 6329
520 18 2989 2 3201
521 18 13056 1 13386
522 2 5697 1 6146
523 14 11093 3 11628
524 8 7658 1 8419
525 18 12837 3 12954
526 8 2619 2 2791
527 10 2989 1 3007
528 5 15084 1 15665
529 14 6248 1 6610
530 15 15859 5 16344
531 8 938 2 1425
532 8 11670 2 12137
533 8 4289 1 5029
534 17 1700 4 2252
535 21 6197 2 6418
536 18 9667 2 9807
537 8 3421 4 3912
538 27 829 3 944
539 1 343 1 633
540 21 9818 1 9861
541 7 2957 3 2990
542 3 12837 2 12906
543 1 10965 4 11025
544 27 12666 1 12998
545 26 15084 5 15610
546 14 2934 1 3127
547 8 5697 2 6197
548 27 11540 1 11623
549 16 15781 4 16037
550 20 1343 2 1461
551 5 1688 3 1835
552 27 15135 1 15355
553 18 1846 2 2075
554 13 133 2 504
555 5 2934 1 2969
556 8 15346 1 15532
557 8 4746 1 5659
558 27 5841 2 5910
559 26 10213 1 10700
560 15 895 5 941
561 3 12810 1 12830
562 24 11619 3 11733
563 5 12950 1 13480
564 3 10455 1 10711
565 8 473 2 615
566 18 10965 3 11211
567 26 1610 1 2201
568 24 10455 4 10850
569 18 14499 3 14580
570 17 1343 1 1728
571 24 755 3 1139
572 5 9078 1 9659
573 25 11540 2 11732
574 8 9818 2 9864
575 8 15532 1 16011
576 23 612 6 860
577 13 7686 1 7722
578 25 2445 6 2611
579 17 4746 1 4904
580 8 818 1 1343
581 18 16656 1 16899
582 13 6146 3 6189
583 26 15214 1 15377
584 3 7714 2 7966
585 8 1163 1 1603
586 21 14412 1 14867
587 26 4746 1 4760
588 2 112 1 228
589 8 16135 2 16639
590 2 2352 2 2932
591 13 16656 2 16729
592 6 531 1 1140
593 2 12145 2 12411
594 3 245 1 534
595 7 5841 1 6191
596 18 9818 1 10004
597 5 3421 1 5697
598 8 11294 1 11619
599 16 15268 4 15564
600 14 15061 2 15268
601 15 4485 2 4574
602 2 11294 3 11462
 调度评估结果
1. 任务等待评估 (Σ 等待×权重): 15498881
2. 任务完成评估 (最大完成时间): 17295
3. GPU显存空闲评估 (平均空闲): 5723.22 GB/时间片
 额外统计
已调度任务               : 602/602
平均等待时间            : 2628.30
各服务器任务分布      : 服务器1=20, 服务器2=33, 服务器3=22, 服务器4=1, 服务器5=57, 服务器6=27, 服务器7=22, 服务器8=98, 服务器9=8, 服务器10=3, 服务器11=6, 服务器12=1, 服务器13=33, 服务器14=32, 服务器15=22, 服务器16=8, 服务器17=22, 服务器18=64, 服务器19=11, 服务器20=5, 服务器21=25, 服务器22=1, 服务器23=12, 服务器24=25, 服务器25=8, 服务器26=19, 服务器27=17
