1 32 5188 2 5793
2 30 17431 1 17843
3 6 6332 1 6842
4 16 11909 1 12182
5 12 9701 1 10406
6 12 3109 1 3189
7 34 1433 5 2006
8 16 3293 3 3380
9 13 2105 2 2642
10 19 17431 3 17819
11 16 18075 1 18181
12 16 11081 2 11725
13 33 9701 1 9887
14 33 13162 1 13565
15 16 15768 1 16299
16 16 8669 2 9042
17 33 3754 2 4112
18 13 17720 1 18241
19 33 5887 1 6099
20 28 7665 1 8072
21 25 2710 1 3130
22 19 16441 1 17464
23 24 2710 2 3157
24 20 18149 1 18817
25 28 18848 2 19056
26 16 15768 1 16399
27 33 10288 2 10556
28 13 9478 3 10005
29 10 11998 1 12509
30 20 17431 4 18060
31 24 1424 3 1875
32 22 6332 2 6750
33 16 5188 4 5342
34 18 11998 3 12440
35 34 15810 7 16339
36 6 13532 1 14228
37 24 18658 1 19227
38 2 10556 2 11007
39 33 3109 1 3754
40 2 3109 2 3776
41 19 3754 5 4464
42 19 12973 1 13200
43 3 1794 1 1932
44 19 17988 1 18572
45 30 9958 3 10186
46 32 17487 1 18278
47 7 14525 8 14970
48 30 3293 3 3317
49 20 4464 3 4552
50 10 8262 1 8800
51 19 15768 1 16507
52 16 19004 1 19356
53 11 19114 3 19168
54 19 14397 4 14496
55 33 19114 1 20041
56 6 13401 1 13541
57 22 0 1 677
58 35 5887 1 6428
59 19 14525 4 14799
60 30 17009 3 17699
61 16 3774 1 4621
62 19 7222 1 9478
63 28 1424 1 1548
64 1 13975 3 14354
65 16 7222 2 7720
66 17 18149 3 18378
67 19 3109 2 3567
68 10 17009 3 17591
69 19 5342 1 5513
70 32 3109 2 3488
71 19 3109 1 3490
72 4 1424 1 1783
73 2 13162 5 13497
74 19 17487 2 17944
75 16 2049 1 2674
76 16 1033 1 2323
77 34 2105 6 2634
78 33 17487 1 17545
79 13 7976 1 8091
80 33 14621 1 15768
81 13 11909 4 12174
82 13 9701 1 9939
83 19 1313 1 1411
84 34 3754 7 3955
85 1 2049 1 2270
86 16 134 3 593
87 32 12335 1 12544
88 3 9478 2 9549
89 19 9849 1 9958
90 16 13435 1 13532
91 3 2049 2 2797
92 3 17238 6 17395
93 24 7665 3 7951
94 18 355 3 710
95 24 3754 3 3821
96 16 17238 1 17431
97 3 1424 4 1737
98 33 12973 2 13162
99 17 12400 3 12842
100 10 11725 1 12379
101 4 11185 1 11420
102 16 16863 4 17177
103 17 2049 3 2603
104 2 355 3 800
105 32 19114 3 19607
106 10 12973 1 13014
107 10 13975 2 14218
108 3 405 2 866
109 19 12400 3 13112
110 17 7313 1 7460
111 3 15810 2 15895
112 17 6332 1 6828
113 33 15768 2 17009
114 17 19114 3 19491
115 17 9958 2 10617
116 33 18848 1 19114
117 2 14897 3 15372
118 32 17009 1 17385
119 18 9478 1 10093
120 10 355 1 915
121 3 3062 1 3434
122 28 11998 1 12367
123 19 16233 3 17098
124 32 18407 1 18538
125 16 9350 4 9403
126 2 134 2 550
127 16 13435 2 13618
128 33 19114 1 19399
129 16 9958 3 10051
130 3 11909 1 12391
131 2 11998 1 12121
132 16 9283 1 10586
133 30 6332 3 6404
134 25 3774 2 4094
135 22 11998 2 12260
136 32 19004 1 19383
137 19 4464 1 4890
138 25 15082 2 15710
139 27 6332 1 6590
140 10 7976 1 8522
141 30 8262 1 8606
142 16 7878 3 7929
143 21 405 4 491
144 19 15810 1 16081
145 33 15082 1 16196
146 22 15810 1 16117
147 19 13471 1 13975
148 33 9478 3 10192
149 31 405 1 615
150 21 0 2 399
151 33 16233 1 16948
152 4 18149 1 18348
153 17 9958 1 10099
154 32 5793 2 6292
155 12 17431 1 17884
156 16 1424 1 2053
157 18 15768 8 16203
158 19 9478 6 9849
159 10 1313 4 1894
160 19 3062 3 3762
161 35 17720 2 17809
162 23 5887 2 6327
163 16 14621 2 15206
164 10 11185 4 11343
165 22 15206 2 15369
166 17 2710 3 3153
167 16 14029 2 14397
168 25 1424 1 1726
169 34 15206 1 15364
170 16 13532 1 13876
171 33 14621 3 15082
172 19 2319 1 2925
173 20 9042 3 9212
174 12 12020 1 12360
175 19 15810 3 16233
176 3 3293 2 3739
177 33 5188 2 5215
178 19 12400 2 12939
179 32 9042 1 9761
180 3 405 5 1077
181 25 9283 1 9381
182 28 19114 1 19827
183 17 7976 1 8262
184 16 5188 2 5415
185 28 134 2 579
186 6 15206 1 15458
187 32 15768 4 15972
188 17 0 6 703
189 16 16311 4 16441
190 18 11466 7 11956
191 23 1033 1 1779
192 17 3293 2 3902
193 33 18658 1 18848
194 23 13975 2 14235
195 23 3062 2 3799
196 18 8669 3 9348
197 22 13471 2 13875
198 24 5887 5 6121
199 33 11081 1 11456
200 19 2319 4 3044
201 33 355 2 772
202 25 15810 1 15886
203 17 1033 2 1781
204 7 7313 5 7970
205 17 11466 1 11909
206 18 17988 1 18621
207 24 14029 2 14650
208 33 5887 1 6483
209 23 4464 3 4662
210 28 18407 1 19036
211 19 13162 1 13334
212 28 13975 2 14597
213 35 11998 2 12219
214 17 6332 1 6615
215 19 1313 1 2319
216 32 4464 1 4832
217 19 14701 1 15810
218 16 16863 1 17238
219 16 14397 4 14623
220 16 14868 1 15216
221 19 13975 2 14116
222 33 17009 1 17645
223 24 16863 5 17072
224 2 9849 5 10005
225 2 9213 4 9777
226 23 3062 2 3616
227 10 14868 1 15062
228 16 17431 1 18129
229 16 9350 1 9791
230 17 11725 1 11803
231 2 355 1 978
232 24 7313 5 7665
233 24 1424 5 2105
234 28 18075 1 18459
235 22 11326 1 11971
236 24 0 1 531
237 16 15604 3 16311
238 16 5711 1 6529
239 16 5342 1 7878
240 32 11909 2 12259
241 2 13471 2 13660
242 28 3109 1 3586
243 20 0 2 576
244 17 8931 2 9655
245 33 8449 3 9019
246 17 11185 3 11466
247 24 19114 1 19485
248 19 11725 1 11951
249 30 17720 2 17882
250 16 11725 1 11788
251 33 405 1 552
252 16 18848 3 19141
253 32 9791 1 9975
254 17 19114 1 19448
255 17 5188 5 5614
256 17 11909 3 12339
257 12 12020 1 12459
258 19 9958 4 10100
259 12 1424 1 1732
260 5 2710 2 3179
261 24 3062 1 3498
262 5 11909 1 12188
263 16 1033 1 1068
264 19 4464 1 5096
265 32 14029 1 14849
266 28 13471 1 14181
267 10 4464 3 5128
268 16 15216 1 15698
269 17 5188 1 6321
270 19 4464 4 5069
271 31 4464 1 4998
272 19 5887 1 7057
273 35 2710 2 3111
274 17 2603 2 3401
275 30 3293 1 4006
276 19 1313 1 1424
277 25 12020 2 12560
278 30 3062 2 3207
279 23 19114 4 19209
280 28 9478 2 9684
281 32 2710 3 3100
282 16 6332 1 6774
283 11 44 1 730
284 17 15810 1 16341
285 3 15810 6 16399
286 30 9791 2 9823
287 19 13334 2 13471
288 35 18149 2 18696
289 33 805 3 1433
290 16 16441 1 16863
291 16 12335 7 12973
292 17 5711 1 6332
293 1 19114 4 19262
294 16 3754 1 4103
295 24 14623 1 14936
296 16 9213 5 9283
297 16 14868 1 15478
298 35 7531 1 7733
299 18 17431 7 17480
300 3 3109 3 3678
301 28 17988 2 18388
302 15 17238 3 17831
303 22 17431 3 17519
304 17 8262 2 8931
305 28 13198 1 13745
306 25 19004 2 19676
307 17 13198 3 13541
308 10 8669 3 9370
309 19 18407 3 19391
310 19 11185 2 11536
311 6 17720 1 18242
312 11 17720 1 18463
313 33 7976 3 8449
314 16 11725 2 12335
315 33 7976 1 8022
316 10 17009 1 17572
317 23 10288 2 10335
318 33 3754 2 4270
319 4 355 1 733
320 35 0 1 208
321 19 17098 1 17487
322 35 17988 1 18103
323 16 12973 5 13435
324 3 1433 3 2137
325 24 7976 3 8625
326 33 11185 3 12020
327 19 405 2 805
328 3 1794 1 2209
329 16 8449 1 8590
330 16 14621 1 14730
331 19 6332 2 6707
332 30 9958 1 10629
333 33 405 1 632
334 33 9478 1 9701
335 18 2710 5 3058
336 16 18848 3 19004
337 25 17238 1 17761
338 22 1794 1 2066
339 8 11909 8 12351
340 19 17009 1 17146
341 21 1313 5 1693
342 17 10236 3 10955
343 16 9958 1 10198
344 23 4464 1 4604
345 16 3293 2 3774
346 7 9958 7 9992
347 16 9042 1 9213
348 22 5188 3 5417
349 34 18848 2 19225
350 32 11081 1 11480
351 18 1033 1 1449
352 20 9791 2 10246
353 22 9019 3 9503
354 24 9350 5 9537
355 16 18149 1 18857
356 19 2710 3 2860
357 33 12020 4 12055
358 20 13401 2 14117
359 19 14897 1 15240
360 17 17009 1 17720
361 15 13401 3 14030
362 19 8449 2 9147
363 2 3293 3 3657
364 2 7313 2 7774
365 3 2710 6 3070
366 24 17009 2 17438
367 17 17720 1 17840
368 11 14621 3 15209
369 25 9042 1 9283
370 19 0 3 743
371 33 3090 2 3141
372 2 1424 4 1674
373 31 12973 1 13244
374 33 10556 2 11146
375 17 11081 2 11179
376 19 5887 3 5917
377 33 4464 2 5711
378 24 2603 4 2961
379 12 405 1 1145
380 33 13162 1 13401
381 33 11466 1 11813
382 17 17988 2 18075
383 33 13532 1 13595
384 16 7222 1 7379
385 33 1313 1 1991
386 33 7222 1 7531
387 18 7665 1 8228
388 32 13532 3 13968
389 19 17988 1 18397
390 32 12973 3 13198
391 25 5188 1 5306
392 24 7976 2 8612
393 17 14029 1 15303
394 19 4464 5 5148
395 32 15082 4 15761
396 1 10288 1 10361
397 16 13532 1 13838
398 11 2710 2 2894
399 17 9213 1 9806
400 33 134 2 405
401 32 7976 1 8380
402 29 9213 4 9346
403 16 7665 2 8312
404 16 19114 1 19764
405 32 355 4 1207
406 15 405 2 889
407 33 9019 1 9403
408 22 3090 4 3818
409 17 1424 2 2049
410 16 3293 3 3370
411 28 7313 1 7833
412 19 11326 2 11627
413 30 4464 3 4969
414 33 0 2 134
415 17 4464 4 4748
416 16 9958 1 10373
417 4 9213 1 9250
418 16 2323 2 2710
419 10 9350 1 9625
420 33 10556 2 10819
421 35 11185 3 11502
422 33 0 2 476
423 16 18149 1 18706
424 16 10586 2 11081
425 21 14397 2 15034
426 17 11081 1 11865
427 32 134 1 619
428 17 8449 1 9186
429 2 5887 4 6505
430 17 12973 1 14005
431 19 15810 2 16157
432 19 10288 3 10764
433 24 11326 2 12060
434 33 12335 1 12615
435 16 17431 3 17691
436 17 7222 2 7313
437 16 3293 1 3474
438 16 0 1 740
439 33 17009 1 17988
440 22 18848 4 19516
441 5 2710 1 2980
442 24 9019 2 9221
443 32 13532 3 13997
444 33 1433 2 1479
445 33 3062 1 3703
446 24 9283 4 9350
447 24 8978 3 9078
448 16 15206 1 15604
449 16 13876 1 14029
450 2 13532 3 13987
451 19 19004 1 19698
452 6 3090 1 3692
453 35 13401 1 14127
454 17 7460 8 7794
455 3 11725 8 12375
456 13 4464 1 4512
457 25 13401 1 13498
458 19 5188 1 5258
459 32 10288 1 10806
460 17 18075 2 18871
461 22 1424 3 1476
462 33 10288 3 10406
463 21 8931 2 9477
464 32 0 1 355
465 13 2710 3 2914
466 19 3044 2 3109
467 19 11725 1 12400
468 33 7531 3 7976
469 32 3754 1 3869
470 19 805 1 1313
471 19 15206 4 15538
472 24 13401 4 14007
473 19 11326 1 11998
474 24 8931 5 8978
475 22 17720 1 18403
476 31 5188 1 5770
477 10 17720 1 18166
478 20 13471 1 13578
479 28 9042 1 9619
480 33 13401 1 14370
481 19 13975 2 14525
482 33 1033 1 1569
483 24 10288 3 10817
484 13 1794 3 1901
485 16 17238 2 17332
486 27 12335 1 12973
487 16 8669 5 9162
488 32 13198 1 13484
489 24 5188 4 5929
490 19 14868 5 14897
491 34 1794 1 1920
492 33 9958 1 10396
493 12 10586 1 10878
494 20 14621 3 14951
495 2 18407 3 18633
496 19 13162 1 13691
497 19 11725 1 12042
498 16 9791 1 10839
499 16 7878 2 8536
500 33 4464 1 5135
501 17 355 1 659
502 33 1794 1 2524
503 19 17988 1 18189
504 19 10288 1 11185
505 33 11081 1 11364
506 23 1313 1 1912
507 23 11185 3 11266
508 10 2710 2 2772
509 25 17988 2 18696
510 3 11909 2 12174
511 18 1033 8 1711
512 19 17988 2 18262
513 24 18407 2 19064
514 21 19004 2 19547
515 17 6617 1 7195
516 19 5148 3 5887
517 16 7665 1 8184
518 3 9958 4 10167
519 16 8262 2 8669
520 19 10236 1 10288
521 16 7976 4 8034
522 18 3109 4 3452
523 20 3754 4 4216
524 22 3062 1 3528
525 16 9701 4 9928
526 19 12973 1 13260
527 35 8669 1 9363
528 19 11998 2 12341
529 30 2710 2 2865
530 11 15810 2 16323
531 16 10288 4 10807
532 16 3754 1 5188
533 19 13975 2 14701
534 19 13532 3 13631
535 25 1313 2 1349
536 34 3109 5 3350
537 33 3062 2 3090
538 33 2049 1 3711
539 18 19114 2 19203
540 28 8669 1 9328
541 16 7976 2 8093
542 1 405 3 674
543 35 355 1 642
544 33 13975 1 14621
545 4 12020 1 12543
546 24 4464 1 4748
547 33 2524 2 3062
548 31 13532 3 14010
549 19 17720 1 18425
550 20 7976 1 8414
551 16 4464 2 4780
552 6 405 1 1099
553 5 355 1 401
554 19 17098 1 17328
555 6 15810 1 16148
556 25 0 1 696
557 33 17988 4 18658
558 21 17720 2 18095
559 24 16863 3 17590
560 10 3062 3 3509
561 33 5711 1 6617
562 24 17720 1 17831
563 22 4464 3 4849
564 16 17720 1 18149
565 33 5342 2 5791
566 32 1424 6 1711
567 19 9213 1 9393
568 18 3109 2 3554
569 16 14623 1 14868
570 28 15810 2 15870
571 11 11998 1 12667
572 33 17238 2 17852
573 1 7531 2 7670
574 3 13471 4 14008
575 3 8262 2 8616
576 28 11185 1 11736
577 32 8669 1 9038
578 19 1424 3 2172
579 30 18848 1 19086
580 33 1433 1 1794
581 30 12020 4 12588
582 35 805 1 1519
583 25 11185 1 11789
584 19 3109 2 3357
585 24 2105 3 2366
586 19 17988 2 18407
587 19 9958 2 10236
588 10 10236 1 10357
589 24 3090 3 3537
590 25 6617 2 6750
591 19 0 5 473
592 10 0 1 49
593 22 12335 3 12441
594 16 740 4 1033
595 20 11326 1 11447
596 16 11725 3 12097
597 28 8262 1 8645
598 33 12400 3 12649
599 33 6617 1 7222
600 32 7222 1 7402
601 19 11185 4 11326
602 11 9958 5 10163
603 21 9213 2 9639
604 16 2710 3 3293
605 24 14029 2 14725
 调度评估结果
1. 任务等待评估 (Σ 等待×权重): 28966004
2. 任务完成评估 (最大完成时间): 20041
3. GPU显存空闲评估 (平均空闲): 6307.31 GB/时间片
 额外统计
已调度任务               : 605/605
平均等待时间            : 4945.79
各服务器任务分布      : 服务器1=6, 服务器2=17, 服务器3=21, 服务器4=6, 服务器5=4, 服务器6=8, 服务器7=3, 服务器8=1, 服务器10=20, 服务器11=8, 服务器12=8, 服务器13=9, 服务器15=3, 服务器16=86, 服务器17=44, 服务器18=15, 服务器19=82, 服务器20=12, 服务器21=8, 服务器22=18, 服务器23=11, 服务器24=34, 服务器25=17, 服务器27=2, 服务器28=20, 服务器29=1, 服务器30=15, 服务器31=5, 服务器32=31, 服务器33=69, 服务器34=8, 服务器35=13
