1 8 16672 2 17236
2 38 32007 6 32608
3 21 90837 2 91115
4 16 87990 2 88284
5 25 6915 2 7231
6 35 82037 1 82517
7 44 90837 1 91248
8 24 81410 2 82067
9 39 75482 1 75688
10 4 73653 2 73776
11 4 40252 1 40673
12 1 22121 1 22424
13 4 22032 2 22095
14 22 42791 1 43272
15 30 15131 1 15358
16 41 51323 2 51859
17 40 90837 4 91399
18 17 62328 5 63063
19 16 69400 2 69721
20 6 80340 3 80478
21 35 87990 1 88734
22 27 85891 1 86606
23 4 72731 1 73078
24 15 66471 1 66713
25 40 86539 1 86678
26 40 46324 2 46385
27 30 82974 2 83260
28 6 16981 2 17351
29 30 79638 1 79694
30 44 91389 2 92062
31 13 81770 1 82443
32 14 51994 1 52685
33 24 41780 4 41864
34 35 24000 3 24244
35 4 81410 1 81770
36 18 23322 1 23980
37 4 80340 2 80536
38 32 15965 1 16286
39 20 79638 1 79867
40 4 53427 1 54377
41 30 22866 2 23346
42 24 86291 2 86981
43 27 32196 1 32516
44 3 66471 4 67171
45 13 72731 2 73052
46 4 6915 1 7259
47 24 41056 1 41169
48 18 43090 1 43807
49 19 85581 1 85677
50 13 22373 1 22880
51 12 75992 2 76059
52 45 72731 3 73188
53 41 83350 1 83444
54 30 81770 7 82496
55 17 42185 3 42352
56 16 54377 1 54692
57 24 61508 2 61628
58 45 72731 3 73053
59 41 15131 1 15787
60 10 9325 1 9663
61 16 7551 1 8034
62 27 43090 1 43692
63 45 73776 6 74056
64 35 42185 1 42336
65 12 83350 2 83769
66 4 365 4 1000
67 15 60741 1 61417
68 13 4290 3 4662
69 1 37344 1 37865
70 16 32363 2 32548
71 4 54377 1 55725
72 10 66471 1 67079
73 6 42185 2 42816
74 46 90837 1 91442
75 4 38440 1 40252
76 41 22866 1 23161
77 35 59305 1 59736
78 2 3984 4 4266
79 30 7259 2 7929
80 12 60741 1 61387
81 12 72731 1 73155
82 36 57423 1 58047
83 4 41930 1 42475
84 16 72731 4 73063
85 42 90837 1 91150
86 30 29015 4 29188
87 4 51994 1 52062
88 16 8215 1 8925
89 22 81410 1 82013
90 8 49844 3 50594
91 15 86539 1 86855
92 24 13732 1 14296
93 1 81410 2 81691
94 39 13732 1 14337
95 3 67379 3 67659
96 6 34241 1 34990
97 1 90837 1 91287
98 4 66471 1 66895
99 45 74385 4 74409
100 32 32975 2 33366
101 24 62328 8 62983
102 12 86291 2 86762
103 33 62328 2 62544
104 35 62328 4 62906
105 8 90837 1 91217
106 37 49634 4 49897
107 46 22121 4 22208
108 3 32196 2 32571
109 27 22032 1 22249
110 24 22032 2 22373
111 4 0 2 365
112 46 50339 1 50642
113 15 49634 1 49941
114 21 91389 1 91424
115 22 19806 1 20333
116 20 77725 1 78291
117 4 7259 1 7551
118 27 62328 1 62758
119 33 22866 4 23280
120 13 13732 2 13972
121 16 22032 3 22285
122 35 91389 2 91555
123 1 69400 5 70050
124 21 86539 2 87174
125 3 79638 1 79809
126 45 74385 1 74653
127 4 51994 1 52774
128 27 90400 1 90587
129 20 65214 1 65600
130 45 50682 1 50848
131 46 38440 1 38939
132 35 50094 2 50339
133 30 22032 1 22447
134 45 32363 6 32578
135 21 12467 1 12529
136 24 50682 4 51314
137 16 32196 1 32901
138 18 32975 1 33207
139 6 75594 1 75880
140 19 37866 3 37982
141 1 42185 2 42541
142 4 37866 4 38440
143 4 7551 1 7600
144 29 32196 1 32554
145 17 4290 1 4511
146 4 42185 3 42791
147 2 8215 3 8392
148 16 80536 1 80722
149 46 50682 1 51256
150 6 0 4 205
151 22 32007 2 32216
152 4 57899 1 58563
153 1 43090 3 43526
154 13 49634 2 50177
155 45 50682 1 51424
156 13 22032 1 22210
157 2 40252 3 40287
158 1 90837 1 91499
159 6 86539 1 87271
160 22 74385 2 74998
161 35 75482 1 75881
162 16 83350 1 84044
163 12 22032 1 22319
164 12 24000 1 24719
165 30 0 2 112
166 4 82517 2 82974
167 18 66471 1 67096
168 15 42185 2 42378
169 16 91389 1 92023
170 2 81770 2 81972
171 21 68736 1 68767
172 5 61508 1 62179
173 35 32007 1 32239
174 22 1456 1 1515
175 4 91389 1 91743
176 12 66471 1 66726
177 35 30376 2 30444
178 27 37866 1 38492
179 41 0 1 574
180 22 90837 1 91168
181 17 41930 1 42019
182 12 81770 3 82288
183 32 9325 4 9546
184 18 81770 2 82102
185 16 90837 1 90994
186 36 79638 5 79736
187 24 15965 1 16578
188 8 4290 2 4998
189 36 61508 5 61774
190 45 32975 1 33281
191 11 22121 1 22534
192 3 50339 1 51692
193 35 7259 1 7382
194 28 80340 4 80975
195 35 30376 1 31004
196 16 51994 1 52122
197 4 32866 1 33115
198 13 62328 5 62786
199 35 75881 1 76436
200 4 78618 1 79223
201 16 87321 1 87736
202 41 16981 1 17647
203 4 35405 1 36556
204 38 86291 2 86559
205 35 74385 2 74920
206 4 82037 1 82266
207 24 24000 3 24693
208 2 69400 3 69618
209 46 50339 1 50600
210 5 81770 3 81983
211 46 15026 3 15341
212 22 62328 1 62686
213 4 72364 2 72783
214 5 79638 3 80348
215 35 41780 1 41930
216 35 80209 2 80326
217 4 81770 2 82037
218 22 29015 1 29716
219 15 88527 2 89071
220 43 51994 2 52705
221 16 46324 1 47005
222 35 4290 3 4991
223 11 0 1 659
224 22 16981 2 17388
225 4 80536 1 80903
226 3 68736 1 68925
227 46 91389 3 91777
228 16 9325 1 9376
229 26 65214 1 65423
230 41 79638 2 79831
231 35 90837 2 90870
232 4 43090 1 43603
233 3 60741 7 60871
234 27 80209 1 80238
235 24 75881 4 76564
236 30 16981 2 17434
237 29 13732 5 14269
238 35 62328 1 62813
239 15 22866 2 22997
240 32 23322 1 23364
241 4 8215 1 9325
242 1 50339 1 50819
243 6 12467 5 12732
244 4 82974 1 83350
245 24 86539 2 87275
246 6 4290 1 4504
247 2 15131 3 15653
248 35 41056 1 41312
249 18 83350 2 83386
250 4 83894 1 84802
251 30 66471 2 67184
252 26 15131 1 15540
253 36 72731 3 73302
254 30 32007 1 32074
255 38 40673 1 40845
256 44 16981 1 17298
257 32 60741 1 61360
258 12 32007 1 32356
259 15 37651 2 38322
260 9 24000 1 24030
261 11 6915 1 7261
262 17 73078 3 73792
263 15 22032 1 22744
264 30 60741 1 61172
265 37 32196 6 32523
266 30 41780 4 42249
267 4 22121 3 22866
268 4 23666 1 24000
269 6 49634 2 50069
270 11 87990 1 88285
271 4 73776 1 73812
272 30 0 4 322
273 17 32196 4 32332
274 16 81410 1 81914
275 22 40673 2 41322
276 46 83350 4 83855
277 32 79638 3 80227
278 16 67379 3 67497
279 38 81770 5 82145
280 6 24000 4 24330
281 4 40673 3 41056
282 12 83894 1 84610
283 16 19806 2 20274
284 3 7259 6 7357
285 35 22121 2 22412
286 35 50339 2 50921
287 32 72731 3 73288
288 1 60741 5 60863
289 2 24000 3 24515
290 17 90837 1 91433
291 24 90400 1 90502
292 46 43090 3 43772
293 9 91389 2 91957
294 4 37344 1 37651
295 13 91389 4 92139
296 29 79638 1 79900
297 4 16672 1 16981
298 16 80209 2 80501
299 6 84802 1 85199
300 1 49844 1 50473
301 15 83350 2 83499
302 25 22373 1 22858
303 41 72731 1 72874
304 4 66275 1 66471
305 13 37866 2 38549
306 16 38440 2 39086
307 3 91389 1 92131
308 24 15131 2 15182
309 32 82974 2 83101
310 4 9811 1 10752
311 32 22373 2 22628
312 18 91389 2 91794
313 28 4290 2 4955
314 15 84802 4 84849
315 15 79638 2 80097
316 24 0 1 500
317 28 32007 2 32036
318 4 71555 2 72364
319 3 22032 4 22647
320 29 16981 2 17534
321 4 84802 3 84829
322 30 32363 2 32887
323 35 38440 1 38766
324 30 86539 1 87157
325 4 30376 3 30797
326 3 51994 2 52708
327 20 7600 4 8279
328 21 85581 3 85919
329 46 91389 1 92065
330 11 4290 1 4923
331 41 41056 1 41653
332 35 1456 1 1506
333 15 91389 3 91838
334 4 91743 1 92847
335 4 33567 2 34241
336 22 72412 1 72660
337 18 51994 2 52530
338 36 62328 1 62377
339 18 15965 1 16294
340 35 79638 3 80209
341 12 40252 2 40683
342 28 49634 2 50335
343 6 72731 1 72784
344 30 51994 1 52389
345 4 62328 1 65214
346 19 24000 1 24062
347 1 72731 2 72757
348 27 22373 1 22917
349 4 587 1 1456
350 41 24000 1 24033
351 4 32007 2 32196
352 28 52774 3 53447
353 4 51323 1 51994
354 18 0 1 31
355 4 80903 1 81410
356 18 74385 2 74997
357 42 49634 1 50076
358 18 22032 1 22431
359 35 49634 2 50094
360 40 62328 2 62478
361 4 51994 4 52083
362 29 75992 1 76733
363 4 80536 1 81027
364 19 87990 1 88013
365 8 91389 1 92020
366 20 15965 1 16506
367 35 8215 4 8886
368 4 90837 2 91389
369 25 50994 4 51465
370 46 79638 3 80288
371 42 66471 2 66808
372 4 69400 1 70039
373 3 40673 3 41376
374 46 32975 1 33359
375 24 88527 1 88983
376 4 22032 1 22121
377 2 74385 1 74424
378 1 7551 1 7627
379 24 7259 2 7984
380 6 587 1 930
381 4 57423 1 57899
382 35 41930 3 42420
383 4 5415 1 6915
384 24 83350 1 83521
385 46 87321 1 87365
386 22 42185 2 42623
387 41 15965 1 16584
388 26 72731 2 72861
389 4 37651 1 37866
390 4 79638 1 80340
391 22 22121 2 22761
392 45 88527 3 89194
393 12 90837 1 91686
394 4 10752 1 12467
395 4 24787 3 25280
396 38 66471 5 67135
397 28 81410 2 82066
398 16 15965 2 16592
399 4 68736 1 69400
400 15 81770 2 82130
401 28 83894 3 84449
402 12 62328 1 62462
403 31 7259 1 7986
404 12 32645 1 33167
405 4 17559 1 19806
406 3 54377 6 54513
407 4 34241 1 35405
408 38 55725 1 55974
409 26 15965 1 16037
410 27 87321 1 87759
411 12 62328 3 62799
412 38 51994 4 52584
413 30 38440 4 39132
414 18 42185 2 42517
415 9 24000 1 24696
416 5 60741 1 61396
417 32 4290 1 5032
418 34 57899 1 58429
419 30 22032 1 22360
420 35 587 1 1449
421 26 32196 1 32858
422 32 37866 1 37986
423 24 22866 1 23285
424 18 31004 1 31605
425 5 587 3 834
426 24 30376 1 30686
427 4 41780 1 42185
428 17 4290 3 4523
429 4 75482 1 75594
430 15 4290 2 4581
431 24 79638 1 80131
432 32 42185 3 42529
433 17 69400 4 69737
434 26 75881 2 76044
435 32 32007 1 32731
436 11 51994 1 52458
437 4 78618 2 79638
438 32 74385 1 74427
439 4 65214 1 66275
440 41 38440 1 38716
441 3 32363 3 32602
442 11 81770 1 82485
443 4 6915 1 7357
444 35 13732 3 14065
445 32 91389 3 92066
446 6 22032 1 22248
447 4 32196 2 32645
448 24 32196 1 32363
449 13 16981 3 17466
450 46 50682 1 50811
451 4 19806 1 22032
452 6 79638 1 79955
453 32 13732 1 14274
454 1 62328 1 63004
455 4 46655 1 49634
456 21 13732 3 14404
457 16 3984 1 4076
458 24 68736 2 68849
459 35 31004 2 31094
460 22 8215 1 8806
461 1 24000 5 24416
462 26 77725 1 78153
463 9 60741 1 60792
464 26 60741 1 60964
465 45 32975 2 33158
466 35 77725 1 78047
467 9 90837 2 91293
468 4 24000 1 24787
469 38 81410 1 81517
470 24 34241 3 34886
471 15 8215 1 8469
472 14 75992 1 76567
473 29 9325 1 9676
474 15 22866 1 23515
475 4 1456 1 3984
476 13 42185 3 42855
477 4 22032 1 22656
478 13 60741 3 60801
479 4 22866 1 23049
480 45 88527 3 88819
481 4 84802 1 85581
482 29 34241 3 34691
483 11 91389 1 91453
484 4 37866 1 38321
485 2 90400 2 91013
486 4 73078 2 73653
487 41 52774 1 53019
488 32 29015 3 29535
489 35 31004 1 31117
490 13 54377 3 54418
491 46 72412 1 72791
492 4 86539 1 87321
493 26 4290 1 4430
494 4 66471 5 66759
495 46 24000 4 24077
496 2 40673 3 41232
497 35 62328 1 62827
498 35 60741 2 60796
499 35 32866 5 32975
500 4 85891 1 86291
501 35 35405 2 35483
502 26 90837 1 91655
503 35 72731 2 73011
504 41 9325 2 9384
505 22 62328 1 62807
506 42 22121 1 22564
507 39 15026 1 15559
508 4 72412 1 72731
509 16 32007 2 32177
510 12 67379 2 68101
511 30 90400 7 91029
512 27 40673 1 41199
513 4 55725 1 57423
514 46 55725 1 56230
515 24 80209 3 80530
516 4 16981 1 17559
517 19 24787 2 24814
518 24 37344 2 37661
519 1 32645 1 32973
520 41 35405 1 35527
521 26 4290 2 4853
522 22 22032 1 22112
523 30 83350 1 83664
524 35 87321 2 87962
525 4 90837 1 91338
526 8 91389 1 91485
527 35 87321 3 88014
528 18 40252 1 40697
529 3 8215 2 9025
530 27 80340 1 80508
531 18 90400 1 91060
532 42 16981 2 17454
533 26 32007 1 32288
534 21 43090 3 43180
535 21 36556 2 36852
536 26 67379 1 67542
537 4 32645 1 32866
538 16 37866 4 37889
539 13 61945 1 62081
540 4 15131 1 15965
541 5 22032 4 22758
542 16 62328 1 62685
543 1 75482 2 75977
544 22 51994 1 52489
545 1 87990 5 88305
546 35 4290 1 4554
547 18 62328 1 62508
548 41 74385 1 74410
549 37 49844 2 50240
550 41 43090 1 43520
551 20 66471 7 66732
552 19 34241 1 34835
553 12 7551 1 7928
554 16 34241 1 34302
555 1 49844 3 49970
556 4 4290 1 4704
557 24 72412 7 72578
558 6 37866 5 38447
559 35 41930 2 42367
560 22 31200 1 31382
561 17 49844 2 50012
562 30 4290 2 4356
563 1 15965 2 16715
564 1 80903 3 81014
565 2 22032 5 22773
566 4 72364 2 72412
567 38 75881 3 76609
568 4 15965 1 16316
569 38 38440 5 39059
570 24 31004 1 31691
571 12 65214 1 66553
572 21 32007 2 32489
573 16 74385 1 74797
574 30 46655 2 46695
575 17 22866 2 23086
576 15 87321 3 87999
577 19 90837 1 91271
578 30 58563 1 58754
579 21 3984 3 4649
580 1 59305 1 59905
581 24 80340 1 80720
582 32 16981 1 17248
583 24 32975 2 33360
584 9 53178 1 53250
585 13 79638 1 80033
586 4 15026 1 15131
587 1 66471 3 66733
588 36 16981 5 17690
589 17 51994 1 52362
590 13 80340 3 80513
591 45 24000 5 24201
592 20 46655 4 46984
593 24 40252 1 40712
594 1 57899 1 58377
595 29 52774 1 53377
596 33 4290 3 4553
597 6 36556 1 37170
598 4 87321 2 87990
599 35 51994 3 52175
600 11 79638 1 80339
601 35 90400 1 90673
602 42 62328 2 62574
603 12 4290 1 4830
604 35 91389 2 92052
605 22 51994 1 52242
606 32 22121 1 22277
607 40 32645 2 33007
608 41 32007 1 32598
609 6 62328 2 62349
610 4 67379 1 68736
611 4 68736 1 71555
612 41 8215 1 8802
613 35 16672 1 16876
614 4 41056 1 41780
615 3 32196 4 32226
616 27 8215 1 8854
617 27 13732 1 13903
618 35 0 5 587
619 42 72731 1 73021
620 22 79638 1 79906
621 3 55725 7 55779
622 24 17559 1 17760
623 29 43603 1 43841
624 15 32196 2 32446
625 30 30376 3 30414
626 4 43962 1 45884
627 30 87990 1 88707
628 4 89862 2 89968
629 24 60741 2 61120
630 44 75881 2 76024
631 4 3984 1 4143
632 2 37344 1 37841
633 2 60741 1 61408
634 16 29015 2 29548
635 4 46324 1 46655
636 26 79638 1 80679
637 13 46655 1 47174
638 3 81770 2 81840
639 45 43090 3 43414
640 35 79638 1 79943
641 4 42791 6 43090
642 4 86291 2 86539
643 20 53178 1 53849
644 32 72412 3 72494
645 16 24000 2 24117
646 35 31004 1 31200
647 45 0 2 89
648 16 59410 2 60145
649 35 73653 5 74385
650 6 87321 1 87658
651 41 57899 1 58517
652 35 32975 1 33755
653 17 73078 4 73373
654 4 87990 1 88527
655 15 75881 3 76161
656 1 15965 1 16560
657 26 42185 1 42535
658 18 29015 2 29492
659 15 80536 1 80708
660 12 37866 1 38142
661 30 32007 1 32245
662 21 57423 1 58123
663 8 60741 1 61043
664 17 41930 4 42366
665 38 62328 1 62489
666 4 9325 1 9811
667 4 45884 3 46324
668 4 7600 1 8215
669 35 24000 1 24069
670 24 8215 1 8457
671 4 87321 1 87948
672 3 4290 1 4714
673 9 52774 1 53306
674 30 49634 1 49987
675 4 87321 1 87635
676 20 72731 2 73230
677 22 57423 1 58158
678 4 92847 1 93311
679 18 87990 1 88368
680 19 16672 2 17406
681 4 58563 1 59305
682 3 62328 1 62485
683 12 50682 2 50993
684 5 6915 1 7310
685 4 43603 1 43962
686 4 19806 1 20291
687 46 72731 1 72834
688 1 88527 1 89231
689 24 43603 1 44248
690 4 31004 1 32007
691 1 87321 3 87736
692 2 38440 1 38584
693 18 67379 1 67721
694 24 36556 2 36899
695 32 80340 2 81003
696 35 74385 1 74417
697 3 7259 2 7816
698 25 49634 1 50139
699 4 15965 1 16672
700 22 15131 1 15614
701 38 0 5 371
702 4 37344 2 37606
703 16 22121 1 22383
704 28 38440 1 38827
705 4 66895 2 67379
706 4 24787 1 29015
707 35 31200 4 31336
708 25 24000 5 24563
709 36 35405 4 35986
710 24 55725 3 56111
711 16 68736 1 69328
712 32 32645 3 33329
713 24 87321 1 87924
714 8 72364 1 72815
715 22 37344 1 37879
716 4 59410 1 60741
717 1 32196 5 32463
718 24 49634 2 50279
719 35 50921 4 50994
720 24 72731 5 73428
721 16 15131 1 15338
722 16 79638 1 79920
723 24 15131 1 15543
724 17 52774 1 53278
725 30 72731 1 72918
726 13 24000 2 24606
727 24 6915 2 7493
728 3 4290 3 4471
729 45 50339 1 50663
730 4 50682 1 51323
731 18 16981 2 17417
732 4 32007 1 32605
733 21 83894 1 84250
734 1 32196 1 32545
735 4 75881 1 76178
736 6 13732 1 13858
737 4 85581 1 85891
738 12 57423 2 58056
739 35 72412 1 72771
740 46 42185 4 42866
741 15 68736 3 69145
742 1 91389 1 91992
743 7 16672 2 16975
744 4 52774 3 53178
745 35 67379 1 67870
746 9 62328 2 62779
747 18 34241 1 34979
748 24 51994 2 52355
749 16 66471 1 66848
750 15 3984 4 4589
751 41 80209 2 80584
752 11 62328 1 62784
753 4 46324 1 47023
754 22 15965 1 16429
755 45 50682 6 51285
756 12 43090 2 43268
757 7 43090 2 43743
758 9 29015 2 29511
759 12 87321 1 88070
760 4 83350 5 83894
761 6 66471 1 67173
762 4 90400 3 90837
763 35 91389 1 91794
764 32 24000 2 24576
765 37 91389 1 91912
766 35 91743 2 91879
767 30 80209 1 80265
768 5 72731 2 73278
769 13 9325 2 9758
770 35 74920 3 75482
771 17 75992 6 76045
772 32 62328 1 62939
773 35 82517 1 82565
774 7 22866 2 23393
775 26 43090 1 43380
776 4 22866 5 23322
777 29 49634 5 49989
778 19 62328 2 62742
779 19 58563 5 58953
780 16 43603 2 44039
781 24 32645 6 32730
782 19 8215 1 8874
783 12 49634 2 50264
784 11 22032 1 22056
785 4 59305 2 59410
786 11 43090 1 43192
787 15 22121 3 22565
788 16 92847 1 93342
789 30 8215 1 8505
790 24 6915 2 7095
791 4 29015 1 30376
792 12 79638 2 80677
793 22 49634 1 49847
794 26 82037 2 83226
795 4 4704 2 5415
796 2 77725 3 78208
797 22 4290 2 4665
798 1 9325 2 9490
799 30 57899 1 58645
800 19 68736 2 69239
801 31 7551 1 7751
802 25 80340 3 81018
803 15 32196 2 32785
804 27 4290 1 4491
805 6 22866 2 22948
806 15 13732 3 14451
807 46 49634 2 50318
808 12 52774 2 53434
809 41 91389 2 91567
810 13 84802 5 85384
811 13 32975 1 33039
812 16 24787 3 24950
813 13 51994 2 52087
814 37 87321 6 88041
815 24 40252 3 40456
816 12 75881 1 75992
817 22 87321 2 87882
818 22 0 2 381
819 8 57899 2 58262
820 32 22032 1 22057
821 15 40673 2 41196
822 13 32196 3 32458
823 4 32645 1 33567
824 24 22373 7 22643
825 1 7259 2 7373
826 4 49634 1 49844
827 27 57899 1 58400
828 4 75881 1 77725
829 1 67379 2 68036
830 4 77725 1 78618
831 7 38440 1 38798
832 38 4290 2 4493
833 21 81410 1 81837
834 32 22866 1 23076
835 15 62328 1 62843
836 24 62328 2 63049
837 4 62328 1 62363
838 6 75881 1 76406
839 30 91389 2 91618
840 4 49844 1 50682
841 9 37866 1 38059
842 14 72731 1 72863
843 35 69400 2 69986
844 24 66471 3 67059
845 13 75881 2 76135
846 46 37866 1 38051
847 30 59410 1 59596
848 27 41780 1 42429
849 4 41026 1 41609
850 11 8215 1 8550
851 35 59410 1 59680
852 32 41780 1 41834
853 16 31004 1 31203
854 4 89862 1 90400
855 4 88527 1 88689
856 4 40673 2 41026
857 2 66471 1 67104
858 45 13732 3 14462
859 33 16672 1 17026
860 19 4290 1 4868
861 6 40673 5 41163
862 14 77725 1 78221
863 13 41780 2 41912
864 30 62328 3 62833
865 4 53178 6 53427
866 16 32975 1 33397
867 26 43090 2 43606
868 12 59410 1 59547
869 24 32007 1 32109
870 35 8215 4 8272
871 15 80209 1 80453
872 19 73078 2 73379
873 42 55725 1 55769
874 2 32007 4 32409
875 18 32196 1 32744
876 35 35405 1 35541
877 38 22373 5 22621
878 22 60741 1 61252
879 4 60741 1 61508
880 39 66471 1 67108
881 35 75594 2 75888
882 30 75594 6 76192
883 1 9325 5 9907
884 45 50094 5 50574
885 34 59305 1 59543
886 9 50682 2 51231
887 32 90837 2 91220
888 28 79638 3 79746
889 24 32363 8 32486
890 35 34241 2 34310
891 5 87990 4 88177
892 34 37866 1 38273
893 4 88689 1 89862
894 4 61945 1 62328
895 24 3984 4 4529
896 4 55725 4 56275
897 24 24000 2 24630
898 36 87990 4 88384
899 32 52774 2 53130
900 24 90837 6 91498
901 29 37866 1 38496
902 1 13732 1 14389
903 4 75594 1 75866
904 30 73776 1 74077
905 19 72364 3 72738
906 1 72731 1 73236
907 4 4143 1 4290
908 4 61508 1 61945
909 38 79638 3 80368
910 4 38321 1 38978
911 25 75881 1 76484
912 12 75482 3 75852
913 21 89862 2 90266
914 25 91389 5 91673
915 4 49634 2 49966
916 6 82974 1 83385
917 4 36556 1 37344
918 30 87321 4 87358
919 32 57899 2 58206
920 27 49634 1 50160
921 1 73078 2 73731
922 34 43962 1 44034
923 24 41930 7 42489
924 32 0 3 523
925 1 80536 1 80997
926 19 32363 3 32393
927 24 79638 1 80292
928 5 13732 1 13804
929 1 4290 3 4900
930 26 32363 1 32403
931 35 50994 1 51110
932 19 67379 4 67764
933 18 80209 1 80842
934 32 4143 2 4371
935 4 12467 1 13732
936 41 51994 1 52625
937 4 23322 2 23666
938 16 75594 2 75931
939 4 13732 2 15026
940 41 67379 1 67986
941 7 22121 2 22645
942 30 37866 2 38211
943 35 13732 1 13855
944 3 38321 2 38423
945 30 57899 1 58377
946 30 3984 1 4537
 调度评估结果
1. 任务等待评估 (Σ 等待×权重): 449586398
2. 任务完成评估 (最大完成时间): 93342
3. GPU显存空闲评估 (平均空闲): 7692.33 GB/时间片
 额外统计
已调度任务               : 946/946
平均等待时间            : 44884.31
各服务器任务分布      : 服务器1=39, 服务器2=17, 服务器3=23, 服务器4=156, 服务器5=10, 服务器6=26, 服务器7=5, 服务器8=9, 服务器9=11, 服务器10=2, 服务器11=13, 服务器12=31, 服务器13=26, 服务器14=4, 服务器15=29, 服务器16=43, 服务器17=16, 服务器18=24, 服务器19=17, 服务器20=9, 服务器21=15, 服务器22=30, 服务器24=57, 服务器25=8, 服务器26=19, 服务器27=18, 服务器28=9, 服务器29=11, 服务器30=42, 服务器31=2, 服务器32=32, 服务器33=4, 服务器34=4, 服务器35=70, 服务器36=8, 服务器37=5, 服务器38=15, 服务器39=4, 服务器40=5, 服务器41=24, 服务器42=8, 服务器43=1, 服务器44=4, 服务器45=19, 服务器46=22
