1 39 8833 1 9228
2 4 4897 1 5305
3 19 4803 3 5111
4 59 8513 1 8689
5 45 8353 2 8619
6 59 5034 1 5382
7 19 4681 2 4698
8 33 8741 2 8937
9 41 11684 2 11818
10 46 18280 4 18747
11 38 16217 2 16250
12 59 17012 1 17204
13 51 4281 1 4509
14 39 16436 4 16984
15 59 15418 3 15772
16 17 9196 4 9706
17 35 10045 1 10574
18 38 1171 1 1705
19 55 4479 1 4771
20 19 13015 1 13182
21 57 13310 1 13406
22 50 4278 8 4388
23 57 820 1 1108
24 5 17892 1 18012
25 34 14315 1 14754
26 11 18606 3 19509
27 36 14309 5 14672
28 32 11348 2 11647
29 53 10968 2 11470
30 38 8715 1 8904
31 23 6703 3 7029
32 51 8973 1 9579
33 11 1089 1 1407
34 52 3988 2 4036
35 46 4244 2 4419
36 12 2193 1 2630
37 46 13782 3 13975
38 17 5048 1 5383
39 51 16436 1 16450
40 11 11998 2 12021
41 22 229 2 314
42 51 10099 1 10249
43 46 2973 2 3214
44 53 1089 1 1194
45 46 9440 3 9822
46 51 1784 1 2051
47 19 13737 1 14264
48 51 18590 1 18625
49 54 2303 2 2652
50 32 6073 2 6213
51 19 12820 3 13122
52 15 13738 2 13892
53 51 1284 2 1348
54 57 1325 2 1598
55 6 19134 1 19561
56 23 19000 1 19449
57 35 14232 2 14300
58 39 1171 4 1331
59 6 1302 4 1669
60 35 19881 1 20217
61 53 2786 1 3017
62 17 6961 5 7237
63 57 11022 2 11517
64 47 17552 3 18030
65 32 14241 1 14704
66 19 8985 5 9518
67 51 13761 3 14340
68 46 12025 2 12231
69 36 5771 6 6195
70 29 4928 1 5085
71 12 14282 1 14452
72 6 6961 2 7352
73 59 5204 1 5483
74 19 7372 2 7482
75 18 6961 1 7134
76 33 17280 1 17536
77 46 882 4 1238
78 10 13568 3 13785
79 57 19199 2 19473
80 52 13006 2 13053
81 19 15180 3 15352
82 19 15045 1 15586
83 38 6059 1 6081
84 57 2281 3 2811
85 38 7843 3 8119
86 35 15976 2 16083
87 29 6112 1 6627
88 42 1532 2 1916
89 51 11998 3 12321
90 48 10668 4 11122
91 53 8766 1 9236
92 59 5458 1 6122
93 53 17652 1 17812
94 32 53 1 355
95 47 9311 2 9491
96 4 8937 2 9278
97 2 2546 1 2903
98 7 11998 2 12124
99 53 19902 2 19972
100 53 12237 2 12683
101 36 11348 2 11836
102 2 10052 1 10579
103 57 8677 4 8769
104 6 17280 2 17546
105 51 2736 4 3082
106 31 1089 1 1600
107 51 607 5 1041
108 51 14475 1 14973
109 38 13762 3 13908
110 13 3560 1 3960
111 46 5034 2 5120
112 4 5344 1 5715
113 45 6631 1 6665
114 17 19974 3 20047
115 52 4487 2 5002
116 57 6609 1 6896
117 15 6451 2 6769
118 59 6961 1 7387
119 46 9783 1 9928
120 19 18644 1 18935
121 11 7538 1 7632
122 35 14602 3 14955
123 35 9386 1 9542
124 6 1089 2 1304
125 33 1985 1 2522
126 11 16280 1 16697
127 12 2820 4 2912
128 15 9185 2 9628
129 10 9330 1 9638
130 46 5187 2 5229
131 39 8264 5 8739
132 46 7097 4 7285
133 19 14654 1 15047
134 57 3893 1 4299
135 53 4122 2 4481
136 19 3069 1 3079
137 25 19348 1 19449
138 20 11410 8 11499
139 38 7849 3 7860
140 38 1877 1 2043
141 59 17904 2 18370
142 39 15730 1 16040
143 19 17544 1 17597
144 32 4832 1 5343
145 24 1590 3 1960
146 51 11829 3 11837
147 51 2087 1 2484
148 53 15522 1 15946
149 51 10609 1 11339
150 39 5356 7 5593
151 57 13700 2 13978
152 3 2281 4 2777
153 35 4413 2 4845
154 29 8855 1 9143
155 51 18625 3 18808
156 19 14274 4 14569
157 46 3812 1 4108
158 38 19911 2 20106
159 33 16898 1 17308
160 43 8252 4 8687
161 18 8683 3 8732
162 19 371 1 885
163 11 7097 6 7270
164 59 7817 2 7981
165 10 4678 2 5065
166 4 16125 1 16438
167 59 11348 1 11739
168 19 10577 1 10737
169 57 7755 1 8018
170 53 6465 1 6751
171 54 16984 1 17532
172 51 1089 2 1255
173 19 13841 1 15019
174 57 14164 1 14196
175 19 15141 1 15149
176 46 16565 4 16924
177 32 1727 4 2273
178 11 5531 4 5743
179 35 2648 4 2698
180 11 1436 3 1786
181 25 10991 1 11184
182 47 16458 1 16995
183 59 5042 2 5392
184 19 6552 1 6982
185 38 5346 3 5860
186 51 12453 1 13015
187 46 3110 2 3274
188 57 12453 1 13274
189 13 4270 1 4335
190 44 10799 3 11035
191 36 12421 1 12657
192 19 7097 1 7349
193 34 13919 7 14238
194 32 15396 3 15412
195 51 15257 4 15412
196 59 1547 2 1960
197 38 3984 3 4105
198 6 12178 5 12231
199 59 1439 2 1501
200 39 6210 5 6758
201 36 19201 2 19643
202 47 2457 3 2883
203 59 15823 1 15919
204 53 14689 1 14746
205 11 4652 1 5303
206 18 13934 1 14334
207 15 11535 2 11575
208 52 17664 1 18165
209 11 6703 6 6836
210 18 19279 1 19835
211 53 18068 3 18475
212 11 2891 1 3327
213 59 3718 1 3864
214 6 2582 2 2697
215 25 17895 3 18243
216 57 13700 1 13923
217 32 15482 1 15984
218 51 14075 1 14153
219 39 9584 2 10026
220 25 14026 3 14299
221 42 14794 2 15100
222 19 8991 1 9320
223 18 12575 1 12589
224 54 19523 2 19750
225 33 1224 1 1455
226 51 10548 1 10749
227 53 9411 4 9687
228 48 16561 3 16724
229 36 12178 3 12316
230 21 17280 6 17457
231 57 9279 1 9618
232 59 3487 1 3684
233 42 13033 1 13078
234 19 299 1 691
235 53 16871 1 17213
236 19 4155 2 4548
237 28 18664 2 18837
238 59 258 1 422
239 53 14932 1 15238
240 25 8387 1 8524
241 58 9396 2 9780
242 42 19891 1 20148
243 52 15716 2 15853
244 52 16871 2 17366
245 19 16871 1 16924
246 32 10362 2 10781
247 52 18280 1 18490
248 47 19192 1 19376
249 19 18644 2 19050
250 15 3889 1 4314
251 32 16871 2 17201
252 3 3646 1 4046
253 57 17771 3 17970
254 18 9532 2 9990
255 59 19290 1 20212
256 41 2754 2 3061
257 59 18606 1 18625
258 38 15011 1 15183
259 18 7782 2 8373
260 11 15859 1 16231
261 19 18625 3 18644
262 38 613 3 762
263 19 6702 1 7353
264 47 3958 2 4024
265 17 8658 1 9060
266 19 5129 2 5219
267 57 15583 2 15936
268 47 13761 3 14180
269 35 19235 2 19341
270 39 4203 1 4334
271 53 3839 1 4031
272 57 8253 4 8677
273 34 11517 4 11963
274 35 1875 1 2414
275 18 18413 3 18565
276 11 3249 2 3525
277 53 13737 1 13941
278 51 8400 3 8947
279 57 1089 1 1617
280 35 4177 4 4661
281 32 15261 2 15335
282 51 1981 3 2028
283 54 18606 1 19091
284 53 10491 1 11384
285 18 8845 1 9339
286 42 18807 1 19092
287 51 5365 1 5675
288 59 18644 1 18786
289 19 11165 3 11373
290 15 14031 3 14503
291 52 7663 2 8114
292 19 16023 5 16081
293 38 421 2 612
294 17 1590 2 1895
295 41 6573 1 6956
296 48 17505 1 17767
297 24 8189 1 8505
298 6 151 1 170
299 53 2591 1 2973
300 59 3705 2 4578
301 6 9194 1 9437
302 39 3684 1 4206
303 6 14044 3 14431
304 38 3664 1 3984
305 17 17113 1 17435
306 53 8677 3 9010
307 53 14221 1 14251
308 59 7097 1 7824
309 45 7522 1 7712
310 51 19384 2 19414
311 59 1739 1 2048
312 59 2348 2 2639
313 47 4578 2 4886
314 39 16707 2 16815
315 51 1811 1 2048
316 39 3383 2 3444
317 13 4122 1 4627
318 32 17790 1 18071
319 18 14637 2 14701
320 57 7756 2 8032
321 39 12421 1 12863
322 53 18857 2 18904
323 39 10295 4 10767
324 51 12505 3 12854
325 19 16403 5 16919
326 32 18427 3 18441
327 53 2973 1 3178
328 6 13630 3 13664
329 47 19486 1 19896
330 51 17750 1 18353
331 35 2776 2 3053
332 6 17443 4 17584
333 17 7097 1 7376
334 25 4201 1 4508
335 18 6609 1 7028
336 59 12606 1 12917
337 32 7271 1 7726
338 46 203 1 632
339 47 7692 1 8191
340 52 9279 3 9720
341 53 12453 1 12579
342 41 9057 1 9177
343 54 3075 3 3592
344 57 43 1 371
345 54 12421 1 12812
346 59 11517 1 11770
347 50 12545 7 12669
348 19 2453 1 2808
349 19 4135 1 4413
350 45 19623 1 19751
351 54 15826 3 16284
352 22 19902 1 20047
353 49 13591 2 13720
354 19 14636 4 14891
355 35 882 1 1045
356 59 13290 1 13815
357 57 16064 1 16286
358 21 7097 3 7238
359 18 5368 1 5829
360 57 14751 1 15143
361 59 2465 1 2687
362 59 13159 1 13678
363 18 10978 1 11348
364 35 12358 1 12608
365 5 5460 1 5511
366 57 9779 1 9877
367 51 2365 4 2471
368 19 18413 3 18590
369 12 16871 3 16900
370 38 17948 1 18340
371 51 18280 2 18820
372 46 6961 3 7097
373 59 541 1 1039
374 19 9413 1 9457
375 53 2547 1 2707
376 57 5955 3 5988
377 38 17796 1 18246
378 21 2323 1 2524
379 38 16282 4 16808
380 12 11113 2 11280
381 53 6387 1 6464
382 15 11998 4 12248
383 8 19909 1 20255
384 46 17652 3 18001
385 25 19569 1 19808
386 19 16953 2 17410
387 17 5396 3 5633
388 57 9235 4 9279
389 17 7706 1 8163
390 18 4168 1 4704
391 51 6059 2 6328
392 49 7277 1 7458
393 35 4318 6 4402
394 51 12321 1 12456
395 45 9933 1 10018
396 51 18820 1 19047
397 51 5963 3 6219
398 25 2096 3 2539
399 39 11998 2 12132
400 53 18651 3 19116
401 6 8624 1 8933
402 46 3812 6 4134
403 39 10524 1 11039
404 19 5034 1 5433
405 16 17045 2 17208
406 11 12795 1 13929
407 29 9619 2 9771
408 57 10339 1 11003
409 32 7490 1 7646
410 4 18660 2 19173
411 36 4088 5 4453
412 23 18280 1 18739
413 8 2854 2 2875
414 32 668 2 1039
415 10 4958 1 5071
416 19 1089 5 1344
417 51 3148 2 3508
418 11 12124 1 12773
419 59 5467 2 5683
420 45 15918 2 16148
421 46 9589 1 9738
422 17 7662 1 7941
423 12 7367 1 7596
424 48 3415 1 3477
425 57 2839 1 3499
426 53 9289 2 9606
427 47 5357 2 5765
428 31 1983 2 2380
429 18 6319 1 6869
430 19 4678 2 4786
431 29 12453 1 12699
432 59 13737 1 13812
433 25 12669 3 12808
434 6 5722 5 6128
435 23 8977 4 9204
436 43 4243 2 4601
437 57 9625 1 9751
438 38 18660 2 18882
439 51 4580 2 4945
440 19 16274 2 16636
441 18 4704 1 4758
442 51 6961 3 7140
443 11 616 1 869
444 53 11517 3 12129
445 17 18820 3 19285
446 58 1274 1 1635
447 34 18922 3 19301
448 19 8184 2 8666
449 57 3644 1 3812
450 29 17670 1 17985
451 21 11998 1 12095
452 12 14457 2 14987
453 9 17012 4 17493
454 55 19031 7 19488
455 19 11998 1 12498
456 31 11507 1 11556
457 19 5439 1 5467
458 51 5034 1 5084
459 18 18280 2 18795
460 18 13700 1 13824
461 53 18606 3 18651
462 15 19262 4 19370
463 54 10984 3 11491
464 51 9733 2 9949
465 18 725 1 943
466 17 3423 1 3637
467 19 17006 1 17123
468 53 5074 3 5294
469 39 13981 1 14495
470 39 725 2 1171
471 48 12124 1 12198
472 59 16035 1 16137
473 46 15568 6 15800
474 45 11099 1 11360
475 19 8044 1 8499
476 17 15541 2 15953
477 35 17280 1 17828
478 6 9814 3 10282
479 15 11517 2 11817
480 42 9075 1 9164
481 46 17213 3 17429
482 53 3377 2 3407
483 4 16052 2 16074
484 21 11060 2 11524
485 53 14261 1 14494
486 34 1420 4 1936
487 25 7542 2 7944
488 22 2672 4 2990
489 6 16086 6 16542
490 21 2973 1 3081
491 55 18644 4 18761
492 59 14821 1 15413
493 29 18915 1 19268
494 59 18820 2 19014
495 13 7970 3 8217
496 46 17505 4 17696
497 11 19553 3 19663
498 19 17154 1 17479
499 57 5702 1 6106
500 49 14151 2 14482
501 6 3505 6 3932
502 25 1594 1 2034
503 25 8850 1 9222
504 29 10828 2 11022
505 35 7162 3 7508
506 42 17213 2 17457
507 47 14997 1 15149
508 17 2546 4 3028
509 11 6619 5 6731
510 45 10193 3 10345
511 57 7453 2 7491
512 39 3249 1 4177
513 45 10543 3 11068
514 35 14504 3 14944
515 54 10228 1 10351
516 19 2403 1 2945
517 18 14144 1 14686
518 57 8812 5 9235
519 59 10283 1 10293
520 19 15473 1 15839
521 51 3684 3 3773
522 22 12922 4 13134
523 11 17598 1 18014
524 57 7277 1 7554
525 38 17213 3 17293
526 57 3520 1 3644
527 19 5074 4 5283
528 51 17790 1 18280
529 59 9185 2 9575
530 29 14211 2 14789
531 35 18644 1 19065
532 39 13591 6 13840
533 35 9630 4 10137
534 57 19563 1 19987
535 38 5187 1 5512
536 24 12529 5 12890
537 48 11565 1 11880
538 17 19835 2 20146
539 59 10683 1 11258
540 6 6387 3 6500
541 41 10449 2 10710
542 51 12124 1 12532
543 54 1880 1 2213
544 57 12178 1 12453
545 15 5104 1 5209
546 19 13059 1 13444
547 18 10941 1 11144
548 22 14466 3 14785
549 53 7230 2 7260
550 35 7685 1 8202
551 19 6059 1 6702
552 21 17505 5 17905
553 32 12631 1 12657
554 19 14760 1 14913
555 31 4946 1 5205
556 32 4024 3 4284
557 23 8825 1 8962
558 24 17280 1 17790
559 31 11781 1 12234
560 35 1547 5 1777
561 57 18992 1 19438
562 7 9688 2 9740
563 51 14178 1 14475
564 42 11517 1 11557
565 59 13347 1 13660
566 34 15478 3 15617
567 23 15493 4 15849
568 45 3644 3 3830
569 38 882 2 1134
570 52 5845 3 5992
571 48 13737 2 13857
572 51 3912 3 4420
573 19 15354 1 15431
574 12 19902 5 20093
575 19 19676 3 19907
576 17 14428 4 14886
577 46 4842 1 5321
578 51 6703 1 6785
579 46 8537 1 9049
580 21 5932 2 6112
581 50 19286 8 19486
582 59 5915 1 6003
583 10 15514 2 15744
584 17 5498 1 5970
585 6 2868 8 3055
586 42 6387 2 6812
587 51 1532 1 1665
588 32 2711 3 3018
589 38 12178 1 12434
590 33 17026 1 17209
591 4 16871 2 17172
592 35 17241 3 17719
593 16 15124 2 15628
594 47 10507 2 10727
595 32 15312 1 15592
596 12 19690 1 19765
597 51 10547 1 10609
598 25 11998 1 12113
599 25 8660 1 9099
600 32 8767 2 9243
601 16 13234 2 13275
602 36 14209 1 14233
603 53 13287 2 13313
604 57 4413 1 4541
605 34 374 4 550
606 11 18280 2 18606
607 53 14284 2 14535
608 18 181 1 241
609 18 4175 3 4551
610 42 7652 2 7673
611 15 1089 3 1461
612 19 14292 1 14624
613 32 477 3 593
614 53 6983 1 8454
615 18 11348 2 12178
616 38 4715 1 5154
617 43 19487 3 19606
618 32 9393 1 9924
619 42 18606 1 18959
620 53 14141 4 14284
621 33 2813 1 2888
622 47 9518 2 9976
623 18 18625 2 19134
624 46 18651 1 18843
625 19 3825 1 4010
626 51 7539 1 7554
627 39 9605 4 9841
628 59 1984 2 2018
629 39 13015 1 13428
630 11 14843 1 15620
631 52 8677 1 8753
632 53 5672 1 5956
633 59 7946 1 8102
634 51 16237 4 16742
635 59 10981 1 11445
636 33 17652 2 18060
637 43 12178 3 12488
638 38 6086 2 6574
639 32 5873 1 5969
640 51 11517 3 11838
641 59 9214 1 9430
642 6 9441 6 9772
643 29 9185 1 9270
644 3 10276 1 10352
645 30 19902 2 20150
646 31 9862 2 10284
647 6 544 4 935
648 39 6083 3 6245
649 42 4811 1 5173
650 12 12453 4 12877
651 39 8297 3 8406
652 17 16620 1 16634
653 49 1934 1 2270
654 53 4767 2 5217
655 51 14451 4 14832
656 35 10295 1 10558
657 19 11998 1 12434
658 3 1585 4 1613
659 19 8295 1 8522
660 15 18953 1 19144
661 57 6387 4 6887
662 11 9685 2 9716
663 11 4190 1 4652
664 29 7278 1 7600
665 38 5610 4 5973
666 46 12421 1 12888
667 48 9185 2 9481
668 36 7319 3 7420
669 57 13525 1 13801
670 45 8138 1 8415
671 45 9099 3 9387
672 19 2813 2 3249
673 39 16984 4 17504
674 51 19452 1 19955
675 16 12178 1 12674
676 12 4187 5 4551
677 53 2333 1 2375
678 2 10084 2 10584
679 19 18280 4 18413
680 36 69 6 394
681 39 10372 2 10504
682 19 3647 1 4091
683 17 3812 1 4320
684 18 8462 1 8683
685 7 3765 2 4197
686 12 882 2 1226
687 51 6387 1 6434
688 46 15073 1 15614
689 53 16042 1 16590
690 4 7344 1 7829
691 46 14841 3 15175
692 4 3812 1 4119
693 19 15830 1 16248
694 46 10904 1 11027
695 17 10707 1 11100
696 18 17472 1 17821
697 32 5280 3 5312
698 59 19279 2 19927
699 32 17616 1 17891
700 51 5714 1 6114
701 35 2301 2 2748
702 12 566 1 611
703 18 6609 1 6955
704 6 14267 4 14810
705 15 4144 2 4683
706 24 16145 1 16655
707 41 412 2 890
708 45 17403 5 17753
709 59 522 1 773
710 15 3467 1 3700
711 19 310 1 339
712 4 19356 2 19785
713 51 10598 1 10937
714 19 13923 2 14072
715 12 166 3 361
716 32 7111 1 7203
717 6 3987 4 4313
718 31 17505 3 17566
719 22 12178 1 12409
720 25 1186 2 1516
721 35 2590 3 3096
722 6 3139 7 3485
723 51 12524 1 12532
724 11 9185 1 9517
725 53 5453 1 7091
726 35 8499 1 8781
727 13 5766 2 5798
728 21 15492 6 15847
729 18 16871 2 17472
730 15 6422 2 6823
731 32 13015 2 13556
732 19 19089 2 19437
733 53 8149 1 8608
734 36 14480 2 14490
735 17 13060 2 13478
736 16 13737 1 14092
737 53 4645 1 5150
738 33 4139 1 4588
739 59 7452 1 7805
740 56 14150 6 14684
741 36 4578 7 4941
742 2 10412 3 10718
743 6 194 1 323
744 59 15548 2 15701
745 52 3425 3 3767
746 59 6609 2 7071
747 32 6213 1 6713
748 21 19285 2 19453
749 19 16474 2 17006
750 19 9185 1 9416
751 19 2987 6 3152
752 46 17012 1 17412
753 39 5882 6 6188
754 53 3249 1 3566
755 17 8356 5 8603
756 38 1821 1 2019
757 19 5784 4 6005
758 51 13015 2 13234
759 45 19660 2 19812
760 17 10321 5 10684
761 45 11400 2 11539
762 19 276 1 1594
763 16 10680 1 10839
764 59 4578 1 5021
765 45 15747 4 15887
766 32 10068 2 10211
767 43 483 1 639
768 18 16384 2 16801
769 51 7159 1 7564
770 21 7411 1 7436
771 47 5899 1 6369
772 32 16110 3 16152
773 38 6372 1 6769
774 42 16351 1 16661
775 2 18590 1 18796
776 42 3048 1 3311
777 53 12605 1 13018
778 57 6106 3 6347
779 22 5911 5 6005
780 19 4271 1 4678
781 18 19882 1 20373
782 46 9894 1 9911
783 7 6646 1 6763
784 46 10733 3 11185
785 21 19912 3 20376
786 18 12178 1 12734
787 32 10841 2 11102
788 38 1835 1 1948
789 6 4413 4 4846
790 59 9821 2 10119
791 57 16438 3 16541
792 19 17505 1 17858
793 33 399 2 849
794 54 11998 2 12057
795 52 15235 1 15689
796 18 4704 1 5616
797 15 10425 1 10606
798 53 2377 3 2564
799 42 6123 1 6155
800 53 11178 1 11667
801 17 12178 2 12460
802 53 1285 3 1640
803 42 371 1 718
804 17 2286 4 2332
805 38 9288 3 9478
806 47 12825 3 13037
807 21 18280 5 18622
808 59 16038 1 16365
809 48 15704 4 16040
810 13 12124 1 12445
811 11 2827 2 3170
812 3 5093 2 5440
813 39 4904 4 4937
814 17 10798 1 11201
815 14 11998 1 12544
816 35 371 5 908
817 5 6340 2 6752
818 59 2002 1 2426
819 33 6609 1 6709
820 34 17505 6 17534
821 31 16871 2 17256
822 51 12794 3 13324
823 45 13308 2 13665
824 38 4141 1 4591
825 10 10648 3 11058
826 54 7602 1 7729
827 18 2190 1 3076
828 7 4678 3 5054
829 53 12178 3 12598
830 51 16279 1 16421
831 42 13147 2 13530
832 59 19927 1 20463
833 6 17026 1 17072
834 38 1410 5 1822
835 39 7312 2 7408
836 4 15978 1 16019
837 45 14479 3 14645
838 11 16871 4 17351
839 39 12178 3 12611
840 57 2777 2 3000
841 53 15695 2 16213
842 59 7103 2 7174
843 54 15707 1 15799
844 57 19523 1 19893
845 48 4898 4 5002
846 38 19253 1 19521
847 54 19931 4 20006
848 53 12618 2 13093
849 19 2131 1 2272
850 19 1727 2 2341
851 32 9820 1 10054
852 57 371 1 1122
853 39 17747 2 17825
854 18 13700 1 14219
855 18 1089 1 1302
856 52 1944 2 2089
857 51 13350 1 13585
858 19 19949 1 20472
859 18 12613 2 12922
860 46 3876 1 3996
861 11 2616 1 2783
862 39 185 1 716
863 22 7944 7 8372
864 17 6096 2 6387
865 48 7123 5 7261
866 12 7752 4 8171
867 18 5870 3 6319
868 53 13015 1 13304
869 52 12922 1 13194
870 19 11507 1 12514
871 6 13015 7 13444
872 46 6141 1 6347
873 57 11684 4 11817
874 59 4026 1 4847
875 11 76 4 625
876 19 12742 2 13023
877 39 19654 3 19964
878 57 4951 1 5669
879 18 10663 1 10833
880 51 5138 1 5460
881 54 5074 5 5435
882 47 4281 1 4680
883 59 11998 2 12072
884 42 14306 2 14367
885 45 12655 1 12743
886 46 6078 1 6140
887 19 10977 4 11423
888 33 976 1 1495
889 49 4678 4 4747
890 53 17652 1 18823
891 38 17213 3 17403
892 19 12554 1 12992
893 18 12453 1 12466
894 53 7868 3 8309
895 46 4413 1 4535
896 54 305 3 561
897 21 13814 6 13890
898 55 12453 3 12588
899 15 8909 2 9199
900 19 2285 3 2683
901 6 19902 1 20070
902 59 12626 1 13083
903 57 14071 3 14316
904 21 6547 3 6967
905 59 6129 1 6609
906 6 645 2 1001
907 42 3749 1 3980
908 45 13700 1 13837
909 47 1811 4 2239
910 6 9520 2 9887
911 51 14340 1 14729
912 32 12718 3 12829
913 17 16517 1 16718
914 11 3359 1 3436
915 34 4413 1 4691
916 59 11517 3 11668
917 39 6795 8 7158
918 21 17652 1 17886
919 58 7715 1 7763
920 52 3030 1 3071
921 59 2049 1 2342
922 47 16408 4 16518
923 19 17686 2 18212
924 47 8964 1 9282
925 53 16270 1 16755
926 34 13069 3 13374
927 41 13275 2 13465
928 59 7876 1 7918
929 46 17505 1 17635
930 54 5852 5 6368
931 53 2032 4 2167
932 2 18280 1 18767
933 22 3466 1 3913
934 43 8855 3 9077
935 7 4652 1 5006
936 22 19382 5 19663
937 54 9185 2 9546
938 19 16906 2 17443
939 38 12124 2 12186
940 22 17505 1 17810
941 47 12453 1 12526
942 21 10233 1 10520
943 21 6961 2 7257
944 59 11684 2 11998
945 2 10620 2 10648
946 45 14749 2 14935
947 18 19835 2 19881
948 48 279 5 731
949 46 632 2 882
950 6 7719 6 8267
951 53 9692 1 9838
952 19 19902 3 20289
953 3 4485 4 4617
954 17 3311 3 3390
955 57 7048 1 7277
956 38 4860 5 5001
957 59 16284 1 16493
958 4 9339 1 9474
959 11 17505 1 17598
960 19 19119 1 19602
961 35 943 5 1185
962 32 19392 1 19754
963 35 13873 2 14183
964 52 13737 1 14076
965 59 7354 1 7389
966 38 8677 3 8938
967 21 4578 1 4985
968 11 9600 1 9674
969 18 17505 2 17736
970 10 16871 1 17235
971 34 5034 2 5579
972 33 11998 1 12266
973 59 17012 1 17896
974 53 7788 2 7825
975 18 19382 1 20501
976 15 8190 2 8525
977 51 13234 2 13761
978 51 198 4 504
979 57 14418 2 14886
980 35 6726 5 7157
981 19 7953 3 8044
982 50 12560 1 12794
983 22 16114 1 16372
984 8 943 4 1296
985 39 2830 1 3230
986 4 17443 2 17610
987 53 2973 2 3339
988 15 12734 2 12845
989 11 7614 1 8599
990 11 5835 1 6564
991 32 1089 1 1601
992 6 18961 1 19266
993 3 11998 5 12210
994 25 7097 2 7495
995 35 1089 2 1365
996 59 12124 1 12486
997 38 14766 5 15275
998 19 10569 1 10977
999 17 6542 1 7077
1000 17 18280 1 18742
1001 42 16871 2 17211
1002 6 12453 1 12774
1003 38 17403 2 17879
1004 57 7239 2 7289
1005 54 14670 1 14983
1006 10 13015 1 13532
1007 19 2083 4 2095
1008 38 16051 2 16499
1009 38 420 1 913
1010 19 13160 2 13591
1011 19 4678 1 5066
1012 18 1302 1 1462
1013 18 943 2 1089
1014 6 17849 4 17858
1015 6 1017 4 1225
1016 59 8370 1 8893
1017 49 1500 1 1787
1018 36 14216 1 14344
1019 6 11293 1 11614
1020 15 7097 4 7642
1021 57 9518 1 9906
1022 45 5034 5 5401
1023 53 5471 1 5996
1024 53 3425 2 3837
1025 19 11517 3 11785
1026 35 18370 4 18378
1027 57 3812 1 4319
1028 19 13737 1 14213
1029 57 11517 1 11684
1030 49 15418 1 15834
1031 53 9622 1 10016
1032 38 16086 3 16123
1033 43 7097 1 7618
1034 53 85 1 969
1035 8 16871 3 17322
1036 11 11998 1 12124
1037 33 19904 1 20331
1038 53 5297 3 5671
1039 11 11112 2 11728
1040 35 10678 1 10735
1041 46 3334 4 3823
1042 19 6387 1 6695
1043 2 2298 1 2462
1044 29 6661 1 7206
1045 45 11998 4 12541
1046 16 5962 2 6114
1047 46 4420 1 4541
1048 47 15242 2 15585
1049 32 18280 1 18427
1050 57 13283 4 13700
1051 48 13266 4 13687
1052 53 168 1 278
1053 39 4919 2 5079
1054 46 12178 2 12547
1055 53 18280 1 18364
1056 18 4758 1 5174
1057 53 4243 2 4305
1058 51 6387 1 7055
1059 12 15885 1 16350
1060 39 16871 2 17617
1061 18 9339 2 9516
1062 29 19275 1 19713
1063 34 13737 3 13764
1064 18 16984 1 17307
1065 15 3812 2 4020
1066 53 1089 1 1421
1067 59 8899 1 9185
1068 57 2337 1 2716
1069 19 7649 3 8192
1070 32 17505 1 17734
1071 2 9935 2 10164
1072 41 3568 1 4089
1073 51 11735 1 12089
1074 24 12568 1 12735
1075 29 4190 1 4756
1076 57 2729 1 3178
1077 35 11517 2 11610
1078 57 1171 2 2027
1079 10 1302 3 1496
1080 54 574 1 809
1081 51 1498 2 1843
1082 38 1473 1 1715
1083 53 13700 1 13972
1084 34 3911 4 4350
1085 33 4944 1 5100
1086 24 5912 6 6054
1087 59 10046 1 10596
1088 3 17148 1 17181
1089 53 8977 2 9409
1090 11 17012 1 17256
1091 19 6059 5 6468
1092 13 19437 3 19699
1093 21 19244 4 19714
1094 39 8777 1 9245
1095 59 14865 1 15144
1096 39 18820 1 19287
1097 37 1746 5 1937
1098 19 5328 2 5581
1099 29 562 1 1062
1100 43 9185 4 9412
1101 58 19835 2 20156
1102 59 8058 1 8236
1103 39 5074 1 5321
1104 19 11039 4 11507
1105 38 1089 4 1267
1106 14 5088 2 5468
1107 33 13320 1 13375
1108 54 12072 2 12234
1109 19 13015 3 13236
1110 15 8199 1 8501
1111 42 12421 1 12753
1112 15 17061 2 17351
1113 29 10471 1 10809
1114 59 16500 1 16615
1115 46 882 3 1318
1116 39 18789 1 19319
1117 21 11998 1 12023
1118 22 13307 3 13852
1119 48 4328 1 4776
1120 59 17795 1 17963
1121 18 14119 1 14133
1122 54 17653 2 18075
1123 35 16483 4 16653
1124 18 1549 2 1573
1125 18 10602 2 10646
1126 49 13999 7 14521
1127 11 655 1 859
1128 19 12624 1 12696
1129 51 6144 1 6451
1130 18 1771 2 1987
1131 59 12072 1 12603
1132 3 19835 5 20241
1133 19 17241 1 17289
1134 19 19194 1 19902
1135 49 4428 7 4974
1136 18 3451 2 3830
1137 11 8701 1 9009
1138 46 16517 1 16987
1139 41 8347 2 8443
1140 39 4209 2 4290
1141 57 4319 3 4860
1142 33 18644 1 18660
1143 19 1413 3 1727
1144 46 10873 2 11307
1145 46 15435 3 15466
1146 47 16364 3 16410
1147 18 6387 1 6411
1148 51 3249 2 3720
1149 15 2644 3 2763
1150 29 1912 1 1975
1151 19 10989 1 11445
1152 38 15555 4 16077
1153 34 7097 4 7189
1154 35 5589 1 5775
1155 59 5580 1 5800
1156 53 5241 3 5340
1157 17 3412 1 3854
1158 11 3465 1 4152
1159 59 9847 1 9960
1160 58 6387 1 6813
1161 32 11998 1 12103
1162 51 3663 1 4260
1163 21 13737 5 13979
1164 46 19283 1 19347
1165 18 4924 1 5299
1166 32 4426 1 4810
1167 18 12922 1 13033
1168 17 17612 1 18161
1169 19 13591 4 13824
1170 32 10264 1 10291
1171 46 4823 5 5003
1172 19 4011 1 4267
1173 47 19002 4 19112
1174 42 12124 1 12670
1175 19 3384 1 3934
1176 34 5919 1 6430
1177 57 13015 1 13478
1178 4 15497 2 15935
1179 21 12453 4 12926
1180 57 1815 3 2325
1181 13 9638 3 9995
1182 19 4022 1 4178
1183 11 17443 2 17499
1184 36 8499 3 8611
1185 51 6451 1 6703
1186 36 11348 6 11586
1187 57 7304 1 7381
1188 32 3076 1 3760
1189 57 15946 2 15969
1190 41 5046 5 5245
1191 11 14713 2 14765
1192 22 18644 4 19085
1193 36 9059 7 9069
1194 51 16871 1 17094
1195 47 1089 2 1494
1196 47 98 1 304
1197 57 371 2 820
1198 43 14121 1 14167
1199 6 19369 1 19616
1200 51 11348 1 11800
1201 52 11517 2 12015
1202 17 16655 2 16954
1203 32 9279 1 9551
1204 4 371 1 721
1205 19 3602 1 3788
1206 14 2486 1 2619
1207 57 15521 1 15977
1208 39 17505 6 18047
1209 57 1004 1 1300
1210 6 18660 2 18852
1211 35 16871 3 17241
1212 59 15713 1 16153
1213 23 13737 2 13948
1214 57 11998 1 12907
1215 19 7391 1 7733
1216 48 16871 2 17198
1217 53 6795 1 6917
1218 53 4234 3 4758
1219 51 12484 1 12519
1220 59 14396 2 14437
1221 35 13084 4 13132
1222 29 16697 2 17136
1223 18 16478 1 16871
1224 51 8343 1 8368
1225 32 5448 1 5779
1226 18 13089 2 13910
1227 46 7062 3 7192
1228 2 18413 1 18498
1229 53 12668 1 13130
1230 32 8185 2 8676
1231 10 189 1 224
1232 46 17403 1 17716
1233 17 13700 2 13953
1234 57 13923 1 14045
1235 53 10433 1 10866
1236 8 2875 4 3178
1237 10 7218 1 7538
1238 15 13737 2 13956
1239 59 18015 2 18375
1240 19 6961 2 7323
1241 46 17718 1 18059
1242 4 9613 1 9782
1243 18 18822 1 18926
1244 6 7780 1 8120
1245 57 4652 2 4779
1246 32 18590 1 18756
1247 4 10614 2 10870
1248 57 3449 1 3626
1249 59 18789 1 19196
1250 53 4871 1 5074
1251 35 3779 2 4298
1252 57 14941 1 15201
1253 19 4413 1 4991
1254 6 12542 1 12692
1255 52 315 1 685
1256 52 6714 3 6992
1257 53 14506 1 14612
1258 29 1518 2 1655
1259 54 6961 2 7416
1260 11 9780 3 10038
1261 17 15436 1 15822
1262 51 14892 1 15353
1263 17 5910 4 6082
1264 5 17958 5 18055
1265 29 13015 1 13166
1266 33 5119 2 5347
1267 39 223 2 725
1268 54 9598 3 10112
1269 53 7398 1 7681
1270 51 19093 1 19451
1271 3 12453 2 12567
1272 39 1751 1 2147
1273 22 15442 2 15872
1274 11 14404 3 14842
1275 59 519 1 1304
1276 38 12453 4 12498
1277 15 9595 1 9903
1278 11 1959 1 2494
1279 6 3085 1 3094
1280 51 8307 1 9575
1281 57 18915 1 19110
1282 17 4922 1 5043
1283 39 12178 3 12421
1284 56 12530 5 12861
1285 8 18280 3 18420
1286 50 6387 1 6481
1287 38 16212 1 16240
1288 39 3095 2 3378
1289 18 10383 1 10886
1290 59 1089 1 1598
1291 54 6451 1 6737
1292 43 5132 2 5639
1293 42 3474 2 4009
1294 38 13948 5 14024
1295 53 4481 1 4829
1296 53 3582 1 3745
1297 48 5937 3 6053
1298 12 18280 2 18507
1299 57 19140 1 19989
1300 32 12124 4 12508
1301 39 8547 3 8699
1302 18 18625 1 18689
1303 45 8740 1 9007
1304 38 6609 2 6932
1305 18 14538 1 14840
1306 22 10386 3 10760
1307 47 10619 2 10709
1308 39 4294 1 4485
1309 34 12563 1 12971
1310 18 3862 3 4136
1311 57 14909 1 15006
1312 17 6387 4 6712
1313 6 8157 1 8607
1314 17 658 4 1046
1315 5 13754 1 13852
1316 17 1494 4 1892
1317 21 17046 1 17401
1318 53 9602 1 9847
1319 19 19835 2 19939
1320 39 13761 2 14536
1321 53 13376 1 13737
1322 51 13591 2 14058
1323 47 7153 1 7685
1324 53 6387 1 6444
1325 37 14526 6 14878
1326 59 399 1 521
1327 53 6084 3 6373
1328 18 215 2 554
1329 53 13968 4 14195
1330 16 9900 1 10287
1331 57 3812 1 3822
1332 32 13700 3 14119
1333 52 14595 2 14606
1334 39 6387 1 6820
1335 32 2390 1 2660
1336 11 6564 2 6668
1337 29 2117 1 2423
1338 18 7321 3 7624
1339 39 14624 2 15037
1340 6 5074 5 5336
1341 53 3812 1 3994
1342 18 7345 2 7468
1343 46 16984 3 17437
1344 19 8499 1 8712
1345 53 14554 3 14957
1346 53 4077 3 4212
1347 21 1089 1 1527
1348 45 6412 3 6835
1349 53 10778 2 10791
1350 45 9238 2 9664
1351 53 8389 3 8754
1352 51 2239 4 2632
1353 45 14093 1 14313
1354 53 13153 1 13252
1355 52 5134 2 5176
1356 51 4420 2 5314
1357 41 4074 1 4585
1358 57 14396 3 14527
1359 39 1368 7 1630
1360 6 1492 1 1758
1361 48 3679 1 3993
1362 53 19272 1 19708
1363 33 14672 1 14683
1364 53 9185 1 9588
1365 59 9408 1 9612
1366 34 18430 3 18437
1367 6 18689 5 19040
1368 53 11998 3 12436
1369 38 18280 1 18431
1370 46 6609 5 6961
1371 36 17280 1 17605
1372 22 11031 1 11416
1373 39 7553 1 8018
1374 23 9223 1 9700
1375 35 5074 4 5487
1376 48 6059 1 6463
1377 38 762 1 1298
1378 59 16615 3 17012
1379 57 5253 4 5504
1380 27 14436 5 14749
1381 53 14809 2 14843
1382 18 16362 1 16439
1383 53 19238 1 19702
1384 6 11998 6 12172
1385 59 17251 1 17748
1386 19 19244 1 19638
1387 7 18280 2 18547
1388 39 12421 1 13180
1389 19 18590 1 19133
1390 31 2396 4 2939
1391 32 14721 4 14875
1392 32 3249 2 3744
1393 41 17280 2 17604
1394 18 9364 1 9813
1395 41 15031 2 15492
1396 39 17876 1 18338
1397 51 7097 2 7623
1398 41 1372 6 1673
1399 51 11348 1 11687
1400 59 17213 1 18128
1401 35 13818 1 13838
1402 59 8801 1 9231
1403 53 19737 1 19787
1404 53 6609 1 8220
1405 34 628 1 970
1406 11 14257 1 14567
1407 39 16656 1 16661
1408 41 19612 4 19973
1409 12 4582 3 5105
1410 19 10808 2 10979
1411 38 10349 7 10582
1412 2 10648 3 10784
1413 6 13700 3 14146
1414 18 5301 1 5804
1415 51 19060 2 19602
1416 4 17319 1 17325
1417 21 5074 4 5237
1418 11 3799 1 4054
1419 51 16871 2 17235
1420 33 7106 1 7329
1421 53 8427 1 8977
1422 52 882 1 1244
1423 12 6096 2 6571
1424 21 13015 5 13129
1425 11 15819 1 15854
1426 59 773 1 1375
1427 53 2362 3 2864
1428 47 10208 2 10414
1429 57 18280 4 18828
1430 51 17280 1 17731
1431 22 882 4 1133
1432 38 5701 4 5931
1433 59 6059 1 6577
1434 45 5629 1 5997
1435 21 14136 4 14569
1436 24 5918 5 6211
1437 49 5881 4 6129
1438 13 14861 1 15097
1439 38 5034 2 5187
1440 18 17736 1 18399
1441 52 13158 1 13396
1442 2 2288 1 2611
1443 59 4578 1 5034
1444 39 19902 2 20290
1445 57 19895 1 20412
1446 53 16742 1 17102
1447 17 279 6 642
1448 59 14284 1 14619
1449 51 12570 2 12683
1450 41 13076 1 13097
1451 35 19057 2 19425
1452 21 2973 3 3089
1453 21 5074 2 5405
1454 11 10122 3 10280
1455 57 18868 1 18925
1456 7 6387 3 6644
1457 17 11435 6 11720
1458 15 12453 4 12815
1459 38 15587 1 15801
1460 57 5513 2 5915
1461 46 19603 2 20084
1462 44 10993 1 11234
1463 21 13103 2 13373
1464 6 12453 1 12495
1465 47 14405 2 14510
1466 22 9769 6 10263
1467 14 15326 1 15602
1468 19 8248 2 8402
1469 19 11507 1 11701
1470 33 19902 1 20178
1471 51 6263 1 6285
1472 57 943 1 981
1473 36 14413 1 14426
1474 19 17443 2 17505
1475 42 456 1 837
1476 29 11579 1 11616
1477 31 10818 1 10925
1478 22 3374 2 3386
1479 39 3497 2 3680
1480 51 3770 4 4297
1481 49 1765 5 2095
1482 51 6961 1 7404
1483 21 9984 3 10474
1484 45 402 3 523
1485 48 19214 4 19734
1486 22 5377 1 5786
1487 46 13923 1 13975
1488 38 17901 1 18136
1489 18 1302 1 2155
1490 19 4762 1 5034
1491 11 7302 1 7556
1492 46 4280 2 4317
1493 19 15975 1 16434
1494 38 16126 5 16190
1495 46 17012 2 17399
1496 38 17505 2 17748
1497 52 2362 1 2445
1498 43 9439 3 9678
1499 59 2426 1 2699
1500 39 2209 2 2717
1501 19 9518 1 10021
1502 51 736 2 1176
1503 57 11015 2 11401
1504 59 16444 2 16532
1505 18 3516 1 3670
1506 14 4319 1 4525
1507 38 5957 1 5971
1508 17 4296 1 4806
1509 47 11998 1 12248
1510 51 18820 3 19278
1511 42 2050 1 2155
1512 17 15846 1 16286
1513 59 8072 3 8429
1514 16 1089 2 1549
1515 4 12730 2 13222
1516 38 2588 2 2924
1517 39 7682 1 7839
1518 59 18825 2 18833
1519 18 14414 1 14554
1520 39 11348 6 11712
1521 31 11318 6 11463
1522 39 13186 3 13723
1523 53 882 1 1209
1524 59 18625 1 18790
1525 17 3767 1 4239
1526 21 13766 1 13797
1527 18 14719 1 14851
1528 19 14089 1 14269
1529 24 18660 8 19167
1530 55 14842 5 15163
1531 19 1089 4 1381
1532 57 15500 1 18906
1533 6 10545 6 10918
1534 59 6609 1 6750
1535 38 13166 1 13569
1536 47 6059 2 6538
1537 35 18821 2 19131
1538 38 5892 1 6296
1539 51 4711 1 5066
1540 38 16742 7 16832
1541 53 1458 6 1943
1542 32 17201 1 17586
1543 11 19673 1 20418
1544 39 12697 5 12930
1545 53 286 1 860
1546 31 19653 1 19680
1547 39 6961 3 7372
1548 59 13815 1 14237
1549 48 8968 2 9410
1550 32 19805 2 20082
1551 4 4730 2 4891
1552 51 9579 3 10153
1553 33 18660 2 18895
1554 43 2696 3 3168
1555 42 13935 2 14226
1556 51 7908 1 8144
1557 18 11348 1 11522
1558 58 4413 1 4798
1559 53 18931 2 19175
1560 53 19159 1 20117
1561 51 10826 1 11355
1562 19 17858 1 18328
1563 54 13700 2 13947
1564 17 6059 1 6147
1565 16 200 1 726
1566 57 5034 2 5075
1567 59 15259 2 15490
1568 19 9439 1 9694
1569 35 6276 1 6682
1570 39 1898 5 2106
1571 35 13825 2 14326
1572 51 18820 1 19187
1573 49 12922 5 12936
1574 31 5838 2 6039
1575 18 19881 1 20275
1576 3 8773 2 9239
1577 41 12086 5 12471
1578 46 12555 2 12763
1579 53 6451 3 6941
1580 19 18413 3 18422
1581 33 8071 1 8168
1582 6 8950 6 9220
1583 46 5036 2 5312
1584 22 12627 2 12916
1585 19 5264 3 5477
1586 52 6203 2 6666
1587 45 18660 1 18955
1588 39 18280 1 18795
1589 55 10534 6 10906
1590 39 19524 5 19547
1591 48 950 1 1448
1592 29 18644 1 18863
1593 35 10722 1 10739
1594 35 16015 2 16238
1595 57 13015 1 13406
1596 39 15341 1 15648
1597 46 6106 1 6241
1598 38 18644 5 19084
1599 39 4485 2 4826
1600 53 19702 2 20269
1601 51 17280 1 17790
1602 36 5816 1 6171
1603 33 6155 1 6443
1604 18 16461 2 16478
1605 31 13234 3 13489
1606 29 19902 1 20867
1607 18 7948 1 8046
1608 19 3249 4 3602
1609 12 10386 3 10557
1610 35 13349 2 13623
1611 16 16872 1 17047
1612 51 19653 2 20108
1613 4 2095 1 2129
1614 39 16181 4 16529
1615 49 16871 4 17337
1616 13 18280 1 18813
1617 23 18789 2 18920
1618 45 19077 4 19204
1619 59 5735 1 6129
1620 53 3812 1 4362
1621 19 1729 4 2116
1622 45 19980 4 20279
1623 16 18590 1 19025
1624 39 2228 2 2684
1625 59 2885 2 3319
1626 57 14722 1 14869
1627 51 2763 1 3112
1628 39 18413 6 18677
1629 11 262 2 565
1630 35 18644 3 18935
1631 53 10873 1 10897
1632 52 14654 1 15009
1633 35 19382 1 19516
1634 57 6961 1 7212
1635 55 9833 1 10201
1636 38 438 1 564
1637 19 8409 2 8439
1638 18 12178 1 12355
1639 11 13958 7 14139
1640 51 5443 2 5611
1641 38 4237 2 4770
1642 53 3040 2 3577
1643 59 10415 2 10911
1644 56 4373 3 4702
1645 57 16541 1 17768
1646 36 656 7 1076
1647 59 7454 1 7788
1648 12 15305 2 15796
1649 46 3472 2 3494
1650 19 5751 2 6059
1651 19 12453 2 12778
1652 19 9728 4 10235
1653 53 14975 1 15059
1654 41 1089 1 1229
1655 51 3086 1 3182
1656 7 11998 2 12122
1657 53 18820 1 19207
1658 18 10125 2 10609
1659 35 13234 1 13668
1660 57 11998 1 12165
1661 51 5529 2 5943
1662 57 12178 1 12340
1663 23 10925 1 11135
1664 18 371 2 883
1665 59 18280 1 18789
1666 19 14234 1 14737
1667 17 3351 3 3597
1668 18 9930 1 10267
1669 32 3960 3 3990
1670 6 12018 2 12392
1671 46 15554 6 15792
1672 51 16742 3 17280
1673 51 12769 4 12825
1674 35 5892 1 6260
1675 17 16024 2 16553
1676 53 7097 1 7470
1677 7 6451 1 6908
1678 59 14160 1 14439
1679 4 17669 1 18207
1680 7 3586 2 3848
1681 53 17213 3 17652
1682 48 8500 2 8957
1683 54 882 4 930
1684 18 18689 1 19380
1685 35 8857 2 9118
1686 51 1849 3 2347
1687 12 19705 1 20088
1688 12 11998 1 12097
1689 46 3249 1 3433
1690 13 3740 1 4159
1691 45 1886 3 2314
1692 25 13608 2 13616
1693 5 6179 3 6604
1694 53 11998 1 12062
1695 18 13234 1 13681
1696 52 15905 3 16077
1697 53 17866 4 17887
1698 46 2721 1 2983
1699 46 15292 2 15335
1700 49 13234 5 13668
1701 47 4893 3 5118
1702 19 19596 1 19742
1703 16 4887 1 5374
1704 41 8855 4 8882
1705 19 13249 1 13384
1706 53 4365 1 4637
1707 39 10770 2 11317
1708 21 1529 1 1805
1709 34 11998 5 12016
1710 11 10292 1 10861
1711 6 3834 1 3977
1712 36 11622 2 11736
1713 15 6059 3 6408
1714 57 14061 1 14396
1715 51 3537 1 3622
1716 59 12922 2 13279
1717 51 1089 1 1382
1718 59 13669 1 14223
1719 18 10627 1 11166
 调度评估结果
1. 任务等待评估 (Σ 等待×权重): 313710
2. 任务完成评估 (最大完成时间): 20867
3. GPU显存空闲评估 (平均空闲): 11881.24 GB/时间片
 额外统计
已调度任务               : 1719/1719
平均等待时间            : 41.16
各服务器任务分布      : 服务器2=12, 服务器3=11, 服务器4=22, 服务器5=6, 服务器6=53, 服务器7=11, 服务器8=6, 服务器9=1, 服务器10=11, 服务器11=54, 服务器12=23, 服务器13=11, 服务器14=5, 服务器15=28, 服务器16=13, 服务器17=50, 服务器18=85, 服务器19=137, 服务器20=1, 服务器21=34, 服务器22=22, 服务器23=10, 服务器24=9, 服务器25=17, 服务器27=1, 服务器28=1, 服务器29=24, 服务器30=1, 服务器31=14, 服务器32=54, 服务器33=24, 服务器34=19, 服务器35=54, 服务器36=21, 服务器37=2, 服务器38=66, 服务器39=74, 服务器41=19, 服务器42=26, 服务器43=12, 服务器44=2, 服务器45=33, 服务器46=64, 服务器47=33, 服务器48=22, 服务器49=14, 服务器50=5, 服务器51=109, 服务器52=28, 服务器53=120, 服务器54=27, 服务器55=7, 服务器56=3, 服务器57=93, 服务器58=6, 服务器59=109
