1 4 5191 1 5260
2 2 4043 2 4082
3 10 1993 2 2182
4 1 5191 1 5466
5 6 5714 1 6307
6 4 5191 2 5685
7 6 6533 7 6846
8 5 1422 2 1497
9 5 6533 3 7164
10 10 6248 1 6612
11 2 1993 1 2285
12 3 3358 2 3720
13 10 4043 5 4427
14 8 4043 6 4640
15 2 6983 2 7453
16 8 6533 1 6764
17 10 5191 2 5292
18 2 2807 1 2941
19 4 6858 4 7262
20 10 5714 2 6285
21 7 6248 3 6418
22 1 828 1 861
23 4 6248 1 6398
24 5 2807 1 3104
25 9 4043 3 4468
26 10 46 4 627
27 2 5685 2 5900
28 4 5260 2 5339
29 5 3358 1 3662
30 7 1422 3 1438
31 6 4043 6 4202
32 10 6983 1 7261
33 10 2807 5 3036
34 4 4983 4 5191
35 8 502 4 977
36 4 3889 1 4043
37 10 3358 2 3678
38 8 6533 3 6622
39 4 5685 3 5714
40 1 1422 1 1993
41 10 45 1 667
42 5 4043 1 4459
43 10 6533 1 6934
44 7 6533 5 6635
45 4 3358 5 3551
46 10 5714 4 5995
47 2 1422 1 1593
48 10 2182 2 2494
49 7 41 1 199
50 4 141 1 383
51 10 5191 2 5400
52 4 3358 1 3722
53 4 6533 2 6858
54 4 5714 1 6248
55 3 6983 1 7435
56 1 6533 2 6730
57 4 2807 2 3358
58 6 5191 1 5307
59 7 6635 6 7222
60 6 1422 6 1676
61 6 114 5 762
62 4 1422 1 2032
63 2 38 2 173
64 1 4043 2 4119
65 4 3722 1 3889
66 10 1993 2 2360
67 4 2182 1 2665
68 10 4043 1 4906
69 2 1993 1 2471
70 10 6248 1 6533
71 4 5191 1 5676
72 1 1993 2 2417
73 10 502 2 930
74 10 2665 1 2696
75 2 6533 1 6983
76 4 502 2 1422
77 10 3358 1 3781
78 1 502 2 828
79 4 4043 1 4983
80 3 6533 4 6803
81 4 383 1 502
82 9 6533 1 6925
83 8 5191 1 5260
84 10 3358 3 3506
85 4 7262 1 7905
86 1 5714 1 6200
87 10 6934 5 7055
88 10 4043 1 4164
89 10 6934 5 6969
90 6 6934 6 7191
91 4 2665 4 2807
92 10 6248 3 6717
93 10 828 3 1264
94 2 5714 1 6335
 调度评估结果
1. 任务等待评估 (Σ 等待×权重): 2864202
2. 任务完成评估 (最大完成时间): 7905
3. GPU显存空闲评估 (平均空闲): 1744.98 GB/时间片
 额外统计
已调度任务               : 94/94
平均等待时间            : 2793.98
各服务器任务分布      : 服务器1=8, 服务器2=10, 服务器3=3, 服务器4=23, 服务器5=5, 服务器6=7, 服务器7=5, 服务器8=5, 服务器9=2, 服务器10=26
