1 29 16818 1 16959
2 38 10326 1 10643
3 4 12596 1 12891
4 10 1277 3 1517
5 1 351 1 796
6 38 4501 1 4675
7 15 398 1 613
8 18 14007 1 14208
9 6 2892 1 2976
10 4 15607 2 16066
11 24 11892 1 12171
12 6 17976 1 18663
13 17 5713 1 5883
14 11 13610 2 13635
15 10 2981 4 3203
16 6 11710 1 11718
17 10 14007 1 14035
18 6 16818 1 17552
19 11 14736 1 15067
20 18 18378 1 18878
21 6 16054 1 16658
22 10 14736 6 15224
23 9 11671 2 12055
24 12 424 1 474
25 9 9914 2 10175
26 17 2981 1 3250
27 38 4425 1 4465
28 6 10113 3 10148
29 32 18740 1 18979
30 26 11297 4 11777
31 17 7287 2 7483
32 38 10746 1 10960
33 33 9100 2 9233
34 10 18378 1 18681
35 26 4981 1 5278
36 12 16230 1 16446
37 26 18633 1 18700
38 30 5713 1 5825
39 6 18633 1 18973
40 38 1277 2 1537
41 1 3796 1 3927
42 29 12012 1 12247
43 15 10746 2 11045
44 2 3796 1 3993
45 11 18378 1 18462
46 2 18942 1 19417
47 33 7921 1 8306
48 33 19144 1 19240
49 33 18941 3 19022
50 38 15883 2 16123
51 1 7856 2 7934
52 6 1277 2 1364
53 4 13128 1 13418
54 24 16844 2 16895
55 4 11892 1 11980
56 32 7856 1 8221
57 21 2892 1 3069
58 32 16844 1 17232
59 21 13128 1 13524
60 17 18378 1 18585
61 9 19144 1 19189
62 17 1277 1 1518
63 26 12596 1 12736
64 26 7856 2 8196
65 17 2515 1 2981
66 1 15883 1 16041
67 4 1277 1 1799
68 6 11892 1 12196
69 2 291 2 440
70 6 7287 1 7856
71 18 5713 1 5980
72 2 4425 2 4816
73 1 11671 3 12169
74 6 16135 3 16331
75 15 15883 1 15970
76 6 16647 1 17022
77 32 18437 1 18732
78 9 13128 1 13630
79 6 7287 1 7370
80 6 10101 1 10382
81 6 183 1 232
82 1 14736 5 15221
83 6 7856 1 9100
84 4 12012 3 12403
85 6 3796 1 4316
86 15 3796 2 3849
87 11 8276 2 8317
88 37 10746 2 11129
89 6 9100 1 9524
90 12 9914 1 10394
91 2 11297 1 11785
92 21 18378 6 18708
93 11 13128 1 13364
94 11 5713 2 5775
95 7 13610 1 14159
96 32 19103 1 19772
97 11 7287 2 7836
98 6 2515 1 2722
99 6 16905 1 17366
100 17 18378 1 18740
101 32 5713 2 6044
102 29 12196 1 12543
103 6 9100 1 9468
104 18 7856 1 8279
105 22 17552 2 17998
106 2 15607 1 15817
107 26 15607 1 15733
108 32 10032 1 10442
109 21 10680 2 11093
110 24 4981 4 5182
111 5 18378 1 18519
112 17 4888 1 4981
113 29 6848 1 7020
114 6 17552 1 18633
115 26 8276 3 8515
116 4 363 1 676
117 33 13128 1 13530
118 37 16230 1 16765
119 17 4981 1 5199
120 32 4501 1 4867
121 17 19130 2 20467
122 11 4855 2 5284
123 33 10746 1 10994
124 11 15607 2 15783
125 2 9346 2 9452
126 9 19005 3 19103
127 28 19005 1 19191
128 22 16054 3 16214
129 1 11297 3 11548
130 18 1277 1 1472
131 11 280 1 586
132 18 11671 2 11746
133 37 9346 4 9496
134 4 10113 2 10448
135 18 18378 4 18751
136 15 9524 3 9689
137 15 4501 1 5012
138 15 11671 1 11947
139 18 15875 1 16378
140 34 6848 1 6879
141 17 1277 1 2322
142 9 14007 2 14403
143 2 2515 2 2737
144 11 11297 2 11785
145 6 221 1 462
146 6 10032 1 10264
147 33 2515 1 3029
148 37 9914 3 10086
149 29 15607 2 16106
150 11 16818 3 16901
151 9 12055 2 12397
152 5 4501 1 4644
153 34 7856 1 8403
154 5 7856 2 8317
155 24 15959 1 16376
156 9 9914 1 10396
157 37 15959 3 16146
158 4 18437 1 18832
159 37 9100 1 9427
160 6 15099 5 15201
161 38 18378 2 18608
162 38 2892 1 3040
163 6 10680 1 11224
164 37 16096 1 16543
165 29 4425 1 4501
166 11 3796 1 3891
167 15 10113 2 10642
168 16 6848 3 6979
169 6 18633 1 18709
170 10 9100 1 9207
171 15 11671 4 11809
172 6 12596 3 13128
173 6 9100 2 9155
174 5 18633 2 18942
175 26 11892 2 12120
176 10 7483 2 7841
177 6 550 1 2302
178 20 5345 7 5422
179 18 4501 4 4806
180 6 1033 1 1277
181 29 10326 1 10746
182 18 3796 2 3862
183 38 3796 1 4272
184 6 15883 2 15990
185 20 18437 1 18903
186 6 8276 1 8740
187 15 13182 3 13705
188 12 13182 3 13688
189 2 373 2 821
190 15 9524 2 9843
191 17 5899 1 6092
192 33 18378 2 18917
193 33 8723 1 8732
194 10 13182 4 13334
195 21 5909 7 5925
196 6 14386 1 14736
197 12 10326 1 10386
198 21 11892 3 12220
199 38 9561 1 9682
200 18 11224 3 11553
201 17 15607 1 15924
202 37 4501 1 4974
203 10 11297 2 11715
204 29 10746 2 10924
205 10 16135 4 16282
206 21 11297 1 11671
207 6 9914 2 10032
208 28 16844 3 16897
209 33 3796 2 4294
210 38 5264 2 5480
211 9 19103 2 19215
212 11 2515 1 2794
213 21 124 4 291
214 21 15607 1 15699
215 32 9100 1 9443
216 38 16844 1 17247
217 6 5899 1 6848
218 4 10661 3 10905
219 17 12657 1 13157
220 32 7921 2 7957
221 6 4425 1 4781
222 33 5538 3 6004
223 32 18740 1 18942
224 20 3796 2 4311
225 32 18942 1 18962
226 4 2515 1 2851
227 30 18378 1 18897
228 11 10746 2 11151
229 37 18378 2 18800
230 16 9524 3 10014
231 17 10101 2 10630
232 21 4501 3 4780
233 2 5264 2 5351
234 26 4501 2 4610
235 10 7921 2 8414
236 38 13407 1 13851
237 18 6848 2 7158
238 29 11671 1 11978
239 15 18437 2 18801
240 17 9100 2 9547
241 6 13610 2 14007
242 4 18378 1 18631
243 11 18942 1 19205
244 10 2515 3 2827
245 6 11671 2 11892
246 16 11671 2 11788
247 13 14386 2 14506
248 24 11224 1 11333
249 12 18740 4 19129
250 32 2892 1 3471
251 16 5713 4 5754
252 16 2515 3 2747
253 6 12196 2 12596
254 24 16905 1 16990
255 6 5345 2 5627
256 18 15974 1 16136
257 10 4425 2 4595
258 16 18378 1 18904
259 12 7921 2 8216
260 4 5713 1 6035
261 26 16054 3 16396
262 14 18633 2 19066
263 37 6848 2 6868
264 26 15099 2 15529
265 16 14736 1 15019
266 16 2892 1 3323
267 5 13128 2 13158
268 21 15607 2 16109
269 11 16647 1 16698
270 29 5538 1 5782
271 1 14007 1 14138
272 7 11892 1 12018
273 22 2515 3 2844
274 37 11671 3 11793
275 1 13407 1 13719
276 4 16844 2 17012
277 1 9100 2 9499
278 9 7287 1 7589
279 6 19005 1 19313
280 37 7921 1 8278
281 30 269 1 610
282 9 9561 3 9820
283 6 4855 1 5078
284 5 9914 1 10456
285 1 15607 1 15883
286 6 17552 1 17781
287 15 2515 4 3021
288 1 10326 1 10661
289 32 15607 1 15875
290 6 3796 1 4307
291 32 9914 1 10790
292 1 2892 1 3367
293 21 9830 2 9835
294 17 15607 1 16099
295 6 11224 1 11547
296 26 6848 1 7261
297 17 4501 2 4623
298 6 12196 1 13572
299 11 4425 1 4514
300 32 15875 2 15953
301 32 7287 2 7511
302 14 9914 4 10120
303 2 16844 1 17071
304 17 422 1 569
305 5 15607 1 15694
306 28 7921 2 8413
307 12 6848 1 7180
308 4 3796 1 4026
309 32 18962 1 19995
310 6 14126 1 14649
311 6 550 4 987
312 32 6848 2 6926
313 38 12196 1 12559
314 21 7287 2 7428
315 1 12596 2 13093
316 24 9914 1 10266
317 32 13407 1 13661
318 38 17552 2 17968
319 35 4501 1 5036
320 2 18378 2 18656
321 11 5345 6 5425
322 30 18941 1 19147
323 1 10661 4 11135
324 17 18740 1 18941
325 21 12596 2 12966
326 4 13610 3 13789
327 26 19005 1 19300
328 32 1277 1 1978
329 10 4855 1 5359
330 34 9100 3 9572
331 10 16818 2 17072
332 12 11297 2 11346
333 33 11671 2 11934
334 6 7856 2 7921
335 18 13128 3 13191
336 2 12196 2 12672
337 10 901 1 910
338 26 18378 1 18615
339 5 7483 1 7977
340 9 13610 1 14071
341 18 18941 1 19144
342 11 13407 1 13481
343 15 19103 1 19526
344 18 368 2 573
345 2 6848 1 6972
346 17 6848 1 6961
347 26 4501 1 4570
348 28 11297 1 11443
349 16 13128 2 13248
350 1 15099 1 15607
351 26 9100 3 9609
352 20 1277 4 1426
353 29 444 1 648
354 14 18378 3 18483
355 33 17552 1 18058
356 6 3796 4 4346
357 1 7483 3 7782
358 1 2515 7 2833
359 1 12055 2 12280
360 6 18378 1 18437
361 6 4855 3 5264
362 33 9524 1 10070
363 15 5345 5 5506
364 34 2892 2 3375
365 17 11892 1 12750
366 6 5345 1 5538
367 21 7483 1 7944
368 15 16844 1 17058
369 6 18378 1 18488
370 6 8276 1 8535
371 32 9914 1 10649
372 6 9524 1 9914
373 1 9524 2 9583
374 22 16844 1 16977
375 20 19103 1 19483
376 6 13610 1 14126
377 38 564 1 991
378 33 7287 1 7805
379 9 15875 1 15959
380 6 10326 2 10636
381 32 4501 2 4888
382 1 2892 4 3309
383 33 13610 1 13934
384 12 11297 3 11733
385 2 13610 1 13866
386 12 15607 1 15872
387 26 18378 3 18411
388 14 13610 3 13690
389 26 2892 2 3002
390 32 454 2 564
391 10 9914 2 10058
392 1 5264 2 5909
393 1 18378 2 18519
394 26 14007 2 14135
395 15 19005 5 19070
396 4 9524 2 9990
397 15 7483 5 7959
398 15 9100 1 9185
399 16 4981 1 5093
400 10 18942 2 19099
401 32 2515 1 2873
402 4 1277 5 1509
403 6 2976 1 3796
404 6 18740 1 19005
405 11 16135 1 16282
406 16 11892 1 11996
407 11 4514 2 4729
408 26 13610 2 13981
409 15 16135 4 16336
410 32 14007 1 14203
411 24 10680 1 11044
412 35 16905 3 17130
413 30 11671 6 12022
414 6 17976 1 18378
415 38 11297 2 11550
416 6 7921 1 8276
417 17 13128 1 13602
418 2 8276 1 8690
419 32 10661 2 10932
420 24 18437 1 18517
421 15 14007 2 14549
422 6 5264 2 5311
423 18 12657 4 12717
424 17 16099 1 16135
425 21 4781 2 5178
426 10 2892 1 2932
427 17 10661 1 11075
428 37 4346 1 4423
429 10 9914 3 10440
430 33 16647 2 16950
431 2 9524 2 9831
432 32 13182 2 13637
433 17 9524 2 9561
434 20 16844 1 17268
435 11 9100 2 9253
436 17 16647 1 16818
437 5 11297 2 11365
438 24 13610 2 13871
439 16 11297 1 11622
440 11 11892 1 12441
441 16 7287 1 7566
442 35 10746 4 10927
443 6 7483 2 7911
444 6 5538 1 5899
445 32 12596 1 12856
446 10 15201 1 15295
447 9 4781 3 5293
448 1 18633 3 19161
449 38 12596 1 13110
450 17 16818 1 17141
451 18 9100 1 9346
452 6 18437 2 18834
453 1 17552 1 17991
454 32 15099 1 15379
455 9 16844 1 17123
456 6 19005 2 19497
457 32 4888 1 5407
458 6 4781 3 4855
459 17 15201 1 15260
460 16 4501 2 4794
461 6 7287 2 7502
462 1 3796 1 4013
463 28 10174 1 10181
464 12 3796 2 3918
465 15 12596 3 12984
466 17 6848 1 6943
467 21 9100 1 9331
468 32 11297 2 11769
469 24 11297 3 11784
470 2 5713 2 5898
471 6 4855 1 5059
472 6 232 2 550
473 1 13128 1 13355
474 32 11892 1 12012
475 5 380 1 388
476 6 13407 1 13610
477 12 16844 1 17180
478 29 9914 1 9998
479 12 9524 3 9612
480 26 5345 1 5563
481 18 10691 1 10804
482 37 10113 2 10550
483 6 1277 2 1798
484 32 5407 1 5713
485 29 9561 1 9851
486 20 13610 1 14104
487 24 2515 1 2748
488 18 16844 3 17381
489 30 13610 2 14138
490 11 9346 5 9868
491 6 17781 2 17976
492 32 16647 1 16844
493 26 4981 2 5404
494 37 18941 1 19307
495 17 7483 1 7502
496 2 5713 1 5996
497 12 16844 1 17203
498 17 12196 1 12657
499 32 15607 1 16054
500 12 4501 1 5018
501 21 430 2 777
502 38 10113 1 10620
503 1 10188 2 10326
504 11 18378 2 18620
505 33 15607 1 15770
506 17 14736 1 15229
507 33 14007 1 14137
508 20 16905 1 17037
509 1 9914 3 10188
510 21 16818 1 17275
511 29 394 1 699
512 1 16096 1 17051
513 6 11297 1 11340
514 12 19103 1 19292
515 5 3796 3 4191
516 26 15607 1 16049
517 32 9524 2 9718
518 15 16818 3 17342
519 1 16844 1 17149
520 1 16041 3 16096
521 2 10746 1 10947
522 35 13610 3 13788
523 24 18740 4 19244
524 6 14007 1 14356
525 24 2976 1 3247
526 4 7856 2 7934
527 29 6848 1 7361
528 32 16054 1 16565
529 7 11671 1 12022
530 24 10326 2 10744
531 21 14007 1 14375
532 30 10746 1 11203
533 21 11671 8 11886
534 17 9561 1 10101
535 29 16844 1 17170
536 37 2892 2 3152
537 16 3796 2 4259
538 15 16135 2 16327
539 33 12055 1 12319
540 6 14126 1 14386
541 6 9554 1 9560
542 26 12196 3 12329
543 30 5345 1 5547
544 30 6848 2 7118
545 29 2515 2 3008
546 7 15875 2 16270
547 18 1277 2 1798
548 38 9100 1 9473
549 2 471 1 921
550 20 7921 1 8274
551 26 9914 4 10400
552 6 1277 2 1356
553 12 16054 4 16233
554 6 280 1 609
555 6 10680 2 11924
556 10 6848 1 7277
557 1 5036 1 5117
558 6 14736 1 15099
559 18 7287 4 7812
560 10 12596 1 12762
561 33 9346 1 9397
562 38 5899 1 6319
563 24 9561 3 9927
564 9 10746 1 10827
565 1 14386 1 14657
566 38 58 1 136
567 37 5345 3 5816
568 1 797 1 2515
569 34 18378 2 18764
570 1 4501 1 5036
571 2 7287 2 7639
572 5 2515 1 2544
573 32 15099 1 15498
574 38 16230 1 16718
575 17 13407 1 13884
576 6 15201 1 15541
577 4 2892 1 3218
578 11 2892 1 2983
579 20 10326 2 10795
580 17 5264 1 5666
581 6 2515 4 2962
582 10 443 2 703
583 16 7856 1 8028
584 6 4346 2 4425
585 6 14736 1 14963
586 17 44 1 383
587 12 9524 2 9948
588 7 14007 2 14276
589 11 9914 1 10289
590 18 15099 3 15213
591 37 9100 3 9261
592 37 13610 3 14124
593 6 13128 2 13407
594 6 6848 1 6944
595 4 7287 6 7388
596 18 19144 1 19498
597 13 4501 1 4847
598 17 751 1 788
599 15 15875 4 16135
600 6 15099 2 15607
601 18 15607 1 15974
602 26 2515 1 2878
603 10 15875 1 16254
604 21 17552 2 17711
605 38 7921 1 8016
606 37 15607 2 16095
607 15 13610 1 13972
608 29 18378 1 18807
609 11 6848 1 7103
610 33 6848 2 6859
611 16 10661 1 11140
612 18 4855 1 5054
613 11 7856 6 8173
614 11 14007 1 14372
615 10 3796 2 4105
616 1 11224 6 11251
617 17 10680 1 10984
618 37 2515 3 2994
619 18 13407 1 13552
620 33 426 3 856
621 18 2515 2 2703
622 26 16844 1 17072
623 10 17552 1 17889
624 20 7661 1 7668
625 10 13610 2 13919
626 18 9346 1 10113
627 36 15607 1 16102
628 6 18941 1 19293
629 17 14007 1 14210
630 34 15875 1 16057
631 37 3796 1 4132
632 21 6848 1 7172
633 26 10661 3 11092
634 17 298 1 412
635 33 4425 2 4929
636 15 1277 1 1727
637 11 744 1 1135
638 32 13128 1 13182
639 26 13610 1 13683
640 4 4855 6 5278
641 6 9914 2 10077
642 5 16844 1 17149
643 17 9100 1 9389
644 9 15959 1 16230
645 37 16844 4 17160
646 17 11673 1 12103
647 10 15607 3 15704
648 6 10032 1 10680
649 38 15099 1 15642
650 29 18962 1 19093
651 18 2515 2 2696
652 4 6848 2 6917
653 17 5713 1 5989
654 33 47 2 309
655 17 7856 1 8377
656 15 6848 2 7275
657 1 16135 2 16442
658 28 13610 2 14133
659 24 4855 1 4909
660 33 15875 3 16344
661 38 2515 2 2782
662 18 7856 1 8324
663 33 11297 3 11620
664 1 9914 1 11824
665 6 5264 3 5345
666 17 11297 1 11673
667 6 15607 1 15747
668 6 15607 2 16135
669 5 16844 1 17094
670 35 16054 4 16180
671 1 5909 1 6273
672 7 16844 1 16983
673 38 18633 2 19037
674 4 4425 1 4566
675 30 7483 5 7959
676 6 5713 2 6189
677 6 11224 2 11297
678 36 3796 5 4314
679 17 13182 1 13400
680 15 11297 1 11463
681 33 10113 1 10386
682 16 15607 1 16010
683 12 17552 2 18079
684 11 18633 1 18749
685 32 16054 1 16820
686 18 10326 3 10691
687 6 16135 1 16647
688 18 12055 1 12256
689 6 16647 3 16905
690 38 6848 1 7366
691 11 5899 2 6071
692 9 14126 1 14564
693 12 11671 2 12038
694 33 12596 2 12732
695 32 12012 2 12490
696 33 14736 4 14934
697 6 4346 2 4836
698 1 6848 3 7289
699 20 13610 1 14082
700 2 13182 1 13232
701 2 1277 2 1773
702 24 10746 1 11296
703 2 13128 2 13175
704 24 10113 2 10322
705 26 16818 1 17034
706 6 6848 2 7287
707 32 18378 1 18838
708 32 2515 1 2892
709 17 4855 1 5635
710 6 550 3 1033
711 36 15607 3 16106
712 38 16844 1 16889
713 29 4501 1 4605
714 32 13128 1 13166
715 18 10113 1 10647
716 10 19103 1 19416
717 18 2892 2 3008
718 26 5407 3 5555
719 6 5345 1 5749
720 22 13610 1 14150
721 9 16230 3 16442
722 17 18941 1 19130
 调度评估结果
1. 任务等待评估 (Σ 等待×权重): 23547771
2. 任务完成评估 (最大完成时间): 20467
3. GPU显存空闲评估 (平均空闲): 6824.24 GB/时间片
 额外统计
已调度任务               : 722/722
平均等待时间            : 4557.01
各服务器任务分布      : 服务器1=41, 服务器2=25, 服务器4=24, 服务器5=14, 服务器6=104, 服务器7=6, 服务器9=19, 服务器10=30, 服务器11=34, 服务器12=21, 服务器13=2, 服务器14=4, 服务器15=29, 服务器16=18, 服务器17=49, 服务器18=35, 服务器20=12, 服务器21=23, 服务器22=5, 服务器24=19, 服务器26=31, 服务器28=6, 服务器29=20, 服务器30=10, 服务器32=45, 服务器33=30, 服务器34=6, 服务器35=5, 服务器36=3, 服务器37=23, 服务器38=29
