1 36 8781 1 9285
2 19 18004 1 18237
3 39 38873 7 39039
4 17 33388 5 33549
5 50 14462 1 14634
6 21 7806 1 8405
7 23 9686 2 9771
8 39 7124 1 7318
9 34 4911 3 5039
10 37 37004 3 37779
11 25 38607 1 39266
12 17 36473 1 37386
13 43 4604 2 4675
14 23 16812 2 16840
15 43 8076 2 8446
16 15 21753 4 21916
17 25 34823 1 35749
18 22 21602 6 21691
19 11 7806 2 7992
20 14 7124 1 7185
21 52 36289 2 36546
22 44 37096 2 37832
23 28 38553 2 38742
24 31 12833 2 12905
25 44 624 2 794
26 42 18841 3 18972
27 4 26624 1 26728
28 28 16085 4 16276
29 57 8592 4 8838
30 9 7425 2 7535
31 21 15753 3 16085
32 40 21849 1 21868
33 1 30307 3 30642
34 34 33833 1 34050
35 50 30397 2 31493
36 21 4604 1 5904
37 4 9907 1 10259
38 21 18841 4 19498
39 17 28086 6 28435
40 19 32235 3 32306
41 53 15840 2 16099
42 8 3913 3 4147
43 50 10349 2 10743
44 48 30735 6 31035
45 57 4911 3 4943
46 34 7806 3 8205
47 12 1587 5 1688
48 56 24454 6 24604
49 22 32761 1 33200
50 48 34568 3 34669
51 21 30307 2 31194
52 15 219 6 426
53 14 2598 1 3596
54 37 11384 2 11640
55 3 33388 1 33631
56 1 7276 3 7972
57 49 26624 1 26726
58 17 25471 3 25588
59 22 38553 1 39131
60 9 38873 3 38979
61 55 21602 2 21838
62 57 11043 5 11306
63 40 9907 1 9930
64 9 1587 2 1870
65 36 2103 2 2211
66 22 24454 2 25674
67 39 8491 2 8631
68 4 547 6 786
69 52 18841 1 19728
70 24 30735 2 31076
71 36 12151 6 12394
72 36 12833 4 13015
73 4 22965 4 23801
74 31 10259 1 10426
75 22 8781 1 8914
76 22 33388 4 33595
77 34 22841 1 23344
78 34 38553 3 38635
79 52 21999 1 22706
80 57 25123 6 25187
81 19 3961 6 4822
82 5 22841 2 22947
83 21 35099 1 36089
84 53 21999 2 22297
85 44 10948 3 11089
86 29 32761 1 33709
87 43 23882 4 24862
88 37 29386 1 29591
89 40 7542 3 7780
90 55 38873 4 39115
91 22 1365 4 1402
92 22 1155 1 1365
93 25 36043 2 37426
94 36 33388 5 33595
95 36 36260 3 36429
96 49 30071 4 30559
97 42 35099 4 35121
98 28 29386 1 29728
99 53 27990 5 28048
100 48 31204 7 31320
101 4 26840 2 27087
102 55 201 2 534
103 36 1369 1 1965
104 52 25862 1 25899
105 15 10948 6 10964
106 57 11762 4 11846
107 55 39836 4 39999
108 21 3450 3 3529
109 39 15323 1 15959
110 39 35099 1 35145
111 25 30735 2 31775
112 49 21808 3 22042
113 4 8181 2 8403
114 14 31541 5 31694
115 5 244 2 426
116 11 7046 4 7266
117 8 22250 3 22935
118 37 32235 3 32265
119 40 23390 3 23444
120 48 32295 5 32491
121 21 23513 1 24285
122 34 5399 1 6256
123 23 37004 2 37104
124 21 7276 6 7429
125 4 3913 1 4019
126 9 34590 6 34780
127 49 3650 7 3961
128 21 18694 2 18772
129 55 2102 5 2114
130 42 32295 2 32511
131 11 2909 1 3251
132 33 39836 2 39997
133 9 1365 4 1462
134 49 31204 1 31465
135 53 32542 2 32587
136 37 24621 2 25190
137 40 18889 1 19288
138 50 4604 1 5479
139 25 32200 1 32938
140 50 14251 3 14462
141 45 11762 4 12609
142 48 26726 1 26775
143 28 12151 4 12174
144 41 36304 5 36439
145 14 31204 1 31366
146 21 13328 6 13671
147 15 31204 1 32020
148 49 21686 3 21808
149 40 34590 2 34750
150 43 71 2 1037
151 25 8736 1 9079
152 48 22250 6 22465
153 4 18004 2 18737
154 34 14462 2 14591
155 29 18841 3 19461
156 14 2211 3 2481
157 15 9907 3 9987
158 3 25588 2 25878
159 21 21745 3 21936
160 38 506 4 730
161 15 8076 5 8139
162 23 28142 3 28443
163 49 15188 1 15334
164 42 506 4 818
165 50 23178 2 23373
166 50 1969 3 2030
167 34 36043 3 36130
168 45 28142 4 29090
169 21 1103 6 1276
170 8 10259 5 10336
171 21 2102 2 2918
172 13 8592 2 8628
173 25 34358 2 34674
174 8 23344 6 23995
175 36 9686 2 10436
176 11 23882 3 23984
177 57 15753 4 16062
178 57 33595 5 33662
179 12 4284 6 4415
180 53 6789 4 7640
181 42 34358 4 34690
182 11 37063 2 37341
183 42 39920 4 40161
184 37 8491 1 8567
185 19 1103 5 1165
186 43 15468 3 15632
187 3 18694 2 18860
188 34 2640 2 2707
189 9 7368 5 7546
190 13 11762 3 11864
191 28 4604 3 4873
192 44 9686 2 9828
193 22 4604 4 4848
194 50 34358 3 34427
195 4 25588 4 25862
196 17 4631 2 4968
197 34 7276 3 7425
198 2 12833 5 13036
199 52 23649 2 24548
200 25 547 2 901
201 2 1155 3 1421
202 49 30307 1 31204
203 17 27383 5 27720
204 48 33598 2 33815
205 39 25471 3 25732
206 37 79 1 1064
207 43 13842 2 14679
208 48 1861 2 2695
209 17 1365 2 1505
210 57 32180 6 32338
211 22 2946 1 3278
212 35 33388 3 33992
213 57 2909 2 3168
214 49 5237 4 5434
215 29 28236 2 28456
216 23 25862 3 25923
217 23 33388 3 33400
218 43 3650 3 3971
219 5 15444 3 15517
220 43 18004 6 18133
221 22 15753 3 16480
222 56 28060 4 28215
223 21 7124 1 7276
224 36 37004 1 37186
225 3 5399 2 5482
226 41 5237 1 5350
227 49 5434 1 6229
228 22 11926 2 12150
229 55 1645 2 1861
230 24 5399 4 6241
231 19 1860 5 2104
232 40 25862 5 26167
233 23 22250 2 22547
234 55 10349 4 10584
235 33 27066 2 27243
236 25 23882 3 23992
237 44 9907 3 10230
238 2 14036 2 14383
239 39 10795 2 10830
240 44 15934 1 16068
241 49 34422 5 34482
242 42 29386 3 29544
243 23 5237 3 5360
244 17 2211 3 2271
245 49 32528 2 32761
246 7 7124 2 7459
247 36 29907 4 30164
248 44 21753 1 21833
249 5 21999 6 22123
250 34 13871 4 13922
251 22 21808 1 22154
252 23 26624 2 26755
253 49 10259 1 11107
254 57 32761 2 33005
255 52 32411 3 32689
256 8 32542 3 32595
257 4 197 2 324
258 15 2211 3 2264
259 5 31204 3 31216
260 49 4284 1 4635
261 14 7806 4 8029
262 34 7425 2 7509
263 45 26624 6 26653
264 37 16812 1 16895
265 55 9930 1 10349
266 57 5843 3 6789
267 38 11043 5 11308
268 5 2211 3 2969
269 24 4604 1 4891
270 6 16085 2 16399
271 34 9930 2 10151
272 36 30164 4 30770
273 23 29386 3 29624
274 36 7950 1 8301
275 37 1587 2 2226
276 47 15381 1 15709
277 48 33833 3 34007
278 12 6789 4 6851
279 54 1329 1 1980
280 36 11926 4 12092
281 22 13009 5 13152
282 3 34482 1 34536
283 8 26831 4 27652
284 22 27383 3 27396
285 49 3311 1 3396
286 17 13009 4 13115
287 33 32235 2 32413
288 5 32200 1 32396
289 37 35659 2 35966
290 36 7124 5 7451
291 37 849 2 946
292 49 23987 2 24088
293 8 4284 7 4388
294 25 5480 1 5728
295 39 5410 1 6358
296 48 6957 4 7032
297 21 1276 5 1931
298 15 29907 4 30111
299 17 22250 4 23161
300 49 4284 4 4312
301 24 5015 4 5321
302 25 27853 3 27938
303 8 28086 2 28933
304 36 29386 1 29564
305 5 11599 2 11926
306 31 21999 1 22071
307 48 7124 1 7299
308 4 7124 1 7978
309 49 25862 4 26125
310 46 32761 2 33372
311 44 31204 2 31388
312 21 32239 3 32564
313 36 15954 4 16156
314 17 7276 1 7289
315 41 7451 5 7731
316 11 12525 3 13212
317 14 23423 5 23558
318 2 2909 4 3732
319 6 7124 2 7348
320 57 37004 5 37700
321 54 15468 2 15813
322 57 25436 3 25651
323 53 5237 7 5301
324 19 1329 2 1366
325 40 35099 2 35228
326 35 25436 4 25528
327 14 11043 5 11117
328 34 33865 2 34193
329 25 18004 3 18329
330 6 32542 1 33179
331 21 33598 3 33820
332 1 38607 2 38781
333 21 21602 1 21745
334 17 7806 2 8062
335 49 11762 4 12041
336 34 33388 2 33595
337 55 7806 2 7950
338 42 13973 1 14663
339 57 32542 5 32680
340 36 2211 1 3103
341 37 13336 2 13775
342 26 27911 1 28074
343 11 24389 4 24638
344 54 15954 1 16126
345 15 22841 4 23034
346 14 30307 3 30364
347 42 18004 4 18627
348 58 12833 3 12951
349 25 9686 1 9869
350 48 10948 4 11261
351 49 37004 7 37719
352 34 11772 4 12066
353 45 26956 6 27224
354 57 27096 3 27383
355 56 1587 3 1796
356 23 15753 4 15903
357 29 21602 2 21675
358 17 1781 2 2383
359 37 29631 3 29900
360 53 3913 3 4024
361 49 14036 1 15022
362 37 3913 1 4045
363 4 6256 3 6530
364 50 28241 1 28549
365 49 27853 2 28185
366 37 32295 1 32411
367 57 27999 1 28456
368 15 5480 5 6119
369 40 15188 2 16920
370 7 1028 6 1152
371 19 89 4 430
372 34 25123 1 25436
373 34 32441 1 32969
374 17 7474 1 7669
375 48 14121 4 14412
376 26 2102 2 2295
377 48 11762 6 11967
378 4 38873 1 39025
379 57 36043 6 36167
380 15 37004 1 37191
381 44 3962 1 4208
382 40 39836 5 39961
383 13 7451 6 8343
384 55 23400 2 23666
385 8 8148 3 8158
386 34 18841 1 21602
387 7 34482 5 34572
388 34 9686 2 9712
389 39 1028 5 1251
390 4 22469 1 23226
391 57 12833 3 13174
392 31 15323 1 15419
393 23 23649 4 24370
394 34 23344 1 24285
395 2 2102 4 2380
396 41 27911 5 28125
397 2 15468 4 16252
398 22 1947 6 2750
399 41 12326 4 12548
400 22 31936 3 32061
401 21 12326 4 12338
402 58 27853 3 27951
403 29 33833 2 34574
404 13 33833 7 33967
405 58 13842 2 13919
406 55 2909 1 4363
407 34 33628 1 33789
408 40 547 1 1276
409 38 1155 5 2093
410 8 14462 2 14714
411 55 21849 2 21862
412 37 27853 2 28805
413 19 5015 4 5231
414 17 2102 3 2143
415 17 17747 2 18784
416 41 31936 4 31981
417 55 22469 1 22808
418 37 34590 1 35519
419 42 2102 2 2791
420 34 21849 3 22154
421 50 11384 1 11501
422 17 21849 2 21999
423 22 28236 1 29496
424 39 16085 4 16171
425 11 27383 1 27598
426 53 21849 4 21998
427 37 25436 1 25777
428 5 25862 5 26813
429 38 27999 5 28234
430 19 25497 6 25740
431 55 25190 1 25925
432 28 25862 3 26197
433 46 36304 2 36574
434 4 36289 1 36390
435 50 35346 1 36264
436 21 16085 1 16189
437 40 3311 5 3627
438 17 10948 6 11117
439 57 15444 4 15667
440 21 38553 5 38566
441 4 39836 5 40170
442 4 4019 1 4911
443 34 29907 1 29965
444 22 7368 4 8012
445 4 5579 1 5840
446 12 32180 8 32290
447 39 1276 4 1491
448 36 533 7 849
449 31 34482 1 34655
450 11 5015 6 5032
451 48 38553 2 39308
452 57 31709 3 31883
453 2 37096 1 37308
454 57 3650 1 3667
455 44 29386 1 29621
456 36 270 3 533
457 29 30735 1 31037
458 3 5898 2 6783
459 43 27853 1 27911
460 13 34482 8 35461
461 17 11829 4 12168
462 57 15188 4 15324
463 25 23344 3 23685
464 41 32239 4 32348
465 53 7276 5 8116
466 52 35346 3 35629
467 49 38553 4 38607
468 13 12525 2 13431
469 25 7368 3 7651
470 39 1587 1 1658
471 40 21868 5 21921
472 55 4841 3 5199
473 3 31465 2 31691
474 11 3311 5 3605
475 40 256 6 1117
476 53 5410 4 5522
477 15 12833 4 13014
478 9 23649 6 23755
479 34 10542 1 10816
480 43 3311 6 3559
481 25 12151 1 12270
482 34 24454 1 24621
483 45 32761 3 32836
484 57 31465 2 31709
485 21 10542 5 10582
486 8 30071 3 30264
487 57 5269 1 5297
488 50 13009 1 13219
489 17 34358 3 34475
490 29 3913 2 4205
491 47 2211 6 2865
492 7 4911 3 5663
493 53 31936 3 32238
494 50 25190 1 25361
495 17 215 5 850
496 48 23882 1 24854
497 21 22965 1 23015
498 37 33388 2 33563
499 43 32180 1 32209
500 50 397 3 640
501 7 5898 4 6729
502 56 34050 2 34205
503 45 7124 4 7400
504 40 23178 2 23390
505 38 34358 5 34482
506 2 27066 3 27935
507 53 39836 5 40169
508 43 4675 3 5018
509 42 23513 2 23659
510 8 21808 2 21858
511 35 29386 3 29424
512 53 1947 7 2029
513 38 5434 6 5663
514 56 10259 6 10927
515 9 25507 4 25627
516 48 11685 2 11762
517 57 34358 3 34530
518 19 7368 2 8347
519 55 16046 1 16175
520 54 34482 1 34804
521 13 1459 4 1708
522 12 8781 7 9056
523 49 8718 2 8789
524 49 33388 3 33598
525 9 7276 3 7307
526 6 5237 2 5333
527 46 35566 4 35620
528 55 31204 1 34842
529 1 27944 4 28196
530 21 25436 2 25653
531 50 21602 3 21937
532 48 4284 4 4604
533 50 14036 1 14144
534 57 15667 6 15720
535 37 34040 3 34051
536 45 34482 5 34729
537 44 5018 1 5202
538 34 1001 5 1073
539 13 23987 2 24690
540 45 12833 7 13116
541 46 278 3 448
542 36 25123 6 25445
543 50 15840 3 16001
544 39 15323 5 15445
545 17 15283 1 15531
546 50 16175 3 16418
547 4 5898 3 6013
548 15 1155 5 2044
549 43 9686 5 10016
550 50 11547 1 12680
551 38 30071 4 30357
552 53 34590 1 35545
553 36 36473 1 36729
554 15 25471 1 25790
555 45 9686 4 10032
556 55 15283 4 16046
557 1 2211 3 3135
558 55 28142 1 28241
559 12 15188 6 15322
560 18 18889 1 18902
561 25 21602 3 22455
562 15 11762 1 12108
563 6 31465 2 31575
564 45 32235 5 32559
565 49 25653 2 25969
566 49 117 2 330
567 11 11762 5 12008
568 22 10259 2 10401
569 19 15381 3 15708
570 11 23390 5 23423
571 36 849 1 907
572 53 31541 3 31639
573 9 32295 3 32330
574 34 7594 1 7770
575 19 7474 4 7607
576 42 1365 2 1401
577 44 28086 1 28280
578 23 9907 2 9990
579 33 24454 2 24785
580 40 22965 1 23046
581 28 35424 3 35579
582 26 1587 2 1747
583 11 13212 6 13396
584 38 2946 6 3681
585 48 27853 3 28140
586 7 23178 5 23310
587 56 9686 7 9889
588 54 10795 2 10998
589 10 23513 4 23527
590 40 13009 1 13503
591 31 25436 3 25456
592 4 8491 1 8686
593 13 27853 2 28022
594 40 76 5 94
595 21 23513 5 23677
596 9 13038 7 13388
597 49 5015 1 5210
598 49 36130 6 37004
599 19 2909 2 3145
600 3 36549 1 36587
601 53 35566 1 35620
602 57 35099 7 35933
603 22 8205 4 8468
604 2 7451 5 7753
605 34 256 1 458
606 10 6789 3 7010
607 34 17812 1 18741
608 28 32235 5 32332
609 39 32200 5 32537
610 49 33598 6 33833
611 54 32295 2 32444
612 4 786 3 879
613 40 14462 6 15093
614 4 10948 1 10986
615 11 21999 3 22395
616 24 10948 1 11244
617 11 32528 3 32710
618 39 9686 6 9947
619 11 11043 7 11126
620 11 25190 3 25499
621 11 13973 2 14184
622 49 25471 2 25653
623 14 36130 4 36239
624 44 201 1 408
625 53 26624 1 26726
626 53 6789 2 7132
627 49 38873 5 39836
628 37 36043 3 36969
629 26 28236 1 29144
630 30 25507 4 25655
631 37 38553 1 38574
632 50 12833 1 13528
633 49 4911 3 5237
634 11 22395 4 23254
635 49 8491 2 9092
636 21 27853 1 28853
637 9 27999 2 28166
638 19 15753 4 15925
639 40 29481 2 30307
640 15 35350 1 35419
641 53 24621 4 25273
642 5 6957 2 7098
643 18 21999 1 22225
644 7 27853 3 28561
645 2 26831 5 26890
646 1 5399 4 5562
647 34 15188 3 15444
648 19 29386 3 29585
649 17 18889 6 19009
650 22 3913 3 4170
651 13 7046 4 7380
652 9 15954 2 16021
653 17 2640 2 3258
654 56 32761 3 32903
655 34 12833 3 13038
656 40 21602 7 21840
657 50 25436 3 25595
658 53 36473 2 37182
659 38 38873 8 39201
660 53 38873 5 39005
661 47 18694 3 18964
662 3 7276 1 7369
663 7 2211 5 2334
664 56 25653 7 25803
665 48 34358 7 34658
666 43 1155 1 1688
667 2 11967 4 12230
668 22 22841 6 23561
669 53 10948 1 11261
670 21 24389 2 24793
671 39 33997 4 34047
672 17 38873 3 39010
673 53 23292 7 23531
674 55 1587 2 1645
675 53 24389 1 24440
676 34 16812 1 17682
677 40 14036 3 14251
678 36 907 6 1133
679 48 13009 8 13247
680 54 27986 1 28286
681 34 13328 1 13581
682 25 11384 2 11457
683 53 13328 2 13465
684 53 18694 3 19346
685 14 32761 3 33111
686 55 2640 3 2779
687 53 5015 4 5150
688 22 13842 4 13953
689 49 35350 7 35659
690 4 458 5 506
691 40 10259 2 10542
692 25 39836 3 39991
693 6 22250 1 23205
694 7 32235 4 32484
695 53 34482 3 34511
696 12 35346 5 35388
697 8 30735 3 30884
698 17 31465 6 31591
699 11 28086 1 29431
700 36 70 6 196
701 57 25862 5 26096
702 11 34568 6 34746
703 23 21999 1 22152
704 57 1459 1 1630
705 34 34050 1 34358
706 14 29481 2 29537
707 17 23344 6 23445
708 4 1028 2 1329
709 4 4911 2 5105
710 22 6789 5 6830
711 49 32466 1 32528
712 43 26624 5 26840
713 28 30735 3 30841
714 22 5757 3 6102
715 11 23423 3 23450
716 21 23178 2 23389
717 21 0 5 283
718 34 3311 1 3450
719 45 30164 4 30400
720 25 33865 3 34131
721 25 11762 2 12057
722 51 37096 2 37432
723 52 23514 1 23573
724 24 13842 1 14103
725 22 13328 1 13647
726 11 31204 3 31541
727 19 7124 3 7289
728 11 23513 5 23797
729 19 31204 2 31518
730 21 23389 4 23481
731 44 4284 1 4561
732 55 2211 1 2347
733 39 3913 6 4556
734 39 35659 2 36416
735 40 9686 5 9888
736 22 36043 1 36353
737 37 4604 1 5313
738 57 6789 5 6935
739 11 15188 2 15381
740 57 27383 3 27484
741 50 13842 1 13896
742 46 34358 3 34605
743 40 35419 1 35461
744 40 30735 6 31495
745 40 37004 2 37349
746 55 11384 4 11631
747 49 29631 4 29907
748 49 35659 2 36008
749 11 8491 3 8599
750 48 30071 6 30385
751 38 36289 5 36517
752 21 6789 2 7085
753 39 10948 4 11669
754 53 25436 1 25536
755 3 36304 1 36549
756 23 39836 3 40111
757 36 26831 1 28266
758 5 37700 3 38038
759 34 36264 5 36473
760 36 38553 5 38660
761 57 30071 3 30347
762 21 24793 2 25087
763 24 15954 3 16041
764 22 201 1 979
765 5 16085 1 16164
766 44 27853 1 28086
767 48 34482 4 34567
768 43 5757 4 5984
769 21 39920 1 40176
770 56 11762 6 12048
771 8 8491 5 8621
772 49 15022 6 15048
773 5 18004 3 18162
774 33 4284 2 4542
775 11 33833 3 33884
776 13 32441 3 32592
777 53 13842 6 13921
778 21 27066 6 27673
779 44 35424 1 35458
780 40 5015 3 5135
781 49 22965 4 23096
782 4 31709 2 31863
783 39 22250 2 22349
784 18 23390 1 23460
785 49 23513 3 23623
786 4 31204 1 31554
787 29 22841 4 22895
788 7 29481 3 29501
789 5 7509 5 7825
790 45 18841 6 19176
791 34 14194 1 14432
792 44 8736 3 8761
793 8 25190 1 25390
794 11 37700 4 37750
795 57 2102 7 2882
796 3 13038 1 13379
797 37 21753 3 22273
798 57 10259 4 10516
799 7 15444 6 15773
800 39 35346 3 35434
801 19 10948 6 11108
802 55 1973 1 2249
803 34 2909 2 3203
804 55 26624 2 26684
805 24 18694 3 19486
806 19 25862 4 25907
807 19 547 1 627
808 48 16085 2 16364
809 49 25436 2 25471
810 57 26624 5 26647
811 40 12326 2 12639
812 39 27066 4 27232
813 40 29386 2 29481
814 5 14462 2 14764
815 4 8686 2 8804
816 57 9686 8 9812
817 55 38553 3 38850
818 15 6957 1 7586
819 28 3450 3 3752
820 8 12833 7 13071
821 37 12151 2 12477
822 7 14036 4 14094
823 36 21808 5 22121
824 4 12326 1 12969
825 4 111 1 148
826 11 18004 4 18348
827 21 16812 2 17050
828 28 18889 3 19057
829 57 5579 6 5843
830 48 30071 2 30300
831 40 10948 6 11236
832 41 13009 6 13042
833 57 10795 6 11043
834 43 26840 4 26976
835 19 5898 6 6029
836 25 30071 1 30273
837 34 26647 1 26861
838 31 13842 3 14493
839 25 29658 2 29703
840 49 7806 6 8070
841 40 37096 3 37415
842 9 23513 7 23649
843 11 21602 1 21914
844 37 10948 1 11089
845 4 36130 2 36255
846 49 38607 7 38873
847 17 25588 5 25779
848 39 28236 2 28428
849 1 1860 2 2074
850 8 38553 4 38796
851 52 15804 1 15819
852 44 31465 1 31541
853 48 26831 5 27726
854 34 191 2 256
855 7 11926 4 12134
856 43 33833 4 33902
857 58 9930 4 10188
858 19 25190 3 25494
859 23 18004 3 19005
860 49 2909 1 2946
861 49 3450 1 3650
862 49 25969 1 26624
863 50 33388 1 33993
864 43 23178 5 23247
865 23 1103 4 1130
866 28 7046 3 7145
867 57 12151 1 12212
868 4 879 3 1028
869 11 27383 6 28330
870 45 35099 1 35192
871 28 98 2 108
872 37 35346 1 35566
873 21 8491 5 8592
874 24 70 2 378
875 12 209 6 551
876 48 849 3 1025
877 42 9907 2 9938
878 9 34482 4 34562
879 22 9686 5 10003
880 11 14251 4 14625
881 37 23178 1 23366
882 24 39836 1 40023
883 34 21602 1 21849
884 34 12326 1 12559
885 54 5018 1 5262
886 38 22965 4 23186
887 25 31936 2 31982
888 46 18841 4 19102
889 9 21753 5 22068
890 45 30071 7 30145
891 15 4604 5 4650
892 25 27944 3 28291
893 52 15934 2 16081
894 36 11599 7 11926
895 28 13842 2 14717
896 44 33997 2 34130
897 49 27066 1 27084
898 4 9861 6 9907
899 49 18004 2 18027
900 39 23390 3 23522
901 37 23390 2 23719
902 57 1947 1 2102
903 49 30735 2 30791
904 23 12151 1 12560
905 22 37700 4 37886
906 55 114 4 201
907 11 32200 2 32522
908 49 32200 3 32466
909 5 12151 2 12895
910 22 32200 6 32497
911 13 21602 5 21796
912 15 71 5 168
913 4 15934 5 16277
914 37 14047 2 14298
915 55 23178 5 23295
916 49 11384 4 11685
917 21 14251 5 15099
918 21 624 4 689
919 49 1343 2 2645
920 53 22469 5 22506
921 19 16175 3 16247
922 41 16175 1 17143
923 49 23882 1 23938
924 4 32542 1 35085
925 15 3650 5 3925
926 7 7806 3 7901
927 37 10259 2 10552
928 39 34358 1 34506
929 17 24454 5 24636
930 23 33598 3 34375
931 40 33388 3 33512
932 4 9686 1 9861
933 7 23390 6 23548
934 37 9861 2 10010
935 31 214 3 525
936 38 25862 5 26118
937 48 32200 7 32235
938 17 29481 2 29655
939 10 36130 2 36407
940 52 7950 2 8025
941 21 31541 1 31711
942 50 27383 3 27458
943 43 27383 6 27684
944 25 18841 3 18937
945 30 8491 3 8752
946 47 31465 3 31759
947 16 38607 5 38957
948 57 18004 3 18047
949 33 33997 1 34246
950 7 10948 4 11169
951 39 24389 2 24615
952 1 27066 2 27166
953 38 27853 6 27869
954 44 32239 2 32452
955 4 35346 1 36093
956 8 8641 4 8857
957 6 7854 2 7868
958 28 36043 3 36331
959 41 23390 5 23682
960 39 8641 2 8743
961 42 22841 4 22877
962 11 35099 3 35257
963 43 13147 1 13253
964 21 38873 2 39867
965 49 10948 4 11056
966 4 38553 2 38826
967 53 29907 2 30712
968 57 16085 1 16863
969 42 24775 4 24912
970 34 16009 1 16717
971 31 25862 3 25951
972 26 1927 2 2067
973 36 3450 2 3962
974 5 1365 4 1671
975 41 18694 1 19420
976 4 31465 5 31666
977 48 23513 4 23530
978 49 34482 4 35350
979 27 33388 1 33714
980 1 31541 4 31863
981 36 16812 4 17126
982 36 13015 4 13038
983 36 21602 3 21763
984 57 5015 6 5269
985 55 23987 5 24235
986 40 7854 1 8641
987 52 10349 3 10635
988 19 5237 1 5451
989 36 7451 3 7779
990 57 30735 3 30754
991 28 26624 3 26937
992 55 18694 3 18883
993 4 23649 6 24443
994 48 21999 2 22289
995 49 2688 5 2909
996 57 37700 2 38040
997 11 16061 7 16257
998 53 9907 1 10779
999 37 31401 1 31706
1000 15 26840 5 27472
1001 53 15022 3 15720
1002 25 9930 2 10369
1003 17 1104 1 1114
1004 43 15323 4 15468
1005 13 4284 7 4631
1006 17 30735 3 30849
1007 8 13842 3 14102
1008 49 39836 3 39985
1009 55 18004 1 18065
1010 23 10259 2 10599
1011 52 27853 2 28113
1012 24 10542 4 10888
1013 34 28086 2 28266
1014 25 33833 2 33865
1015 4 18737 1 18841
1016 39 14251 3 14395
1017 28 37700 1 37882
1018 27 12833 2 13154
1019 55 24454 1 26286
1020 5 11384 2 11567
1021 36 15753 5 15954
1022 34 36130 1 36264
1023 13 23178 6 23319
1024 23 3650 2 4557
1025 34 1459 4 1781
1026 4 11043 6 11777
1027 43 38553 2 38938
1028 17 9686 3 9952
1029 25 907 2 1326
1030 40 25436 1 25786
1031 24 27990 1 28012
1032 44 27066 1 27327
1033 28 32761 3 33044
1034 37 16030 3 16224
1035 17 33833 4 34063
1036 43 16812 4 17004
1037 39 617 2 645
1038 53 33388 6 33724
1039 26 10948 2 11886
1040 52 5984 2 6039
1041 39 31541 1 31663
1042 53 13038 6 13196
1043 47 10542 4 10888
1044 11 7474 1 7753
1045 55 11631 2 11792
1046 44 1073 1 1346
1047 40 9930 7 10134
1048 40 10795 4 10948
1049 23 36043 3 36366
1050 14 15954 1 15983
1051 43 21602 1 21925
1052 48 37700 4 38553
1053 9 16085 6 16371
1054 34 10948 1 11384
1055 25 8491 3 8719
1056 15 28086 3 28149
1057 49 21999 3 22841
1058 8 18889 6 19031
1059 37 8641 1 9524
1060 55 29386 1 29631
1061 57 31936 4 32180
1062 30 23178 3 23498
1063 36 31204 4 32057
1064 14 33833 3 33854
1065 40 37700 6 37813
1066 40 14251 4 14327
1067 38 16812 4 16894
1068 43 15840 1 16711
1069 21 32761 2 33111
1070 7 1459 4 1471
1071 57 25653 5 25780
1072 52 16812 1 17412
1073 37 33833 2 34040
1074 22 30432 2 30710
1075 39 18889 1 19877
1076 5 32761 5 33079
1077 19 13328 2 13393
1078 44 12833 2 13055
1079 48 1155 3 1263
1080 39 21808 3 22038
1081 57 24775 3 25123
1082 52 30735 2 30906
1083 28 39836 3 40542
1084 11 29446 2 30261
1085 34 15022 2 15212
1086 11 9907 2 10562
1087 3 29386 2 29526
1088 38 5410 2 5737
1089 49 5480 2 5581
1090 8 31401 4 31448
1091 9 12525 3 12849
1092 36 236 2 270
1093 39 16812 7 17111
1094 36 32200 6 32431
1095 43 33833 1 38505
1096 4 27383 1 27684
1097 46 1459 2 1487
1098 39 1947 4 2113
1099 43 23649 1 23778
1100 29 9969 2 10316
1101 49 8070 4 8290
1102 41 84 4 343
1103 43 31541 5 31768
1104 28 1329 3 1538
1105 43 5018 4 5044
1106 28 33388 3 34275
1107 34 27853 3 28075
1108 39 13973 4 14837
1109 48 5399 4 5500
1110 50 9686 2 9769
1111 43 13212 5 13560
1112 54 29386 1 29989
1113 57 33833 3 34095
1114 22 18004 3 18062
1115 49 22841 1 22965
1116 22 4911 5 4962
1117 19 1587 1 1838
1118 41 8491 4 8685
1119 48 36304 2 36366
1120 38 23513 6 23782
1121 56 27383 2 27458
1122 32 36130 2 36153
1123 23 4841 2 4972
1124 49 16085 4 16812
1125 48 39920 7 40107
1126 22 3311 2 3501
1127 38 34590 4 35446
1128 45 8736 2 8806
1129 39 29386 6 29677
1130 57 21602 6 21686
1131 9 5757 4 5787
1132 53 34358 2 34421
1133 57 26956 1 27096
1134 57 35659 2 36622
1135 43 25436 3 25557
1136 46 33833 2 34096
1137 25 282 3 485
1138 53 33997 4 34078
1139 43 39836 3 39992
1140 8 11926 2 12196
1141 36 15323 2 15495
1142 22 34358 3 35094
1143 4 5843 1 5898
1144 57 35346 2 35653
1145 5 21602 2 21775
1146 47 23649 1 23753
1147 40 2909 4 3212
1148 58 31465 2 31552
1149 57 23514 4 23757
1150 34 37004 3 37096
1151 36 7806 1 7888
1152 48 12833 1 12871
1153 53 33833 6 33895
1154 4 15867 2 15934
1155 17 31204 2 31345
1156 36 32542 1 32736
1157 25 13328 3 14111
1158 31 22250 3 22353
1159 34 8205 4 8491
1160 38 25653 5 25756
1161 9 22250 6 22857
1162 28 9686 2 9867
1163 48 8491 1 8793
1164 45 35346 5 35525
1165 15 18841 3 18986
1166 7 15867 4 16599
1167 31 38553 1 38565
1168 52 256 3 414
1169 43 27066 7 27277
1170 36 4604 1 6100
1171 1 10349 3 10596
1172 55 1861 1 1973
1173 38 4284 1 4354
1174 15 39836 4 40162
1175 42 23882 3 24720
1176 15 11384 2 11532
1177 19 7276 3 7469
1178 50 36264 3 36549
1179 3 9930 1 10197
1180 38 36130 5 36268
1181 57 29446 5 29606
1182 19 18841 5 19172
1183 51 2909 1 3256
1184 4 32235 3 32542
1185 52 12151 1 12989
1186 28 7276 2 7537
1187 11 11384 2 11693
1188 46 30735 2 31481
1189 21 9861 1 10177
1190 48 1329 6 2066
1191 7 3961 3 4222
1192 43 25123 7 25272
1193 43 5984 5 6008
1194 26 35099 1 35400
1195 34 31465 1 31936
1196 24 7542 1 8365
1197 5 7124 4 7288
1198 27 1459 2 1668
1199 38 15804 3 16087
1200 30 13842 5 13988
1201 47 18964 6 19760
1202 4 24454 1 24615
1203 15 25969 6 26034
1204 49 13147 4 14036
1205 45 38607 2 38742
1206 18 7046 2 7202
1207 57 15022 5 15188
1208 53 12833 5 13020
1209 34 1155 3 1459
1210 15 22395 4 22458
1211 9 15188 1 15280
1212 17 32235 6 33053
1213 4 13009 3 13842
1214 1 3311 3 3535
1215 17 27853 3 28072
1216 57 18841 3 19712
1217 7 12833 6 13133
1218 55 21999 1 22128
1219 48 547 6 740
1220 3 12833 1 12970
1221 53 2640 5 2797
1222 25 16812 2 17198
1223 15 2688 1 3520
1224 5 4284 4 5067
1225 21 25123 1 25419
1226 55 5237 3 5493
1227 39 28060 5 28151
1228 55 29631 3 30259
1229 57 39836 4 40107
1230 21 357 2 624
1231 21 10795 4 10966
1232 55 12833 1 14378
1233 48 25507 3 25612
1234 5 31493 3 31567
1235 49 1001 2 1343
1236 21 8592 6 8925
1237 8 39836 3 40097
1238 40 18004 4 18889
1239 53 11599 5 11782
1240 23 25436 4 25674
1241 15 10542 6 10583
1242 43 11384 5 11563
1243 24 33997 3 34331
1244 28 11829 5 11900
1245 9 18004 4 18018
1246 43 12833 2 13094
1247 23 10795 2 11130
1248 1 37004 2 37205
1249 11 30307 5 31048
1250 38 30735 4 30827
1251 29 15954 1 16255
1252 34 1073 2 1155
1253 21 31204 2 31517
1254 31 4284 2 4496
1255 3 18889 1 18993
1256 4 27990 5 28147
1257 18 31204 1 31804
1258 37 1365 3 1574
1259 57 29631 5 29760
1260 55 17747 1 18004
1261 40 30307 6 30618
1262 8 18004 1 18142
1263 18 27986 1 28240
1264 39 4604 4 4892
1265 4 13842 1 15346
1266 11 34358 1 34568
1267 11 879 4 2239
1268 42 25123 3 25438
1269 40 33997 1 34655
1270 48 6789 3 6889
1271 34 2909 2 3251
1272 53 4284 6 4407
1273 34 7157 1 7231
1274 50 23389 2 23593
1275 53 4604 3 4789
1276 48 18694 4 18801
1277 55 4604 2 4841
1278 25 1329 1 5196
1279 34 33595 5 33628
1280 37 38607 1 39951
1281 48 2909 5 3089
1282 3 38553 2 38845
1283 8 27853 2 28029
1284 49 4604 2 4944
1285 5 15840 1 16045
1286 50 9907 1 10058
1287 53 36304 3 36451
1288 49 15283 1 15454
1289 3 15804 1 16530
1290 34 1781 4 1927
1291 15 3961 3 4108
1292 57 21686 8 21865
1293 11 31541 3 31891
1294 37 4284 1 4303
1295 38 31465 8 32374
1296 57 7875 4 8164
1297 7 9930 3 10016
1298 49 29386 3 29482
1299 9 7276 1 7370
1300 57 4284 5 4625
1301 46 9686 4 10492
1302 28 24454 2 24532
1303 48 5757 1 5828
1304 33 7474 1 7567
1305 5 9907 1 10168
1306 8 33833 4 34013
1307 25 24389 1 24912
1308 18 12326 1 12568
1309 47 35659 1 35870
1310 48 22841 4 22955
1311 21 9686 6 9725
1312 48 15323 2 15535
1313 1 24454 3 25362
1314 36 33833 5 34808
1315 39 458 3 617
1316 56 13973 7 14060
1317 24 21753 4 22076
1318 46 10948 4 11794
1319 42 10349 3 10372
1320 19 32542 3 33475
1321 50 8491 2 8507
1322 49 25471 3 25514
1323 55 14462 2 15283
1324 42 7124 2 7237
1325 42 12151 2 12263
1326 48 36473 1 36721
1327 57 1861 4 1908
1328 40 26624 1 26831
1329 29 13842 4 14179
1330 39 21602 3 21786
1331 57 15022 3 15052
1332 23 7046 3 7213
1333 25 56 1 259
1334 19 34358 4 34590
1335 5 13396 2 13611
1336 4 27853 5 27944
1337 46 6789 3 7119
1338 51 23882 1 24112
1339 43 18694 4 18950
1340 39 34358 7 34612
1341 25 5237 1 5480
1342 39 38553 5 38697
1343 57 16812 4 16848
1344 43 4284 3 4403
1345 39 27383 1 28060
1346 14 13894 4 13904
1347 37 1001 2 1679
1348 53 25588 6 26338
1349 50 31493 3 31561
1350 36 38873 2 38990
1351 19 22469 3 22593
1352 40 1587 1 1652
1353 39 8116 3 8211
1354 24 11772 4 12066
1355 40 6789 1 7542
1356 5 18694 3 19389
1357 49 1365 1 2688
1358 48 26840 3 27125
1359 54 2909 2 3738
1360 44 7124 2 7934
1361 53 18004 1 18282
1362 22 12833 6 12993
1363 39 30071 4 30141
1364 50 38553 1 38861
1365 37 3450 3 3656
1366 4 30735 2 30993
1367 35 15283 4 15540
1368 55 26726 5 27678
1369 4 27944 4 27990
1370 34 11926 4 12190
1371 25 22965 1 23286
1372 48 2640 1 2859
1373 54 23649 1 23860
1374 25 7124 3 7368
1375 31 22841 1 23067
1376 54 23344 2 23500
1377 3 15323 1 15513
1378 44 24454 2 24718
1379 55 5493 3 6329
1380 53 10259 1 10393
1381 17 34568 4 35418
1382 29 25507 3 25519
1383 3 27383 2 28357
1384 30 1276 4 1342
1385 48 201 7 524
1386 34 32235 1 32441
1387 8 15323 2 16319
1388 54 5434 2 6306
1389 49 23649 2 23858
1390 31 31204 1 31490
1391 35 38553 4 38582
1392 14 31936 4 32007
1393 14 5237 1 5395
1394 36 12525 2 12671
1395 5 6789 2 6852
1396 12 23178 7 24139
1397 17 15804 4 15840
1398 48 1329 2 1356
1399 19 1329 1 1567
1400 25 11599 1 11712
1401 51 7806 2 7871
1402 25 7875 1 8170
1403 21 15188 4 15423
1404 52 16175 3 16393
1405 25 37700 1 38386
1406 49 24775 4 25392
1407 17 3913 4 4631
1408 4 21753 2 22561
1409 43 22965 2 22985
1410 15 16085 5 16327
1411 23 1652 1 1739
1412 37 34358 1 34466
1413 11 19 2 47
1414 11 18694 5 19539
1415 41 27383 5 27450
1416 39 22841 2 22984
1417 57 23882 1 24775
1418 48 23178 2 23513
1419 41 38607 5 38677
1420 34 6256 4 6957
1421 49 28236 2 29386
1422 56 31465 3 32248
1423 8 29386 6 29571
1424 57 11384 3 11722
1425 37 5410 1 8425
1426 19 34590 3 34641
1427 8 2909 1 3906
1428 5 1860 3 2007
1429 3 24454 2 24638
1430 34 4604 1 5399
1431 50 29386 2 30252
1432 37 32761 2 32863
1433 5 29386 1 29732
1434 48 36130 5 36315
1435 36 10948 1 11229
1436 39 2688 2 2957
1437 48 7451 5 8136
1438 40 11547 5 12163
1439 5 1103 2 1243
1440 9 30071 5 30306
1441 21 13009 1 13328
1442 40 36130 3 36867
1443 47 11599 4 11774
1444 34 14036 2 14121
1445 36 35659 5 35928
1446 45 21602 2 21895
1447 40 1860 2 1947
1448 19 29631 1 29919
1449 45 5018 2 5237
1450 12 25471 4 25664
1451 56 5898 7 5976
1452 25 25653 1 27668
1453 3 5015 2 5253
1454 34 6957 4 7124
1455 30 12326 3 12650
1456 43 7046 3 7256
1457 55 35346 2 36304
1458 33 36304 1 36429
1459 15 18004 1 18247
1460 44 34358 3 35036
1461 36 26624 6 26644
1462 4 7046 5 7332
1463 52 14047 1 14167
1464 41 12151 3 12162
1465 47 15804 1 15835
1466 34 32441 2 33388
1467 22 35659 7 36002
1468 47 25507 4 25535
1469 8 270 3 1171
1470 22 33833 6 34173
1471 42 22965 4 23073
1472 24 32761 4 32905
1473 52 25507 1 25591
1474 43 15753 4 15808
1475 31 39836 1 40455
1476 40 1969 4 2875
1477 40 5757 5 6404
1478 25 10795 1 11116
1479 49 22250 2 22415
1480 30 4284 2 4302
1481 14 1652 3 1712
1482 50 32411 3 33327
1483 43 1688 1 2586
1484 43 29907 3 30888
1485 11 32761 3 32779
1486 32 25190 3 25938
1487 4 1587 5 1650
1488 49 9686 4 9969
1489 8 32200 3 32296
1490 8 6789 1 7648
1491 19 23882 3 24536
1492 45 5410 4 5672
1493 42 26956 3 27875
1494 54 13038 2 13163
1495 21 13973 6 14066
1496 4 2598 3 2640
1497 21 32200 3 32239
1498 53 32239 2 32540
1499 21 37700 5 38013
1500 14 30071 3 30139
1501 43 10259 5 11076
1502 16 15283 5 15486
1503 34 4604 2 4805
1504 17 21999 1 22250
1505 21 29386 3 29619
1506 48 34823 1 35067
1507 9 11599 7 12525
1508 17 27990 6 28086
1509 26 25190 1 25372
1510 34 25862 3 26035
1511 23 16085 2 16417
1512 50 21999 3 22347
1513 28 23178 3 23803
1514 11 35350 6 35424
1515 40 3913 2 3991
1516 39 26624 5 26755
1517 14 12833 2 13022
1518 36 25123 1 25230
1519 46 36043 2 36191
1520 9 15867 5 16006
1521 33 5237 2 5250
1522 2 33833 4 34476
1523 50 6789 1 6852
1524 21 689 3 1103
1525 58 12151 1 12188
1526 57 14462 1 14513
1527 28 9907 5 10031
1528 21 29631 2 29901
1529 19 9907 3 10031
1530 4 29631 1 30397
1531 53 35883 5 35921
1532 22 23649 2 23777
1533 34 123 1 191
1534 48 36043 2 36083
1535 22 23882 2 23987
1536 39 39836 2 40799
1537 35 32295 3 32356
1538 43 27911 5 28909
1539 40 33833 1 33997
1540 4 1969 2 2598
1541 49 15667 2 15804
1542 41 15444 1 16133
1543 39 5015 2 5306
1544 55 547 2 1587
1545 40 21999 1 22818
1546 49 27066 3 27905
1547 39 617 3 944
1548 50 22841 2 23092
1549 11 7992 4 8234
1550 8 11599 2 11815
1551 37 2640 3 2975
1552 7 23649 3 24292
1553 4 36130 4 36289
1554 23 13842 4 14177
1555 5 35659 2 35829
1556 34 751 4 975
1557 34 27066 3 27081
1558 54 27853 1 27986
1559 10 33833 3 34183
1560 37 35566 2 35601
1561 7 29907 4 29994
1562 43 25557 4 25668
1563 15 9686 4 9850
1564 34 11384 3 11772
1565 22 30735 1 31528
1566 49 11685 1 12151
1567 5 3650 3 3852
1568 43 31465 1 31493
1569 34 13842 5 13871
1570 23 12833 1 13058
1571 57 38873 1 39601
1572 13 22250 3 22551
1573 53 11423 6 11590
1574 39 25190 2 26155
1575 46 7368 2 8327
1576 11 15444 6 15673
1577 2 23178 2 23976
1578 9 201 3 542
1579 57 26647 3 26956
1580 36 8491 5 8781
1581 1 35346 3 35551
1582 4 25862 2 26288
1583 34 15444 1 15753
1584 58 16085 4 16141
1585 48 15804 3 15955
1586 35 21602 2 21632
1587 34 7124 5 7157
1588 53 21602 1 21826
1589 43 7806 5 8076
1590 49 9907 3 10866
1591 34 35099 4 36043
1592 17 7124 4 7333
1593 17 35566 1 35902
1594 40 1276 4 1434
1595 31 23514 3 23547
1596 21 29907 5 30107
1597 37 13871 2 14047
1598 19 15925 6 15967
1599 23 25123 3 25393
1600 17 24454 1 25237
1601 37 1927 3 2911
1602 5 35099 2 35142
1603 34 7509 2 7594
1604 16 31465 7 31742
1605 53 29386 3 29565
1606 22 35346 3 35605
1607 7 38873 3 39478
1608 39 23178 4 24038
1609 34 31936 3 31984
1610 2 15323 1 15375
1611 57 30432 1 30650
1612 49 27911 3 27992
1613 44 5410 3 5436
1614 53 22965 7 23071
1615 43 32235 2 32840
1616 37 32411 2 32714
1617 27 25588 1 25924
1618 42 12833 4 13149
1619 34 14047 1 14059
1620 40 7806 3 7854
1621 52 6789 1 7789
1622 55 7329 4 7604
1623 10 1365 2 1429
1624 40 38553 4 38876
1625 58 31936 3 32026
1626 57 13328 6 13620
1627 53 13973 1 14027
1628 2 5399 1 5701
1629 21 18004 5 18038
1630 29 2640 1 2676
1631 11 5480 2 5987
1632 15 13328 1 13635
1633 7 7459 3 7792
1634 54 13871 2 14094
1635 53 12326 4 12657
1636 37 24389 1 24591
1637 22 10795 3 10913
1638 22 18694 2 18853
1639 34 29965 3 30161
1640 33 23178 1 23784
1641 3 14251 1 14356
1642 43 8491 6 9260
1643 42 21602 2 22358
1644 31 3311 3 3348
1645 34 4284 3 4387
1646 5 25436 5 25519
1647 57 5399 5 5579
1648 13 15444 7 15660
1649 57 7806 6 7875
1650 4 18841 3 19119
1651 24 28060 1 28339
1652 49 8491 3 8718
1653 7 25436 2 25507
1654 44 39836 2 39889
1655 25 15283 2 15399
1656 52 39836 2 39863
1657 22 7046 5 7321
1658 45 7425 4 8219
1659 21 13842 4 13973
1660 17 38607 3 38879
1661 57 7474 2 7806
1662 48 16812 4 17747
1663 33 37063 1 37860
1664 25 5898 1 6570
1665 38 7046 5 7347
1666 2 458 1 1079
1667 28 2909 3 2928
1668 44 4604 2 4873
1669 15 15444 2 15777
1670 50 18694 2 18887
1671 25 6789 1 6814
1672 42 37700 1 38368
1673 55 37004 3 37244
1674 49 16812 1 17707
1675 46 27096 2 27121
1676 38 11772 8 12108
1677 25 25436 1 25627
1678 43 7046 1 7310
1679 33 27911 1 28867
1680 45 11384 5 11626
1681 25 33388 2 33462
1682 36 39836 3 40268
1683 40 35350 1 35419
1684 51 1947 1 2853
1685 55 16175 1 16424
1686 48 11967 7 12175
1687 55 28241 1 28483
1688 48 2211 4 2503
1689 39 29446 3 29554
1690 55 37700 4 37794
1691 4 30397 5 30642
1692 8 34358 4 34620
1693 54 35566 2 35696
1694 47 36264 6 36480
1695 9 24661 4 24936
1696 37 15022 2 16030
1697 31 28236 2 28877
1698 58 10259 2 10531
1699 17 12326 2 12583
1700 42 3650 4 3843
1701 47 30071 3 30399
1702 48 25862 4 26071
1703 4 10259 2 10453
1704 43 5237 3 5692
1705 48 4604 6 4818
1706 33 4675 1 4754
1707 52 29386 1 29479
1708 50 7124 1 8087
1709 55 23882 1 23987
1710 40 5237 6 5505
1711 4 37004 1 37208
1712 26 38607 1 38676
1713 44 13842 1 13882
1714 41 27096 6 27155
1715 57 33388 2 33627
1716 49 32761 2 33223
1717 37 18694 1 18828
1718 58 8491 3 8793
1719 13 547 7 754
1720 1 23390 4 23508
1721 45 25445 2 26352
1722 48 5112 4 5122
1723 53 27096 4 27231
1724 36 35346 5 35568
1725 19 5399 4 5542
1726 34 37096 5 37431
1727 11 33388 1 33523
1728 36 1969 4 2103
1729 31 18841 2 19569
1730 37 1155 1 1285
1731 4 28236 2 29526
1732 34 22250 2 23230
1733 43 33388 6 33592
1734 24 25190 3 25412
1735 34 25895 2 26207
1736 5 23390 2 24025
1737 44 14047 2 14110
1738 22 14036 2 14749
1739 33 32441 2 32589
1740 43 1073 4 1124
1741 40 1652 7 1860
1742 57 11926 3 12124
1743 8 1652 4 1714
1744 40 11384 5 11423
1745 19 22250 3 23024
1746 42 7806 2 8035
1747 43 25862 5 25995
1748 41 32542 5 32717
1749 4 36473 4 36744
1750 49 330 1 1001
1751 49 33833 4 34422
1752 36 18004 3 18898
1753 40 35350 6 35435
1754 4 11926 2 12326
1755 52 4604 3 5550
1756 11 37004 2 37063
1757 40 23513 1 23772
1758 24 18004 1 18267
1759 55 22250 3 22469
1760 34 10259 2 10397
1761 33 29386 2 29523
1762 41 39836 3 39847
1763 21 33833 1 34694
1764 41 23389 1 23497
1765 45 22250 5 22328
1766 57 29907 1 30735
1767 12 31204 5 31449
1768 19 23178 3 23882
1769 54 4019 1 4945
1770 39 31465 5 31548
1771 36 22250 2 24661
1772 49 18027 7 18694
1773 46 21602 2 21886
1774 57 13842 4 14168
1775 57 9930 7 10101
1776 34 14121 1 14194
1777 12 31465 8 31729
1778 11 8641 6 8736
1779 13 5237 2 6165
1780 36 36043 6 36260
1781 36 29631 1 29647
1782 17 23514 6 24454
1783 55 7950 5 8746
1784 43 2909 4 3111
1785 37 10948 1 11036
1786 3 12151 1 12796
1787 25 12326 3 13252
1788 43 29386 2 29690
1789 45 1365 3 2198
1790 6 33388 1 33579
1791 39 30307 4 30334
1792 17 5399 5 5449
1793 21 26624 5 26974
1794 57 22250 3 23207
1795 45 15867 1 16722
1796 17 13842 3 14127
1797 48 18004 5 18122
1798 53 23178 3 23237
1799 39 13871 2 14149
1800 21 25653 2 26580
1801 4 3913 4 3997
1802 40 32235 1 32624
1803 55 24793 4 25139
1804 48 29596 1 29873
1805 40 1434 4 1500
1806 34 458 1 751
1807 37 18841 3 19057
1808 16 16812 1 17092
1809 53 136 2 746
1810 48 9686 4 9952
1811 34 36473 1 36685
1812 48 34669 4 34823
1813 17 15840 2 16633
1814 44 11384 2 11498
1815 57 506 4 1406
1816 8 31204 1 31326
1817 19 22250 2 22320
1818 47 15867 6 16848
1819 37 13038 3 13336
1820 9 15468 3 15785
1821 34 9930 3 10142
1822 48 25436 3 25662
1823 17 5018 1 5277
1824 1 31204 2 31318
1825 48 29386 1 29596
1826 57 10542 6 10795
1827 39 18694 7 18705
1828 49 6789 7 7762
1829 12 38607 6 38872
1830 51 201 1 298
1831 45 31541 2 31679
1832 43 35566 4 35811
1833 41 37700 3 37737
1834 52 31204 2 31962
1835 37 25862 1 27206
1836 25 29386 1 29658
1837 48 3650 6 4274
1838 13 14036 4 14201
1839 21 21999 2 22512
1840 38 14251 6 14311
1841 40 13842 6 13986
1842 43 15022 4 15265
1843 53 31401 3 31413
1844 24 1155 3 1492
1845 37 31204 2 31401
1846 55 24454 1 24613
1847 53 14462 3 14732
1848 5 5399 6 6051
1849 49 27944 1 27999
1850 48 15753 4 16061
1851 4 15444 3 15867
1852 21 31936 2 32012
1853 55 18889 3 19204
1854 53 14251 5 14293
1855 37 25190 1 25364
1856 48 17747 7 17912
1857 10 21999 3 22240
1858 8 38873 5 39216
1859 39 3650 4 3790
1860 50 39836 2 40107
1861 34 26624 1 27579
1862 49 23649 4 24389
1863 40 8641 3 8884
1864 45 33388 8 33446
1865 34 8727 2 9013
1866 49 26726 4 27066
1867 21 12833 6 12944
1868 34 17747 4 17812
1869 17 3650 4 3913
1870 53 1028 5 1801
1871 11 38553 5 39250
1872 39 31204 1 31472
1873 22 4284 3 4335
1874 31 29386 3 29504
1875 49 9969 4 10017
1876 15 33833 2 34124
1877 49 12833 1 13009
1878 49 29907 4 30071
1879 36 25445 4 26067
1880 51 26956 2 27157
1881 30 4911 4 4951
1882 37 14462 1 15001
1883 55 30307 4 31018
1884 21 10259 2 10332
1885 34 22250 1 22524
1886 44 30071 3 30246
1887 40 35566 1 35904
1888 40 13009 1 13459
1889 55 21753 2 22241
1890 11 3650 2 4564
1891 53 32528 5 32752
1892 34 12151 3 12833
1893 11 8736 3 9088
1894 53 8116 6 8279
1895 22 39836 4 40445
1896 28 25507 4 25771
1897 34 25436 1 25692
1898 22 29631 2 29915
1899 18 5434 2 5598
1900 58 35659 3 36373
1901 49 15188 4 15206
1902 36 24661 1 24961
1903 45 23178 3 23826
1904 3 2211 1 2252
1905 34 34358 2 35099
1906 17 6789 1 7058
1907 34 14251 3 14565
1908 52 21686 3 21708
1909 51 18694 1 19385
1910 49 12151 2 12771
1911 40 27853 4 28631
1912 3 35099 1 35317
1913 48 15188 4 15297
1914 51 7046 1 7754
1915 51 23390 2 23511
1916 52 33388 2 33430
1917 54 7509 1 7810
1918 7 8686 4 9333
1919 39 11926 5 12270
1920 5 29907 2 30210
1921 32 18737 2 18860
1922 3 11599 2 11731
1923 55 23344 4 23400
1924 36 1155 2 1369
1925 37 23366 1 23910
1926 45 1073 5 1345
1927 49 23178 1 23292
1928 53 9907 4 10140
1929 21 36130 4 37009
1930 43 11599 1 12356
1931 34 1927 2 2044
1932 35 34358 4 34580
1933 49 27999 1 28236
1934 22 11384 5 11681
1935 22 8491 2 8774
1936 30 37004 3 37142
1937 37 5399 2 5410
1938 4 7806 1 8181
1939 15 29386 5 29424
1940 53 38873 2 39054
1941 43 21999 7 22692
1942 2 32235 6 32294
1943 28 15323 2 15361
1944 7 4284 6 4311
1945 17 11599 4 11829
1946 41 1073 4 1301
1947 25 15444 2 16153
1948 34 29386 2 29684
1949 18 556 1 792
1950 48 35346 3 35503
1951 43 23292 2 23559
1952 44 25862 2 25891
1953 45 15 6 318
1954 55 10948 1 11604
1955 7 26840 4 27823
1956 43 31204 1 31222
1957 21 7451 4 7527
1958 11 15381 7 15424
1959 33 12151 1 12182
1960 28 11547 1 11724
1961 13 18694 6 18850
1962 17 25862 4 25895
1963 31 26831 3 26882
1964 49 18694 4 19368
1965 28 1781 5 1968
1966 58 18004 1 18229
1967 44 33833 1 33995
1968 23 1155 2 1552
1969 30 9907 4 10156
1970 36 13038 1 15323
1971 38 13009 4 13643
1972 33 38873 2 38996
1973 40 11423 6 11547
1974 55 27853 4 28142
1975 57 1630 1 1827
1976 11 35424 1 36818
1977 39 32761 1 32850
1978 48 18841 4 19028
1979 19 38873 5 39070
1980 11 26956 2 26993
1981 21 11384 2 12239
1982 5 22395 1 22604
1983 44 23514 3 24397
1984 35 16085 3 16298
1985 40 31936 1 32062
1986 49 24389 4 24671
1987 4 7368 5 7654
1988 6 18694 2 18895
1989 22 5410 3 5603
1990 24 14121 4 14435
1991 40 4019 4 5015
1992 43 2598 3 2880
1993 22 23987 1 24098
1994 3 4604 2 4826
1995 19 5018 2 5263
1996 11 133 6 824
1997 23 1969 1 2277
1998 15 38553 4 38607
1999 7 270 1 495
2000 4 506 4 547
2001 49 2946 1 3311
2002 17 34482 4 34522
2003 48 16061 1 16941
2004 4 1329 5 1581
2005 53 2598 4 2937
2006 36 32441 1 32558
2007 34 2102 5 2357
2008 20 23344 2 23435
2009 40 35228 4 35350
2010 7 25507 5 26347
2011 37 30432 2 30815
2012 34 30307 1 31117
2013 40 24454 3 25297
2014 25 14251 3 15241
2015 34 15753 1 16009
2016 57 7124 2 7458
2017 27 33833 1 33969
2018 36 3962 3 4296
2019 55 7046 4 7329
2020 55 35099 3 35346
2021 30 13015 5 13195
2022 37 12833 2 12938
2023 4 5399 6 5533
2024 48 35566 1 35920
2025 31 33833 3 34018
2026 39 12833 7 13490
2027 15 32235 4 33001
2028 4 1650 2 1961
2029 23 11384 2 11826
2030 43 7329 6 7675
2031 21 1947 1 2081
2032 57 23344 6 23514
2033 5 15188 5 15431
2034 23 35099 4 35366
2035 19 38553 3 38683
2036 19 27383 1 28292
2037 53 5757 5 5907
2038 34 24621 5 24972
2039 21 15444 1 15604
2040 45 4019 7 4315
2041 46 23178 2 24103
2042 24 36473 2 36624
2043 26 15840 2 15949
2044 19 12833 6 13024
2045 49 23292 4 23616
2046 48 7299 4 7374
2047 34 3450 3 4284
2048 42 39836 1 39920
2049 36 11384 3 11599
2050 53 8641 5 9586
2051 39 2211 4 2235
2052 12 3450 5 3723
2053 48 31465 6 31752
2054 6 25436 1 25487
2055 23 31401 1 31528
2056 42 15022 1 15884
2057 17 7368 6 7474
2058 23 21602 1 21747
2059 49 15804 3 16076
2060 1 16175 2 16495
2061 48 5018 4 5850
2062 14 15753 1 15936
2063 34 31204 2 31817
2064 49 31465 4 32200
2065 4 25190 4 25537
2066 53 11926 2 12201
2067 19 30071 5 30194
2068 55 6789 4 7046
2069 11 39836 5 39896
2070 48 34358 7 34435
2071 2 101 5 176
2072 14 18841 2 19152
2073 40 12833 4 12954
2074 3 21999 2 22188
2075 40 10542 5 10597
2076 5 39836 5 40658
2077 57 21999 2 22172
2078 40 23882 7 23998
2079 19 627 3 911
2080 4 2640 3 3238
2081 49 15804 1 16155
2082 47 547 4 642
2083 48 32235 8 32295
2084 6 5410 2 5618
2085 45 15323 4 15664
2086 28 5984 5 6010
2087 49 15444 4 15748
2088 50 1329 2 1578
2089 57 29386 7 29446
2090 40 1947 3 1969
2091 49 13009 2 13147
2092 20 342 2 472
2093 38 18841 2 19142
2094 39 7329 6 7977
2095 48 22965 6 23178
2096 8 25588 2 26202
2097 31 5399 3 5640
2098 11 7276 5 7472
2099 11 13396 4 13767
2100 57 89 4 362
2101 17 25895 3 26553
2102 7 506 1 697
2103 55 36304 2 36583
2104 37 21602 1 21753
2105 38 29386 3 29682
2106 21 3650 3 4526
2107 42 5015 4 5700
2108 20 33598 3 33796
2109 40 26831 6 27853
2110 34 8491 1 8727
2111 15 8491 5 8654
2112 40 5505 1 5757
2113 57 7425 2 7751
2114 57 35099 3 35281
2115 22 30307 3 30432
2116 53 35659 4 35883
2117 19 25436 3 25497
2118 23 2640 2 2971
2119 36 18841 6 19062
2120 17 8736 3 9686
2121 49 3961 6 4038
2122 39 113 2 421
2123 42 191 4 263
 调度评估结果
1. 任务等待评估 (Σ 等待×权重): 243145447
2. 任务完成评估 (最大完成时间): 40799
3. GPU显存空闲评估 (平均空闲): 12853.91 GB/时间片
 额外统计
已调度任务               : 2123/2123
平均等待时间            : 11122.97
各服务器任务分布      : 服务器1=17, 服务器2=18, 服务器3=28, 服务器4=78, 服务器5=41, 服务器6=11, 服务器7=32, 服务器8=38, 服务器9=29, 服务器10=6, 服务器11=63, 服务器12=14, 服务器13=20, 服务器14=22, 服务器15=40, 服务器16=4, 服务器17=60, 服务器18=9, 服务器19=49, 服务器20=3, 服务器21=73, 服务器22=56, 服务器23=38, 服务器24=23, 服务器25=53, 服务器26=10, 服务器27=5, 服务器28=33, 服务器29=13, 服务器30=11, 服务器31=23, 服务器32=3, 服务器33=17, 服务器34=106, 服务器35=9, 服务器36=64, 服务器37=65, 服务器38=29, 服务器39=66, 服务器40=81, 服务器41=23, 服务器42=31, 服务器43=67, 服务器44=36, 服务器45=33, 服务器46=17, 服务器47=15, 服务器48=83, 服务器49=107, 服务器50=40, 服务器51=10, 服务器52=28, 服务器53=72, 服务器54=19, 服务器55=66, 服务器56=13, 服务器57=91, 服务器58=12
