1 18 4431 1 4611
2 13 7403 5 7898
3 2 3185 3 3598
4 19 10758 1 11183
5 18 1414 4 1755
6 25 622 3 1069
7 20 9659 1 10178
8 21 4431 1 4613
9 18 258 3 378
10 1 10032 2 10139
11 1 9538 1 10004
12 9 682 2 779
13 9 8957 2 9487
14 23 1270 1 1423
15 13 5852 2 6460
16 20 9475 2 9858
17 24 11794 2 11823
18 9 11552 2 11775
19 13 7994 1 8193
20 16 8841 3 9489
21 18 3736 6 3988
22 4 5220 4 5592
23 12 1807 1 1900
24 6 6354 1 6914
25 9 3732 1 4191
26 9 4431 4 4442
27 9 7586 1 7768
28 14 6104 2 6672
29 23 1560 1 2163
30 20 8562 1 9170
31 1 5852 2 5935
32 20 7452 2 7688
33 1 9607 1 9720
34 9 10977 6 11508
35 9 3219 2 3242
36 18 8257 6 8722
37 5 8742 6 9261
38 1 8223 1 8259
39 24 8420 4 8807
40 20 4613 1 5119
41 20 4613 1 5208
42 20 8223 2 8441
43 22 1448 3 1657
44 9 9699 2 9753
45 10 1790 3 2245
46 20 1450 1 1789
47 9 5119 3 5660
48 9 5230 1 5454
49 19 2542 2 2926
50 11 5119 3 5522
51 19 5119 3 5434
52 20 4613 1 5139
53 20 1730 1 2277
54 20 1226 1 1277
55 13 5119 5 5299
56 2 10754 2 10889
57 1 4431 2 4513
58 9 8110 3 8705
59 1 1370 1 1989
60 6 3367 1 3876
61 18 6532 1 6612
62 20 8782 2 8855
63 1 974 2 1315
64 20 10435 1 10706
65 2 5134 1 5498
66 2 9861 1 9917
67 20 6955 1 7180
68 11 5582 7 5833
69 18 2168 3 2579
70 2 5134 3 5582
71 1 6723 1 6817
72 5 8881 8 8913
73 5 2427 1 2878
74 18 9861 1 10210
75 23 152 2 530
76 9 7063 3 7213
77 20 10977 1 11207
78 20 7944 2 8223
79 19 11623 1 11878
80 1 2154 2 2619
81 1 11477 1 11636
82 10 5894 2 6499
83 9 9392 2 9475
84 18 600 5 790
85 20 2561 2 2862
86 1 6174 1 6563
87 2 10420 2 10611
88 9 248 3 367
89 18 969 1 1188
90 1 498 1 591
91 12 8541 2 8822
92 20 8961 4 9392
93 14 400 1 910
94 7 8020 3 8044
95 1 5220 2 5852
96 7 5974 2 6153
97 20 11324 6 11814
98 2 2814 2 3185
99 9 11833 1 12039
100 24 3761 2 3884
101 2 3189 3 3298
102 1 2686 3 3060
103 16 2800 6 3138
104 19 10005 5 10374
105 9 4513 1 4624
106 3 312 1 564
107 18 5852 1 6064
108 20 9392 4 10083
109 9 1277 2 1344
110 10 1441 2 1847
111 1 10004 1 10270
112 24 772 3 1101
113 1 11085 1 11666
114 25 11376 3 11766
115 18 2921 1 3086
116 9 1609 1 1968
117 5 1287 3 1338
118 19 4431 3 4762
119 5 7722 2 8372
120 1 9475 1 10077
121 6 5852 1 6338
122 1 9861 2 10463
123 20 10862 1 11177
124 9 234 2 676
125 20 9392 2 9410
126 18 7486 5 7589
127 18 9392 4 9833
128 20 5852 3 5992
129 18 5620 4 5730
130 5 169 2 492
131 10 2993 5 3533
132 4 7363 3 7428
133 19 11355 4 11493
134 10 10977 3 11605
135 11 7668 4 8280
136 21 8680 1 9305
137 9 8793 3 9095
138 20 5119 1 5134
139 12 501 1 671
140 2 8901 2 9160
141 1 11936 1 12003
142 20 10271 4 10650
143 13 923 7 1293
144 9 8813 1 8894
145 23 5310 1 5594
146 1 7888 2 7938
147 1 1468 1 2044
148 20 5119 1 5622
149 20 6697 3 6743
150 2 10945 6 11086
151 11 6170 6 6324
152 9 9505 2 9874
153 1 926 2 1912
154 23 2961 2 3450
155 20 7475 6 8123
156 18 10 1 244
157 19 3732 1 4202
158 6 8684 6 9038
159 24 5852 4 6307
160 13 7171 6 7389
161 2 6120 1 6637
162 14 565 3 788
163 9 449 1 1072
164 1 7180 1 7807
165 20 8468 1 8502
166 1 8696 2 9483
167 16 4431 4 4467
168 9 5852 1 6225
169 25 1562 2 2029
170 23 5119 2 5220
171 9 7248 4 7823
172 19 8819 5 9266
173 20 10810 2 10871
174 1 7540 1 8726
175 6 5220 4 5479
176 14 71 1 160
177 20 8223 1 8818
178 11 8329 4 8439
179 23 8680 1 8891
180 3 7817 1 7973
181 20 1282 4 1682
182 20 1449 1 1477
183 20 2929 1 4613
184 18 3086 1 3180
185 1 3060 1 3602
186 20 9861 1 10156
187 12 3874 1 4161
188 23 4431 2 4620
189 2 6666 4 6803
190 3 6522 1 6910
191 6 1303 2 1902
192 7 9531 1 9606
193 1 11636 1 11948
194 2 5582 6 5760
195 2 7298 2 7454
196 9 9475 3 9699
197 20 11823 3 12219
198 24 7466 1 7613
199 8 11456 4 11536
200 20 2993 1 3929
201 1 11067 1 11115
202 9 9768 1 10090
203 1 10873 2 11067
204 24 7063 4 7129
205 16 10667 2 10716
206 9 1181 3 2036
207 2 1938 1 2379
208 1 8812 1 9432
209 9 10296 2 10522
210 20 5930 2 6257
211 1 1402 1 1468
212 24 2319 1 2650
213 1 7970 3 8105
214 9 6408 1 6444
215 12 5119 1 5337
216 11 2584 6 2972
217 23 10852 2 11412
218 24 11315 5 11686
219 21 8223 1 8660
220 24 9475 1 9507
221 1 5852 1 6398
222 9 10346 1 10681
223 11 9664 3 10060
224 6 5852 5 5968
225 20 1934 3 2427
226 24 1383 2 1971
227 12 2005 1 2191
228 21 11158 2 11706
229 13 8554 3 9153
230 13 9491 7 9742
231 11 5852 8 5991
232 20 10237 1 10671
233 2 2427 1 2748
234 13 1317 3 1628
235 10 9494 5 9886
236 20 9958 2 10183
237 20 3938 1 4516
238 9 11521 1 11865
239 20 6670 3 6741
240 9 11074 2 11252
241 19 2427 4 2474
242 1 3791 2 4116
243 20 2427 2 2600
244 20 6936 1 7439
245 18 4613 4 5175
246 2 11770 6 12283
247 20 6932 1 7281
248 20 8223 1 9132
249 13 112 4 476
250 23 7180 1 7459
251 9 2047 5 2319
252 18 1082 2 1353
253 24 10656 4 10983
254 20 3445 3 3930
255 9 2319 1 3219
256 20 2686 1 3283
257 1 7063 1 7540
258 24 5971 1 6239
259 20 2953 4 2993
260 8 11973 4 12211
261 4 7670 4 7867
262 9 1109 2 1124
263 20 7180 1 7270
264 9 8082 3 8680
265 13 10630 5 11277
266 25 4613 6 4706
267 4 7180 2 7447
268 9 10758 3 11233
269 20 7386 5 7467
270 2 10026 3 10412
271 1 6562 1 7024
272 18 4431 6 4556
273 20 1477 1 1572
274 20 5582 1 5743
275 16 5314 5 5365
276 2 9595 5 9861
277 1 2578 2 2686
278 13 2794 2 3428
279 18 11253 2 11898
280 11 4513 2 4619
281 1 407 1 933
282 18 6895 2 7448
283 9 4431 1 5230
284 1 1936 1 2459
285 9 7133 3 7574
286 9 6455 2 7090
287 16 3530 2 4124
288 11 3086 3 3423
289 2 9861 3 10163
290 1 4431 1 4447
291 20 5852 2 6237
292 1 11360 1 12409
293 9 5582 2 6174
294 16 4431 1 4528
295 19 1522 2 2044
296 9 3732 1 4431
297 5 700 3 1093
298 18 5852 1 6483
299 20 10083 1 10203
300 5 11337 4 11420
301 5 6174 5 6228
302 19 116 4 299
303 3 2427 2 2951
304 19 5852 1 6300
305 2 10763 1 10967
306 19 4513 3 5086
307 2 2427 1 3017
308 14 271 1 505
309 25 9623 3 9873
310 19 921 3 956
311 12 329 1 754
312 1 6890 2 7174
313 18 10569 2 11180
314 24 7598 6 7725
315 1 10233 1 10409
316 18 1637 1 1917
317 5 5119 3 5713
318 24 7457 6 7564
319 18 8749 2 8881
320 5 11739 3 11820
321 20 11860 3 12464
322 20 5134 1 6383
323 3 9668 2 9860
324 20 5220 2 5532
325 23 1266 1 1479
326 2 5902 3 6537
327 1 5119 1 5453
328 23 11660 1 11728
329 1 4740 2 5184
330 18 3234 4 3648
331 20 10558 3 10977
332 2 10522 2 10980
333 1 2842 1 3128
334 6 10478 3 11059
335 9 6792 6 7063
336 14 5119 2 5293
337 5 6658 1 6787
338 9 3287 1 3732
339 10 3883 2 4291
340 5 6840 1 7366
341 6 2880 1 3358
342 9 10711 1 10968
343 18 728 2 1013
344 5 4431 2 4607
345 24 4613 1 4951
346 2 10125 1 10574
347 9 6174 3 6698
348 1 4513 1 5220
349 2 8491 1 8992
350 9 8680 1 8942
351 5 3365 4 3786
352 1 6611 1 7106
353 20 1665 2 2499
354 9 9933 2 10958
355 20 990 1 1354
356 21 5900 1 6006
357 2 8680 1 9312
358 3 5119 3 5481
359 1 3407 1 3536
360 18 1786 3 1884
361 23 8223 1 8843
362 2 7090 2 7356
363 19 8072 3 8286
364 19 6434 1 6685
365 20 11198 5 11327
366 2 3323 1 3531
367 1 3602 1 4740
368 9 231 1 1808
369 2 6801 2 7450
370 13 3732 3 3906
371 1 5852 3 6274
372 2 5298 1 5517
 调度评估结果
1. 任务等待评估 (Σ 等待×权重): 232644
2. 任务完成评估 (最大完成时间): 12464
3. GPU显存空闲评估 (平均空闲): 5945.63 GB/时间片
 额外统计
已调度任务               : 372/372
平均等待时间            : 70.20
各服务器任务分布      : 服务器1=52, 服务器2=31, 服务器3=6, 服务器4=4, 服务器5=15, 服务器6=9, 服务器7=3, 服务器8=2, 服务器9=51, 服务器10=7, 服务器11=10, 服务器12=7, 服务器13=13, 服务器14=6, 服务器16=7, 服务器18=29, 服务器19=17, 服务器20=63, 服务器21=5, 服务器22=1, 服务器23=13, 服务器24=16, 服务器25=5
