1 2 788 1 1054
2 2 266 1 395
3 2 1094 1 1241
4 1 1211 1 1419
5 1 1530 1 1706
6 2 1092 1 1318
7 2 2174 1 2210
8 2 1299 1 1553
9 2 2013 1 2084
10 2 2084 1 2334
11 2 1761 2 2049
12 2 886 1 988
13 2 1733 2 1956
14 2 1269 1 1295
15 2 1097 1 1173
16 2 2493 1 2556
17 1 1113 2 1172
18 2 778 2 814
19 2 1500 2 1624
20 2 320 1 430
 调度评估结果
1. 任务等待评估 (Σ 等待×权重): 0
2. 任务完成评估 (最大完成时间): 2556
3. GPU显存空闲评估 (平均空闲): 877.59 GB/时间片
 额外统计
已调度任务               : 20/20
平均等待时间            : 0.00
各服务器任务分布      : 服务器1=3, 服务器2=17
