1 5 448 2 649
2 5 2076 2 2436
3 6 3750 2 3958
4 3 1554 1 1798
5 1 1442 2 1581
6 6 897 2 1442
7 4 3750 1 3993
8 6 3958 1 4084
9 5 3465 1 3689
10 2 767 2 1256
11 6 2076 1 3465
12 5 1442 1 1651
13 6 448 1 1266
14 4 762 1 1377
15 2 2076 4 2478
16 4 515 1 1051
17 3 1638 1 1876
18 2 498 1 758
19 6 2076 1 2209
20 2 3958 3 4441
21 4 3465 2 3957
22 2 1442 3 1474
23 1 1671 2 1786
24 6 448 4 867
25 5 3750 3 4061
26 6 1442 1 2058
27 2 3750 2 3884
28 6 73 2 448
29 6 3465 1 4151
30 1 3750 2 4320
31 2 3465 1 3750
32 3 3958 1 4137
33 2 604 3 1115
34 3 448 1 688
35 1 448 3 610
36 6 3465 3 3531
37 3 1496 1 1577
38 1 2076 1 2551
39 1 539 1 876
40 6 1442 1 2076
41 1 2076 1 2449
 调度评估结果
1. 任务等待评估 (Σ 等待×权重): 213573
2. 任务完成评估 (最大完成时间): 4441
3. GPU显存空闲评估 (平均空闲): 1023.20 GB/时间片
 额外统计
已调度任务               : 41/41
平均等待时间            : 672.51
各服务器任务分布      : 服务器1=7, 服务器2=8, 服务器3=5, 服务器4=4, 服务器5=5, 服务器6=12
