1 1 8085 3 8507
2 3 8312 3 8918
3 2 8312 3 8703
4 6 3425 4 3542
5 7 10076 1 10112
6 3 2354 1 2555
7 3 540 1 1259
8 3 3425 1 3562
9 1 6110 2 6217
10 3 2555 2 2899
11 4 2555 2 2926
12 3 8981 2 9704
13 3 540 1 671
14 2 3862 2 4206
15 3 10076 1 10429
16 3 3346 1 3425
17 5 6110 3 6626
18 2 88 1 375
19 3 8085 1 8312
20 4 3862 4 3877
21 2 6016 6 6250
22 5 6110 2 6556
23 2 1816 6 1856
24 5 9704 1 10142
25 3 1259 1 1816
26 1 3038 4 3153
27 5 6380 1 6819
28 3 9704 1 10076
29 4 3346 5 3494
30 2 540 2 920
31 7 3862 2 4183
32 2 10076 3 10482
33 1 3346 3 3560
34 3 8918 3 8981
35 3 5191 1 5788
36 2 5191 5 5650
37 5 3346 3 3433
38 3 6016 1 7334
39 2 3862 2 4421
40 7 3346 3 3532
41 5 3862 1 4409
42 1 1816 6 2259
43 3 3038 1 3346
44 7 540 1 787
45 5 540 2 660
46 3 4759 2 5191
47 3 3425 1 3862
48 4 56 5 451
49 3 1816 1 2354
50 7 2555 3 2653
51 7 3038 1 3261
52 5 4759 1 5281
53 5 4759 3 4882
54 3 3862 1 4759
55 3 10076 2 10415
56 3 5788 1 6016
57 1 10076 3 10580
58 6 6110 3 6685
59 1 3346 1 3541
60 2 7334 1 7503
61 5 6110 2 6380
62 3 2899 1 3038
63 4 540 1 958
64 5 3862 1 4453
65 5 6016 6 6110
66 4 6110 4 6450
67 5 2555 1 2914
68 7 8312 2 8767
69 2 3346 1 3680
70 3 7334 1 8085
71 3 21 3 540
 调度评估结果
1. 任务等待评估 (Σ 等待×权重): 2421430
2. 任务完成评估 (最大完成时间): 10580
3. GPU显存空闲评估 (平均空闲): 1253.09 GB/时间片
 额外统计
已调度任务               : 71/71
平均等待时间            : 3452.48
各服务器任务分布      : 服务器1=7, 服务器2=11, 服务器3=25, 服务器4=6, 服务器5=13, 服务器6=2, 服务器7=7
