1 1 23258 6 23400
2 16 9305 1 9343
3 29 13909 3 13953
4 13 28716 2 29313
5 13 27474 1 27625
6 29 3884 6 4421
7 10 5894 5 6006
8 20 5894 1 6454
9 28 23880 3 24073
10 21 3955 2 4679
11 11 32835 1 33071
12 20 6860 3 7494
13 28 5894 1 6382
14 15 27743 2 28125
15 13 3914 2 4248
16 7 22098 1 22795
17 20 14988 6 15358
18 8 22275 5 22816
19 29 19737 1 20871
20 20 19038 2 19489
21 29 8396 1 8560
22 21 5197 3 5758
23 19 26083 1 26645
24 7 9866 1 10372
25 21 13440 4 13560
26 10 5894 1 6626
27 1 22098 4 22235
28 20 11589 5 11788
29 30 19737 1 19899
30 1 23410 6 23960
31 15 9228 1 9818
32 1 26645 4 27183
33 1 11589 2 12143
34 7 11589 2 11773
35 26 30730 2 30797
36 29 17999 1 18378
37 4 16420 3 16538
38 15 32835 2 33304
39 1 32483 6 33116
40 28 3914 3 4663
41 20 22867 2 23374
42 2 4421 4 4512
43 5 339 2 926
44 29 7739 1 7980
45 17 22098 1 22687
46 13 30730 1 31095
47 29 17532 1 18202
48 1 19737 2 20025
49 13 15521 1 15562
50 4 2346 1 2730
51 6 4421 4 5052
52 4 18378 1 19008
53 29 0 2 339
54 5 14924 2 15206
55 13 33091 1 33262
56 5 28716 1 29243
57 24 28542 2 28785
58 19 31126 1 31858
59 17 22867 1 22947
60 2 2346 1 2397
61 1 29783 3 30008
62 32 30231 1 30923
63 2 19737 2 20176
64 21 3273 4 3955
65 20 671 1 2229
66 13 32835 3 33348
67 29 22098 1 24479
68 4 17647 2 18182
69 26 14614 3 15150
70 7 339 1 1035
71 22 28542 1 28833
72 29 27743 3 28105
73 5 2346 1 3087
74 4 26645 2 26855
75 5 23452 1 24099
76 29 4545 1 5894
77 1 27433 3 27600
78 13 15553 3 16136
79 29 5894 4 6423
80 26 15521 2 15625
81 20 5050 1 5130
82 29 28716 2 29622
83 7 32771 6 32860
84 8 28542 1 28979
85 8 15789 8 16056
86 13 27743 1 27880
87 19 3134 3 3784
88 13 23452 1 24081
89 20 30175 1 30730
90 29 4421 2 5570
91 8 33420 1 33614
92 19 27743 1 27898
93 28 6423 5 7152
94 19 6454 2 6793
95 20 12712 2 12827
96 30 32835 1 32951
97 1 21253 6 21389
98 26 26645 1 26983
99 29 11589 1 12197
100 20 8396 1 8479
101 21 32835 2 32972
102 4 21844 2 21886
103 13 17647 2 18310
104 29 33420 1 33804
105 8 17450 2 17842
106 10 27743 3 28411
107 13 23258 2 23543
108 6 21872 5 21945
109 19 27433 2 27488
110 20 19824 1 20954
111 3 23258 1 23393
112 29 16538 1 17256
113 29 5570 1 5704
114 19 23410 3 23770
115 30 33420 1 33884
116 2 26824 3 26914
117 20 29219 1 29348
118 2 7494 3 7804
119 1 30730 3 31063
120 27 15553 2 16044
121 19 29312 1 29616
122 29 23880 1 26083
123 15 17590 3 18264
124 27 3914 1 4545
125 19 7038 1 7589
126 20 14175 4 14328
127 9 15521 1 15991
128 20 3273 4 3844
129 19 9305 1 9862
130 15 18378 5 18618
131 32 19708 1 20385
132 12 22867 3 23570
133 22 9228 4 9394
134 21 6793 2 7214
135 2 14614 3 14830
136 12 3273 1 3773
137 29 13953 5 14614
138 27 32835 3 33182
139 28 23452 3 23774
140 32 2229 1 2651
141 11 26645 1 27281
142 21 23170 1 23583
143 20 4393 4 5050
144 10 339 1 667
145 13 7494 1 8138
146 19 29616 1 30400
147 30 5197 1 5250
148 7 339 7 906
149 20 33091 2 33242
150 8 5197 1 5781
151 7 19737 3 20334
152 29 26661 1 27230
153 29 17256 3 17532
154 20 32483 3 33091
155 13 27743 2 28324
156 20 26645 1 26824
157 21 30730 1 31223
158 27 14924 2 15043
159 19 21872 2 22526
160 20 18378 1 18993
161 10 32562 1 33135
162 19 16538 1 17487
163 30 9081 1 9146
164 30 7494 2 7650
165 20 33348 1 33935
166 19 19708 1 20531
167 22 13484 5 14218
168 4 3884 2 4221
169 30 30231 1 30768
170 22 14924 1 15456
171 3 15789 1 16303
172 12 7494 2 7644
173 8 19008 7 19494
174 1 7739 2 8343
175 20 7494 5 8232
176 8 0 2 132
177 19 30730 1 31126
178 20 31586 2 32244
179 27 339 2 1042
180 29 9081 2 9254
181 10 3955 2 4702
182 20 4337 5 4393
183 26 15789 5 16194
184 6 28571 1 28681
185 29 13440 2 13909
186 20 15521 2 16012
187 13 17999 1 18533
188 1 339 2 887
189 13 5197 1 5464
190 7 21844 4 21874
191 29 32562 6 33139
192 14 17487 5 17893
193 6 33420 7 33596
194 19 339 1 1412
195 9 13909 1 14012
196 15 8479 3 8534
197 27 6860 1 7441
198 19 13484 2 14001
199 29 23614 1 24186
200 21 19824 1 19859
201 16 23258 1 23994
202 7 5894 2 6531
203 19 2346 1 2549
204 8 19708 1 20972
205 29 17256 2 17352
206 8 11589 1 11677
207 19 15021 2 15510
208 21 14924 1 15520
209 32 16538 1 16706
210 30 15553 2 16022
211 20 18163 2 18310
212 1 29783 1 29943
213 32 33091 2 33178
214 20 3884 1 4337
215 7 12197 3 12363
216 4 15789 1 16420
217 1 5894 2 6603
218 7 27743 1 27969
219 22 17999 1 18470
220 21 26645 4 26675
221 4 3273 2 3884
222 19 12197 1 12574
223 27 14988 1 15497
224 20 9866 2 10028
225 1 17487 5 17745
226 22 19824 1 20389
227 1 7038 2 7343
228 26 26645 4 26828
229 5 3273 2 3580
230 19 0 1 254
231 9 14614 1 15096
232 22 29783 1 29985
233 28 18378 1 18536
234 32 32835 1 33083
235 4 21253 3 21844
236 9 7494 1 8232
237 13 33348 4 33597
238 31 19824 2 20346
239 21 19708 3 20303
240 21 0 1 345
241 13 4337 2 4870
242 28 14924 5 15563
243 1 28542 2 28690
244 4 31126 2 31215
245 21 29616 4 30013
246 7 19038 1 19253
247 19 30400 1 30700
248 29 12197 1 13440
249 1 17999 4 18351
250 20 27474 1 27538
251 29 7739 2 8396
252 15 2229 2 2622
253 22 16420 5 16881
254 20 6454 2 6860
255 29 29783 5 29844
256 4 28571 2 29255
257 29 21253 1 21765
258 28 3273 2 3647
259 30 26645 2 26675
260 20 18378 3 18483
261 20 23614 1 24110
262 29 14614 2 14924
263 28 22275 4 22585
264 26 19824 3 20173
265 21 0 1 160
266 28 27521 4 28150
267 29 22098 1 22547
268 15 17999 1 18540
269 21 8396 3 8665
270 30 31950 2 32479
271 7 28542 1 29198
272 4 29219 1 29492
273 17 15521 1 15844
274 1 14614 1 15091
275 1 21844 4 21963
276 16 28542 1 28744
277 19 3914 1 4433
278 21 18378 3 19080
279 16 16538 1 16833
280 30 28542 1 28583
281 20 7739 1 8403
282 8 3884 1 3943
283 21 6454 5 6705
284 20 26824 2 27433
285 21 32835 1 33143
286 29 27433 2 27743
287 20 13440 1 14175
288 8 3955 1 5717
289 21 27433 1 27663
290 1 6454 1 7144
291 2 5894 3 6555
292 27 7494 1 7839
293 24 22275 1 22438
294 4 20531 2 21253
295 20 21463 5 21616
296 8 17012 6 17450
297 29 23258 1 23880
298 4 29255 1 29343
299 20 19708 2 19824
300 31 28571 1 29054
301 20 11788 1 12712
302 2 14924 4 15605
303 19 339 3 688
304 1 23614 2 23942
305 16 29312 1 29740
306 20 17450 4 18163
307 20 4393 2 5080
308 22 33091 3 33630
309 10 15553 4 16036
310 10 18378 1 18480
311 11 33091 3 33449
312 30 339 2 657
313 20 27433 1 27474
314 16 5570 1 6098
315 29 20531 1 20826
316 29 14924 3 15408
317 32 24081 1 24526
318 19 19008 1 19708
319 15 32835 3 33579
320 4 29783 1 30071
321 16 22275 1 22532
322 25 22275 1 22500
323 22 29783 4 30420
324 21 17647 5 18245
325 13 24081 2 24570
326 8 339 1 871
327 29 31586 2 31950
328 25 16420 1 16717
329 1 5197 6 5868
330 13 19737 3 19877
331 28 5876 2 6401
332 13 9305 4 9794
333 21 7494 3 8149
334 20 6860 1 6995
335 21 9081 1 9253
336 30 23614 1 23937
337 8 30277 1 32449
338 1 33348 3 33896
339 20 5197 2 5327
340 7 14614 5 15119
341 20 32771 1 32843
342 20 2804 1 2906
343 4 7494 3 8044
344 15 20531 5 21213
345 19 33073 1 34644
346 2 339 1 672
347 7 2804 3 2852
348 4 12712 1 13484
349 20 5876 6 6284
350 17 16420 1 16528
351 22 14614 1 14677
352 18 30730 1 30878
353 29 22867 4 23258
354 19 22526 1 23170
355 29 31950 4 32483
356 1 339 1 612
357 8 2734 1 3695
358 8 21463 2 22275
359 4 17487 2 17647
360 19 17487 2 17999
361 2 3273 5 3773
362 29 28542 5 28716
363 19 15521 1 16252
364 21 17487 1 17565
365 22 17450 4 17489
366 21 20531 2 21277
367 14 339 1 452
368 27 7494 2 7978
369 19 4433 1 5599
370 7 29616 2 30317
371 29 2734 1 3273
372 32 18650 1 18840
373 15 7494 1 7684
374 8 32483 2 32771
375 20 23452 3 23614
376 21 28542 1 28654
377 6 15553 2 16113
378 21 16538 2 16867
379 20 5080 1 5197
380 29 15521 2 15573
381 26 339 5 686
382 28 17999 3 18429
383 1 3914 2 4626
384 20 11589 1 12081
385 20 5197 1 5247
386 20 9228 1 9866
387 3 23452 2 24177
388 27 14988 2 15361
389 4 23258 3 23452
390 1 31586 4 32296
391 20 21253 1 21463
392 19 5894 1 6087
393 7 5197 2 5692
394 17 23770 1 24127
395 20 17256 2 17590
396 16 12197 1 12724
397 7 29783 1 30165
398 5 19737 2 20306
399 29 18650 2 19038
400 4 26824 1 26928
401 28 28542 5 28850
402 10 339 6 507
403 29 33348 1 33420
404 29 30231 1 31169
405 20 14614 2 14988
406 8 29312 1 30277
407 4 21844 1 22195
408 26 12197 4 12516
409 19 23170 1 23410
410 8 26645 1 27830
411 4 2804 3 2980
412 28 32483 3 33220
413 4 5894 2 6188
414 29 2229 1 2346
415 29 30231 1 31586
416 20 22098 3 22407
417 28 26645 5 26685
418 20 5327 2 5876
419 8 16420 1 17012
420 29 4421 3 4545
421 8 11677 4 11822
422 29 26083 4 26661
423 21 671 1 831
424 20 29783 2 30175
425 17 339 1 627
426 8 14614 2 15553
427 25 19824 4 20036
428 20 30231 3 30466
429 20 29348 1 29783
430 4 671 1 822
431 17 9081 1 9640
432 8 33066 2 33123
433 8 5781 1 9081
434 7 21872 1 22362
435 14 11589 5 12264
436 19 20531 2 20717
437 10 19824 1 20093
438 10 33420 2 34033
439 19 5197 1 5913
440 16 6793 1 7414
441 21 14614 1 14653
442 19 23770 3 24331
443 20 31586 1 32252
444 13 18163 1 18567
445 10 32771 4 33424
446 4 8044 2 8370
447 12 30400 2 31004
448 28 29348 2 29435
449 29 7038 1 7739
450 15 31586 4 32275
451 29 8560 2 9305
452 16 15789 1 16314
453 20 16538 5 17192
454 29 3273 1 3300
455 29 17590 4 17703
456 21 21872 1 22181
457 4 16538 2 16660
458 19 16538 3 17218
459 8 32771 1 32835
460 1 9305 3 9841
461 7 31586 4 32136
462 24 19708 2 20181
463 1 24081 4 24342
464 20 14988 2 15521
465 8 17999 4 18472
466 20 2229 1 2804
467 13 16538 1 16914
468 27 23614 2 23854
469 29 29783 1 30231
470 13 339 3 770
471 15 11589 4 11908
472 25 4545 1 5188
473 12 7038 1 7663
474 4 13484 2 14175
475 19 27521 3 28242
476 20 339 4 671
477 7 2229 5 2406
478 25 0 1 515
479 1 30231 5 30588
480 29 9305 1 11589
481 29 19038 5 19737
482 29 27743 2 28542
483 28 0 3 379
484 28 7494 1 8169
485 4 23880 3 24374
486 13 7038 2 7759
487 29 19737 3 20292
488 21 21253 1 21417
489 21 30175 1 30913
490 32 17647 1 18347
491 28 17999 1 18528
492 30 29783 1 29950
493 16 13909 1 14281
494 19 5599 1 5829
495 24 16420 2 17160
496 27 15553 1 15844
497 2 671 2 1148
498 20 16538 2 16743
499 2 28571 5 28910
500 8 32835 6 33066
501 13 4337 1 4615
502 22 3914 1 4629
503 22 3914 1 4517
504 12 339 1 867
505 7 27521 3 28178
506 22 5894 1 6623
507 7 11788 6 11966
508 20 0 6 275
509 13 17450 2 17899
510 25 15521 1 16198
511 19 14614 1 15021
512 29 339 2 700
513 19 28542 2 29219
514 19 26645 1 27521
515 14 27521 3 27799
516 4 31126 1 31524
517 8 23452 1 24702
518 4 23452 2 23789
519 10 32771 2 32890
520 15 9081 3 9159
521 19 3884 1 3914
522 6 4545 2 4886
523 22 339 5 982
524 8 15553 1 15789
525 24 23614 1 24124
526 20 30730 6 30840
527 4 17647 1 18367
528 20 22275 2 22867
529 1 15521 1 16243
530 15 14175 2 14446
531 19 32483 4 33073
532 5 29783 2 30109
533 29 21463 2 21872
534 13 21872 1 22603
535 29 6423 1 7038
536 10 33420 1 33763
537 24 339 1 422
538 7 17999 2 18416
539 4 28542 3 28571
540 19 2229 1 3134
541 4 19008 2 19427
542 29 9305 1 9750
543 25 2346 1 2776
544 21 14614 1 15010
545 20 8479 1 9228
546 21 31126 1 31821
547 8 2229 1 2259
548 27 19737 3 20061
549 22 17590 2 18102
550 19 29219 1 29312
551 19 6793 3 7109
552 13 21253 1 21383
553 29 32483 1 32562
554 20 19824 5 19982
555 29 2346 2 2734
556 7 22867 4 23144
557 8 22867 1 23420
558 28 24081 4 24171
559 19 7884 1 12251
560 8 9081 2 9840
561 20 17590 1 17857
562 5 13484 2 13821
563 15 9228 1 9532
564 26 4545 6 4760
565 22 26645 3 27373
566 19 7494 1 7884
567 21 19008 2 19720
568 28 32771 2 33418
569 29 18378 1 18650
570 22 27474 5 27955
571 29 21872 1 22098
572 4 17450 3 17475
573 6 15553 5 16180
574 20 2804 1 4054
575 19 17999 1 18817
576 4 16660 2 16972
577 28 9081 1 9813
578 30 29219 1 29255
579 19 21253 3 21503
 调度评估结果
1. 任务等待评估 (Σ 等待×权重): 70425785
2. 任务完成评估 (最大完成时间): 34644
3. GPU显存空闲评估 (平均空闲): 6917.55 GB/时间片
 额外统计
已调度任务               : 579/579
平均等待时间            : 12599.50
各服务器任务分布      : 服务器1=32, 服务器2=12, 服务器3=3, 服务器4=36, 服务器5=9, 服务器6=7, 服务器7=25, 服务器8=33, 服务器9=4, 服务器10=14, 服务器11=3, 服务器12=6, 服务器13=29, 服务器14=4, 服务器15=16, 服务器16=11, 服务器17=7, 服务器18=1, 服务器19=50, 服务器20=72, 服务器21=35, 服务器22=19, 服务器24=6, 服务器25=7, 服务器26=10, 服务器27=13, 服务器28=22, 服务器29=67, 服务器30=15, 服务器31=2, 服务器32=9
