1 13 7323 1 8064
2 13 4546 2 4902
3 13 0 1 58
4 13 6759 2 7323
5 14 3987 2 4413
6 8 4226 1 4833
7 8 2858 1 2914
8 4 4546 1 5059
9 7 3774 3 4285
10 6 14646 4 15283
11 10 0 2 410
12 8 587 1 865
13 8 10123 3 10349
14 11 1728 1 2325
15 10 19401 1 19746
16 13 12693 4 12856
17 10 19746 1 20698
18 15 1728 2 1846
19 13 20184 1 20893
20 10 5460 1 5809
21 13 6276 1 6415
22 13 16171 2 17632
23 1 4208 1 4697
24 13 2858 1 3601
25 6 1119 3 1235
26 10 7642 1 8354
27 8 1214 2 1689
28 8 7798 3 8118
29 13 10854 2 10933
30 2 4546 2 4832
31 8 3987 1 4142
32 17 5533 5 5810
33 5 6415 2 6585
34 3 5533 2 6187
35 13 19401 1 19530
36 10 10933 1 12846
37 10 6759 1 7287
38 13 13971 4 14279
39 15 9755 1 10358
40 6 3774 2 4244
41 6 5460 2 5736
42 13 5460 2 6300
43 4 12856 3 13008
44 13 6415 1 6759
45 13 15711 1 16378
46 8 15711 1 16252
47 5 1844 4 2125
48 13 8863 4 9101
49 13 1119 2 1304
50 8 8272 1 8323
51 15 3774 2 3963
52 10 3987 3 4635
53 15 3867 1 4418
54 12 3867 3 4083
55 4 5460 1 6165
56 15 3987 1 4488
57 13 16171 3 16851
58 10 17632 2 17882
59 11 1214 4 1795
60 5 6276 3 6799
61 17 6415 3 7059
62 15 7323 2 8029
63 5 5460 1 6030
64 10 4902 1 5523
65 2 3867 5 4491
66 10 1728 1 2093
67 13 1844 4 2498
68 4 14797 2 15204
69 12 20184 2 20698
70 9 1279 1 1851
71 13 14797 1 15711
72 10 5460 3 5533
73 13 20893 1 21040
74 6 4546 1 5019
75 17 19746 6 20022
76 8 4142 1 4226
77 10 1844 1 2187
78 10 3240 1 3954
79 3 14646 3 15370
80 6 20184 4 20418
81 8 7287 1 7668
82 10 4902 1 5379
83 15 4902 1 5122
84 16 20184 3 20541
85 15 16171 3 16743
86 8 20184 1 20933
87 3 7798 1 8017
88 10 6276 1 6741
89 15 3240 7 3774
90 19 10933 2 11604
91 13 587 1 1119
92 10 20698 1 21258
93 11 3601 2 4015
94 10 13336 2 14646
95 1 5460 2 6184
96 13 10123 4 10854
97 15 4546 2 5053
98 9 8272 1 8443
99 6 20184 3 20471
100 10 3867 1 3964
101 10 5533 3 6276
102 12 19530 4 19718
103 13 11541 1 12693
104 2 7798 2 8482
105 5 8863 3 9408
106 13 0 2 183
107 10 7287 1 7613
108 5 13971 4 14390
109 15 7798 2 8073
110 10 19530 2 19867
111 1 5460 2 5888
112 8 3601 2 3989
113 15 12856 2 13439
114 15 17979 3 18176
115 8 8272 2 9021
116 10 15341 1 16309
117 13 19530 4 20151
118 12 3601 1 4060
119 6 14279 2 14365
120 4 5460 1 5559
121 7 1844 6 2491
122 13 2498 1 2858
123 1 10933 1 10983
124 9 3601 1 3740
125 16 14279 1 14762
126 13 15711 4 16171
127 4 19530 2 20234
128 1 1279 4 1318
129 8 10933 2 11391
130 5 14646 2 15166
131 6 17979 2 18455
132 15 7287 2 7766
133 3 12693 2 12778
134 4 3867 1 4470
135 19 12693 1 12933
136 5 7323 1 7365
137 13 7323 1 7798
138 1 410 3 596
139 6 8863 1 9405
140 20 0 4 722
141 13 9755 1 10123
142 19 7323 2 7946
143 13 1214 1 1844
144 15 3774 2 4024
145 5 4546 4 4656
146 15 1279 3 1728
147 10 3642 2 3867
148 13 7798 2 8272
149 13 17979 2 19401
150 10 14646 1 16670
151 4 10123 1 10855
152 15 410 4 1279
153 13 3601 1 4208
154 10 19746 1 19996
155 18 14646 4 14719
156 8 11541 3 11852
157 11 17979 4 18492
158 13 4902 1 5460
159 15 8863 1 9466
160 13 10933 4 11541
161 10 17632 2 18071
162 13 18071 4 18712
163 8 19401 2 19865
164 15 14646 6 14795
165 5 16171 1 16405
166 13 4208 3 4546
167 20 3601 3 4274
168 1 10933 2 11360
169 13 14279 1 14797
170 11 0 3 217
171 13 13260 1 13971
172 13 17632 1 17979
173 13 5460 1 5845
174 13 19530 3 20184
175 6 12846 3 13222
176 10 18071 1 18324
177 8 14646 2 14718
178 8 5498 1 5728
179 15 10933 1 11405
180 11 4226 2 4552
181 5 12846 4 13000
182 10 1119 1 1507
183 13 1119 3 1214
184 10 7287 3 7642
185 13 4546 1 5208
186 13 12693 2 13260
187 8 587 1 781
188 11 0 1 322
189 13 10123 3 10386
190 10 587 1 800
191 5 18071 1 18315
192 10 2498 3 3240
193 17 17632 3 17953
194 13 16171 1 16514
195 10 3867 4 3987
196 5 3774 3 4279
197 7 0 5 27
198 15 13260 2 13414
199 10 3240 5 3642
200 13 12856 1 13535
201 13 8272 3 8863
202 10 12846 1 13336
203 8 4902 3 5498
204 12 13971 2 14504
205 19 4902 1 5306
206 15 20184 6 20488
207 12 13260 2 13646
208 15 1728 4 2247
209 13 0 2 98
210 8 17979 3 18412
211 20 14797 1 15201
212 5 7798 3 8049
213 3 12846 3 12909
214 15 5460 2 6156
215 13 5460 2 5637
216 10 410 1 439
217 15 19746 1 19892
218 15 16743 3 17303
219 8 12693 1 13099
220 5 19401 1 20098
221 15 17979 3 18419
222 13 183 2 587
223 8 3987 2 4028
224 13 5460 1 5673
225 13 14279 1 14706
226 13 9101 6 9755
227 17 14646 1 14902
228 8 16743 1 17164
229 10 14797 3 15341
 调度评估结果
1. 任务等待评估 (Σ 等待×权重): 10689234
2. 任务完成评估 (最大完成时间): 21258
3. GPU显存空闲评估 (平均空闲): 3785.59 GB/时间片
 额外统计
已调度任务               : 229/229
平均等待时间            : 4674.96
各服务器任务分布      : 服务器1=7, 服务器2=3, 服务器3=5, 服务器4=8, 服务器5=15, 服务器6=11, 服务器7=3, 服务器8=25, 服务器9=3, 服务器10=37, 服务器11=7, 服务器12=6, 服务器13=56, 服务器14=1, 服务器15=27, 服务器16=2, 服务器17=5, 服务器18=1, 服务器19=4, 服务器20=3
