1 5 7964 2 8021
2 7 7717 1 7964
3 4 1418 2 1726
4 3 9587 3 9650
5 4 10892 3 11424
6 1 8735 3 8913
7 8 6131 3 6360
8 1 9587 5 9635
9 1 8624 2 9199
10 3 7717 1 7955
11 5 8624 3 9032
12 2 10276 1 10689
13 4 8735 2 9169
14 1 7964 4 8430
15 3 1418 1 1819
16 1 9169 3 9540
17 4 5375 1 5515
18 3 95 1 533
19 6 6131 4 6581
20 4 7127 1 7717
21 3 10892 2 10926
22 8 7127 6 7750
23 1 10892 3 11280
24 3 11534 4 11788
25 7 9604 4 9961
26 7 9587 1 9604
27 6 4 4 413
28 4 2892 3 3221
29 4 11534 3 11768
30 5 7127 4 7176
31 4 8624 2 8735
32 4 1726 1 2892
33 4 5515 1 6131
34 3 602 3 1200
35 8 11768 3 12355
36 7 7964 3 8131
37 4 6131 2 6443
38 6 86 1 236
39 4 9604 1 10184
40 4 9169 1 9587
41 8 7964 6 8195
42 4 82 2 602
43 4 602 1 1418
44 4 10276 3 10826
45 3 6131 4 6349
46 3 7717 1 7981
47 4 9587 1 10046
48 1 9169 1 9405
49 4 602 1 650
50 4 7964 1 8624
51 3 5515 1 5934
52 2 9604 2 9893
53 2 10276 1 10351
54 1 1726 2 1997
55 8 602 4 1084
56 4 6265 1 7127
57 4 11768 3 12409
58 8 9587 1 10195
59 7 9587 2 9897
60 4 7717 3 7817
61 4 1726 4 1813
62 1 7717 2 7934
63 3 10892 2 11532
64 4 8735 1 8956
65 4 10892 1 11033
66 7 7127 2 7659
67 7 602 1 627
68 1 9587 2 9642
69 4 10892 3 11534
70 4 10826 1 10892
71 6 8624 1 8735
72 4 3221 1 5375
73 3 2892 2 3449
74 5 2892 2 2923
75 6 7127 1 7736
76 4 6131 2 6265
77 3 10892 3 11532
78 4 8 1 284
79 7 6131 1 6163
80 4 7964 2 8091
81 1 9642 5 10048
82 3 1726 3 1811
83 2 9893 1 10276
84 3 1418 1 1712
85 4 7127 3 7507
86 5 602 4 870
 调度评估结果
1. 任务等待评估 (Σ 等待×权重): 4754571
2. 任务完成评估 (最大完成时间): 12409
3. GPU显存空闲评估 (平均空闲): 2220.56 GB/时间片
 额外统计
已调度任务               : 86/86
平均等待时间            : 5541.06
各服务器任务分布      : 服务器1=11, 服务器2=4, 服务器3=15, 服务器4=32, 服务器5=5, 服务器6=5, 服务器7=8, 服务器8=6
