1 33 3349 4 3828
2 33 8697 1 9208
3 5 6052 3 6282
4 29 10538 1 11657
5 18 4818 1 5321
6 46 763 4 932
7 11 9064 3 9524
8 41 3078 2 3712
9 24 4432 2 4559
10 41 5696 1 5900
11 37 11856 2 12084
12 28 4721 1 5785
13 44 6700 2 6817
14 9 10735 1 10947
15 32 8697 5 8978
16 24 5696 3 6203
17 44 2220 1 2555
18 18 11344 1 11583
19 29 215 3 453
20 18 2804 1 3432
21 41 2777 1 2824
22 46 11286 8 11444
23 31 8697 1 8752
24 11 4320 1 4555
25 29 11939 3 12314
26 41 10735 1 11286
27 20 1116 4 1653
28 28 8551 1 8854
29 1 9416 3 9468
30 18 5721 2 6223
31 29 1245 2 1747
32 28 4540 1 5623
33 19 5704 1 5907
34 6 7777 3 8252
35 14 5278 3 5439
36 48 10037 3 10322
37 35 5704 1 6074
38 11 10516 3 10819
39 29 3432 2 3888
40 33 2723 1 3045
41 24 9680 4 9936
42 26 9899 1 10279
43 29 9486 2 10224
44 41 7530 2 7892
45 18 3432 2 3644
46 24 11411 1 11752
47 8 6859 3 6952
48 29 8111 3 8456
49 37 6052 1 6086
50 33 7761 5 8207
51 41 6651 6 6999
52 18 9731 1 10253
53 18 9416 3 9794
54 21 1027 2 1263
55 6 2481 4 3030
56 41 279 1 692
57 28 2820 2 3063
58 37 2106 1 2652
59 48 3685 1 3876
60 41 2254 3 2767
61 17 10921 2 11436
62 37 900 1 1053
63 17 7193 1 7358
64 18 4504 1 5219
65 9 3189 1 3357
66 18 1810 2 2349
67 17 5329 3 5641
68 5 37 2 524
69 29 8697 1 9153
70 15 3564 5 3724
71 21 8853 3 9099
72 24 2237 6 2361
73 41 853 1 993
74 9 11632 1 11937
75 6 780 1 1209
76 31 9941 1 10474
77 17 11179 1 11261
78 33 4432 1 4945
79 25 2883 4 2955
80 28 6861 3 6885
81 9 2276 4 2685
82 46 1029 1 1358
83 17 993 1 1352
84 41 845 4 980
85 24 6129 5 6595
86 28 11632 7 11740
87 26 9935 2 10051
88 46 4611 3 4796
89 41 8243 1 8373
90 48 3786 2 4261
91 9 11783 2 12164
92 28 3644 1 3902
93 41 993 2 1310
94 9 4584 1 5155
95 40 4215 1 4489
96 8 2730 3 2959
97 44 1788 3 1991
98 25 5278 4 5392
99 28 6756 1 6821
100 28 2023 2 2525
101 10 11286 2 11483
102 17 8100 1 8382
103 41 1498 1 1669
104 41 2744 1 3078
105 14 7204 4 7644
106 24 1381 3 1470
107 49 5696 1 5867
108 9 4215 2 4721
109 37 3307 1 3694
110 12 4719 1 4768
111 29 5696 2 5724
112 44 6941 1 7172
113 14 1948 3 2138
114 33 75 3 557
115 12 9133 3 9243
116 24 3507 1 3859
117 28 762 3 1092
118 20 4544 5 4755
119 44 11939 1 12088
120 3 10990 1 11293
121 44 10254 1 10457
122 48 4215 1 4322
123 41 7658 1 7960
124 40 10001 1 10135
125 35 9029 3 9260
126 44 426 1 641
127 14 7711 2 7944
128 15 7951 5 8162
129 41 730 1 790
130 31 4432 3 4775
131 10 2474 1 2735
132 24 9938 6 10178
133 20 10377 2 10925
134 45 6644 1 6892
135 5 3475 1 4144
136 12 8854 2 8900
137 8 9488 3 9921
138 18 11939 1 12481
139 20 9180 2 9321
140 9 1905 2 1997
141 28 1244 2 1504
142 9 1300 1 1536
143 41 9290 1 9833
144 44 3786 1 4231
145 6 1363 2 1855
146 49 1316 2 1591
147 18 3126 1 3340
148 33 10988 1 11466
149 33 11681 1 11808
150 14 868 1 1015
151 3 9446 1 9986
152 41 100 3 250
153 15 8697 2 8864
154 17 5000 1 5854
155 44 8021 1 8265
156 20 681 2 1124
157 18 9873 1 10216
158 15 4443 5 4639
159 41 993 1 2237
160 10 3475 1 3530
161 18 3644 2 3902
162 3 5278 1 5421
163 9 3612 1 4075
164 25 9743 2 10000
165 41 11876 1 12072
166 28 1116 3 1694
167 17 10229 2 10691
168 6 4215 1 4333
169 41 5278 3 5792
170 18 9156 1 9416
171 49 6053 1 6074
172 44 2349 1 2844
173 44 6251 2 6485
174 29 1937 3 2352
175 47 6694 2 6884
176 37 5768 1 5851
177 14 8190 1 8362
178 41 10607 1 10898
179 23 8697 1 8824
180 6 8697 2 8765
181 33 10110 2 10180
182 18 2091 1 2618
183 17 2438 1 2569
184 46 5278 2 5704
185 31 5278 1 5414
186 9 10002 1 10270
187 41 4029 1 4666
188 9 9667 4 9746
189 14 9313 2 9520
190 6 5278 1 5298
191 19 6462 2 6898
192 44 9156 1 9582
193 44 1008 4 1156
194 28 6052 1 6289
195 47 104 3 551
196 41 4113 1 5391
197 17 11939 1 12224
198 23 4595 3 4822
199 29 7405 1 7789
200 18 1754 1 1830
201 28 11179 5 11440
202 9 11015 1 11247
203 18 8697 1 9191
204 25 7088 4 7540
205 21 3432 1 3897
206 9 2220 1 2243
207 27 2168 2 2536
208 28 6129 1 6161
209 8 3167 2 3614
210 41 256 1 790
211 7 11939 1 12303
212 18 955 1 1176
213 11 9651 3 9709
214 17 10735 1 10892
215 31 1386 1 1449
216 44 3574 2 4035
217 6 9064 1 9436
218 41 6594 1 6637
219 24 474 1 566
220 49 290 5 339
221 6 6516 3 6760
222 46 1624 3 2073
223 18 2631 2 3011
224 46 11740 1 12067
225 24 3876 4 4205
226 17 10997 2 11562
227 17 7126 1 7258
228 11 5293 2 5397
229 10 8853 1 8999
230 44 5928 1 6117
231 17 5900 1 6052
232 28 7402 1 7717
233 28 2809 1 3181
234 30 11959 2 12168
235 17 4589 1 5322
236 17 4432 1 4451
237 41 8375 4 8385
238 17 3167 3 3645
239 18 7122 1 7152
240 10 1244 3 1671
241 40 3644 2 3938
242 9 10449 6 10735
243 18 2020 1 2067
244 35 6117 2 6215
245 5 7280 1 7597
246 8 2168 3 2543
247 25 7918 3 8320
248 12 2505 3 2814
249 10 6628 1 6829
250 44 6111 1 6279
251 24 1503 1 1540
252 5 10778 2 10835
253 5 4215 1 5815
254 20 11256 4 11450
255 31 4820 2 4908
256 41 6283 1 6397
257 15 6052 1 6557
258 9 7073 1 7372
259 31 1467 2 1898
260 44 2058 1 2290
261 28 8933 2 9382
262 17 7768 2 8044
263 31 1117 3 1322
264 41 11286 1 11828
265 44 8697 3 8955
266 34 3672 3 3916
267 48 9474 2 9656
268 3 11982 1 12452
269 37 407 3 862
270 49 6462 2 6666
271 18 3157 1 3876
272 18 9986 1 10259
273 20 4721 1 4751
274 3 932 1 1362
275 6 6569 1 6871
276 20 8904 2 8961
277 14 3475 2 3857
278 8 7372 1 7723
279 18 5293 2 5715
280 24 5704 1 6053
281 47 6001 1 6075
282 9 8551 1 8962
283 17 1467 1 2168
284 10 5293 1 5544
285 44 4113 5 4655
286 33 10220 5 10660
287 28 9535 4 9789
288 44 1128 2 1459
289 10 4432 2 4898
290 32 761 6 1045
291 6 8346 1 8606
292 17 6928 2 7409
293 34 357 3 462
294 18 1095 2 1503
295 9 4767 2 5278
296 17 7396 2 7859
297 37 8853 2 9311
298 9 820 2 1212
299 46 4821 1 5182
300 23 5792 2 6240
301 18 1467 1 1696
302 20 11273 3 11636
303 6 11733 1 12222
304 18 2329 2 2573
305 44 5704 2 5880
306 28 5696 2 6001
307 28 5322 2 5539
308 11 4113 2 4638
309 17 1116 4 1337
310 1 7166 2 7511
311 17 11286 1 11597
312 28 10457 1 10804
313 20 1733 5 1780
314 17 10182 1 11041
315 9 9774 2 10060
316 15 3786 5 3814
317 18 6816 1 6907
318 46 8109 1 8336
319 31 6474 3 7021
320 41 11632 1 11876
321 1 10059 1 10222
322 41 10478 1 10605
323 5 673 3 1515
324 18 3644 1 6540
325 18 406 2 527
326 11 10333 1 10363
327 37 2930 1 3250
328 6 60 1 450
329 18 2434 3 2603
330 10 11939 1 11995
331 17 381 2 430
332 44 7901 2 8112
333 10 178 3 520
334 33 1467 1 2442
335 19 11195 1 11641
336 5 9903 1 10778
337 49 8697 1 8956
338 28 7390 2 7743
339 17 4869 4 5272
340 44 11002 1 11398
341 5 6951 3 7231
342 33 5278 1 5357
343 41 7094 2 7550
344 47 11344 3 11603
345 9 5917 1 6152
346 10 5696 2 6217
347 35 6904 2 7039
348 44 11740 1 12126
349 9 2650 1 3177
350 9 1943 4 2222
351 18 4432 1 4855
352 9 11939 2 12481
353 14 2461 2 2551
354 24 11632 1 11933
355 17 9992 2 10379
356 44 7104 6 7553
357 17 9105 1 9952
358 47 7902 3 8216
359 5 6462 1 6987
360 7 11939 5 12003
361 20 3786 3 4047
362 25 1914 3 2380
363 9 10260 1 10689
364 9 10067 2 10277
365 25 18 4 77
366 44 8190 3 8394
367 17 8551 3 9092
368 44 6179 2 6199
369 44 4733 3 4778
370 44 207 3 660
371 18 3876 1 4453
372 37 38 1 327
373 33 15 1 66
374 18 11939 1 13421
375 10 4656 2 5200
376 24 4029 1 4551
377 17 11273 1 11395
378 21 4215 1 4514
379 10 7618 2 8059
380 28 4432 3 4610
381 46 2112 1 2159
382 9 11756 1 11779
383 40 10535 1 10725
384 41 7909 1 8207
385 14 10921 2 11101
386 37 9932 2 10000
387 9 2082 1 2547
388 26 9646 3 9854
389 33 9416 3 9872
390 14 2973 4 3359
391 41 5696 2 5879
392 17 4523 2 4969
393 44 2168 2 2553
394 32 10316 1 10843
395 41 9934 1 10353
396 18 11707 1 11919
397 17 9466 1 10006
398 18 10969 1 11030
399 24 6462 3 6515
400 20 993 3 1020
401 37 8697 1 8746
402 20 5819 1 6366
403 44 8697 3 9044
404 12 9545 2 9805
405 10 3672 4 4075
406 17 2321 2 2588
407 17 7113 2 7187
408 31 9360 1 9773
409 17 1467 1 1867
410 5 10974 1 11483
411 27 9730 2 10142
412 18 10612 2 10876
413 44 6661 1 7054
414 8 7839 1 7906
415 28 2220 1 2643
416 9 22 1 775
417 40 5278 2 5710
418 17 3273 1 4432
419 17 10481 1 10992
420 41 1681 1 1967
421 33 11939 3 12026
422 18 11856 1 12373
423 49 10188 2 10633
424 28 1703 2 2058
425 17 3876 2 3939
426 33 5696 2 5832
427 18 9074 1 9156
428 18 9064 1 9673
429 33 3828 3 4143
430 41 4767 1 5025
431 24 1710 7 2049
432 11 9583 1 9915
433 14 10570 3 10789
434 18 10268 1 10622
435 18 681 1 1268
436 17 5322 1 5530
437 44 731 2 985
438 17 2168 1 2757
439 37 1348 2 1615
440 46 5278 1 5803
441 9 7843 1 8388
442 3 3475 1 3543
443 9 922 2 1015
444 46 8697 1 9245
445 17 5278 1 5329
446 28 5562 1 5903
447 47 2553 1 2860
448 10 9958 1 10117
449 11 5278 1 5600
450 17 1426 1 1467
451 19 7562 1 8000
452 18 6462 1 6816
453 33 1094 1 1438
454 28 11026 1 11507
455 9 7946 1 9164
456 41 9051 2 9458
457 18 11344 2 11856
458 8 3644 1 3874
459 44 9169 1 9526
460 44 8551 1 8601
461 37 4432 2 4934
462 34 11740 3 12277
463 17 6052 1 6529
464 18 7387 1 7463
465 17 3672 2 4485
466 4 1794 2 1962
467 20 8869 2 9305
468 18 7126 3 7416
469 31 10532 2 10617
470 41 6462 1 6524
471 18 11273 1 11294
472 19 2058 1 2570
473 18 6939 2 7109
474 5 7695 4 7980
475 21 9638 7 10012
476 29 7803 3 7979
477 19 8854 1 9229
478 18 4441 1 4719
479 3 11123 2 11454
480 41 8317 1 9252
481 12 10924 3 11005
482 12 6283 1 6575
483 44 5347 5 5498
484 18 8190 2 8559
485 6 9625 2 9823
486 17 4432 2 4568
487 46 7516 2 8060
488 14 2946 1 3232
489 41 2838 3 3196
490 18 6638 2 7031
491 12 3478 1 3882
492 9 3786 4 4113
493 18 7181 2 7461
494 41 11939 1 12399
495 18 5833 1 6104
496 33 4175 1 4332
497 44 10612 3 10822
498 49 358 1 848
499 20 10497 3 10989
500 28 11133 1 11632
501 24 812 5 1013
502 17 2168 2 2319
503 28 6996 1 7227
504 3 6700 1 6968
505 5 8697 1 9334
506 28 778 1 1116
507 41 6865 2 7352
508 23 818 1 872
509 28 3507 2 3691
510 9 9625 2 9774
511 18 2390 1 2776
512 25 9168 2 9537
513 28 9575 1 10921
514 1 7914 3 7986
515 10 6462 3 6556
516 18 1176 1 1689
517 46 1545 1 1597
518 24 5328 2 5538
519 41 10021 3 10192
520 6 5696 1 6145
521 24 383 1 695
522 17 443 1 592
523 11 5900 3 6122
524 10 5293 3 5493
525 28 10956 1 11044
526 31 3432 2 3539
527 9 5278 1 5915
528 20 445 2 965
529 15 6858 1 7093
530 14 5696 2 5787
531 20 11740 3 12099
532 17 178 2 378
533 18 1944 3 2386
534 11 8853 2 9052
535 21 5696 6 6219
536 41 7590 1 8017
537 8 6503 4 6637
538 7 10921 1 11093
539 42 9029 6 9093
540 29 4029 1 4503
541 6 7690 2 7718
542 3 2385 1 2693
543 20 1136 2 1256
544 41 3786 3 3849
545 7 11397 5 11583
546 9 11247 2 11742
547 21 7806 1 8039
548 40 9758 2 10088
549 44 6495 1 6880
550 18 2590 1 2883
551 6 8853 3 9039
552 5 1698 1 2534
553 33 6283 2 6517
554 37 7862 2 7939
555 17 592 1 681
556 28 2058 1 2220
557 10 10527 3 10614
558 1 4432 2 4556
559 35 5278 2 5338
560 44 1300 1 1746
561 10 6462 2 6798
562 17 2758 1 3273
563 10 4215 1 4252
564 18 10969 1 11174
565 18 11740 1 12140
566 21 11275 6 11524
567 41 6283 1 6720
568 41 1347 1 1681
569 5 9416 1 9616
570 21 341 1 861
571 46 9943 1 10475
572 10 3473 4 3562
573 17 5641 1 6111
574 41 3849 1 4029
575 28 9844 3 10291
576 46 6199 6 6732
577 18 10253 1 10314
578 40 8697 1 8848
579 17 3833 3 3842
580 31 7709 2 8206
581 37 5278 1 5707
582 12 7861 1 8273
583 19 1480 1 1817
584 44 1157 2 1252
585 11 6129 3 6420
586 17 8853 1 9428
587 23 8853 3 8867
588 15 2062 2 2483
589 7 7752 1 8032
590 18 7156 1 7325
591 31 4920 1 5310
592 9 1097 2 1645
593 41 4215 4 4564
594 1 1499 1 1796
595 17 5069 1 5442
596 10 10658 5 10768
597 41 3273 1 3786
598 10 6956 2 7100
599 9 7789 2 7918
600 14 6597 2 7105
601 41 4666 2 4767
602 17 7233 1 7678
603 24 6608 1 6823
604 28 4270 3 4855
605 40 11740 3 11891
606 37 7118 1 7209
607 14 6462 2 6547
608 6 5329 1 5378
609 31 7119 5 7391
610 9 11095 2 11475
611 40 1566 1 2019
612 35 4113 1 4363
613 41 5403 1 5696
614 19 4441 1 4910
615 3 5696 1 6241
616 20 1130 1 1652
617 28 7227 1 8420
618 28 1467 1 1948
619 46 2458 3 2693
620 35 6462 2 6614
621 28 4022 3 4536
622 44 10612 1 10868
623 17 8697 1 8853
624 7 6129 4 6537
625 1 9961 1 10249
626 35 1695 2 2106
627 48 5278 2 5498
628 10 9509 1 9892
629 8 8697 2 9200
630 44 8370 1 8578
631 46 6919 2 7396
632 17 11632 1 12145
633 9 1244 1 1300
634 28 8945 3 9382
635 18 7721 1 8123
636 32 8697 1 8987
637 18 11174 1 11273
638 10 10253 1 10712
639 7 6692 5 7169
640 24 6222 2 6579
641 41 221 1 807
642 19 9486 1 9584
643 48 9486 2 9653
644 9 4270 1 4573
645 28 3307 1 3507
646 5 11939 3 11954
647 47 5696 1 5858
648 28 11740 8 11957
649 29 6668 1 6708
650 18 10735 2 11179
651 28 6171 3 6264
652 18 8190 1 8697
653 1 9680 5 9813
654 11 7113 1 7120
655 27 5844 1 6267
656 3 5329 2 5719
657 17 6608 3 6919
658 30 5704 3 5969
659 33 9977 1 9985
660 10 1689 4 1814
661 29 6462 1 6541
662 7 3475 4 3617
663 14 9529 1 10027
664 28 8854 2 8911
665 17 6111 4 6524
666 41 4623 1 5430
667 49 9254 4 9387
668 21 10921 3 11102
669 28 3786 2 4270
670 25 9095 2 9502
671 3 11740 2 11928
672 37 9850 3 9924
673 44 11286 2 11668
674 44 5704 4 6090
675 41 9486 1 9795
676 9 1467 1 1817
677 37 10921 3 11413
678 10 11344 3 11536
679 17 8853 1 9138
680 17 7872 1 8616
681 47 2484 2 2533
682 17 2643 2 3167
683 40 7955 1 8347
684 44 1340 1 1423
685 28 3078 4 3307
686 9 6362 2 6906
687 17 1882 2 1896
688 10 859 2 1244
689 46 783 2 986
690 24 9889 1 10188
691 46 5704 1 6147
692 7 1889 5 2050
693 37 1915 1 2073
694 28 4888 2 5113
695 9 4215 3 4673
696 33 6532 1 7415
697 5 8102 1 8190
698 28 230 4 632
699 28 9452 1 9495
700 49 11856 1 12350
701 7 8853 4 8970
702 40 3432 1 3578
703 41 7977 4 8317
704 49 3876 1 4243
705 20 5771 2 5835
706 10 681 4 755
707 8 2111 1 2565
708 45 4544 1 4657
709 28 9416 1 9528
710 19 4215 1 4412
711 10 4113 2 4605
712 15 5329 2 5464
713 6 6940 2 7302
714 34 7749 1 8023
715 29 4832 1 5414
716 11 10149 1 10586
717 18 5278 1 5293
718 20 10470 2 10477
719 41 4594 2 4621
720 33 5832 4 6282
721 9 5278 2 5764
722 44 5330 1 5369
723 35 3672 1 4152
724 20 6129 1 6428
725 9 1575 1 1935
726 18 1689 2 1893
727 28 215 2 748
728 7 8853 1 9348
729 40 7040 1 7227
730 17 3432 2 3672
731 11 5704 6 6201
732 28 10921 1 10954
733 24 7074 5 7091
734 23 1126 1 1343
735 18 8190 3 8675
736 18 3167 1 3342
737 3 8853 1 9198
738 20 773 2 1024
739 4 3672 1 3901
740 24 7606 1 8003
741 29 6821 2 6951
742 13 1823 8 2131
743 49 2466 2 2626
744 28 9029 1 9575
745 4 11179 1 11498
746 25 3157 2 3186
747 41 10228 1 11489
748 11 3828 1 4310
749 17 11056 1 11166
750 37 9486 1 9551
751 3 7872 2 8286
752 10 11740 2 11930
753 44 11740 4 12017
754 28 8190 4 8551
755 44 265 1 608
756 44 690 2 1061
757 31 1300 2 1634
758 24 7414 2 7439
759 19 3307 2 3320
760 20 4549 1 4689
761 17 2783 3 3248
762 49 4721 2 4996
763 28 2804 1 4022
764 20 3786 4 4099
765 17 260 1 462
766 28 5765 4 6203
767 40 9468 1 9692
768 28 4941 2 5708
769 10 907 2 1020
770 45 11740 2 12073
771 17 11562 4 11939
772 17 681 1 1227
773 44 4215 2 4627
774 10 10081 2 10318
775 17 1930 1 2427
776 30 2081 1 2438
777 37 6663 1 7009
778 18 1280 1 1454
779 17 9145 2 9446
780 8 4510 4 4955
781 10 67 2 603
782 28 2243 2 2550
783 44 2009 4 2149
784 18 1897 1 1942
785 29 5696 1 6127
786 17 7564 3 7622
787 29 10329 2 10368
788 17 4529 1 4854
789 34 9950 4 9975
790 28 7748 1 8092
791 18 5321 1 5798
792 9 7372 1 7696
793 19 2784 1 3212
794 31 6118 5 6334
795 41 4029 3 4176
796 28 9963 2 11449
797 18 2883 1 3157
798 28 4391 1 4680
799 49 5278 1 5423
800 9 8853 3 9119
801 6 3672 2 4027
802 18 10450 2 10573
803 44 10322 2 10730
804 41 5948 4 6201
805 18 6188 1 6462
806 18 11179 2 11344
807 46 3398 4 3720
808 44 1856 2 2030
809 41 9029 1 9486
810 21 8853 4 9209
811 49 7697 4 8071
812 9 5915 3 6285
813 23 681 2 801
814 18 1840 2 2315
815 14 8697 2 9143
816 5 8190 4 8674
817 9 4113 4 4215
818 17 7876 1 9099
819 29 11939 3 12068
820 46 71 1 611
821 9 2690 2 3126
822 28 10921 3 11003
823 18 8697 1 9066
824 48 3876 1 3960
825 18 7648 2 8190
826 7 787 5 923
827 12 10302 2 10824
828 12 5355 2 5862
829 44 6462 2 6645
830 4 9588 1 9600
831 18 8697 1 9064
832 44 117 2 394
833 5 9767 1 9856
834 32 4215 2 4558
835 29 2883 1 3042
836 34 5278 1 5582
837 9 4721 1 5272
838 44 11351 1 11857
839 23 5278 3 5428
840 9 9189 1 9625
841 28 8317 1 8977
842 10 10283 1 10320
843 33 9311 2 9330
844 6 3432 1 3653
845 6 899 1 1011
846 42 10259 6 10502
847 47 8551 1 8689
848 9 6941 1 7073
849 37 6200 1 6579
850 41 796 2 848
851 18 3968 2 4441
852 17 9446 3 10064
853 28 1120 2 1162
854 17 6576 1 7040
855 41 7372 1 7482
856 3 4432 3 4745
857 25 126 4 596
858 1 11967 3 12114
859 10 8853 1 9350
860 28 1011 1 1157
861 28 4657 3 4743
862 17 681 1 1033
863 11 8853 1 9029
864 26 9726 1 10064
865 35 7946 1 8356
866 41 2364 4 2742
867 28 6001 2 6129
868 5 11632 4 11869
869 37 6671 1 6734
870 11 9762 2 10309
871 21 6511 2 6726
872 9 9776 3 9915
873 33 2679 2 2684
874 15 9563 1 9848
875 41 10916 1 11375
876 31 11939 2 12218
877 24 3644 2 4002
878 11 5713 3 5870
879 5 2538 2 3475
880 3 3644 1 3708
881 29 4537 1 4761
882 30 11740 2 11814
883 44 1482 3 1635
884 3 6462 1 6696
885 1 10266 2 10521
886 9 3126 3 3534
887 44 4507 1 4640
888 9 3432 3 3748
889 46 9458 2 9549
890 41 5900 1 6283
891 23 11939 3 12099
892 28 5278 3 5314
893 6 2385 2 2402
894 17 3167 2 3340
895 18 436 1 955
896 31 681 3 754
897 18 10505 1 10612
898 44 10735 2 11097
899 17 6946 3 7221
900 11 9102 3 9628
901 20 11740 1 12202
902 41 8697 2 9029
903 28 5708 2 5765
904 8 5696 3 5713
905 37 1261 2 1745
906 6 6283 2 6423
907 31 11286 3 11677
908 17 681 2 809
909 37 9416 2 9641
910 41 2087 1 3047
911 28 3842 3 4240
912 32 1553 6 1937
913 40 8870 1 9179
 调度评估结果
1. 任务等待评估 (Σ 等待×权重): 239794
2. 任务完成评估 (最大完成时间): 13421
3. GPU显存空闲评估 (平均空闲): 11326.06 GB/时间片
 额外统计
已调度任务               : 913/913
平均等待时间            : 59.12
各服务器任务分布      : 服务器1=10, 服务器3=17, 服务器4=4, 服务器5=21, 服务器6=24, 服务器7=12, 服务器8=13, 服务器9=57, 服务器10=36, 服务器11=20, 服务器12=11, 服务器13=1, 服务器14=18, 服务器15=10, 服务器17=80, 服务器18=83, 服务器19=12, 服务器20=26, 服务器21=12, 服务器23=9, 服务器24=27, 服务器25=11, 服务器26=4, 服务器27=3, 服务器28=71, 服务器29=22, 服务器30=4, 服务器31=20, 服务器32=6, 服务器33=25, 服务器34=6, 服务器35=10, 服务器37=26, 服务器40=14, 服务器41=69, 服务器42=2, 服务器44=59, 服务器45=3, 服务器46=23, 服务器47=9, 服务器48=8, 服务器49=15
