1 5 2145 2 2302
2 3 1606 1 1630
3 2 553 1 666
4 5 533 1 674
5 6 639 1 645
6 5 1539 1 1727
7 4 36 2 109
8 3 80 2 233
9 4 537 1 787
10 2 1919 2 1927
11 2 243 1 507
12 2 1342 1 1597
13 5 2020 2 2130
14 3 2195 1 2327
15 4 1680 2 1696
16 2 1274 2 1349
17 3 904 1 1137
18 4 35 1 205
19 3 89 1 377
20 2 1097 1 1368
21 3 2162 1 2428
22 4 1457 2 1692
23 3 1267 1 1489
24 6 770 1 889
25 2 1734 1 1737
26 5 1087 1 1264
27 6 1564 1 1682
28 3 628 1 896
29 6 631 1 871
30 2 506 2 707
31 2 1752 1 1816
32 4 1795 2 2036
33 4 1373 1 1553
34 1 1513 2 1697
35 3 1457 1 1579
36 4 630 1 724
37 2 1730 1 1950
38 2 280 1 496
39 3 1148 1 1333
40 2 352 1 605
41 3 1342 2 1468
42 3 837 1 911
43 2 1906 1 2020
44 3 1342 1 1540
45 3 1399 1 1410
46 5 471 2 628
47 3 1507 1 1658
48 4 1798 1 1927
49 3 902 1 1184
50 3 112 1 299
51 5 50 2 178
52 4 2210 2 2280
53 4 2087 1 2151
54 4 1973 1 2224
55 4 952 1 1135
56 4 2047 1 2308
57 2 2470 1 2708
58 2 1410 1 1417
59 3 1212 1 1303
60 3 1444 1 1643
61 4 214 1 425
62 2 2267 1 2350
63 4 1442 1 1681
64 4 964 1 1254
65 6 2328 1 2560
66 2 2280 2 2371
67 4 437 2 527
68 2 2028 1 2107
69 2 1460 2 1612
70 2 1746 1 1748
71 2 2348 2 2551
72 3 937 1 1186
73 3 1065 2 1312
74 2 1495 1 1618
75 4 280 1 426
76 4 2314 2 2425
77 4 579 1 772
 调度评估结果
1. 任务等待评估 (Σ 等待×权重): 0
2. 任务完成评估 (最大完成时间): 2708
3. GPU显存空闲评估 (平均空闲): 2504.90 GB/时间片
 额外统计
已调度任务               : 77/77
平均等待时间            : 0.00
各服务器任务分布      : 服务器1=1, 服务器2=22, 服务器3=21, 服务器4=21, 服务器5=7, 服务器6=5
