1 47 11397 2 12200
2 45 28494 1 29433
3 72 45253 4 45762
4 65 19457 1 20351
5 8 7058 1 7987
6 64 5436 1 5810
7 70 17716 2 18263
8 51 35267 1 35862
9 15 1038 1 2462
10 72 42944 3 43361
11 74 1937 1 2781
12 13 11810 1 12637
13 51 40049 1 40373
14 7 20949 1 21188
15 57 32207 1 32967
16 39 21779 1 21929
17 68 18251 2 18467
18 12 11058 1 11519
19 79 38712 1 38799
20 15 5641 1 5779
21 31 24776 2 25401
22 45 18251 3 19227
23 37 19072 1 19619
24 30 15666 1 16389
25 46 2220 3 2762
26 13 19072 3 19730
27 50 8135 1 8777
28 54 32701 1 33694
29 60 27522 1 28472
30 41 2324 1 3301
31 20 41758 1 42482
32 79 30414 4 30888
33 20 31189 1 31876
34 57 771 1 1501
35 7 18251 1 18459
36 70 24776 1 24965
37 53 6807 1 6900
38 26 40356 4 40925
39 15 43725 1 44704
40 18 3676 1 4101
41 37 22618 1 23143
42 47 40356 3 40469
43 70 32655 1 33185
44 9 24102 1 24904
45 55 19850 1 20009
46 70 41009 1 41307
47 15 11923 1 12387
48 69 24213 2 24630
49 3 13544 2 14382
50 68 19086 1 20002
51 68 16982 1 17843
52 60 39816 1 40305
53 63 6893 2 7426
54 58 30838 3 31808
55 80 44285 4 44488
56 63 23289 1 23435
57 39 38580 1 39117
58 15 31876 1 32749
59 55 17716 3 17882
60 43 32207 4 32450
61 67 19850 1 20566
62 51 39327 1 39478
63 10 17790 1 18126
64 18 8135 2 8795
65 61 5913 2 6660
66 35 34972 1 36175
67 61 43725 2 44330
68 15 40883 1 41630
69 47 10938 2 11231
70 59 23269 1 23531
71 68 25097 2 25849
72 66 956 1 1190
73 20 3403 1 4113
74 83 33338 1 34081
75 74 33732 1 34350
76 51 26163 2 27080
77 74 3685 4 4164
78 74 39327 1 39621
79 82 10352 4 11041
80 45 45063 3 45605
81 1 11396 1 11491
82 41 18251 1 18999
83 21 32701 1 32938
84 28 20949 1 21467
85 26 39816 4 40005
86 37 25607 3 26024
87 56 40356 1 40515
88 56 37937 2 38070
89 34 29749 5 30690
90 25 771 3 1247
91 15 30555 1 31876
92 20 11923 2 12395
93 52 16474 2 17004
94 68 8363 1 8932
95 16 38747 1 38855
96 41 99 1 569
97 64 13544 1 15347
98 12 8 1 849
99 74 2433 2 3256
100 57 12387 1 13882
101 26 21779 1 22029
102 56 13544 1 14232
103 7 31876 2 32845
104 44 43116 1 43710
105 81 39652 3 39847
106 31 13661 2 14183
107 5 17716 1 18568
108 74 24776 1 25306
109 45 16580 1 17365
110 67 23269 1 24139
111 78 37937 2 38834
112 82 8135 4 8590
113 83 134 2 256
114 11 29183 1 29330
115 7 24238 1 24962
116 20 2838 1 3625
117 66 43791 1 44371
118 14 14115 1 14832
119 72 43428 5 43635
120 35 22618 1 24213
121 83 35524 1 35970
122 25 45253 1 45596
123 48 31635 1 32301
124 53 8279 2 8587
125 15 27773 1 28047
126 78 16474 3 17087
127 23 12290 1 13275
128 19 23269 2 24105
129 68 43725 2 44049
130 42 68 5 748
131 60 25772 1 26699
132 13 35420 2 36110
133 66 11810 2 12803
134 22 44662 2 44916
135 78 14115 1 14909
136 25 8702 2 8910
137 37 21779 1 21988
138 9 6807 1 6979
139 52 6085 5 6740
140 27 24838 1 25184
141 63 32655 5 32992
142 48 34972 3 35504
143 9 21779 1 22009
144 48 44285 3 45082
145 53 29493 2 30194
146 15 36174 1 36336
147 67 42740 1 43220
148 58 36855 1 37451
149 57 34793 1 35762
150 48 24102 2 24739
151 61 4850 1 5425
152 70 38747 1 39850
153 56 15998 1 16753
154 60 2910 2 3192
155 42 15128 1 15743
156 19 3015 1 3600
157 28 6926 2 7715
158 57 41853 2 42629
159 57 1564 1 2299
160 7 6085 1 7072
161 60 39578 1 39689
162 20 4164 2 4908
163 46 13544 1 14216
164 28 27556 1 28150
165 79 42944 2 43903
166 48 28004 1 28734
167 21 14664 1 15496
168 3 23046 5 23398
169 20 3676 1 4057
170 3 24866 4 25722
171 36 21944 2 22241
172 37 20949 2 21352
173 7 9085 2 9623
174 57 36855 1 37654
175 33 44285 3 44417
176 27 8656 1 9119
177 40 12924 1 13318
178 34 15666 3 16142
179 25 12645 1 13024
180 82 4468 1 4709
181 22 12387 1 12764
182 19 34150 1 34692
183 83 5708 1 6551
184 55 26028 4 26477
185 35 15998 1 17094
186 63 43428 1 43777
187 48 11810 1 12650
188 20 39816 1 40895
189 36 25060 1 25802
190 68 16417 1 16982
191 31 12387 1 13370
192 20 39327 1 40495
193 26 32701 1 33648
194 28 5580 2 5894
195 74 19227 1 19342
196 35 12419 1 13802
197 32 25772 5 25949
198 36 38747 3 39225
199 42 17716 2 18279
200 68 16982 1 17790
201 61 56 1 704
202 47 38532 3 39250
203 5 31876 1 32188
204 4 12387 1 12829
205 6 41280 2 41977
206 18 6418 1 7285
207 68 10486 3 11097
208 13 39006 4 39207
209 37 569 1 987
210 54 28920 1 29325
211 1 8743 1 9306
212 51 3676 1 4391
213 46 14703 3 14882
214 55 12387 1 13028
215 55 38735 1 39715
216 28 8356 2 9232
217 28 14703 1 14931
218 47 37937 1 38532
219 51 31635 4 32765
220 69 45253 1 45580
221 40 29493 1 30224
222 43 32701 2 33499
223 42 22532 3 23170
224 68 21944 1 22417
225 56 39327 1 40539
226 3 45253 4 45687
227 47 24213 1 24496
228 40 956 1 1904
229 9 32655 1 32849
230 21 42954 1 43828
231 83 19072 2 19909
232 45 27870 3 28494
233 39 27522 1 28482
234 42 10680 1 10980
235 17 35420 2 36194
236 69 43116 1 43998
237 70 16474 1 17074
238 57 19850 1 20601
239 7 1056 1 1776
240 8 33683 1 34118
241 37 231 2 380
242 81 216 4 612
243 67 6113 1 6989
244 35 956 1 1412
245 45 21779 3 22021
246 64 30838 1 31421
247 23 15666 1 16487
248 48 1012 1 1259
249 59 21944 1 22965
250 27 36336 4 36942
251 55 5420 1 5950
252 6 956 2 1532
253 78 34945 1 35045
254 73 21779 5 22475
255 37 1012 1 1523
256 20 6085 1 6518
257 28 956 1 1802
258 32 25060 5 25772
259 30 25607 1 26322
260 20 1702 2 1933
261 52 4662 1 4789
262 58 28920 1 29510
263 74 8656 1 9207
264 68 27522 3 27802
265 79 25607 5 25714
266 6 40356 5 41090
267 16 22891 1 23142
268 48 21779 1 21922
269 71 38735 1 39173
270 12 19072 1 20067
271 5 19457 1 19810
272 52 26028 3 26984
273 9 38735 1 39006
274 32 34793 1 35336
275 80 36855 3 37391
276 60 33841 1 34203
277 73 39578 3 40402
278 39 42740 1 42842
279 53 5641 1 6497
280 73 33589 1 33689
281 65 40356 2 41350
282 67 37937 1 38491
283 18 22891 2 23073
284 39 16417 1 17102
285 50 21779 2 22619
286 41 9085 1 10020
287 51 30414 1 31366
288 55 35420 2 36333
289 7 41280 1 41496
290 27 3676 1 4001
291 21 14387 1 14647
292 67 12387 1 12939
293 17 43227 2 43359
294 75 5420 4 5772
295 64 10352 1 11339
296 77 14115 3 14459
297 56 3879 1 4272
298 70 40356 1 40637
299 83 39632 3 40022
300 32 43227 2 43971
301 5 25324 1 26231
302 21 31189 2 31512
303 60 22282 1 23001
304 22 41062 1 41689
305 19 14115 1 14458
306 23 13544 1 14456
307 10 4662 3 5586
308 45 30838 1 31635
309 19 17051 1 17534
310 48 25607 3 26203
311 49 19072 1 20019
312 23 1937 1 2882
313 40 8135 1 9020
314 56 2710 2 3502
315 68 43116 1 44634
316 39 36174 1 36783
317 48 31189 3 31769
318 65 13661 1 14217
319 36 31440 4 32025
320 74 40883 1 41258
321 79 34367 1 34829
322 17 28494 2 28940
323 35 8356 1 9199
324 16 8356 1 9088
325 83 22532 4 23218
326 45 30414 2 30737
327 6 30414 2 30621
328 70 43517 1 44194
329 37 41758 2 42531
330 9 25060 1 25592
331 18 40883 1 41124
332 53 6900 1 7679
333 60 28494 1 29348
334 37 43791 1 44430
335 44 39578 1 39910
336 59 39327 2 40149
337 37 44818 1 45387
338 68 64 3 1056
339 21 35689 2 36565
340 21 39578 1 39845
341 73 3676 2 4649
342 32 16580 3 17116
343 82 25772 1 26757
344 33 33338 3 34172
345 49 11810 3 12129
346 19 29861 3 30278
347 54 20949 1 21180
348 28 37937 1 38743
349 46 3676 2 4274
350 36 11058 1 11832
351 82 6113 2 6303
352 6 11041 1 12009
353 63 8656 3 9635
354 14 6893 1 7756
355 19 24238 2 24822
356 47 8135 1 8973
357 61 35420 1 35555
358 20 19086 1 19221
359 20 37937 2 38675
360 59 11810 1 12442
361 74 21049 4 21626
362 68 4854 1 5681
363 57 2350 1 3090
364 15 12977 1 13795
365 1 20949 1 21296
366 54 3403 1 4403
367 51 3403 3 3527
368 41 16474 1 16720
369 78 40883 1 41198
370 83 41280 1 41878
371 80 21779 5 22675
372 45 42772 1 43024
373 74 34044 1 34373
374 11 31635 4 32628
375 35 24866 1 25675
376 73 27522 3 28077
377 73 43227 2 43936
378 48 44081 4 44285
379 26 12777 1 13162
380 22 956 1 1161
381 31 333 1 843
382 77 20949 2 21433
383 74 22021 4 22459
384 57 42944 1 43400
385 7 33338 2 34254
386 3 16882 5 17332
387 35 27522 1 28168
388 48 17716 3 18182
389 82 19072 3 19462
390 25 5641 1 5847
391 80 8135 4 8854
392 82 20949 1 21792
393 11 45387 1 45820
394 56 41311 2 42318
395 17 10486 2 11387
396 8 8135 1 8836
397 54 6807 1 7790
398 26 14115 2 14807
399 11 5708 1 6455
400 21 39006 2 39468
401 37 40356 1 40437
402 28 7546 1 7880
403 30 5681 1 6042
404 51 7546 5 7633
405 57 24102 1 24742
406 20 8135 1 8795
407 70 956 1 1942
408 9 6807 1 7674
409 24 21779 1 22318
410 73 44081 5 44754
411 18 10680 1 11381
412 56 30414 1 31118
413 60 14664 1 15033
414 82 25607 1 25743
415 64 23269 1 23798
416 82 31440 2 32207
417 61 35018 1 35425
418 73 18 1 274
419 36 26163 4 26854
420 47 15666 1 16202
421 62 29177 1 30176
422 33 3676 3 4591
423 23 39327 1 40173
424 83 39327 3 39607
425 48 29994 1 30389
426 40 22891 1 23017
427 28 32207 2 32768
428 23 27522 1 28475
429 60 14115 3 14391
430 48 41945 1 42555
431 20 1350 1 1593
432 18 1412 1 1625
433 45 2492 1 2710
434 36 7546 3 8365
435 47 19850 2 20203
436 79 29493 4 30063
437 20 771 1 1244
438 3 6085 2 6509
439 47 39327 1 39867
440 1 13544 4 14393
441 70 34793 2 35496
442 79 23269 1 23892
443 69 8656 1 8940
444 74 29493 2 29641
445 20 10486 2 10597
446 73 4662 3 5568
447 75 2324 3 2908
448 55 37937 1 38104
449 7 4662 1 5206
450 24 30389 1 30827
451 24 42842 1 43172
452 7 35524 1 35719
453 70 33593 2 33797
454 56 34793 1 35194
455 35 45278 1 45867
456 49 10352 3 10679
457 7 42481 1 42643
458 56 31189 2 32052
459 68 35267 1 35524
460 46 4468 4 5256
461 42 41128 1 42026
462 20 6807 1 7682
463 55 42581 4 43209
464 79 11397 2 11780
465 26 36855 1 37154
466 8 12777 1 13164
467 7 8135 1 8996
468 16 28004 1 28131
469 24 15697 1 16213
470 20 44662 1 45343
471 56 29861 1 30091
472 9 27522 1 30797
473 83 14115 2 14955
474 61 771 1 1440
475 19 6418 2 6975
476 47 12387 2 13186
477 40 19086 1 19321
478 45 10486 4 10988
479 9 17433 1 18227
480 13 40356 4 40795
481 70 35689 1 35872
482 59 24104 3 24203
483 4 17433 1 17828
484 18 44081 2 44704
485 18 6113 2 6303
486 24 9085 1 9826
487 32 4164 1 4669
488 50 12977 1 13594
489 80 28212 1 28607
490 45 31635 3 32275
491 19 31876 2 32289
492 23 37937 1 38207
493 11 26163 1 26890
494 42 3676 2 3876
495 59 3676 1 4166
496 22 31635 1 32307
497 28 45253 1 45474
498 58 32749 1 33193
499 48 23289 1 24776
500 61 5681 1 5782
501 83 15666 3 16523
502 19 19072 1 19517
503 73 16474 3 17016
504 76 27773 1 27896
505 20 11025 1 11923
506 35 19086 1 19831
507 82 5941 1 6297
508 45 27556 2 27795
509 83 20949 3 21432
510 66 23269 1 23562
511 82 26464 2 27238
512 60 21049 2 21433
513 60 43791 2 44165
514 70 5681 1 6305
515 22 10352 1 10606
516 50 6807 1 7579
517 55 20949 2 21616
518 45 6807 1 6893
519 35 34551 1 34972
520 45 30280 1 30759
521 80 40883 4 41425
522 6 4468 3 5211
523 49 22891 1 23266
524 41 4850 1 5445
525 1 22891 4 23785
526 83 13661 1 14248
527 2 26163 1 26977
528 19 37937 3 38626
529 39 39327 1 40049
530 82 1227 2 1937
531 26 3879 2 4095
532 71 10938 2 11771
533 51 29493 1 30271
534 43 17790 3 18224
535 23 17433 1 18238
536 82 9085 1 10352
537 51 16882 1 17570
538 39 10486 1 11433
539 46 19227 3 19457
540 21 19850 1 20333
541 27 10486 1 11438
542 74 27773 1 28158
543 74 41280 2 41706
544 60 33589 4 33778
545 42 29749 5 30453
546 68 25772 1 26576
547 48 9085 2 9655
548 54 15666 2 15926
549 23 43791 1 44446
550 60 38198 2 38903
551 18 16620 1 16998
552 36 42944 1 43612
553 65 22134 1 22905
554 59 6807 2 7584
555 24 25097 1 25398
556 67 29183 1 29311
557 28 17522 5 18170
558 74 42581 1 43517
559 82 37937 5 38756
560 49 43146 1 43721
561 58 17433 1 17624
562 74 29749 1 30101
563 5 41330 1 41458
564 23 25097 1 25896
565 68 34367 2 35192
566 53 22134 1 23044
567 36 16474 1 16744
568 54 30414 1 30737
569 48 43558 1 43987
570 1 27870 3 28523
571 1 12387 1 12856
572 70 10680 1 11234
573 83 2971 1 3320
574 23 23269 1 23528
575 37 42581 2 43080
576 68 12290 1 12924
577 74 9085 1 9354
578 20 28920 1 29275
579 53 28212 1 28549
580 57 36336 1 36532
581 22 45253 1 45707
582 83 26028 3 26481
583 26 23269 2 23753
584 28 42581 2 42962
585 11 39327 1 39875
586 21 21779 1 22294
587 53 1012 1 1908
588 79 19850 4 20625
589 46 27522 5 27685
590 39 33338 1 33704
591 73 10486 1 10649
592 28 11810 1 12820
593 55 11810 1 11964
594 45 19072 1 19678
595 79 1937 1 2758
596 58 32719 2 33435
597 33 28212 2 28516
598 66 4662 3 4779
599 57 5420 1 6216
600 74 29177 1 29302
601 48 16580 1 16907
602 10 10486 1 11286
603 59 15666 1 16257
604 42 39816 2 39912
605 83 15666 1 16222
606 23 19850 1 20409
607 20 19227 1 20040
608 6 42629 2 42733
609 71 12967 2 13818
610 70 21779 1 22436
611 49 21779 3 22756
612 82 21779 1 22126
613 68 23269 2 23749
614 68 26028 1 26271
615 44 37937 1 38326
616 35 40356 1 41316
617 12 3676 1 4410
618 60 32655 1 33339
619 44 28920 1 29865
620 19 32655 2 32945
621 77 36336 3 37283
622 13 42481 1 43445
623 71 5739 4 6388
624 56 5153 3 6085
625 64 32655 1 33112
626 27 45253 1 45625
627 66 14703 2 15077
628 22 19072 2 19818
629 50 28920 3 29869
630 23 42842 1 43069
631 23 14703 1 15300
632 71 30389 3 31190
633 75 7475 3 8040
634 4 16474 1 17006
635 40 34793 1 35385
636 76 40437 1 40614
637 6 11396 3 12201
638 47 30414 2 31118
639 24 41038 1 41492
640 68 19850 1 20425
641 60 10938 1 11307
642 5 12204 1 12295
643 39 956 1 1657
644 48 131 1 1012
645 37 38607 2 39868
646 64 41758 1 42544
647 82 32 4 485
648 68 6113 1 6707
649 82 18251 1 19072
650 6 6807 1 7196
651 21 130 1 576
652 72 1937 3 2481
653 32 11810 2 12159
654 42 2492 2 2929
655 48 19850 1 20285
656 28 37937 1 38724
657 51 4468 1 6559
658 21 22532 1 23121
659 37 5913 1 6114
660 55 29183 2 29961
661 51 40356 1 40710
662 5 19086 1 19328
663 73 11810 2 12682
664 7 12387 2 13112
665 47 18 1 740
666 2 6893 1 7234
667 45 16620 3 16905
668 45 4662 1 4927
669 9 5913 1 6086
670 74 26028 1 26644
671 74 27802 1 28142
672 56 13544 4 14513
673 13 22532 1 23505
674 42 40356 4 41066
675 64 38747 1 39496
676 9 34150 2 34941
677 48 18251 1 18585
678 26 32045 2 32213
679 52 20949 1 21079
680 31 42842 1 43555
681 16 11810 1 12638
682 21 5420 2 5941
683 53 12924 1 13186
684 65 6807 3 7465
685 24 22532 1 23132
686 45 43116 3 44010
687 82 37105 2 37937
688 24 5913 1 6309
689 74 35018 1 35879
690 46 25607 3 26562
691 59 8363 1 8627
692 20 41330 2 41858
693 83 38735 1 39401
694 57 38 1 356
695 59 173 3 742
696 64 11810 1 12442
697 39 29183 1 30069
698 35 6807 1 8037
699 59 5420 2 6050
700 48 6172 1 6589
701 56 352 2 1046
702 20 25772 1 25905
703 25 12419 2 13303
704 6 10486 1 10684
705 48 5153 1 5527
706 1 4662 2 5630
707 27 15998 5 16575
708 76 43517 1 43661
709 57 15998 2 16580
710 61 20949 2 21630
711 53 36915 1 37343
712 81 10352 4 10505
713 71 27522 1 27824
714 71 37937 2 38519
715 11 30414 5 30912
716 61 3879 2 4685
717 43 38735 1 38946
718 18 32701 2 33492
719 52 27870 2 28737
720 31 44081 1 44557
721 52 12204 3 12414
722 48 2220 4 2433
723 68 36325 3 37023
724 68 30414 2 31399
725 74 22891 1 23205
726 6 333 4 845
727 47 41758 1 41940
728 59 12924 2 13537
729 68 11810 1 12795
730 5 24238 1 25131
731 82 43528 1 44323
732 35 32749 1 33978
733 82 43341 4 44047
734 48 32701 1 33698
735 64 12204 1 12473
736 56 40356 4 40571
737 56 3879 2 4114
738 6 11307 1 12060
739 57 8135 1 9125
740 39 2433 1 2748
741 12 34793 1 35525
742 9 39578 2 40184
743 23 29493 1 29657
744 51 39632 3 39714
745 8 39816 1 40292
746 64 38342 1 38621
747 66 21779 2 22325
748 54 16474 2 17242
749 15 26028 2 26299
750 20 28212 1 28552
751 63 3685 1 4661
752 28 25607 2 26145
753 22 29994 2 30374
754 46 18251 2 19100
755 1 37937 3 38584
756 74 11396 3 11904
757 41 37937 1 38194
758 33 41945 3 42051
759 59 29994 2 30173
760 74 34793 4 34950
761 72 2492 4 3456
762 37 15666 3 16657
763 56 32655 5 33104
764 82 27636 1 27893
765 21 3403 1 3630
766 42 43116 1 43660
767 11 38747 3 39136
768 40 45253 1 45896
769 39 40049 1 40208
770 61 40883 1 41010
771 52 32701 4 33024
772 48 4934 1 5153
773 45 41038 1 41456
774 79 31769 1 32493
775 60 2220 3 2324
776 56 29861 1 30399
777 74 45082 1 45434
778 51 17716 1 18391
779 79 23916 1 24907
780 28 42944 1 43363
781 57 16580 1 16755
782 40 23269 1 24004
783 31 36855 1 37148
784 39 7475 1 8015
785 60 34044 1 34839
786 11 44081 4 44712
787 32 44081 2 44770
788 70 43341 2 43837
789 71 25772 4 26602
790 68 22532 1 22892
791 18 4662 1 5455
792 13 25607 2 25944
793 83 6807 2 7255
794 20 8356 1 9161
795 80 42481 5 43116
796 47 32701 1 33564
797 51 28212 4 28613
798 53 15666 4 16415
799 22 1412 1 1998
800 42 25607 3 26338
801 11 15128 1 15626
802 61 43227 2 43443
803 48 2433 1 3432
804 83 8135 4 8269
805 22 15666 2 15809
806 16 1564 1 1791
807 11 16474 1 16951
808 51 1339 1 2441
809 68 12924 2 13310
810 71 956 2 1198
811 68 28693 2 29688
812 48 26464 1 26630
813 7 22150 2 22936
814 20 31635 1 32587
815 59 45253 3 45734
816 54 37937 1 38038
817 82 3403 4 4175
818 73 1937 2 2094
819 7 16474 1 17387
820 37 40437 3 41052
821 60 25097 1 25583
822 53 8656 1 9292
823 65 15666 3 15866
824 22 40356 1 41002
825 19 30389 1 30604
826 1 29183 3 29811
827 53 41233 2 41648
828 18 25607 1 26030
829 41 1564 1 2278
830 39 23655 1 24200
831 56 44662 1 45018
832 60 19850 1 21158
833 6 22891 2 23886
834 28 30797 4 31763
835 70 40883 1 41009
836 4 41853 1 42689
837 46 2971 3 3475
838 32 42842 2 43227
839 69 16755 1 17020
840 42 28920 4 29749
841 80 12387 4 13351
842 83 30414 2 30724
843 48 38198 1 38602
844 5 19328 1 19457
845 24 13688 1 14296
846 28 8135 1 8907
847 57 34150 1 34450
848 60 15998 2 16244
849 20 10489 1 11030
850 70 19072 1 19651
851 21 36659 1 37136
852 60 31635 1 32742
853 46 45253 1 45611
854 6 6172 3 6896
855 26 35420 2 35695
856 51 36940 1 37751
857 57 29177 2 29764
858 40 6807 1 7252
859 65 19850 3 20764
860 45 26303 1 27095
861 74 6085 3 6602
862 27 5420 1 5751
863 10 11810 1 12598
864 68 41853 1 42690
865 3 1056 5 1957
866 73 22532 4 23391
867 37 36940 1 37460
868 73 10352 1 10458
869 7 37937 2 38827
870 64 22532 1 22691
871 9 31440 1 32233
872 32 29183 1 29349
873 77 14664 1 15239
874 53 43227 2 43973
875 54 23749 1 23922
876 23 34793 1 35747
877 53 771 2 966
878 55 45253 1 45996
879 8 20949 1 21036
880 7 5420 1 6074
881 56 36659 2 37054
882 64 12473 1 13218
883 9 39006 2 39404
884 41 25097 1 25958
885 56 39006 2 39934
886 11 1227 1 1511
887 45 34793 2 35160
888 74 43517 3 44379
889 19 17716 4 18569
890 60 31769 1 32874
891 71 36855 3 37043
892 45 26630 1 26984
893 31 44662 2 45609
894 63 39327 1 39611
895 65 18251 1 19155
896 51 35420 1 35753
897 44 13544 1 14157
898 5 38756 1 38859
899 25 24213 2 25093
900 68 6807 1 7603
901 57 23269 1 23821
902 57 21779 1 22386
903 71 43791 1 44130
904 28 44285 1 45183
905 45 11482 2 12290
906 39 28920 1 29183
907 45 22891 1 23680
908 23 771 1 1509
909 83 32701 4 32793
910 18 23269 1 24128
911 59 4662 2 5117
912 20 21779 1 22311
913 6 40049 4 40254
914 62 27773 3 28290
915 37 2433 4 3430
916 46 6807 4 7669
917 9 13544 1 14309
918 22 34367 2 34463
919 41 5913 1 6210
920 37 20949 1 21073
921 13 6418 2 6826
922 59 27522 1 28101
923 32 12924 4 13034
924 21 43116 1 44142
925 1 2985 3 3102
926 60 13000 2 13285
927 20 44662 2 45555
928 20 30414 1 30559
929 28 33589 3 34315
930 45 13688 1 14257
931 51 41758 1 42684
932 60 40883 1 41802
933 37 24102 1 24720
934 65 39845 2 40729
935 51 21779 3 22740
936 50 5739 2 6441
937 48 16474 2 17030
938 1 10352 4 11033
939 68 34551 1 35496
940 13 7546 4 7733
941 51 23916 4 24700
942 20 26028 1 26163
943 45 12645 1 13544
944 82 29861 1 30039
945 31 5436 1 6355
946 71 20949 4 21788
947 57 24776 1 25113
948 48 50 3 131
949 35 4850 1 5797
950 53 25060 1 25586
951 33 41280 4 41649
952 11 21049 1 21968
953 48 23269 2 23535
954 15 15666 1 16451
955 6 2710 4 3368
956 59 2324 1 2838
957 60 8135 1 8356
958 61 45253 1 45984
959 33 13870 1 14321
960 7 19850 1 20814
961 19 27522 1 27747
962 20 41853 1 42249
963 82 34044 4 35004
964 24 36174 1 36469
965 75 21779 1 22615
966 56 1937 4 2679
967 78 19072 1 19980
968 36 6893 4 7274
969 25 30414 2 30614
970 51 27522 3 27691
971 19 33589 1 34004
972 46 19850 3 20697
973 36 20949 3 21766
974 48 38712 4 39327
975 48 34367 1 35018
976 7 67 1 753
977 21 27522 3 28146
978 73 30414 1 31245
979 31 39327 2 39481
980 20 12419 1 13491
981 57 9085 1 9345
982 26 4662 5 5003
983 62 41280 1 41603
984 75 6172 3 6495
985 57 12387 1 12901
986 44 14664 1 15412
987 15 40883 1 41132
988 56 43528 2 44371
989 39 42153 1 42481
990 36 17716 2 18387
991 44 5420 1 6264
992 15 5641 1 5913
993 20 956 1 1702
994 52 11810 1 12149
995 25 10486 1 10857
996 5 16474 1 17051
997 83 43116 1 43242
998 67 16417 1 16710
999 51 37023 3 37929
1000 69 3676 2 4527
1001 28 33841 1 34435
1002 53 22021 1 22134
1003 56 28494 1 29917
1004 25 6807 2 7101
1005 82 8356 1 9080
1006 24 37937 1 38926
1007 56 24776 1 25011
1008 69 20949 1 21141
1009 37 1702 1 2462
1010 82 43517 4 44440
1011 11 33338 4 34046
1012 83 23289 2 23430
1013 23 20949 1 21750
1014 19 956 1 1046
1015 65 13772 3 14073
1016 60 28920 2 29493
1017 19 21779 1 22019
1018 32 44081 1 44306
1019 42 41853 1 42123
1020 74 4164 2 4449
1021 74 19462 1 20183
1022 83 30838 2 31180
1023 5 69 1 813
1024 9 44081 1 45883
1025 6 208 1 735
1026 64 24102 1 24740
1027 4 11058 1 11924
1028 50 27870 3 28864
1029 82 34793 1 35490
1030 45 33338 1 33909
1031 15 27522 1 28107
1032 74 24838 1 25306
1033 58 5641 3 6054
1034 9 19072 1 19556
1035 1 31635 2 32173
1036 24 40883 1 41038
1037 39 22377 1 22891
1038 9 10604 1 11387
1039 54 27522 2 28253
1040 21 45253 1 45612
1041 6 1937 4 2646
1042 1 39327 2 39636
1043 64 4850 1 4932
1044 59 43227 1 43844
1045 51 8135 3 8702
1046 14 43227 1 44206
1047 82 19850 1 20635
1048 39 15998 1 16417
1049 21 31769 1 32562
1050 32 208 1 978
1051 3 5436 4 5798
1052 71 41330 2 41447
1053 6 34551 3 34752
1054 24 1350 1 1666
1055 18 10352 1 10603
1056 2 36940 3 37493
1057 73 40437 2 41386
1058 6 30838 1 31208
1059 70 17716 1 17892
1060 55 27522 3 27610
1061 5 12777 1 13212
1062 39 45387 1 45680
1063 67 22021 1 22200
1064 51 26 2 956
1065 30 33593 1 34282
1066 66 5681 1 6441
1067 57 13688 1 14388
1068 65 45253 1 45779
1069 23 24238 1 24874
1070 48 8743 1 9085
1071 21 3676 1 4641
1072 58 11810 1 12043
1073 20 4468 1 5636
1074 56 26028 4 27048
1075 6 19640 1 19943
1076 23 40883 1 41744
1077 31 19943 1 20510
1078 40 27522 1 28171
1079 39 15666 1 15804
1080 74 36174 1 36796
1081 6 25772 1 26206
1082 82 23532 2 23631
1083 28 26303 5 26436
1084 43 14115 1 14616
1085 82 8656 1 9770
1086 1 1445 4 2267
1087 13 27522 1 28025
1088 79 8656 3 9328
1089 54 22891 1 23542
1090 20 23269 2 24046
1091 21 30414 1 30928
1092 45 59 2 801
1093 6 36855 3 37771
1094 59 40883 1 41151
1095 56 24776 2 25776
1096 56 11058 2 11387
1097 67 11058 1 11342
1098 55 1038 1 1169
1099 43 8135 4 8270
1100 12 36855 1 37063
1101 2 35018 1 35202
1102 5 21049 1 22033
1103 71 9 2 904
1104 56 24213 3 25133
1105 11 4468 1 5418
1106 60 21779 1 22150
1107 51 12290 5 12662
1108 51 23269 2 23916
1109 62 13661 1 14322
1110 50 31440 3 31870
1111 56 43146 1 43869
1112 46 23269 4 23609
1113 21 20949 2 21190
1114 20 17433 2 18557
1115 74 8135 1 8363
1116 64 8656 1 9618
1117 51 14664 1 15518
1118 9 4468 1 5209
1119 60 42954 1 43335
1120 18 19072 1 19689
1121 81 19227 3 20086
1122 25 38735 1 39543
1123 49 5739 1 6338
1124 63 21152 2 21476
1125 51 15697 1 16216
1126 45 3676 1 3949
1127 34 6807 3 7342
1128 18 38735 1 38863
1129 21 19072 1 19320
1130 20 34793 3 35543
1131 54 41280 1 41841
1132 68 14115 2 14590
1133 31 34876 2 35524
1134 71 6807 1 7553
1135 52 32207 2 32464
1136 64 33589 1 34094
1137 15 28494 2 29324
1138 17 39578 2 40507
1139 6 4662 1 4900
1140 48 30389 2 30658
1141 10 30414 3 30732
1142 48 12204 1 12898
1143 17 38195 2 38892
1144 78 4662 2 5313
1145 58 41062 2 41774
1146 36 43791 3 44594
1147 37 36174 1 36452
1148 56 5580 2 5985
1149 28 24776 1 25142
1150 18 41758 1 42242
1151 55 21779 3 22668
1152 14 22532 1 23412
1153 10 42481 3 43397
1154 45 23269 3 23827
1155 60 8356 5 8763
1156 74 30838 2 31610
1157 42 35420 3 36142
1158 18 24213 1 24442
1159 15 12387 2 12977
1160 42 6807 4 6923
1161 74 6807 4 7608
1162 35 38198 1 38735
1163 13 20949 1 21912
1164 44 56 1 192
1165 1 3403 4 4263
1166 42 42772 1 42982
1167 25 40356 2 41339
1168 57 14115 1 14914
1169 31 16982 1 17170
1170 18 33683 1 34244
1171 20 28494 3 29312
1172 1 34793 3 35350
1173 65 5681 4 5778
1174 66 40883 1 41338
1175 45 34367 1 34600
1176 22 27522 4 27673
1177 64 2350 1 2971
1178 14 24238 1 24333
1179 59 27773 3 28350
1180 20 5641 2 6006
1181 63 4164 1 4579
1182 56 23269 3 23449
1183 46 11058 4 11715
1184 42 8656 1 9616
1185 51 41009 1 41691
1186 60 30838 2 31700
1187 60 24838 2 25753
1188 57 8363 1 8660
1189 26 17433 1 17788
1190 74 1445 2 2274
1191 26 8656 3 9644
1192 74 28212 1 29063
1193 72 32765 2 33407
1194 36 36659 3 36857
1195 20 5913 1 6562
1196 65 27773 1 28267
1197 65 28212 1 29166
1198 55 36855 3 37564
1199 72 23269 2 24257
1200 61 41758 1 42730
1201 77 45253 1 45722
1202 39 12967 1 13661
1203 5 13544 1 14113
1204 68 35524 4 35689
1205 32 19072 3 20034
1206 4 23289 1 23655
1207 45 25772 1 26585
1208 15 19850 1 20546
1209 48 10604 3 11025
1210 60 2710 1 2855
1211 74 14115 1 14245
1212 4 38735 1 39363
1213 58 42189 3 42830
1214 39 19086 1 19276
1215 81 21944 2 22235
1216 21 10938 3 11912
1217 68 14387 1 15205
1218 43 6085 1 6553
1219 65 34367 3 35353
1220 26 20949 1 21644
1221 6 22532 1 23287
1222 74 44662 2 45253
1223 7 39816 2 39923
1224 25 11058 2 11703
1225 32 37937 1 38201
1226 80 40049 4 40362
1227 59 8135 3 8671
1228 45 3676 1 4606
1229 72 40356 4 41350
1230 7 28920 1 29177
1231 44 6893 1 7109
1232 28 40356 1 41280
1233 65 11810 1 12009
1234 21 44081 2 44914
1235 37 34367 5 34556
1236 57 20949 1 21327
1237 56 1056 1 1800
1238 33 22550 4 23490
1239 5 10486 1 11212
1240 74 14302 1 15248
1241 15 7058 1 7225
1242 15 24776 1 25813
1243 24 12777 1 13646
1244 9 3676 1 5651
1245 35 18251 1 18481
1246 69 25607 2 25688
1247 26 43227 5 44063
1248 15 36915 1 37887
1249 48 3403 1 3805
1250 52 4662 1 5342
1251 42 6923 1 7397
1252 59 3015 1 3346
1253 41 17522 1 17887
1254 53 1937 3 2850
1255 1 37937 1 38349
1256 81 22021 2 22501
1257 48 34367 1 34965
1258 40 28920 1 29413
1259 71 11810 2 12561
1260 56 34972 2 35116
1261 57 16755 1 17738
1262 68 27802 1 28678
1263 56 8656 3 8809
1264 45 2354 1 3676
1265 81 6807 2 7564
1266 7 6172 1 6279
1267 39 8135 1 8279
1268 2 42153 3 43031
1269 48 43725 2 44081
1270 36 42481 2 42597
1271 60 3403 2 4249
1272 71 23269 1 24149
1273 53 26464 1 27316
1274 60 39327 1 39462
1275 46 29861 4 30698
1276 21 16580 1 17292
1277 59 42629 1 43062
1278 70 11810 1 12542
1279 17 4468 1 5006
1280 27 7546 1 8408
1281 37 43116 3 43396
1282 53 43259 1 44134
1283 45 1564 1 2492
1284 60 21779 3 22542
1285 77 6807 2 7499
1286 69 39327 1 39423
1287 56 24102 1 24494
1288 24 3676 1 4462
1289 73 31769 3 32236
1290 15 13544 1 13718
1291 60 40356 2 41085
1292 81 43146 2 43885
1293 14 41280 1 42262
1294 57 43341 1 44097
1295 64 28920 1 29861
1296 1 41062 4 41884
1297 19 1564 1 2460
1298 67 19072 1 19224
1299 59 26028 1 26329
1300 9 19943 2 20286
1301 1 25060 4 25675
1302 53 5436 1 5625
1303 55 23269 1 23626
1304 49 3879 1 4439
1305 40 17716 1 18521
1306 62 8656 4 9007
1307 60 5739 3 6382
1308 71 35194 4 35322
1309 48 30658 2 31189
1310 45 19227 2 20098
1311 82 22282 1 22715
1312 3 32749 3 32854
1313 42 24776 1 24915
1314 37 22532 1 23429
1315 51 42772 1 43801
1316 16 19086 1 19632
1317 57 356 1 771
1318 41 19462 1 19697
1319 15 38747 1 39774
1320 58 4662 2 5129
1321 48 2433 2 3337
1322 6 2492 1 3067
1323 48 6954 1 8128
1324 50 24776 4 25132
1325 20 29861 2 29994
1326 30 42647 1 43479
1327 65 19072 2 19650
1328 37 11810 1 12078
1329 46 9085 4 9977
1330 16 36542 1 37088
1331 56 45278 1 45934
1332 51 39816 1 39950
1333 19 41 2 593
1334 13 42153 3 42360
1335 5 5708 1 6701
1336 31 16580 3 16934
1337 79 39006 1 39421
1338 15 42647 1 43304
1339 13 28920 1 29457
1340 82 14137 1 14964
1341 9 36174 1 36527
1342 61 22021 1 22916
1343 20 1702 1 2063
1344 45 25324 1 25629
1345 48 12924 1 13595
1346 31 2492 2 3314
1347 20 41062 1 41787
1348 71 24238 3 24356
1349 82 23046 3 23384
1350 9 40883 2 41709
1351 24 31635 1 32295
1352 45 41758 1 43428
1353 67 41280 1 41831
1354 26 15998 5 16464
1355 50 11810 2 12218
1356 20 40495 1 41172
1357 5 35524 1 35690
1358 19 5420 3 6413
1359 68 39394 2 39578
1360 10 35689 3 36631
1361 32 569 2 1352
1362 5 1937 1 2819
1363 72 8363 3 8644
1364 74 28494 2 28719
1365 10 24776 3 25093
1366 27 12645 2 13141
1367 40 1937 1 2279
1368 48 24776 1 25607
1369 69 25 1 472
1370 79 12387 1 13015
1371 33 6172 4 6928
1372 24 48 1 486
1373 37 35689 1 37628
1374 47 22891 1 23613
1375 50 17716 2 18050
1376 13 1937 4 2873
1377 30 31876 1 32650
1378 11 38195 3 38561
1379 28 19850 3 20675
1380 32 45253 1 46332
1381 82 19462 3 20592
1382 37 5739 1 6452
1383 21 2350 1 2888
1384 59 22532 3 23444
1385 48 131 1 418
1386 74 40356 2 40883
1387 56 6954 2 7471
1388 31 10352 2 10836
1389 5 23046 1 23797
1390 59 1937 1 2320
1391 35 11810 1 12221
1392 82 25326 3 26323
1393 22 13544 1 14296
1394 37 28494 1 28773
1395 57 28494 1 29176
1396 64 4468 1 4850
1397 25 11810 3 12392
1398 20 15666 2 16620
1399 48 43116 2 43696
1400 82 22532 1 23114
1401 44 15666 1 15986
1402 30 39578 1 39768
1403 70 24102 1 24939
1404 43 39816 3 40601
1405 32 32701 1 33950
1406 1 11810 1 12118
1407 75 19072 5 20031
1408 59 41758 1 42163
1409 64 22891 1 23077
1410 63 45387 2 46156
1411 70 9085 1 9555
1412 42 10604 1 11312
1413 42 25326 1 25547
1414 45 13544 1 13688
1415 72 5420 5 5775
1416 44 8135 1 8352
1417 79 20949 4 21485
1418 48 3015 1 3602
1419 65 3403 2 4360
1420 57 16580 1 17523
1421 74 12777 1 13655
1422 48 12387 1 13005
1423 69 35420 1 35891
1424 28 26630 2 27556
1425 48 10352 1 11207
1426 15 13870 1 14532
1427 41 6807 1 7352
1428 28 43517 1 43689
1429 64 30414 1 30742
1430 6 6900 3 7546
1431 57 25607 1 26387
1432 45 22021 2 22222
1433 83 24776 3 25009
1434 31 32207 3 32762
1435 44 19072 1 19313
1436 12 25607 1 25691
1437 64 25060 1 25980
1438 42 19563 2 20473
1439 57 10486 2 11255
1440 56 19086 2 19334
1441 68 45253 1 45967
1442 68 4662 1 4806
1443 75 17716 4 18304
1444 26 19072 4 19906
1445 48 13661 3 14639
1446 64 34367 1 35238
1447 77 12777 2 13632
1448 82 20949 4 21641
1449 46 34367 2 35043
1450 37 58 2 152
1451 70 6418 1 7245
1452 50 14302 4 15260
1453 9 24213 1 24927
1454 48 4662 3 4934
1455 37 40437 2 41398
1456 24 24238 1 24838
1457 47 32045 2 32393
1458 20 26163 1 26710
1459 7 21779 1 22037
1460 7 42954 1 43917
1461 68 22532 2 23412
1462 48 12204 2 12318
1463 54 45387 1 46116
1464 68 30414 1 30561
1465 31 569 1 999
1466 11 6807 1 7697
1467 22 32749 1 32846
1468 21 8135 2 8820
1469 51 39632 1 40181
1470 79 13688 1 14635
1471 82 38735 1 39007
1472 80 27522 5 28103
1473 55 4662 3 4911
1474 50 45253 3 46040
1475 66 27522 3 28390
1476 1 5913 3 6575
1477 47 5420 1 6418
1478 73 38747 1 39274
1479 50 39327 2 40087
1480 15 43517 1 43723
1481 47 6807 2 7134
1482 17 13688 2 14667
1483 57 17790 1 18471
1484 8 27773 1 28048
1485 41 4164 1 4708
1486 41 36174 1 36477
1487 70 6807 1 7441
1488 82 36174 3 37072
1489 13 10680 1 11473
1490 21 20949 1 21585
1491 57 31876 1 31981
1492 73 17716 4 17948
1493 7 15666 1 16154
1494 15 37937 1 38736
1495 53 13661 1 13859
1496 19 11810 3 12024
1497 28 36174 2 37030
1498 15 41853 1 41986
1499 64 20949 1 21750
1500 68 43517 1 43725
1501 82 13661 2 14419
1502 83 2819 1 2947
1503 56 17522 1 18305
1504 5 34551 1 35383
1505 59 38465 1 39293
1506 46 32655 1 32940
1507 66 25060 1 25652
1508 42 34367 1 35292
1509 51 45253 1 45964
1510 80 39327 5 39675
1511 31 19072 1 19693
1512 19 34793 1 35419
1513 46 16982 2 17814
1514 71 34793 1 35172
1515 56 7058 1 7696
1516 19 35420 1 35692
1517 15 34367 1 35251
1518 65 20949 3 21883
1519 79 28494 1 29413
1520 56 25060 3 25312
1521 83 44662 1 44837
1522 7 37105 1 37318
1523 60 42481 1 42954
1524 21 11810 2 12418
1525 59 19072 1 19229
1526 45 39006 1 39218
1527 10 19850 1 20611
1528 8 40356 1 41062
1529 51 41233 1 41514
1530 37 6172 3 6631
1531 18 24213 1 24934
1532 31 30414 1 31336
1533 31 6807 1 7086
1534 64 2971 1 4168
1535 18 37937 2 38700
1536 56 37937 2 39148
1537 2 30797 1 31355
1538 45 14115 2 14302
1539 60 33338 2 33912
1540 72 15666 4 16559
1541 48 42629 1 43558
1542 60 43517 1 44052
1543 59 42152 2 42397
1544 47 3403 3 3735
1545 32 14664 1 15586
1546 53 28920 3 29237
1547 11 3685 3 4393
1548 82 34367 5 34690
1549 17 8743 1 9258
1550 20 19086 1 20475
1551 47 13544 2 14014
1552 28 10352 2 11148
1553 42 34044 2 34816
1554 3 4164 4 5033
1555 52 21779 2 21898
1556 15 26303 1 26934
1557 22 3 1 171
1558 6 45063 4 45979
1559 56 27522 1 27693
1560 59 20949 4 21782
1561 59 26378 1 26933
1562 23 44662 1 44783
1563 82 1227 2 1350
1564 47 43116 1 43883
1565 37 1445 3 1883
1566 24 26028 1 26180
1567 22 17433 5 18367
1568 65 32701 1 32835
1569 39 101 1 799
1570 56 25772 2 26028
1571 42 1937 2 2655
1572 64 29861 1 30267
1573 49 20949 1 21484
1574 6 34044 3 34401
1575 62 1937 1 2487
1576 71 13870 3 14392
1577 11 35420 4 36218
1578 77 16755 3 17137
1579 82 35420 1 36173
1580 68 43259 1 43628
1581 82 41853 1 42915
1582 39 43791 1 44004
1583 48 16982 1 17716
1584 60 1702 1 2171
1585 77 30414 3 30579
1586 5 39845 1 40148
1587 71 42481 4 42775
1588 64 40356 1 40588
1589 13 37 1 295
1590 37 41330 1 42193
1591 18 15666 1 16198
1592 15 3403 1 4325
1593 46 35689 2 35834
1594 28 15666 1 17074
1595 4 44081 1 44678
1596 8 956 1 1123
1597 20 26378 1 26619
1598 37 11307 2 11536
1599 36 13000 2 13748
1600 45 36174 1 36502
1601 71 19850 1 20664
1602 56 12777 1 13400
1603 60 1937 2 2242
1604 68 39578 4 40109
1605 53 3015 2 3491
1606 60 19850 3 19978
1607 47 18251 1 18601
1608 18 34367 1 34641
1609 8 21944 1 22894
1610 22 22021 1 23629
1611 48 20949 4 21152
1612 28 19072 1 19774
1613 68 13661 1 14092
1614 59 2838 3 3015
1615 40 25097 1 25385
1616 68 15998 3 16248
1617 37 35018 2 35153
1618 15 39845 2 40762
1619 65 39632 1 40078
1620 42 8135 2 8971
1621 68 5420 1 6113
1622 37 12204 2 12419
1623 52 14703 1 14814
1624 63 22150 2 22882
1625 74 33589 1 34011
1626 39 33732 1 33841
1627 44 20949 1 21851
1628 19 28920 1 29656
1629 82 16474 1 17334
1630 64 16474 1 17080
1631 53 3676 1 3913
1632 60 42842 3 43717
1633 60 18251 1 18426
1634 45 31189 1 31852
1635 65 36542 2 37276
1636 66 33338 2 33649
1637 1 21779 3 22771
1638 77 2236 3 2585
1639 28 3676 1 4215
1640 42 23532 2 23982
1641 80 4934 5 5254
1642 33 21944 2 22517
1643 15 10352 1 11058
1644 16 41280 1 41789
1645 21 12290 1 12737
1646 9 23532 2 24025
1647 55 27870 2 28067
1648 62 16474 1 17460
1649 21 44662 1 44869
1650 37 4662 3 4854
1651 82 34793 2 35273
1652 11 1937 1 2503
1653 56 1937 1 2580
1654 49 38342 3 38766
1655 54 38735 1 39354
1656 70 956 1 1572
1657 13 771 1 1073
1658 68 6807 1 7014
1659 21 5941 3 6275
1660 68 44662 1 44895
1661 37 24776 1 25244
1662 47 33589 3 34395
1663 28 16417 1 17014
1664 12 32207 1 32422
1665 18 31635 1 32568
1666 83 771 2 1540
1667 15 16474 2 17522
1668 62 13544 1 14006
1669 15 19072 1 19546
1670 9 15998 1 16455
1671 7 4164 2 4607
1672 50 20949 4 21070
1673 54 4468 1 5313
1674 83 36940 1 37048
1675 18 1702 1 2095
1676 24 5420 1 5833
1677 65 34793 1 35023
1678 48 33338 2 33557
1679 73 19563 3 20273
1680 31 3676 1 4035
1681 73 28920 2 29898
1682 47 41945 3 42652
1683 18 39845 1 40813
1684 52 17716 5 18359
1685 66 31440 2 32379
1686 67 4468 1 5047
1687 48 40731 2 41642
1688 77 41233 1 41870
1689 7 26028 1 26876
1690 74 9085 1 9171
1691 2 19943 3 20684
1692 47 771 3 1103
1693 30 28494 1 28972
1694 63 7546 1 7790
1695 31 8135 2 8692
1696 20 24776 1 25265
1697 22 36336 1 36874
1698 18 24776 1 25548
1699 70 41280 1 42197
1700 56 27773 1 28389
1701 28 28212 1 28468
1702 24 45253 1 46190
1703 68 26378 1 26849
1704 66 41853 1 42756
1705 45 39578 1 39977
1706 42 14137 2 14574
1707 21 10486 2 10888
1708 49 2350 1 2633
1709 64 24776 1 25060
1710 49 15666 1 16475
1711 46 28494 4 29156
1712 52 8363 1 8861
1713 9 20949 1 21379
1714 39 42842 1 43174
1715 45 27522 1 27612
1716 80 3676 4 4167
1717 7 27522 2 27894
1718 30 2492 1 2714
1719 60 17716 4 17934
1720 2 24238 2 24593
1721 73 10680 5 11334
1722 8 43341 1 43905
1723 31 42152 2 42840
1724 35 21779 1 22618
1725 68 5913 3 6846
1726 32 15666 1 20032
1727 31 33338 1 34073
1728 12 4662 1 5001
1729 24 39816 1 40300
1730 61 31635 1 32209
1731 20 43791 1 44662
1732 13 10352 2 10549
1733 31 3685 2 3993
1734 48 7058 1 7834
1735 9 42944 1 43832
1736 20 36542 1 37300
1737 68 37937 1 38155
1738 20 5153 1 5995
1739 4 45253 1 45830
1740 82 30414 2 30720
1741 10 6893 3 7513
1742 28 28494 1 29370
1743 11 8135 4 8593
1744 56 19086 2 19541
1745 55 19072 3 19300
1746 37 13544 1 13866
1747 55 3676 3 4248
1748 64 38621 1 38744
1749 48 40530 1 40731
1750 28 4468 3 5116
1751 73 36855 4 37455
1752 21 1937 1 2183
1753 36 37937 2 38597
1754 22 11058 1 11892
1755 46 36336 4 36965
1756 48 31769 3 32045
1757 40 25772 1 26574
1758 75 27522 3 28507
1759 42 36336 2 36968
1760 46 10352 1 11013
1761 73 2492 2 3486
1762 68 19943 2 20123
1763 74 36855 4 37502
1764 6 3685 1 4535
1765 9 42481 2 42942
1766 81 17716 3 17938
1767 48 5641 1 6994
1768 32 6172 1 6507
1769 57 7546 1 8085
1770 53 16474 2 17355
1771 63 1937 5 2676
1772 42 31440 1 32283
1773 41 24776 1 25097
1774 40 20949 1 21169
1775 69 39977 2 40628
1776 37 39977 2 40103
1777 56 44285 1 44977
1778 44 41758 1 42250
1779 65 44662 2 45167
1780 60 24213 4 24656
1781 46 41280 5 42182
1782 64 45253 1 46149
1783 15 8135 1 8525
1784 17 22021 1 22196
1785 19 20949 2 21591
1786 42 85 4 778
1787 31 22891 1 23074
1788 6 26303 2 26832
1789 54 33841 2 33956
1790 31 1056 1 1813
1791 19 15666 4 16171
1792 25 35689 2 35773
1793 82 23655 5 24609
1794 18 39327 1 39425
1795 4 6807 1 7385
1796 62 45253 1 45871
1797 48 1445 2 2220
1798 82 10486 1 11436
1799 21 34367 1 34560
1800 64 27522 1 27838
1801 28 21779 5 22592
1802 53 39816 4 40695
1803 21 9655 2 10355
1804 72 37937 2 38456
1805 57 42629 1 43269
1806 74 22532 3 23048
1807 82 23269 1 23445
1808 53 26378 2 26464
1809 28 26163 4 26303
1810 54 5913 3 6598
1811 82 22891 1 23046
1812 8 21049 1 21672
1813 46 12645 5 12995
1814 56 23655 1 24643
1815 52 41062 1 41758
1816 71 4468 2 5231
1817 19 7058 1 7265
1818 13 25324 3 25590
1819 46 39652 4 40626
1820 45 33589 1 34121
1821 60 13544 1 13974
1822 28 43791 1 45261
1823 42 43517 2 43662
1824 20 40883 1 41710
1825 39 19943 1 20204
1826 7 39327 2 39647
1827 39 40356 1 41128
1828 58 60 1 292
1829 53 34367 1 34551
1830 71 42954 1 43749
1831 10 28212 3 29062
1832 25 41758 1 42594
1833 78 33589 1 33720
1834 45 4164 2 4527
1835 67 32719 1 33312
1836 4 19943 1 20587
1837 45 5420 1 5979
1838 56 17716 1 18405
1839 70 36855 1 37628
1840 24 14664 1 14882
1841 37 23655 1 24926
1842 21 39845 1 41972
1843 24 28920 1 29132
1844 56 44818 2 45233
1845 45 27773 1 27870
1846 28 10352 1 10783
1847 20 20949 2 21335
1848 42 1412 3 2194
1849 28 4468 1 5663
1850 82 2462 1 3083
1851 51 10486 3 10692
1852 20 33732 1 34423
1853 70 19943 1 20694
1854 48 29177 1 29417
1855 8 2433 1 3347
1856 78 17522 1 18409
1857 20 21779 2 22532
1858 19 41062 1 42240
1859 48 33589 1 33918
1860 30 19850 1 20787
1861 21 33338 2 33839
1862 21 13661 2 14085
1863 37 16755 1 17232
1864 45 29177 1 30115
1865 71 9085 2 9493
1866 17 26028 1 26344
1867 3 22150 3 22473
1868 41 40356 1 41124
1869 41 16753 1 17195
1870 64 26028 1 26928
1871 74 25097 1 25247
1872 6 22891 2 23660
1873 45 39977 1 41009
1874 2 3676 2 4261
1875 40 35420 1 35934
1876 19 22532 3 22934
1877 56 28212 1 28582
1878 77 22532 1 23295
1879 45 19227 1 19355
1880 48 34150 1 34412
1881 35 3676 1 4481
1882 30 12290 1 12832
1883 35 29183 1 29982
1884 37 26163 1 26925
1885 74 6085 1 6421
1886 4 39578 1 40365
1887 51 8702 1 8790
1888 40 42629 1 43210
1889 59 40356 1 40681
1890 6 13544 1 14128
1891 61 8135 2 8256
1892 32 26464 1 26589
1893 60 10352 1 10938
1894 39 30414 1 31351
1895 41 21152 1 21316
1896 62 23269 1 24042
1897 63 39845 1 40492
1898 9 40356 1 40752
1899 82 33732 1 33956
1900 60 34876 1 35510
1901 68 34044 1 34422
1902 78 26028 2 26138
1903 21 25772 1 26213
1904 60 36855 1 37133
1905 41 36855 1 37028
1906 4 21779 1 22646
1907 37 14115 3 14439
1908 51 28494 1 29362
1909 74 15998 1 16553
1910 51 32765 1 33068
1911 60 34367 3 35453
1912 45 34793 1 34945
1913 37 27522 1 28330
1914 59 40883 1 41395
1915 70 27522 2 27994
1916 19 39816 1 40297
1917 79 8135 1 8289
1918 41 15666 1 16054
1919 20 29493 1 29783
1920 83 12290 1 13056
1921 18 42481 1 43107
1922 20 29493 2 29673
1923 71 14703 1 15156
1924 48 28004 1 28945
1925 41 44662 1 45477
1926 6 16620 1 17079
1927 19 38626 3 39302
1928 59 44081 2 44335
1929 6 4164 4 4421
1930 27 41128 1 42039
1931 47 42740 1 42899
1932 52 41758 4 41945
1933 46 30797 4 30939
1934 5 44285 1 45019
1935 53 7475 1 7853
1936 30 956 1 1368
1937 57 22282 1 23129
1938 39 9085 1 10030
1939 59 6085 1 6240
1940 52 14115 2 14771
1941 45 7475 1 8135
1942 60 22532 1 23397
1943 26 8135 3 8390
1944 20 24102 1 24520
1945 9 2 1 264
1946 68 7546 3 8328
1947 15 30470 1 30555
1948 82 42944 1 43528
1949 74 115 1 1083
1950 21 41233 1 42189
1951 66 35194 1 36160
1952 57 39327 2 40078
1953 31 28920 1 29910
1954 82 29183 1 30145
1955 80 16882 3 17085
1956 27 43517 1 43629
1957 56 33732 1 34108
1958 65 24776 1 24911
1959 1 356 3 1329
1960 29 40356 5 41118
1961 60 32749 1 33593
1962 57 3676 1 4116
1963 82 2819 2 3403
1964 6 21779 4 22147
1965 8 3676 1 3916
1966 3 43116 4 43301
1967 62 16753 2 16988
1968 5 8135 1 8448
1969 68 19072 1 19739
1970 56 4468 5 5412
1971 35 30414 1 31422
1972 67 1056 1 1511
1973 83 1937 1 2476
1974 74 40883 1 41588
1975 77 6172 1 6546
1976 35 8135 1 8253
1977 56 25607 1 25749
1978 37 26163 1 26360
1979 47 40883 3 41400
1980 15 41280 1 41853
1981 60 6382 3 7188
1982 51 34793 1 35267
1983 51 16474 1 16882
1984 1 6907 3 7054
1985 51 40883 5 40963
1986 55 25060 2 25914
1987 21 12419 1 12834
1988 19 30658 3 30828
1989 48 569 3 1445
1990 63 5681 2 6242
1991 32 40356 2 41173
1992 15 13772 1 14215
1993 11 4164 1 4942
1994 55 24238 3 24964
1995 28 19072 1 19368
1996 44 36855 1 37527
1997 63 44081 1 44555
1998 64 39816 1 40356
1999 74 34367 2 34656
2000 13 32207 1 32994
2001 4 8363 1 9185
2002 69 22150 2 22393
2003 10 34793 1 35364
2004 4 34044 1 34631
2005 28 45387 4 46313
2006 35 13802 1 14038
2007 32 29493 1 30481
2008 56 36855 1 37261
2009 65 15998 3 16511
2010 23 21779 1 22404
2011 6 18251 2 19086
2012 12 20949 1 21231
2013 75 4164 4 4780
2014 45 6172 2 6458
2015 37 30414 1 31329
2016 54 39578 1 40381
2017 15 19563 1 19850
2018 25 39578 1 40090
2019 54 771 1 1723
2020 55 8356 4 8558
2021 56 356 1 597
2022 25 4662 3 4815
2023 62 12419 1 12957
2024 13 36174 3 36316
2025 39 12419 1 12967
2026 46 15128 3 15684
2027 68 45253 1 46490
2028 9 25772 1 26316
2029 21 39327 1 40816
2030 22 5420 2 6355
2031 45 38342 1 38989
2032 32 2492 5 2922
2033 42 3879 3 4654
2034 64 27870 1 28212
2035 82 569 1 1564
2036 48 45082 3 45501
2037 53 36174 5 36659
2038 53 23269 1 23412
2039 53 33683 2 33771
2040 80 15666 5 16551
2041 44 208 1 990
2042 45 32655 1 33122
2043 65 1012 1 1392
2044 1 17716 1 18331
2045 83 39578 1 40549
2046 20 25060 1 25479
2047 51 13544 2 13699
2048 58 2819 3 2971
2049 82 2710 1 2814
2050 40 37937 1 38766
2051 53 569 1 824
2052 65 38712 3 39440
2053 13 15666 1 16030
2054 47 36855 2 37199
2055 7 29177 2 29753
2056 42 6926 2 7904
2057 64 6807 1 6907
2058 1 44285 3 44639
2059 79 44662 2 45447
2060 48 3676 1 4365
2061 24 29177 1 30062
2062 57 14703 2 15129
2063 36 21779 2 21869
2064 45 8135 2 8687
2065 56 11 5 352
2066 43 39327 4 39482
2067 52 19072 4 19967
2068 51 27870 1 28043
2069 6 5420 5 6172
2070 20 10486 1 11207
2071 22 25607 1 26344
2072 69 38195 1 39091
2073 83 3676 4 4585
2074 17 1056 2 1840
2075 15 42152 1 42647
2076 17 20949 1 21565
2077 62 41758 1 42719
2078 48 19086 2 19219
2079 17 42481 1 42984
2080 68 22021 1 22956
2081 82 33732 1 34069
2082 56 43227 4 43511
2083 20 13544 2 14356
2084 70 25097 1 26443
2085 68 28212 1 28693
2086 68 23532 1 24438
2087 21 42189 1 42831
2088 20 34367 2 34506
2089 53 45387 1 46375
2090 54 44662 1 45355
2091 62 5913 1 6642
2092 29 1227 1 2006
2093 74 4164 1 4462
2094 14 45253 1 45868
2095 47 10352 3 10853
2096 50 29994 1 30702
2097 70 35524 1 36462
2098 1 44662 4 45270
2099 59 45253 1 45607
2100 39 45253 1 45363
2101 78 3685 1 4583
2102 1 8135 2 9072
2103 65 13000 2 13744
2104 18 3 1 333
2105 78 30838 3 31374
2106 56 4662 2 4902
2107 6 23289 1 23479
2108 40 3403 1 3925
2109 18 30414 2 31039
2110 48 27870 1 28741
2111 70 8135 2 8800
2112 25 15666 1 16284
2113 35 44818 1 45278
2114 51 6807 1 7056
2115 1 32655 3 33606
2116 82 11810 1 12669
2117 37 10352 2 11113
2118 78 12924 1 13095
2119 7 44285 2 44740
2120 68 20949 4 21937
2121 57 1937 1 3324
2122 31 67 2 393
2123 32 1038 1 1195
2124 6 25607 1 25907
2125 24 19850 1 19963
2126 74 450 1 553
2127 39 6807 1 7425
2128 54 14115 1 14530
2129 73 26028 1 26335
2130 45 38747 3 39384
2131 24 10486 1 10938
2132 48 19072 1 19792
2133 26 44818 1 45767
2134 50 37937 1 38334
2135 45 10352 3 10486
2136 46 35420 2 35542
2137 51 45253 3 45370
2138 32 22282 2 22453
2139 37 18251 3 18658
2140 10 5641 2 6072
2141 57 31440 1 32166
2142 45 34945 1 35258
2143 18 44818 2 44998
2144 60 37937 1 38195
2145 61 55 1 931
2146 48 29994 2 30251
2147 19 19850 2 20479
2148 4 771 1 1618
2149 20 16753 2 17433
2150 82 35490 1 36274
2151 56 42581 2 42966
2152 69 956 1 1427
2153 82 6807 4 7124
2154 26 25607 5 26607
2155 10 45253 1 45484
2156 27 34367 1 35028
2157 68 14664 3 15621
2158 74 115 2 450
2159 42 11041 1 11661
2160 11 28693 3 28815
2161 28 41758 1 42638
2162 15 5913 1 6227
2163 9 36659 2 37149
2164 55 34367 4 34926
2165 53 34551 4 35428
2166 57 30414 1 31776
2167 5 41853 1 42427
2168 48 8135 3 8743
2169 41 21792 1 22056
2170 65 37937 2 38536
2171 15 20949 1 21887
2172 80 30414 3 31285
2173 43 43227 3 44045
2174 69 29493 1 30049
2175 9 25607 1 26180
2176 36 32749 1 33718
2177 73 5580 5 6223
2178 82 3676 1 5021
2179 43 40883 4 41752
2180 70 42954 1 43334
2181 40 15666 1 16632
2182 28 21 1 740
2183 31 41758 1 42068
2184 82 12669 1 13438
2185 41 27773 1 28447
2186 15 22532 1 23254
2187 79 32701 2 33022
2188 48 32045 2 32701
2189 51 33338 1 33971
2190 66 43116 1 43356
2191 60 36174 1 36845
2192 26 2910 5 3850
2193 67 25607 1 25995
2194 51 43801 1 44541
2195 1 24238 3 24779
2196 37 12967 1 13446
2197 45 14302 2 14817
2198 21 956 1 1707
2199 68 24225 2 24812
2200 59 41853 2 42117
2201 48 12777 1 13142
2202 48 12387 1 14012
2203 44 10352 1 11088
2204 5 2819 1 3448
2205 41 10486 1 11397
2206 76 1937 1 2249
2207 4 6113 1 6228
2208 44 12473 1 13286
2209 15 22021 1 22758
2210 15 6807 1 7058
2211 68 41009 1 41502
2212 74 40356 1 40637
2213 67 15128 1 15478
2214 57 6270 1 6955
2215 73 14115 4 14857
2216 71 40437 2 40557
2217 53 19072 5 19980
2218 7 2324 1 2710
2219 70 20949 1 21337
2220 7 3676 2 4033
2221 6 6172 2 6548
2222 33 15666 2 16632
2223 71 15666 4 16550
2224 56 35194 3 35420
2225 53 42152 4 42270
2226 51 19086 2 20241
2227 61 956 1 1388
2228 68 33732 1 33874
2229 20 36174 2 36542
2230 56 38735 1 39081
2231 45 22021 1 23011
2232 62 43791 1 44171
2233 6 23532 1 24078
2234 26 41062 1 42057
2235 45 8135 1 8902
2236 24 34793 1 35531
2237 37 21152 1 21462
2238 23 31635 1 31722
2239 17 11810 1 12595
2240 42 6382 1 6731
2241 57 37937 2 39021
2242 79 36855 1 37631
2243 57 27522 1 28134
2244 31 12204 1 12317
2245 73 39327 2 39476
2246 51 38342 1 39232
2247 68 1412 1 2411
2248 72 20949 1 21724
2249 58 8135 1 8795
2250 33 32719 2 33020
2251 45 22532 2 22801
2252 69 12473 2 13212
2253 70 33841 1 34283
2254 20 22532 1 23262
2255 66 45082 2 45794
2256 64 1227 1 1718
2257 44 38735 1 39066
2258 59 32655 2 33693
2259 45 24776 1 24860
2260 55 96 3 838
2261 81 44470 3 44665
2262 43 26630 2 27287
2263 48 37937 3 38198
2264 45 8743 1 8962
2265 55 14115 3 14827
2266 37 26464 1 27446
2267 1 11058 3 11295
2268 41 41280 1 41876
2269 28 19563 1 20182
2270 82 1350 2 1467
2271 36 39845 3 40691
2272 29 19227 1 19684
2273 20 6807 1 8072
2274 20 38712 1 39327
2275 74 29183 1 29630
2276 82 30763 4 31440
2277 42 38195 2 38939
2278 45 36502 1 37116
2279 63 28212 2 28920
2280 60 97 2 1015
2281 18 17433 1 18081
2282 23 36174 1 36477
2283 22 42152 1 42709
2284 28 22891 1 23539
2285 31 956 2 1465
2286 30 20949 1 21462
2287 41 42152 1 42385
2288 8 4164 1 4670
2289 31 39845 2 39983
2290 48 26630 1 27416
2291 56 4662 1 4868
2292 82 36336 1 36788
2293 45 42481 1 42772
2294 22 4468 1 5145
2295 74 43558 1 44412
2296 37 6807 1 8401
2297 50 15666 2 16082
2298 6 38342 1 39321
2299 45 39327 1 39853
2300 51 34150 3 34640
2301 73 13661 1 13911
2302 67 44285 1 44551
2303 48 32655 1 33071
2304 81 40356 3 40693
2305 36 4662 4 5111
2306 83 43791 1 44618
2307 74 14115 1 14913
2308 70 11810 1 12510
2309 48 19227 2 19563
2310 67 43791 1 43906
2311 69 4662 1 5144
2312 7 23269 1 24051
2313 21 12924 2 13234
2314 41 35420 1 35941
2315 74 19086 1 19660
2316 18 11041 1 11646
2317 62 2710 4 3690
2318 25 32701 1 33018
2319 5 37937 1 38661
2320 18 12204 2 12419
2321 52 34367 2 35327
2322 57 45253 1 46198
2323 44 34551 1 34934
2324 36 41758 3 42148
2325 48 38198 1 38670
2326 53 36855 1 37121
2327 14 44285 1 44648
2328 53 30797 1 31465
2329 20 30763 1 32017
2330 45 41062 3 42006
2331 51 22891 4 23269
2332 37 30280 3 31125
2333 16 15666 1 16377
2334 45 2819 3 3414
2335 7 41062 1 41215
2336 70 6418 1 6580
2337 53 16474 1 17081
2338 48 27773 1 27858
2339 70 22532 3 23364
2340 29 16580 5 17458
2341 72 30414 5 30855
2342 6 19086 3 19187
2343 5 41128 1 41323
2344 56 27522 3 28007
2345 74 35194 1 35855
2346 19 8135 1 9090
2347 60 40883 2 41507
2348 82 41758 1 42373
2349 71 41062 1 41329
2350 68 4850 1 5350
2351 53 29237 2 29683
2352 56 1056 2 1467
2353 20 42581 1 43116
2354 28 28212 3 28697
2355 39 43341 1 43608
2356 13 37937 1 38472
2357 36 36174 3 36313
2358 13 19850 3 20799
2359 20 32719 1 33482
2360 56 34150 5 34639
2361 70 28212 3 29194
2362 50 16474 1 16562
2363 19 40356 1 40947
2364 59 16474 2 17185
2365 60 16474 1 17370
2366 31 17716 2 18707
2367 66 15666 1 16243
2368 59 37937 3 38465
2369 8 1937 1 2217
2370 8 29183 1 29624
2371 79 14664 1 14792
2372 78 43227 2 43676
2373 37 32775 1 33540
2374 64 15666 1 15789
2375 74 38712 1 39632
2376 26 11810 5 12396
2377 7 44818 2 45747
2378 39 8279 1 9082
2379 52 13661 1 13861
2380 67 17716 1 18345
2381 43 3879 2 4743
2382 45 45387 1 45748
2383 60 26303 2 26401
2384 42 9655 1 10482
2385 39 35018 1 35951
2386 20 2985 1 3685
2387 59 19320 1 20224
2388 48 13544 2 14504
2389 50 1937 4 2612
2390 6 19943 5 20808
2391 74 39327 1 39632
2392 69 34150 1 34910
2393 73 32701 1 32797
2394 37 208 3 812
2395 33 40356 3 40871
2396 28 28920 1 29916
2397 20 27522 2 27773
2398 8 41062 1 41841
2399 24 4468 1 5102
2400 65 43116 1 43915
2401 46 37937 1 38455
2402 54 36325 1 36766
2403 31 35420 1 36010
2404 69 26303 1 26798
2405 19 27773 2 28404
2406 47 3879 3 4312
2407 25 28494 1 28952
2408 28 13802 2 14241
2409 2 10680 1 10866
2410 9 3676 1 4416
2411 53 34793 1 35697
2412 20 42481 2 43020
2413 17 6172 1 6493
2414 67 22532 1 22811
2415 15 45253 1 46662
2416 42 34876 1 35803
2417 57 33338 1 34693
2418 77 34367 2 35274
2419 73 8656 3 9537
2420 19 42629 3 43616
2421 65 42152 3 42662
2422 56 22618 2 23013
2423 4 27522 1 28234
2424 48 34551 1 35484
2425 53 12204 2 12638
2426 53 41758 1 42104
2427 61 38198 1 38292
2428 58 22021 2 22685
2429 21 6807 1 7575
2430 60 45253 2 45508
2431 60 30838 1 31565
2432 82 21779 3 22636
2433 74 29749 1 30103
2434 44 3403 1 3853
2435 33 208 1 436
2436 55 2819 1 3472
2437 56 45253 1 46452
2438 21 29177 3 29914
2439 82 29493 1 29790
2440 63 26163 1 26487
2441 4 30797 1 31155
2442 21 4662 1 5579
2443 68 13544 2 14323
2444 23 6085 1 6674
2445 58 6893 3 7153
2446 51 36174 2 36907
2447 37 29177 3 29768
2448 25 34793 2 35021
2449 46 1412 4 1670
2450 49 3879 1 4797
2451 79 19072 3 19653
2452 15 40 2 208
2453 37 45387 1 46268
2454 82 33338 5 33732
2455 2 29493 3 30444
2456 42 42153 4 42877
2457 79 27522 2 28439
2458 39 22021 1 22377
2459 24 956 1 1144
2460 60 41233 1 41861
2461 70 37937 2 38629
2462 57 19850 1 20764
2463 37 10486 1 11450
2464 37 35524 1 35857
2465 20 1937 1 2236
2466 8 15666 1 16474
2467 50 25772 2 26404
2468 39 3685 1 3938
2469 59 10352 1 11293
2470 35 10486 1 10781
2471 5 29183 1 30134
2472 52 42772 4 43554
2473 59 22021 3 22331
2474 26 6807 1 6996
2475 39 31769 1 32255
2476 64 37937 1 38212
2477 15 12977 2 13065
2478 37 5420 2 5944
2479 8 64 1 715
2480 46 33338 4 34275
2481 48 11025 1 11889
2482 21 2971 1 3257
2483 21 52 1 908
2484 32 20949 3 21996
2485 18 41124 1 41715
2486 41 38195 1 39147
2487 10 39327 1 39957
2488 48 32655 1 33363
2489 51 29183 3 29684
2490 47 20949 1 21571
2491 37 956 4 1313
2492 64 19072 1 19821
2493 80 45387 4 45705
2494 20 14137 1 15093
2495 73 8135 1 8246
2496 7 5913 1 6115
2497 20 23269 1 23815
2498 64 33338 1 33523
2499 82 15666 1 16195
2500 18 2710 2 3602
2501 77 35420 3 36308
2502 31 28494 3 28890
2503 47 2492 1 2893
2504 74 15666 2 15958
2505 74 15128 1 16040
2506 83 39006 3 39224
2507 44 32701 1 33699
2508 46 5420 3 6248
2509 45 34044 2 34621
2510 10 40883 3 41718
2511 37 36542 1 36889
2512 65 6807 1 7491
2513 56 36174 1 36387
2514 21 16982 1 17907
2515 22 34793 1 35453
2516 47 36336 1 36822
2517 59 41311 2 41764
2518 6 34793 1 35282
2519 32 54 1 213
2520 73 42842 5 43111
2521 68 38198 1 38860
2522 45 1412 3 2354
2523 31 11041 2 11957
2524 71 41758 1 42191
2525 50 19943 2 20567
2526 65 44081 3 44480
2527 46 22532 5 23246
2528 25 16474 1 16720
2529 13 44081 1 44702
2530 23 3879 1 4837
2531 68 4164 3 4670
2532 25 25772 2 26359
2533 2 5580 2 6507
2534 6 28920 4 29773
2535 20 33338 1 33649
2536 70 10352 2 10680
2537 74 23269 2 24219
2538 36 41124 4 41380
2539 65 41758 3 41894
2540 26 37937 2 38574
2541 65 26028 2 26733
2542 57 32655 1 33570
2543 53 38712 1 39495
2544 40 31440 1 31522
2545 74 28920 1 29206
2546 46 55 4 1036
2547 60 4662 2 5739
2548 36 16755 2 17264
2549 15 36336 2 36915
2550 4 20949 1 21767
2551 50 23269 3 24139
2552 79 21779 1 22105
2553 63 6172 1 6783
2554 59 28212 1 29012
2555 17 24776 1 25618
2556 51 16982 1 17681
2557 35 28212 1 28623
2558 53 333 2 929
2559 12 37937 1 38696
2560 2 45387 1 45559
2561 35 42954 1 44818
2562 57 19072 2 19774
2563 62 22134 1 23082
2564 23 18251 1 18623
2565 69 6893 2 7142
2566 19 28494 2 28597
2567 68 10604 1 11323
2568 70 29493 2 29660
2569 45 1227 3 1452
2570 37 11810 3 12399
2571 45 14302 1 15128
2572 64 44081 1 44820
2573 31 38198 1 38317
2574 64 1937 1 2350
2575 45 30797 1 31132
2576 48 19563 3 20423
2577 58 15697 2 16361
2578 64 11397 1 12178
2579 60 20949 3 21049
2580 49 4662 1 4825
2581 57 22532 1 23912
2582 83 19943 1 20659
2583 79 5420 5 6030
2584 9 22021 1 22258
2585 37 5420 2 5776
2586 36 39327 2 39838
2587 57 12924 1 13611
2588 62 6807 1 7252
2589 20 11058 1 11905
2590 78 39816 3 40498
2591 39 22891 1 23288
2592 66 39327 1 40207
2593 82 30414 4 30676
2594 32 39006 1 39636
2595 21 4662 1 5255
2596 35 39632 1 40194
2597 45 38195 1 38747
2598 18 36174 1 36783
2599 71 21944 1 22874
2600 53 44285 3 45167
2601 73 37937 2 38703
2602 36 43227 2 43793
2603 52 3676 3 4144
2604 15 23269 2 24238
2605 73 24866 4 25726
2606 30 2971 1 3738
2607 78 8135 3 8622
2608 59 24776 1 25183
2609 52 41945 5 42030
2610 30 6807 1 7241
2611 9 5420 1 5743
2612 15 39327 1 40244
2613 81 41128 2 41776
2614 72 3879 5 4706
2615 80 13544 4 14518
2616 70 35420 1 35560
2617 32 17433 1 17917
2618 60 31635 1 32552
2619 74 38198 1 39091
2620 15 5913 1 6586
2621 60 35194 1 35874
2622 20 39006 1 39706
2623 10 2462 3 2551
2624 31 23269 3 23396
2625 78 11810 1 11946
2626 60 42153 1 42797
2627 47 45253 3 45935
2628 1 2324 2 2459
2629 67 35420 1 36322
2630 41 11397 1 12193
2631 55 1702 2 2267
2632 17 32045 1 33035
2633 78 2324 2 2558
2634 13 30470 3 30809
2635 44 11810 1 12464
2636 23 31876 1 32607
2637 37 12419 4 13115
2638 83 5153 3 5599
2639 45 10988 1 11482
2640 2 33338 3 34100
2641 56 771 3 1552
2642 75 13661 5 14021
2643 72 19072 5 19402
2644 47 44081 2 44369
2645 15 24238 1 25015
2646 65 17716 2 18618
2647 39 37937 1 38580
2648 31 23916 1 24753
2649 48 5580 1 6145
2650 59 8656 1 8936
2651 48 21152 2 21944
2652 53 19462 3 20116
2653 46 16474 2 16824
2654 7 3403 2 3579
2655 68 44470 2 44603
2656 58 39845 2 40336
2657 68 38860 2 39394
2658 15 11058 1 11844
2659 45 13688 2 14093
2660 15 17522 1 19061
2661 18 22532 1 22664
2662 26 34367 4 34895
2663 72 38747 4 39219
2664 31 6907 1 7214
2665 21 24776 1 25622
2666 20 32045 1 32997
2667 18 28920 1 29473
2668 59 1350 3 1994
2669 37 34044 4 34258
2670 83 25097 1 25864
2671 18 26028 2 26579
2672 59 3676 4 4430
2673 54 12645 3 13621
2674 73 20949 4 21093
2675 51 27773 1 28280
2676 74 19850 2 20766
2677 55 7475 3 8344
2678 9 18251 1 18853
2679 60 41758 2 42234
2680 18 38735 1 39322
2681 53 31876 2 32413
2682 68 2433 1 2983
2683 16 28212 1 29201
2684 5 6807 1 7592
2685 57 24102 1 24931
2686 53 1038 1 1261
2687 32 28004 1 28148
2688 30 17716 1 18573
2689 68 1056 3 1843
2690 4 38198 1 38632
2691 6 12387 1 13310
2692 83 37937 1 38325
2693 6 34367 1 34810
2694 47 44662 1 44934
2695 45 18251 1 19031
2696 8 6085 1 6940
2697 47 4468 1 5109
2698 49 11058 1 11719
2699 53 22891 2 23803
2700 51 37937 1 38342
2701 36 30280 1 31198
2702 45 15666 1 16097
2703 28 35420 4 35690
2704 48 14703 1 15666
2705 60 44285 1 45225
2706 48 43116 1 43877
2707 46 8656 4 9010
2708 63 22134 1 22310
2709 60 29493 4 30414
2710 36 44818 1 45153
2711 45 12645 2 12877
2712 31 38198 1 39065
2713 59 36542 1 36964
2714 70 29994 3 30673
2715 1 5641 3 5855
2716 63 21152 2 21588
2717 75 6807 3 7297
2718 48 5153 2 5639
2719 22 42944 1 43142
2720 19 44662 1 45045
2721 20 45343 1 46167
2722 20 27773 1 28012
2723 48 35018 1 36174
2724 28 23655 4 24440
2725 70 15666 1 16247
2726 54 46 3 664
2727 51 2819 4 3491
2728 64 21779 1 22524
2729 56 17716 1 17879
2730 25 37937 2 38257
2731 13 17716 1 18067
2732 82 6297 3 6418
2733 54 11397 1 11822
2734 55 5708 2 6048
2735 27 31635 1 32246
2736 56 28212 3 28527
2737 25 8135 3 8399
2738 74 34044 2 34345
2739 2 6893 1 7611
2740 15 4662 1 5436
2741 41 26028 1 26875
2742 74 38198 1 38790
2743 21 34793 3 35543
2744 51 13000 3 13453
2745 64 36174 1 36789
2746 83 45253 4 45447
2747 22 44081 1 44639
2748 31 5641 1 5941
2749 23 19072 1 19633
2750 13 13661 4 14446
2751 47 25607 3 26110
2752 74 26303 1 26963
2753 42 33589 2 34272
2754 68 24776 1 25765
2755 60 22891 1 24206
2756 44 31635 1 32214
2757 4 41062 1 41660
2758 68 40356 1 41206
2759 20 12419 1 13344
2760 53 36659 1 36885
2761 46 39006 5 39622
2762 6 3685 4 3802
2763 23 28494 1 29303
2764 3 44285 3 45124
2765 64 36855 1 37730
2766 37 22134 1 22344
2767 31 41280 2 41882
2768 68 35192 1 35440
2769 56 2910 1 3803
2770 25 44081 1 44336
2771 36 6085 1 6558
2772 13 4468 1 5109
2773 28 30389 1 32204
2774 57 35420 1 36227
2775 21 24213 1 24645
2776 25 36855 2 37143
2777 4 36174 1 37122
2778 12 22532 1 22883
2779 25 31635 2 32240
2780 79 41758 2 42674
2781 5 30797 1 31664
2782 53 14115 2 14387
2783 82 569 1 1227
2784 74 2350 1 3260
2785 53 15998 1 16930
2786 45 15128 1 15697
2787 9 12645 1 13337
2788 60 25607 3 26132
2789 18 43146 1 43447
2790 11 21792 2 21949
2791 80 38735 3 38996
2792 1 15998 2 16771
2793 80 39006 3 39159
2794 56 12387 3 13146
2795 8 35420 1 36232
2796 9 8135 1 9351
2797 19 3676 4 4370
2798 26 15128 3 15816
2799 60 23269 1 24028
2800 22 24776 1 25369
2801 74 29493 1 29887
2802 28 41280 2 42088
2803 64 17716 1 18109
2804 7 35194 1 36144
2805 74 16474 2 17365
2806 46 42481 1 43336
2807 6 16474 4 17395
2808 83 41330 3 41559
2809 82 1564 3 1849
2810 54 42152 1 43066
2811 28 21779 4 22546
2812 67 36325 1 37211
2813 51 29749 3 30042
2814 43 5436 4 5658
2815 65 45278 1 45516
2816 59 31769 2 32617
2817 64 31440 1 32295
2818 3 37937 3 38647
2819 74 11810 1 12204
2820 70 45253 2 45958
2821 7 10352 1 11074
2822 79 6807 1 7619
2823 25 17522 2 18417
2824 7 28004 1 28458
2825 60 17716 1 17998
2826 39 6807 1 7681
2827 43 34793 4 35622
2828 37 9085 1 9443
2829 59 13544 1 14163
2830 59 771 2 1120
2831 83 11397 2 12162
2832 79 15666 3 16609
2833 2 38735 1 39470
2834 30 16474 1 16931
2835 72 27870 2 28240
2836 37 8135 3 9101
2837 24 43227 1 44076
2838 52 27 2 258
2839 64 6907 1 7678
2840 5 17051 1 17532
2841 80 2710 1 2890
2842 70 25324 1 26048
2843 71 17716 1 17846
2844 4 15666 1 16044
2845 37 43517 3 44119
2846 49 23269 1 24233
2847 77 17522 1 17958
2848 60 30414 5 30838
2849 25 25607 3 25768
2850 68 41233 2 41381
2851 6 43227 4 44159
2852 23 42153 1 42516
2853 13 34150 1 34863
2854 21 40883 1 41156
2855 39 44285 1 44951
2856 7 1937 1 2471
2857 1 19 1 104
2858 39 41758 1 42135
2859 56 12387 2 12743
2860 51 14115 3 14605
2861 15 42954 1 43273
2862 82 32207 1 33241
2863 49 36174 2 36417
2864 12 17716 1 18462
2865 66 28494 2 29406
2866 15 33338 2 34200
2867 31 30658 1 31136
2868 6 6907 1 7439
2869 63 41280 4 41759
2870 18 34793 2 35300
2871 79 22532 1 23266
2872 63 3879 2 4030
2873 5 3676 1 4468
2874 9 22532 1 23532
2875 56 19850 2 20125
2876 57 3676 1 4315
2877 37 16580 1 17276
2878 32 10352 1 11396
2879 39 26630 1 27207
2880 1 39006 4 39112
2881 51 34367 1 34630
2882 37 13870 2 14115
2883 73 34044 5 34153
2884 39 4662 1 5580
2885 57 5641 1 6369
2886 82 35490 1 36018
2887 13 5420 1 6252
2888 36 3403 3 3906
2889 65 35420 1 36006
2890 33 17716 3 17903
2891 53 40883 4 41102
2892 56 22550 1 23937
2893 10 16474 2 16984
2894 60 35524 3 35882
2895 75 16 4 193
2896 40 14302 1 14994
2897 9 10352 1 10521
2898 41 12387 1 13284
2899 68 4662 1 5154
2900 60 45253 3 46161
2901 82 32045 1 32172
2902 2 569 3 1313
2903 48 36855 4 37458
2904 36 44285 2 45235
2905 48 41758 1 41903
2906 66 22891 3 23056
2907 76 41280 1 41708
2908 56 28920 2 29465
2909 53 20949 2 21192
2910 28 12967 1 13261
2911 20 31876 1 33507
2912 7 25060 1 25678
2913 42 38735 3 38942
2914 65 23532 2 23743
2915 63 4661 5 5316
2916 57 18251 1 18973
2917 50 19072 4 19673
2918 68 23749 1 24225
2919 59 44662 2 45041
2920 68 40356 1 40987
2921 60 19086 1 20069
2922 16 5420 1 5889
2923 54 24238 2 24470
2924 78 6893 3 7369
2925 39 33841 1 34545
2926 9 21779 1 21964
2927 60 36325 2 37175
2928 68 771 1 1161
2929 73 956 3 1676
2930 51 10352 1 10946
2931 20 16620 1 17081
2932 51 2492 1 3207
2933 82 23046 1 23655
2934 1 19072 1 19512
2935 57 34551 1 35056
2936 28 34551 2 35017
2937 60 13000 1 13990
2938 50 34367 3 34837
2939 53 956 1 1810
2940 57 33589 1 33888
2941 36 1564 2 2156
2942 65 12204 4 12902
2943 56 16753 5 17635
2944 15 21887 1 22409
2945 59 29177 1 29698
2946 60 41853 1 42409
2947 5 45063 1 45964
2948 25 4850 1 5768
2949 44 4164 1 4854
2950 61 25060 1 25403
2951 9 5708 2 6211
2952 16 29861 1 30612
2953 31 22532 1 22844
2954 80 18251 4 18510
2955 5 956 1 1913
2956 74 41758 1 42581
2957 40 10352 1 10458
2958 76 33593 1 34048
2959 69 32719 1 33631
2960 45 43428 1 43931
2961 26 1937 2 2338
2962 11 35524 1 36020
2963 25 23269 2 23893
2964 18 25097 1 25895
2965 58 33683 1 34304
2966 22 6807 1 7123
2967 9 16474 1 17066
2968 59 35689 1 36533
2969 31 35524 2 36290
2970 18 5455 2 5980
2971 21 12777 1 13557
2972 37 12977 4 13870
2973 34 29183 1 29622
2974 48 13544 1 13656
2975 75 1412 3 1791
2976 23 10352 1 11781
2977 56 33338 1 34150
2978 51 33589 1 34250
2979 70 2528 1 3414
2980 55 32207 1 32424
2981 45 10988 1 11471
2982 63 40356 3 41134
2983 77 26303 3 26810
2984 37 4854 1 5465
2985 56 38195 2 38656
2986 66 32701 3 32832
2987 36 21779 1 22212
2988 45 44081 1 45281
2989 39 32719 1 32921
2990 22 28004 4 28695
2991 19 1339 2 1435
2992 48 14115 1 14362
2993 13 44818 1 45494
2994 74 39632 4 40061
2995 56 20949 1 22282
2996 82 42481 1 42944
2997 37 19850 1 20214
2998 33 20949 2 21193
2999 77 39 1 787
3000 9 37937 1 38621
3001 82 11041 1 11810
3002 54 25060 1 25411
3003 79 8363 1 8950
3004 6 4662 5 5589
3005 31 41062 1 41174
3006 80 43146 5 43515
3007 18 333 2 509
3008 53 22150 1 22806
3009 65 5913 4 6593
3010 45 15998 1 16551
3011 39 25607 1 26561
3012 64 35 1 717
3013 65 5420 1 5681
3014 82 40883 1 41359
3015 67 14387 1 14720
3016 59 14664 1 15293
3017 56 44081 2 44195
3018 61 10352 2 10858
3019 67 13544 1 14061
3020 48 39816 4 40530
3021 56 23269 1 24124
3022 39 13661 1 14137
3023 58 12204 1 12339
3024 33 43517 3 43703
3025 8 16474 1 17045
3026 56 4164 1 4410
3027 21 10486 1 11073
3028 61 4934 1 5495
3029 34 40883 3 41063
3030 45 20949 3 21311
3031 9 41758 1 42180
3032 60 41 3 865
3033 45 41758 1 42153
3034 62 14115 1 14718
3035 5 32655 1 32963
3036 68 29749 4 30102
3037 57 40356 1 41330
3038 19 26303 1 26441
3039 48 1445 2 1979
3040 47 27522 2 28482
3041 30 45253 1 46024
3042 52 38860 2 39613
3043 20 3685 1 4380
3044 82 38756 1 39652
3045 9 15666 1 15813
3046 18 1564 1 2225
3047 60 1937 1 2064
3048 20 29994 1 30225
3049 39 36855 1 37044
3050 6 26028 1 26578
3051 82 4468 1 5340
3052 51 39327 1 39540
3053 58 34044 2 34807
3054 76 6893 1 7603
3055 4 5420 1 5676
3056 64 40883 1 41675
3057 48 39327 4 39816
3058 79 11041 1 11187
3059 2 41280 3 41600
3060 73 26378 1 26758
3061 24 19072 1 19838
3062 23 26 1 626
3063 12 39327 1 40079
3064 59 30658 2 31234
3065 68 17790 2 17921
3066 74 8363 1 8950
3067 15 356 1 940
3068 31 1702 1 2089
3069 65 27522 2 27929
3070 20 5420 1 5846
3071 58 43227 1 43737
3072 48 42581 3 42983
3073 15 32749 1 32849
3074 7 30414 2 31171
3075 15 14387 1 15056
3076 67 39327 1 39846
3077 19 12387 1 12715
3078 58 25326 1 25753
3079 74 12777 1 13772
3080 42 42944 4 43493
3081 37 43558 2 43713
3082 74 45253 2 45704
3083 58 20949 3 21517
3084 29 30414 1 31217
3085 16 20949 1 21926
3086 42 9085 4 9290
3087 74 36336 2 36689
3088 38 41758 1 42525
3089 42 39816 3 40324
3090 48 12777 1 12868
3091 22 39327 1 40220
3092 35 1412 1 2350
3093 2 26 3 259
3094 53 12204 2 12511
3095 45 24102 1 24889
3096 72 51 3 692
3097 82 27522 1 28333
3098 39 42481 1 42740
3099 20 19086 1 19212
3100 82 40356 1 40789
3101 48 6145 1 6954
3102 23 30414 1 30594
3103 24 32701 1 32991
3104 68 41853 3 42546
3105 74 21779 1 21965
3106 6 27773 3 28672
3107 53 31876 1 32417
3108 23 42581 1 42790
3109 8 23269 1 23618
3110 47 12777 1 12960
3111 70 37937 1 38252
3112 19 25607 1 26289
3113 25 34972 1 35399
3114 20 10352 1 10489
3115 78 15666 1 16190
3116 49 39845 1 40698
3117 25 33338 2 33811
3118 53 60 2 517
3119 80 19086 4 20069
3120 24 41853 1 42474
3121 79 29177 1 30153
3122 22 8135 1 8832
3123 54 29493 1 30253
3124 57 41330 2 41425
3125 25 21944 2 22919
3126 66 7 1 721
3127 47 19072 3 19275
3128 58 3676 2 4222
3129 15 8656 2 8843
3130 69 19072 2 19997
3131 38 22532 1 22721
3132 4 2433 1 2927
3133 19 36940 1 37729
3134 67 21779 1 21937
3135 42 38195 1 38368
3136 48 25607 1 26387
3137 48 9655 3 10604
3138 58 36174 1 36730
3139 47 16882 2 17792
3140 69 15697 1 16546
3141 74 32775 1 33589
3142 57 6807 1 7114
3143 65 29183 4 29415
3144 70 40356 1 40958
3145 68 32701 1 33683
3146 27 25607 4 26565
3147 64 42581 1 43910
3148 28 333 2 926
3149 52 22532 5 22748
3150 72 10352 2 11182
3151 63 42189 3 42392
3152 9 14664 1 15165
3153 28 3015 1 3740
3154 82 8135 1 8596
3155 53 29183 1 29457
3156 40 12419 1 12916
3157 64 8135 1 8656
3158 63 40883 1 41183
3159 25 34044 3 34391
3160 74 33589 1 34042
3161 41 23269 1 24164
3162 44 1227 1 2009
3163 28 13870 3 14575
3164 15 40437 2 40876
3165 68 37023 4 37274
3166 66 18251 1 18886
3167 54 17433 1 18372
3168 39 156 1 554
3169 16 43146 1 43772
3170 30 22532 1 22951
3171 22 12777 1 13289
3172 82 39652 2 39858
3173 42 40883 1 41365
3174 59 34150 1 35079
3175 57 43517 1 44923
3176 48 3676 1 4417
3177 56 38195 1 38881
3178 60 24776 2 24861
3179 12 6807 1 7010
3180 65 8135 1 9049
3181 9 8356 1 9336
3182 74 5420 3 5977
3183 13 23532 1 23943
3184 60 42954 1 44207
3185 68 42842 1 43383
3186 8 11810 1 12129
3187 18 16474 1 16939
3188 68 31769 2 32547
3189 53 28004 1 28252
3190 24 27522 1 28100
3191 35 36855 1 37060
3192 18 12777 1 12975
3193 56 40883 2 41311
3194 35 65 1 832
3195 42 4662 4 4936
3196 51 40883 4 41059
3197 74 27773 1 28377
3198 12 13544 1 14431
3199 53 44081 1 45006
3200 61 45253 1 45989
3201 49 32207 1 32724
3202 31 36855 1 37242
3203 45 12290 4 12645
3204 13 36336 1 36910
3205 21 26378 1 26510
3206 48 26630 1 27522
3207 82 5420 1 5708
3208 27 30414 1 30967
3209 7 13870 1 14840
3210 6 10938 2 11297
3211 56 35420 3 36025
3212 58 569 2 728
3213 52 15128 1 15949
3214 18 42153 1 42972
3215 67 47 1 1011
3216 27 28920 1 29866
3217 6 39327 3 39787
3218 16 24102 1 24575
3219 28 39578 3 40079
3220 59 30389 2 30612
3221 51 45387 3 45633
3222 36 14115 4 14773
3223 82 29183 1 29342
3224 7 2710 1 3196
3225 7 36174 1 37081
3226 60 1056 3 1644
3227 37 45387 1 45601
3228 14 31769 1 32382
3229 58 12387 1 12816
3230 6 32749 2 32990
3231 56 4164 4 5111
3232 82 29183 1 30763
3233 18 45253 1 45798
3234 33 42152 1 42941
3235 71 29177 1 29802
3236 35 5913 1 6637
3237 20 10 1 861
3238 18 27870 1 28507
3239 60 25772 2 26756
3240 53 30797 2 31697
3241 55 10486 3 11022
3242 19 30838 1 31764
3243 60 18426 1 18731
3244 64 5681 1 6270
3245 60 29861 1 30408
3246 26 22532 4 23167
3247 56 30280 4 30753
3248 26 28920 2 29729
3249 63 43791 1 44760
3250 20 27773 1 28483
3251 40 41853 1 42580
3252 45 25772 1 25884
3253 11 15666 1 16330
3254 37 3676 1 4155
3255 53 23532 1 24094
3256 25 27522 3 28221
3257 41 33589 1 34533
3258 13 12645 1 13124
3259 48 27522 3 27636
3260 41 43146 1 43857
3261 70 33338 1 34199
3262 39 19541 1 19828
3263 70 36174 2 36994
3264 60 16982 1 18347
3265 50 22891 4 23126
3266 58 26028 1 26594
3267 68 35689 2 36325
3268 71 32207 3 32958
3269 82 14115 1 14675
3270 41 30414 1 30839
3271 25 19850 1 20389
3272 31 15998 3 16318
3273 9 771 1 2980
3274 61 38342 1 39055
3275 39 6085 1 6479
3276 46 24776 2 25379
3277 82 16474 1 18044
3278 61 36855 1 37583
3279 55 33338 3 34328
3280 12 8135 1 8991
3281 74 34551 1 34793
3282 21 2819 1 3597
3283 7 19072 2 19778
3284 50 4662 2 5150
3285 20 43341 1 43791
3286 22 21049 1 21959
3287 30 26378 1 27084
3288 83 6418 2 7172
3289 60 2528 2 2910
3290 40 39689 1 40569
3291 79 37937 1 38615
3292 6 19227 2 19640
3293 55 41758 2 42256
3294 19 36174 1 36940
3295 55 30797 1 31684
3296 68 8356 1 8658
3297 19 4662 2 5224
3298 47 21779 1 22671
3299 60 38195 2 38926
3300 39 24776 1 25594
3301 27 19328 1 19496
3302 54 19227 1 19925
3303 55 18251 3 18539
3304 72 39816 4 40293
3305 74 4468 3 4952
3306 56 10489 2 11329
3307 6 32719 3 33297
3308 70 42153 2 42339
3309 46 20949 3 21126
3310 53 3403 1 4124
3311 15 5436 2 5641
3312 48 28920 1 29873
3313 74 10352 4 10993
3314 40 450 1 703
3315 31 6085 2 6308
3316 9 34945 1 35860
3317 68 39578 3 39814
3318 18 20949 1 21430
3319 28 32701 3 33264
3320 53 26163 1 26378
3321 19 39327 3 39691
3322 45 42153 3 42291
3323 53 15666 2 15952
3324 40 24102 1 24885
3325 71 8135 3 8909
3326 68 33683 1 34267
3327 23 45253 1 45458
3328 36 45387 3 45736
3329 49 34793 1 35491
3330 55 32701 3 32941
3331 65 4662 1 5251
3332 35 42153 1 42698
3333 73 45253 1 45697
3334 24 25607 1 25911
3335 80 956 3 1717
3336 7 40883 1 41008
3337 5 42772 1 43747
3338 77 28212 1 28735
3339 82 13661 2 14113
3340 58 19072 1 19327
3341 79 67 2 683
3342 30 13000 1 13527
3343 74 11058 2 11319
3344 70 55 3 765
3345 68 1937 1 2916
3346 40 36855 1 37085
3347 36 15128 3 16006
3348 1 15666 1 15751
3349 60 28212 3 28911
3350 47 14387 1 14922
3351 49 956 1 1421
3352 45 1038 1 1289
3353 65 33589 2 34222
3354 62 35420 1 36134
3355 59 32 1 156
3356 12 2433 1 3049
3357 61 16620 1 16938
3358 82 28494 3 28754
3359 51 20949 4 21619
3360 15 208 1 1038
3361 42 5641 3 6487
3362 82 33732 2 34075
3363 12 11923 1 12799
3364 28 29493 1 29944
3365 30 36325 1 36697
3366 73 19072 1 19270
3367 45 31876 1 32719
3368 74 32749 2 33691
3369 1 2528 1 2965
3370 45 17716 3 18251
3371 77 32655 1 33514
3372 56 6085 2 7065
3373 53 41758 3 42152
3374 82 38860 1 39657
3375 10 21944 3 22916
3376 10 33 2 931
3377 47 35524 2 36263
3378 48 11041 2 11803
3379 30 30838 1 31329
3380 28 5913 3 6781
3381 24 16474 1 17301
3382 31 4035 2 4971
3383 80 11 1 343
3384 72 36855 4 37112
3385 6 35420 3 36393
3386 32 6807 1 7745
3387 80 39816 2 39962
3388 45 20949 1 21779
3389 82 17522 3 18202
3390 54 43116 1 44011
3391 56 22282 2 22550
3392 35 38735 1 38963
3393 51 40437 1 40676
3394 14 12777 1 13142
3395 55 38198 3 38526
3396 57 4662 2 4915
3397 59 9085 2 9574
3398 82 36855 1 37105
3399 57 4915 2 5194
3400 21 28494 2 29146
3401 53 41311 1 42257
3402 20 30414 1 30916
3403 61 41038 1 41249
3404 6 24213 3 24906
3405 41 569 1 1149
3406 46 27773 4 28027
3407 75 37937 5 38788
3408 20 43116 1 43747
3409 3 18251 2 19119
3410 36 32701 2 33108
3411 56 35420 1 35891
3412 82 1937 1 2368
3413 21 23269 1 24257
3414 44 41280 1 41418
3415 82 32655 4 33338
3416 78 36336 1 37310
3417 45 4934 3 5184
3418 48 21944 1 23289
3419 65 100 4 949
3420 82 45063 1 46311
3421 35 24213 1 24866
3422 22 28920 1 29422
3423 18 21779 1 22511
3424 7 11307 1 11764
3425 55 39816 4 40735
3426 27 4662 5 5042
3427 59 14387 2 15059
3428 53 38195 1 38712
3429 55 15666 4 16621
3430 22 19943 1 20911
3431 71 22891 3 23195
3432 47 16474 1 16716
3433 63 8356 2 8863
3434 15 32749 1 33219
3435 79 3676 3 4362
3436 48 21779 1 22124
3437 21 37937 2 38787
3438 48 6807 2 7813
3439 20 23916 1 24102
3440 56 10486 3 11005
3441 66 37937 2 38910
3442 9 39404 2 39538
3443 52 21944 5 22313
3444 10 31440 3 31865
3445 70 43341 1 43463
3446 82 40883 2 41825
3447 15 29493 1 30470
3448 45 32719 1 33462
3449 39 14137 1 14946
3450 1 35524 3 35674
3451 46 21152 3 22066
3452 74 23269 1 24062
3453 36 28212 3 28319
3454 48 23655 1 24645
3455 60 11307 1 13000
3456 69 14115 1 14956
3457 18 39632 2 39716
3458 3 31635 5 32155
3459 22 30414 1 30583
3460 11 41062 1 41583
3461 59 40356 2 40869
3462 32 41330 1 42269
3463 71 28212 4 28489
3464 45 29861 1 30280
3465 57 16417 1 16554
3466 74 8135 3 8441
3467 74 5153 1 5420
3468 31 20949 2 21883
3469 20 33589 2 34304
3470 74 12204 1 12777
3471 68 2985 1 3626
3472 54 8135 1 8647
3473 46 43558 2 43979
3474 40 39327 1 39414
3475 41 19227 1 19439
3476 77 19462 1 20000
3477 42 7546 2 8514
3478 41 8135 1 8632
3479 55 6085 4 7069
3480 50 3676 1 4390
3481 83 29183 2 29425
3482 33 19072 1 19902
3483 4 43227 1 43991
3484 28 31876 1 32326
3485 62 36855 1 36989
3486 71 12645 2 12803
3487 44 25772 1 26633
3488 20 30797 1 31114
3489 47 34551 3 35466
3490 83 21779 2 22138
3491 37 37937 1 38607
3492 31 34367 1 34876
3493 22 15998 1 16944
3494 1 43146 3 43279
3495 9 11810 1 12178
3496 48 17522 1 19163
3497 18 13544 1 14455
3498 37 33589 2 33831
3499 37 25060 2 25944
3500 45 19850 1 20949
3501 64 6270 1 6636
3502 5 4468 1 5238
3503 54 25607 2 26211
3504 54 21792 1 22400
3505 15 25324 1 25963
3506 48 36174 3 36855
3507 6 22021 2 22875
3508 26 5420 1 5836
3509 57 40883 1 41289
3510 60 956 1 1707
3511 57 32045 1 32572
3512 6 7546 1 8048
3513 60 39689 2 40671
3514 70 23532 1 24396
3515 1 40356 1 40657
3516 56 29994 1 30079
3517 12 29994 1 30839
3518 6 20949 5 21384
3519 32 13544 4 14340
3520 60 24102 1 24838
3521 31 27522 3 28062
3522 51 24776 1 25959
3523 68 92 1 714
3524 41 28920 1 29591
3525 2 13544 1 13801
3526 48 21944 1 23921
3527 63 39327 2 40213
3528 73 41758 1 42346
3529 21 15666 1 16527
3530 48 14115 1 14703
3531 53 14387 1 14657
3532 24 39327 1 39489
3533 39 41128 1 41416
3534 22 35524 3 36087
3535 71 34150 3 34724
3536 79 4662 5 5187
3537 41 39327 1 40027
3538 25 3403 3 4258
3539 13 16474 3 17417
3540 51 956 2 1339
3541 46 31876 1 32422
3542 51 34150 1 35143
3543 19 25060 1 25417
3544 15 43341 1 44280
3545 9 333 1 523
3546 60 34793 1 35097
3547 25 19086 1 19319
3548 33 4662 4 4791
3549 53 39816 3 40024
3550 82 19850 1 20668
3551 24 8135 1 8859
3552 52 6893 1 7318
3553 58 45253 2 46197
3554 9 30797 1 32310
3555 37 34793 2 35573
3556 18 33593 1 33921
3557 25 61 1 662
3558 72 956 4 1037
3559 45 6893 2 7475
3560 37 57 1 231
3561 82 11041 2 11588
3562 60 44285 1 45152
3563 69 10352 2 10779
3564 48 15666 1 16237
3565 74 13661 1 13871
3566 19 10352 2 11156
3567 66 34793 1 35167
3568 73 35420 2 36396
3569 24 23269 1 24237
3570 41 3676 1 3774
3571 23 33732 1 34572
3572 40 30414 1 30780
3573 27 21779 1 22611
3574 65 10352 2 10671
3575 45 27636 2 27805
3576 46 1227 3 1385
3577 5 22532 1 22986
3578 34 4661 1 5234
3579 31 40356 1 40488
3580 26 16580 5 16930
3581 56 8135 4 8569
3582 82 5708 2 6096
3583 22 43791 1 44001
3584 61 36174 1 36548
3585 37 3403 1 3672
3586 59 24203 2 24552
3587 10 9085 1 9992
3588 39 5580 1 5983
3589 47 17522 1 18385
3590 61 16474 2 16588
3591 54 1937 1 2916
3592 10 20949 1 21209
3593 54 40437 3 40947
3594 30 6085 1 6552
3595 21 23269 1 24125
3596 71 39632 1 40264
3597 77 38735 1 38914
3598 7 41758 1 42278
3599 82 39816 2 40521
3600 15 2462 1 3292
3601 48 22134 1 22936
3602 28 42189 1 42566
3603 42 27522 1 27709
3604 2 8135 3 8589
3605 82 44081 4 44843
3606 42 20949 3 21900
3607 79 40356 3 41342
3608 42 28004 1 28422
3609 54 30838 1 31443
3610 39 11810 1 12261
3611 21 17522 2 18501
3612 51 12387 2 13286
3613 9 12204 2 12576
3614 30 36915 1 37725
3615 63 3685 2 3801
3616 4 32655 1 33192
3617 79 30838 1 31590
3618 30 8135 1 8877
3619 82 43146 1 43341
3620 39 28494 1 28920
3621 19 16474 3 16609
3622 80 32207 2 32735
3623 82 5420 1 6257
3624 68 42842 1 43259
3625 69 11810 2 11958
3626 20 42481 1 42680
3627 15 2910 1 3098
3628 57 44285 1 44793
3629 57 20949 1 22269
3630 53 28494 1 28748
3631 70 4164 2 5039
3632 60 33593 1 34575
3633 74 1227 2 1785
3634 47 14115 1 14262
3635 83 34367 3 35052
3636 65 16620 2 17405
3637 81 21049 2 21949
3638 6 8135 3 8911
3639 31 22021 1 22115
3640 34 22532 5 22855
3641 61 12777 1 12859
3642 37 1445 1 2408
3643 28 11397 3 11684
3644 10 32207 1 33095
3645 59 23655 1 24104
3646 68 2971 3 3574
3647 51 13802 1 14718
3648 33 16982 3 17704
3649 67 26028 1 26144
3650 70 13544 1 14473
3651 2 19072 2 19541
3652 51 11041 1 12111
3653 53 6085 4 6930
3654 82 21792 1 22525
3655 23 43146 1 43685
3656 59 17716 4 18295
3657 17 16580 1 17498
3658 77 42152 1 42452
3659 82 44662 1 45063
3660 77 39845 1 40683
3661 33 43227 2 43509
3662 36 41 4 801
3663 79 35420 1 36223
3664 22 37937 3 38474
3665 16 956 1 1539
3666 65 32765 1 33547
3667 23 29749 1 29868
3668 21 36855 2 37640
3669 63 22891 1 23569
3670 21 13544 1 14162
3671 79 39632 2 40097
3672 7 34367 1 34723
3673 60 22150 1 22340
3674 17 6807 2 7228
3675 8 26028 1 26334
3676 9 33338 1 33757
3677 6 10486 1 10924
3678 45 956 1 1195
3679 56 1564 1 1761
3680 59 3403 1 3589
3681 55 30414 3 30946
3682 18 40356 1 40843
3683 47 29183 3 29750
3684 37 39327 1 39986
3685 19 12777 1 13546
3686 68 3676 4 4639
3687 71 10352 2 10610
3688 69 23269 1 23734
3689 68 12924 1 13115
3690 13 8135 1 8833
3691 56 8656 1 9366
3692 26 30414 2 30527
3693 13 39327 2 40160
3694 42 12777 1 13761
3695 53 1412 1 1860
3696 79 26028 1 26254
3697 53 8363 3 8926
3698 23 26028 1 26854
3699 56 19541 1 20385
3700 37 17716 1 17935
3701 82 1937 3 2689
3702 22 36940 1 37557
3703 26 352 3 1162
3704 65 2433 4 2935
3705 53 11058 1 11882
3706 23 22532 1 22975
3707 37 31876 1 32775
3708 56 6085 2 6947
3709 54 15998 1 16323
3710 39 20949 1 21734
3711 42 45253 3 46205
3712 68 8356 2 8795
3713 44 27773 1 28055
3714 32 23269 3 23831
3715 20 6085 1 6757
3716 71 3685 3 4257
3717 50 40356 3 40462
3718 60 14115 2 14664
3719 64 28212 1 28534
3720 64 15998 1 16239
3721 74 42629 1 42976
3722 79 10486 2 10901
3723 20 9085 2 9781
3724 66 19850 2 20788
3725 56 3676 4 3879
3726 61 6893 1 7828
3727 74 13772 1 14111
3728 68 44081 1 44470
3729 37 27556 1 28294
3730 42 11810 4 12134
3731 6 12387 4 13192
3732 45 24889 2 25324
3733 56 13544 2 14280
3734 11 12924 1 13704
3735 60 15998 2 16889
3736 75 16474 4 16602
3737 60 21049 2 21338
3738 60 2324 1 2528
3739 53 4164 2 4515
3740 25 20949 1 21934
3741 82 24776 2 25614
3742 20 2236 2 2985
3743 28 38747 1 39414
3744 23 32701 1 33357
3745 73 15666 5 16237
3746 5 40356 1 40581
3747 79 14115 1 14547
3748 7 40356 1 40712
3749 56 31876 2 32655
3750 1 34150 1 34473
3751 47 19462 1 19756
3752 48 21152 1 21631
3753 82 42944 2 43146
3754 71 45253 1 45882
3755 25 6085 1 6739
3756 48 34044 3 34233
3757 35 2350 1 3329
3758 20 38712 1 39246
3759 14 15666 1 15965
3760 77 29177 1 29372
3761 53 5455 2 5996
3762 37 1937 1 2819
3763 28 6807 2 6926
3764 45 15697 1 15954
3765 45 10486 1 10582
3766 51 44662 3 45078
3767 64 19850 1 20159
3768 45 17051 2 17628
3769 71 19072 3 19368
3770 48 4164 1 4662
3771 28 15666 2 15800
3772 19 45082 3 45769
3773 66 16474 1 16907
3774 47 16620 1 17305
3775 71 16580 1 17168
3776 60 19086 1 19674
3777 28 2236 1 3153
3778 1 16982 4 17068
3779 37 33589 2 34367
3780 70 41009 1 41384
3781 56 36325 3 36505
3782 82 22134 3 22228
3783 74 771 2 1102
3784 53 40356 1 41233
3785 70 20949 2 21133
3786 77 39327 3 39552
3787 10 25607 2 26418
3788 63 22891 1 23023
3789 82 24776 2 25326
3790 32 11396 5 11522
3791 82 6418 1 6807
3792 11 21049 3 21306
3793 75 39327 3 39420
3794 60 15666 3 15998
3795 57 30414 1 31325
3796 51 43801 1 44689
3797 45 6085 1 7083
3798 53 1937 2 2807
3799 37 8656 1 9091
3800 57 36174 1 37362
3801 25 14115 1 14647
3802 55 11058 4 11531
3803 58 40356 1 40939
3804 39 1702 1 2350
3805 20 19850 1 20147
3806 48 33732 1 34044
3807 72 26378 5 27295
3808 28 35420 1 35935
3809 25 42954 1 43744
3810 42 32749 2 33643
3811 21 19320 2 19848
3812 59 25607 1 25834
3813 61 6807 1 7705
3814 60 39578 3 39813
3815 48 27636 3 28004
3816 57 17716 1 17897
3817 68 42629 1 43031
3818 1 30280 1 30527
3819 48 29493 1 30112
3820 19 11397 4 11592
3821 48 28920 2 29202
3822 82 29493 4 30163
 调度评估结果
1. 任务等待评估 (Σ 等待×权重): 797101581
2. 任务完成评估 (最大完成时间): 46662
3. GPU显存空闲评估 (平均空闲): 6835.48 GB/时间片
 额外统计
已调度任务               : 3822/3822
平均等待时间            : 20334.68
各服务器任务分布      : 服务器1=46, 服务器2=22, 服务器3=16, 服务器4=28, 服务器5=40, 服务器6=69, 服务器7=55, 服务器8=26, 服务器9=58, 服务器10=25, 服务器11=29, 服务器12=20, 服务器13=39, 服务器14=11, 服务器15=73, 服务器16=17, 服务器17=20, 服务器18=60, 服务器19=56, 服务器20=107, 服务器21=71, 服务器22=43, 服务器23=42, 服务器24=41, 服务器25=46, 服务器26=35, 服务器27=20, 服务器28=73, 服务器29=5, 服务器30=26, 服务器31=59, 服务器32=38, 服务器33=22, 服务器34=7, 服务器35=37, 服务器36=40, 服务器37=95, 服务器38=2, 服务器39=65, 服务器40=33, 服务器41=42, 服务器42=60, 服务器43=15, 服务器44=29, 服务器45=113, 服务器46=47, 服务器47=53, 服务器48=130, 服务器49=21, 服务器50=29, 服务器51=79, 服务器52=30, 服务器53=84, 服务器54=40, 服务器55=45, 服务器56=109, 服务器57=77, 服务器58=32, 服务器59=71, 服务器60=111, 服务器61=33, 服务器62=21, 服务器63=33, 服务器64=60, 服务器65=53, 服务器66=28, 服务器67=29, 服务器68=103, 服务器69=28, 服务器70=60, 服务器71=46, 服务器72=24, 服务器73=45, 服务器74=103, 服务器75=16, 服务器76=7, 服务器77=26, 服务器78=21, 服务器79=45, 服务器80=28, 服务器81=13, 服务器82=120, 服务器83=46
