1 1 1506 2 1766
2 1 918 1 1054
3 2 149 2 444
4 1 1619 1 1762
5 2 2198 2 2260
6 1 183 1 383
7 1 1221 1 1507
8 1 1058 1 1349
9 1 833 1 1118
10 2 2012 2 2073
11 1 1312 1 1498
12 2 2403 1 2622
13 2 89 1 258
14 2 58 2 105
15 2 738 1 1033
16 1 1883 1 2011
17 1 1530 2 1572
18 2 1069 1 1258
19 1 871 1 937
20 1 1727 1 1990
21 2 2084 1 2309
22 1 1516 1 1722
23 1 77 1 185
24 1 825 1 852
25 2 1028 1 1147
26 2 645 1 932
27 2 2231 1 2341
28 1 828 1 884
29 1 1915 1 2002
30 2 273 1 499
31 3 969 1 1064
32 1 1023 1 1238
33 2 448 2 688
34 2 68 2 229
35 1 335 1 350
 调度评估结果
1. 任务等待评估 (Σ 等待×权重): 0
2. 任务完成评估 (最大完成时间): 2622
3. GPU显存空闲评估 (平均空闲): 866.42 GB/时间片
 额外统计
已调度任务               : 35/35
平均等待时间            : 0.00
各服务器任务分布      : 服务器1=19, 服务器2=15, 服务器3=1
