1 29 10257 2 10833
2 23 4797 2 5430
3 35 12381 2 12407
4 26 911 1 1065
5 14 2080 1 2102
6 20 1343 1 1635
7 8 2052 2 2175
8 42 14263 4 14374
9 13 15417 3 15968
10 25 13703 1 13919
11 8 12035 7 12321
12 20 697 1 990
13 2 10930 1 11567
14 18 14654 2 14850
15 23 17055 1 17132
16 43 223 2 799
17 16 3737 2 4110
18 35 9429 1 9998
19 5 17014 2 17145
20 37 1818 3 2031
21 25 8852 6 9023
22 22 13343 1 13438
23 14 7766 1 8103
24 22 7766 1 7829
25 35 7766 2 8406
26 23 13343 2 13399
27 35 10634 4 10804
28 5 11273 2 11880
29 33 12636 2 13086
30 20 9658 2 9889
31 16 2052 2 2376
32 5 8198 4 8599
33 4 4957 2 5353
34 33 17055 3 17367
35 2 8331 7 8731
36 13 17392 1 18035
37 36 16721 3 17018
38 28 1139 2 1358
39 5 3382 2 3906
40 7 6926 1 6966
41 28 10257 4 10701
42 8 7766 7 7897
43 22 4957 1 5983
44 14 13438 2 13963
45 8 10135 8 10776
46 5 16855 1 17322
47 37 13362 1 13743
48 18 11880 2 12190
49 22 9604 1 10135
50 5 17392 2 17944
51 2 2175 2 2361
52 8 10862 1 11055
53 22 12035 1 12238
54 4 8994 2 9148
55 20 11497 2 11894
56 5 12477 3 12636
57 16 7010 1 7659
58 35 11497 2 12035
59 43 8484 1 8627
60 2 7766 2 8161
61 4 13703 1 14170
62 20 10303 1 10603
63 2 5983 1 6068
64 35 1554 1 2014
65 43 15228 1 15295
66 31 16839 1 17055
67 36 588 1 1009
68 34 10257 2 10567
69 43 17092 2 17618
70 41 8852 2 9421
71 16 16209 1 16652
72 13 14624 2 15209
73 37 14185 1 14775
74 16 13362 2 13430
75 41 1231 2 1773
76 23 15729 4 16172
77 29 13362 1 13432
78 2 12148 1 12757
79 16 13438 1 13800
80 16 9506 2 9708
81 42 10862 2 11268
82 8 13362 1 13644
83 20 990 1 1204
84 22 8359 1 8751
85 5 17392 2 17530
86 30 12477 2 12703
87 13 2052 2 2303
88 36 848 1 1187
89 5 15630 3 16209
90 22 8484 1 8852
91 37 10257 1 10700
92 30 2052 3 2455
93 23 5983 1 6284
94 22 14459 1 14624
95 13 10634 1 10812
96 5 15228 2 15502
97 43 5289 1 5695
98 35 466 1 1106
99 20 4957 1 5264
100 29 2052 4 2094
101 34 14185 2 14284
102 20 16209 3 16764
103 5 15610 2 15630
104 35 13800 2 13866
105 4 10199 4 10350
106 13 783 2 1206
107 31 10199 1 10257
108 34 14459 4 14637
109 29 7766 1 7977
110 10 12148 1 12381
111 41 4797 1 5309
112 31 6926 2 7693
113 42 15417 2 15612
114 5 3737 1 4152
115 31 2052 1 2080
116 20 13343 2 13634
117 43 4957 2 5060
118 5 10634 1 11041
119 25 4797 1 5160
120 42 10199 3 10843
121 5 1407 1 1818
122 10 13800 1 14190
123 10 10257 1 10303
124 13 10135 2 10452
125 2 14624 4 15170
126 13 8484 2 8873
127 8 279 1 618
128 42 9160 1 9422
129 14 10257 2 10713
130 2 9506 1 9885
131 31 14624 1 14729
132 30 13343 1 13753
133 25 15729 1 16152
134 33 16209 1 16694
135 35 13800 1 14320
136 31 10897 1 11306
137 43 15417 2 15458
138 4 10688 4 10860
139 41 1818 1 2149
140 20 12035 2 12278
141 13 13800 3 14438
142 5 14841 3 14906
143 20 14459 1 14902
144 35 1457 1 1951
145 39 17145 1 17713
146 23 13438 1 13533
147 7 14260 2 14858
148 35 9160 1 9287
149 13 5983 2 6273
150 22 5983 1 6013
151 22 12238 1 12583
152 36 7766 1 8407
153 43 10135 1 10444
154 13 6584 1 6804
155 13 9394 3 9419
156 43 17055 1 17092
157 43 9293 1 9904
158 5 16679 2 16855
159 14 977 2 1492
160 23 6584 3 7164
161 31 15630 7 15950
162 5 10135 2 10688
163 28 14185 1 14780
164 42 17055 1 17407
165 35 8484 2 9063
166 26 14624 1 14682
167 36 14260 1 14732
168 25 7766 7 8130
169 22 9293 1 9604
170 43 13343 1 13598
171 33 5983 1 6008
172 5 3382 2 3561
173 35 16721 1 17366
174 42 7766 3 8316
175 36 10634 1 10825
176 23 12148 2 12243
177 10 13343 1 13563
178 22 14185 1 14459
179 18 12477 1 12599
180 17 14624 1 14997
181 20 13703 1 13921
182 4 12148 1 12346
183 23 6926 2 7373
184 36 13362 2 13957
185 2 7766 4 7805
186 19 10930 1 11226
187 42 13800 3 14252
188 35 10510 3 10810
189 33 579 2 1217
190 16 7766 1 8331
191 35 17366 1 17513
192 5 5983 1 6584
193 30 4797 1 5542
194 5 7766 4 7938
195 40 8484 2 8793
196 23 13866 1 14257
197 10 5983 1 5995
198 25 12148 1 12739
199 22 13691 1 14150
200 22 542 1 1343
201 23 8359 5 8937
202 5 13343 2 13396
203 21 14841 3 15255
204 43 5983 1 6443
205 10 9604 1 9784
206 23 659 1 1149
207 5 8994 1 9583
208 37 189 1 798
209 5 12477 1 13343
210 10 16898 2 17042
211 41 15729 1 15946
212 35 12148 2 12743
213 20 9293 2 9658
214 7 601 2 666
215 35 5983 1 6063
216 22 10930 1 11181
217 18 16209 2 16608
218 16 15417 2 15759
219 23 7766 4 8114
220 33 14185 1 14346
221 42 2014 5 2277
222 30 11497 5 12033
223 16 9293 1 9711
224 4 12477 3 12651
225 4 14624 2 15170
226 36 1191 2 1583
227 26 13703 1 14263
228 42 13438 4 13620
229 31 2234 2 2495
230 26 1190 2 1393
231 31 12035 2 12556
232 1 10303 4 10616
233 25 5983 3 6005
234 31 10257 1 10897
235 2 14459 1 15017
236 5 8187 1 8198
237 16 17014 1 17587
238 37 13866 3 13916
239 28 14185 3 14833
240 18 1108 5 1479
241 9 10257 1 10582
242 29 13438 1 13835
243 35 16839 1 17189
244 13 13343 1 13562
245 17 13362 2 13908
246 23 10930 3 11491
247 22 13691 1 14209
248 22 1343 1 1985
249 31 16721 3 17089
250 13 7766 2 7889
251 32 10688 1 11252
252 26 8484 1 8831
253 25 9394 1 9453
254 7 13703 2 13937
255 29 12148 3 12223
256 20 12477 1 13035
257 5 16855 1 17156
258 31 17392 4 18033
259 22 969 1 1326
260 33 6584 1 7136
261 31 14841 1 15467
262 37 12148 3 12469
263 35 8484 1 8767
264 43 14624 1 15028
265 21 14841 5 15313
266 43 2082 2 2505
267 31 5983 5 6078
268 13 14263 2 14437
269 41 3737 1 4294
270 43 14459 1 14563
271 30 8599 1 8765
272 35 15729 2 16339
273 35 14841 1 15471
274 34 10930 1 11523
275 22 15228 2 15753
276 41 237 4 649
277 31 10135 1 10199
278 10 1567 2 2052
279 3 14290 3 14748
280 35 14459 1 14594
281 10 16855 2 16898
282 18 6584 1 6676
283 31 11497 1 11608
284 35 6584 3 6985
285 35 6584 1 7027
286 41 7766 1 7988
287 5 10688 4 11273
288 31 2080 4 2352
289 31 3737 3 4288
290 43 12148 1 12644
291 16 3737 1 3883
292 33 8359 1 8858
293 23 7766 1 7855
294 25 16839 1 17127
295 16 12035 2 12148
296 39 17055 1 17562
297 36 14185 2 14477
298 20 10634 1 11176
299 23 16855 1 17321
300 2 13866 1 14386
301 33 1354 1 1867
302 23 14263 3 14730
303 41 13343 3 13432
304 27 10688 1 10855
305 22 11273 1 11497
306 8 2267 1 2739
307 35 2266 4 2567
308 4 5983 2 6501
309 43 8852 2 9178
310 42 7766 3 8048
311 16 16652 2 17014
312 34 10688 2 10858
313 4 10862 3 11016
314 16 4993 1 5739
315 26 17055 1 17313
316 23 9394 3 9860
317 26 14459 1 14776
318 23 2052 1 2342
319 41 12477 3 13001
320 37 1004 2 1630
321 29 6666 1 6843
322 37 15417 2 15545
323 37 6584 2 7132
324 2 10135 5 10658
325 20 1423 1 1856
326 43 10634 1 10937
327 34 9287 1 9562
328 31 77 1 900
329 16 8876 1 9160
330 5 621 3 1278
331 42 280 7 783
332 36 16721 2 17292
333 5 9583 1 10510
334 18 13800 5 14426
335 34 10688 3 11032
336 31 5289 1 6168
337 25 7010 1 7526
338 2 1363 1 1569
339 9 2129 4 2572
340 26 10930 1 11004
341 36 10257 1 10495
342 25 15228 1 15299
343 25 2052 1 2452
344 14 15228 3 15462
345 17 13703 1 14192
346 42 12148 1 12294
347 5 6926 2 7461
348 36 11497 4 12031
349 17 7766 2 8273
350 23 129 1 189
351 5 15417 2 15610
352 14 2079 1 2566
353 43 6584 2 7121
354 33 10135 3 10182
355 10 14841 1 15296
356 22 7766 1 7833
357 5 10688 2 11267
358 20 91 2 660
359 13 997 3 1323
360 30 90 2 537
361 42 13800 5 13835
362 26 8484 1 8934
363 4 15228 2 15324
364 5 16855 5 16921
365 20 5983 1 6315
366 16 2128 1 2149
367 42 17055 1 17636
368 30 14624 1 15083
369 13 5983 2 6616
370 13 3737 2 4330
371 8 16855 1 17060
372 2 12477 1 12669
373 37 5983 2 6167
374 16 8331 1 8982
375 31 14185 1 14407
376 30 12035 2 12407
377 33 2052 1 2691
378 35 8767 2 8899
379 23 13866 1 14295
380 37 8484 3 9065
381 20 15228 2 15637
382 23 1180 2 1356
383 25 9160 2 9372
384 30 6168 3 6378
385 22 4993 1 5411
386 31 14185 1 15445
387 35 7766 2 7823
388 22 14624 2 14881
389 35 3737 1 4010
390 36 2052 1 2657
391 18 7766 1 8121
392 23 10634 1 10826
393 4 475 1 973
394 33 7766 1 7873
395 5 6926 1 7212
396 5 4797 2 5161
397 35 14263 1 14649
398 13 10930 2 11556
399 33 10257 3 10744
400 36 10862 5 11028
401 16 4110 1 4324
402 18 16679 2 16977
403 30 15228 2 15729
404 22 6584 1 6673
405 5 7766 2 8187
406 8 6584 6 6647
407 13 14185 1 14553
408 8 13703 4 14139
409 23 13438 1 13462
410 5 1053 1 1674
411 5 6584 1 6907
412 33 13800 2 14017
413 20 8484 1 8779
414 5 10510 1 10637
415 41 5983 1 6367
416 35 15417 2 15684
417 22 1818 1 2310
418 5 12636 4 12986
419 35 1042 2 1446
420 8 9604 2 9750
421 25 14263 1 14694
422 37 10930 1 11546
423 41 15228 1 15456
424 37 13362 1 13419
425 35 9160 1 9254
426 5 10135 1 10464
427 4 6584 2 6991
428 37 14624 3 15032
429 10 10634 1 10949
430 16 10634 1 11302
431 16 10135 1 10634
432 5 15610 2 16241
433 5 16209 1 16679
434 35 892 4 1277
435 27 14185 1 14511
436 2 10688 3 10839
437 20 3737 1 4360
438 36 15417 3 15589
439 37 13866 1 14348
440 29 14864 4 15299
441 37 17055 2 17563
442 5 14864 2 15070
443 37 7766 3 7886
444 27 1219 4 1323
445 18 9293 3 9866
446 22 13438 2 13691
447 25 87 3 130
448 31 969 1 1447
449 13 13703 3 13946
450 42 1528 3 1603
451 14 7766 1 7957
452 20 8852 1 9003
453 4 2052 4 2288
454 35 7766 1 8386
455 10 2052 2 2496
456 28 10688 4 10858
457 25 16209 1 16723
458 31 7766 1 7780
459 35 16209 1 16496
460 34 8852 2 9345
461 18 15729 1 16126
462 9 10634 4 10917
463 20 7766 1 8349
464 42 9394 3 9445
465 27 17055 5 17108
466 25 8198 1 8370
467 29 1139 2 1280
468 13 238 5 595
469 35 6666 4 7279
470 35 9394 1 9696
471 5 5289 1 5616
472 13 7766 2 7942
473 36 1628 2 1800
474 9 2264 2 2334
475 42 15729 3 15999
476 16 1621 1 1945
477 27 1200 1 1635
478 16 13800 2 14290
479 33 5064 3 5586
480 30 1343 2 1468
481 5 14185 2 14260
482 22 10862 2 10930
483 8 7766 1 8189
484 43 976 1 1035
485 8 8484 1 8669
486 13 1491 3 1689
487 36 14624 2 15059
488 5 13703 2 14654
489 31 17055 2 17211
490 23 3737 2 4312
491 29 10930 2 11334
492 13 337 5 540
493 33 10862 3 11257
494 16 14290 1 14829
495 31 17055 4 17288
496 42 15729 1 16155
497 8 14185 2 14724
498 35 14263 1 14602
499 33 14841 2 15210
500 13 16209 1 16258
501 16 894 3 1530
502 4 13343 1 13702
503 31 10930 2 10948
504 34 14459 1 14562
505 35 13866 1 14263
506 34 13866 4 14390
507 35 2052 1 2195
508 16 9160 1 9414
509 2 13703 5 13746
510 26 8852 1 8990
511 43 15729 2 15905
512 43 3737 1 4029
513 34 13866 5 13889
514 10 13703 2 13727
515 14 8359 1 8476
516 14 7766 1 8016
517 10 17055 2 17627
518 29 2233 1 2617
519 40 10510 1 10899
520 27 13703 2 13888
521 16 546 2 894
522 13 8767 1 9113
523 4 14459 4 14532
524 16 11497 3 11918
525 4 16209 2 16839
526 5 15228 3 15417
527 1 10303 2 10426
528 4 8331 3 8869
529 5 4993 1 5289
530 23 17392 4 17803
531 36 13800 3 13881
532 35 6168 1 6474
533 37 1434 2 1530
534 30 16679 4 17270
535 13 739 1 996
536 41 10135 2 10509
537 35 16652 2 16721
538 30 7766 5 7857
539 34 10257 1 10622
540 13 16652 1 16831
541 16 16652 1 17498
542 16 10634 2 11124
543 5 11880 2 12477
544 30 9160 4 9799
545 16 6584 3 6921
546 3 14841 5 15199
547 5 623 2 895
548 5 438 4 471
549 35 1291 3 1514
550 2 17392 7 17989
551 27 10930 3 10961
552 34 8484 1 8714
553 30 10303 2 10864
554 35 12035 3 12068
555 40 466 1 1055
556 16 14624 2 14867
557 5 4797 5 4993
558 31 5064 1 5164
559 30 1169 3 1826
560 18 7010 4 7642
561 5 14654 4 14778
562 30 15729 1 16371
563 16 12148 1 13100
564 14 10930 1 11515
565 20 13921 1 14447
566 35 16652 1 16768
567 26 10930 2 11131
568 35 6168 1 6665
569 23 16209 4 16798
570 5 1818 1 3382
571 43 16721 1 16968
572 22 10135 2 10862
573 35 15630 2 16063
574 29 8484 1 8513
575 42 10862 2 11255
576 22 16839 1 17410
577 22 17055 1 17265
578 5 3737 1 4797
579 26 17092 1 17208
580 18 13343 3 13665
581 30 586 4 1122
582 3 14459 1 14939
583 27 7766 5 7889
584 34 17055 1 17577
585 35 9644 1 9843
586 31 17145 4 17466
587 30 8852 2 8973
588 20 10135 2 10279
589 5 17145 1 18007
590 16 13343 2 13362
591 22 11497 1 11982
592 31 16209 1 16339
593 22 8852 1 9429
594 43 1187 1 1659
595 27 14185 1 14646
596 31 12148 1 12661
597 10 12381 1 12639
598 13 9604 5 10122
599 23 1710 1 1920
600 33 14654 1 14958
601 8 16721 6 16831
602 14 3737 1 4027
603 5 8994 2 9249
604 16 7010 1 7766
605 30 3737 2 3846
606 22 8198 1 8639
607 27 2111 1 2334
608 16 14864 1 15057
609 25 17392 2 17756
610 5 6666 5 6926
611 13 10862 1 11498
612 29 6926 1 6940
613 35 12238 2 12307
614 35 9287 1 9303
615 5 14185 1 14829
616 22 6584 1 7010
617 7 13438 1 13879
618 35 2123 2 2494
619 30 13800 2 14132
620 31 16652 2 16839
621 35 9394 2 9441
622 43 7766 1 7948
623 33 1490 1 1881
624 19 17092 1 17390
625 37 2052 1 2444
626 35 407 5 662
627 29 536 1 1000
628 30 8198 5 8484
629 16 4957 2 5907
630 31 9394 1 9506
631 13 8331 4 8596
632 34 9394 2 9857
633 25 1615 5 2050
634 10 8852 1 9498
635 10 6666 1 6984
636 31 13343 1 13958
637 20 16839 1 17472
638 31 8767 4 8876
639 10 8331 1 8495
640 13 12148 1 12726
641 34 8852 2 9321
642 36 12477 1 12712
643 43 16209 1 16225
644 5 9293 1 10060
645 22 12238 1 12963
646 5 2014 3 2567
647 7 15228 2 15707
648 36 17145 2 17340
649 36 1168 4 1622
650 36 12477 3 12713
651 4 16839 2 17076
652 31 4797 4 5064
653 35 14624 4 15086
654 28 8484 1 8855
655 5 16652 1 17116
656 5 51 1 271
657 13 2376 2 2962
658 28 1062 1 1278
659 41 8198 1 8754
660 30 14185 1 14494
661 36 7766 1 8151
662 10 4957 1 5504
663 13 14459 3 15056
664 22 10930 1 11270
665 10 14263 2 14817
666 41 16721 1 16964
667 7 2052 4 2249
668 42 10257 1 10886
669 16 2376 1 3016
670 43 94 2 134
671 13 10135 1 10362
672 23 14864 1 15505
673 22 7766 1 8359
674 30 10862 3 10962
675 35 12238 3 12409
676 14 14185 1 14427
677 2 439 1 791
678 31 1479 1 2020
679 14 8767 3 9067
680 36 8484 2 8636
681 35 3737 1 4344
682 8 1007 4 1370
683 33 16721 2 16880
684 22 3737 2 4311
685 22 4797 1 4957
686 5 12035 4 12286
687 33 13343 1 13594
688 30 6584 4 6840
689 35 3737 1 4248
690 22 7010 2 7365
691 13 6666 2 7084
692 9 14263 1 14385
693 42 14185 3 14302
694 20 6168 1 6641
695 5 13438 1 14012
696 25 14841 5 14958
697 40 14185 1 14348
698 35 12035 4 12225
699 18 15228 4 15758
700 23 17145 1 17299
701 41 10688 1 10832
702 30 8484 1 8537
703 13 16855 1 17255
704 22 9644 1 9992
705 13 16839 1 17392
706 5 14260 2 14864
707 8 2052 4 2588
708 5 13703 4 14143
709 9 13866 7 14183
710 5 327 5 621
711 29 13866 2 14466
712 43 13800 1 14353
713 36 8852 4 9062
714 2 2271 4 2729
715 35 14624 1 14841
716 35 766 2 992
717 31 8187 1 8698
718 41 13691 5 14191
719 41 14290 2 14422
720 31 8876 1 9394
721 42 8852 3 9276
722 23 266 1 616
723 8 17092 4 17610
724 5 6584 1 6666
725 42 13866 2 14231
726 5 8599 1 9293
727 30 10135 2 10303
728 13 2080 1 2169
729 10 7766 2 7898
730 20 2052 3 2604
731 16 5907 1 6293
732 33 15228 1 15633
733 5 4993 1 5625
734 34 17014 1 17561
735 30 5983 3 6106
736 34 8484 2 9120
737 5 17156 4 17215
738 18 10862 3 11089
739 13 1818 1 2021
740 2 1011 4 1619
741 25 490 2 834
742 35 8187 2 8730
743 35 2014 4 2123
744 5 1818 1 1865
745 5 3382 3 3737
746 5 1278 1 1375
747 28 1301 1 1623
748 5 13343 8 13703
749 31 6168 2 6832
750 25 11497 8 11622
751 37 4957 1 5290
752 28 7766 2 7870
753 36 8198 1 8744
754 29 16209 4 16839
755 35 12477 3 12891
756 5 13343 2 13524
757 35 10257 4 10632
758 33 253 3 506
759 42 12148 1 12604
760 9 10257 2 10750
761 22 9429 1 9644
762 4 7766 4 8179
763 27 14624 2 15003
764 35 5983 4 6314
765 31 9506 4 10121
766 14 714 2 920
767 10 9394 1 9469
768 5 15729 1 16064
769 13 4957 2 5197
770 35 759 1 1291
771 9 10862 3 10907
772 16 15729 1 15831
773 16 8331 1 8848
774 31 900 2 969
775 16 17055 2 17526
776 30 16721 2 17328
777 35 16721 1 17218
778 24 483 8 557
779 31 11608 1 11951
780 23 10135 1 10631
781 4 15417 1 15619
782 22 2014 1 2518
783 5 532 2 1015
784 16 15228 3 15490
785 29 9429 1 10069
786 33 12148 2 12623
787 5 14864 4 15228
788 5 13703 1 14185
789 5 8198 2 8994
790 35 14841 3 15302
791 35 16209 2 16549
792 29 8852 1 9294
793 5 5616 2 6153
794 4 1058 1 1541
 调度评估结果
1. 任务等待评估 (Σ 等待×权重): 29715841
2. 任务完成评估 (最大完成时间): 18035
3. GPU显存空闲评估 (平均空闲): 8105.34 GB/时间片
 额外统计
已调度任务               : 794/794
平均等待时间            : 3581.57
各服务器任务分布      : 服务器1=2, 服务器2=20, 服务器3=3, 服务器4=22, 服务器5=83, 服务器7=7, 服务器8=19, 服务器9=8, 服务器10=22, 服务器13=42, 服务器14=15, 服务器16=43, 服务器17=4, 服务器18=15, 服务器19=2, 服务器20=28, 服务器21=2, 服务器22=43, 服务器23=32, 服务器24=1, 服务器25=22, 服务器26=12, 服务器27=11, 服务器28=9, 服务器29=18, 服务器30=30, 服务器31=43, 服务器32=1, 服务器33=24, 服务器34=18, 服务器35=69, 服务器36=26, 服务器37=21, 服务器39=2, 服务器40=4, 服务器41=18, 服务器42=25, 服务器43=28
