1 1 16745 4 16787
2 16 10785 1 11745
3 20 28432 5 28990
4 17 19838 1 20213
5 3 20115 1 20256
6 18 7219 5 7299
7 7 17745 2 17964
8 11 24270 2 24382
9 28 27918 1 28037
10 22 16653 2 16749
11 8 20590 3 21024
12 10 1387 6 1546
13 28 12036 1 12615
14 28 14192 1 14926
15 15 7719 6 7753
16 22 20115 1 20200
17 2 29176 2 29630
18 11 26226 3 26348
19 11 29442 3 29574
20 21 28598 1 29132
21 28 20590 2 20900
22 28 15634 1 16042
23 25 29677 2 30374
24 2 11824 1 12382
25 20 7940 3 8502
26 22 11945 3 12022
27 22 31153 1 31736
28 21 5977 1 6869
29 7 31678 4 32088
30 22 5688 2 5876
31 10 2486 1 2824
32 28 31033 1 32012
33 32 21072 1 21345
34 22 0 1 186
35 28 27729 2 28040
36 21 24270 2 24530
37 21 5007 2 5147
38 9 2486 2 3019
39 30 4310 1 5015
40 26 28598 5 28983
41 26 20590 3 20710
42 28 1296 2 1906
43 27 5688 2 5955
44 2 20691 3 21433
45 24 18958 1 19327
46 22 32012 2 32354
47 27 1164 2 1592
48 4 24270 4 24993
49 2 28598 4 29284
50 2 1797 1 1979
51 10 23872 2 24597
52 28 26479 1 27309
53 1 28040 1 28280
54 14 21072 2 21688
55 28 7219 1 7742
56 2 32012 2 32714
57 22 30557 7 30578
58 2 2668 3 3225
59 26 20183 1 20405
60 28 12275 1 12414
61 7 26725 2 27620
62 28 12736 3 12948
63 22 24153 5 24664
64 3 31033 5 31674
65 16 855 1 1560
66 28 0 2 36
67 27 5591 2 5894
68 15 7219 6 7291
69 35 4461 5 4592
70 33 21072 4 21736
71 28 18676 3 19381
72 24 6107 1 6664
73 21 19838 1 20183
74 2 20115 5 20376
75 7 7188 3 7889
76 22 36 1 115
77 11 14926 1 15003
78 21 12243 2 12637
79 32 20389 3 20609
80 2 27620 2 28147
81 28 31153 3 31847
82 21 18573 1 18767
83 6 24608 2 24941
84 1 24664 4 25327
85 2 1797 5 1901
86 9 14192 3 14697
87 8 4461 2 5115
88 8 24717 4 25103
89 3 18399 1 18537
90 1 17210 3 17276
91 16 28598 6 29115
92 27 36 2 477
93 32 10785 6 11153
94 1 5977 5 6705
95 28 24608 1 24876
96 2 6514 5 6740
97 9 453 4 758
98 22 15634 2 16136
99 26 29176 2 29906
100 28 1906 2 2198
101 7 19684 2 20392
102 20 2486 2 3145
103 21 29442 1 30057
104 12 31678 6 31931
105 7 8856 1 10479
106 14 7940 4 8128
107 27 26226 2 26283
108 28 18676 3 18852
109 28 24717 5 25316
110 21 16653 1 16745
111 6 2198 1 2443
112 16 27395 2 28483
113 28 20590 1 22402
114 16 30557 4 30866
115 28 18573 1 18676
116 2 28040 1 28535
117 22 21506 1 22400
118 2 4457 1 4609
119 1 4310 5 4551
120 9 2198 1 2899
121 7 20478 1 21045
122 2 21072 2 21506
123 29 7972 5 8431
124 22 7940 3 7973
125 21 14192 1 14503
126 22 2668 2 3097
127 19 20115 1 20712
128 21 1164 3 1431
129 2 14926 2 15620
130 19 628 1 940
131 26 8501 1 8972
132 18 11824 3 11919
133 10 29677 3 29882
134 21 17676 1 17834
135 22 10785 1 10989
136 2 14926 1 15128
137 28 647 3 855
138 18 1549 4 1824
139 2 19684 1 19824
140 22 8137 2 8169
141 21 20183 1 20812
142 21 13256 1 13868
143 28 24372 3 24717
144 28 24876 1 26479
145 28 21072 1 21777
146 2 5688 3 5945
147 35 21072 4 21617
148 11 8194 3 8802
149 21 14192 1 14869
150 28 29677 1 30078
151 21 7219 2 7695
152 1 17676 5 18061
153 2 24270 2 24608
154 22 24664 1 25116
155 21 23972 2 24667
156 22 5876 2 6107
157 21 26991 1 27918
158 22 2035 2 2301
159 1 1164 4 1542
160 2 19684 4 20100
161 22 20478 6 20934
162 27 12736 3 12911
163 22 4310 2 4788
164 18 14926 2 14963
165 18 22712 1 22784
166 22 13256 2 13445
167 9 20478 2 20844
168 28 2228 1 4174
169 22 27446 1 27699
170 21 7188 1 7934
171 28 6514 1 6544
172 28 19527 2 19836
173 28 16875 4 17377
174 14 4310 3 5035
175 26 23669 1 24103
176 28 7188 6 7580
177 1 8501 2 8707
178 27 16653 3 16945
179 28 1296 1 2041
180 16 22712 1 23669
181 7 26725 1 27214
182 26 22400 3 22736
183 16 12458 6 12879
184 19 30557 2 30964
185 27 20590 4 21091
186 22 10989 1 11513
187 35 7940 1 8174
188 2 36 2 453
189 21 22320 3 22836
190 3 30557 4 30678
191 16 5007 4 5412
192 2 24608 6 25125
193 15 11004 6 11597
194 32 12298 7 12520
195 22 19836 3 20117
196 8 13256 1 13716
197 21 4461 1 5124
198 8 2486 3 2781
199 22 29037 1 30010
200 28 26226 3 26672
201 22 12275 1 13256
202 7 27620 1 27928
203 28 30578 1 30810
204 28 4457 3 4784
205 28 14926 1 15277
206 22 18573 1 18997
207 2 11668 2 11994
208 28 30823 5 30950
209 18 8501 4 8620
210 11 16875 3 17544
211 8 8194 7 8303
212 20 29442 3 30046
213 8 21072 6 21423
214 21 24717 1 25597
215 16 7188 3 7219
216 22 21656 6 22358
217 10 31678 1 32325
218 28 13256 1 13909
219 1 26257 3 26580
220 28 26479 2 27068
221 14 19985 4 20069
222 16 7940 1 8501
223 21 26226 1 26257
224 16 12458 2 13118
225 21 24717 1 26226
226 21 17210 1 18816
227 28 29677 2 29709
228 2 12298 1 12791
229 28 4457 1 5154
230 15 7972 1 8443
231 21 20590 2 20831
232 21 1797 1 2337
233 16 4310 1 4930
234 26 17676 3 18387
235 22 27729 1 28424
236 2 22836 2 22906
237 26 27729 1 27889
238 7 18399 3 18457
239 15 21072 4 21258
240 22 26991 1 27446
241 1 16875 2 17614
242 35 21072 1 21425
243 21 10527 3 10785
244 7 14926 1 15218
245 28 31033 1 31669
246 19 7219 3 7321
247 33 0 1 410
248 28 4174 1 4310
249 9 10527 2 11247
250 9 6514 1 7216
251 2 12458 2 13207
252 20 36 1 191
253 18 16745 4 17061
254 20 29442 3 30075
255 16 11824 6 11884
256 9 1296 3 2043
257 16 32012 2 32121
258 20 17745 1 18183
259 22 26641 1 26725
260 21 31678 2 32322
261 19 1387 2 2058
262 10 20590 6 20896
263 7 5654 1 5963
264 22 11824 1 12275
265 22 2035 2 2486
266 14 12637 4 12989
267 10 17676 1 18109
268 7 36 1 970
269 8 5688 6 5718
270 28 29442 1 29592
271 29 14926 6 15387
272 21 26257 1 26440
273 3 26479 1 26924
274 9 28598 1 28955
275 22 17711 1 18519
276 22 7219 1 7575
277 28 8856 1 10527
278 16 26257 1 27395
279 3 8194 4 8671
280 22 0 1 721
281 2 17210 4 17738
282 6 4310 1 4623
283 2 36 1 437
284 2 18399 4 18676
285 21 21072 1 21118
286 22 27620 4 28323
287 28 27918 1 29176
288 15 1906 3 2178
289 16 18669 1 18712
290 2 14926 3 15211
291 6 0 1 695
292 22 14926 1 15086
293 28 8501 1 8856
294 21 647 3 945
295 28 4310 1 6432
296 16 5591 4 6331
297 3 2198 2 2591
298 22 5688 4 5971
299 9 26725 3 27335
300 14 5591 2 6030
301 21 7940 2 8137
302 28 11824 1 12247
303 18 17676 1 18083
304 22 19838 4 20115
305 28 7188 1 7807
306 16 17008 1 18669
307 16 7219 3 7495
308 28 20000 1 20478
309 2 5007 5 5591
310 19 17210 1 17669
311 22 10989 1 11668
312 28 18399 2 18444
313 26 721 1 798
314 28 22712 2 22964
315 26 24664 1 24830
316 31 6514 2 6700
317 21 18958 3 19180
318 27 13256 3 13415
319 24 19774 1 19838
320 11 13445 1 13994
321 7 17377 1 17745
322 7 12243 6 12298
323 2 19838 1 20433
324 21 10785 2 11500
325 22 16786 2 17711
326 27 19527 3 19963
327 2 7940 4 8624
328 15 29677 1 30386
329 27 4457 2 4532
330 28 20590 2 20781
331 26 19774 1 19899
332 10 1906 6 2196
333 2 7940 1 7972
334 21 12736 1 12867
335 26 26725 5 26982
336 30 8137 5 8734
337 20 4310 1 4580
338 11 4310 1 4347
339 3 26257 2 26497
340 27 28598 2 28698
341 22 18399 6 18573
342 28 16875 1 18403
343 28 24270 1 24372
344 28 29176 5 29677
345 28 5591 1 6135
346 9 21072 1 21661
347 32 21506 4 21573
348 8 23898 5 23955
349 28 7580 1 7719
350 9 17676 2 17841
351 22 2486 6 2668
352 19 12275 3 12588
353 27 12275 1 12975
354 18 5591 5 6281
355 7 22712 1 23401
356 21 30057 2 31033
357 2 7972 2 8047
358 16 7495 1 7846
359 28 2198 1 2259
360 10 8194 6 8755
361 26 14926 5 15364
362 10 12036 6 12429
363 22 21072 3 21452
364 9 28040 4 28313
365 26 10785 4 11216
366 28 16653 6 16875
367 7 10785 1 11395
368 9 19527 2 19864
369 28 2198 1 2228
370 16 18958 6 19623
371 32 19684 6 20389
372 18 26479 6 26585
373 2 21656 1 21681
374 22 17676 3 17873
375 16 31153 1 31366
376 9 8194 4 8629
377 11 31153 3 31588
378 22 30578 2 31153
379 2 26257 4 26842
380 10 13256 6 13398
381 14 7219 2 7757
382 9 29677 2 30263
383 28 2198 3 2648
384 7 29442 1 30420
385 22 30578 5 31125
386 2 12298 2 12782
387 18 30823 2 31261
388 7 18573 5 18769
389 16 16653 3 17008
390 26 27918 1 28066
391 9 26226 1 26565
392 17 12736 1 13154
393 22 11668 2 11777
394 28 855 1 1116
395 26 12243 3 12857
396 19 5007 2 5292
397 16 30866 3 32466
398 28 32012 1 32396
399 19 18958 4 19628
400 2 7915 3 7940
401 28 26725 2 26986
402 8 27620 1 27745
403 16 12036 1 12458
404 11 27395 3 27851
405 22 2668 1 3265
406 8 31153 3 31185
407 9 22712 3 22858
408 21 16745 1 17244
409 7 7940 1 8654
410 2 16042 3 16680
411 8 32012 1 32384
412 28 12275 1 12887
413 35 19684 3 19737
414 25 30866 1 31549
415 27 17210 3 17814
416 6 2668 3 3403
417 7 28598 6 28868
418 1 19836 4 20403
419 22 19527 5 19820
420 7 5147 6 5654
421 10 19838 5 20278
422 26 32012 2 32753
423 22 4310 4 5007
424 11 21506 2 21632
425 26 21506 1 21854
426 2 22906 1 23039
427 22 23872 2 24153
428 2 13256 3 13550
429 28 17676 6 18134
430 3 26725 1 26813
431 3 1906 3 2123
432 28 20033 2 20422
433 25 2486 1 2974
434 9 5007 2 5719
435 2 453 2 628
436 2 17738 4 18399
437 28 11004 3 11651
438 6 30557 1 30822
439 2 8501 3 8683
440 8 31678 4 31789
441 27 10785 3 11237
442 35 7940 3 8322
443 8 31153 1 31761
444 22 26725 1 26887
445 8 21506 1 22163
446 2 16875 1 17234
447 2 1906 2 2500
448 11 23898 1 23963
449 15 1164 4 1615
450 28 27309 1 27689
451 27 21506 2 21959
452 21 31033 2 31197
453 22 16136 5 16786
454 7 16042 2 17215
455 8 22836 6 23544
456 27 2880 1 3121
457 3 21629 2 21954
458 28 23872 2 23898
459 7 26226 2 26601
460 22 23459 3 24098
461 18 8194 2 8228
462 21 1549 1 1797
463 28 30078 1 30557
464 28 6576 1 7188
465 3 1906 2 2616
466 14 16136 1 16357
467 27 5963 2 6580
468 28 10527 2 11004
469 28 36 4 273
470 22 8194 5 8432
471 16 6576 5 6952
472 26 2486 4 3086
473 21 31153 2 31678
474 21 8137 1 8937
475 9 31678 1 31809
476 28 23898 2 24270
477 26 7940 4 8472
478 9 24608 1 24794
479 2 29442 2 30082
480 20 12036 1 12181
481 10 4310 4 4761
482 8 16653 2 17180
483 21 11824 3 12036
484 2 16042 2 16216
485 7 12298 1 12893
486 9 26991 1 27657
487 28 4784 2 5235
488 9 12036 3 12663
489 7 30557 1 31264
490 28 2880 1 3132
491 28 36 3 451
492 28 12736 1 13366
493 21 29176 1 29442
494 11 19836 3 20090
495 29 17745 6 17915
496 16 29677 1 30111
497 16 24608 1 25498
498 28 27309 1 27729
499 21 2337 3 3029
500 28 1164 1 1296
501 19 7719 4 8004
502 27 21506 1 21842
503 29 21072 2 21346
504 8 0 1 59
505 16 14926 2 16021
506 7 1164 2 1316
507 7 13256 1 14751
508 21 27918 1 28598
509 28 19836 2 20000
510 7 4310 2 5108
511 20 31033 5 31076
512 2 20590 1 20691
513 22 11668 5 11945
514 1 0 4 653
515 9 16136 1 16791
516 16 18958 2 19420
517 28 647 2 1051
518 16 453 6 798
519 2 13445 1 13653
520 19 0 1 244
521 22 8194 2 9159
522 16 19684 2 20200
523 28 12637 2 12736
524 21 22836 1 23946
525 2 21506 2 22074
526 22 2198 3 2305
527 27 19684 1 20321
528 15 4310 5 4993
529 29 5007 1 5250
530 28 16042 1 16327
531 27 5007 2 5356
532 22 20200 4 20275
533 27 32012 2 32544
534 34 4310 2 5017
535 9 1164 1 1260
536 2 29677 1 30208
537 28 16042 1 16653
538 18 24876 4 25429
539 26 7219 2 7810
540 16 14192 1 14355
541 22 22400 2 23134
542 28 16653 2 17224
543 9 23669 2 24134
544 28 4310 4 4457
545 7 24608 2 24999
546 21 5147 1 5977
547 8 11824 7 12431
548 21 19527 1 19684
549 16 16136 4 16570
550 35 16042 2 16342
551 16 8501 2 9253
552 21 26440 3 26991
553 28 19684 2 19985
554 21 16042 2 16642
555 28 13256 1 13388
556 2 12791 2 13239
557 28 30823 2 30926
558 16 2221 1 3188
559 27 29677 1 30366
560 33 29677 1 29989
561 2 2198 4 2770
562 15 7940 5 8222
563 28 28432 2 29064
564 29 27729 3 27828
565 28 6135 2 6689
566 19 19836 3 20051
567 31 10785 2 11190
568 3 19985 2 20442
569 18 19774 3 19850
570 9 30557 1 31216
571 21 855 1 1193
572 12 17676 7 18305
573 9 20781 2 21072
574 17 21506 1 21721
575 9 13256 3 13465
576 11 28040 3 28513
577 22 5007 1 5688
578 28 5688 1 6576
579 28 21629 1 22380
580 28 17377 3 17676
581 18 17377 4 17497
582 26 16653 5 16973
583 27 30557 3 31205
584 21 29442 1 29994
585 18 32012 3 32296
586 16 0 8 345
587 21 18767 1 19188
588 10 28040 7 28450
589 22 28432 1 29037
590 15 13445 1 13662
591 21 12036 1 12243
592 22 23459 2 24129
593 2 1164 5 1274
594 14 28598 1 28742
595 7 2668 1 3590
596 28 451 2 647
597 28 7940 1 8572
598 33 0 1 543
599 22 6107 3 6777
600 29 30557 3 30688
601 25 30578 2 30710
602 28 13445 2 14192
603 22 13445 2 13658
604 28 1549 1 1915
605 17 29677 1 29929
606 11 30557 2 31053
607 18 12298 3 12824
608 7 21506 1 21841
609 28 30578 3 31095
610 28 21506 2 22712
611 22 21506 5 21648
612 10 23459 3 23530
613 28 2259 2 2880
614 16 18676 1 18746
615 16 1797 1 1919
616 18 10785 3 11251
617 2 21506 4 21656
618 9 29442 3 30184
619 2 7719 6 7915
620 28 18677 1 18958
621 7 21072 1 21103
622 28 29677 2 30072
623 2 628 1 1164
624 16 1919 3 2221
625 21 1906 3 2205
626 24 21506 1 21644
627 19 29677 1 29769
628 9 32012 3 32745
629 22 7188 1 8194
630 28 23459 3 23762
631 28 14926 1 15634
632 2 6740 4 7300
633 7 18958 1 19607
634 21 15634 1 16033
635 21 19684 1 19774
636 16 20804 2 21860
637 22 26226 1 26641
638 21 14926 1 15997
639 9 26641 1 26876
640 27 7940 2 8641
641 21 19774 2 20277
642 28 20781 5 21211
643 15 14192 1 14933
644 2 16653 1 17027
645 21 6107 1 6780
646 3 28598 1 28892
647 21 0 2 459
648 22 32012 6 32190
649 2 5591 1 6112
650 8 14192 2 14796
651 28 8236 6 8891
652 22 7188 2 7772
653 8 20804 3 20978
654 18 7940 4 8360
655 28 19527 4 20220
656 20 26479 5 26520
657 15 14192 3 14715
658 19 2486 4 2702
659 15 453 1 950
660 28 22712 2 22839
661 28 22906 3 23459
662 28 30557 1 30823
663 30 7219 3 7874
664 18 28598 4 29321
665 22 17676 2 18378
666 28 18399 1 18677
667 22 19527 2 19838
668 11 21072 1 21331
669 14 22839 3 23518
670 22 30010 2 30088
671 9 0 2 111
672 22 20590 1 20889
673 7 5963 1 6299
674 18 721 2 1287
675 9 18958 3 19195
676 22 23134 1 23811
677 11 20804 1 20896
678 10 453 1 982
679 16 20478 1 20804
680 21 16875 3 17210
681 22 1387 1 2035
682 26 5688 3 6002
683 32 26257 1 26371
684 8 26257 1 26897
685 21 1387 1 1549
686 16 13445 4 13759
687 28 20478 3 20590
688 21 12637 1 13515
689 28 21072 1 21158
690 28 7719 1 8236
691 28 20389 2 20468
692 21 23898 1 23972
693 22 721 1 1387
694 9 13256 1 13382
695 26 30578 2 31116
696 2 6107 1 6514
697 9 4457 1 4855
698 18 21506 1 22112
699 21 4310 1 4461
700 7 1906 1 2641
701 35 14926 1 15458
702 28 12736 1 13978
703 28 31678 1 33142
704 14 24372 3 24863
705 2 16875 1 17340
706 21 21506 1 22320
707 26 1164 4 1672
708 21 11668 3 11884
709 28 22839 3 23872
710 28 18958 1 19527
711 28 10527 1 11824
712 16 23669 1 24576
713 28 28040 6 28432
714 28 19985 1 20033
715 7 11824 3 11867
716 2 27620 4 27745
717 11 10785 3 11290
718 31 11668 3 12281
719 20 20590 5 20808
720 28 32012 1 32425
721 28 24608 1 25401
722 1 7719 3 8139
723 2 28598 1 29116
724 28 21506 2 21629
 调度评估结果
1. 任务等待评估 (Σ 等待×权重): 82918160
2. 任务完成评估 (最大完成时间): 33142
3. GPU显存空闲评估 (平均空闲): 7816.82 GB/时间片
 额外统计
已调度任务               : 724/724
平均等待时间            : 11449.82
各服务器任务分布      : 服务器1=14, 服务器2=66, 服务器3=14, 服务器4=1, 服务器6=6, 服务器7=37, 服务器8=22, 服务器9=36, 服务器10=16, 服务器11=18, 服务器12=2, 服务器14=11, 服务器15=14, 服务器16=44, 服务器17=4, 服务器18=22, 服务器19=14, 服务器20=12, 服务器21=69, 服务器22=80, 服务器24=4, 服务器25=4, 服务器26=26, 服务器27=25, 服务器28=130, 服务器29=7, 服务器30=3, 服务器31=3, 服务器32=7, 服务器33=4, 服务器34=1, 服务器35=8
