1 40 14614 3 14775
2 57 5022 2 5215
3 5 23406 1 23952
4 60 2254 2 2547
5 5 18757 1 19063
6 11 26908 1 27598
7 69 22966 2 23324
8 15 237 2 515
9 43 16840 1 17111
10 71 7347 2 7823
11 70 398 1 933
12 43 23611 3 23704
13 30 3234 1 3762
14 26 25630 2 25657
15 75 3883 1 4224
16 49 17057 5 17326
17 1 13234 2 13774
18 39 5503 5 5909
19 22 14008 2 14534
20 27 22074 3 22331
21 1 5610 1 5895
22 13 18936 2 19424
23 25 17119 1 17408
24 48 2733 1 2985
25 21 23411 3 23938
26 53 14390 2 14707
27 50 17119 1 17569
28 57 22489 1 22537
29 25 12746 1 13665
30 26 889 2 1245
31 26 11341 2 11573
32 75 25162 1 25433
33 5 17057 1 17486
34 55 8719 2 8935
35 25 9343 2 9827
36 49 15867 3 15982
37 22 19577 6 19705
38 48 13206 2 13419
39 34 20773 1 20789
40 52 2254 5 2512
41 27 5432 2 5457
42 57 23611 3 23858
43 43 21569 1 21911
44 1 24832 2 25257
45 11 10147 2 10243
46 77 24076 3 24495
47 15 18898 1 19270
48 34 15591 7 15793
49 15 8257 1 8805
50 48 18359 1 18607
51 43 12846 1 13005
52 61 16043 3 16379
53 79 11264 1 11646
54 56 16193 2 16233
55 11 3616 1 3965
56 50 8059 1 8116
57 52 19973 1 20374
58 43 5734 3 6088
59 5 13302 2 13317
60 52 8726 5 9140
61 28 23411 3 23609
62 33 14008 3 14451
63 32 12229 2 12240
64 48 10019 3 10478
65 67 12126 6 12515
66 75 13460 1 13817
67 3 227 1 552
68 25 10362 1 10733
69 3 21638 1 21802
70 18 27098 6 27214
71 15 4520 1 4932
72 15 2611 6 3158
73 25 3960 1 4270
74 59 5960 8 6274
75 40 26908 2 27241
76 43 2888 1 3051
77 18 24776 3 25065
78 80 17252 2 17375
79 48 18757 3 19152
80 34 25630 1 25885
81 77 4460 1 4662
82 56 2611 2 2873
83 61 12316 1 12664
84 3 1883 2 2241
85 75 1814 1 1945
86 3 13460 1 13806
87 61 21057 1 21498
88 11 13919 3 13970
89 62 9144 2 9462
90 21 587 1 903
91 50 15483 8 15556
92 11 16452 3 16840
93 11 2959 1 3048
94 50 568 1 969
95 25 631 2 730
96 44 11332 1 11726
97 62 26797 2 27257
98 25 18436 1 18940
99 30 593 3 799
100 17 18359 1 18717
101 76 10147 3 10511
102 11 261 2 583
103 79 24130 2 24451
104 43 6768 2 7162
105 70 19931 2 20084
106 78 3914 3 4249
107 27 27056 1 27289
108 62 16923 1 17252
109 75 25966 3 26065
110 48 7347 3 7403
111 29 12229 1 12547
112 25 24597 1 25091
113 54 23611 2 24103
114 50 2611 1 2693
115 76 4755 1 4965
116 26 11266 6 11313
117 15 4520 2 4586
118 63 19577 2 19885
119 13 26636 3 26901
120 26 3568 1 3746
121 56 1849 1 1872
122 46 27333 2 27387
123 48 12348 2 12548
124 43 26636 1 26802
125 39 11130 2 11294
126 40 4828 3 4899
127 50 23133 2 23673
128 33 19577 4 19685
129 75 1945 1 2254
130 50 5058 3 5225
131 50 5734 1 6210
132 71 5432 2 5915
133 57 12348 1 12390
134 27 7347 4 7878
135 56 10019 2 10094
136 34 5912 3 6164
137 77 18591 1 18830
138 48 19152 2 19577
139 67 18936 5 19058
140 73 20151 1 20455
141 62 27333 2 27811
142 11 9743 1 10185
143 10 14546 3 15025
144 48 26343 1 26539
145 11 2319 2 2612
146 44 20339 3 20785
147 30 13788 1 14050
148 66 19083 2 19152
149 77 25630 5 25797
150 69 7677 4 8211
151 17 8059 3 8498
152 28 11266 3 11363
153 59 3568 8 4112
154 77 5815 5 6020
155 41 15232 1 15731
156 25 16263 1 16769
157 72 27098 1 27199
158 56 20151 1 20562
159 1 18591 2 19109
160 54 1201 1 1340
161 31 765 2 1152
162 21 13206 3 13537
163 57 18359 1 18711
164 5 6768 1 7195
165 60 8485 2 8554
166 61 16495 1 17003
167 62 10478 1 10497
168 29 24606 1 24921
169 79 18588 3 19028
170 44 2037 3 2109
171 61 23611 4 23879
172 58 8719 1 9051
173 27 16591 2 17132
174 66 11740 1 12162
175 34 20497 1 20730
176 63 18359 1 18494
177 6 13206 2 13787
178 25 26697 1 27363
179 5 24732 1 25060
180 50 27044 1 27455
181 50 24130 1 24334
182 1 21421 1 21482
183 40 25970 2 25997
184 75 11266 3 11394
185 53 15203 1 15408
186 57 20151 1 20263
187 5 25818 1 26166
188 71 14307 2 14405
189 50 13665 1 13857
190 13 14008 1 14240
191 6 14546 1 14710
192 63 16840 3 17228
193 50 11332 1 11549
194 34 26797 5 26823
195 5 11130 1 11215
196 76 22489 2 22779
197 1 8378 1 8848
198 58 9851 1 9957
199 18 5432 2 5943
200 57 1883 3 2171
201 72 27213 2 27629
202 63 17252 2 17614
203 27 2888 2 3383
204 53 26879 1 26949
205 24 26417 4 26433
206 51 8485 2 8693
207 79 7847 1 8093
208 62 21638 2 22027
209 10 4988 1 5507
210 33 11937 1 12707
211 27 20403 1 20513
212 66 5272 1 5354
213 49 7847 6 8059
214 56 94 1 244
215 33 12560 2 13061
216 11 21318 1 21844
217 27 13970 1 14269
218 68 12126 2 12201
219 77 8512 2 8907
220 28 25630 3 25922
221 48 6768 1 6834
222 33 15585 3 15624
223 11 7007 2 7513
224 79 113 2 386
225 50 26343 1 26845
226 76 19261 4 19783
227 73 21211 2 21694
228 1 14674 1 14897
229 24 5912 1 6220
230 5 14295 1 14662
231 48 3568 2 3991
232 11 26636 1 26828
233 36 12095 1 12427
234 75 20339 3 20745
235 71 3568 3 3750
236 31 2611 4 2915
237 56 15203 1 15276
238 11 12560 2 12962
239 68 26145 1 26532
240 26 17373 1 17664
241 24 2254 4 2537
242 76 14047 5 14470
243 17 14143 2 14256
244 79 7347 2 7766
245 71 25275 1 25717
246 3 13665 1 13688
247 79 24757 4 25151
248 76 3067 3 3108
249 69 15232 3 15547
250 33 18898 1 19338
251 44 12229 1 12418
252 50 11280 2 11493
253 1 4631 4 5062
254 42 1592 3 1687
255 78 2254 1 2292
256 75 16282 1 16394
257 24 8 2 498
258 45 11332 2 11672
259 30 17252 1 17294
260 57 27040 6 27587
261 50 8862 2 9043
262 43 16452 1 16951
263 63 14361 2 14462
264 42 12348 1 12726
265 25 22074 1 22459
266 35 25407 1 25609
267 5 2064 1 2263
268 22 13206 1 13730
269 78 21318 2 21649
270 5 4520 1 5423
271 33 17373 1 18031
272 27 23406 1 23686
273 21 1196 2 1486
274 50 1215 2 1546
275 22 15483 2 15718
276 34 19685 1 19758
277 43 20794 1 21184
278 21 24076 3 24204
279 62 17057 1 17204
280 50 21569 3 21813
281 50 127 2 222
282 33 24076 2 24597
283 34 13206 3 13375
284 13 10478 3 10558
285 33 10147 1 10334
286 17 1592 2 2013
287 25 23411 1 24443
288 9 25832 1 26320
289 70 11740 2 12229
290 11 8862 2 9217
291 63 19083 3 19517
292 64 3568 1 3617
293 62 1196 1 1558
294 75 17283 1 17547
295 25 7847 1 8066
296 73 8485 3 9000
297 25 9846 1 10019
298 57 9851 4 10191
299 11 15867 3 16338
300 70 13206 4 13716
301 75 24439 2 24923
302 10 24076 1 24569
303 17 10426 1 10678
304 50 898 1 1178
305 52 7007 2 7251
306 61 6768 3 6989
307 46 27174 1 27251
308 76 22074 1 22119
309 36 22131 2 22459
310 61 24130 7 24530
311 11 199 1 440
312 79 13919 2 13977
313 77 21421 4 21685
314 22 1608 1 2003
315 76 12126 1 12257
316 22 27213 1 27455
317 17 16840 1 17087
318 57 12746 1 12856
319 3 13206 1 13339
320 70 10888 4 10928
321 11 12746 1 13193
322 33 17571 1 17602
323 32 23411 1 23601
324 62 24439 1 24514
325 61 4460 4 4875
326 31 26879 1 27337
327 33 27040 3 27193
328 26 17057 3 17522
329 41 22132 3 22515
330 57 13234 1 13369
331 25 25275 1 25493
332 27 5610 1 6067
333 32 14674 1 15174
334 41 11280 3 11679
335 25 10019 2 10250
336 26 25630 1 25805
337 70 3552 3 3557
338 77 3067 1 3559
339 54 19931 1 20190
340 1 13784 1 14091
341 41 14674 3 14904
342 62 8779 2 9152
343 28 14813 2 15161
344 75 25630 1 25755
345 32 13317 4 13690
346 77 569 1 658
347 61 12746 2 13253
348 57 4460 1 4698
349 25 15232 1 16321
350 73 12095 3 12505
351 53 13919 2 14006
352 75 7889 1 8269
353 57 287 2 711
354 11 3914 1 4330
355 15 3710 1 3715
356 15 19973 1 20486
357 75 16495 2 16835
358 26 24832 2 24968
359 3 20882 2 21330
360 1 8059 3 8366
361 43 7847 1 8094
362 50 23611 2 23725
363 70 11341 2 11415
364 11 4460 2 4681
365 64 9851 1 10358
366 43 18936 2 19212
367 52 23715 2 24093
368 50 24076 2 24434
369 75 16495 1 16619
370 78 2845 2 3177
371 58 8719 1 8776
372 5 18757 1 19237
373 63 4609 5 4645
374 15 19685 2 20082
375 11 9743 2 10156
376 33 13665 1 13956
377 60 20151 1 20613
378 53 16923 2 17243
379 61 7602 1 7912
380 71 26697 1 27117
381 11 16840 1 17304
382 48 3067 3 3490
383 56 7664 2 7730
384 33 22074 2 22202
385 25 12456 2 12683
386 22 6029 1 6368
387 58 291 1 555
388 24 5432 3 5918
389 43 2611 1 2888
390 36 11130 2 11483
391 11 1849 3 1941
392 5 24757 1 25489
393 77 10815 1 10831
394 70 23824 2 24161
395 48 11740 1 12066
396 10 21582 2 21986
397 50 17252 1 17796
398 27 24439 2 24843
399 25 8978 1 9255
400 33 24606 1 25254
401 75 25832 1 26207
402 43 12126 1 12560
403 30 13692 1 13895
404 6 1828 2 2229
405 35 20339 1 20531
406 29 17119 2 17471
407 31 4609 1 4994
408 24 17057 4 17547
409 3 3482 3 3688
410 58 16840 2 17001
411 69 214 5 544
412 52 5022 2 5157
413 50 1592 2 2091
414 33 7055 1 10147
415 5 25094 1 25164
416 11 25966 1 26390
417 79 24597 2 24922
418 27 22489 2 22864
419 50 16840 3 17321
420 8 24712 1 24932
421 26 23438 3 23811
422 21 13665 2 13950
423 33 12018 5 12417
424 77 21060 5 21348
425 5 20367 1 20660
426 75 16043 1 16130
427 33 19135 2 19534
428 39 4631 5 4660
429 9 25832 4 25845
430 52 5503 1 5703
431 79 4161 4 4569
432 35 27213 1 27516
433 5 19083 1 19381
434 10 20773 2 20963
435 36 27213 3 27404
436 45 21060 1 21487
437 63 25094 3 25394
438 58 20367 3 20706
439 48 21396 2 21627
440 58 5059 1 5456
441 25 27184 1 27724
442 75 10426 3 10478
443 34 22074 4 22328
444 11 14992 2 15446
445 50 21857 4 21873
446 26 19261 1 19414
447 43 10362 1 10384
448 57 214 4 255
449 61 9213 2 9240
450 77 5058 1 5544
451 64 23406 1 23919
452 31 6029 1 6402
453 75 12126 1 12746
454 48 14115 1 14493
455 50 20367 2 20418
456 21 12456 1 12632
457 53 22489 1 22791
458 61 9324 1 9368
459 6 25630 3 25892
460 10 22966 3 22981
461 41 25275 2 25648
462 70 14143 3 14560
463 39 4828 3 5328
464 3 135 3 147
465 49 5815 3 6201
466 76 24776 1 25209
467 30 1196 2 1269
468 33 16594 1 16693
469 73 3568 4 3679
470 11 23484 1 23895
471 57 3960 1 4168
472 43 20497 2 20793
473 75 21569 2 21582
474 50 9846 2 9882
475 25 4460 1 4581
476 41 26417 2 26917
477 11 26636 1 26938
478 3 15232 4 15756
479 56 22489 1 22665
480 25 14307 1 14542
481 61 517 2 555
482 77 15051 3 15474
483 29 27333 1 27360
484 21 20151 1 20248
485 21 10815 1 10913
486 31 9144 1 9382
487 33 1286 1 1337
488 25 27366 2 27901
489 11 10888 1 10937
490 30 1215 1 1359
491 56 21582 2 21707
492 33 11740 7 12199
493 43 3749 1 3996
494 33 7664 3 8174
495 56 19973 1 20067
496 58 15591 1 16025
497 33 18588 1 18726
498 8 2269 1 2722
499 71 6768 1 6920
500 10 10888 1 11019
501 79 20497 1 21022
502 31 11266 3 11534
503 52 1215 4 1376
504 33 26797 1 26908
505 31 10426 1 10933
506 29 24439 1 24692
507 13 25162 2 25364
508 50 5610 2 5906
509 60 10147 4 10546
510 66 131 1 378
511 75 21798 1 22276
512 44 4631 3 4738
513 40 3614 2 4049
514 9 7602 1 7617
515 33 7889 2 8133
516 70 14674 1 14939
517 61 24606 2 24975
518 10 14992 2 15067
519 64 21057 2 21463
520 79 25275 1 25820
521 27 16043 1 16470
522 60 2611 1 3154
523 18 16263 1 16416
524 69 5272 3 5675
525 24 24354 3 24764
526 79 4755 1 5183
527 11 7662 3 7829
528 61 629 1 731
529 75 12746 6 13206
530 36 15203 1 15448
531 70 11466 1 11471
532 23 17252 8 17280
533 34 27333 4 27448
534 25 4161 2 4631
535 29 10478 2 10635
536 11 16263 1 16545
537 63 25630 5 25749
538 44 24076 2 24502
539 63 11280 2 11643
540 30 13970 2 14007
541 40 16840 2 17366
542 34 17252 1 17551
543 69 23411 1 23756
544 50 10426 1 10517
545 36 5272 3 5559
546 66 19685 2 19904
547 25 22966 1 23274
548 50 6768 1 7298
549 64 13460 1 14002
550 70 25970 1 26357
551 64 1196 3 1425
552 57 8059 7 8329
553 57 22074 3 22170
554 30 1883 2 2163
555 56 25630 1 25902
556 75 8059 1 8485
557 70 20151 1 20519
558 34 13460 2 13605
559 26 18936 4 19274
560 31 14008 1 14502
561 50 21813 1 21846
562 52 21060 1 21325
563 51 12237 1 12468
564 22 5272 1 5583
565 15 3234 2 3373
566 75 8257 1 8429
567 73 22489 1 22734
568 5 14662 1 14674
569 58 8059 1 8604
570 60 14008 1 14338
571 10 12229 4 12259
572 17 20773 4 20898
573 25 13665 1 13965
574 11 3568 1 3826
575 63 19931 1 20010
576 75 13919 1 13979
577 10 23715 1 23976
578 52 19685 3 19789
579 63 1849 3 2297
580 75 1215 1 1448
581 25 1196 1 1251
582 75 24076 4 24145
583 63 5734 3 6123
584 70 24439 1 24961
585 36 26908 1 27264
586 45 10888 2 11268
587 50 25630 1 25995
588 43 1883 1 2154
589 75 5912 2 5934
590 53 1369 1 1678
591 17 24439 2 24944
592 75 8485 2 8931
593 43 26417 1 26518
594 10 27333 1 27678
595 69 10426 2 10508
596 69 21211 2 21707
597 58 21569 2 21931
598 75 16720 1 17153
599 17 4460 1 4807
600 28 5734 3 6253
601 40 5022 4 5369
602 39 2039 1 2562
603 75 13788 3 14143
604 26 25275 3 25470
605 50 26617 2 26700
606 27 7007 2 7263
607 66 8978 1 9495
608 54 10166 1 10561
609 55 20339 3 20369
610 6 3234 2 3338
611 60 24732 1 25180
612 31 9213 1 9746
613 25 8304 1 8630
614 57 25630 1 25946
615 63 2845 4 2974
616 43 5059 1 5424
617 6 4828 2 5116
618 4 23824 1 24052
619 43 25162 3 25200
620 15 15834 1 16166
621 41 10426 2 10810
622 25 10902 1 11145
623 64 18936 1 18987
624 8 22966 1 23138
625 75 18359 2 18591
626 34 8304 3 8678
627 76 3616 5 3893
628 56 23801 2 23813
629 66 10147 1 10376
630 15 10166 1 10489
631 59 27174 1 27505
632 75 14307 1 15284
633 17 18936 4 19136
634 75 26065 2 26392
635 62 1215 1 1250
636 57 1196 1 1387
637 75 10166 2 10594
638 30 24130 1 24249
639 17 898 1 966
640 34 20794 1 21133
641 24 21798 4 22033
642 22 22323 1 22375
643 56 348 1 509
644 26 11935 3 11976
645 32 21582 2 21763
646 43 5219 2 5328
647 43 21798 1 21824
648 15 21798 4 21941
649 24 19369 3 19864
650 29 15614 2 16110
651 5 11740 1 11934
652 61 12018 7 12567
653 11 27040 3 27226
654 52 21587 3 21801
655 43 8719 2 9122
656 43 26417 1 26484
657 25 22489 1 22966
658 17 17153 2 17382
659 75 16513 1 16804
660 52 26343 1 26697
661 11 10166 1 10458
662 26 25970 6 26343
663 77 25094 3 25213
664 24 21057 2 21152
665 22 10426 3 10528
666 18 19176 6 19282
667 27 11332 2 11472
668 76 21318 6 21634
669 5 12746 1 13302
670 5 17093 1 17588
671 17 21060 2 21534
672 79 4460 1 4755
673 33 18359 2 19114
674 11 6262 2 6271
675 48 4520 2 5058
676 6 20773 1 22781
677 24 14992 1 15420
678 63 13560 5 14000
679 25 2254 1 2393
680 4 27098 1 27272
681 10 15585 1 15757
682 11 27333 1 27491
683 5 5183 1 5533
684 56 3546 1 3700
685 5 12212 1 12312
686 27 20151 3 20511
687 75 704 1 1814
688 26 26908 1 27123
689 46 27174 1 27478
690 24 26417 2 26495
691 69 13206 1 13653
692 41 1883 2 2355
693 25 10815 1 10902
694 50 17057 2 17236
695 50 27213 2 27598
696 34 8719 1 8804
697 72 13206 3 13718
698 61 26417 2 26662
699 32 14131 4 14219
700 11 18436 3 18901
701 61 25493 3 26011
702 52 24076 2 24441
703 67 16429 2 16439
704 30 5734 2 5758
705 25 15483 1 15549
706 50 23133 2 23294
707 6 26636 1 27080
708 78 22966 1 23001
709 22 3568 1 3738
710 13 9743 1 9806
711 21 4460 3 4815
712 75 19577 1 20206
713 75 14008 1 14282
714 58 5912 2 6353
715 63 11935 2 12051
716 50 3546 1 4077
717 17 5055 1 5355
718 75 10589 2 10669
719 11 24606 1 25200
720 52 12560 2 12991
721 25 16591 1 16698
722 60 13302 1 13612
723 6 4161 3 4382
724 27 15483 2 15550
725 26 16591 3 16847
726 75 13692 3 13788
727 34 1196 2 1601
728 56 15614 1 15846
729 11 10051 1 10281
730 76 25970 2 26420
731 40 16263 1 16467
732 11 782 2 1039
733 4 16263 1 16494
734 8 18359 3 18655
735 58 5761 3 5792
736 25 8719 2 8769
737 79 11341 1 11859
738 63 1325 2 1840
739 75 8937 5 9324
740 43 26879 1 27478
741 9 3234 1 3730
742 63 24439 3 24967
743 58 15483 1 15919
744 21 9213 1 9658
745 33 22966 1 23584
746 40 19685 1 19847
747 27 18885 4 19165
748 73 4631 2 5116
749 6 19577 2 19976
750 79 10888 2 11113
751 8 9144 6 9670
752 33 15203 1 15591
753 64 5734 2 6030
754 33 27653 3 27792
755 9 5183 1 5296
756 64 1881 1 2060
757 70 18588 2 18998
758 61 4988 2 5242
759 52 1393 5 1833
760 57 8485 1 8540
761 60 27653 3 27965
762 79 7602 3 8150
763 11 19931 3 19992
764 69 5734 5 6114
765 77 26797 1 26834
766 15 22323 2 22759
767 23 25630 1 25867
768 76 8512 5 8919
769 79 22323 2 22635
770 1 5432 2 5446
771 11 924 1 1594
772 50 14992 4 15383
773 33 23611 1 24050
774 79 4460 1 5097
775 78 8514 1 8552
776 5 17486 1 18167
777 36 6768 1 7015
778 17 14674 1 14813
779 30 10938 1 11397
780 25 7347 2 7612
781 11 26082 2 26208
782 61 22074 2 22424
783 43 24076 1 24767
784 43 20773 1 20987
785 71 5059 1 5310
786 60 1592 2 2009
787 5 27366 1 27665
788 11 10426 4 10939
789 48 19261 1 19549
790 1 898 1 1363
791 5 9144 1 9393
792 31 441 1 923
793 79 13460 1 13719
794 26 25832 6 25970
795 11 25832 3 26099
796 50 4988 3 5507
797 68 8862 2 8927
798 26 26697 1 26748
799 17 3883 4 4362
800 36 461 1 517
801 25 5503 1 5816
802 75 8304 1 8810
803 63 15834 1 16048
804 76 9213 2 9389
805 71 8514 2 9024
806 43 5059 1 5272
807 15 5734 2 5966
808 24 10019 1 10197
809 10 8719 1 8782
810 50 16591 1 17043
811 24 12237 2 12460
812 50 17569 1 18359
813 11 19261 1 19287
814 75 19685 3 19876
815 50 12095 5 12621
816 23 22489 3 23033
817 76 15232 2 15708
818 5 2319 1 2620
819 43 437 1 467
820 3 3960 4 4097
821 5 15483 1 16668
822 25 24732 1 25407
823 80 5610 3 6100
824 75 14295 2 14792
825 27 25275 1 25716
826 56 16740 1 16748
827 63 15614 1 16229
828 66 6768 2 7129
829 28 5059 3 5311
830 30 7664 1 7858
831 34 1849 3 2114
832 75 15497 1 15614
833 39 21211 5 21295
834 71 18591 3 18738
835 21 15614 2 15966
836 33 15203 5 15585
837 57 13665 2 13801
838 75 1674 2 2200
839 40 23753 1 23902
840 11 11740 3 12237
841 70 23715 3 23761
842 76 1286 1 1642
843 41 2959 2 3076
844 41 24567 1 24960
845 31 904 1 925
846 53 25818 2 26155
847 45 5503 2 5924
848 5 19931 1 20099
849 66 17373 1 17872
850 50 26065 6 26460
851 5 2319 1 2733
852 50 24597 3 25162
853 34 7347 1 7450
854 60 9213 3 9542
855 21 19685 2 20048
856 33 3883 6 3973
857 33 1912 2 1967
858 27 26636 1 26830
859 66 8564 1 11029
860 73 27333 3 27642
861 11 22966 1 23474
862 67 12746 3 13277
863 56 1592 1 1954
864 29 3960 1 4186
865 3 16043 3 16393
866 70 26697 1 26718
867 53 1895 2 2329
868 77 12560 2 13001
869 58 21060 1 21343
870 75 13692 1 14155
871 11 25630 2 25836
872 28 27098 1 27187
873 63 14546 1 15344
874 50 24076 4 24127
875 43 22966 1 23266
876 75 24832 1 25048
877 43 16193 2 16606
878 48 1592 1 2078
879 71 4161 2 4449
880 17 6288 1 6461
881 8 1196 4 1400
882 70 26797 2 26940
883 50 22489 5 23023
884 64 7889 1 8345
885 25 23438 2 23741
886 29 24832 1 24876
887 57 2611 1 2990
888 73 23411 2 23597
889 42 1215 5 1321
890 1 12229 2 12533
891 79 24354 1 24611
892 60 13206 5 13241
893 26 27213 2 27444
894 18 1196 4 1447
895 61 15203 3 15310
896 79 17252 1 17784
897 6 17057 2 17484
898 25 4988 1 5022
899 71 27174 3 27350
900 25 7251 1 7664
901 43 18936 1 19362
902 61 18936 3 19342
903 3 11935 2 11972
904 57 2959 6 3190
905 79 10426 2 10654
906 78 2035 1 2269
907 64 2254 4 2423
908 28 27653 1 28024
909 77 3546 2 3587
910 3 8378 1 8899
911 71 26145 1 26352
912 26 11981 6 11986
913 45 3067 1 3098
914 71 2254 2 2569
915 10 11280 2 11482
916 5 25275 1 25818
917 39 16043 2 16267
918 79 9607 1 9902
919 70 21093 5 21391
920 33 16595 4 16773
921 5 4161 1 4520
922 75 22074 3 22416
923 49 20151 2 20245
924 57 19931 4 20391
925 25 9144 1 9576
926 36 17153 4 17661
927 79 21057 1 21352
928 79 10815 1 11289
929 50 2845 2 3265
930 8 7847 1 8150
931 5 21569 1 22206
932 70 101 4 124
933 79 27452 2 27663
934 50 7889 1 8365
935 25 10888 1 11011
936 52 20403 1 20882
937 43 8304 1 8719
938 22 5059 1 5077
939 43 14047 3 14263
940 25 26948 1 27250
941 22 5734 1 5981
942 43 23406 1 23611
943 11 20987 2 21435
944 40 22489 3 22616
945 50 7602 1 7777
946 75 11740 2 12118
947 25 5912 1 6361
948 68 8937 1 9487
949 15 5055 3 5263
950 5 14992 2 15413
951 1 17057 2 17415
952 5 1883 1 1928
953 67 5610 3 6040
954 43 19261 3 19742
955 26 27174 3 27393
956 11 4755 2 5055
957 75 27333 1 27502
958 62 13240 2 13484
959 62 19973 2 20497
960 57 7889 1 8201
961 31 25970 4 26012
962 77 23406 1 23468
963 48 23611 1 23672
964 32 7602 8 8053
965 75 5219 1 5624
966 61 10815 1 10919
967 30 24439 1 24661
968 11 22966 1 23484
969 22 20151 1 20358
970 10 19338 4 19733
971 70 1354 2 1554
972 70 5610 6 5751
973 27 226 1 407
974 28 14674 1 15126
975 25 16043 1 16513
976 11 21798 1 21811
977 34 27198 2 27218
978 75 25094 4 25275
979 25 21421 1 21871
980 50 13919 3 14455
981 25 16495 1 16890
982 26 2254 3 2571
983 27 25630 3 26087
984 25 13460 1 14608
985 75 8937 1 9017
986 30 1687 2 1778
987 11 15483 2 15577
988 70 4161 2 4432
989 17 13460 2 13715
990 59 11341 1 11474
991 28 13665 2 13790
992 36 16282 2 16555
993 13 15483 3 15668
994 26 25275 1 25816
995 5 11264 1 11769
996 25 16513 1 16586
997 56 4828 1 5357
998 63 16310 3 16746
999 79 6029 1 6544
1000 57 19685 2 20103
1001 36 3133 3 3441
1002 75 19931 1 20480
1003 31 21060 1 21542
1004 11 12456 1 12723
1005 15 18591 1 18824
1006 1 9851 1 10083
1007 43 502 1 864
1008 57 12746 2 12799
1009 32 1196 3 1646
1010 10 22489 2 22621
1011 73 1196 2 1554
1012 48 19931 3 20434
1013 15 11740 1 12268
1014 43 26797 2 27209
1015 43 11130 1 11735
1016 33 1592 6 1912
1017 35 11130 2 11639
1018 50 2888 2 3133
1019 50 21179 6 21425
1020 50 21638 2 22171
1021 65 11341 5 11804
1022 3 22489 3 22770
1023 73 5610 1 6024
1024 76 13317 1 13822
1025 57 21057 3 21502
1026 46 11332 2 11466
1027 70 12229 2 12255
1028 36 22074 1 22528
1029 79 10166 1 10321
1030 70 12316 2 12798
1031 75 17252 1 17283
1032 34 211 2 409
1033 79 25832 2 26145
1034 23 20794 1 21164
1035 66 473 2 1001
1036 21 2254 3 2543
1037 77 22966 2 23038
1038 33 2888 1 3112
1039 52 22489 1 22826
1040 77 19931 2 20223
1041 63 6768 3 7134
1042 67 12560 6 12652
1043 31 11740 2 12139
1044 11 26343 1 26636
1045 3 26797 2 27019
1046 48 12746 1 13195
1047 54 602 1 915
1048 11 642 1 1030
1049 56 8304 2 8389
1050 43 4161 2 4600
1051 10 16263 3 16566
1052 53 12348 1 12438
1053 77 22132 6 22440
1054 65 5912 5 6370
1055 52 25630 2 25838
1056 43 5272 1 5610
1057 34 26343 2 26428
1058 8 18885 1 19045
1059 76 26908 2 26952
1060 11 2319 1 2711
1061 30 13317 1 13720
1062 51 22489 1 22728
1063 40 23611 1 23963
1064 26 1196 3 1311
1065 11 8257 1 8378
1066 53 10478 2 10648
1067 73 1592 3 2104
1068 61 5960 3 6314
1069 44 1196 2 1576
1070 15 2319 2 2670
1071 75 19816 2 20321
1072 79 8304 1 8849
1073 30 20339 2 20504
1074 56 392 3 779
1075 48 26617 2 27427
1076 67 17642 2 17696
1077 10 14008 3 14358
1078 11 10639 1 10648
1079 42 1945 4 2007
1080 8 25275 1 25389
1081 50 5960 1 6196
1082 11 3133 3 3563
1083 33 26343 3 26723
1084 17 33 1 54
1085 17 17571 3 17915
1086 26 727 3 795
1087 1 3067 1 3506
1088 5 5610 1 6288
1089 77 2319 2 2758
1090 21 24439 1 24988
1091 66 18359 1 18569
1092 61 1592 1 1880
1093 11 27653 1 28315
1094 24 27040 3 27441
1095 54 24130 2 24475
1096 25 15051 1 15188
1097 67 7664 2 7940
1098 33 26797 1 27213
1099 1 8937 3 9419
1100 8 2888 2 3183
1101 79 2092 1 2535
1102 53 9349 1 9750
1103 50 14546 2 15014
1104 63 2167 3 2305
1105 76 18591 2 18767
1106 43 7055 3 7572
1107 8 21057 1 21243
1108 52 207 4 494
1109 58 3883 2 4338
1110 39 22489 1 22533
1111 3 8937 1 9113
1112 75 11740 2 12143
1113 75 9607 3 9921
1114 60 6288 2 6687
1115 43 9144 3 9607
1116 70 4828 3 5273
1117 33 17252 3 17329
1118 24 3749 3 4069
1119 28 20794 4 20894
1120 62 23438 2 23731
1121 26 15483 3 15775
1122 80 20794 2 20980
1123 57 2254 5 2791
1124 64 24776 2 25070
1125 25 26417 1 26617
1126 64 4460 1 4903
1127 6 9144 3 9155
1128 25 10362 1 10385
1129 63 2769 1 2781
1130 44 15483 1 15908
1131 79 21857 1 21927
1132 59 13919 2 14259
1133 29 20403 1 20675
1134 41 26617 1 26943
1135 63 1215 1 1541
1136 11 12212 1 12534
1137 25 14662 1 14810
1138 75 11264 1 11740
1139 24 6768 2 6852
1140 30 11740 1 11917
1141 21 19261 1 19482
1142 8 45 6 184
1143 52 15483 2 15497
1144 10 26145 2 26322
1145 21 20403 2 20765
1146 11 5219 2 5628
1147 39 7664 4 7962
1148 50 3275 1 3796
1149 50 19685 2 20020
1150 64 10888 3 11077
1151 9 22074 1 22142
1152 21 2959 1 3034
1153 40 2769 1 3091
1154 75 19135 1 19214
1155 13 21638 2 21687
1156 1 5503 1 5581
1157 25 22074 1 22132
1158 3 889 3 1190
1159 8 17252 3 17397
1160 75 9213 1 9349
1161 63 6029 3 6450
1162 73 2383 1 2690
1163 34 23753 4 23863
1164 44 14361 1 14526
1165 64 17588 2 17737
1166 25 1928 1 2460
1167 63 9743 1 10027
1168 22 2611 3 3067
1169 33 7055 1 7465
1170 22 4460 4 4498
1171 60 466 1 580
1172 41 54 2 191
1173 33 22489 3 22764
1174 50 25162 5 25636
1175 11 4828 4 5033
1176 15 1762 1 2152
1177 11 13970 1 14158
1178 43 898 1 1108
1179 48 5058 1 5815
1180 71 25094 1 25142
1181 77 13956 3 14201
1182 45 4460 2 4493
1183 48 1361 1 2505
1184 11 454 2 586
1185 11 25275 1 25361
1186 1 26797 4 27266
1187 10 7602 4 7820
1188 50 18936 4 19479
1189 78 20794 1 20882
1190 43 2254 1 2611
1191 29 12560 1 12824
1192 25 11130 1 11266
1193 30 13206 2 13621
1194 48 25630 1 26211
1195 11 20681 5 20882
1196 13 11266 2 11752
1197 62 17252 1 17559
1198 46 10888 4 11280
1199 11 26867 2 27106
1200 52 15614 3 15747
1201 50 25162 2 25565
1202 50 4161 1 4293
1203 63 20161 1 20605
1204 27 23611 1 24074
1205 26 1196 1 1218
1206 9 1217 1 1604
1207 27 4161 4 4470
1208 48 21638 1 21790
1209 57 14295 3 14311
1210 6 25162 1 25521
1211 9 5610 3 6064
1212 40 22132 1 22330
1213 22 1196 1 1632
1214 69 12229 2 12689
1215 56 21192 1 21330
1216 43 1393 1 1756
1217 56 11341 1 11397
1218 33 21569 1 22088
1219 61 21569 4 21800
1220 33 24130 2 24488
1221 31 18936 1 19209
1222 11 13692 1 14115
1223 35 14674 2 14992
1224 80 3041 2 3055
1225 1 21569 2 22025
1226 43 24439 3 25109
1227 70 17252 1 17276
1228 41 21421 2 21687
1229 64 20403 3 20946
1230 8 20151 6 20445
1231 53 19152 1 19301
1232 63 7055 1 7395
1233 33 324 2 1102
1234 43 23901 3 24439
1235 33 6768 1 6949
1236 25 20773 1 21318
1237 27 26343 1 26417
1238 28 24732 2 24784
1239 35 21352 2 21889
1240 5 24712 1 24757
1241 61 7347 3 7585
1242 26 13234 6 13694
1243 25 8094 1 8505
1244 63 5272 3 5715
1245 78 14614 1 14657
1246 43 25407 1 25468
1247 57 8777 1 8843
1248 63 17373 1 17736
1249 56 23753 2 24074
1250 75 20794 1 21730
1251 78 21569 1 22047
1252 66 8485 1 8514
1253 79 14008 1 14251
1254 11 13684 2 13690
1255 68 5761 1 6053
1256 40 15483 2 15770
1257 33 20362 1 20406
1258 48 16923 3 17206
1259 48 6029 1 6370
1260 75 20497 2 20794
1261 8 1883 6 2105
1262 78 17252 1 17506
1263 52 8304 3 8651
1264 43 14181 1 14466
1265 66 24076 2 24307
1266 6 1360 2 1736
1267 71 24606 1 24793
1268 67 80 4 190
1269 43 15483 1 16013
1270 43 4460 1 4618
1271 70 19931 3 20065
1272 62 8719 1 8759
1273 29 27452 1 27617
1274 80 5610 3 5707
1275 33 9058 5 9067
1276 9 20339 2 20538
1277 30 16043 2 16196
1278 42 15497 4 15514
1279 70 22966 2 22998
1280 41 26948 2 27371
1281 41 16282 3 16639
1282 40 8304 3 8788
1283 24 11740 4 11968
1284 70 5432 7 5574
1285 8 518 2 572
1286 56 27653 1 28180
1287 63 146 1 712
1288 33 346 5 637
1289 36 19685 2 19786
1290 64 19261 1 19807
1291 33 1592 1 2136
1292 29 19973 1 20373
1293 79 16994 1 17004
1294 77 4161 5 4367
1295 26 21587 3 22070
1296 43 25275 1 25814
1297 22 20339 2 20571
1298 31 8719 3 8965
1299 27 530 3 898
1300 24 22966 1 23200
1301 3 17057 4 17123
1302 33 26417 1 26742
1303 10 8512 1 8670
1304 80 10478 2 10933
1305 9 5272 2 5739
1306 26 1883 1 2390
1307 24 4609 1 4966
1308 34 19931 2 20418
1309 71 14992 2 15460
1310 75 3487 1 3760
1311 77 19338 1 19445
1312 5 21060 1 21211
1313 69 17283 4 17455
1314 34 21211 3 21710
1315 8 23753 6 24005
1316 5 15203 1 15586
1317 76 16495 2 16805
1318 59 27098 7 27265
1319 1 44 2 328
1320 70 19028 2 19553
1321 63 4460 1 4552
1322 34 19152 4 19605
1323 15 27333 6 27626
1324 9 25970 1 26004
1325 43 3482 1 3732
1326 80 10815 1 11093
1327 67 4161 6 4433
1328 6 2319 2 2410
1329 61 19695 1 19731
1330 48 8094 1 9676
1331 54 9349 2 9521
1332 18 24439 2 24928
1333 11 24076 1 24233
1334 77 2888 1 2918
1335 69 22074 3 22334
1336 44 2888 1 3366
1337 41 16923 2 16966
1338 9 12560 2 12919
1339 64 7347 2 7692
1340 33 16840 1 17373
1341 40 9213 4 9273
1342 71 21325 2 21522
1343 13 20339 1 20468
1344 15 16263 4 16704
1345 33 11740 1 11799
1346 63 8512 1 8821
1347 11 11935 1 12289
1348 62 1592 2 1729
1349 50 20151 2 20773
1350 44 9743 2 10087
1351 25 4631 2 4948
1352 63 10426 2 10867
1353 5 26797 1 27298
1354 43 9607 1 9860
1355 54 25630 1 26080
1356 29 13234 1 13773
1357 73 15591 3 15908
1358 79 15267 2 15483
1359 24 18591 3 19045
1360 61 13460 1 13733
1361 80 3487 4 3971
1362 73 25275 1 25496
1363 54 24732 1 25152
1364 34 18359 4 18736
1365 24 23753 4 24291
1366 8 21569 4 21951
1367 53 18936 1 19067
1368 54 16043 2 16267
1369 43 26617 2 26730
1370 33 14614 2 14842
1371 69 15867 1 16078
1372 3 11130 1 11299
1373 50 2319 1 2696
1374 73 24732 1 24758
1375 30 14008 1 14511
1376 11 18359 1 18588
1377 72 22074 1 22490
1378 57 9324 1 9612
1379 52 16513 1 16933
1380 46 16840 1 17156
1381 60 5610 5 5730
1382 50 2733 5 2769
1383 50 24606 2 25083
1384 56 27098 1 27299
1385 70 25094 1 25396
1386 75 12229 1 12612
1387 27 15614 1 15731
1388 33 14992 1 15203
1389 61 20681 1 20940
1390 79 18898 1 20177
1391 33 24076 4 24095
1392 48 17252 2 17691
1393 43 4988 1 5206
1394 29 27098 1 27416
1395 53 20794 1 21266
1396 50 22966 1 23374
1397 39 23611 4 23822
1398 48 21798 1 22525
1399 76 13206 2 13295
1400 3 20151 1 20187
1401 36 1835 1 2125
1402 61 2611 1 2714
1403 13 20773 1 20815
1404 57 11280 3 11316
1405 57 5912 2 6358
1406 3 5219 4 5600
1407 25 24443 2 24732
1408 11 3482 2 4144
1409 34 22966 3 23016
1410 61 4 2 492
1411 63 16263 1 16684
1412 33 26145 3 26603
1413 25 2611 1 3947
1414 33 3749 1 4161
1415 75 22966 1 23066
1416 34 5610 1 5753
1417 43 13788 1 14099
1418 39 4988 3 5070
1419 75 26417 4 26456
1420 48 11332 1 11728
1421 79 13234 2 13784
1422 21 25630 3 25699
1423 28 27213 1 27271
1424 33 20773 5 20933
1425 66 22131 1 22635
1426 22 18588 2 18909
1427 58 5058 1 5225
1428 25 24354 1 24724
1429 21 8485 1 8596
1430 73 25630 4 26102
1431 6 344 3 462
1432 6 560 6 809
1433 75 574 1 1026
1434 77 11264 1 11608
1435 11 4609 1 4685
1436 60 7677 5 8016
1437 17 27040 3 27248
1438 5 13919 1 14422
1439 79 15834 1 16947
1440 63 12746 1 13497
1441 3 13784 2 13875
1442 73 18885 3 19389
1443 11 11130 1 11341
1444 39 9324 3 9637
1445 3 22074 3 22178
1446 10 17252 4 17530
1447 52 19261 1 19480
1448 56 18591 1 19130
1449 62 26145 1 26499
1450 29 18936 1 18968
1451 10 16923 1 17039
1452 11 11280 1 11759
1453 31 5610 1 6066
1454 13 13460 3 13760
1455 44 1855 1 2349
1456 79 13144 3 13401
1457 60 25493 1 25951
1458 68 9349 1 9805
1459 63 718 4 1247
1460 27 1266 1 1546
1461 66 18588 1 19067
1462 71 21057 1 21277
1463 79 23801 1 23905
1464 39 10478 1 10623
1465 33 6768 1 7857
1466 73 18359 4 18861
1467 46 16591 5 17122
1468 50 10888 2 11133
1469 26 23406 1 23730
1470 53 9213 2 9504
1471 29 14295 1 14399
1472 50 16923 6 17057
1473 67 21569 1 21719
1474 75 10815 1 11264
1475 62 1849 2 2085
1476 57 27098 1 27169
1477 27 18591 3 18695
1478 27 8485 2 8865
1479 54 142 1 276
1480 34 26948 5 27198
1481 31 12456 2 12560
1482 70 10478 2 10972
1483 5 889 1 1883
1484 8 6768 4 7264
1485 77 1196 1 1666
1486 61 27339 8 27426
1487 25 1592 2 2104
1488 48 5815 1 5914
1489 3 1883 1 2263
1490 25 5761 1 5898
1491 50 3960 1 4576
1492 13 8937 1 9293
1493 33 2611 1 3526
1494 5 2888 1 3408
1495 63 20773 2 20791
1496 17 25970 1 26423
1497 35 3883 3 4367
1498 72 6768 1 7226
1499 58 2254 1 2434
1500 77 12229 4 12511
1501 31 5610 3 6032
1502 11 19369 1 20681
1503 3 13317 2 13510
1504 21 18436 1 18650
1505 79 11740 1 12105
1506 61 753 8 797
1507 70 15203 1 15237
1508 30 3275 2 3744
1509 77 21352 4 21396
1510 27 23753 1 24019
1511 29 23753 1 24012
1512 3 5219 3 5475
1513 18 14992 3 15263
1514 27 15203 1 15240
1515 62 16513 1 16713
1516 25 22966 1 23418
1517 3 2611 1 3053
1518 30 22323 2 22779
1519 75 1215 2 1248
1520 79 24130 1 24975
1521 17 16586 2 16838
1522 10 18591 2 18777
1523 50 26617 1 26669
1524 48 27653 1 27886
1525 63 17915 3 17922
1526 75 10478 5 10589
1527 73 17373 4 17878
1528 50 11549 1 12095
1529 79 20153 3 20329
1530 4 22489 2 22604
1531 42 10362 1 10442
1532 58 25630 2 25807
1533 24 22489 2 22506
1534 56 20773 3 20921
1535 48 354 1 403
1536 61 15614 5 15828
1537 5 26797 1 26879
1538 22 22489 2 22696
1539 27 21060 3 21096
1540 79 10478 1 11231
1541 75 2254 1 3799
1542 5 7347 1 7565
1543 77 1883 1 2130
1544 21 11280 1 11746
1545 75 10888 5 11326
1546 11 4520 3 4990
1547 35 15586 1 15896
1548 15 22489 2 22831
1549 6 20403 3 20755
1550 31 8978 2 9401
1551 50 15203 4 15636
1552 53 1592 1 1844
1553 61 1908 2 2381
1554 5 17588 1 17965
1555 20 22489 1 22684
1556 26 15591 2 15711
1557 70 22323 1 22686
1558 30 20773 1 21196
1559 1 25818 3 26203
1560 10 25094 1 25396
1561 40 602 3 876
1562 43 6288 1 6523
1563 17 6768 3 6984
1564 30 10166 4 10595
1565 8 13234 1 13738
1566 11 2845 1 3251
1567 39 4161 2 4397
1568 1 21057 2 21558
1569 11 27213 1 27318
1570 79 2611 1 2893
1571 79 8849 2 9349
1572 77 15483 5 16009
1573 56 3883 2 4186
1574 43 22323 3 22596
1575 63 3883 1 4352
1576 70 15051 1 15538
1577 79 21179 2 21498
1578 60 10888 1 11422
1579 50 4882 3 4988
1580 46 16693 1 16734
1581 8 25094 1 25189
1582 71 13206 1 13499
1583 41 16282 3 16305
1584 67 15051 8 15552
1585 43 19685 1 20254
1586 69 17057 3 17263
1587 51 23406 2 23560
1588 31 21211 1 21424
1589 61 1882 1 1892
1590 50 20877 2 21079
1591 48 10478 1 11672
1592 75 4920 1 6252
1593 79 10051 2 10591
1594 28 12095 3 12598
1595 15 1248 1 1629
1596 8 24076 6 24487
1597 63 22489 1 22576
1598 11 24076 5 24606
1599 54 13460 2 13688
1600 75 4609 3 4780
1601 71 15834 2 15913
1602 48 520 1 931
1603 72 27213 1 27323
1604 21 12746 1 13100
1605 5 27213 1 27483
1606 60 12746 3 13197
1607 25 16586 1 16720
1608 46 11280 2 11426
1609 21 11937 1 12344
1610 33 9607 1 10036
1611 34 14546 3 14962
1612 56 24354 2 24398
1613 10 26417 1 26709
1614 64 11971 2 12119
1615 29 12560 1 12625
1616 11 7847 1 8199
1617 79 25094 1 25464
1618 70 3275 1 3308
1619 75 21421 1 21462
1620 56 25162 3 25208
1621 25 24732 2 25237
1622 27 9213 1 9360
1623 31 27213 1 27493
1624 17 8512 2 8999
1625 15 21421 2 21846
1626 22 22966 4 23459
1627 78 25749 4 25995
1628 67 22074 7 22573
1629 45 24076 2 24520
1630 54 1706 2 1815
1631 56 10888 3 11192
1632 35 10426 1 10613
1633 70 24439 1 24778
1634 27 18359 1 18388
1635 22 4988 1 5053
1636 43 12095 1 12511
1637 69 27174 2 27525
1638 33 2611 1 2872
1639 25 24732 1 24849
1640 24 15483 2 15926
1641 5 3067 1 3547
1642 43 18359 3 18936
1643 53 2845 1 3130
1644 48 3546 1 4317
1645 3 12126 2 12145
1646 22 2254 3 2465
1647 36 13234 2 13352
1648 22 12095 5 12600
1649 8 14992 3 15508
1650 75 24832 5 25094
1651 30 1883 1 2232
1652 61 11280 2 11507
1653 25 10019 1 10362
1654 22 7347 3 7548
1655 63 16693 1 16794
1656 21 7347 1 7458
1657 25 19931 1 20339
1658 33 22323 1 22862
1659 63 13956 1 14008
1660 41 25691 1 26001
1661 11 15867 1 16096
1662 70 3568 2 3864
1663 31 25832 3 25879
1664 55 5734 2 6056
1665 79 12316 2 12352
1666 24 513 1 724
1667 40 7347 1 7633
1668 29 14115 1 14234
1669 77 14813 2 15021
1670 11 21057 1 21483
1671 34 4460 6 4761
1672 28 22966 1 23384
1673 66 14674 1 14730
1674 18 4460 1 4872
1675 6 18885 1 19171
1676 25 18591 2 18997
1677 11 25630 1 25832
1678 61 8719 1 9031
1679 61 15483 2 15895
1680 48 24776 2 25428
1681 54 5761 2 5814
1682 51 10362 3 10493
1683 56 10362 3 10495
1684 66 18359 1 18993
1685 26 3234 4 3614
1686 72 1883 2 2084
1687 22 24076 2 24109
1688 18 25970 2 26373
1689 66 8514 1 8541
1690 1 13206 2 13728
1691 56 14813 3 15147
1692 34 10051 2 10069
1693 61 10426 3 10607
1694 72 1258 4 1782
1695 22 24130 2 24218
1696 79 20339 1 20861
1697 40 9902 3 10296
1698 43 5610 1 7102
1699 15 2888 2 3320
1700 25 7612 1 7755
1701 75 7602 1 8207
1702 57 25630 4 26175
1703 50 287 1 307
1704 75 3234 4 3265
1705 32 214 1 516
1706 61 14813 2 15153
1707 76 402 1 654
1708 5 7602 1 8006
1709 50 21857 4 22074
1710 62 5960 1 6454
1711 75 14992 3 15497
1712 21 26636 1 26796
1713 13 6768 1 7183
1714 39 1300 3 1434
1715 31 26417 2 26930
1716 66 22635 1 23876
1717 33 4161 1 5432
1718 3 18591 1 19101
1719 33 1369 5 1592
1720 25 12018 2 12126
1721 77 13665 1 13830
1722 70 16263 7 16504
1723 80 5734 1 6205
1724 41 13206 1 13576
1725 25 20151 1 20608
1726 25 1592 1 1797
1727 68 27098 1 27483
1728 63 37 4 164
1729 52 13189 1 13483
1730 11 22489 2 22653
1731 48 18591 2 19032
1732 70 4460 2 4755
1733 36 19973 2 20172
1734 61 19369 2 19529
1735 24 11266 1 11372
1736 43 16606 2 16614
1737 25 6029 2 6322
1738 32 15834 2 16365
1739 75 4460 1 4920
1740 66 2845 1 3052
1741 48 18359 1 18470
1742 56 20497 4 20513
1743 54 4609 2 5047
1744 11 7602 2 7662
1745 75 1102 5 1215
1746 24 25162 2 25274
1747 39 4828 2 4917
1748 1 23411 3 23935
1749 24 8378 2 8920
1750 44 3638 2 3725
1751 3 7347 3 7642
1752 57 11740 1 12279
1753 11 7889 1 7990
1754 56 8378 2 8901
1755 5 1862 1 1880
1756 75 12143 1 12617
1757 39 25691 1 26131
1758 60 23406 1 23441
1759 75 21582 1 21638
1760 79 10019 4 10042
1761 65 11341 3 11879
1762 33 339 1 739
1763 33 20773 2 21364
1764 15 1371 1 1757
1765 1 20151 2 20411
1766 11 21857 3 22334
1767 32 15232 5 15567
1768 25 10917 1 11193
1769 26 22966 5 23418
1770 11 12316 3 12562
1771 71 1196 2 1375
1772 5 19685 1 19814
1773 33 26908 1 27040
1774 75 6768 1 7251
1775 77 25832 3 26043
1776 11 17119 1 17641
1777 11 21569 4 21798
1778 17 15483 2 15574
1779 66 26926 1 27377
1780 65 5912 1 6357
1781 75 26343 1 26867
1782 61 17642 3 17797
1783 72 16282 1 16525
1784 79 15483 3 15738
1785 43 20987 1 21562
1786 51 1196 1 1727
1787 77 20877 3 21240
1788 26 3749 1 4127
1789 57 22966 5 23236
1790 5 458 1 889
1791 44 889 2 1104
1792 79 142 4 449
1793 68 18936 2 18956
1794 75 10019 3 10432
1795 36 12560 1 12931
1796 77 8726 5 8930
1797 24 17373 1 17735
1798 68 8937 1 9275
1799 43 8726 1 9001
1800 24 898 1 1044
1801 25 26343 1 26649
1802 25 16043 1 16085
1803 17 25407 1 25927
1804 33 889 1 1036
1805 50 16693 1 16734
1806 24 1704 1 2012
1807 21 4920 3 5357
1808 50 13234 2 13519
1809 75 9851 2 10386
1810 56 13234 2 13438
1811 75 22074 1 22535
1812 15 23611 1 23834
1813 66 19973 1 22131
1814 24 13466 1 13647
1815 22 27339 2 27733
1816 75 1255 2 1409
1817 56 3960 4 4286
1818 69 6768 2 6984
1819 33 23715 1 23909
1820 73 22202 3 22379
1821 48 9743 3 9980
1822 77 14263 2 14781
1823 50 6768 1 7277
1824 27 4609 1 4727
1825 77 7347 2 7746
1826 79 25630 1 25961
1827 54 6029 1 6041
1828 30 19685 2 19730
1829 71 14008 1 14161
1830 25 21318 1 21421
1831 60 26417 4 26931
1832 30 24712 3 25125
1833 77 18591 2 18749
1834 34 15051 4 15584
1835 44 25832 3 25980
1836 10 1353 4 1778
1837 25 6768 1 7303
1838 63 8485 5 9023
1839 3 13919 3 14458
1840 17 9851 4 10370
1841 68 2611 1 2760
1842 9 16310 5 16541
1843 66 25275 2 25534
1844 60 18359 2 18753
1845 44 21582 1 22043
1846 26 12746 6 12969
1847 5 12560 1 12664
1848 60 5734 1 5852
1849 61 15585 4 15596
1850 75 4828 2 5159
1851 46 21582 1 22015
1852 8 1592 5 1807
1853 77 24757 3 25067
1854 24 24832 2 25115
1855 48 2611 2 2807
1856 61 18359 7 18878
1857 22 8094 5 8358
1858 77 26879 1 27073
1859 25 13144 2 13303
1860 58 27213 3 27458
1861 50 26417 1 26476
1862 26 3568 1 4085
1863 59 11341 4 11439
1864 18 9213 4 9227
1865 56 24439 3 24910
1866 31 748 1 1181
1867 50 20773 4 20877
1868 35 8094 1 8187
1869 24 2611 2 2659
1870 54 9213 1 9235
1871 22 3546 1 3730
1872 25 17057 1 17440
1873 18 8512 5 9051
1874 64 16693 1 16936
1875 36 18936 1 19392
1876 25 24606 1 24696
1877 66 4161 2 4638
1878 13 8304 1 8732
1879 1 1592 2 2045
1880 26 24439 2 24795
1881 63 22074 4 22355
1882 75 22489 1 22751
1883 11 18359 1 18434
1884 17 19685 1 20020
1885 56 8485 1 8601
1886 39 22966 2 23483
1887 9 25966 4 26106
1888 77 27653 1 27978
1889 30 8719 1 9220
1890 75 17206 5 17215
1891 60 21582 4 21601
1892 36 24439 3 24914
1893 24 19135 3 19168
1894 11 13466 1 13878
1895 79 14614 3 14899
1896 9 16586 7 17080
1897 7 1592 2 1908
1898 35 20794 1 21127
1899 61 25094 2 25202
1900 7 5960 3 6168
1901 6 12746 2 13022
1902 77 3568 3 3965
1903 50 18359 7 18436
1904 56 10166 1 10580
1905 22 8485 1 9024
1906 50 11937 1 12421
1907 9 27098 2 27486
1908 21 1592 2 1715
1909 75 19882 2 19890
1910 64 15203 2 15274
1911 15 10888 4 10915
1912 33 3067 1 3468
1913 28 1229 3 1293
1914 10 19931 3 20246
1915 15 7602 4 7824
1916 34 153 1 524
1917 15 22966 2 23309
1918 21 20773 1 20849
1919 35 4631 2 5098
1920 43 21857 2 22248
1921 34 12316 1 12451
1922 79 889 5 1161
1923 71 22074 2 22408
1924 27 12212 1 12714
1925 62 26082 1 26564
1926 53 14047 3 14230
1927 11 18936 2 19112
1928 71 26417 1 26483
1929 29 20882 1 20902
1930 43 4161 1 4626
1931 70 17373 3 17878
1932 5 26879 1 27206
1933 5 1928 1 2064
1934 33 19685 1 19993
1935 63 2611 1 2829
1936 25 12126 1 12613
1937 31 2888 1 3408
1938 56 21798 1 22091
1939 63 20794 1 21192
1940 70 11296 2 11302
1941 25 25407 1 26001
1942 22 11332 2 11568
1943 63 7347 1 7956
1944 75 16452 2 16495
1945 66 7602 1 7641
1946 10 21582 3 21929
1947 24 9743 3 9968
1948 17 15591 1 15925
1949 36 54 4 456
1950 51 20882 2 21058
1951 63 8937 1 8955
1952 4 1312 2 1782
1953 21 103 1 581
1954 34 14047 2 14271
1955 68 12126 1 12223
1956 57 14131 3 14364
1957 50 19973 1 20086
1958 40 18936 3 19192
1959 33 25407 1 25691
1960 58 557 1 730
1961 11 27106 2 27179
1962 43 436 1 883
1963 51 2319 1 2428
1964 11 10815 1 11618
1965 31 13302 2 13500
1966 78 1951 1 2347
1967 10 26879 4 27349
1968 17 472 2 550
1969 8 25630 1 26062
1970 25 19931 1 20189
1971 77 17093 3 17469
1972 11 4161 3 4609
1973 64 25630 1 25743
1974 62 14047 1 14474
1975 77 13206 1 13293
1976 52 16923 2 17185
1977 75 4755 4 4856
1978 75 2263 2 2425
1979 22 16586 2 16963
1980 6 9743 3 9829
1981 43 11794 1 11937
1982 24 12746 2 13154
1983 3 23406 1 23613
1984 59 14546 7 15073
1985 33 16594 1 16673
1986 59 2611 1 3069
1987 5 6288 2 6438
1988 79 23438 2 23801
1989 75 17057 4 17197
1990 69 1196 2 1695
1991 29 3133 1 3502
1992 22 23824 4 24157
1993 15 25749 1 25829
1994 73 19973 3 20024
1995 50 23753 1 24085
1996 1 6768 3 6943
1997 48 21057 1 21396
1998 62 1196 1 1210
1999 10 9851 2 10360
2000 25 13970 1 14290
2001 11 9343 3 9393
2002 3 4828 1 5160
2003 64 25094 2 25487
2004 11 5912 2 7188
2005 25 23406 1 23668
2006 70 11130 3 11295
2007 77 1883 3 1959
2008 77 10426 2 10803
2009 18 23753 1 23991
2010 50 16043 1 16591
2011 13 10019 1 10446
2012 50 11266 1 11280
2013 3 25749 3 25951
2014 62 13206 2 13240
2015 67 898 7 1356
2016 75 13206 1 13393
2017 34 9743 2 10031
2018 15 19577 1 19897
2019 66 26343 2 26587
2020 26 756 2 915
2021 11 1592 2 1674
2022 79 18757 1 18898
2023 8 10888 3 11177
2024 11 8593 1 8997
2025 36 5734 1 6277
2026 3 2254 3 2729
2027 48 15051 2 15322
2028 61 1196 7 1491
2029 78 3883 8 4416
2030 66 24439 1 24896
2031 78 1945 2 2019
2032 67 8378 3 8485
2033 25 15203 2 15232
2034 48 22966 3 23439
2035 11 15483 3 15841
2036 5 1883 1 2280
2037 1 18936 1 19351
2038 70 5912 1 6196
2039 50 127 2 300
2040 78 14662 3 15170
2041 31 27333 3 27789
2042 43 3883 1 4364
2043 63 24076 1 24350
2044 44 7664 1 7771
2045 56 898 1 993
2046 79 15483 1 15805
2047 22 14674 1 15057
2048 41 678 1 1160
2049 3 8719 1 8756
2050 56 7347 2 7873
2051 52 21057 4 21568
2052 53 14674 1 15182
2053 53 900 2 1361
2054 15 20794 5 21046
2055 56 19973 3 20484
2056 10 22074 1 22327
2057 33 12746 2 13355
2058 75 11332 2 11508
2059 67 24712 3 25165
2060 66 12846 2 13121
2061 27 20773 1 20843
2062 53 17057 1 17223
2063 60 27098 3 27548
2064 75 5934 1 6646
2065 52 1883 3 2184
2066 11 603 1 778
2067 79 23438 1 23962
2068 75 13206 4 13692
2069 58 22489 3 22604
2070 56 24597 3 24909
2071 11 10362 1 10639
2072 70 26948 1 27397
2073 70 21325 1 21403
2074 15 15586 2 15918
2075 1 22202 4 22561
2076 66 329 1 385
2077 5 26166 2 26784
2078 3 21421 3 21784
2079 79 26908 3 27066
2080 41 19261 1 19769
2081 69 24354 1 24574
2082 49 4609 6 4765
2083 50 24354 1 24464
2084 22 43 1 385
2085 71 11130 1 11558
2086 41 24130 1 24567
2087 72 3568 2 3909
2088 44 21211 1 21467
2089 63 15834 1 16283
2090 76 20151 1 20297
2091 75 20339 3 20471
2092 30 4920 2 5206
2093 53 25630 3 25806
2094 50 6288 4 6812
2095 13 1196 3 1497
2096 75 25630 1 25966
2097 43 14263 1 14307
2098 22 2137 1 2354
2099 50 19695 1 19973
2100 32 22966 5 23410
2101 31 5058 3 5402
2102 43 3067 1 3313
2103 26 24076 5 24151
2104 21 21587 3 21937
2105 48 20773 2 20992
2106 75 23406 1 23753
2107 50 8593 2 8777
2108 6 3616 1 3923
2109 60 5055 2 5566
2110 25 4618 1 4625
2111 30 91 4 587
2112 13 10589 3 10746
2113 25 19577 1 19862
2114 10 23406 1 23704
2115 36 13460 4 13696
2116 30 25493 1 26004
2117 35 22489 2 22955
2118 80 4828 1 5212
2119 5 21211 1 21554
2120 61 26343 1 26539
2121 33 16693 3 16837
2122 43 25630 1 26322
2123 24 16495 3 16958
2124 5 21211 1 21583
2125 30 13919 1 13965
2126 49 6768 3 7281
2127 75 6288 1 6768
2128 10 8094 1 8137
2129 56 22966 2 23496
2130 40 12746 4 12817
2131 52 4460 1 4945
2132 44 22489 1 22798
2133 25 24076 1 24441
2134 75 19261 5 19491
2135 54 19338 2 19410
2136 11 14295 2 14838
2137 50 4609 2 4882
2138 79 4755 3 5351
2139 3 25162 4 25646
2140 79 20794 1 21057
2141 77 19135 1 19225
2142 34 25832 2 26175
2143 50 10362 1 10888
2144 79 14143 1 14444
2145 75 1196 1 1668
2146 33 26082 4 26202
2147 35 13665 1 13781
2148 79 21569 2 21857
2149 41 16693 3 16906
2150 35 1592 2 1821
2151 26 11740 3 12190
2152 3 23611 3 24151
2153 66 5055 1 5559
2154 43 21587 2 21658
2155 40 23406 1 23589
2156 76 27098 5 27244
2157 75 7664 2 7677
2158 11 16495 1 17115
2159 5 22489 1 24712
2160 5 8304 1 8831
2161 56 27653 1 27928
2162 11 1704 2 1744
2163 10 898 3 1306
2164 43 4631 1 4816
2165 25 13665 1 14546
2166 30 3008 1 3184
2167 63 2319 1 2679
2168 56 25970 2 26283
2169 79 1704 1 1951
2170 35 5761 1 6101
2171 11 1944 1 2259
2172 22 16452 2 16629
2173 79 1704 1 2275
2174 27 14131 1 14557
2175 30 21421 1 21803
2176 3 24130 1 24466
2177 10 3546 1 3609
2178 6 18359 2 18646
2179 5 8719 1 9213
2180 75 5183 2 5880
2181 62 20497 1 20694
2182 17 5610 4 5646
2183 76 2254 1 2311
2184 1 14295 1 14430
2185 25 17283 1 17694
2186 25 15483 1 15936
2187 11 19338 1 19413
2188 75 27182 4 27691
2189 22 22074 1 22267
2190 30 14674 3 15033
2191 10 20403 1 20774
2192 79 27174 1 27452
2193 76 23753 5 24074
2194 46 21352 2 21389
2195 1 15483 3 15587
2196 25 8512 2 8978
2197 43 27366 3 27531
2198 66 13206 1 13933
2199 5 10166 1 11121
2200 32 23715 4 24126
2201 75 9851 4 10143
2202 64 13234 3 13357
2203 75 9743 1 9851
2204 68 17373 1 17541
2205 6 5610 1 5839
2206 31 16270 4 16619
2207 75 15051 1 16452
2208 75 4161 2 4598
2209 32 26948 8 27347
2210 15 5272 6 5633
2211 30 18936 4 19291
2212 15 5022 2 5069
2213 5 10478 1 10767
2214 25 10888 2 11130
2215 75 3883 2 3960
2216 5 7055 1 7460
2217 27 19338 1 19661
2218 69 18359 2 18453
2219 63 22966 1 23150
2220 44 26879 2 27030
2221 5 19338 1 19774
2222 52 25162 2 25560
2223 75 9324 3 9725
2224 26 23753 3 24187
2225 3 20773 1 20818
2226 22 21582 2 21784
2227 43 1592 1 1869
2228 6 19261 1 19524
2229 11 1592 1 1849
2230 10 18936 2 19309
2231 70 14546 1 14897
2232 43 2254 1 2388
2233 51 14143 2 14345
2234 1 16591 2 17031
2235 32 8593 5 8831
2236 33 27213 3 27653
2237 22 19152 3 19568
2238 25 14546 1 15051
2239 15 20151 1 20536
2240 46 21582 1 22049
2241 40 12126 2 12311
2242 3 4520 1 4697
2243 11 22323 1 22671
2244 75 6768 5 7160
2245 10 14813 1 14943
2246 56 7847 2 8352
2247 24 14546 2 14875
2248 78 22966 4 23153
2249 79 14992 2 15267
2250 50 17373 2 17503
2251 15 1704 2 2209
2252 62 9213 1 9225
2253 70 3960 2 4000
2254 26 5912 1 6112
2255 11 14158 1 14440
2256 15 14143 6 14428
2257 25 6768 1 7347
2258 25 12746 2 12989
2259 70 16586 1 16635
2260 56 17057 1 17562
2261 11 12126 3 12373
2262 33 14813 2 15021
2263 66 5372 1 5379
2264 57 2319 5 2546
2265 60 11740 2 11919
2266 80 12126 1 12304
2267 53 24076 1 24290
2268 1 12560 4 12686
2269 63 11740 2 12815
2270 31 14143 1 14404
2271 36 8777 1 9244
2272 69 8512 3 8796
2273 63 5305 1 6012
2274 78 25818 3 26357
2275 24 20773 2 20881
2276 43 25630 2 25926
2277 28 19028 2 19233
2278 63 14008 1 14361
2279 58 20794 2 21019
2280 56 16043 1 16325
2281 11 5734 3 5859
2282 10 193 2 742
2283 11 9343 1 9862
2284 51 4161 1 4637
2285 3 19577 1 19845
2286 10 6768 1 7164
2287 79 14614 2 14674
2288 11 11341 2 12090
2289 22 18359 1 18450
2290 33 20403 7 20768
2291 63 7602 3 7895
2292 53 15051 3 15154
2293 31 383 1 765
2294 56 19261 1 19583
2295 25 20151 1 20800
2296 58 14813 2 14942
2297 59 13919 3 14149
2298 53 8726 2 9109
2299 50 10019 1 10332
2300 21 21057 3 21319
2301 50 23406 1 23921
2302 42 12746 5 13049
2303 61 21325 1 21506
2304 63 1270 1 1550
2305 69 20151 1 20504
2306 33 18359 2 18393
2307 79 25162 4 25447
2308 75 613 1 704
2309 69 25630 2 25978
2310 43 13460 1 13560
2311 56 21582 1 21944
2312 28 16452 1 16949
2313 73 26617 5 26783
2314 70 8485 2 8939
2315 50 1646 2 1980
2316 5 16495 1 17093
2317 18 20773 2 21035
2318 39 11266 1 11740
2319 5 13317 2 13709
2320 10 66 1 124
2321 11 1196 1 1551
2322 51 15483 2 15876
2323 33 19338 4 19567
2324 8 22323 1 22554
2325 56 14295 1 14757
2326 9 665 1 1162
2327 29 2319 2 2754
2328 25 642 1 1056
2329 54 15051 2 15210
2330 28 8593 1 9048
2331 27 13234 1 13252
2332 30 10019 1 10064
2333 11 19685 2 19944
2334 53 19338 3 19552
2335 50 4520 2 4659
2336 61 17057 1 17500
2337 6 23611 6 23992
2338 40 10019 2 10282
2339 10 12018 4 12092
2340 42 1322 1 1839
2341 50 21582 1 21896
2342 79 22635 2 22823
2343 53 22966 2 23408
2344 10 3914 1 4054
2345 11 25832 1 26164
2346 9 14008 2 14471
2347 36 22966 1 23191
2348 17 2254 4 2634
2349 56 5507 1 5667
2350 11 612 2 889
2351 58 24439 2 24547
2352 70 1196 4 1343
2353 70 20773 1 20995
2354 36 3616 3 3927
2355 41 1215 1 1620
2356 78 11341 6 11843
2357 18 21211 1 21354
2358 56 762 2 819
2359 50 18436 3 18755
2360 63 9213 3 9258
2361 3 22966 1 23182
2362 48 19577 1 19765
2363 48 15483 1 15810
2364 21 16840 1 17362
2365 41 23411 1 23845
2366 31 7055 1 7391
2367 5 9743 2 10166
2368 11 8059 3 8257
2369 24 21352 3 21589
2370 39 26797 1 27215
2371 33 10478 2 10591
2372 64 2959 1 3339
2373 50 7847 5 8165
2374 15 525 1 565
2375 43 3313 1 3690
2376 75 3067 1 3184
2377 62 18936 2 19074
2378 50 7602 1 7933
2379 10 24606 2 24970
2380 33 6288 5 6343
2381 9 1883 2 2117
2382 79 25493 1 25947
2383 15 19152 1 19503
2384 45 24606 1 25042
2385 78 8937 3 9151
2386 70 2319 1 2355
2387 43 24776 1 25276
2388 79 17057 3 17240
2389 63 25832 2 26106
2390 62 23753 1 23778
2391 41 8485 1 8884
2392 41 5734 3 5825
2393 29 26908 2 27095
2394 40 13206 3 13507
2395 61 8378 1 8756
2396 75 23438 2 23824
2397 27 25493 1 25620
2398 43 4828 1 5059
2399 62 24130 1 24488
2400 41 11937 1 12223
2401 33 22131 1 22210
2402 79 3749 1 3809
2403 5 14813 2 14876
2404 75 18625 1 19258
2405 33 16840 3 17370
2406 71 16923 3 17352
2407 26 26417 5 26597
2408 45 14390 1 14681
2409 50 19577 3 19695
2410 67 20773 3 21238
2411 43 19973 1 20028
2412 25 22323 2 22873
2413 79 13784 3 14131
2414 41 4631 2 4806
2415 57 19338 2 19419
2416 50 16263 2 16598
2417 26 11341 1 11769
2418 17 11266 2 11367
2419 50 19261 2 19577
2420 3 5610 3 6123
2421 4 3960 1 4483
2422 30 16923 2 17123
2423 41 20151 1 20317
2424 5 7602 1 7768
2425 50 3796 2 4261
2426 33 6768 1 7055
2427 43 4609 2 5045
2428 22 20877 2 21225
2429 34 5815 1 5909
2430 35 637 3 1077
2431 29 23484 1 23998
2432 43 1756 1 1920
2433 79 17057 2 17488
2434 56 14674 2 15003
2435 33 19931 1 20362
2436 29 13919 1 14315
2437 11 21813 2 22265
2438 5 11935 1 12212
2439 75 19261 1 19435
2440 43 5058 1 5519
2441 62 21060 2 21570
2442 64 2611 4 2687
2443 5 24439 1 24451
2444 75 1592 2 2091
2445 72 22635 2 22754
2446 11 17373 2 17895
2447 31 982 1 990
2448 33 11332 5 11393
2449 18 4520 1 4891
2450 22 19237 1 19627
2451 61 24076 1 24141
2452 57 15203 1 15638
2453 17 10815 4 11063
2454 57 10917 4 11118
2455 13 20151 3 20303
2456 79 12143 1 12451
2457 10 11794 1 12144
2458 79 14295 3 14507
2459 59 1220 2 1443
2460 33 14274 1 14790
2461 50 2769 1 2887
2462 11 15051 2 15592
2463 75 26867 1 27182
2464 11 8512 1 8991
2465 25 1196 1 3332
2466 33 1928 1 2308
2467 53 24076 2 24614
2468 59 14546 1 14952
2469 66 26636 1 27343
2470 69 16586 3 17009
2471 50 27184 5 27605
2472 43 11130 2 11546
2473 24 20773 3 20816
2474 70 25630 2 25948
2475 71 270 4 632
2476 31 4828 1 4996
2477 21 25162 1 25553
2478 57 3883 6 3942
2479 25 9607 2 9846
2480 11 4501 1 4510
2481 43 27198 2 27335
2482 25 20403 1 20828
2483 61 19577 1 20049
2484 72 5734 1 6075
2485 77 3883 6 4210
2486 27 8059 2 8470
2487 57 17283 1 17775
2488 34 26617 5 26638
2489 54 8719 2 9126
2490 63 12815 1 13747
2491 27 21638 1 22025
2492 66 5610 2 6100
2493 54 21325 2 21464
2494 41 8937 3 9341
2495 61 10166 1 10359
2496 73 27106 3 27303
2497 63 27040 2 27390
2498 43 14614 1 15060
2499 54 13970 1 14059
2500 15 11130 1 11643
2501 41 18625 1 19136
2502 77 8094 1 8494
2503 66 11264 1 11377
2504 5 3067 1 3407
2505 66 19176 2 19391
2506 31 13206 3 13513
2507 63 22074 1 23897
2508 43 8094 1 8726
2509 56 19577 3 19591
2510 79 25966 3 26095
2511 63 25749 2 26072
2512 11 18588 2 19261
2513 32 22323 1 22683
2514 30 22323 3 22684
2515 78 1592 2 1670
2516 36 25162 1 25440
2517 64 343 2 593
2518 77 898 2 1138
2519 60 23715 1 24252
2520 62 14008 1 14390
2521 24 13665 1 13980
2522 73 457 1 989
2523 63 177 1 552
2524 17 20403 2 20736
2525 79 23611 2 23965
2526 11 27142 1 27340
2527 21 8719 1 8958
2528 61 21211 6 21431
2529 5 12316 1 13264
2530 78 21057 1 21274
2531 43 10426 1 10880
2532 27 11130 1 11653
2533 25 18359 2 18653
2534 11 17057 1 17437
2535 75 25275 5 25630
2536 73 7347 3 7482
2537 75 12560 1 12668
2538 63 26417 2 26948
2539 41 15483 1 15725
2540 18 13970 2 14518
2541 3 17252 1 17660
2542 77 25691 1 26139
2543 61 19931 4 20269
2544 79 22966 1 23438
2545 5 14674 2 14723
2546 40 21057 3 21452
2547 66 16595 2 16704
2548 53 3133 1 3289
2549 55 637 2 1078
2550 11 5734 1 6037
2551 66 13956 1 14449
2552 75 10426 2 10477
2553 10 3616 3 3657
2554 10 10888 2 11250
2555 9 14008 3 14081
2556 10 15203 1 15463
2557 77 4755 1 5058
2558 75 22202 3 22713
2559 75 630 1 1034
2560 79 27098 1 27353
2561 10 4828 1 4983
2562 61 10426 3 10496
2563 73 8304 1 8375
2564 30 3749 3 3929
2565 34 694 2 917
2566 4 6029 1 6453
2567 66 16310 1 16595
2568 26 5272 1 5350
2569 56 10888 3 11221
2570 5 626 1 855
2571 17 9607 3 9651
2572 39 12846 4 13114
2573 72 7602 2 8026
2574 22 15203 2 15259
2575 50 15834 2 16228
2576 29 3234 1 3282
2577 75 17153 1 17724
2578 25 8059 1 8564
2579 27 19685 3 19831
2580 33 19338 2 19393
2581 70 15585 1 15696
2582 11 14546 2 14786
2583 61 2888 4 3106
2584 32 15624 5 16172
2585 50 23725 1 24195
2586 50 14992 1 15193
2587 39 3616 2 4026
2588 6 24076 6 24578
2589 43 1928 1 2013
2590 75 22966 1 23422
2591 22 4520 1 4935
2592 73 13206 6 13457
2593 43 1592 1 2180
2594 43 2161 2 2168
2595 5 3638 1 4137
2596 34 19028 1 19091
2597 25 17642 1 17658
2598 25 734 1 1227
2599 41 3616 1 3895
2600 63 12229 1 12675
2601 70 21211 1 21275
2602 32 13970 8 14096
2603 50 20151 3 20564
2604 50 24439 1 24849
2605 11 19989 1 20238
2606 77 9213 5 9567
2607 24 7347 3 7890
2608 30 14295 1 14772
2609 33 661 2 768
2610 26 3133 1 3333
2611 33 13560 2 14236
2612 67 1674 4 1981
2613 43 2254 1 2585
2614 26 21325 4 21453
2615 56 13970 1 14295
2616 75 24354 3 24832
2617 40 15232 4 15277
2618 56 25630 3 25930
2619 31 8593 2 9011
2620 68 25970 2 26495
2621 11 5500 1 5936
2622 60 16923 2 17083
2623 18 22074 1 22500
2624 50 5507 2 5926
2625 41 25275 1 25757
2626 29 1897 1 2284
2627 24 10888 1 11391
2628 60 6768 1 6818
2629 77 13317 1 13530
2630 43 2959 1 3482
2631 50 26797 3 27044
2632 3 14546 1 14901
2633 8 8378 2 8889
2634 79 21352 1 22294
2635 8 5272 2 5782
2636 30 12126 3 12618
2637 56 16452 1 16555
2638 43 10888 4 10918
2639 5 19685 1 19950
2640 9 11264 1 11755
2641 50 14390 1 14847
2642 9 27333 3 27498
2643 43 9343 2 9631
2644 13 27213 1 27306
2645 34 10478 2 10550
2646 11 11935 4 12156
2647 61 8059 3 8531
2648 25 14546 1 15074
2649 22 832 2 1265
2650 10 20877 1 20922
2651 23 1196 6 1455
2652 3 19152 2 19190
2653 70 23411 4 23697
2654 33 5432 3 5554
2655 10 7889 3 7903
2656 79 26797 4 27090
2657 27 25094 4 25213
2658 25 21569 1 22015
2659 50 2091 2 2315
2660 66 15203 2 15682
2661 24 10362 2 10660
2662 72 9743 2 9790
2663 11 186 1 239
2664 5 10815 1 11490
2665 10 26879 1 27254
2666 79 18359 2 18651
2667 3 2733 2 3171
2668 31 5055 4 5425
2669 21 6768 1 7151
2670 15 17252 2 17583
2671 43 27098 1 27345
2672 11 15585 1 15867
2673 57 21582 2 21714
2674 25 5058 1 5503
2675 30 24076 2 24278
2676 10 16586 3 17106
2677 75 12018 2 12558
2678 43 10019 2 10216
2679 35 22074 1 22356
2680 44 21325 2 21718
2681 79 22966 5 23139
2682 75 20403 3 20651
2683 25 10478 1 10605
2684 22 27040 2 27142
2685 52 3616 1 4106
2686 60 9607 3 10132
2687 62 15203 2 15248
2688 32 16720 2 16774
2689 58 26797 1 26896
2690 63 18591 6 19083
2691 17 15203 2 15230
2692 5 2733 2 2845
2693 40 3234 1 3582
2694 59 2888 2 3128
2695 25 26617 1 27184
2696 48 1196 1 1319
2697 80 11971 1 12152
2698 50 16270 1 16802
2699 10 21057 2 21177
2700 15 21211 5 21421
2701 26 12018 3 12504
2702 50 22074 4 22451
2703 8 10166 8 10673
2704 40 2012 1 2095
2705 17 2888 2 3130
2706 33 27653 2 27864
2707 39 27452 2 27723
2708 64 14008 2 14456
2709 62 3960 2 4209
2710 22 21318 1 21424
2711 59 1928 1 2181
2712 6 11794 3 12172
2713 79 2611 2 2959
2714 29 24130 1 24563
2715 79 20882 1 21179
2716 5 3749 1 4165
2717 79 6768 1 6864
2718 79 7664 1 7836
2719 50 2254 1 2401
2720 57 23411 1 23845
2721 31 26948 1 27271
2722 11 2263 4 2330
2723 70 3041 3 3275
2724 43 4631 2 4828
2725 18 1592 2 2074
2726 62 23753 1 24211
2727 10 4460 1 4672
2728 5 5432 1 5734
2729 52 5734 1 6277
2730 79 3749 1 4061
2731 63 2611 1 4080
2732 79 26697 1 26797
2733 59 2254 1 2663
2734 62 8485 1 8604
2735 22 3960 2 3989
2736 9 3067 2 3214
2737 61 26617 1 26720
2738 78 14614 3 14830
2739 41 10051 2 10409
2740 58 11280 1 11584
2741 40 3067 2 3493
2742 70 21421 2 21935
2743 34 23406 4 23711
2744 29 13665 1 13809
2745 26 5183 1 5214
2746 40 6029 1 6565
2747 5 26879 1 27351
2748 43 26797 2 27076
2749 56 7889 2 8141
2750 33 22202 1 22358
2751 58 13234 1 13471
2752 60 25970 1 26180
2753 5 20773 1 21060
2754 54 21057 2 21178
2755 72 21352 1 21771
2756 24 12212 1 12633
2757 33 8257 6 8805
2758 50 8304 3 8593
2759 26 23753 3 23821
2760 11 8304 5 8805
2761 25 24076 1 24328
2762 75 2769 1 3010
2763 11 20882 1 21685
2764 21 7889 1 8218
2765 3 6768 3 7007
2766 78 27098 4 27475
2767 27 18359 1 18438
2768 45 22489 2 22827
2769 29 12143 1 12217
2770 63 3067 2 3232
2771 43 7847 1 8125
2772 11 7889 1 7925
2773 53 23704 2 23982
2774 62 17057 1 17188
2775 79 11937 4 12297
2776 25 5761 1 5781
2777 17 12746 1 12999
2778 79 7007 2 7539
2779 25 17408 2 17642
2780 61 14047 3 14155
2781 11 6029 1 6512
2782 79 9902 2 10336
2783 10 8937 4 9424
2784 53 551 1 655
2785 73 26879 1 27055
2786 35 23824 1 24291
2787 33 17373 1 17571
2788 50 15834 2 15925
2789 50 5912 1 6372
2790 15 3568 2 3975
2791 29 20497 1 20907
2792 75 15585 1 16282
2793 18 22966 5 23412
2794 24 7007 3 7327
2795 50 12095 1 12204
2796 53 14047 1 14591
2797 11 20773 4 21047
2798 43 21192 1 21587
2799 22 25630 5 25836
2800 40 16043 2 16084
2801 63 10027 1 10185
2802 52 25970 1 26032
2803 23 3482 1 3810
2804 53 1196 1 1455
2805 25 12126 1 12342
2806 33 2319 1 2494
2807 44 27098 3 27645
2808 64 18359 2 18901
2809 43 9851 1 10210
2810 11 889 1 1097
2811 66 25630 2 26133
2812 9 13692 4 13914
2813 29 21060 2 21427
2814 77 2959 2 3375
2815 43 7347 4 7847
2816 26 22489 2 22540
2817 55 13466 2 13522
2818 52 21798 2 22160
2819 43 11937 1 11958
2820 5 22323 2 22489
2821 10 12095 1 12230
2822 43 20151 1 20278
2823 33 761 4 1089
2824 36 704 2 1128
2825 63 10815 1 11728
2826 10 1883 2 2264
2827 50 1814 1 2128
2828 43 16263 2 16385
2829 5 1243 1 1823
2830 25 15834 1 16043
2831 50 3133 1 3354
2832 34 9607 2 10033
2833 3 9743 1 10144
2834 11 3883 1 3914
2835 50 15203 1 15277
2836 43 27333 1 27366
2837 56 14295 1 14578
2838 5 11740 1 12440
2839 11 5503 2 6029
2840 21 14143 3 14315
2841 48 9743 2 10019
2842 31 17057 1 17275
2843 28 8059 2 8542
2844 29 1940 1 2032
2845 25 11971 1 12456
2846 50 18885 1 19243
2847 77 26417 2 26760
2848 60 931 3 1336
2849 79 20339 1 21073
2850 3 10166 4 10634
2851 56 2888 1 3326
2852 43 9743 3 9772
2853 25 5912 1 5967
2854 21 9851 1 10327
2855 76 10426 1 10591
2856 27 18936 2 19261
2857 3 3067 2 3410
2858 9 12316 1 12501
2859 63 10888 2 11268
2860 56 1276 1 1503
2861 78 21352 2 21808
2862 61 2959 1 3072
2863 70 3883 1 4396
2864 50 21325 1 21569
2865 23 11740 2 11986
2866 66 8514 1 8838
2867 5 22966 1 23004
2868 11 23484 1 24076
2869 75 25970 1 28346
2870 75 2733 3 3163
2871 77 95 1 151
2872 56 26617 2 27098
2873 63 20010 5 20161
2874 22 3067 5 3273
2875 79 2275 2 2618
2876 75 17569 1 18046
2877 10 26797 1 26844
2878 25 1264 1 1555
2879 75 16193 1 16445
2880 17 23411 3 23465
2881 26 14546 4 14559
2882 59 1229 4 1572
2883 66 12746 1 12846
2884 50 19973 2 20348
2885 10 13206 1 13643
2886 40 26417 3 26564
2887 50 20773 1 21224
2888 34 15834 1 16262
2889 60 18936 3 19279
2890 73 15203 4 15520
2891 61 14546 1 14805
2892 62 8593 1 8779
2893 51 5432 2 5609
2894 32 1945 2 2259
2895 75 15614 4 15886
2896 50 25970 2 26095
2897 78 11341 1 11637
2898 3 563 2 601
2899 21 5610 2 5841
2900 56 636 1 977
2901 22 1962 2 2224
2902 57 8485 2 8626
2903 52 21587 2 21638
2904 45 898 1 1433
2905 50 306 3 470
2906 75 14143 1 14639
2907 25 2611 1 3366
2908 25 10478 2 10879
2909 22 1279 6 1593
2910 79 1196 2 1704
2911 79 22323 1 22945
2912 57 5610 1 5829
2913 30 8514 2 8945
2914 41 2888 1 3359
2915 26 4631 3 4940
2916 56 1215 1 1556
2917 79 9902 2 10105
2918 10 12560 2 13006
2919 40 20773 1 21029
2920 79 5734 1 5994
2921 11 27452 3 27698
2922 66 2799 1 3008
2923 76 3883 1 4262
2924 64 15614 3 15969
2925 1 26617 3 26720
2926 21 15203 3 15605
2927 10 13665 2 13997
2928 43 22074 1 22202
2929 8 26797 1 27316
2930 28 3616 3 3994
2931 31 25832 2 25864
2932 50 8485 1 8953
2933 6 27098 1 27849
2934 15 21421 1 21795
2935 5 25970 1 26024
2936 53 2888 1 3377
2937 77 20367 2 20678
2938 52 16495 3 16905
2939 22 12057 1 12064
2940 75 7251 2 7519
2941 27 2845 2 2995
2942 6 8094 1 8588
2943 70 4161 3 4380
2944 44 16594 3 17036
2945 43 25275 1 25500
2946 8 19208 2 19217
2947 75 18359 3 18625
2948 71 6029 1 6154
2949 57 12560 3 12665
2950 15 463 2 933
2951 61 3546 4 4042
2952 57 22132 5 22144
2953 63 15483 1 15626
2954 11 14813 2 15147
2955 50 243 1 533
2956 33 10917 1 11772
2957 64 24130 2 24531
2958 21 27213 1 27743
2959 75 17569 1 17856
2960 35 1849 3 2366
2961 66 9743 1 10069
2962 71 12846 1 13001
2963 17 25094 1 25246
2964 55 11130 3 11429
2965 26 12746 5 12953
2966 50 9851 4 9866
2967 51 13665 1 13877
2968 50 23406 1 23626
2969 34 12746 3 12891
2970 29 20151 1 20403
2971 61 26065 5 26168
2972 77 25275 1 25332
2973 77 7889 3 8074
2974 3 23715 1 24126
2975 43 5432 1 5727
2976 25 22132 1 22167
2977 66 11740 1 12419
2978 11 9213 1 9347
2979 5 21587 1 22323
2980 78 1261 1 1800
2981 56 3234 3 3776
2982 11 13919 2 14206
2983 11 12237 1 12547
2984 79 6864 1 7528
2985 48 526 2 863
2986 43 17252 3 17280
2987 33 13206 2 13461
2988 39 1357 2 1469
2989 11 20010 1 20571
2990 56 10019 2 10115
2991 49 8719 5 9003
2992 79 774 1 1196
2993 27 12746 1 13207
2994 50 21325 2 21600
2995 58 13234 1 13694
2996 63 23406 1 23925
2997 44 5503 2 5842
2998 48 16270 1 16679
2999 28 1883 3 2060
3000 36 18625 1 18858
3001 78 8514 5 8576
3002 24 23406 1 23747
3003 21 3133 1 3407
3004 56 1997 1 2167
3005 3 7847 2 8044
3006 17 21569 1 21980
3007 29 19973 1 20050
3008 53 1945 2 2483
3009 50 14614 1 15071
3010 75 22323 2 22616
3011 15 12560 3 12811
3012 75 25493 1 25935
3013 31 3133 2 3203
3014 79 1951 1 2413
3015 43 13144 1 13460
3016 40 11740 2 11768
3017 40 25630 1 25739
3018 26 8485 6 8981
3019 25 3614 1 4102
3020 69 14992 3 15040
3021 25 7664 2 8059
3022 61 17588 3 17667
3023 75 17283 2 17874
3024 25 5781 1 5912
3025 43 19028 1 19493
3026 36 21211 1 21637
3027 63 6288 1 6407
3028 27 24076 4 24089
3029 79 23406 2 23451
3030 62 4920 1 5019
3031 43 12746 2 13144
3032 33 2254 5 2432
3033 17 16043 1 16304
3034 52 26908 1 27427
3035 5 20151 2 20367
3036 78 14848 3 14853
3037 41 5022 2 5526
3038 10 5610 3 5799
3039 39 23406 1 23468
3040 31 16693 3 17102
3041 22 16693 6 17090
3042 60 22202 1 22639
3043 5 8006 1 8575
3044 61 15834 2 16138
3045 75 19135 1 19816
3046 34 16282 2 16484
3047 11 15203 1 15396
3048 3 26417 1 26747
3049 15 25832 4 26077
3050 33 25275 7 25682
3051 79 13206 1 13233
3052 50 20877 3 21325
3053 3 1196 2 1313
3054 43 17093 3 17623
3055 21 25970 2 26520
3056 52 11332 2 11501
3057 15 5734 4 6020
3058 76 4609 1 4741
3059 5 25818 1 25932
3060 27 898 4 1257
3061 33 21421 1 21862
3062 21 3546 2 3647
3063 56 11937 1 12398
3064 58 1883 1 2338
3065 79 2959 1 3749
3066 30 25832 4 26329
3067 30 23406 2 23705
3068 69 11266 2 11772
3069 17 13206 3 13260
3070 21 4828 1 4859
3071 9 13788 2 14173
3072 59 1945 4 2444
3073 64 612 1 1068
3074 13 4520 1 4649
3075 59 12560 3 13079
3076 75 3546 2 4460
3077 11 25275 1 25504
3078 50 25691 2 25856
3079 27 19989 1 20189
3080 32 19685 7 19978
3081 79 14131 1 14614
3082 8 12746 5 13137
3083 67 3796 2 3997
3084 11 18936 3 19199
3085 76 5610 1 5965
3086 8 12229 7 12245
3087 79 27366 5 27470
3088 68 5912 2 6236
3089 46 21352 3 21614
3090 75 14813 3 14992
3091 30 24439 1 24680
3092 14 1298 1 1614
3093 25 15051 1 15263
3094 15 18591 3 19082
3095 77 10888 2 11151
3096 11 19261 1 19369
3097 25 18859 1 18865
3098 67 4631 1 4829
3099 51 13560 4 13939
3100 62 24130 1 24346
3101 50 25818 4 26032
3102 66 26617 1 26926
3103 48 16693 2 16923
3104 5 2263 1 2319
3105 50 12746 3 13234
3106 40 25162 3 25594
3107 58 24439 1 24934
3108 41 3546 3 3565
3109 75 11264 1 11551
3110 11 6768 1 7007
3111 34 2611 3 3004
3112 59 12018 8 12259
3113 17 5734 1 6044
3114 61 22489 6 22771
3115 56 27098 3 27562
3116 32 59 3 156
3117 5 26082 1 26149
3118 39 6768 3 7193
3119 6 11332 3 11632
3120 26 348 1 574
3121 57 16594 1 16844
3122 9 21352 2 21516
3123 22 17057 2 17452
3124 75 5022 3 5470
3125 26 23824 1 24067
3126 25 13317 1 13449
3127 30 9213 2 9639
3128 75 23133 1 23406
3129 55 1279 4 1534
3130 77 3638 1 3657
3131 66 24439 1 24953
3132 50 11341 3 11799
3133 70 9213 3 9511
3134 50 15483 1 15794
3135 6 12746 1 13159
3136 29 27098 1 27576
3137 66 17057 1 17171
3138 71 15614 1 16042
3139 25 15585 1 15834
3140 1 15591 1 16038
3141 29 13665 1 13995
3142 6 209 3 314
3143 53 23611 2 23846
3144 11 6288 1 6581
3145 9 22489 4 22546
3146 53 11935 1 12154
3147 73 10019 6 10388
3148 50 19338 1 19463
3149 21 1883 1 2081
3150 43 20339 1 20567
3151 25 730 1 1468
3152 5 19237 1 19336
3153 5 4460 1 5181
3154 63 9607 3 9676
3155 29 20773 1 20867
3156 22 547 2 643
3157 79 25094 1 25275
3158 3 4460 1 4499
3159 79 2733 4 3234
3160 59 12560 1 12978
3161 48 13460 3 13842
3162 57 20403 6 20427
3163 30 26948 1 27100
3164 29 11266 2 11418
3165 11 3568 1 4482
3166 53 21192 3 21402
3167 5 7055 1 7602
3168 50 15051 2 15107
3169 75 3041 1 3487
3170 43 23411 1 23765
3171 70 16193 7 16208
3172 35 13956 2 14104
3173 24 27333 1 27821
3174 62 16693 1 16994
3175 31 7662 2 7773
3176 79 26697 1 26717
3177 5 5734 1 6239
3178 76 317 4 660
3179 50 13234 1 14390
3180 56 24130 2 24298
3181 59 27452 2 27832
3182 43 7602 1 7751
3183 11 24354 1 25289
3184 5 19931 1 20444
3185 25 10815 1 11124
3186 75 14274 1 14813
3187 33 21060 1 21471
3188 75 25094 1 25620
3189 43 17373 3 17764
3190 5 20773 1 21211
3191 56 16263 2 16357
3192 75 2611 2 3041
3193 75 21638 3 22178
3194 27 21211 1 21588
3195 54 27213 2 27751
3196 60 7347 1 7374
3197 24 4988 3 5101
3198 39 25094 1 25398
3199 59 532 6 744
3200 50 7055 1 7066
3201 8 216 4 392
3202 53 11130 3 11297
3203 56 5734 1 6188
3204 30 844 1 901
3205 43 15232 1 15453
3206 34 490 6 961
3207 77 27098 2 27400
3208 21 7602 2 7716
3209 43 1928 1 2349
3210 61 5503 1 5960
3211 60 4460 1 4927
3212 56 26417 3 26477
3213 33 3133 1 3698
3214 34 1603 5 2066
3215 25 25970 2 26264
3216 75 23824 1 24354
3217 22 10166 3 10426
3218 75 13560 1 14274
3219 76 27333 2 27511
3220 50 337 1 646
3221 27 13665 2 14125
3222 60 16043 2 16335
3223 69 3568 2 3946
3224 40 18359 2 18679
3225 29 3638 1 3973
3226 52 17569 1 18101
3227 56 15203 1 15444
3228 41 7347 3 7470
3229 9 20794 1 20827
3230 6 16586 2 16770
3231 57 10478 4 10834
3232 36 14992 1 15050
3233 79 12746 5 12941
3234 15 570 1 1049
3235 48 12095 2 12348
3236 64 27098 3 27228
3237 3 16595 2 16940
3238 71 22489 1 22944
3239 20 1331 4 1576
3240 28 22132 4 22462
3241 60 17154 3 17162
3242 66 7347 2 7481
3243 33 10917 1 11300
3244 3 4755 3 4773
3245 75 20773 2 21406
3246 51 27098 2 27238
3247 25 3482 1 3614
3248 11 3234 1 3568
3249 79 12560 2 12996
3250 25 18885 2 19408
3251 79 26145 4 26697
3252 33 25094 6 25200
3253 8 7347 3 7454
3254 26 7347 6 7652
3255 1 7602 1 8022
3256 11 14115 1 14889
3257 43 6768 1 7040
3258 62 7889 1 8439
3259 25 13466 1 13571
3260 63 14546 5 14957
3261 76 7602 1 7698
3262 45 470 2 834
3263 15 15585 1 16076
3264 40 11266 1 11583
3265 58 296 2 810
3266 11 1592 1 2147
3267 50 1704 1 1805
3268 1 11280 1 11510
3269 25 11794 1 12018
3270 25 27452 2 27777
3271 69 25094 2 25199
3272 26 1883 2 2191
3273 13 7664 1 8114
3274 11 26145 1 26769
3275 50 18359 2 18398
3276 50 18436 1 18885
3277 79 5183 3 5607
3278 50 692 4 1092
3279 79 8937 1 9470
3280 57 13206 5 13621
3281 22 7602 2 7993
3282 6 898 2 1037
3283 73 3546 6 3564
3284 53 22489 3 22518
3285 30 8094 2 8117
3286 68 17252 2 17467
3287 73 10478 3 10759
3288 79 18359 1 18416
3289 41 13206 1 13735
3290 43 2888 2 2913
3291 48 24439 2 24776
3292 17 1196 5 1487
3293 64 22489 2 22502
3294 22 9607 5 10108
3295 56 12815 1 13360
3296 25 25493 2 25944
3297 25 8059 1 8405
3298 9 5815 3 6363
3299 11 10938 3 10970
3300 22 11266 2 11698
3301 50 5503 3 5639
3302 34 101 1 151
3303 48 7602 3 8065
3304 66 1592 1 2799
3305 9 14295 2 14832
3306 3 19261 2 19314
3307 39 10815 4 11104
3308 58 2959 3 2979
3309 35 1215 1 1400
3310 11 20403 1 21274
3311 61 19135 1 19587
3312 56 19152 2 19556
3313 24 14008 2 14496
3314 28 15232 2 15355
3315 33 10815 5 10917
3316 29 8512 2 8957
3317 17 14008 3 14076
3318 34 2275 5 2333
3319 29 13919 1 14398
3320 52 23438 1 23614
3321 4 16043 1 16341
3322 63 559 1 692
3323 24 25630 2 25914
3324 79 5734 1 6186
3325 48 46 2 354
3326 64 22323 2 22426
3327 10 19973 1 20069
3328 22 25162 3 25560
3329 36 21396 3 21719
3330 76 12746 3 12772
3331 40 1196 6 1605
3332 18 13460 2 13682
3333 75 2250 1 2255
3334 11 4828 2 5219
3335 9 19338 5 19642
3336 78 17486 2 17542
3337 27 25832 3 26207
3338 63 11740 1 11935
3339 5 13956 1 14290
3340 50 15585 3 16005
3341 33 10051 1 10064
3342 78 1370 7 1445
3343 75 23406 1 23867
3344 33 23611 1 23715
3345 75 7602 2 7710
3346 43 12746 3 13233
3347 43 14307 2 15116
3348 48 2254 1 2662
3349 57 15232 4 15656
3350 73 4631 2 4697
3351 27 3482 1 3842
3352 78 27339 4 27404
3353 61 16193 1 16337
3354 44 16840 2 17134
3355 44 13240 2 13453
3356 9 22966 2 23092
3357 25 11264 2 11971
3358 40 24130 1 24457
3359 71 20010 2 20305
3360 34 25970 4 26474
3361 25 5251 2 5761
3362 29 12095 1 12498
3363 33 2012 2 2254
3364 66 7847 2 8275
3365 63 19261 1 19576
3366 43 10815 1 11000
3367 63 10703 2 10709
3368 75 7677 2 8039
3369 63 3546 1 3821
3370 22 12746 1 12787
3371 56 21057 3 21329
3372 76 16923 1 17440
3373 8 7677 4 7760
3374 66 14813 1 15155
3375 61 9743 1 10141
3376 33 15624 1 16263
3377 33 13466 1 13534
3378 44 4828 3 5369
3379 1 13919 1 14298
3380 36 20794 1 21137
3381 11 13665 1 13919
3382 79 27090 5 27174
3383 22 26697 5 26961
3384 27 27339 2 27700
3385 25 19685 1 20039
3386 50 16586 1 18096
3387 62 9213 1 9415
3388 25 3332 1 5058
3389 10 25832 1 26073
3390 50 8719 1 9170
3391 3 25970 2 26329
3392 62 15624 2 16155
3393 25 23824 1 23957
3394 62 25630 1 26042
3395 55 16586 2 16799
3396 11 5055 4 5500
3397 25 15051 1 15319
3398 26 26343 6 26417
3399 28 98 1 176
3400 34 3883 3 4125
3401 75 18625 2 19108
3402 31 1215 1 1428
3403 46 27366 1 27723
3404 79 17569 5 17707
3405 52 17057 5 17367
3406 11 20010 2 20339
3407 9 8726 1 8807
3408 5 3482 2 3616
3409 25 8564 1 9144
3410 8 16840 5 17178
3411 43 23484 2 23543
3412 34 10888 6 11427
3413 34 7602 4 8046
3414 79 9349 2 9469
3415 11 10589 3 10917
3416 57 7347 6 7594
3417 49 1196 1 1634
3418 66 1196 2 1516
3419 66 19152 2 19176
3420 56 16586 1 16782
3421 64 25818 1 26094
3422 39 8514 4 9052
3423 62 1215 1 1442
3424 56 10815 2 10882
3425 75 23753 1 24420
3426 70 21057 2 21093
3427 78 16263 3 16798
3428 11 2611 1 3135
3429 33 9144 2 9560
3430 40 12560 3 12677
3431 33 15591 2 16165
3432 63 25094 3 25305
3433 50 26697 1 27114
3434 11 9213 3 9343
3435 50 5734 5 5797
3436 76 25630 1 25744
3437 43 13784 1 14181
3438 50 11266 4 11332
3439 55 14295 2 14544
3440 66 3008 1 3546
3441 77 5734 1 5933
3442 56 7347 2 7619
3443 34 4988 1 5391
3444 62 11971 2 12511
3445 72 10051 1 10547
3446 27 17373 2 17654
3447 31 18936 1 19070
3448 8 927 3 1187
3449 52 23611 2 23996
3450 63 21587 1 21873
3451 15 25630 2 26134
3452 33 13460 4 13622
3453 11 802 2 1035
3454 75 13206 1 13538
3455 3 5507 4 6036
3456 57 27213 2 27420
3457 71 7847 1 8257
3458 43 23704 1 23901
3459 43 13234 2 13701
3460 31 26417 3 26791
3461 11 13189 1 13466
3462 43 485 2 903
3463 77 196 3 397
3464 9 10917 2 11076
3465 76 23484 1 23542
3466 54 22074 2 22603
3467 41 12126 2 12362
3468 75 8485 1 8836
3469 73 12746 2 12826
3470 33 12229 1 12941
3471 32 25630 1 26101
3472 66 3133 1 3538
3473 39 11332 1 11765
3474 17 57 2 263
3475 50 23704 3 23881
3476 24 63 1 415
3477 77 5610 5 5771
3478 57 3546 2 3641
3479 41 20794 2 21287
3480 22 23406 2 23437
3481 76 24439 2 24477
3482 29 13240 1 13303
3483 43 1196 3 1389
3484 3 27040 3 27415
3485 15 3883 4 4322
3486 77 12143 2 12164
3487 50 12229 1 12678
3488 10 15867 4 16004
3489 33 5610 1 5977
3490 9 21582 3 21684
3491 11 1674 2 2156
3492 28 7347 4 7876
3493 25 16840 1 17173
3494 77 20773 1 20793
3495 52 5272 4 5444
3496 59 23411 7 23592
3497 18 309 1 773
3498 79 3234 2 3680
3499 73 23611 1 23924
3500 5 15586 1 16198
3501 10 13919 3 13943
3502 33 25691 3 25810
3503 25 22966 1 23411
3504 75 10362 1 10815
3505 44 17252 1 17425
3506 43 22202 1 22712
3507 3 11332 1 11548
3508 56 8485 2 8983
3509 75 21582 2 21895
3510 25 19261 1 19602
3511 48 23715 2 24131
3512 50 14390 1 14596
3513 80 27098 3 27299
3514 34 22489 2 22717
3515 24 26617 1 26955
3516 67 15867 1 16172
3517 66 7602 2 7824
3518 26 1246 2 1484
3519 43 15203 3 15665
3520 77 16043 3 16373
3521 25 25970 1 26351
3522 36 23438 1 23634
3523 53 18588 1 18880
3524 48 13919 2 14101
3525 26 12560 6 12572
3526 75 27182 1 27238
3527 24 4460 2 4524
3528 11 9851 1 10051
3529 25 16720 2 17119
3530 71 23753 1 24039
3531 53 1900 2 2203
3532 5 8006 1 8220
3533 4 16591 1 16800
3534 39 22489 3 23023
3535 64 11341 2 11491
3536 72 27452 4 27893
3537 44 12560 2 12918
3538 54 15624 2 15667
3539 11 13206 1 13599
3540 25 26001 1 26445
3541 79 12143 5 12316
3542 33 1102 1 1266
3543 43 15834 3 16165
3544 5 464 1 965
3545 46 1344 5 1795
3546 43 3749 3 3990
3547 1 4520 2 4606
3548 78 21060 3 21391
3549 41 248 1 348
3550 34 4609 1 4813
3551 6 9213 2 9563
3552 75 10019 1 10302
3553 15 23406 1 23909
3554 34 9213 5 9647
3555 52 7347 1 7882
3556 22 16282 1 16332
3557 61 3133 8 3391
3558 34 12095 1 12164
3559 26 19338 1 19559
3560 79 23484 1 23498
3561 51 13240 4 13272
3562 11 10426 1 10796
3563 59 5251 7 5448
3564 51 17252 1 17434
3565 1 25275 1 25362
3566 79 14813 1 15653
3567 63 1592 2 2131
3568 70 7847 1 8029
3569 58 11937 2 12462
3570 45 23715 2 24055
3571 8 14008 4 14399
3572 64 17057 3 17448
3573 50 2888 2 3261
3574 24 1196 1 1501
3575 66 10938 1 11138
3576 5 16263 1 16367
3577 53 26697 1 27189
3578 40 7677 2 8216
3579 76 10917 1 11316
3580 64 27653 2 28106
3581 10 2888 3 3346
3582 24 25275 4 25369
3583 5 6768 1 6832
3584 56 6029 2 6223
3585 71 9343 3 9709
3586 46 11266 2 11594
3587 75 9349 2 9488
3588 25 18940 1 20151
3589 25 14813 1 14828
3590 73 9607 3 9878
3591 73 11341 3 11850
3592 58 5815 1 6035
3593 50 1196 2 1654
3594 72 22132 1 22664
3595 40 4460 1 4653
3596 70 7347 7 7414
3597 34 16586 7 17075
3598 60 20773 4 21242
3599 66 16043 1 16310
3600 60 15483 1 15914
3601 22 3883 1 3909
3602 63 4609 1 4819
3603 26 16586 5 17111
3604 41 25832 1 26177
3605 53 534 3 668
3606 77 11935 1 12015
3607 43 12237 1 12645
3608 40 18588 3 19102
3609 68 27106 2 27532
3610 25 25094 2 25273
3611 64 8485 2 8754
3612 10 10426 2 10835
3613 41 4460 3 4605
3614 24 16043 4 16399
3615 64 21582 2 21968
3616 25 17252 1 17265
3617 78 17153 6 17474
3618 13 431 1 884
3619 9 27098 4 27223
3620 22 7664 1 8125
3621 25 7007 1 7064
3622 73 5059 3 5292
3623 11 16840 3 17032
3624 6 5432 5 5598
3625 33 16263 1 16594
3626 57 1196 2 1347
3627 48 15834 3 16270
3628 33 24597 2 24847
3629 75 8836 2 8937
3630 25 20339 1 20620
3631 34 3234 3 3772
3632 40 229 5 253
3633 60 22966 4 23253
3634 61 27653 1 28198
3635 43 13560 2 14047
3636 5 25630 1 25757
3637 58 16693 3 16828
3638 50 7347 2 8304
3639 40 1196 2 1706
3640 69 360 1 598
3641 34 12560 1 12724
3642 43 12560 2 12609
3643 24 3546 1 4051
3644 63 4755 2 5305
3645 23 19685 7 20030
3646 77 23715 4 23878
3647 52 10362 1 10746
3648 11 12746 1 13189
3649 58 3041 1 3538
3650 53 24439 2 24641
3651 31 16310 1 16773
3652 3 19931 2 20295
3653 27 14295 3 14336
3654 5 3616 1 3638
3655 71 4460 1 4764
3656 57 1883 1 2306
3657 70 3614 4 3914
3658 71 23411 2 23731
3659 75 3960 3 4003
3660 6 13956 1 14276
3661 75 7347 1 7852
3662 13 14614 2 14689
3663 33 25818 1 26082
3664 11 2254 2 2315
3665 63 21192 2 21487
3666 59 3133 4 3363
3667 59 27333 6 27446
3668 57 13460 3 13682
3669 5 7847 1 7892
3670 36 1196 1 1704
3671 44 186 3 649
3672 61 1196 1 1582
3673 43 17373 1 17712
3674 79 19028 1 20153
3675 54 26145 2 26449
3676 60 8059 5 8444
3677 48 2091 1 2217
3678 61 20151 4 20611
3679 40 26 2 141
3680 73 21587 3 21765
3681 63 19083 3 19180
3682 39 9144 2 9628
3683 11 19973 1 20193
3684 73 27653 1 27907
3685 27 5055 1 5465
3686 15 19338 1 19617
3687 71 12229 1 12695
3688 24 1592 4 1945
3689 5 22489 1 22962
3690 69 9851 2 10127
3691 6 22966 4 23203
3692 11 8378 1 8512
3693 27 13460 2 13839
3694 70 16693 2 17161
3695 15 10426 2 10970
3696 24 26879 1 27330
3697 29 16693 2 16817
3698 26 20151 1 20427
3699 43 21569 1 21920
3700 5 9213 1 9658
3701 15 221 1 387
3702 40 13665 5 13921
3703 66 13692 1 14197
3704 32 1196 2 1679
3705 6 6768 1 6872
3706 43 11937 2 12005
3707 63 9324 3 9717
3708 57 4988 3 5423
3709 79 22074 1 22290
3710 25 23411 1 23918
3711 63 6768 4 6977
3712 5 18359 2 18757
3713 36 15483 2 15567
3714 34 11740 1 12085
3715 56 22489 2 22930
3716 62 3133 2 3643
3717 43 14307 1 14887
3718 48 19152 1 19209
3719 24 9743 3 9994
3720 5 19973 1 20523
3721 31 5960 1 5990
3722 44 25832 2 26209
3723 54 3546 2 4076
3724 72 8777 4 9049
3725 17 19152 2 19580
3726 79 12316 2 13424
3727 3 9349 4 9556
3728 75 16840 3 17276
3729 75 7602 2 7643
3730 76 1692 1 2135
3731 77 25630 1 25690
3732 33 10478 1 10674
3733 33 13956 2 14581
3734 11 26797 1 27142
3735 63 27452 1 27467
3736 24 8937 4 9445
3737 56 22074 2 22363
3738 63 21582 1 21959
3739 71 1592 4 1996
3740 58 5432 1 5614
3741 53 13665 1 13978
3742 79 3883 1 4285
3743 77 18359 2 18382
3744 21 22074 1 22585
3745 25 20877 2 21458
3746 22 25970 3 26214
3747 64 19931 3 20015
3748 60 14295 1 14531
3749 67 26879 1 27363
3750 11 14295 1 14788
3751 78 22635 2 23001
3752 44 2611 1 2802
3753 79 11332 4 11648
3754 56 12746 1 13110
3755 73 5734 2 6067
3756 73 6029 2 6383
3757 40 25749 2 25944
3758 50 8777 3 8862
3759 67 20151 3 20351
3760 8 15585 6 16058
3761 21 3883 2 4222
3762 75 5503 1 5803
3763 11 2888 4 3111
3764 26 20794 1 21169
3765 25 9743 1 10286
3766 21 26797 1 26889
3767 62 5912 1 6343
3768 75 11740 2 12001
3769 51 22074 2 22370
3770 70 205 1 292
3771 50 1196 3 1646
3772 69 19152 3 19589
3773 75 2091 1 2677
3774 57 23411 6 23432
3775 52 7889 5 8240
3776 69 23801 4 23981
3777 58 12229 1 12285
3778 43 10019 2 10649
3779 40 5507 1 6012
3780 33 10334 2 10341
3781 22 9213 1 9349
3782 43 15834 1 16193
3783 63 26948 1 27462
3784 25 5022 2 5251
3785 3 24354 2 24422
3786 11 19577 3 19989
3787 76 9851 2 10203
3788 6 15834 2 16218
3789 15 26797 1 27333
3790 23 18885 1 19133
3791 9 17093 2 17378
3792 61 22966 5 23484
3793 75 7847 3 8253
3794 75 26417 1 26822
3795 11 7007 2 7889
3796 57 20773 2 20958
3797 62 8059 1 8589
3798 8 20773 1 20947
3799 71 16693 4 16837
3800 70 1648 3 2112
3801 1 7347 1 7430
3802 79 24076 2 24130
3803 33 22132 3 22536
3804 24 22074 2 22441
3805 52 1196 1 1736
3806 60 16270 1 16710
3807 75 24439 1 24622
3808 66 3546 1 4042
3809 66 10426 1 10855
3810 11 19369 1 19840
3811 43 8726 1 9407
3812 40 22966 3 23380
3813 50 18898 2 19266
3814 77 9846 5 10025
3815 33 3546 1 3883
3816 15 12560 3 12757
3817 64 5055 3 5590
3818 43 20773 2 21443
3819 34 25630 5 26145
3820 33 26617 1 26733
3821 50 23406 3 23544
3822 76 898 2 1261
3823 5 14307 1 14418
3824 58 20151 1 20182
3825 9 8059 1 8516
3826 66 14263 2 14488
3827 43 11740 1 12763
3828 11 20339 3 20595
3829 60 24439 4 24673
3830 50 25630 2 26157
3831 43 5734 1 6116
3832 27 6768 2 6820
3833 43 16693 3 16820
3834 32 5272 1 5672
3835 67 23411 2 23666
3836 28 22074 4 22088
3837 64 27 3 88
3838 70 19685 1 19795
3839 6 16263 5 16554
3840 21 14674 1 15029
3841 50 4460 1 4609
3842 72 11341 1 11530
3843 27 10478 1 10872
3844 5 9607 1 9743
3845 58 14390 3 14509
3846 33 8805 1 8993
3847 23 5432 2 5922
3848 24 13206 1 13267
3849 73 16693 1 16984
3850 75 18591 3 19135
3851 66 10888 1 10938
3852 26 17252 3 17363
3853 56 14813 1 15303
3854 32 13692 3 13829
3855 33 11912 1 11922
3856 56 2319 2 2593
3857 53 354 4 424
3858 61 26797 2 27339
3859 24 21057 1 21344
3860 13 21057 3 21482
3861 17 22074 3 22547
3862 27 26879 2 27056
3863 75 22751 2 23133
3864 5 2845 1 2912
3865 77 16513 3 17016
3866 79 500 2 739
3867 11 21811 1 22761
3868 50 16840 4 16852
3869 58 13956 2 13973
3870 31 24354 5 24795
3871 55 15047 2 15057
3872 27 3133 2 3148
3873 53 8937 1 9165
3874 77 22489 4 22651
3875 25 23753 2 24090
3876 56 5610 3 6004
3877 21 8006 2 8498
3878 11 22074 2 22193
3879 57 11341 4 11409
3880 31 22489 2 22955
3881 22 26417 1 26588
3882 62 22074 2 22618
3883 79 13460 1 13905
3884 31 8593 1 8659
3885 22 15834 2 16033
3886 17 7347 2 7876
3887 43 3067 2 3228
3888 69 22635 8 22734
3889 24 19973 1 20478
3890 56 26343 3 26402
3891 50 17252 6 17797
3892 75 3482 2 3877
3893 36 8512 1 8968
3894 3 644 2 889
3895 13 12143 2 12270
3896 33 27040 1 27500
3897 5 2845 1 2888
3898 39 18757 1 19046
3899 24 2888 1 3364
3900 43 20151 2 20419
3901 11 16263 2 16441
3902 50 26908 2 27017
3903 40 18359 2 18501
3904 17 23715 2 24120
3905 80 26797 3 26991
3906 5 16693 1 16926
3907 58 24606 2 25115
3908 75 16452 3 16991
3909 10 21179 1 21451
3910 33 1373 5 1562
3911 22 25630 1 25998
3912 25 11266 1 11794
3913 43 16840 2 17177
3914 6 10888 3 11054
3915 56 1883 2 2227
3916 13 5507 1 5582
3917 31 24130 3 24550
3918 33 19685 2 19931
3919 80 20339 1 20741
3920 66 16840 2 17053
3921 9 23753 3 23813
3922 34 24832 4 25242
3923 27 1883 3 2393
3924 44 13692 2 14110
3925 46 21798 4 22337
3926 27 5058 1 5414
3927 52 19135 1 19208
3928 24 2012 3 2134
3929 48 14546 2 14857
3930 60 3960 1 4126
3931 36 2888 3 3008
3932 15 3616 2 3736
3933 8 4460 2 4761
3934 50 9343 2 9694
 调度评估结果
1. 任务等待评估 (Σ 等待×权重): 107522712
2. 任务完成评估 (最大完成时间): 28346
3. GPU显存空闲评估 (平均空闲): 15331.21 GB/时间片
 额外统计
已调度任务               : 3934/3934
平均等待时间            : 3808.50
各服务器任务分布      : 服务器1=42, 服务器3=71, 服务器4=9, 服务器5=122, 服务器6=43, 服务器7=2, 服务器8=43, 服务器9=40, 服务器10=71, 服务器11=196, 服务器13=27, 服务器14=1, 服务器15=63, 服务器17=53, 服务器18=22, 服务器20=2, 服务器21=53, 服务器22=74, 服务器23=10, 服务器24=70, 服务器25=170, 服务器26=69, 服务器27=69, 服务器28=27, 服务器29=46, 服务器30=52, 服务器31=54, 服务器32=26, 服务器33=136, 服务器34=68, 服务器35=22, 服务器36=38, 服务器39=33, 服务器40=54, 服务器41=46, 服务器42=8, 服务器43=161, 服务器44=33, 服务器45=13, 服务器46=17, 服务器48=66, 服务器49=9, 服务器50=178, 服务器51=18, 服务器52=48, 服务器53=49, 服务器54=28, 服务器55=10, 服务器56=96, 服务器57=66, 服务器58=42, 服务器59=26, 服务器60=47, 服务器61=79, 服务器62=51, 服务器63=99, 服务器64=44, 服务器65=4, 服务器66=67, 服务器67=24, 服务器68=16, 服务器69=33, 服务器70=72, 服务器71=41, 服务器72=20, 服务器73=44, 服务器75=193, 服务器76=42, 服务器77=78, 服务器78=36, 服务器79=137, 服务器80=15
