1 38 72741 8 73573
2 38 33733 8 34540
3 38 200076 7 200266
4 52 18149 7 18972
5 2 201994 5 202335
6 52 182253 7 183198
7 38 35548 8 36255
8 49 123730 8 124365
9 20 106290 5 106770
10 37 104057 5 104829
11 2 224312 5 225054
12 61 179250 7 179537
13 52 118895 7 119079
14 33 104293 5 105364
15 49 73114 7 73798
16 2 29012 6 29189
17 23 357 8 958
18 33 17044 5 17733
19 2 141212 6 141501
20 52 106851 7 107465
21 38 151674 8 152440
22 33 95503 6 96437
23 37 111487 7 112426
24 61 207838 7 208155
25 22 101310 5 101996
26 61 57485 8 58173
27 20 241290 7 242236
28 38 233279 5 233433
29 20 96828 7 97445
30 20 167129 5 167822
31 61 76204 6 77029
32 49 31816 7 32543
33 27 25494 5 25793
34 38 75056 7 75233
35 4 16412 6 16537
36 37 133513 8 134372
37 20 37725 7 38687
38 20 104989 6 105422
39 33 212168 6 212960
40 49 74571 7 74750
41 20 237567 7 238385
42 37 164745 6 165253
43 61 241290 5 242144
44 61 185209 8 185644
45 4 55191 6 55922
46 23 116529 6 117107
47 33 88567 6 88966
48 23 240592 7 241574
49 2 180858 5 181431
50 23 220128 6 220910
51 27 135555 6 136364
52 2 95247 5 95490
53 20 14484 5 14894
54 23 57323 7 58036
55 20 73432 5 74008
56 61 12166 7 13105
57 61 60805 7 61628
58 27 0 6 474
59 37 163064 6 163231
60 33 67687 5 68165
61 49 60805 7 61590
62 23 177350 5 177917
63 33 177157 7 177350
64 52 120814 5 121704
65 2 26202 4 26531
66 2 71910 6 72636
67 2 8927 5 9722
68 22 29977 6 30816
69 52 23291 6 23703
70 33 42582 7 43426
71 2 14726 6 15144
72 61 125687 6 126448
73 20 114530 5 114962
74 27 31816 6 32563
75 37 138088 7 138939
76 33 5476 7 6197
77 37 179499 7 179786
78 4 0 6 216
79 38 32327 8 33156
80 2 217083 5 217509
81 27 39953 6 40886
82 2 42980 4 43939
83 20 10928 7 11616
84 37 206848 7 207034
85 61 135748 7 136046
86 20 59959 7 60805
87 2 122097 6 122688
88 49 10746 7 11397
89 2 16321 6 16670
90 4 71063 6 71901
91 37 9322 4 10052
92 52 55191 6 56116
93 27 170536 5 170949
94 23 13494 7 13858
95 2 215644 5 216349
96 61 88329 8 88530
97 4 128261 5 129050
98 22 241290 6 241516
99 20 167822 6 168593
100 61 27007 7 27759
101 4 16884 6 17532
102 4 122651 5 122980
103 38 202451 8 203319
104 61 39953 8 40684
105 2 107167 5 107993
106 37 45678 7 46494
107 4 245682 6 246423
108 23 13858 7 14301
109 23 186786 6 187534
110 4 14789 6 15379
111 27 209669 4 209792
112 23 149930 8 150662
113 33 25494 6 26376
114 52 125388 7 126211
115 37 136723 7 137669
116 49 64856 7 65309
117 33 127386 5 128056
118 4 187840 6 188074
119 61 21867 5 22667
120 33 241537 4 242459
121 2 123408 5 124114
122 4 213836 7 214566
123 23 210964 8 211518
124 4 38687 6 39061
125 61 15541 8 16275
126 4 181877 7 182772
127 20 118344 7 119201
128 27 52352 6 52816
129 37 93558 7 94014
130 49 112231 6 113122
131 61 33733 4 34484
132 61 41411 6 42049
133 61 116105 5 117051
134 20 78549 5 79222
135 20 125247 5 125388
136 27 55806 6 56540
137 38 31602 7 32090
138 2 3815 5 4621
139 33 16681 6 17044
140 37 245781 4 246109
141 61 180358 4 181079
142 61 177013 5 177742
143 61 126627 4 126842
144 61 158203 8 158932
145 38 108222 7 109185
146 52 34484 6 34690
147 20 129061 7 129981
148 49 134354 7 135344
149 33 72332 5 73114
150 20 148866 5 149700
151 33 210275 5 210800
152 20 10196 5 10451
153 61 164795 6 165581
154 37 184826 7 185615
155 33 245651 7 246644
156 23 42853 8 43640
157 23 120814 6 121729
158 2 26531 4 26970
159 20 93544 7 94200
160 49 239018 7 239181
161 52 82801 6 83275
162 2 55806 5 56544
163 37 74571 6 75304
164 38 83018 8 83980
165 33 194816 7 195917
166 4 125388 7 125846
167 22 231713 6 232601
168 33 235472 7 235800
169 49 87457 6 87695
170 52 132418 6 133371
171 2 39953 6 40498
172 2 67939 4 68878
173 33 107465 5 108241
174 52 99165 6 100141
175 20 146553 5 146876
176 4 31524 6 31839
177 23 62723 7 63337
178 49 166807 8 167321
179 2 7139 6 7908
180 61 226535 5 227330
181 27 179965 6 180714
182 33 109350 5 110297
183 2 10055 5 10202
184 61 103307 7 103962
185 38 175492 5 176429
186 37 172719 6 173448
187 27 54207 6 54796
188 27 119999 6 120684
189 61 68350 5 69163
190 38 212579 5 213342
191 22 225850 6 226059
192 27 202168 6 202793
193 37 57323 8 57740
194 38 213880 5 214696
195 2 177157 6 177973
196 37 169613 7 170371
197 61 66020 7 66324
198 4 43145 7 43970
199 33 179250 5 179499
200 49 29447 7 30028
201 52 21092 7 21649
202 37 198358 7 198767
203 2 72949 4 73299
204 27 175256 6 175499
205 61 101914 5 102758
206 2 202358 5 203155
207 2 134324 4 135168
208 37 30793 6 31192
209 49 63655 7 64140
210 2 186505 5 186641
211 20 19069 6 19626
212 4 154775 5 155370
213 20 21438 6 22339
214 33 14789 6 15208
215 23 59854 7 60773
216 20 194816 4 195062
217 27 75653 5 76541
218 52 3780 7 4580
219 4 88200 7 89007
220 27 212579 6 213252
221 22 32327 5 33227
222 61 4618 8 4967
223 49 150577 5 150778
224 20 30982 6 31816
225 61 93544 6 93882
226 37 132703 5 133513
227 37 46767 6 47464
228 37 48807 8 49651
229 2 166807 6 167796
230 4 163764 7 164259
231 4 118895 7 119231
232 4 240363 6 241341
233 2 178361 5 179160
234 33 87457 7 88265
235 27 55555 5 55773
236 33 124369 5 124570
237 33 242459 5 243214
238 37 36338 8 37230
239 38 209034 8 209737
240 2 185791 6 186505
241 37 24068 7 24829
242 38 79222 7 79519
243 20 211842 4 212579
244 61 92849 6 93544
245 33 223529 6 224407
246 61 1856 6 2020
247 61 166807 7 167129
248 33 145286 7 146018
249 37 227235 7 228221
250 2 82576 5 83170
251 23 53119 8 53834
252 2 31602 4 31969
253 23 70462 8 70624
254 20 16412 5 17346
255 37 224732 7 225055
256 20 65854 6 66253
257 61 229793 6 230734
258 27 160621 6 160924
259 37 27759 6 28627
260 37 64856 7 65161
261 52 109302 6 110202
262 52 56544 6 57332
263 37 47557 7 47971
264 52 7025 6 7187
265 2 38457 5 38613
266 49 131785 8 132699
267 22 43444 4 43696
268 4 204731 6 205432
269 61 234881 5 235347
270 38 168175 6 168970
271 33 185933 4 186389
272 23 27759 6 28100
273 37 96288 7 97088
274 38 155488 7 156077
275 20 219183 7 219424
276 61 148633 8 149380
277 61 150269 5 151026
278 2 58602 6 59428
279 61 231689 6 232552
280 20 98327 6 98967
281 33 179668 6 179829
282 37 17044 6 17742
283 52 220128 7 220281
284 37 66253 8 66622
285 33 164867 6 165613
286 27 224787 6 224930
287 4 23291 7 24277
288 52 233279 5 233801
289 20 51878 4 52263
290 33 74167 6 74518
291 49 192244 6 192376
292 20 143766 5 144480
293 61 2214 4 2617
294 37 49725 8 49919
295 52 159222 7 159617
296 37 147371 7 147645
297 20 164883 7 165074
298 2 28299 6 29012
299 37 158203 7 158393
300 20 101310 6 101836
301 38 55191 8 55321
302 49 24599 6 25055
303 52 216718 7 216843
304 33 245447 6 245651
305 49 16670 7 16954
306 33 122880 5 123200
307 61 205794 6 206188
308 37 56544 6 57277
309 33 91419 7 92291
310 52 155488 5 156078
311 4 163064 5 163698
312 27 115520 6 116271
313 2 194816 6 195634
314 33 197423 5 198145
315 33 149930 6 150106
316 33 55939 7 56800
317 38 142745 6 143333
318 2 158582 6 159503
319 61 239966 6 240363
320 61 8116 5 8468
321 2 5100 5 5607
322 2 6225 5 7139
323 33 141307 7 142240
324 61 52526 6 53055
325 2 29189 6 29443
326 2 83257 5 83691
327 49 224170 8 224732
328 37 52263 6 52514
329 2 163265 6 163973
330 27 225850 6 226581
331 4 9290 5 10235
332 20 201116 7 202063
333 27 134354 6 134648
334 61 139594 6 140452
335 61 133858 5 134354
336 61 88530 6 88931
337 61 233822 5 234144
338 49 60013 7 60501
339 33 113745 6 114042
340 33 48013 5 48403
341 37 81432 6 82414
342 37 230506 6 230954
343 4 130086 6 130786
344 27 232769 5 233517
345 2 189359 6 189510
346 23 212579 8 212811
347 33 200076 7 200850
348 20 42853 6 43592
349 23 223554 7 224414
350 33 226125 5 226928
351 23 30982 7 31224
352 4 194816 7 194991
353 37 223529 7 224522
354 49 82576 4 83304
355 37 21617 6 21929
356 23 38457 7 38719
357 33 187132 7 187700
358 20 29972 5 30743
359 2 242144 6 243004
360 33 240445 7 240592
361 37 65340 7 65559
362 2 1670 6 2535
363 33 226928 7 227054
364 4 6225 7 7029
365 49 88329 7 88534
366 20 152947 6 153873
367 49 234258 6 234798
368 20 243596 4 244340
369 52 79222 7 80146
370 61 224868 8 225850
371 23 8569 8 9329
372 33 133217 7 133707
373 33 71063 6 71882
374 20 24068 5 24815
375 37 209507 5 210314
376 37 23291 7 23454
377 37 219113 6 220001
378 4 24599 5 25553
379 52 218523 7 219036
380 23 164050 8 164919
381 33 236335 6 236996
382 4 151026 7 151466
383 27 223529 6 223956
384 27 87457 5 88165
385 20 36197 6 36997
386 61 185644 5 186456
387 2 233279 4 233811
388 4 189783 6 189910
389 52 147507 6 148084
390 20 236214 5 236836
391 37 115163 8 116069
392 61 84758 7 85253
393 20 48807 6 49158
394 27 64078 4 64540
395 61 31519 7 31666
396 22 206005 5 206604
397 23 179250 7 179861
398 33 122193 6 122880
399 4 55922 7 56051
400 33 58602 4 59259
401 37 144347 8 145239
402 61 192180 5 192966
403 61 181877 6 182290
404 52 73520 6 73885
405 23 71063 6 71881
406 33 231048 4 231713
407 33 173258 6 174005
408 4 101564 5 101909
409 61 190931 8 191579
410 49 200076 7 200539
411 61 55467 6 56073
412 52 228734 7 229349
413 49 159394 7 160071
414 38 191579 8 191958
415 37 127579 5 128324
416 52 115520 5 115902
417 49 132703 6 133197
418 38 224787 7 225674
419 49 148866 7 149409
420 27 185284 6 186218
421 2 222687 6 223331
422 4 112231 6 113027
423 61 124209 4 124844
424 27 17291 6 18071
425 23 227926 7 228271
426 33 51083 6 51728
427 20 186904 5 187820
428 20 103928 6 104606
429 52 230506 7 231300
430 23 77597 8 78592
431 33 135555 5 136506
432 33 174129 7 174497
433 23 55939 8 56743
434 52 29443 6 29730
435 61 45678 4 46767
436 4 231048 5 231279
437 49 94200 8 94560
438 2 243347 6 244138
439 61 221827 8 221997
440 61 145263 5 146001
441 38 64176 7 64730
442 61 128864 5 129229
443 38 84942 6 85398
444 33 35171 7 35665
445 4 229184 5 229441
446 33 62723 6 63092
447 38 177742 8 178357
448 22 163957 5 164204
449 27 133198 5 133376
450 49 59428 7 60013
451 61 156090 6 156915
452 2 14346 6 14473
453 52 119548 6 119962
454 20 208327 6 208672
455 49 3601 8 4380
456 49 120216 6 121194
457 23 61628 5 62417
458 2 199297 5 199853
459 38 245273 6 246228
460 20 103522 6 103751
461 38 75653 5 76540
462 4 14484 4 14703
463 49 173365 6 173944
464 33 158550 6 159181
465 33 237624 6 238600
466 27 205635 4 206515
467 52 23883 7 24624
468 20 79222 6 79741
469 33 153873 5 154421
470 2 230506 5 231322
471 37 180647 6 180908
472 2 99870 6 100658
473 20 108755 6 109235
474 20 160621 7 160876
475 20 135555 7 136547
476 2 167822 5 168258
477 52 97445 7 97636
478 33 234488 4 234699
479 4 36197 6 37003
480 52 86206 7 87188
481 4 166009 7 166829
482 33 210964 7 211350
483 4 201960 4 202880
484 61 109302 6 110041
485 61 208155 6 209034
486 61 64684 6 65100
487 2 103500 4 104725
488 52 171461 7 171819
489 38 68416 7 69150
490 37 4342 7 5284
491 52 236214 7 236954
492 61 112109 7 112905
493 20 39469 6 40171
494 27 128261 6 129206
495 20 134665 7 134941
496 37 175256 5 175823
497 33 97467 5 98351
498 61 43831 8 44310
499 20 245607 6 246405
500 52 126627 7 127453
501 23 238385 7 239107
502 22 217679 4 218457
503 61 77029 5 77767
504 52 187840 7 188310
505 33 92291 5 93111
506 2 75653 6 76170
507 37 152160 7 152836
508 33 41411 6 42031
509 52 164795 5 165212
510 23 167822 7 168139
511 33 116444 5 116793
512 61 44310 5 44875
513 20 116529 6 117450
514 37 145263 8 146017
515 37 187840 7 188626
516 38 132283 8 133019
517 37 79690 4 79833
518 61 62590 7 63350
519 23 163612 6 163764
520 2 198358 6 198709
521 33 244936 7 245447
522 4 111487 7 112187
523 38 159394 7 160184
524 20 111487 7 111776
525 33 171461 6 172410
526 27 172999 4 173728
527 33 59259 4 60173
528 61 245969 7 246591
529 20 23445 7 24068
530 33 37869 5 38457
531 37 236836 7 237683
532 37 55191 8 55969
533 4 241537 5 241865
534 61 151026 7 151674
535 4 3815 7 4655
536 37 31234 6 31745
537 37 207948 4 208133
538 4 27540 5 28343
539 23 144347 7 144558
540 37 60805 8 61590
541 20 205009 6 206006
542 4 93558 7 94050
543 27 73798 6 74595
544 20 26871 7 27540
545 33 125329 4 125600
546 61 85685 6 86628
547 23 112905 7 113521
548 4 60345 7 61179
549 61 146553 5 146870
550 37 202805 8 203173
551 4 84508 5 85055
552 27 29443 5 29749
553 61 98967 7 99267
554 38 93259 8 94055
555 33 20093 6 20982
556 52 92291 6 92901
557 38 126138 7 126321
558 38 241290 7 242101
559 61 139023 8 139594
560 52 122373 7 122982
561 61 13105 5 14048
562 37 110041 5 110790
563 20 164745 4 164883
564 2 164665 6 164913
565 2 19033 6 19474
566 61 141431 6 141680
567 38 73573 6 74167
568 61 166009 6 166807
569 33 148089 7 148289
570 2 225697 6 226629
571 52 65854 5 66033
572 38 163543 5 163968
573 61 48371 8 49294
574 61 42049 6 42753
575 27 119548 5 119924
576 22 43696 5 44129
577 20 87457 5 88329
578 61 46767 8 47043
579 20 180982 7 181542
580 37 231297 7 232072
581 20 98967 7 99315
582 27 237514 5 238444
583 27 836 6 1657
584 20 101836 6 102458
585 61 65100 8 65276
586 22 244949 5 245910
587 4 195644 6 196389
588 61 205449 7 205794
589 2 186641 6 187576
590 37 59316 6 60040
591 33 243214 5 243347
592 27 161177 5 161898
593 52 217625 7 217886
594 61 30793 7 31519
595 23 32327 7 33133
596 37 189359 7 190238
597 20 113745 6 114530
598 2 203952 5 204277
599 2 21730 6 22465
600 37 141680 7 142518
601 20 75593 7 76484
602 27 24232 5 25071
603 61 7951 5 8116
604 61 56073 6 56773
605 37 226437 5 227005
606 20 106770 7 107140
607 37 155166 7 155392
608 22 49294 5 49873
609 4 153873 6 154211
610 20 27540 7 28294
611 2 137755 4 138075
612 20 83676 6 84508
613 27 150577 6 151277
614 20 65309 6 65465
615 61 211409 8 212144
616 37 97396 5 97752
617 22 53398 5 54269
618 49 14346 7 14941
619 27 41411 6 41588
620 23 18972 7 19361
621 61 51411 8 52128
622 52 33733 7 34191
623 61 110848 6 111487
624 33 236996 5 237624
625 4 180567 5 181524
626 22 20093 5 21036
627 4 80622 7 81462
628 38 147507 7 148210
629 52 74773 6 75588
630 2 184826 6 184961
631 38 172899 7 173137
632 37 160876 7 161599
633 20 30743 5 30982
634 20 133513 7 134324
635 2 95051 5 95247
636 20 193557 6 193934
637 37 87457 7 88329
638 4 95503 7 96279
639 4 93074 7 93383
640 61 158932 5 159394
641 23 181877 6 182667
642 37 166807 7 167572
643 20 207272 7 207948
644 20 21092 6 21438
645 2 52352 5 53292
646 61 118344 6 118895
647 27 171797 6 172392
648 52 142745 6 143423
649 2 229184 5 229852
650 33 119342 7 119548
651 2 189783 5 190501
652 2 81539 5 82338
653 61 234144 4 234881
654 20 212943 5 213453
655 27 21092 6 21839
656 33 7047 5 7954
657 2 210964 5 211252
658 61 228798 7 229184
659 61 179537 5 180019
660 23 86206 7 87035
661 23 64684 5 65176
662 37 90885 5 91695
663 38 199297 7 200056
664 38 67813 8 68416
665 61 25007 8 25721
666 20 144480 6 144977
667 52 93797 7 94765
668 52 243347 7 243927
669 2 106040 5 106936
670 22 148866 5 149669
671 2 51411 6 52352
672 61 43145 7 43350
673 38 8569 5 9322
674 61 123284 7 124209
675 61 36884 8 37867
676 61 7025 8 7951
677 23 191779 6 192695
678 23 88914 7 89796
679 27 208155 6 208943
680 4 238385 7 238629
681 20 141769 7 142745
682 61 149409 7 150269
683 20 208672 5 209507
684 52 170536 7 171291
685 20 74008 5 74571
686 61 105134 4 105531
687 37 135555 7 135777
688 27 59316 5 59807
689 33 10055 6 10256
690 38 192180 8 192404
691 2 170536 6 170891
692 2 246523 6 247129
693 27 142745 6 143434
694 49 100658 8 101069
695 2 206757 6 207536
696 52 163543 7 164363
697 4 135555 5 136400
698 38 166009 8 166858
699 61 151674 8 152160
700 20 187840 5 188615
701 4 205635 7 206035
702 61 81539 7 81877
703 33 89060 6 89838
704 37 150577 6 150893
705 38 59507 8 59729
706 49 54342 8 55194
707 61 219298 7 220128
708 2 144593 6 145403
709 27 111487 6 112315
710 61 137312 5 137909
711 20 15541 6 16412
712 2 35557 6 36338
713 33 82801 7 83779
714 61 118895 5 119986
715 49 65493 6 66389
716 61 79222 6 80166
717 20 69163 5 69824
718 20 212579 4 212943
719 4 29634 5 30334
720 2 29443 6 29647
721 49 67813 7 68647
722 37 235347 8 236144
723 20 51411 7 51878
724 38 194816 8 195787
725 37 200076 7 200600
726 33 54792 7 55191
727 37 246109 8 246881
728 38 18664 7 19395
729 33 93259 5 93797
730 20 97445 4 98327
731 49 237514 6 238125
732 61 123135 7 123284
733 4 234881 5 235315
734 61 163064 8 163670
735 61 156915 7 157360
736 27 166009 4 166550
737 61 192966 4 193557
738 4 45986 7 46486
739 38 195917 8 196450
740 4 59431 5 60257
741 61 227665 7 228390
742 4 130941 7 131583
743 22 137369 6 138147
744 27 116364 5 117306
745 61 82061 8 82801
746 20 62292 5 62658
747 33 179829 4 180647
748 61 89972 6 90885
749 27 101310 6 102068
750 22 213148 5 213927
751 33 223246 7 223529
752 20 246405 6 246896
753 4 15541 5 16327
754 33 54079 6 54792
755 33 101564 5 102356
756 33 357 5 843
757 20 38687 4 39036
758 20 0 7 357
759 37 233796 8 234598
760 2 49158 5 49725
761 20 31816 5 32327
762 49 23584 6 24295
763 52 199297 6 200015
764 23 73798 8 74712
765 33 239018 6 239207
766 20 108576 7 108755
767 37 8569 6 9297
768 61 29447 5 29977
769 38 98967 8 99702
770 20 110041 5 110887
771 38 85502 8 85660
772 20 5100 7 5476
773 33 204731 5 205635
774 23 216778 7 217350
775 38 48807 8 49218
776 49 227926 5 228736
777 37 71421 6 72090
778 20 49158 7 50091
779 20 242819 6 243596
780 38 10196 6 10598
781 23 82576 8 83257
782 2 135555 5 135846
783 20 9290 5 10196
784 22 65100 5 65702
785 61 204227 6 204731
786 4 72867 7 73628
787 33 230506 5 230703
788 52 14346 6 14484
789 23 202358 7 203077
790 20 39036 7 39469
791 27 124251 6 124988
792 20 74571 5 75149
793 4 81539 7 82262
794 38 188704 8 189177
795 37 177742 6 178228
796 20 181877 6 182765
797 20 122651 5 123491
798 23 205635 8 205763
799 37 86206 6 87015
800 33 96608 5 97467
801 4 98967 6 99452
802 23 211842 8 212212
803 4 177013 6 177374
804 61 29025 8 29294
805 52 127579 6 128195
806 37 118895 6 119746
807 37 72332 5 73280
808 61 107491 5 108222
809 2 209770 6 210663
810 27 81432 6 82085
811 37 51411 5 51925
812 27 19061 6 19558
813 20 169570 5 169913
814 4 177374 6 178340
815 33 68165 6 68977
816 22 70462 6 70950
817 4 207272 7 207479
818 4 110297 6 110572
819 27 18149 6 19061
820 37 192376 6 192573
821 2 67184 4 67939
822 2 50453 6 50862
823 20 50334 6 51028
824 4 132703 6 133196
825 23 197423 7 198180
826 2 48013 6 48911
827 23 21282 7 22050
828 37 113745 7 114304
829 52 134324 7 134914
830 37 166009 7 166604
831 37 171797 7 172687
832 4 191579 7 192305
833 23 75149 6 75631
834 33 56800 6 57323
835 49 180182 6 180614
836 61 212144 6 212957
837 20 12497 7 13494
838 27 147645 6 148480
839 49 4618 7 4956
840 23 106976 7 107676
841 38 29977 5 30796
842 27 234144 6 234499
843 4 72332 5 72867
844 23 166009 8 166544
845 61 67215 4 68072
846 52 140393 6 141160
847 27 189359 5 190259
848 37 95051 7 95720
849 23 124799 8 125731
850 22 193557 6 194455
851 33 199297 5 199668
852 38 104606 8 105446
853 61 221997 8 222228
854 33 52701 7 53511
855 37 179938 7 180572
856 2 184961 6 185130
857 20 75406 6 75593
858 20 20378 7 20626
859 27 120814 5 121102
860 22 2617 6 3153
861 33 151674 5 152454
862 33 70029 4 70245
863 23 149700 8 149930
864 61 168258 8 169019
865 37 126277 8 127132
866 20 123925 7 124543
867 61 40684 7 41411
868 33 234699 7 235472
869 38 66797 7 67645
870 33 244297 5 244936
871 33 89838 5 90427
872 38 231713 7 232053
873 4 159222 6 160084
874 52 188567 7 188720
875 52 172040 6 172877
876 38 7025 7 7854
877 22 147507 5 148336
878 27 93928 6 94837
879 38 217083 7 217815
880 4 82801 6 83367
881 4 168593 6 169333
882 38 239107 7 239281
883 49 39780 7 40625
884 61 187028 5 187840
885 38 70462 8 71063
886 38 45900 8 46202
887 20 80622 5 81432
888 23 75653 5 76065
889 4 98351 5 98924
890 23 23291 7 23687
891 20 102458 6 103151
892 52 16321 7 16960
893 20 180182 4 180982
894 38 152607 8 153421
895 20 175256 6 175492
896 61 55191 8 55467
897 38 214980 8 215805
898 4 207584 7 208502
899 4 107465 6 108349
900 33 102356 7 102639
901 49 164795 7 165639
902 52 95051 7 95902
903 38 94055 7 94508
904 22 11350 6 12192
905 20 242236 7 242819
906 49 177013 8 177935
907 23 84758 8 85522
908 2 137388 5 137690
909 33 181351 7 181878
910 20 54207 7 54925
911 61 42853 7 43145
912 23 159879 5 160761
913 52 115163 7 115335
914 27 234699 6 235520
915 2 88200 5 88914
916 4 44310 7 45002
917 27 217679 5 218391
918 23 19361 7 20093
919 23 67939 4 68770
920 52 52128 7 52844
921 2 108222 5 108476
922 4 168175 6 168460
923 33 136506 7 136998
924 4 53119 5 53420
925 61 120747 4 121440
926 20 95051 6 95731
927 33 209669 5 210275
928 61 235484 5 236211
929 2 97078 6 97396
930 20 26202 5 26871
931 22 239018 6 239696
932 4 198358 7 198731
933 27 199297 5 200105
934 20 216039 6 216237
935 37 92599 7 93558
936 61 157360 7 158070
937 37 135846 5 136466
938 27 110297 6 110540
939 4 119548 5 120273
940 37 168297 7 168716
941 61 128261 8 128864
942 61 243648 5 244469
943 37 125613 6 126277
944 20 140953 7 141769
945 20 171461 6 172040
946 27 72949 6 73798
947 22 128261 6 129058
948 61 3780 7 4577
949 49 43350 8 44123
950 38 74167 7 74939
951 33 186456 7 186786
952 4 179250 7 179802
953 37 97271 8 97394
954 20 41740 7 42143
955 61 19683 7 20436
956 4 18608 7 19462
957 23 239107 6 239262
958 4 110848 7 111119
959 37 125247 8 125613
960 2 115589 5 116191
961 4 138221 4 138639
962 4 195062 7 195505
963 22 159617 6 160304
964 61 14484 6 14844
965 22 161177 5 161976
966 33 119548 7 119865
967 22 238385 6 238659
968 4 56073 6 57036
969 33 219137 4 219375
970 20 34010 6 34687
971 61 58714 6 58949
972 33 215858 5 215987
973 33 150106 4 151090
974 52 245273 7 246096
975 33 61739 5 62150
976 49 106851 7 107323
977 4 123284 6 123632
978 2 163985 5 164192
979 52 19360 6 20091
980 61 222972 6 223861
981 23 137909 7 138030
982 20 65493 5 65854
983 61 193557 6 194145
984 20 82837 7 83676
985 61 58173 6 58714
986 2 18580 5 18946
987 4 118344 5 118706
988 2 207584 6 207819
989 20 46242 5 47157
990 33 26730 4 27209
991 61 11350 7 12166
992 2 40684 5 41555
993 2 21092 5 21730
994 2 239490 6 240287
995 22 181431 5 182151
996 52 210437 7 211286
997 38 45044 5 45900
998 61 172583 7 172999
999 33 146553 7 147397
1000 38 193557 8 194354
1001 33 243347 6 244297
1002 27 219375 6 220201
1003 37 6225 5 7150
1004 38 88329 7 88920
1005 33 2949 5 3601
1006 37 183995 8 184745
1007 61 237514 7 237652
1008 61 14844 7 15541
1009 37 124209 8 125154
1010 27 155166 5 155611
1011 20 177013 5 177903
1012 61 210964 6 211091
1013 2 53398 5 54292
1014 2 120754 5 121657
1015 2 171461 6 172282
1016 2 50294 5 50453
1017 38 25046 7 25684
1018 20 84508 7 84942
1019 27 152607 6 153421
1020 37 106748 5 107167
1021 37 163543 5 164082
1022 20 67072 4 67813
1023 52 235347 5 236210
1024 2 124844 6 125707
1025 37 181878 6 182165
1026 23 65599 7 66342
1027 20 79741 6 80048
1028 49 246000 7 246357
1029 38 2535 7 3023
1030 61 39780 8 39953
1031 33 118344 7 119342
1032 37 179250 7 179453
1033 37 48013 5 48395
1034 49 0 8 452
1035 2 74773 5 75653
1036 38 184826 7 185015
1037 37 10196 7 10491
1038 61 102758 6 103307
1039 2 183995 6 184826
1040 23 54207 7 54330
1041 2 96288 6 97078
1042 27 195917 5 196546
1043 27 230703 6 231168
1044 49 81432 7 82155
1045 4 200076 5 201038
1046 33 88265 5 88567
1047 2 214836 6 215644
1048 2 59959 6 60381
1049 61 197423 7 198358
1050 52 185209 7 185941
1051 33 214135 6 214980
1052 61 83991 7 84758
1053 4 227449 7 227999
1054 38 97078 8 97747
1055 2 205597 5 206317
1056 2 109302 6 109461
1057 38 204731 7 204981
1058 20 8569 5 9290
1059 20 99315 7 100296
1060 20 107491 5 107740
1061 2 69465 6 70579
1062 49 8569 7 9352
1063 2 19474 6 20208
1064 27 159394 5 160193
1065 33 163957 7 164665
1066 52 82061 6 82376
1067 33 229184 7 229936
1068 33 217413 5 218327
1069 2 113928 6 114555
1070 52 30982 6 31832
1071 27 91797 5 92559
1072 23 225674 7 226590
1073 23 131494 8 131644
1074 37 82576 8 83481
1075 33 240592 5 240918
1076 38 210207 6 211096
1077 27 188567 6 189253
1078 2 357 4 1143
1079 49 241290 5 241526
1080 23 174129 7 174841
1081 20 23291 7 23445
1082 20 227449 7 227896
1083 33 24599 7 25494
1084 20 72526 7 73432
1085 38 125005 7 125701
1086 23 133563 7 133864
1087 22 72550 5 73372
1088 38 59729 6 60371
1089 2 64856 6 65340
1090 23 208327 6 209317
1091 20 3505 6 4211
1092 52 93074 5 93379
1093 2 204731 6 205597
1094 23 45771 7 46580
1095 4 147371 7 148104
1096 22 63092 6 63870
1097 52 85788 6 86007
1098 2 130086 5 131014
1099 4 75653 5 76398
1100 20 130941 5 131785
1101 61 199297 7 199493
1102 33 3601 6 4312
1103 38 116753 7 117487
1104 4 70462 7 70751
1105 2 190931 5 191779
1106 52 219183 6 219864
1107 2 181431 6 182253
1108 52 100787 7 101574
1109 52 70245 7 70460
1110 61 119999 6 120120
1111 2 234144 5 235053
1112 61 195644 7 196638
1113 61 141212 6 141431
1114 37 205597 8 206330
1115 2 151674 6 152060
1116 20 47157 6 47746
1117 20 106040 6 106290
1118 37 188626 7 189158
1119 37 210437 6 211225
1120 37 117277 8 117708
1121 33 225697 7 225962
1122 2 102142 6 102288
1123 38 181431 6 182338
1124 22 94301 6 95091
1125 2 29762 5 30516
1126 27 153873 6 154686
1127 37 13494 7 14393
1128 20 119999 5 120747
1129 33 84836 5 85788
1130 4 148633 6 149132
1131 23 198358 6 198855
1132 20 160876 7 161296
1133 4 174598 7 175271
1134 49 83779 8 84484
1135 22 200076 6 201046
1136 2 226928 5 227926
1137 4 33110 7 34084
1138 61 35171 7 35548
1139 4 188567 7 189410
1140 61 133198 7 133858
1141 23 3601 8 4358
1142 37 220395 7 220803
1143 33 184004 6 184346
1144 2 41740 5 42257
1145 38 229184 6 229957
1146 33 139594 6 140393
1147 23 214293 7 214592
1148 38 121784 5 122000
1149 4 206035 5 206569
1150 37 35548 7 36238
1151 20 210964 6 211842
1152 22 202168 5 202878
1153 52 13494 6 13925
1154 27 239018 5 239829
1155 38 27759 7 28745
1156 20 71373 7 72332
1157 23 195644 7 196319
1158 61 64176 6 64684
1159 23 104057 7 104864
1160 33 23883 5 24599
1161 2 13511 6 14241
1162 23 100521 8 101287
1163 23 131644 7 132536
1164 33 178361 7 179250
1165 37 25007 8 25685
1166 2 32327 6 33136
1167 27 90885 6 91616
1168 4 172410 7 173127
1169 23 87457 7 88057
1170 20 90885 4 91797
1171 27 36338 6 37266
1172 61 18015 5 18893
1173 4 21594 6 22525
1174 2 2535 4 3017
1175 23 71881 8 72093
1176 49 137909 6 138852
1177 20 210207 5 210794
1178 20 147933 6 148866
1179 22 18580 6 19267
1180 27 55191 5 55551
1181 20 72332 7 72526
1182 20 76912 6 77597
1183 4 185284 7 185509
1184 49 152607 7 153224
1185 61 189783 8 190192
1186 20 89518 7 90448
1187 61 222228 7 222972
1188 61 2617 5 3115
1189 2 127579 6 127715
1190 20 117502 6 118344
1191 2 207948 6 208941
1192 20 232299 6 233203
1193 23 123361 8 123925
1194 61 206851 5 207838
1195 20 244340 7 245135
1196 23 245316 7 246282
1197 33 11620 7 12549
1198 61 169019 5 169917
1199 52 180182 6 181009
1200 27 5476 6 6192
1201 38 119548 8 119965
1202 2 151026 6 151454
1203 52 186641 6 187600
1204 2 46767 6 47557
1205 52 159617 6 160221
1206 23 59428 6 59854
1207 61 82801 6 83020
1208 2 217509 4 217905
1209 61 122125 4 122373
1210 20 175492 4 176295
1211 23 47557 8 47844
1212 23 76231 7 76802
1213 33 207200 5 207584
1214 37 185644 7 185929
1215 33 99870 7 100817
1216 37 167822 7 168297
1217 61 190192 6 190931
1218 27 103522 5 104345
1219 20 92538 5 93310
1220 52 48807 6 49019
1221 33 188567 7 189040
1222 52 116444 4 116889
1223 22 82247 6 82894
1224 23 62417 7 62676
1225 49 33733 7 34357
1226 4 158070 6 158920
1227 22 180182 6 180789
1228 37 83779 7 83926
1229 27 61526 6 62018
1230 61 72949 4 73520
1231 2 212331 6 212916
1232 33 50515 4 51083
1233 4 226437 6 227381
1234 2 172899 5 173856
1235 61 163670 6 164009
1236 20 44310 6 45044
1237 61 201960 6 202851
1238 37 171461 6 171684
1239 20 45520 6 46242
1240 23 163064 6 163612
1241 23 177157 6 177322
1242 27 19683 5 20447
1243 4 175412 6 175738
1244 4 245316 6 245682
1245 4 46767 6 47247
1246 33 93797 5 94296
1247 61 237128 5 237514
1248 61 89060 7 89972
1249 33 20982 5 21282
1250 37 65559 5 66053
1251 22 29443 4 29896
1252 27 240592 6 241556
1253 20 214293 5 215233
1254 49 54079 8 54342
1255 33 35665 5 36455
1256 20 94200 6 94968
1257 61 55031 5 55163
1258 38 56817 8 57719
1259 20 235347 7 236214
1260 37 0 6 257
1261 37 79222 6 79630
1262 61 143766 7 144378
1263 20 96288 5 96828
1264 61 126842 7 127512
1265 49 239181 6 239946
1266 52 124251 7 124457
1267 52 21649 7 22252
1268 23 122651 7 123361
1269 52 46242 7 47212
1270 33 228148 6 229045
1271 61 229184 7 229793
1272 61 132371 7 132772
1273 37 102458 5 103193
1274 23 141212 6 141485
1275 37 67687 5 68376
1276 2 172719 6 172899
1277 22 211842 6 212560
1278 33 234263 7 234488
1279 27 4347 5 4891
1280 61 1026 5 1856
1281 49 77597 7 78292
1282 61 209034 7 209578
1283 23 96288 8 97279
1284 2 60805 4 61526
1285 52 57365 7 57793
1286 61 175256 8 176227
1287 33 124570 6 125005
1288 37 73520 5 74458
1289 61 69163 4 69866
1290 27 45520 5 45723
1291 52 177742 5 178114
1292 61 65309 5 66020
1293 22 72332 5 72489
1294 2 12549 6 13511
1295 4 7951 6 8124
1296 4 39550 7 40270
1297 20 7025 5 8176
1298 33 206412 4 207200
1299 37 134665 5 135098
1300 52 209578 6 210401
1301 22 216778 6 217019
1302 61 108222 6 109302
1303 27 200850 6 201696
1304 49 92538 7 93259
1305 2 223331 5 224260
1306 33 65334 5 66012
1307 4 236211 5 236795
1308 61 90885 7 91739
1309 38 3601 8 4342
1310 61 158070 6 158203
1311 27 50829 5 51730
1312 2 55191 6 55806
1313 20 230506 7 231498
1314 22 19267 6 19973
1315 33 77091 7 77955
1316 52 168593 7 169299
1317 4 50334 7 51151
1318 61 2020 4 2214
1319 61 146001 7 146553
1320 20 197423 6 198291
1321 23 140158 7 140811
1322 4 66797 6 66970
1323 33 39036 7 39550
1324 61 181079 6 181877
1325 52 166009 7 166908
1326 4 30793 7 31431
1327 23 114042 8 115021
1328 38 218366 8 219039
1329 2 150577 6 150947
1330 2 143766 6 144593
1331 20 220128 6 220898
1332 33 224868 5 225078
1333 23 0 7 283
1334 33 233796 5 234263
1335 61 16275 5 17291
1336 23 28299 6 28726
1337 33 8927 7 9721
1338 33 75406 6 76097
1339 61 56773 5 57485
1340 61 138088 6 139023
1341 38 16321 7 17160
1342 38 71711 8 72550
1343 61 210437 6 210964
1344 61 63350 6 64176
1345 38 112231 8 113156
1346 49 19033 8 19450
1347 37 195673 6 196184
1348 38 224312 7 224787
1349 33 39550 7 40269
1350 2 121732 6 122097
1351 22 166829 6 167117
1352 20 227896 5 228736
1353 37 181351 6 181784
1354 52 27759 6 28743
1355 49 135555 7 136094
1356 23 80622 7 81472
1357 2 164913 5 165292
1358 23 163764 6 164050
1359 33 95051 5 95251
1360 27 100521 5 101285
1361 33 176227 6 177157
1362 37 71063 8 71243
1363 52 213880 7 214773
1364 33 60894 5 61739
1365 33 144347 6 145286
1366 20 222687 7 223554
1367 22 17346 6 18189
1368 4 219113 7 219928
1369 38 13511 6 13762
1370 37 39550 6 40307
1371 61 54181 6 55031
1372 61 83020 6 83991
1373 33 85788 5 86054
1374 33 43426 7 44141
1375 2 104725 5 104980
1376 33 27540 4 28364
1377 37 21092 6 21617
1378 37 143766 8 144180
1379 61 71373 8 72054
1380 20 185284 7 186219
1381 23 212957 6 213526
1382 61 59540 7 60345
1383 20 158203 7 159222
1384 4 137755 6 138169
1385 23 83877 8 84552
1386 2 62723 5 63149
1387 20 19626 5 20378
1388 61 216384 6 216718
1389 49 79537 7 80045
1390 37 98967 6 99674
1391 37 170536 8 171307
1392 20 240492 4 241290
1393 37 68376 6 69051
1394 33 186786 5 187132
1395 37 88329 7 89170
1396 4 64078 7 64299
1397 23 131014 8 131197
1398 33 236149 5 236335
1399 38 9322 7 10124
1400 20 131785 6 132703
1401 2 36338 6 37202
1402 4 101310 7 101469
1403 37 149700 7 150560
1404 52 107465 6 108242
1405 4 110041 6 110297
1406 20 77597 7 78549
1407 33 152454 6 153333
1408 52 184346 5 185071
1409 23 10196 7 10549
1410 4 192376 7 193117
1411 23 159222 7 159434
1412 61 233198 6 233822
1413 20 231498 6 232299
1414 20 142745 5 142986
1415 4 357 7 875
1416 4 70245 7 70433
1417 33 199769 4 200076
1418 22 59428 6 59696
1419 52 80622 6 81498
1420 49 220150 7 220286
1421 61 115163 4 116105
1422 22 79578 5 79762
1423 61 217464 8 217625
1424 61 162071 6 163064
1425 61 221088 6 221827
1426 61 177742 5 178361
1427 49 72332 5 72980
1428 22 75056 6 75880
1429 61 0 7 270
1430 20 163543 5 163985
1431 2 235347 6 236105
1432 37 131811 8 132472
1433 22 209669 5 210410
1434 49 4380 7 4618
1435 2 8254 6 8656
1436 49 13511 8 14346
1437 20 129981 6 130941
1438 4 49294 6 50102
1439 37 15541 6 16346
1440 20 159222 7 159985
1441 33 31816 7 32433
1442 33 202805 5 203515
1443 20 137369 5 138221
1444 2 176227 6 177153
1445 38 53398 6 54231
1446 49 102356 8 102894
1447 23 36338 7 37297
1448 22 241537 6 241932
1449 4 21092 7 21594
1450 61 106748 4 107491
1451 4 42257 4 42981
1452 20 216798 6 217172
1453 37 194816 6 195660
1454 61 99267 6 100059
1455 33 48403 5 49363
1456 33 28584 6 28963
1457 4 140158 6 141000
1458 33 64725 5 65098
1459 27 33733 5 34117
1460 61 77767 7 78607
1461 22 132283 6 132769
1462 38 231297 7 231697
1463 61 104159 7 105134
1464 37 221827 8 222400
1465 33 70245 7 70880
1466 49 205794 8 206005
1467 2 179965 5 180606
1468 4 236836 7 237531
1469 33 57323 6 58196
1470 61 113745 8 114445
1471 61 227330 7 227665
1472 2 158203 6 158582
1473 61 35548 7 36090
1474 61 140452 7 141212
1475 52 36214 6 37033
1476 33 74518 6 75152
1477 33 240034 5 240445
1478 37 91739 6 92599
1479 49 80048 7 80783
1480 33 65100 5 65334
1481 49 131014 7 131737
1482 61 161309 6 162071
1483 52 181431 7 182253
1484 33 38457 7 38596
1485 20 126138 5 126853
1486 22 119548 5 120364
1487 2 64078 6 64856
1488 23 79537 7 80488
1489 27 125388 6 125675
1490 49 136547 8 136743
1491 37 112426 7 112993
1492 23 101310 5 101917
1493 38 236996 6 237846
1494 38 55806 5 56122
1495 22 59696 5 60158
1496 23 125930 7 126653
1497 38 122373 7 122918
1498 49 65309 6 65493
1499 49 147507 7 148507
1500 4 99870 7 100724
1501 27 235800 5 236518
1502 27 48807 6 49719
1503 38 10928 7 11732
1504 20 204047 5 205009
1505 4 235347 7 236028
1506 37 243648 8 244349
1507 20 64784 5 65115
1508 61 81877 6 82061
1509 23 193557 8 193977
1510 2 138075 5 138634
1511 38 205597 7 206288
1512 20 111776 5 112627
1513 49 150269 7 150566
1514 2 73520 5 74313
1515 33 100817 6 101564
1516 33 209034 5 209669
1517 52 20436 6 20813
1518 2 203155 4 203952
1519 61 159879 6 160621
1520 22 45678 5 46450
1521 33 15541 7 16321
1522 4 133198 7 133656
1523 2 172282 6 172719
1524 23 230703 6 231509
1525 33 181878 7 182289
1526 37 63815 7 64580
1527 33 160621 6 161177
1528 52 239018 5 239633
1529 33 230703 6 231048
1530 49 219375 7 220150
1531 4 169419 6 169755
1532 4 64653 6 65193
1533 37 119999 8 120985
1534 33 126627 6 127386
1535 2 84758 6 85502
1536 38 171797 7 172725
1537 20 42143 5 42853
1538 52 136506 7 136754
1539 27 204227 5 204991
1540 2 0 5 249
1541 61 9322 7 10055
1542 33 114795 4 115510
1543 37 232769 5 233556
1544 37 244936 7 245781
1545 37 228221 6 228995
1546 4 211347 6 211522
1547 33 63751 6 64725
1548 20 202451 6 203170
1549 20 202168 5 202451
1550 4 121376 7 122237
1551 61 130086 7 131024
1552 33 227896 7 228148
1553 61 214836 7 214990
1554 33 110297 7 111237
1555 23 119999 8 120379
1556 4 102356 6 103236
1557 33 137998 5 138977
1558 61 121784 6 122125
1559 23 150662 7 151536
1560 4 109302 5 109739
1561 4 150203 7 150973
1562 49 62590 8 63412
1563 20 213453 4 214293
1564 20 57837 5 58602
1565 61 127512 6 128261
1566 61 152160 6 152607
1567 33 213735 5 213880
1568 4 2020 6 2419
1569 52 161177 7 162016
1570 33 73337 7 74162
1571 38 158203 8 159039
1572 61 93928 4 94301
1573 20 63498 7 63815
1574 2 228126 6 229077
1575 61 206188 7 206851
1576 2 125707 5 126802
1577 2 116523 6 116753
1578 52 150624 6 151474
1579 49 216778 5 217679
1580 61 357 7 1026
1581 20 25349 6 26202
1582 4 3115 6 3783
1583 23 205794 6 206790
1584 49 188567 7 189474
1585 33 184346 6 185068
1586 37 54181 8 54515
1587 33 114042 7 114795
1588 2 220395 5 221156
1589 2 216925 5 217083
1590 33 125930 7 126627
1591 61 29977 8 30793
1592 20 67813 4 68619
1593 61 137909 6 138088
1594 49 55555 7 56372
1595 38 71063 8 71711
1596 49 235800 7 236591
1597 27 67687 6 68659
1598 2 102288 6 103114
1599 37 220128 7 220286
1600 20 81432 6 82247
1601 2 220128 5 220395
1602 22 68072 5 68548
1603 20 127378 5 127599
1604 22 112231 5 113021
1605 49 217679 8 218523
1606 2 124209 5 124656
1607 49 107323 5 108252
1608 49 220922 8 221219
1609 20 80048 6 80622
1610 33 42031 6 42582
1611 33 106040 7 106851
1612 38 60805 6 61610
1613 4 12497 7 13436
1614 4 183013 6 183477
1615 4 26730 5 27209
1616 52 174598 6 175402
1617 20 125388 7 126138
1618 33 202361 6 202679
1619 23 147507 7 148410
1620 2 50862 5 51379
1621 38 114445 7 115298
1622 2 211347 6 212331
1623 37 16670 8 16938
1624 52 77597 7 78386
1625 22 48371 6 49181
1626 23 184826 4 185534
1627 33 123730 4 124369
1628 23 18015 7 18927
1629 33 44310 5 45041
1630 52 67813 6 68569
1631 4 69465 6 70086
1632 49 142745 8 143213
1633 23 99870 8 100496
1634 2 77597 5 78060
1635 61 36090 7 36884
1636 22 188567 6 189111
1637 37 153873 7 154235
1638 2 238385 6 239490
1639 61 174598 7 175256
1640 37 200850 7 201574
1641 49 202168 8 203119
1642 4 199297 6 200022
1643 4 62417 5 63095
1644 4 146553 6 147083
1645 2 69163 6 69465
1646 22 166009 4 166697
1647 23 112231 4 112612
1648 33 168175 5 168940
1649 33 193557 7 194385
1650 20 137177 7 137369
1651 33 83779 7 84017
1652 52 112250 7 113084
1653 2 200076 4 200864
1654 33 205635 5 206412
1655 49 192376 7 192946
1656 61 236211 6 237128
1657 20 51028 4 51286
1658 2 101310 6 102142
1659 23 187576 8 188135
1660 33 211350 4 212168
1661 20 198358 6 199164
1662 33 137755 4 137998
1663 61 134815 5 135555
1664 4 167822 7 168028
1665 4 233822 5 234490
1666 2 154775 5 155689
1667 49 61739 6 62497
1668 49 133197 8 133915
1669 20 203170 6 204047
1670 23 180019 7 180740
1671 20 192244 5 193010
1672 27 2214 5 2639
1673 61 117051 4 117195
1674 37 31816 7 32421
1675 37 84758 6 85565
1676 33 12549 7 13331
1677 37 18015 7 18908
1678 37 234699 8 234954
1679 27 137755 5 138569
1680 37 211347 6 211905
1681 33 158203 7 158550
1682 27 163064 5 163513
1683 27 148633 5 149142
1684 4 52352 7 52550
1685 61 61628 6 62590
1686 37 218002 8 218590
1687 38 185933 7 186881
1688 4 95051 5 95291
1689 38 135555 7 136010
1690 37 69163 8 69996
1691 61 74124 4 75056
1692 20 18149 4 19069
1693 33 161975 5 162689
1694 49 70462 7 71434
1695 33 200850 7 201506
1696 4 20626 6 20770
1697 20 225697 4 226446
1698 4 212943 7 213561
1699 37 38695 7 39109
1700 38 123284 7 123753
1701 52 227896 7 228734
1702 61 91739 5 92849
1703 33 120814 4 121376
1704 4 116529 6 117359
1705 52 177013 7 177418
1706 37 60040 8 60441
1707 61 144378 7 145263
1708 23 218301 7 219237
1709 61 52128 5 52526
1710 33 1670 4 2659
1711 33 69163 7 70029
1712 22 123408 6 123714
1713 4 37725 6 38432
1714 33 231713 7 232206
1715 2 100787 6 101045
1716 38 187840 4 188704
1717 61 136723 6 137312
1718 20 155488 5 156068
1719 23 69465 7 70281
1720 61 217625 8 218301
1721 61 178361 8 179156
1722 61 183013 8 183995
1723 4 193557 7 194455
1724 38 90885 7 91470
1725 61 24232 5 25007
1726 23 236996 7 237733
1727 61 70462 4 71373
1728 61 230734 6 231297
1729 61 169917 8 170536
1730 22 150269 6 150749
1731 2 116191 5 116523
1732 20 20626 6 21092
1733 4 14346 7 14477
1734 4 114962 6 115730
1735 37 213880 6 214484
1736 23 234348 6 234473
1737 49 233198 7 233956
1738 49 35548 7 36214
1739 33 31234 5 31524
1740 20 238385 6 239018
1741 61 94301 6 95051
1742 2 49725 4 50294
1743 33 94296 7 95011
1744 33 30247 7 31234
1745 2 15541 5 16290
1746 23 4358 5 4524
1747 49 49294 5 49900
1748 2 98967 6 99323
1749 23 45044 5 45771
1750 2 66944 5 67184
1751 61 213148 6 214080
1752 23 217350 7 218194
1753 52 111487 5 112250
1754 33 60173 5 60894
1755 61 182290 7 183013
1756 49 104989 8 105928
1757 33 191579 6 191750
1758 20 179135 7 179938
1759 4 141212 5 142053
1760 2 11356 5 12218
1761 22 37757 6 37897
1762 2 95503 6 95688
1763 20 186219 5 186904
1764 49 37725 6 37960
1765 37 114445 7 114682
1766 2 30793 5 31602
1767 38 81432 8 82187
1768 27 121784 4 122497
1769 61 43490 8 43831
1770 27 8254 6 8895
1771 23 81472 8 81713
1772 23 188567 8 188999
1773 33 121376 6 122193
1774 52 234144 7 235078
1775 20 207948 7 208327
1776 49 167822 8 168710
1777 49 53398 5 54079
1778 27 85502 5 86303
1779 49 181431 8 182296
1780 61 111487 8 112109
1781 37 7954 6 8281
1782 33 125600 5 125930
1783 38 87457 6 87894
1784 49 21282 7 22179
1785 52 194816 7 195772
1786 23 235347 6 235842
1787 33 19121 6 19729
1788 52 87457 5 87691
1789 2 119999 6 120754
1790 20 245135 7 245316
1791 4 216237 6 216894
1792 61 189359 6 189783
1793 2 146553 4 147507
1794 4 19683 6 20438
1795 49 18149 6 19033
1796 37 204227 7 204751
1797 52 25007 7 25723
1798 38 226324 5 227318
1799 61 60345 4 60627
1800 52 217905 6 218219
1801 33 49662 5 50515
1802 33 45041 7 45909
1803 4 220128 6 221083
1804 52 201994 5 202894
1805 33 111851 5 112231
1806 61 216718 5 217464
1807 4 149930 5 150203
1808 38 18149 7 18664
1809 20 40171 4 40942
1810 4 126138 5 127111
1811 33 63300 7 63751
1812 33 154421 6 155132
1813 20 1641 6 2516
1814 38 100521 8 101505
1815 2 104980 5 105502
1816 49 56544 5 57230
1817 20 33110 7 34010
1818 27 164867 6 165810
1819 38 26871 8 27579
1820 52 14484 7 14665
1821 4 79222 6 79458
1822 37 33110 6 33745
1823 49 45678 8 46402
1824 33 172410 6 173258
1825 23 5100 8 5485
1826 33 169740 7 170539
1827 49 149409 7 150208
1828 61 34484 5 35171
1829 20 89060 6 89518
1830 4 90885 6 91025
1831 2 140393 5 140976
1832 4 113745 6 114505
1833 33 201506 7 202361
1834 20 76484 7 76912
1835 61 31816 5 32564
1836 4 176168 5 176452
1837 20 50091 7 50334
1838 4 227999 6 228890
1839 2 163064 6 163265
1840 61 212957 5 213148
1841 38 103151 7 103928
1842 61 173657 8 174598
1843 33 142745 7 143496
1844 2 231689 4 232769
1845 4 57365 6 58259
1846 22 25007 4 25796
1847 2 59428 6 59816
1848 20 199769 6 200103
1849 27 11350 6 12177
1850 38 177284 6 177418
1851 2 100658 6 100787
1852 33 147397 7 148089
1853 33 108241 6 109350
1854 33 219375 5 220066
1855 37 186505 6 187450
1856 4 209034 6 209970
1857 23 132703 8 133548
1858 2 97396 5 98165
1859 23 16275 8 17098
1860 4 54207 7 54868
1861 33 7954 6 8270
1862 22 92421 6 92975
1863 23 204731 8 204995
1864 61 219113 7 219298
1865 33 191750 7 192157
1866 20 61510 4 62292
1867 23 97279 8 97449
1868 22 57323 4 57521
1869 33 140533 7 141307
1870 38 183013 6 183988
1871 38 232769 8 233275
1872 52 103151 7 103922
1873 20 114962 5 115520
1874 33 96437 7 96608
1875 33 168940 5 169740
1876 20 53398 5 54207
1877 33 179499 7 179668
1878 23 169419 7 170065
1879 23 51411 8 51923
1880 33 195917 4 196908
1881 2 197423 6 198207
1882 52 128261 7 129030
1883 27 95503 4 95731
1884 4 117502 7 117951
1885 4 66012 7 66676
1886 38 149700 7 150396
1887 61 203596 4 204068
1888 20 194145 7 194390
1889 61 49971 5 50829
1890 61 196638 6 197397
1891 61 66324 6 67215
1892 33 148633 7 149178
1893 52 212579 6 213571
1894 61 134354 6 134815
1895 22 182253 6 183138
1896 61 117195 7 117362
1897 61 68072 7 68350
1898 49 93928 7 94115
1899 37 207200 8 207584
1900 49 201994 7 202168
1901 22 9290 5 10280
1902 38 133093 7 133563
1903 61 124844 5 125687
1904 2 88914 5 89749
1905 2 89749 5 90156
1906 22 61739 5 62365
1907 4 225697 6 226367
1908 52 198358 6 198689
1909 27 167822 5 168575
1910 38 216718 6 216997
1911 2 187576 6 188535
1912 20 5476 6 6002
1913 20 110887 6 111095
1914 37 147645 8 148437
1915 23 58173 7 59050
1916 49 218523 8 219239
1917 20 218371 6 219183
1918 38 163968 6 164674
1919 61 72332 6 72949
1920 61 110041 7 110848
1921 49 180647 4 181326
1922 20 215233 5 216039
1923 38 103928 8 104512
1924 22 125388 5 126352
1925 20 136547 7 137177
1926 33 81432 6 82001
1927 2 56544 6 57365
1928 38 82247 7 83018
1929 20 35548 5 36197
1930 37 43145 5 43988
1931 22 133217 6 133988
1932 61 198358 6 199297
1933 20 55876 5 56862
1934 52 226125 6 226581
1935 49 19683 7 20446
1936 61 26202 7 26531
1937 52 71063 6 71421
1938 2 93558 6 94372
1939 33 216778 7 217413
1940 27 64856 6 65805
1941 38 137755 8 138309
1942 23 142745 7 143120
1943 33 163064 7 163957
1944 4 216894 6 217856
1945 20 227235 5 227449
1946 20 25007 6 25349
1947 38 239490 6 240298
1948 52 18972 7 19360
1949 49 227235 8 227903
1950 33 132283 7 133217
1951 52 131014 7 131433
1952 2 139023 6 139450
1953 38 51411 6 52159
1954 4 100787 6 101117
1955 33 216039 4 216778
1956 2 221997 6 222324
1957 49 36214 8 37031
1958 23 83257 7 83877
1959 38 166858 5 167118
1960 4 166829 7 167730
1961 33 76097 6 76231
1962 23 175492 8 176470
1963 2 218523 5 219524
1964 2 16884 4 17333
1965 49 97078 7 97901
1966 38 62590 6 63511
1967 38 118895 7 119185
1968 20 195673 4 196620
1969 61 214080 5 214836
1970 61 242865 4 243648
1971 37 2020 6 2385
1972 37 12166 6 13145
1973 23 159434 6 159726
1974 22 120814 5 120937
1975 23 128261 8 128754
1976 37 182165 7 182809
1977 52 113745 7 114449
1978 27 211347 6 212256
1979 49 225697 7 226125
1980 27 104606 6 105355
1981 2 45041 5 46016
1982 20 233203 5 234258
1983 33 14484 4 14789
1984 2 92421 6 93296
1985 37 76097 8 76930
1986 4 94200 7 94499
1987 2 244297 5 244949
1988 61 171461 5 171797
1989 23 199297 8 200279
1990 61 120120 6 120544
1991 38 43444 8 44221
1992 20 234258 7 235059
1993 37 357 7 930
1994 2 66797 5 66944
1995 2 42257 5 42980
1996 20 53119 7 53398
1997 37 122097 6 122691
1998 2 246000 5 246523
1999 61 21119 6 21867
2000 49 103151 7 103880
2001 4 197423 5 197804
2002 61 10055 6 10746
2003 52 45041 7 46002
2004 37 61739 7 62160
2005 61 10746 4 11350
2006 61 183995 7 184772
2007 2 35171 5 35557
2008 2 65340 5 65876
2009 4 2516 6 2958
2010 22 208155 6 208955
2011 2 148633 5 149098
2012 2 139594 6 140365
2013 61 38695 7 39103
2014 49 175492 6 176168
2015 61 242144 7 242865
2016 23 81713 8 82549
2017 52 49363 4 50142
2018 23 121784 7 122543
2019 61 3115 5 3780
2020 4 79537 7 79756
2021 33 18580 7 19121
2022 52 167822 7 168421
2023 4 152160 6 152678
2024 4 1026 7 1874
2025 37 197423 8 198219
2026 23 63337 8 64284
2027 2 20378 6 21048
2028 23 39550 7 40544
2029 33 222411 7 223246
2030 33 86054 6 86722
2031 20 107740 4 108576
2032 49 176168 8 177013
2033 33 133858 6 134667
2034 22 227665 5 228374
2035 2 118344 6 118957
2036 27 71910 5 72735
2037 22 230734 5 231239
2038 52 10928 6 11641
2039 20 178361 5 179135
2040 2 175256 6 176223
2041 33 77955 7 78872
2042 22 175492 5 176366
2043 52 231713 7 232551
2044 33 76231 6 77091
2045 4 41411 6 41762
2046 20 151026 4 151929
2047 37 3601 5 4319
2048 61 194145 7 194816
2049 52 60812 7 61765
2050 61 44875 7 45678
2051 2 76204 5 77093
2052 33 123200 4 123630
2053 37 70245 7 70581
2054 23 172410 8 173363
2055 52 103928 6 104919
2056 61 19090 7 19683
2057 61 6225 7 7025
2058 23 119548 5 119745
2059 20 120747 7 121732
2060 20 127599 4 128107
2061 37 26730 8 27344
2062 2 10746 6 11356
2063 49 103880 8 104207
2064 23 43640 5 44068
2065 2 24599 5 25574
2066 20 62658 5 63498
2067 38 230506 8 231046
2068 23 94200 7 95104
2069 61 73520 8 74124
2070 49 116793 8 117502
2071 22 73520 6 74078
2072 61 172999 5 173657
2073 33 36884 7 37027
2074 33 84017 5 84836
2075 33 21282 5 22045
2076 37 107167 7 107921
2077 33 212960 4 213735
2078 61 95503 7 96288
2079 23 138030 5 138373
2080 22 38695 5 39113
2081 52 72332 7 73321
2082 61 245273 7 245969
2083 4 8254 5 8821
2084 2 23291 4 23584
2085 33 29634 4 30247
2086 61 18893 4 19090
2087 2 179250 6 179965
2088 61 39103 6 39780
2089 49 212579 8 213409
2090 2 168593 4 168898
2091 20 103151 5 103522
2092 38 113745 7 114048
2093 33 0 7 149
2094 4 5100 7 5581
2095 38 148210 7 149140
2096 22 24599 5 24792
2097 27 53398 5 54160
2098 20 58602 5 59316
2099 37 75406 7 76035
2100 38 42582 8 43444
2101 23 148410 5 149348
2102 37 220922 4 221535
2103 22 81432 5 82184
2104 2 180606 6 180858
2105 22 99315 6 100067
2106 2 206412 6 206757
2107 33 190301 5 190622
2108 61 23291 6 24232
2109 20 32327 5 33110
2110 2 57365 5 58082
2111 20 183995 6 184426
2112 38 48013 8 48474
2113 20 10451 6 10928
2114 38 56544 6 56817
2115 22 148336 6 148703
2116 22 79222 5 79578
2117 52 41411 5 41656
2118 61 122373 6 123135
2119 52 220922 7 221687
2120 27 47157 5 47921
2121 52 84758 6 85732
2122 33 6225 7 7047
2123 27 27759 5 28684
2124 38 29443 7 29909
2125 4 211842 4 212709
2126 23 158203 6 158520
2127 37 5476 7 6179
2128 49 200539 8 200730
2129 2 16670 4 16884
2130 33 16321 6 16553
2131 38 217905 7 218366
2132 2 161975 5 162780
2133 22 185284 4 185929
2134 20 63815 4 64653
2135 33 13331 5 14042
2136 20 149700 6 150680
2137 33 45909 6 46362
2138 52 189783 6 190737
2139 52 43592 7 43739
2140 33 185068 6 185933
2141 38 5476 8 6239
2142 49 211347 7 212300
2143 4 171461 6 172209
2144 38 120019 7 120377
2145 38 357 8 995
2146 38 121376 7 121515
2147 33 111487 5 111851
2148 61 131494 6 132371
2149 49 210964 7 211347
2150 22 87457 5 88016
2151 27 93558 6 93832
2152 61 97271 6 98382
2153 61 28584 8 29025
2154 52 2214 6 2647
2155 20 52263 7 53119
2156 22 223861 6 224401
2157 20 209507 5 210207
2158 33 129371 6 130098
2159 52 71421 7 71933
2160 33 143766 7 144347
2161 22 177013 6 177870
2162 22 192180 6 192353
2163 2 201477 6 201994
2164 33 192966 4 193246
2165 38 36338 7 37252
2166 2 116753 6 117542
2167 27 236996 5 237369
2168 37 169019 8 169613
2169 61 121440 4 121784
2170 33 82001 6 82576
2171 27 200539 6 200793
2172 33 38596 6 38937
2173 23 88329 7 88475
2174 20 236836 6 237567
2175 27 123361 6 124249
2176 4 96288 6 97075
2177 61 50829 6 51411
2178 61 75056 6 75725
2179 38 24232 8 25046
2180 52 8270 6 8961
2181 61 164009 8 164795
2182 20 173365 7 174129
2183 22 62417 6 62606
2184 61 191579 8 192180
2185 52 169419 7 170349
2186 20 239018 5 239649
2187 20 163064 6 163543
2188 4 11350 7 12181
2189 52 195917 5 196070
2190 20 107140 7 107491
2191 20 13494 5 14275
2192 4 40684 7 41007
2193 38 140533 7 141298
2194 20 174129 6 175109
2195 61 184772 6 185209
2196 38 59316 8 59507
2197 52 172899 5 173408
2198 4 74773 5 75611
2199 20 82247 6 82837
2200 38 227318 8 228192
2201 20 41411 5 41740
2202 2 244949 5 245844
2203 37 104980 8 105569
2204 37 123200 7 124155
2205 38 225674 6 226324
2206 61 112905 8 113745
2207 52 226581 7 227387
2208 61 100059 6 100521
2209 2 54792 6 55099
2210 20 229697 7 230506
2211 49 230703 7 231072
2212 38 20093 7 21044
2213 33 167129 6 168175
2214 61 187840 7 188567
2215 61 22667 5 23291
2216 23 2949 8 3535
2217 61 186456 7 187028
2218 2 159617 5 160523
2219 37 100521 7 101421
2220 61 220128 7 221088
2221 23 134324 7 134632
2222 23 239490 8 240390
2223 61 4967 5 5321
2224 23 233279 5 233582
2225 27 216718 6 217383
2226 2 86206 5 86995
2227 20 69824 5 70843
2228 4 232206 7 233167
2229 23 65309 8 65599
2230 27 45044 5 45320
2231 27 166807 6 167643
2232 4 61526 6 62319
2233 22 0 6 478
2234 4 145286 4 145435
2235 33 51728 7 52701
2236 23 106851 7 106976
2237 20 91797 5 92538
2238 27 60040 4 60670
2239 23 72332 7 72831
2240 37 225674 7 226437
2241 20 144977 5 145961
2242 23 49158 7 49419
2243 20 189783 7 190632
2244 61 194816 6 195644
2245 4 233198 7 233344
2246 20 153873 6 154775
2247 23 181351 8 181701
2248 2 149700 5 150577
2249 22 234258 5 235061
2250 49 122651 7 122876
2251 33 189783 6 190301
2252 61 101370 6 101914
2253 38 13762 7 14658
2254 2 62267 5 62669
2255 20 217172 6 217782
2256 52 133371 7 134197
2257 61 211091 5 211409
2258 49 224732 7 225697
2259 20 75149 6 75406
2260 2 27540 4 28299
2261 23 72831 6 73702
2262 37 19179 8 19838
2263 38 220128 7 221006
2264 20 161296 7 162243
2265 23 136723 8 137508
2266 33 155132 7 155858
2267 33 235800 6 236149
2268 27 177013 5 177898
2269 2 188567 6 189339
2270 61 75725 6 76204
2271 22 23291 6 23793
2272 38 177013 6 177284
2273 52 144347 7 145261
2274 20 223958 6 224946
2275 4 139023 6 139224
2276 20 226446 7 227235
2277 20 60805 6 61510
2278 38 76912 8 77618
2279 61 214990 5 215509
2280 61 223861 8 224241
2281 33 220922 7 221571
2282 2 131014 5 131857
2283 61 5476 8 6225
2284 52 0 6 232
2285 52 35548 7 36110
2286 2 61526 4 62267
2287 49 63412 6 63655
2288 38 39550 7 40381
2289 20 121732 7 122651
2290 37 148633 7 148880
2291 61 58949 4 59540
2292 38 54231 7 54476
2293 4 65493 7 65685
2294 61 80622 6 81093
2295 33 26376 6 26730
2296 2 113745 6 113928
2297 37 128402 5 128591
2298 2 217905 6 218516
2299 2 240363 6 241111
2300 37 99870 6 100032
2301 4 242144 7 243001
2302 38 164795 8 165586
2303 2 232769 6 233279
2304 49 119548 7 119941
2305 20 200266 7 201116
2306 2 142745 6 143035
2307 2 3115 5 3815
2308 4 34484 5 34647
2309 22 3601 5 4363
2310 4 217905 6 218849
2311 4 87457 5 87706
2312 20 221997 5 222687
2313 20 206848 4 207272
2314 2 110041 4 110883
2315 61 53398 5 54181
2316 4 184346 5 185272
2317 2 17346 6 18159
2318 61 37867 6 38695
2319 49 117502 7 118152
2320 20 109235 5 109435
2321 4 35548 5 36181
2322 4 127579 7 127794
2323 37 108222 8 108852
2324 2 114795 6 115589
2325 52 10196 6 10527
2326 23 168175 8 168953
2327 33 46767 7 47724
2328 33 71882 5 72144
2329 33 220128 5 220922
2330 33 213880 6 214135
2331 61 167983 4 168258
2332 61 165581 8 166009
2333 37 239018 8 239985
2334 4 51411 7 51881
2335 37 28963 8 29712
2336 20 138221 6 139124
2337 38 201506 8 202435
2338 61 141680 4 141896
2339 49 169570 8 170531
2340 37 53398 7 54016
2341 4 179829 7 180567
2342 20 172040 5 172914
2343 52 62417 5 63236
2344 38 2020 8 2374
2345 20 86628 6 87457
2346 4 244297 6 245127
2347 20 36997 5 37725
2348 2 44310 6 45024
2349 37 118344 6 118832
2350 20 172914 6 173365
2351 61 69866 7 70462
2352 20 100961 5 101310
2353 4 203515 6 203828
2354 61 215509 8 216384
2355 20 195062 6 195350
2356 37 208155 8 208930
2357 33 79222 5 79690
2358 61 188567 7 189359
2359 27 191579 5 192413
2360 37 62417 7 62981
2361 33 116793 6 117277
2362 33 82576 6 82783
2363 61 160621 7 161309
2364 61 26531 5 27007
2365 61 224241 5 224868
2366 38 38687 8 39049
2367 27 117502 6 118271
2368 2 136547 5 137388
2369 22 36884 5 37757
2370 33 40269 7 40721
2371 61 114445 6 115163
2372 2 87457 6 88200
2373 4 77029 7 77772
2374 49 136998 8 137306
2375 33 119865 6 120019
2376 52 73885 6 74601
2377 33 73114 7 73337
2378 20 8176 6 8569
2379 52 149930 5 150624
2380 38 117502 8 117982
2381 52 87695 6 88401
2382 33 175256 7 175412
2383 33 232547 5 232990
2384 27 43350 6 44287
2385 61 199769 4 200382
2386 2 182253 5 183039
2387 20 196638 7 197423
2388 20 199297 5 199769
2389 20 86206 5 86468
2390 61 103962 6 104159
2391 37 191579 5 192231
2392 49 223554 8 224170
2393 37 57837 7 58422
2394 20 220898 5 221623
2395 2 66020 6 66797
2396 20 115520 6 116364
2397 4 206757 7 207172
2398 52 75593 6 76505
2399 33 148289 4 148427
2400 2 37202 5 38112
2401 20 119201 5 119999
2402 4 142745 7 143277
2403 20 128261 6 129061
2404 37 70581 8 70946
2405 4 73798 7 74595
2406 2 213836 5 214210
2407 20 124543 4 125247
2408 37 199297 8 200068
2409 49 206005 7 206777
2410 22 55191 6 56155
2411 37 201994 5 202805
2412 2 85502 6 86041
2413 61 146870 6 147686
2414 23 26730 7 27386
2415 2 23584 4 24254
2416 4 97445 7 98322
2417 20 154775 6 155488
2418 20 152160 6 152947
2419 2 128261 6 128402
2420 20 11616 6 12497
2421 52 204731 7 205054
2422 20 216237 7 216798
2423 20 48013 5 48807
2424 4 106748 6 107332
2425 52 148866 6 149758
2426 27 23291 6 23641
2427 33 166009 5 167063
2428 4 223246 7 224122
2429 33 149409 7 149864
2430 52 120019 6 120358
2431 49 125329 8 126249
2432 20 357 6 836
2433 22 130086 5 130545
2434 23 231713 7 231924
2435 27 42853 6 43251
2436 33 140393 7 140533
2437 4 28963 7 29601
2438 61 159394 6 159879
2439 33 17733 6 18580
2440 33 10256 5 10698
2441 2 133093 5 133559
2442 61 244469 7 245273
2443 23 234473 6 234636
2444 4 224241 6 225052
2445 52 123284 7 124251
2446 49 124365 8 125197
2447 61 147686 6 148633
2448 33 28963 4 29634
2449 2 160621 6 161341
2450 2 90885 6 91712
2451 27 136998 4 137385
2452 20 245316 7 245607
2453 37 66849 7 67608
2454 22 122651 5 123300
2455 27 16670 5 16927
2456 61 171797 6 172583
2457 27 82085 6 82894
2458 2 71063 6 71910
2459 20 116364 5 116529
2460 23 219298 7 219528
2461 52 153873 7 154766
2462 37 38457 6 38688
2463 23 161177 7 162079
2464 2 33733 5 34501
2465 20 239649 4 240492
2466 33 221997 7 222411
2467 4 190931 4 191337
2468 4 45041 6 45986
2469 52 42582 6 43557
2470 38 223861 6 224312
2471 38 123925 8 124323
2472 20 66253 7 67072
2473 4 13494 5 14055
2474 23 11350 6 12170
2475 37 41740 7 42143
2476 38 79537 7 79865
2477 61 154421 6 155166
2478 4 10451 7 11050
2479 33 203515 7 204368
2480 33 23291 6 23883
2481 27 70581 5 71128
2482 20 166080 7 166969
2483 2 165581 6 165751
2484 37 241290 5 242111
2485 37 146870 7 147018
2486 61 180019 4 180358
2487 52 50829 6 51617
2488 20 4211 6 5100
2489 20 184426 6 184769
2490 2 209034 6 209770
2491 52 88914 7 89168
2492 33 182289 5 182503
2493 2 111487 5 112361
2494 4 221827 7 222610
2495 33 192157 7 192787
2496 61 225850 4 226535
2497 33 66012 6 66849
2498 4 47557 4 47953
2499 2 166009 6 166375
2500 33 103500 5 104293
2501 61 20436 6 21119
2502 38 80622 8 81410
2503 20 43592 6 44015
2504 61 136046 5 136723
2505 61 167129 8 167983
2506 33 227054 7 227769
2507 23 93074 7 93906
2508 4 123730 7 124566
2509 4 106040 5 106229
2510 27 7025 6 7982
2511 20 104606 5 104989
2512 20 64653 7 64784
2513 52 54207 6 55006
2514 23 242144 7 243024
2515 2 195644 5 196359
2516 20 28294 5 29184
2517 52 29762 5 30510
2518 2 152160 5 153075
2519 2 122688 6 123408
2520 52 236996 6 237730
2521 37 193557 4 194330
2522 37 63092 6 63759
2523 20 2516 6 2949
2524 52 9290 7 10077
2525 23 33733 6 34509
2526 52 205794 6 206323
2527 61 105531 7 106040
2528 38 89972 8 90219
2529 22 163064 6 163796
2530 2 191779 6 192683
2531 27 132283 6 133159
2532 37 242236 6 242383
2533 37 109302 5 109699
2534 22 93558 5 93741
2535 52 223554 6 224463
2536 33 79690 5 80519
2537 2 212943 6 213836
2538 33 8270 5 8927
2539 38 198358 4 199245
2540 20 132703 7 133506
2541 20 142986 6 143600
2542 22 21282 6 22119
2543 4 58949 6 59431
2544 2 80622 6 81470
2545 37 89972 6 90868
2546 20 184769 5 185284
2547 33 107329 6 107457
2548 49 71434 7 72111
2549 23 29443 6 29762
2550 4 165581 7 165973
2551 61 231297 5 231689
2552 4 133858 7 134702
2553 22 226125 5 226964
2554 20 195350 5 195673
2555 27 231689 5 232645
2556 37 140158 7 140877
2557 20 56862 6 57837
2558 61 235347 5 235484
2559 33 207584 7 208311
2560 61 81093 5 81539
2561 27 95051 6 95269
2562 33 187840 6 188130
2563 33 843 5 1670
2564 33 218327 6 219137
2565 4 116105 5 116453
2566 38 167129 8 167905
2567 33 63092 4 63300
2568 61 49294 6 49971
2569 52 175492 6 176492
2570 52 124543 6 125298
2571 38 136723 6 137645
2572 38 211347 6 212323
2573 49 30028 5 30921
2574 49 74773 7 74952
2575 33 37031 6 37869
2576 4 17733 6 18608
2577 33 208311 6 208858
2578 37 20436 6 20775
2579 38 92421 6 93088
2580 38 0 7 275
2581 23 184426 8 184745
2582 33 136998 7 137755
2583 61 33110 6 33733
2584 22 86206 5 87058
2585 2 236105 6 236851
2586 27 244936 6 245813
2587 37 148880 6 149150
2588 33 125005 7 125329
2589 27 62150 6 62528
2590 33 161177 6 161975
2591 27 181431 6 182274
2592 38 246405 8 247242
2593 52 135555 7 135895
2594 20 191579 4 192244
2595 2 214293 5 214682
2596 49 73798 7 74569
2597 61 232552 8 233198
2598 2 168898 5 169419
2599 20 88329 5 89060
2600 27 39036 6 39659
2601 38 61739 6 62570
2602 49 245447 4 246000
2603 22 159394 5 159607
2604 49 210207 7 210728
2605 37 18908 5 19179
2606 33 241290 7 241537
2607 23 239262 7 239464
2608 2 227926 6 228126
2609 4 48013 6 49008
2610 20 2949 5 3505
2611 38 228192 7 228807
2612 37 42257 6 43036
2613 23 31602 8 31970
2614 37 212579 5 213369
2615 20 100296 6 100961
2616 38 106851 7 107633
2617 61 204068 6 204227
2618 27 3601 6 4347
2619 33 214980 7 215858
2620 38 169019 8 170011
2621 20 109435 5 109975
2622 27 198358 6 198732
2623 4 230506 6 230888
2624 27 86628 5 87318
2625 33 80622 4 81258
2626 27 102639 4 102790
2627 2 128402 5 129078
2628 20 139594 5 140158
2629 2 132283 6 133093
2630 23 127579 8 127844
2631 20 183013 4 183531
2632 61 100521 5 100938
2633 20 165581 6 166080
2634 4 132283 6 132653
2635 38 21282 7 22112
2636 23 50453 8 51403
2637 4 231297 6 232151
2638 20 59316 5 59959
2639 4 136547 4 137102
2640 52 216843 7 217599
2641 52 59316 7 59933
2642 2 133559 5 134306
2643 52 241290 7 241659
2644 61 29294 6 29447
2645 23 56743 7 57147
2646 37 10928 6 11735
2647 33 90885 7 91419
2648 33 49363 5 49662
2649 33 16553 5 16681
2650 61 228390 6 228798
2651 20 163985 7 164745
2652 33 98351 7 99165
2653 20 179938 6 180182
2654 37 240492 6 241034
2655 38 128261 8 129091
2656 52 53398 7 53711
2657 33 183013 4 184004
2658 33 130941 4 131647
2659 23 103151 8 104057
2660 38 46767 6 46895
2661 61 43350 7 43490
2662 2 169419 6 169764
2663 20 134324 7 134665
2664 52 131494 7 132418
2665 61 48013 4 48371
2666 52 89518 6 89859
2667 33 106851 7 107329
2668 52 224732 7 225720
2669 2 147507 6 148326
2670 61 239018 5 239966
2671 49 87695 8 87977
2672 38 72550 8 72741
2673 49 121440 7 122117
2674 38 180182 6 180917
2675 20 140158 7 140953
2676 52 191579 7 192401
2677 23 228271 6 228782
2678 52 102639 7 102992
2679 20 206006 6 206848
2680 20 188615 7 189156
2681 61 132772 5 133198
2682 2 7951 5 8254
2683 37 34484 6 34727
2684 61 96288 5 97271
2685 52 31832 7 32585
2686 61 155166 7 156090
2687 33 128261 4 129371
2688 4 170536 6 171322
2689 4 186904 6 187383
2690 33 33110 4 34108
2691 61 87457 4 88326
2692 4 63751 7 63953
2693 4 31839 6 32609
2694 2 135846 6 136107
2695 23 135555 7 136061
2696 27 149700 4 150330
2697 33 31524 7 31719
2698 61 100938 6 101370
2699 61 85393 5 85685
2700 27 29977 6 30795
2701 20 45044 5 45520
2702 61 47043 6 48013
2703 4 67950 7 68740
2704 23 166807 6 167143
2705 37 77597 7 78564
2706 61 218301 4 219113
2707 4 149132 7 149889
2708 49 126249 8 126798
2709 52 93544 6 93732
2710 52 90885 6 91479
2711 22 74124 5 74819
2712 23 209669 8 210474
2713 20 85393 5 86206
2714 20 54925 5 55876
2715 23 234144 7 234348
2716 23 35548 7 36307
2717 37 44875 6 45678
2718 38 200266 6 201022
2719 61 129229 7 130086
2720 27 88530 6 89278
2721 2 14484 6 14726
2722 33 55191 7 55926
2723 33 4342 6 5315
2724 2 126842 4 127579
2725 23 226928 7 227560
2726 23 99165 7 99651
2727 2 236851 5 237834
2728 2 241290 6 241893
2729 20 84942 7 85393
2730 2 91712 6 92421
2731 37 50453 7 51005
2732 23 7025 7 7862
2733 61 204731 7 205449
2734 27 163543 6 164255
2735 61 17291 6 18015
2736 2 192966 6 193831
2737 20 836 5 1641
2738 49 241526 8 241693
2739 49 163543 5 164255
2740 37 216718 7 217030
2741 2 79222 4 79537
2742 33 115510 4 116444
2743 20 223554 6 223958
2744 52 64856 7 65854
2745 22 4363 6 4531
2746 33 239207 7 240034
2747 52 96288 7 96584
2748 37 142745 7 143545
2749 4 173365 6 174182
2750 22 142745 6 143515
2751 37 131014 5 131811
2752 27 63092 4 63449
2753 22 106851 6 107629
2754 52 39036 7 39582
2755 22 172999 5 173809
2756 20 217782 7 218371
2757 49 245316 7 245444
2758 61 202851 4 203596
2759 27 45900 6 46134
2760 49 120019 7 120216
2761 52 14844 7 15548
2762 4 71901 7 72176
2763 61 209578 6 209983
2764 37 183013 7 183870
2765 27 122651 5 122808
2766 49 231297 7 231506
2767 52 148089 7 148372
2768 37 190301 8 190719
2769 20 228736 7 229697
2770 27 147371 5 147524
2771 23 29762 8 30483
2772 49 195062 7 196018
2773 2 79537 5 80597
2774 37 2516 6 2978
2775 61 170536 8 171461
2776 61 201477 7 201960
2777 2 216384 6 216925
2778 4 214980 6 215348
2779 4 164665 7 165387
2780 33 112231 5 113196
2781 52 137755 6 138005
2782 2 39036 5 39636
2783 52 221997 7 222875
2784 52 200076 6 200860
2785 4 210437 7 210973
2786 22 220150 5 220989
2787 4 89749 6 90569
2788 33 102639 5 103500
2789 33 62150 6 62723
2790 27 79222 5 79951
2791 49 55194 8 55555
2792 23 24232 7 25089
2793 2 63350 5 64078
2794 37 177013 6 177458
2795 23 123925 7 124799
2796 52 41740 7 42174
2797 4 91739 6 92452
2798 33 99165 7 99870
2799 61 131024 5 131494
2800 23 155166 7 155943
2801 38 150396 7 151261
2802 27 114042 6 114470
2803 20 17346 6 18149
2804 33 175412 5 176011
2805 49 48371 6 49253
2806 49 226125 8 227076
2807 33 159222 6 159952
2808 23 194816 7 195597
2809 61 240363 6 241117
2810 38 64856 7 65602
2811 38 234144 7 234511
2812 4 67687 6 67950
2813 23 20093 7 20937
2814 4 239018 7 239811
2815 4 85393 7 86235
2816 38 133563 7 134400
2817 20 147371 6 147933
2818 20 168593 6 169544
2819 33 232990 6 233796
2820 23 55191 7 55939
2821 37 217030 8 218002
2822 2 153075 6 154026
2823 61 209983 6 210437
2824 27 131014 6 131312
2825 27 56743 6 57693
2826 61 176227 6 176887
2827 33 117277 7 117947
2828 33 120019 6 120814
2829 2 185209 5 185791
2830 37 52526 7 52806
2831 61 86628 7 87096
2832 38 124365 6 124927
2833 61 135555 6 135748
2834 37 159617 8 160378
2835 20 146876 7 147371
2836 23 52263 8 52860
2837 4 103307 5 104100
2838 23 92538 8 93074
2839 37 137755 8 138082
2840 23 54330 7 55160
2841 37 20093 5 20216
2842 52 121732 5 122062
2843 61 27759 6 28584
2844 61 106040 6 106748
2845 33 10928 6 11620
2846 61 95051 6 95503
2847 49 37031 8 37656
2848 49 168710 7 169570
2849 20 29184 6 29972
2850 4 124844 6 125190
2851 61 200539 5 201477
2852 33 180647 6 181351
2853 27 107329 5 107592
2854 4 144347 6 144822
2855 27 99267 6 100040
2856 23 201506 7 202358
2857 33 177350 5 177907
2858 52 39780 6 40698
2859 4 160621 6 161460
2860 52 59959 7 60812
2861 27 227926 6 228385
2862 2 83779 6 84369
2863 33 164665 6 164867
2864 61 152607 6 153099
2865 27 226581 6 227536
2866 61 142745 5 143766
2867 2 74571 4 74773
2868 37 103307 7 104004
2869 37 121376 4 122050
2870 37 116364 7 117270
2871 22 135748 5 136591
2872 2 47557 5 47762
2873 27 109302 6 109770
2874 33 232206 5 232547
2875 49 122880 8 123730
2876 38 4342 6 5274
2877 22 31524 5 31848
2878 49 93259 7 93928
2879 61 8569 6 9296
2880 23 224732 8 225457
2881 38 131494 8 132283
2882 37 158582 7 159507
2883 4 155488 6 155655
2884 20 126853 5 127378
2885 22 56743 6 56931
2886 37 29762 4 30492
2887 38 41411 5 41788
2888 52 64078 6 64841
2889 23 60805 7 61417
2890 33 66849 6 67687
2891 2 118957 5 119868
 调度评估结果
1. 任务等待评估 (Σ 等待×权重): 3500380858
2. 任务完成评估 (最大完成时间): 247242
3. GPU显存空闲评估 (平均空闲): 6718.25 GB/时间片
 额外统计
已调度任务               : 2891/2891
平均等待时间            : 116592.05
各服务器任务分布      : 服务器2=301, 服务器4=258, 服务器20=340, 服务器22=111, 服务器23=205, 服务器27=158, 服务器33=346, 服务器37=250, 服务器38=191, 服务器49=156, 服务器52=194, 服务器61=381
