1 20 57421 6 57792
2 20 25017 7 25357
3 55 6572 6 7064
4 59 10338 6 10760
5 54 94130 6 94543
6 56 44791 5 45821
7 20 28174 6 28312
8 38 15609 8 16601
9 51 81851 7 82222
10 38 51242 8 52101
11 41 49881 7 50465
12 41 27998 8 28832
13 51 52971 4 53958
14 5 53175 7 53916
15 32 60435 7 61413
16 7 51768 6 52006
17 47 83779 5 84260
18 41 70279 8 70795
19 59 42651 6 43560
20 54 83315 5 84472
21 2 78929 8 79138
22 59 5757 5 6531
23 19 65034 6 66002
24 2 93726 5 94165
25 41 10390 8 10821
26 51 65259 5 65623
27 20 65618 8 65919
28 7 52051 5 52356
29 51 3969 7 4372
30 51 84614 7 85211
31 14 66735 6 67263
32 20 64788 7 65618
33 38 35998 6 36229
34 20 63400 6 63907
35 54 3424 6 4259
36 19 61792 6 61944
37 41 8183 7 8436
38 51 70290 7 70577
39 56 14393 5 14615
40 32 44017 8 44640
41 54 26764 6 27083
42 37 32314 6 32834
43 51 42623 7 43534
44 54 4508 5 5333
45 37 52606 7 53188
46 19 69903 5 70232
47 51 13566 7 14405
48 20 24720 8 25017
49 32 24565 8 24722
50 32 21952 7 22266
51 20 74715 8 75447
52 2 41463 6 42185
53 32 34581 8 35317
54 7 44045 5 44719
55 59 9960 5 10291
56 2 58650 8 59294
57 38 87816 7 88386
58 32 93339 7 93557
59 32 70348 7 70773
60 37 64533 6 65259
61 41 90058 8 90947
62 51 45789 6 46555
63 2 25017 7 25969
64 38 12151 8 12844
65 56 61792 7 62707
66 5 42185 7 43116
67 37 88917 7 89382
68 37 41307 5 42103
69 37 30770 7 31459
70 54 21903 6 22082
71 54 57937 5 58413
72 56 69864 6 70595
73 2 18851 7 19561
74 2 15143 5 15609
75 41 48692 7 49407
76 5 16272 7 17101
77 37 35045 7 36000
78 56 3917 8 4279
79 51 82835 7 83627
80 20 21679 6 22532
81 19 67190 6 67518
82 20 18851 8 19697
83 51 72818 7 73436
84 59 14593 6 15255
85 51 33802 6 34273
86 41 23935 7 24918
87 41 60560 7 61247
88 59 93465 6 94254
89 59 82123 4 82878
90 51 17869 6 18742
91 54 6572 6 7019
92 37 54391 6 55101
93 32 15609 6 16504
94 20 54602 6 55240
95 20 88046 6 88884
96 38 52101 7 52389
97 2 89805 5 90650
98 37 85309 7 85987
99 7 33683 5 34161
100 54 50359 6 51140
101 20 11216 5 12151
102 19 26264 6 27061
103 41 21646 8 22265
104 37 2484 5 2943
105 2 12657 8 13400
106 2 86152 7 86631
107 59 77890 6 78199
108 20 92906 8 93339
109 37 11150 6 12086
110 20 23935 6 24720
111 7 78161 5 78923
112 54 48514 6 49051
113 56 19487 7 20254
114 54 34270 6 34865
115 37 57724 7 58715
116 54 72611 6 72770
117 7 85309 5 86382
118 5 84578 7 84728
119 38 73804 8 74451
120 20 350 6 897
121 41 41146 8 41750
122 20 7879 5 8316
123 19 19487 5 20327
124 56 41007 8 41795
125 51 44946 7 45652
126 32 25017 8 25934
127 56 74998 8 75710
128 5 62782 7 63607
129 38 91769 8 92472
130 37 23243 5 23991
131 41 78605 7 79469
132 5 43225 7 44110
133 2 11532 4 12657
134 7 68979 6 69987
135 56 46858 8 47588
136 51 70933 7 71834
137 38 84387 6 85172
138 51 12201 7 12465
139 20 78857 8 79327
140 41 10994 7 11430
141 56 64259 8 64985
142 7 6615 6 7458
143 56 61124 7 61792
144 20 70279 7 70980
145 37 72033 5 72818
146 41 14393 7 15379
147 20 82123 8 82835
148 54 14456 6 14887
149 54 32314 4 33433
150 7 65034 5 65285
151 20 66496 7 67588
152 2 53816 7 54202
153 2 87255 8 88067
154 56 16624 7 17118
155 20 85427 4 85666
156 56 21165 8 21821
157 32 51871 8 52146
158 32 6572 4 7251
159 37 75785 6 76838
160 2 37264 7 38227
161 2 21982 8 22147
162 41 42388 7 43116
163 32 86986 7 87979
164 38 39642 8 40367
165 7 72657 5 73562
166 20 47807 8 48514
167 51 65758 7 65973
168 37 90374 5 90976
169 19 40019 6 40562
170 37 3758 7 4726
171 51 56436 6 56675
172 37 72818 5 72980
173 54 0 5 548
174 47 91769 6 92546
175 32 10995 5 11874
176 19 76879 6 77183
177 2 25969 7 26392
178 19 20516 6 21351
179 20 63907 7 64259
180 7 70348 6 71192
181 41 81359 7 82114
182 41 73219 8 73936
183 38 45789 8 46255
184 56 79908 8 80523
185 59 60286 5 60765
186 37 76838 7 77671
187 19 68949 5 69878
188 32 49885 7 50560
189 56 58606 7 58842
190 1 74715 6 75436
191 19 79645 6 79908
192 2 6349 8 6615
193 37 68706 6 69570
194 59 63907 5 64793
195 54 56713 6 57542
196 51 86142 6 86437
197 59 85309 5 86386
198 54 19487 4 20019
199 51 93726 7 94043
200 56 89805 8 90514
201 7 23046 6 23906
202 20 14013 7 14824
203 14 48514 6 48982
204 51 48514 6 49330
205 32 9997 8 10995
206 7 14593 6 15424
207 38 47528 6 48514
208 20 31371 5 32057
209 2 90650 8 90982
210 55 31083 5 31587
211 41 91612 7 92414
212 19 38119 4 38660
213 2 76879 7 77274
214 51 57937 7 58727
215 56 47588 7 47985
216 20 6904 7 7879
217 37 49594 6 50359
218 38 41273 5 41658
219 20 897 8 1710
220 41 54765 7 55306
221 2 63446 6 64098
222 55 35543 6 35778
223 32 43574 8 44017
224 47 17118 5 17884
225 20 51257 8 51556
226 20 22532 7 23337
227 40 17788 6 18234
228 2 21859 8 21982
229 32 41921 7 42205
230 56 90514 7 91086
231 38 55872 8 56578
232 37 86928 7 87914
233 20 86589 6 87162
234 32 91334 5 92188
235 38 24565 7 25428
236 54 12086 5 12227
237 54 62099 6 62380
238 38 44017 6 44627
239 14 57224 6 57927
240 19 1097 6 1393
241 56 32951 8 33797
242 32 56945 8 57224
243 21 20962 6 21936
244 19 25017 6 25311
245 20 73180 7 74169
246 37 78401 7 79082
247 37 82979 4 83779
248 32 71168 5 72033
249 19 47588 6 48224
250 7 41795 6 41972
251 20 91901 5 92217
252 51 2753 5 3475
253 59 13976 6 14593
254 32 20037 6 20973
255 41 55872 8 56551
256 32 33522 8 34270
257 2 17297 7 18266
258 5 68544 7 69338
259 32 37200 7 37502
260 1 1481 6 1806
261 32 18012 5 19072
262 56 55872 6 56248
263 7 60286 6 61056
264 56 65919 7 66810
265 38 38760 8 39642
266 20 38119 7 38544
267 59 90939 6 91223
268 51 46858 7 47598
269 54 28596 6 29440
270 7 29519 6 29715
271 32 56218 7 56945
272 37 6572 7 7293
273 38 29490 8 29718
274 54 58715 6 59492
275 1 90514 6 90959
276 20 2580 6 3178
277 37 36274 7 36793
278 41 84387 6 84914
279 32 69556 4 70348
280 59 68504 6 69104
281 37 69864 6 70010
282 19 6615 6 7479
283 51 88832 7 89663
284 19 43225 5 43359
285 7 1947 6 2939
286 7 80725 6 81636
287 56 1710 7 2440
288 47 81359 6 81802
289 20 41606 5 42651
290 38 57792 7 58617
291 56 79155 8 79526
292 19 10508 5 11053
293 2 69864 8 70658
294 59 81108 6 81635
295 37 74715 7 74998
296 19 43359 6 43934
297 51 87979 6 88748
298 38 25526 6 25808
299 59 50041 5 50222
300 19 9960 6 10508
301 41 94952 7 95591
302 1 68949 6 69823
303 20 48514 8 48959
304 54 93231 6 93838
305 19 80373 6 81316
306 20 47528 7 47807
307 20 77882 6 78857
308 54 84914 5 85657
309 37 63439 7 64428
310 19 7479 6 7772
311 7 79908 5 80725
312 20 62588 8 63400
313 59 62782 6 63614
314 20 51556 6 52317
315 2 6615 8 7429
316 20 58395 7 59069
317 56 93231 6 94186
318 54 60286 6 60611
319 38 53215 7 53989
320 20 85666 6 85888
321 5 40620 7 41542
322 51 23243 6 23780
323 41 67350 6 68026
324 38 22120 7 22890
325 59 56218 5 57255
326 2 4089 7 4670
327 32 0 7 149
328 32 41182 7 41921
329 41 35543 7 36274
330 56 56713 7 57629
331 38 59432 7 59984
332 54 64259 6 64673
333 7 87979 6 88548
334 2 22532 7 22942
335 19 46644 6 47448
336 32 53816 8 54374
337 41 30770 7 31302
338 7 91769 6 92431
339 54 68154 6 69007
340 19 0 6 976
341 20 48959 7 49885
342 21 72818 5 73486
343 41 72818 8 73219
344 54 10995 6 11372
345 41 88067 5 89038
346 38 23700 7 24156
347 7 86547 6 87018
348 59 50359 6 51377
349 41 44045 8 44765
350 56 78161 7 79155
351 5 1947 7 2755
352 20 40450 7 41162
353 7 23906 6 24869
354 2 76739 8 76879
355 54 28174 5 28385
356 20 65919 4 66496
357 55 88884 6 89171
358 41 2724 6 3424
359 5 83025 7 83258
360 5 75447 7 76167
361 59 55872 5 56192
362 59 30770 6 31604
363 59 83100 4 83951
364 54 71672 6 72611
365 59 53175 5 53489
366 32 19072 7 20037
367 47 71075 6 71809
368 7 27651 6 28015
369 32 2945 7 3765
370 38 35675 7 35994
371 51 3758 5 3969
372 37 81359 7 82402
373 20 1710 8 2410
374 2 84387 5 85200
375 56 82835 7 83602
376 7 90801 5 91765
377 19 39463 4 40019
378 2 35045 8 35209
379 2 10338 8 10740
380 55 23780 6 24197
381 41 85746 8 86307
382 20 13117 6 14013
383 56 20962 6 21165
384 7 41146 6 41419
385 2 32220 7 32905
386 51 23780 6 24260
387 37 40620 7 41307
388 37 66373 7 67175
389 5 53924 7 54581
390 56 31459 8 32066
391 20 64259 8 64385
392 20 20962 8 21679
393 37 51085 7 51869
394 51 39877 7 40120
395 51 32951 6 33802
396 32 1948 8 2945
397 32 26265 8 26764
398 1 40019 6 40720
399 38 72818 8 73804
400 41 16388 8 16721
401 7 58231 6 58910
402 51 89805 6 90801
403 38 13117 7 14051
404 14 70290 6 71091
405 41 62929 6 63948
406 38 48514 6 49489
407 2 76351 7 76739
408 37 2943 7 3758
409 7 88884 6 89354
410 37 58715 5 59479
411 19 52730 5 53527
412 54 8335 6 8605
413 59 25357 6 25714
414 19 51257 6 52066
415 20 3178 7 4021
416 56 77291 7 78161
417 37 28596 7 29519
418 14 1481 5 1909
419 32 28174 6 29043
420 51 37159 7 37338
421 37 43182 5 44179
422 41 51085 4 52051
423 54 7879 6 8335
424 5 22890 7 23497
425 56 91142 7 92011
426 55 37338 6 38071
427 2 33901 7 34888
428 19 60560 6 60758
429 41 44791 8 45269
430 51 29490 7 30411
431 51 17118 7 17869
432 2 52511 7 53388
433 56 17118 8 17847
434 20 57792 5 58395
435 38 91001 5 91769
436 32 34270 8 34581
437 56 59069 7 59939
438 19 32522 6 33363
439 5 0 7 749
440 56 53816 7 54205
441 37 10842 7 11150
442 55 39642 6 40468
443 56 33797 4 34671
444 37 59479 7 59730
445 41 15609 7 16388
446 2 24565 8 24909
447 14 86986 6 87681
448 7 25017 6 25940
449 32 68092 7 68504
450 20 32522 5 32686
451 20 8316 6 9079
452 41 25969 6 26363
453 2 6166 6 6349
454 7 10338 6 10749
455 37 61594 7 62099
456 20 91612 7 91901
457 59 79469 5 80209
458 38 85309 7 86142
459 38 46858 8 47454
460 32 85666 4 86547
461 20 83928 5 84460
462 59 1947 5 2925
463 37 90976 5 91758
464 54 39308 6 39652
465 5 71897 7 72199
466 20 20032 6 20962
467 32 79327 5 80137
468 20 67588 7 68544
469 2 77941 7 78123
470 19 28596 6 29546
471 37 65259 5 66124
472 37 72980 7 73903
473 56 42623 8 43519
474 56 54374 7 55141
475 38 40450 6 41273
476 19 40620 4 41670
477 54 12657 5 13498
478 5 14615 6 14882
479 32 93034 7 93315
480 59 57255 6 58222
481 41 0 7 511
482 7 4508 5 5333
483 56 32066 5 32951
484 7 50298 5 51245
485 47 63210 6 63341
486 7 66735 6 67108
487 37 14393 7 15218
488 32 48514 7 49420
489 20 72514 8 73180
490 32 13881 7 14302
491 41 9587 5 10390
492 7 26764 6 27497
493 51 85211 7 85922
494 20 6572 7 6904
495 37 62712 7 63439
496 19 87979 6 88904
497 38 17249 7 18038
498 20 72008 8 72514
499 37 40020 6 40620
500 19 55872 5 56436
501 51 64259 7 65029
502 32 45789 4 46095
503 55 66735 6 67137
504 37 9019 7 9252
505 51 52389 7 52880
506 2 3201 7 4089
507 56 51085 7 51849
508 54 13566 6 14456
509 56 9252 7 9994
510 2 2582 8 3201
511 20 17869 6 18851
512 59 69647 6 70146
513 2 80888 6 81647
514 41 68781 8 69647
515 41 68380 7 68781
516 38 4508 7 5043
517 19 92906 6 93754
518 2 1788 7 2582
519 41 16721 8 17345
520 32 44640 8 44848
521 38 58617 7 59432
522 37 49309 6 49594
523 55 90349 6 91332
524 2 65758 8 66735
525 20 30780 6 31074
526 37 57443 7 57724
527 7 13566 6 14527
528 32 30065 4 30770
529 19 59479 4 60560
530 38 19487 8 19791
531 5 52728 7 53085
532 37 53188 7 53632
533 41 64259 8 64533
534 19 2419 6 2610
535 51 36274 7 37159
536 37 68154 7 68706
537 59 36497 6 37237
538 41 20516 6 21505
539 19 2610 5 3292
540 37 31459 5 32278
541 19 70348 6 70568
542 59 15255 6 15877
543 59 37419 5 37677
544 19 37159 4 38110
545 51 24720 7 25640
546 38 37200 6 37720
547 54 65034 6 65841
548 37 79942 4 80063
549 59 26764 4 27651
550 51 50811 7 51456
551 20 35675 6 35998
552 19 13700 4 14023
553 41 45269 7 46157
554 32 21351 5 21733
555 47 49885 5 50633
556 20 27064 7 27213
557 38 8897 7 9277
558 51 39375 7 39851
559 19 32047 5 32381
560 41 48514 7 48692
561 2 44123 7 44946
562 20 16681 7 17249
563 37 93231 7 93930
564 37 7293 6 8183
565 41 3424 7 4425
566 32 83279 7 83453
567 51 69903 7 70078
568 5 93339 7 94330
569 37 83779 7 84387
570 7 28015 5 29097
571 41 57235 8 58088
572 59 6904 5 7578
573 32 82835 7 83279
574 59 22890 6 23526
575 38 5757 6 6223
576 59 52728 5 53175
577 7 55872 6 56780
578 38 79730 7 80163
579 32 88832 5 89170
580 38 93034 7 94023
581 56 60286 7 60838
582 32 61413 8 62328
583 59 19673 4 20516
584 37 9922 7 10842
585 38 81108 5 82155
586 2 55872 8 56711
587 2 64259 5 65034
588 2 83315 7 84135
589 59 2925 6 3717
590 54 20962 6 21749
591 19 88904 5 89771
592 56 29490 7 29854
593 47 86142 6 86847
594 7 39308 6 40035
595 37 71076 7 72026
596 32 32228 6 32422
597 1 49881 5 50747
598 37 360 7 935
599 19 92595 5 92889
600 20 74169 8 74715
601 2 38778 8 39536
602 20 80266 7 80830
603 19 58231 4 59161
604 19 35998 6 36812
605 41 58619 7 59135
606 32 44848 8 45340
607 2 48633 8 48925
608 51 15143 7 15669
609 19 44848 6 45602
610 56 53068 7 53273
611 51 0 6 708
612 20 15220 7 15836
613 59 20516 5 21057
614 19 50465 6 50707
615 51 27925 6 28586
616 5 58231 6 58776
617 47 91142 5 91472
618 20 9587 5 10575
619 51 56945 7 57872
620 20 60435 5 60800
621 56 45821 7 46619
622 56 9994 6 10824
623 54 77653 6 78642
624 7 68154 6 68966
625 55 9252 6 10012
626 41 52971 6 53819
627 2 15609 7 16372
628 5 69903 7 70868
629 21 93231 6 93523
630 37 57235 5 57443
631 19 90058 5 90717
632 41 94185 8 94705
633 19 78815 4 79106
634 37 45209 7 46069
635 20 5102 8 5757
636 38 80209 6 80912
637 20 19697 7 19843
638 38 70933 7 71897
639 59 5037 6 5624
640 2 94550 7 95022
641 20 14824 4 15220
642 41 76769 7 77653
643 56 0 5 508
644 2 57429 6 58231
645 54 59581 6 59921
646 19 94185 6 94938
647 2 66735 7 67080
648 56 84735 6 85489
649 55 80725 6 81510
650 32 76984 8 77912
651 37 37514 5 38376
652 56 51849 8 52730
653 32 70933 8 71168
654 38 56713 7 57448
655 59 37237 6 37419
656 59 88832 5 89652
657 5 12201 7 12483
658 32 7293 5 7803
659 32 21733 6 21952
660 38 62012 5 62828
661 2 14409 4 14689
662 41 56713 7 57235
663 38 41670 8 42446
664 32 65034 5 65713
665 56 2753 6 3543
666 32 37514 4 38426
667 59 61792 6 62782
668 20 45789 7 46731
669 41 22986 7 23822
670 56 81359 7 81928
671 1 12303 5 12844
672 32 65758 7 66498
673 47 40785 5 41527
674 56 30065 6 30288
675 2 81851 8 82558
676 37 21165 7 21646
677 20 89805 7 90548
678 20 52971 6 53924
679 32 76519 7 76984
680 2 91634 8 91909
681 32 31093 7 31524
682 56 62707 7 63208
683 1 62754 6 63482
684 19 33683 6 34551
685 19 60758 6 61158
686 38 32047 6 32314
687 2 65034 8 65758
688 41 61247 7 62012
689 7 35675 6 36579
690 20 50811 7 51257
691 51 40450 7 41332
692 19 62012 5 62785
693 54 79138 6 79945
694 59 42205 5 42538
695 54 25017 6 25332
696 1 70933 6 71549
697 32 14393 6 14770
698 7 32522 5 33408
699 54 39652 5 40671
700 2 16681 8 17297
701 7 52728 5 52871
702 20 60293 7 60435
703 47 46095 5 46810
704 20 35998 7 36764
705 2 92861 7 93726
706 54 30770 6 31032
707 38 82957 7 83452
708 37 80063 7 80418
709 20 61856 7 62588
710 2 82835 7 83315
711 41 32239 6 32651
712 1 91142 5 91892
713 59 91223 5 92026
714 7 22890 6 23046
715 56 70933 4 71095
716 37 18032 6 18280
717 59 37677 5 38555
718 32 22532 7 22763
719 20 94203 8 95074
720 19 25357 6 26263
721 5 76739 7 77235
722 37 92962 5 93231
723 2 42185 8 42952
724 41 27249 8 27972
725 20 52317 7 52728
726 20 42651 8 43225
727 59 53816 6 54642
728 2 72582 6 73568
729 47 8436 6 8917
730 51 87816 7 87972
731 51 74715 7 75643
732 7 84578 5 84961
733 19 64259 5 64812
734 19 49228 5 49881
735 51 77882 6 78836
736 54 70658 6 71497
737 19 38760 6 39463
738 38 92593 7 92914
739 59 77291 5 77890
740 19 63496 5 64259
741 7 82835 5 83177
742 32 87979 8 88751
743 32 32522 7 33280
744 56 7879 6 8728
745 2 48925 4 49124
746 38 26764 8 27491
747 51 34581 7 35068
748 7 22532 5 22675
749 59 18851 4 19673
750 37 74998 7 75121
751 37 20133 7 20876
752 38 33683 6 34784
753 51 21443 6 22174
754 56 27558 8 28492
755 38 44791 7 44990
756 20 41162 7 41606
757 54 90153 6 90450
758 37 12303 7 12602
759 7 82123 5 82826
760 47 88832 6 89120
761 56 82123 4 82754
762 37 92825 4 92962
763 2 91357 7 91634
764 59 34581 6 34878
765 32 62328 7 62754
766 32 54606 7 54848
767 32 3765 7 4123
768 32 62754 6 63210
769 14 41606 6 42174
770 37 26203 7 26355
771 20 43225 7 44130
772 37 46095 5 46776
773 56 6572 7 7006
774 56 48514 7 49376
775 2 16372 8 16633
776 56 79526 7 79879
777 19 86152 6 86725
778 54 23935 6 24688
779 41 19487 6 20341
780 20 84460 5 85427
781 54 80209 6 81033
782 59 17249 5 18205
783 55 55872 6 56226
784 2 88067 7 88917
785 41 89805 8 90058
786 14 68154 6 68911
787 40 83910 5 84888
788 51 6572 7 7349
789 41 18851 6 19148
790 56 69556 7 69809
791 32 17788 7 18012
792 55 33522 6 33821
793 19 70933 6 71789
794 59 39485 6 40296
795 32 77912 8 78815
796 20 81377 7 82123
797 41 13566 5 14031
798 5 4670 7 5591
799 14 34581 6 35578
800 59 80352 5 81108
801 56 94853 7 95529
802 20 28672 7 29490
803 59 3917 4 4310
804 37 0 7 360
805 38 36274 7 36395
806 56 67190 7 67570
807 37 51869 7 52606
808 56 35543 7 36333
809 5 37338 7 38156
810 5 44123 7 45080
811 37 27558 5 28386
812 21 33064 5 33853
813 32 74715 8 75703
814 37 82835 7 82979
815 41 92414 8 93056
816 19 67518 6 68207
817 20 77343 8 77882
818 51 76984 6 77683
819 51 37584 6 38181
820 51 1097 7 1947
821 41 52051 7 52819
822 56 76318 8 77057
823 19 56436 6 56809
824 32 17291 8 17788
825 5 91638 7 92326
826 59 90801 6 90939
827 38 35045 5 35627
828 47 18851 6 19698
829 7 10824 6 11678
830 41 764 7 1538
831 14 87979 6 88299
832 51 53958 6 54774
833 47 63400 6 63826
834 20 59338 8 59581
835 32 89805 7 90349
836 54 55872 6 56374
837 32 86547 6 86986
838 56 92906 6 93042
839 37 53819 4 54075
840 41 7429 7 8050
841 41 32686 7 33344
842 19 11874 6 12383
843 41 29490 7 29984
844 2 92165 6 92861
845 38 82155 8 82897
846 59 11874 5 12689
847 2 47177 7 47932
848 20 93339 7 94203
849 54 25357 5 25822
850 41 71672 7 72466
851 54 90685 6 91453
852 56 14615 5 14759
853 14 91223 6 91945
854 14 50298 5 51218
855 51 8193 7 9053
856 5 6904 7 7887
857 37 80418 4 81359
858 19 82016 6 82519
859 7 30770 5 31675
860 59 60800 6 61491
861 51 66735 4 67204
862 56 2440 7 2737
863 32 84578 8 85353
864 37 32905 5 33683
865 54 69556 6 70359
866 56 87816 5 88181
867 59 76879 6 77291
868 51 28596 7 29086
869 20 80830 7 80994
870 2 47932 8 48633
871 38 28596 8 29119
872 14 5884 6 6023
873 51 62314 7 63013
874 47 149 6 883
875 32 51085 7 51871
876 2 4670 7 5437
877 56 49594 5 50326
878 51 91638 6 92404
879 20 92217 7 92593
880 20 37257 7 38119
881 54 65919 5 66796
882 59 47089 4 47943
883 5 51257 7 51488
884 37 6166 5 6335
885 56 37514 8 38332
886 37 25357 7 26203
887 2 54202 6 54606
888 19 75119 6 75833
889 41 74998 7 75465
890 14 71897 5 72740
891 20 53924 5 54602
892 20 19843 7 20032
893 2 78123 8 78929
894 54 8897 6 9608
895 54 88832 6 89412
896 1 72039 6 72396
897 54 29490 6 29955
898 2 77291 7 77941
899 32 35675 4 36497
900 51 10740 7 11453
901 37 48633 6 49309
902 19 23294 6 23953
903 19 82835 6 83025
904 32 42681 7 43574
905 41 68092 5 68380
906 2 91909 7 92165
907 56 92026 7 92677
908 2 10740 8 11532
909 41 62012 7 62795
910 20 34651 7 35543
911 37 85096 7 85309
912 5 85746 7 86719
913 38 77882 6 78450
914 2 56713 6 57429
915 59 72514 6 73254
916 56 15143 6 15626
917 47 39485 6 40301
918 7 0 5 645
919 2 9587 7 10338
920 38 44990 8 45425
921 32 30770 8 31093
922 5 66735 7 67565
923 37 66124 7 66373
924 51 16272 7 17034
925 56 22532 8 23121
926 32 90349 7 91142
927 19 83025 4 83910
928 47 76739 6 77552
929 7 36579 4 37356
930 20 68544 4 69251
931 41 39308 5 39882
932 19 81359 5 82016
933 2 23749 7 24565
934 5 47555 7 48114
935 7 59069 6 60048
936 38 38227 8 38760
937 32 31524 5 32228
938 37 70010 6 70933
939 41 83279 5 84279
940 2 68588 5 68979
941 59 48633 6 48898
942 38 391 7 1103
943 54 66796 6 67578
944 59 59581 6 60286
945 19 84856 5 85612
946 51 92593 7 92789
947 32 5884 8 6183
948 54 2484 6 3005
949 1 80373 6 80552
950 5 28596 7 28988
951 32 39350 5 40160
952 56 25526 6 26295
953 38 60286 6 61156
954 19 27064 6 27738
955 41 69647 8 70022
956 51 86951 7 87800
957 56 12086 7 12748
958 54 51257 6 52058
959 51 94130 6 94318
960 14 47528 5 48126
961 37 91986 7 92825
962 19 27738 5 28425
963 32 20973 8 21230
964 5 67565 7 68276
965 38 86386 4 86770
966 41 21505 6 21646
967 19 17959 4 18952
968 20 59069 5 59338
969 55 71168 6 71880
970 56 56248 7 56422
971 38 86928 8 87650
972 32 94130 8 94609
973 41 94705 8 94952
974 37 73903 7 74080
975 32 22763 7 23537
976 37 94130 7 94853
977 56 80523 5 81354
978 37 87979 7 88910
979 19 78123 5 78804
980 51 43574 7 44499
981 59 23749 5 23982
982 19 57224 4 58138
983 54 62428 4 63206
984 38 14393 6 15269
985 19 46095 5 46644
986 54 60633 6 61488
987 37 67175 6 68154
988 5 87979 7 88717
989 41 74715 6 74954
990 19 48514 6 49228
991 5 50359 7 51150
992 56 8897 7 9020
993 2 67851 7 68588
994 20 10575 4 11216
995 2 90982 7 91357
996 7 21351 6 22068
997 20 61124 8 61473
998 20 32057 7 32522
999 38 21351 6 22120
1000 56 13566 7 14375
1001 20 5757 8 6572
1002 2 14770 7 15143
1003 54 17959 6 18534
1004 38 20962 7 21311
1005 56 50359 6 50960
1006 41 75465 8 75714
1007 37 9252 6 9922
1008 41 4508 6 5351
1009 59 71075 5 71545
1010 2 1481 8 1788
1011 32 4508 7 5037
1012 32 29519 6 29943
1013 54 17118 5 17885
1014 7 3917 6 4303
1015 37 33683 7 34059
1016 54 33683 6 33863
1017 2 62428 7 63446
1018 51 7429 6 8193
1019 59 80209 5 80352
1020 19 53816 6 54699
1021 41 17788 4 18292
1022 59 0 4 377
1023 47 74169 5 74565
1024 2 27651 7 27998
1025 2 7429 7 8404
1026 2 19561 7 20331
1027 56 73180 7 74026
1028 7 77653 6 78148
1029 41 86386 7 87217
1030 59 81851 6 82092
1031 37 15218 7 15775
1032 56 94186 6 94481
1033 2 50298 7 51043
1034 59 78401 6 78756
1035 32 55240 7 56218
1036 32 23537 8 24002
1037 59 65758 6 66305
1038 41 36274 8 36919
1039 2 26764 8 27414
1040 2 44946 7 45656
1041 59 10994 6 11867
1042 37 55872 7 56988
1043 38 50298 8 51242
1044 55 50811 6 51119
1045 2 58231 7 58650
1046 38 29718 8 30053
1047 2 69556 6 69864
1048 38 94130 6 95112
1049 2 67190 8 67350
1050 38 77291 8 77674
1051 38 6349 7 6666
1052 2 35543 4 36389
1053 38 22890 7 23700
1054 47 12657 5 13601
1055 41 58231 7 58619
1056 56 40070 7 41007
1057 32 47528 7 48014
1058 32 26764 8 27270
1059 20 46731 6 47528
1060 20 44130 8 44791
1061 21 16272 6 17098
1062 37 13566 4 14393
1063 32 78815 7 79177
1064 37 62099 6 62712
1065 56 68135 7 68949
1066 32 59069 5 59599
1067 1 94185 6 94742
1068 32 67190 7 68092
1069 41 43116 7 44045
1070 38 86142 8 86343
1071 41 50465 8 50871
1072 55 87979 5 88108
1073 19 21351 6 21762
1074 20 25357 8 26264
1075 38 64259 7 65293
1076 2 81647 8 81851
1077 20 15836 8 16272
1078 54 87816 6 88667
1079 19 42185 6 42979
1080 19 62828 6 63496
1081 54 1710 6 2458
1082 38 62828 7 63390
1083 51 20962 4 21443
1084 41 39882 4 40785
1085 38 52389 8 53215
1086 19 17118 6 17959
1087 19 8897 4 9737
1088 19 22532 6 23294
1089 37 34270 6 35045
1090 51 31616 7 32540
1091 20 76386 7 77343
1092 2 29490 8 30065
1093 32 85353 8 85626
1094 5 92593 7 92860
1095 54 47555 6 48504
1096 55 41182 5 41393
1097 41 93231 6 94185
1098 41 64533 8 65174
1099 41 72466 8 72640
1100 38 68504 6 69192
1101 2 45789 8 46140
1102 54 9997 5 10136
1103 41 82123 7 83097
1104 2 31334 7 32047
1105 19 14393 5 15302
1106 51 68949 6 69903
1107 56 71095 7 72039
1108 20 61473 8 61856
1109 56 41795 7 42456
1110 20 33522 7 34333
1111 38 9277 6 10177
1112 7 94185 6 94566
1113 19 90801 4 91563
1114 41 77653 7 77970
1115 51 61305 7 62314
1116 54 41007 6 41316
1117 19 5037 6 5618
1118 7 37514 5 38368
1119 2 32047 8 32220
1120 19 72008 6 72837
1121 37 89382 7 90374
1122 38 7429 7 7671
1123 2 60435 8 60633
1124 41 2048 7 2724
1125 19 1710 6 2419
1126 54 38506 6 38898
1127 51 71879 6 72747
1128 7 92593 5 93342
1129 41 11532 7 12113
1130 51 26764 4 27925
1131 55 86928 6 87256
1132 7 53816 6 54624
1133 37 54075 5 54391
1134 5 38778 7 39429
1135 38 36497 8 36633
1136 20 23561 8 23935
1137 59 87472 5 87970
1138 2 54606 7 55564
1139 19 34581 5 35277
1140 56 43519 7 44243
1141 2 30065 7 31083
1142 55 14393 6 15366
1143 19 91612 6 92595
1144 20 2410 6 2580
1145 19 44017 5 44772
1146 41 31459 7 32239
1147 51 10322 7 10673
1148 51 94481 5 95506
1149 51 59069 7 59703
1150 5 88917 7 89353
1151 41 79469 8 80114
1152 19 4670 5 4969
1153 2 86631 6 87255
1154 5 10842 7 11191
1155 37 12086 6 12303
1156 2 40450 7 41314
1157 32 80209 4 81142
1158 20 92593 8 92906
1159 32 13690 6 13881
1160 20 0 7 350
1161 51 14409 7 15059
1162 38 69251 7 69397
1163 20 38813 4 39583
1164 37 19814 7 20133
1165 19 79138 4 79645
1166 41 40785 7 41146
1167 20 29490 6 29802
1168 32 46095 8 46998
1169 51 83779 6 84233
1170 20 4021 6 4508
1171 14 61124 6 61850
1172 37 21903 7 22709
1173 7 87217 5 87570
1174 20 17249 7 17869
1175 2 46140 6 46858
1176 19 30770 6 31603
1177 38 6904 7 7206
1178 5 9252 7 10013
1179 20 60800 7 61124
1180 56 63400 6 63969
1181 2 70658 8 71075
1182 38 54075 7 54799
1183 7 38506 6 39006
1184 59 12702 5 13736
1185 7 40450 4 40679
1186 2 13566 4 13976
1187 56 94481 8 94707
1188 32 91142 7 91334
1189 51 60286 6 60599
1190 32 14981 5 15388
1191 20 70980 7 71672
1192 32 52146 8 52979
1193 2 60633 8 61305
1194 51 38778 5 39375
1195 55 86152 5 86536
1196 20 44791 8 45789
1197 56 67570 7 68135
1198 54 42388 4 43165
1199 51 51456 5 52387
1200 56 86386 7 87369
1201 7 9254 5 10102
1202 38 16624 6 17130
1203 7 9019 6 9254
1204 38 30065 7 30525
1205 51 41670 7 42623
1206 7 64259 4 64613
1207 56 15626 7 16624
1208 51 37338 4 37584
1209 20 16272 8 16681
1210 2 39536 6 39872
1211 37 84387 7 85096
1212 59 78815 6 79116
1213 37 15775 7 16695
1214 38 42836 6 43758
1215 54 15836 5 16754
1216 2 68979 7 69556
1217 59 40785 6 41826
1218 51 35675 7 36057
1219 51 54799 7 55338
1220 20 79327 8 80266
1221 59 48898 6 49064
1222 38 30770 8 31008
1223 41 41750 7 42388
1224 38 83452 8 83733
1225 2 94165 8 94550
1226 20 26264 8 27064
1227 38 61156 7 61998
1228 5 49124 7 49947
1229 51 9960 7 10322
1230 20 34333 7 34651
1231 2 49881 7 50298
1232 14 51869 6 52710
1233 2 33064 5 33901
1234 38 1481 8 1814
1235 38 42623 5 42836
1236 32 1097 8 1948
1237 59 32905 4 33845
1238 51 63013 6 63186
1239 32 73568 6 74135
1240 32 12702 7 13690
1241 38 67175 5 68165
1242 2 46858 8 47177
1243 32 149 7 1097
1244 41 60286 8 60533
1245 38 54799 8 55547
1246 20 80994 6 81377
1247 37 75121 6 75785
1248 54 35675 6 36512
1249 54 46095 5 46809
1250 41 70933 6 71221
1251 2 0 8 764
1252 54 53816 6 54718
1253 2 59294 7 60360
1254 19 12702 4 13700
1255 41 22532 8 22986
1256 21 91909 6 92749
1257 51 11532 7 12201
1258 38 0 6 391
1259 32 68504 7 69082
1260 7 47528 6 48517
1261 20 4508 8 5102
1262 51 19815 6 20381
1263 41 36919 8 37718
1264 51 55872 7 56425
1265 41 87217 7 88060
1266 2 38506 7 38778
1267 7 12303 6 12804
1268 37 21646 7 21903
1269 32 66735 8 67190
1270 32 92217 7 93034
1271 37 50359 7 51085
1272 32 38506 6 39350
1273 2 80063 8 80888
1274 59 39308 6 39485
1275 32 57937 8 58755
1276 38 31008 7 31915
1277 51 60633 7 61305
1278 38 74715 7 75503
1279 37 44791 7 45209
1280 40 23749 6 24551
1281 59 65174 6 65379
1282 20 87162 7 87816
1283 54 44791 6 45040
1284 5 17118 7 17874
1285 20 35543 7 35675
1286 19 68380 5 68709
1287 14 38778 6 39457
1288 32 25969 7 26265
1289 19 54799 6 55563
1290 38 27558 7 28596
1291 32 76198 7 76519
1292 20 64385 7 64788
1293 37 12657 7 13566
1294 37 39308 7 40020
1295 5 77941 7 78542
1296 7 42623 5 42843
1297 19 86928 6 87489
1298 41 46644 4 47555
1299 51 25969 6 26733
1300 20 59581 7 60293
1301 5 31459 7 32081
1302 56 39308 7 40070
1303 14 15836 6 15994
1304 51 67204 7 67943
1305 20 90548 8 90685
1306 5 15626 7 15828
1307 38 70658 7 70787
1308 38 49594 5 50274
1309 54 30065 6 30334
1310 54 7479 6 7862
1311 56 23243 5 23988
1312 14 13566 6 13712
1313 7 79138 6 79740
1314 7 53068 5 53561
1315 41 65174 7 65930
1316 51 76586 7 76976
1317 59 86386 6 87472
1318 56 30770 7 31336
1319 38 76351 8 77201
1320 37 46858 5 47089
1321 56 89382 6 89662
1322 19 77653 4 77976
1323 2 51085 8 51994
1324 2 73568 5 74076
1325 41 66373 5 67223
1326 54 49124 5 49958
1327 51 9252 6 9960
1328 20 76198 8 76386
1329 56 75785 8 76318
1330 19 16272 6 16502
1331 20 36764 7 37257
1332 2 71879 8 72582
1333 7 83779 5 84270
1334 56 5250 6 5937
1335 37 5437 7 6166
1336 1 4508 6 5346
1337 55 45269 6 46066
1338 59 92593 4 93465
1339 2 67350 7 67851
1340 51 67943 7 68721
1341 20 39877 5 40450
1342 32 94609 8 95371
1343 41 1538 8 2048
1344 20 85888 4 86589
1345 51 32540 7 32780
1346 54 44017 6 44244
1347 51 80063 7 80791
1348 20 28312 7 28672
1349 20 55240 7 55872
1350 38 18851 6 19225
1351 2 61305 8 61594
1352 37 29519 7 30256
1353 2 43457 6 44123
1354 38 89805 8 90153
1355 19 74169 5 75119
1356 54 32047 6 32300
1357 51 84387 7 84614
1358 59 27651 5 28644
1359 32 63400 6 64167
1360 55 27738 6 28087
1361 38 10994 7 11755
1362 37 18851 7 19814
1363 37 36919 7 37514
1364 7 26203 5 26653
1365 37 77671 6 78401
1366 51 47807 6 48055
1367 20 69251 7 70279
1368 41 12306 7 12898
1369 19 72980 4 74112
1370 59 44946 6 45479
1371 32 11874 8 12702
1372 1 39375 6 39927
1373 54 91612 6 92484
1374 19 11053 5 11755
1375 21 35045 6 35874
1376 41 77970 7 78605
1377 38 66497 8 66971
1378 41 12151 6 12306
1379 5 65034 7 65737
1380 54 81647 6 82279
1381 2 5757 6 5947
1382 56 10824 7 11620
1383 20 52728 7 52971
1384 59 46095 5 46930
1385 2 32905 8 33064
1386 7 65758 5 66035
1387 37 22709 7 23243
1388 41 53819 8 54765
1389 19 23953 6 24536
1390 47 94550 6 95316
1391 19 19072 5 19487
1392 5 21733 7 22620
1393 56 57629 7 58606
1394 41 75785 7 76769
1395 38 19791 7 20411
1396 7 67350 6 68098
1397 51 92906 6 93583
1398 41 38506 4 39307
1399 19 21903 6 22210
1400 59 92026 6 92351
1401 37 38376 4 39308
1402 56 14770 4 15027
1403 56 26764 7 27385
1404 51 80830 7 81569
1405 7 71879 5 72657
1406 19 52101 6 52612
1407 2 39872 6 40316
1408 37 70933 6 71076
1409 20 75447 7 76198
1410 32 7879 7 8400
1411 41 62795 7 62929
1412 7 74715 6 75556
1413 37 26764 7 27558
1414 32 27270 8 28050
1415 41 59294 8 59952
1416 41 90976 7 91428
1417 38 1947 7 2837
1418 41 25017 6 25722
1419 38 75785 8 76180
1420 1 88884 5 89674
1421 41 84914 8 85746
1422 19 66735 5 67158
1423 59 38778 5 39102
1424 5 94550 7 95036
1425 19 79908 5 80373
1426 41 34581 7 35415
1427 7 76879 6 77416
1428 20 39583 8 39877
1429 2 31083 7 31334
1430 37 91758 4 91986
1431 54 27249 6 28144
1432 20 29802 7 30780
1433 2 75447 5 76351
1434 32 9252 7 9997
1435 59 8193 4 9096
1436 38 71897 7 72685
1437 41 47555 7 48462
1438 54 86928 6 87432
1439 41 73936 8 74173
1440 20 90685 7 91612
1441 54 43182 5 43704
1442 2 79138 8 79972
1443 32 93726 8 94130
1444 20 12151 4 12479
1445 20 9079 8 9587
1446 59 73254 6 74163
1447 7 19697 5 20509
1448 38 32314 8 32983
1449 56 65034 4 65776
1450 54 74715 5 75159
1451 7 17118 6 18067
1452 19 85746 4 86152
1453 2 13976 7 14409
1454 41 6572 8 7309
1455 37 42185 7 43182
1456 56 88181 8 88937
1457 54 92825 6 92969
1458 59 22155 6 22719
1459 32 81359 7 82200
1460 38 70290 8 70596
1461 38 63400 7 64181
1462 2 71075 8 71879
1463 51 12657 7 13436
1464 2 20962 5 21859
1465 59 9096 5 9665
1466 41 80209 8 81021
1467 51 75785 6 76586
1468 32 83779 5 84578
1469 20 56713 8 57421
1470 56 85666 7 86249
1471 20 82835 7 82957
1472 19 49881 6 50414
1473 41 8436 7 9296
1474 59 87979 5 88832
1475 51 1947 7 2753
1476 5 70933 7 71691
1477 56 68949 8 69324
1478 37 60633 6 60866
1479 2 85200 7 86152
1480 37 94853 7 95128
1481 2 27998 5 28884
1482 32 72033 8 72569
1483 41 33522 7 34434
1484 59 21165 5 22155
1485 55 54374 6 54672
1486 54 764 6 1547
1487 37 1710 4 2484
1488 7 897 5 1739
1489 38 3201 7 4098
1490 59 84387 6 84887
1491 19 3981 6 4395
1492 2 51994 6 52511
1493 55 34581 6 34983
1494 32 54374 6 54588
1495 41 5757 6 6448
1496 51 38506 7 38698
1497 32 59730 8 60374
1498 59 66735 6 67699
1499 2 764 8 1481
1500 7 62707 6 63588
1501 59 82878 6 83100
1502 56 4508 7 5250
1503 32 14770 5 14981
1504 2 8404 8 8793
1505 51 63186 6 64151
1506 5 23953 7 24617
1507 47 53819 6 54204
1508 37 86142 6 86928
1509 56 3758 7 3917
1510 5 72818 7 73304
1511 38 7879 7 8575
1512 19 83910 5 84856
1513 7 48633 5 49336
1514 56 24565 6 25526
1515 56 83779 7 84735
1516 2 9037 8 9426
1517 37 59730 7 60579
1518 37 4726 7 5437
1519 2 22942 7 23749
1520 54 61594 6 62033
1521 32 36497 8 37200
1522 51 19072 7 19815
1523 37 47089 7 47667
1524 32 5037 7 5884
1525 38 69556 6 70290
1526 2 49124 7 49777
1527 20 88884 5 89805
1528 37 61124 7 61587
1529 56 764 6 1569
1530 20 12479 8 13117
1531 51 86547 6 86951
1532 38 88832 6 89649
1533 19 41670 5 42094
1534 56 52730 8 53068
1535 7 49885 5 50119
1536 51 65034 6 65204
1537 51 4508 7 5454
1538 59 32057 6 32765
1539 20 27213 5 28174
1540 19 7879 6 8897
1541 32 72569 6 73344
1542 20 49885 6 50811
1543 7 51257 4 51768
1544 41 26764 8 27249
1545 38 65618 7 66497
1546 7 56945 6 57758
1547 5 79155 7 79840
1548 5 86928 7 87845
1549 51 49881 7 50767
1550 51 30770 7 31616
1551 38 79138 8 79730
1552 37 79155 7 79942
1553 20 32686 6 33522
1554 32 8404 5 9238
1555 54 52389 5 53372
1556 59 51377 5 52033
1557 2 42952 8 43457
1558 20 55872 6 56713
1559 2 36389 7 37264
1560 59 49124 6 50041
1561 59 58619 6 59118
1562 38 90153 7 91001
1563 54 85746 5 86697
1564 51 22532 7 23212
1565 32 42205 7 42681
1566 59 94481 6 94685
1567 19 3424 6 3981
1568 20 87816 8 88046
1569 54 72980 6 73612
1570 41 10821 7 10994
1571 51 90801 7 91638
1572 7 34270 6 35019
1573 2 61594 8 62428
1574 2 74169 5 75161
1575 56 17847 8 18571
1576 7 7879 6 8875
1577 2 38227 6 38506
1578 32 63210 7 63400
1579 14 8335 6 8686
1580 20 38544 6 38813
1581 38 75503 7 75760
1582 32 52979 7 53816
1583 2 8897 8 9037
1584 20 23337 8 23561
1585 59 90058 6 90791
1586 7 44990 6 45715
1587 2 88917 8 89692
1588 32 46998 7 47386
1589 5 45269 7 45999
1590 2 41314 5 41463
1591 54 76351 6 77157
1592 37 8183 7 9019
1593 37 17118 7 18032
1594 56 21859 7 22399
1595 32 40450 7 41182
1596 56 72039 7 73017
1597 7 42843 6 43849
1598 32 64259 6 64665
1599 7 61594 5 62128
1600 20 82957 5 83928
1601 51 79138 7 80045
1602 20 71672 7 72008
1603 7 32047 6 32455
1604 20 31074 7 31371
1605 32 57224 8 57937
1606 56 36579 8 37342
1607 54 22890 6 23883
1608 14 39536 6 40263
1609 56 38376 5 39151
1610 59 74998 5 75929
1611 47 27249 6 28019
1612 5 1481 7 1799
1613 38 10390 7 10916
1614 7 15609 5 16476
1615 32 16681 7 17291
1616 56 28492 8 28691
 调度评估结果
1. 任务等待评估 (Σ 等待×权重): 702661222
2. 任务完成评估 (最大完成时间): 95591
3. GPU显存空闲评估 (平均空闲): 7654.69 GB/时间片
 额外统计
已调度任务               : 1616/1616
平均等待时间            : 44031.51
各服务器任务分布      : 服务器1=16, 服务器2=148, 服务器5=55, 服务器7=92, 服务器14=22, 服务器19=117, 服务器20=161, 服务器21=7, 服务器32=138, 服务器37=133, 服务器38=121, 服务器40=3, 服务器41=126, 服务器47=23, 服务器51=119, 服务器54=93, 服务器55=24, 服务器56=118, 服务器59=100
