1 3 36343 1 36872
2 19 5952 1 6306
3 1 42720 2 42791
4 39 21497 3 21859
5 36 9820 3 9963
6 1 11380 1 12027
7 16 16010 1 16683
8 29 5276 4 5941
9 3 38055 1 38827
10 1 47324 3 47969
11 1 24121 3 24589
12 1 7028 2 7424
13 19 22632 2 22677
14 35 30056 1 30225
15 37 36343 1 36612
16 36 4061 2 4391
17 26 19021 1 19310
18 26 11796 1 12132
19 12 47324 2 47436
20 26 25012 1 25112
21 36 41454 4 41654
22 2 951 1 1354
23 8 31276 1 32026
24 26 24121 2 24543
25 2 26195 2 26464
26 8 31276 1 31734
27 26 24121 1 24572
28 27 1833 1 1932
29 26 13651 1 14031
30 16 6480 1 6642
31 26 29236 1 29622
32 16 20817 5 21484
33 8 31844 2 32377
34 1 30056 1 31060
35 16 24121 1 24440
36 15 36343 1 36906
37 1 40493 1 40794
38 10 41454 2 41954
39 26 26098 1 26195
40 26 29734 1 30157
41 37 17892 4 18277
42 6 23608 3 23759
43 26 38055 3 38332
44 1 0 1 226
45 19 1338 1 1682
46 37 38162 1 38625
47 1 8256 1 8629
48 26 23608 2 24064
49 29 0 4 25
50 4 8629 6 8756
51 8 14569 3 14727
52 31 2476 1 2926
53 1 45231 1 45285
54 26 30473 1 30731
55 26 9820 1 10469
56 12 19021 2 19322
57 15 26866 1 27558
58 23 12457 1 13174
59 1 26098 2 26448
60 26 18420 1 19021
61 1 20308 1 20626
62 19 13651 1 14044
63 16 12132 3 12757
64 28 4760 1 5057
65 28 31844 3 32220
66 21 24572 3 25106
67 19 2476 3 2983
68 12 0 3 312
69 10 15192 1 15898
70 1 39688 1 39970
71 35 39520 2 39799
72 12 25012 1 25611
73 12 42650 1 43293
74 26 41039 3 41454
75 3 9820 1 9844
76 37 12963 5 13311
77 36 31276 2 31700
78 1 38747 1 38796
79 31 19934 1 20467
80 8 26866 3 27335
81 28 44647 2 45218
82 1 38162 2 38747
83 12 25892 2 26582
84 36 38162 4 38399
85 36 14569 2 15289
86 35 29734 1 30020
87 21 12963 1 13216
88 3 38055 1 38264
89 1 0 1 421
90 12 16716 6 17455
91 30 4061 3 4466
92 14 17892 1 18220
93 22 0 1 406
94 26 41454 1 41682
95 28 12963 2 13606
96 13 15192 3 15502
97 8 32777 5 33522
98 26 20817 2 21497
99 26 22022 1 23240
100 35 36343 4 36576
101 1 14569 2 15095
102 21 7028 1 7482
103 28 42720 1 42899
104 1 36917 3 37622
105 11 26866 2 27248
106 8 24572 6 24886
107 14 6480 2 6673
108 3 10469 1 10807
109 20 12963 3 13466
110 15 38055 1 38333
111 18 40305 2 40605
112 1 32777 1 33978
113 36 16716 2 17345
114 33 26428 1 26516
115 26 4269 4 4680
116 23 14569 2 15290
117 8 36343 2 36616
118 30 20308 4 20883
119 1 46182 1 46245
120 3 15192 2 15753
121 19 18826 1 19129
122 26 36343 1 36660
123 29 42720 3 43407
124 35 5276 1 5950
125 33 15192 2 15605
126 28 36917 2 37053
127 7 5276 2 6015
128 3 17892 1 18660
129 26 21497 4 22022
130 37 30056 2 30110
131 26 30473 2 31209
132 37 24740 1 25386
133 30 22632 3 22794
134 19 45085 6 45431
135 27 8256 1 8726
136 36 5276 1 5524
137 19 10469 1 11126
138 15 41454 1 41628
139 30 45085 1 45607
140 28 40493 1 41159
141 22 18160 1 18848
142 29 12457 1 12754
143 28 20308 3 20542
144 1 22409 4 22632
145 32 24740 1 25354
146 37 24740 1 25203
147 35 31276 1 31456
148 2 30473 3 30796
149 19 29734 1 30204
150 12 40493 4 40977
151 26 36778 3 37158
152 16 8629 1 9007
153 3 40493 1 40753
154 26 12132 1 12865
155 18 36343 1 36477
156 2 39970 1 40416
157 1 12963 3 13145
158 2 13016 1 13207
159 7 31844 1 32143
160 1 46182 1 46854
161 2 13651 2 14040
162 31 8629 1 9143
163 4 41454 5 41868
164 30 38055 1 38689
165 33 7047 2 7155
166 3 951 3 1416
167 21 40493 2 40947
168 1 3302 1 3535
169 37 1833 5 2421
170 28 39688 3 39971
171 4 19021 4 19254
172 26 16716 1 17954
173 16 36778 1 37065
174 23 19063 2 19315
175 4 4269 5 4645
176 37 44171 4 44779
177 12 4760 1 5345
178 26 26195 2 26866
179 26 32777 1 33342
180 1 36778 1 36917
181 20 19021 1 19099
182 26 41454 1 42201
183 12 29673 4 30279
184 15 46478 1 46777
185 1 6480 2 7028
186 16 36343 1 36776
187 18 25068 1 25618
188 12 18826 2 19238
189 1 27864 1 29236
190 4 45284 2 45564
191 28 6480 2 6782
192 36 36660 2 36957
193 1 4269 3 4305
194 36 19021 2 19344
195 17 15787 1 16484
196 1 1338 4 1955
197 1 29777 1 30056
198 31 21497 1 21600
199 37 5276 4 5992
200 4 36660 4 36892
201 19 7028 2 7222
202 18 19021 3 19635
203 26 24121 1 24540
204 30 30056 2 30609
205 12 31276 3 31662
206 26 42201 4 42650
207 26 12132 1 12363
208 26 8256 1 8568
209 26 33978 1 34439
210 2 3302 1 3375
211 12 24121 1 24822
212 33 41454 3 41611
213 37 7047 4 7605
214 26 6480 3 7047
215 1 14836 2 16010
216 19 0 1 507
217 12 8629 2 8768
218 21 6480 1 7137
219 12 17455 6 17522
220 26 23047 1 24121
221 26 37427 1 38055
222 36 13651 1 14280
223 37 39970 5 40546
224 19 11380 2 11500
225 1 45285 1 45309
226 3 14569 1 15192
227 19 29236 5 29439
228 19 8256 3 8770
229 12 45085 1 45295
230 33 21497 1 22177
231 1 38747 1 39688
232 28 7028 1 7360
233 12 1833 1 2032
234 38 40493 1 40933
235 13 20817 3 21072
236 7 14031 1 14302
237 1 46478 2 46912
238 26 20817 1 21240
239 1 14031 1 14569
240 17 5952 1 6241
241 3 39688 3 39724
242 26 24831 1 25012
243 32 10469 1 11145
244 17 2476 1 2854
245 2 8629 1 8969
246 34 36343 1 36965
247 28 24121 1 24608
248 3 24121 2 24740
249 1 22022 1 22200
250 20 31276 1 31899
251 33 12457 2 12832
252 3 20817 1 22478
253 8 11380 6 11697
254 29 6480 5 6853
255 3 7047 3 7622
256 36 29236 5 29847
257 4 18420 1 19000
258 1 0 1 570
259 8 12132 6 12290
260 26 18420 1 18839
261 1 13145 4 13209
262 16 36343 4 36924
263 21 38055 3 38383
264 7 20308 4 20883
265 20 45284 1 45995
266 12 38055 3 38528
267 33 4269 3 4804
268 12 46182 1 46553
269 26 31844 1 32503
270 26 15787 2 16232
271 21 17148 1 17680
272 28 4061 1 4406
273 35 26866 1 26996
274 26 17892 1 18454
275 26 2476 3 3302
276 1 6480 1 6608
277 36 1833 1 2496
278 1 22632 5 23047
279 26 10469 1 10583
280 28 7047 3 7558
281 19 41454 7 41709
282 30 25112 3 25388
283 3 30056 3 30452
284 2 41039 1 41310
285 26 14569 1 14993
286 26 15787 1 15825
287 35 15787 1 16433
288 33 38162 3 38502
289 26 29734 1 30473
290 2 36917 4 37336
291 20 4269 1 4756
292 35 5952 3 6579
293 1 10469 3 10911
294 21 12963 2 13016
295 1 21497 1 21564
296 19 9820 4 9978
297 26 46478 1 47324
298 39 38162 3 38685
299 38 42720 1 43391
300 33 0 1 344
301 28 41454 1 41745
302 4 21497 6 22193
303 1 12027 1 12457
304 29 36343 4 36698
305 33 16716 1 17371
306 1 17148 1 17892
307 39 31276 1 31336
308 1 31844 1 31958
309 38 10469 2 10838
310 28 16716 1 17140
311 15 23047 1 23629
312 37 19934 2 20432
313 3 40493 2 41969
314 26 46182 2 46269
315 30 10911 1 11292
316 2 16716 1 17454
317 12 14031 1 14512
318 4 30056 1 30410
319 6 24572 1 24606
320 12 4269 5 4467
321 12 14569 3 14676
322 26 38055 1 38713
323 15 24572 1 25058
324 35 15192 4 15549
325 30 4061 1 4535
326 1 17892 2 18160
327 8 40493 2 40958
328 28 17892 3 18643
329 16 6480 5 6823
330 26 1338 1 1652
331 22 24572 1 24733
332 1 38055 3 38108
333 1 19934 1 20128
334 12 22022 1 22178
335 3 19021 1 20071
336 36 22022 2 22164
337 15 20817 1 21039
338 1 23047 1 23160
339 36 41454 3 42073
340 26 10583 1 11796
341 16 24572 1 24904
342 1 23160 2 23608
343 19 32777 1 33249
344 15 31276 1 31383
345 30 12457 1 12711
346 2 31060 3 31199
347 26 9340 2 9820
348 6 26866 1 27102
349 21 42720 1 43248
350 21 24572 1 24730
351 15 1338 1 1860
352 26 14569 2 14657
353 28 36660 3 36701
354 1 38108 1 38162
355 3 41454 1 41829
356 36 42650 4 42741
357 21 20308 1 20413
358 2 22022 1 22378
359 37 45085 6 45507
360 19 12132 7 12747
361 36 18160 1 18560
362 12 10469 3 11137
363 39 12132 1 12715
364 4 0 1 700
365 3 32234 2 32810
366 3 2476 3 2513
367 1 26866 3 27248
368 2 15787 1 16469
369 12 15192 3 15937
370 1 26578 4 26862
371 30 29777 3 30267
372 15 38713 1 39366
373 1 44647 1 46717
374 19 21497 1 21819
375 35 40493 4 41230
376 19 12963 2 13132
377 18 17892 1 18439
378 1 24572 1 25068
379 28 32777 4 33164
380 16 47324 1 47886
381 35 36660 2 37026
382 18 7028 2 7171
383 16 47324 1 47970
384 33 39970 1 40655
385 31 36917 2 37390
386 26 1338 4 1833
387 37 19934 5 20563
388 8 42720 2 43369
389 12 15192 3 15567
390 1 5276 2 5558
391 21 4061 1 4437
392 12 46478 1 46731
393 21 31276 1 31844
394 37 1833 1 2270
395 3 12132 3 12880
396 28 24121 1 24753
397 26 31844 1 33414
398 26 14031 1 14133
399 20 14569 3 15067
400 26 45284 1 45470
401 37 19021 5 19696
402 26 1833 1 2476
403 1 36343 3 36778
404 17 13016 1 13277
405 26 39520 5 40027
406 28 38162 3 38712
407 3 12963 3 13468
408 29 19934 4 20279
409 21 31844 1 31978
410 27 2476 1 2590
411 26 31276 2 31344
412 19 24572 1 25045
413 1 6480 4 6774
414 8 21497 7 21527
415 18 39970 2 40016
416 2 31276 3 31822
417 15 47324 1 47900
418 4 25068 2 25431
419 19 31276 6 31589
420 21 19021 1 19412
421 26 40723 3 41039
422 26 25937 1 26098
423 33 26866 1 27481
424 26 12132 2 12963
425 10 19934 3 20278
426 12 18420 5 18680
427 36 44647 4 45317
428 3 22022 2 22761
429 3 14569 2 15062
430 26 29236 1 29734
431 16 12132 3 12184
432 1 7424 3 8256
433 26 4760 2 5276
434 35 14031 5 14110
435 1 29673 1 29777
436 30 19021 1 19621
437 22 29673 1 30314
438 36 40493 2 40667
439 21 9820 2 9842
440 39 19021 1 19597
441 37 5952 1 6490
442 12 6480 1 7089
443 36 0 1 506
444 28 7028 2 7356
445 27 36917 1 36985
446 1 16716 4 17148
447 37 6480 1 6887
448 12 24572 1 24907
449 21 7028 1 7109
450 26 26866 1 27565
451 1 5558 2 5944
452 16 15787 4 16520
453 15 45284 1 45349
454 37 6480 1 7077
455 26 47324 1 47884
456 1 14569 1 14836
457 26 44171 2 44647
458 36 25937 4 26282
459 27 24572 1 25104
460 2 0 2 70
461 36 24121 2 24727
462 6 22632 5 22862
463 15 26428 1 26821
464 2 26866 2 27125
465 21 24121 1 24181
466 36 7028 3 7086
467 31 9340 2 9389
468 37 29734 1 30234
469 3 5952 3 6687
470 19 7028 3 7419
471 2 24121 1 24625
472 9 12457 2 12777
473 12 42720 2 43386
474 1 16010 3 16471
475 1 32082 5 32777
476 21 951 2 977
477 36 17455 2 18122
478 21 13016 4 13654
479 12 22632 1 22736
480 1 19934 2 20356
481 1 45231 2 45755
482 26 26866 1 27485
483 36 8629 1 9278
484 13 39970 2 40046
485 1 27487 2 27864
486 26 45284 2 46182
487 37 17892 1 18540
488 1 39970 3 40493
489 18 30056 3 30226
490 1 23608 1 24317
491 35 46478 4 47070
492 18 26866 2 27529
493 19 39970 4 40430
494 35 17892 1 18205
495 3 0 1 722
496 19 4760 4 5440
497 1 40794 2 40894
498 36 26428 2 27061
499 31 42720 2 42924
500 1 10911 3 11380
501 1 26428 1 27487
502 23 12963 1 13599
503 36 20308 3 20467
504 1 20817 1 21160
505 26 19934 1 20308
506 36 40305 1 40411
507 26 12963 1 13651
508 12 12963 2 13162
509 28 29236 2 29636
510 1 8629 2 9721
511 13 31276 1 31915
512 12 31844 4 32032
513 23 36343 1 36405
514 26 41454 1 42081
515 6 12457 1 12521
516 35 0 1 550
517 28 16716 3 17440
518 20 24572 2 25007
519 20 18420 2 18643
520 12 15787 1 15909
521 4 7047 3 7754
522 21 13651 2 13808
523 8 38055 2 38493
524 26 31276 1 31462
525 16 31060 1 31425
526 28 38055 2 38354
527 19 15787 1 16120
528 38 40723 1 41327
529 6 4269 1 4690
530 3 31276 1 32234
531 11 26866 1 26939
532 20 39970 3 40681
533 19 17892 4 18328
534 21 18160 1 18817
535 1 41039 1 42720
536 15 5952 1 6552
537 16 38162 6 38661
538 3 16716 1 17247
539 21 24121 2 24397
540 1 46717 1 48154
541 1 31844 3 32082
542 19 0 1 489
543 9 4061 1 4293
544 29 4269 5 4927
545 26 14569 2 14841
546 1 45085 2 45231
547 1 29236 1 29261
548 36 25012 4 25698
549 18 42720 3 43402
550 4 41039 1 41060
551 3 5276 1 5743
552 26 8629 1 9021
553 33 38055 4 38127
554 4 15192 2 15279
555 26 17892 1 18420
556 26 7047 1 7333
557 26 5276 2 6007
558 30 31060 2 31629
559 26 0 1 951
560 30 38055 1 38482
561 12 38747 1 39077
562 12 36343 5 36440
563 12 46182 1 46250
564 9 24121 2 24409
565 1 5952 2 6480
566 16 7424 1 8144
567 1 29236 1 29673
568 35 4269 4 4709
569 10 19934 1 20236
570 2 44647 3 44794
571 19 14569 4 14932
572 19 40493 1 41105
573 28 17892 1 18468
574 2 5952 3 6027
575 21 40027 4 40324
576 6 40794 4 41427
577 1 15192 1 15342
578 1 12457 2 12754
579 3 30473 1 31276
580 36 39688 2 40047
581 28 23047 1 23378
582 36 39970 2 40361
583 12 25068 2 25678
584 1 18160 2 18826
585 21 39970 1 40205
586 39 13651 1 14041
587 26 42720 1 42767
588 29 12132 1 12845
589 28 40493 4 41159
590 18 4269 3 4950
591 37 13651 2 14177
592 26 38713 2 39520
593 35 12132 1 12432
594 3 38055 1 38799
595 17 40794 2 40815
596 26 24572 1 24831
597 28 17440 5 17853
598 10 7028 1 7748
599 16 17892 1 17973
600 21 31276 2 31836
601 3 45085 3 45790
602 37 25068 2 25283
603 26 7424 1 9340
604 36 21497 1 22056
605 16 4269 4 4975
606 26 20308 1 20817
607 1 46478 3 46623
608 30 25068 3 25318
609 27 17892 1 17941
610 10 7028 4 7568
611 8 18160 4 18712
612 28 19021 3 19209
613 15 31844 1 31990
614 26 19063 2 19968
615 21 25112 2 25755
616 28 23047 1 23271
617 19 36343 4 36652
618 17 26428 1 27152
619 3 4269 1 4770
620 24 7047 3 7238
621 1 25068 1 25892
622 21 18160 3 18771
623 28 31276 2 31879
624 31 14031 1 14646
625 26 22409 1 23038
626 33 38055 1 38565
627 30 36917 2 37045
628 1 18826 2 19934
629 36 40794 1 40904
630 28 31276 2 31937
631 19 38747 3 39257
632 32 14569 1 14664
633 35 38162 1 38285
634 21 17440 1 17887
635 21 31844 5 32348
636 37 40493 1 40727
637 31 24572 1 25151
638 36 40723 3 40847
639 3 26428 1 27136
640 1 33978 1 36343
641 8 7047 1 7355
642 15 21497 1 22244
643 13 5276 4 5877
644 37 38162 1 38873
645 4 20817 6 20998
646 3 24740 1 25745
647 1 951 1 2201
648 21 25012 3 25619
649 19 19934 1 20093
650 19 17892 1 18483
651 16 31276 3 31821
652 26 40305 1 40723
653 26 36660 2 37427
654 12 24831 1 25129
655 18 5952 1 6405
656 26 15192 2 15787
657 37 44647 1 45085
658 1 9820 1 10156
659 26 40027 1 40305
660 1 31060 2 31363
661 13 17892 4 18226
662 2 14569 1 14914
663 28 40794 1 40823
664 26 9820 2 9885
665 26 44647 1 45284
666 21 44647 1 45416
667 20 0 2 438
668 15 32234 1 32275
669 37 7424 1 8120
670 35 42720 5 43443
671 30 17892 1 18385
672 26 26578 3 26622
673 15 17892 1 18319
674 19 4269 3 4551
675 1 41039 4 41202
676 16 40794 2 41176
677 16 17148 3 17358
678 26 25937 2 26560
679 8 12457 1 13077
680 1 25937 1 26578
681 16 41454 1 41675
682 29 24121 2 24282
683 20 38713 2 39133
684 29 4760 1 5281
685 16 14569 4 14794
686 36 31276 3 31305
687 28 42720 1 43337
688 18 7424 2 7603
689 26 4269 1 4760
690 1 22200 2 22409
691 28 22632 1 23314
692 19 44647 2 44819
693 1 21564 2 22155
694 29 40493 3 40894
695 35 20817 1 21521
696 26 33414 1 34062
697 23 26866 1 27356
698 26 38713 1 39415
699 3 30452 1 30966
700 26 19021 1 19063
701 26 46182 2 46478
702 12 4061 4 4099
703 26 951 4 1338
704 10 31276 4 31332
705 20 38055 2 38526
706 21 24740 3 24875
707 28 31060 1 31424
708 4 40027 6 40141
709 4 14569 2 14628
710 1 7424 1 7599
711 28 24572 1 24802
712 26 3302 2 4061
713 28 4269 1 4452
714 12 24572 1 25006
715 4 38108 2 38409
716 2 29236 4 29323
717 1 5276 1 5952
718 34 46478 4 46920
719 36 20817 3 20940
720 31 31276 2 31517
721 28 30473 4 31190
722 3 44647 2 44966
723 16 7424 4 8067
724 16 13651 3 13703
725 4 40493 1 41163
726 2 12457 3 12736
727 26 25112 1 25937
728 37 18420 1 18709
729 1 21497 1 21712
730 37 5952 1 6491
731 36 47324 1 47547
732 35 39970 1 40000
733 1 4269 1 4307
734 12 32777 1 32949
735 29 24831 3 25460
736 12 30473 2 30773
737 30 6480 5 7199
738 28 16232 3 16716
739 12 39688 3 40092
740 1 25892 2 26428
741 12 24121 1 24248
742 3 46478 1 47900
743 26 16232 1 17413
744 26 4061 3 4269
745 19 16716 2 17262
746 15 12457 1 13109
747 12 29236 1 29605
748 26 42650 1 44171
749 16 9820 5 10454
750 3 5276 1 5603
751 36 26195 1 26867
 调度评估结果
1. 任务等待评估 (Σ 等待×权重): 137998754
2. 任务完成评估 (最大完成时间): 48154
3. GPU显存空闲评估 (平均空闲): 7291.92 GB/时间片
 额外统计
已调度任务               : 751/751
平均等待时间            : 18592.29
各服务器任务分布      : 服务器1=101, 服务器2=23, 服务器3=39, 服务器4=19, 服务器6=7, 服务器7=4, 服务器8=17, 服务器9=3, 服务器10=7, 服务器11=2, 服务器12=47, 服务器13=6, 服务器14=2, 服务器15=20, 服务器16=28, 服务器17=6, 服务器18=13, 服务器19=37, 服务器20=12, 服务器21=33, 服务器22=4, 服务器23=6, 服务器24=1, 服务器26=107, 服务器27=6, 服务器28=41, 服务器29=13, 服务器30=18, 服务器31=10, 服务器32=3, 服务器33=14, 服务器34=2, 服务器35=22, 服务器36=38, 服务器37=30, 服务器38=4, 服务器39=6
