1 12 19909 1 19946
2 4 21231 2 22867
3 13 23006 7 23602
4 6 31389 3 31906
5 4 2118 6 2832
6 12 3533 1 4160
7 2 14001 1 14076
8 14 42458 3 42583
9 12 5926 1 6084
10 4 25802 4 26070
11 14 25026 4 25775
12 4 7345 2 7369
13 2 40601 5 40721
14 4 24989 3 25026
15 3 40601 1 41308
16 12 23006 2 23748
17 15 44161 1 44200
18 3 42371 3 42633
19 6 30703 2 30921
20 4 27352 1 27918
21 14 246 1 367
22 16 32883 1 33340
23 18 41457 2 41615
24 3 4160 1 4576
25 12 38700 1 39512
26 11 11529 3 12265
27 12 28221 1 30138
28 23 41457 5 41690
29 22 40601 3 41042
30 14 14001 5 14136
31 3 20504 3 20994
32 8 1196 2 1677
33 15 38031 4 38423
34 4 17768 1 19102
35 12 7313 2 7884
36 20 4160 1 4828
37 25 39731 2 40292
38 12 8724 2 9137
39 4 0 1 246
40 2 14085 2 14671
41 4 36991 1 38755
42 18 14001 2 14648
43 24 6183 1 6921
44 2 19909 5 20287
45 2 4160 2 4552
46 4 44825 2 45639
47 4 16755 1 16842
48 14 26070 3 26656
49 20 0 1 91
50 4 16731 4 16755
51 12 14449 3 14634
52 12 673 2 911
53 4 31383 5 32115
54 19 46690 3 47309
55 9 27584 2 27793
56 12 33760 3 34425
57 12 33212 1 36991
58 2 28216 4 28830
59 12 13482 2 14001
60 3 14001 2 14209
61 4 5379 2 6183
62 4 25026 2 25100
63 11 33212 1 33370
64 18 42371 2 43074
65 17 2118 1 2348
66 4 30781 1 31383
67 12 19212 3 19909
68 2 20504 1 20622
69 12 21646 1 22016
70 4 19909 1 19968
71 15 41457 4 42154
72 15 16755 1 17176
73 14 32115 1 32419
74 12 32883 4 33212
75 16 6183 1 6823
76 12 32883 1 33760
77 4 26070 2 26702
78 16 25026 3 25257
79 17 4911 1 5430
80 4 1006 2 1196
81 14 2832 3 3513
82 22 20504 3 20884
83 12 7313 1 8122
84 25 41262 2 41498
85 21 6585 4 7072
86 12 23748 3 23856
87 17 25159 3 25628
88 25 38821 2 39557
89 4 19102 1 19339
90 17 32883 4 33284
91 16 41457 5 41522
92 12 4160 3 4719
93 6 42458 2 43208
94 14 44161 2 44202
95 9 33760 4 34261
96 12 14449 1 14593
97 12 18430 1 18480
98 10 8756 4 8881
99 20 12749 2 13013
100 4 44675 3 44825
101 4 13207 4 13704
102 4 27918 3 28216
103 2 1196 3 1767
104 2 27322 2 27963
105 12 8122 4 8724
106 23 42817 4 43053
107 12 41262 2 41365
108 12 12548 1 13300
109 1 13152 2 13474
110 6 22867 3 23278
111 12 14001 1 14038
112 12 15603 2 15737
113 2 38700 4 38957
114 2 25596 2 26138
115 15 22867 3 23535
116 4 32883 1 33359
117 22 39536 1 40165
118 4 42272 4 42439
119 23 14001 2 14449
120 12 37315 1 37684
121 2 21302 1 21705
122 3 42817 2 42893
123 24 19339 1 20055
124 12 6084 2 6285
125 3 32501 2 32892
126 22 22867 2 23032
127 6 14449 3 15151
128 2 11529 3 11671
129 12 22867 3 23209
130 16 18430 2 18621
131 12 27209 4 27584
132 4 23748 1 24137
133 4 7345 2 7741
134 7 14001 2 14184
135 16 2118 1 2251
136 4 19339 1 19867
137 18 18480 3 19117
138 12 31389 3 32370
139 16 8724 3 8970
140 13 13152 4 13402
141 9 22867 3 23467
142 12 5926 3 6585
143 1 33760 6 33984
144 1 37315 2 37826
145 2 6585 1 6656
146 14 19909 1 20140
147 24 30703 1 31346
148 12 44686 1 45870
149 4 6183 2 6393
150 12 5175 1 5926
151 22 41457 5 42129
152 19 7345 1 7599
153 14 15603 2 16146
154 3 31389 3 31827
155 4 4160 1 4274
156 11 5926 5 6593
157 12 10914 2 11175
158 2 39731 3 39831
159 4 246 3 826
160 16 1006 2 1339
161 21 30703 4 30876
162 12 22016 1 22229
163 3 6183 1 6821
164 14 32883 4 33362
165 15 42371 1 42508
166 3 12749 2 13078
167 14 18430 6 18595
168 18 22867 1 23073
169 12 14001 4 14177
170 12 3349 1 3533
171 17 26070 3 26484
172 12 40601 1 41262
173 12 12192 1 12548
174 4 27322 5 27352
175 12 4911 3 5187
176 23 14449 3 14471
177 16 0 4 45
178 4 32265 3 32760
179 4 0 3 309
180 17 10289 4 10786
181 3 38821 1 39007
182 12 6585 2 7313
183 24 14001 1 14485
184 12 16731 3 17253
185 4 31389 1 31410
186 12 30138 4 30703
187 4 14085 1 15918
188 4 4362 1 4911
189 9 38700 5 38747
190 12 25596 1 26018
191 4 32760 1 36441
192 14 10579 4 10812
193 14 12548 1 13248
194 12 22229 1 22605
195 12 10289 3 10914
196 14 7741 6 7865
197 23 246 4 602
198 4 4911 3 5044
199 14 4160 1 4350
200 16 14085 5 14479
201 4 11576 1 12528
202 22 10289 4 10328
203 2 18430 5 19020
204 15 26070 3 26707
205 17 5175 2 5331
206 11 33760 4 34196
207 12 3533 1 3894
208 14 10914 1 11079
209 16 22016 4 22461
210 25 28221 2 28255
211 9 18430 1 19169
212 4 4160 4 4362
213 25 47305 2 47523
214 12 12749 1 13482
215 4 6393 4 7345
216 15 39731 1 39990
217 4 12528 1 13152
218 12 21302 2 21646
219 14 8724 6 9316
220 20 41457 1 41812
221 15 4362 2 5079
222 14 38700 2 39245
223 3 24989 3 25632
224 2 7741 1 8035
225 4 1196 2 1727
226 12 46697 1 47305
227 12 42371 5 42790
228 4 30316 1 30781
229 4 26702 1 27322
230 4 16842 1 16983
231 16 22867 2 23456
232 12 42817 1 43431
233 14 5926 3 6012
234 17 20504 3 20685
235 17 6084 6 6148
236 25 20504 1 20570
237 3 30138 1 30753
238 12 30138 1 30340
239 15 6084 4 6418
240 12 17253 1 18430
241 9 41457 1 42120
242 23 12749 3 13323
243 14 6393 2 6811
244 4 7741 2 8756
245 22 0 1 40
246 16 17768 1 18304
247 12 14001 1 14293
248 17 12548 2 13190
249 14 28216 1 28750
250 12 45870 4 46697
251 3 22016 3 22331
252 12 8724 1 9119
253 12 15603 2 16352
254 16 18430 1 18782
255 14 30703 2 30948
256 14 40601 2 41334
257 14 20504 4 21061
258 20 6084 1 6580
259 22 38700 3 39397
260 12 30703 2 31389
261 2 2832 4 2974
262 12 27584 2 28101
263 10 6585 5 7116
264 3 11576 1 12046
265 2 32883 2 33402
266 23 30703 5 31467
267 4 911 1 1006
268 12 28101 2 28444
269 22 14001 1 14591
270 12 12548 2 12749
271 14 39731 2 39994
272 15 38755 2 39259
273 2 8756 5 9476
274 17 42817 7 43245
275 4 42439 2 43045
276 12 32501 2 32883
277 12 38031 2 38700
278 23 19909 1 20074
279 12 20504 4 21302
280 12 36991 1 37315
281 16 12548 3 12657
282 12 25596 1 25918
283 12 9119 1 9638
284 15 16983 2 17370
285 4 22867 1 23227
286 25 0 1 662
287 14 911 1 970
288 12 14634 1 15603
289 12 10914 2 11529
290 10 5926 5 5979
291 20 21231 1 21465
292 12 22867 2 23006
293 17 31389 2 32060
294 25 12749 1 13140
295 12 24989 3 25520
296 16 3533 1 3568
297 17 33212 2 33904
298 12 18805 1 19212
299 4 10579 3 10856
300 1 28221 1 28593
301 14 42371 1 42458
302 4 16983 1 17768
303 14 22867 5 23331
304 22 25026 3 25184
305 10 3349 1 3671
306 22 27352 5 27393
307 3 5175 1 5300
308 11 25026 1 25310
309 4 41457 1 42272
310 25 9119 1 9168
311 4 45870 5 46690
312 6 12749 5 13182
313 3 25596 2 25684
314 21 12548 6 13115
315 4 30138 2 30316
316 25 14001 1 14238
317 12 24038 1 25159
318 12 38031 1 38821
319 4 46690 1 47587
320 15 14001 3 14294
321 3 14449 4 15139
322 12 38821 2 39536
323 12 27584 2 28047
324 12 41457 1 42371
325 22 2118 1 2838
326 12 26401 1 27209
327 4 10914 1 11576
328 16 17253 4 17635
329 12 18480 5 18805
330 12 43431 2 44161
331 3 8724 5 9443
332 12 11576 1 12107
333 12 28101 3 28221
334 24 18480 1 18755
335 14 0 3 195
336 15 5926 2 6034
337 16 19212 2 19633
338 12 2821 5 3349
339 4 4911 1 5379
340 12 32370 1 32501
341 4 10114 3 10579
342 20 22867 5 23532
343 12 15737 1 16731
344 12 2118 3 2821
345 8 9119 1 9203
346 9 32760 2 33312
347 2 15603 5 16225
348 4 43431 1 44675
349 12 26018 2 26401
350 20 8756 1 8994
351 3 20504 2 20731
352 4 8756 1 9481
353 22 25596 2 26122
354 16 4911 1 5506
355 16 10914 2 11481
356 16 30316 1 30950
357 4 9481 3 10114
358 22 12749 3 12794
359 12 9638 4 10289
360 16 18805 4 18890
361 12 44161 1 44686
362 4 25100 4 25802
363 3 19102 3 19666
364 4 39308 2 40041
365 14 30138 2 30615
366 14 38031 1 38500
367 4 39308 1 39731
368 20 16755 2 17501
369 25 12548 2 12588
370 2 41457 4 42052
371 12 911 1 2118
372 4 20504 2 21231
373 12 4719 2 5175
374 12 19909 2 20504
375 1 20504 3 20957
376 12 47305 1 48231
377 2 5926 2 6551
378 1 42371 3 42874
379 15 8724 3 9043
380 2 30703 2 30753
381 9 39536 6 39804
382 17 30138 2 30176
383 21 8122 1 8450
384 11 38700 1 39290
385 2 6084 2 6487
386 4 28216 1 29087
387 25 11576 1 11697
388 11 8724 1 9160
389 12 11529 2 12192
390 3 22867 4 23030
391 19 21302 2 21917
392 25 22867 1 23030
393 4 40601 2 40901
394 10 42458 4 42755
395 11 18480 1 18626
396 19 8724 1 8806
397 3 7345 1 7820
398 12 25159 1 25596
399 22 28216 1 28742
400 16 42371 1 42968
401 22 44161 3 44811
402 9 0 4 157
403 14 6084 2 6422
404 14 31389 2 31717
405 22 31389 1 31895
406 12 30138 1 30367
407 11 42817 3 43093
408 4 22867 6 23318
409 12 41262 3 41457
410 11 27584 2 28107
411 8 12749 6 13413
412 4 3349 2 3886
413 2 42371 5 42968
414 16 31389 2 31685
415 24 11576 1 12173
416 4 47587 2 47898
417 11 30781 2 30956
418 3 5926 3 6168
419 15 7313 2 8003
420 14 2118 1 2498
421 3 39731 2 40250
422 12 23748 1 24038
423 4 39731 1 39974
424 12 0 4 673
425 17 22867 2 23315
426 16 13152 1 13316
427 4 13152 1 13207
428 17 42439 1 42817
429 22 16755 4 17169
430 4 2832 3 3460
431 4 38755 3 39308
432 14 40601 1 41204
433 4 12548 1 12889
434 10 14001 2 14696
435 25 14634 2 14792
436 12 37684 1 38031
437 21 3533 4 3784
438 14 19102 2 19829
439 4 24137 2 24989
440 16 3533 1 3554
441 4 14001 3 14085
442 24 22867 1 23173
443 12 19212 2 19334
444 3 8122 1 8617
445 12 39536 1 40601
446 4 32115 2 32265
 调度评估结果
1. 任务等待评估 (Σ 等待×权重): 76923907
2. 任务完成评估 (最大完成时间): 48231
3. GPU显存空闲评估 (平均空闲): 6268.05 GB/时间片
 额外统计
已调度任务               : 446/446
平均等待时间            : 16786.31
各服务器任务分布      : 服务器1=6, 服务器2=26, 服务器3=26, 服务器4=80, 服务器6=6, 服务器7=1, 服务器8=3, 服务器9=9, 服务器10=6, 服务器11=11, 服务器12=105, 服务器13=2, 服务器14=37, 服务器15=16, 服务器16=26, 服务器17=16, 服务器18=5, 服务器19=4, 服务器20=9, 服务器21=5, 服务器22=18, 服务器23=8, 服务器24=7, 服务器25=14
