1 1 776 6 1097
2 1 4440 6 4623
3 2 5165 2 5288
4 1 3733 1 4139
5 2 4877 2 4905
6 1 4139 5 4440
7 2 5165 1 6052
8 1 5750 1 6327
9 1 3359 3 3733
10 1 2719 1 2876
11 1 217 4 280
12 2 4877 1 5165
13 2 4440 1 4452
14 2 3733 1 4142
15 2 674 1 816
16 1 2876 2 2896
17 1 7 2 217
18 2 2130 2 2719
19 2 2719 1 3259
20 1 3359 2 3673
21 1 5165 6 5750
22 2 3259 1 3359
23 2 1588 1 2130
24 2 4452 2 4877
25 2 3359 1 3851
26 2 3359 1 3417
27 2 1123 2 1588
28 2 4139 1 4383
29 1 1123 6 1535
30 2 217 1 674
31 2 674 1 1123
 调度评估结果
1. 任务等待评估 (Σ 等待×权重): 426350
2. 任务完成评估 (最大完成时间): 6327
3. GPU显存空闲评估 (平均空闲): 441.04 GB/时间片
 额外统计
已调度任务               : 31/31
平均等待时间            : 1837.74
各服务器任务分布      : 服务器1=13, 服务器2=18
