1 12 11739 1 11873
2 4 1349 2 1824
3 13 2445 3 2543
4 8 1033 1 1327
5 2 6351 1 6400
6 11 1557 2 1796
7 21 5424 5 5651
8 8 3853 2 4336
9 2 11561 5 11902
10 1 5437 1 5447
11 13 1002 1 1263
12 14 6601 1 6742
13 24 410 2 655
14 13 3020 2 3194
15 21 10467 4 10489
16 22 11395 1 11934
17 12 6239 4 6691
18 25 11175 1 11656
19 13 4251 1 4545
20 19 2284 1 2493
21 5 10219 2 10399
22 6 11395 1 11723
23 20 1990 1 2139
24 7 5551 1 5606
25 21 5336 1 5424
26 21 5293 1 5313
27 2 7312 3 7349
28 27 7810 1 8172
29 27 4078 1 4417
30 1 2709 1 3198
31 27 10054 1 10403
32 20 11767 1 12279
33 21 3624 2 3630
34 8 302 3 528
35 16 8969 1 9358
36 26 1002 1 1275
37 24 10431 3 10787
38 21 2678 1 2730
39 14 9990 3 10481
40 5 8099 1 8176
41 27 10506 1 11249
42 21 9924 1 10431
43 12 263 1 670
44 20 8939 2 9255
45 2 3194 1 3750
46 5 6625 1 6838
47 14 10625 1 11183
48 13 9507 1 9635
49 8 5892 1 6106
50 8 10971 4 11395
51 13 27 2 446
52 12 6856 2 7353
53 8 6041 1 6513
54 2 7847 1 8078
55 5 7319 1 7835
56 8 10449 1 10793
57 1 8082 1 8412
58 22 7802 1 7838
59 28 5574 2 5736
60 9 9175 1 9321
61 14 1696 1 1918
62 6 11926 3 12371
63 21 9820 6 10257
64 20 3673 2 4118
65 11 7861 2 8075
66 2 5293 3 5463
67 2 210 3 483
68 24 1279 1 1696
69 9 7031 1 7365
70 12 9634 1 10139
71 12 9217 1 9476
72 20 10546 2 11020
73 2 9037 1 9256
74 8 8708 1 9193
75 2 4111 1 4613
76 6 583 2 852
77 24 11870 3 11987
78 14 5746 1 5935
79 24 11987 1 12228
80 14 11395 1 11739
81 20 987 2 1481
82 12 5700 4 6166
83 22 5361 3 5379
84 14 460 1 664
85 9 2709 1 2736
86 24 4504 2 4667
87 5 1781 5 1986
88 5 114 1 386
89 16 9950 2 10489
90 28 7312 2 7360
91 14 8521 2 8809
92 8 8356 1 8722
93 12 6723 2 7088
94 12 2731 1 3268
95 2 10476 2 10674
96 8 3633 1 3989
97 9 1776 1 1853
98 12 11211 2 11335
99 17 10719 1 10777
100 20 8746 2 8901
101 2 2388 7 2731
102 13 8893 2 8956
103 26 2072 1 2093
104 9 10774 1 10794
105 22 1886 3 2030
106 11 11187 4 11231
107 25 430 4 530
108 20 8414 1 8427
109 2 3968 3 4006
110 1 5726 2 6192
111 20 7402 1 7923
112 14 6064 2 6129
113 21 5873 1 7277
114 2 7421 3 7802
115 8 3020 1 3483
116 13 213 3 357
117 14 1402 1 1824
118 5 2051 1 2593
119 9 11835 3 12350
120 14 8622 1 8984
121 5 1260 1 1753
122 19 5639 1 6113
123 12 11573 1 11857
124 5 7038 7 7492
125 6 1829 2 2073
126 13 4815 1 4892
127 14 11739 1 11947
128 8 6221 1 6755
129 2 5858 1 6352
130 6 913 1 1079
131 11 8370 1 8775
132 27 11800 4 12205
133 17 11118 1 11481
134 8 4915 1 5024
135 2 1004 2 1431
136 26 11043 2 11300
137 8 8293 1 8514
138 14 6902 2 7438
139 9 2251 3 2627
140 16 3564 2 4083
141 21 4863 1 5073
142 20 7987 2 8092
143 13 9024 2 9362
144 13 11739 1 12042
145 11 8310 1 8846
146 6 371 2 465
147 2 451 1 621
148 24 4779 2 5274
149 22 11059 2 11360
150 21 9829 2 9846
151 26 7987 2 8297
152 8 11776 1 12326
153 24 8645 4 9084
154 12 165 1 346
155 14 8810 1 9008
156 1 10352 2 10556
157 16 9496 1 9868
158 27 1508 1 1943
159 28 9703 3 9940
160 20 1589 1 1657
161 12 8392 2 8499
162 21 1776 8 2080
163 26 364 2 371
164 14 10040 1 10466
165 21 10970 1 11096
166 1 244 2 759
167 8 6431 3 6959
168 21 7312 1 7553
169 25 5522 3 5593
170 24 11243 1 11346
171 5 3528 6 3647
172 1 11852 1 12083
173 21 2088 5 2226
174 27 658 2 1134
175 18 1002 1 1526
176 24 5293 1 5405
177 5 6882 1 6901
178 27 2361 2 2566
179 8 7312 1 8057
180 7 639 1 799
181 24 5685 4 5763
182 17 11592 1 11702
183 9 3590 2 3765
184 14 7910 1 8194
185 21 5424 1 5964
186 12 9523 1 10891
187 28 11887 3 12003
188 12 351 2 637
189 1 6910 1 7440
190 9 4783 1 5181
191 25 11984 3 12238
192 1 9994 1 10273
193 26 8962 1 9224
194 24 5538 1 5668
195 13 2242 2 2302
196 1 3421 2 3551
197 6 6608 6 7020
198 2 6282 2 6542
199 8 8091 3 8269
200 27 1002 1 1057
201 26 10308 1 10458
202 11 5727 2 5953
203 12 7802 1 8081
204 24 11765 1 11839
205 24 11438 1 11563
206 1 3022 2 3262
207 12 10157 1 10525
208 5 4179 1 4684
209 22 10241 3 10411
210 11 11846 1 12086
211 24 534 2 597
212 13 7802 1 8092
213 24 7872 4 8228
214 19 6898 1 7377
215 24 9735 1 9877
216 24 2168 1 2681
217 2 6095 2 6207
218 11 11980 1 12308
219 4 1014 1 1273
220 20 6666 2 7033
221 22 2355 1 2425
222 28 4577 1 4600
223 19 3553 5 3613
224 27 627 4 892
225 24 1834 1 2020
226 6 5774 2 6312
227 1 4199 2 4294
228 27 2709 3 3162
229 16 7312 2 7792
230 21 11565 2 11993
231 24 4681 2 4716
232 13 9700 4 9754
233 17 2805 2 2855
234 6 5343 1 5820
235 14 6754 1 7233
236 1 1002 1 1098
237 14 9006 3 9426
238 27 6310 2 6896
239 16 8598 2 8618
240 27 7312 1 7438
241 12 11973 1 12435
242 1 4930 2 5360
243 27 3455 2 3592
244 12 10229 1 10595
245 20 4680 1 5131
246 8 9901 3 10075
247 21 3860 2 4308
248 14 7429 2 7961
249 8 844 1 1033
250 19 4414 1 4437
251 11 312 1 810
252 22 6360 3 6796
253 21 1002 1 1776
254 12 11864 1 12239
255 17 540 1 547
256 9 3194 1 3304
257 13 10852 1 11201
258 20 2343 2 2761
259 13 8117 3 8321
260 5 5293 3 5771
261 8 1334 1 1742
262 1 1346 1 1817
263 5 9273 1 9470
264 24 1266 1 3209
265 14 1776 2 2289
266 24 11166 3 11844
267 14 8163 1 8636
268 12 692 1 1214
269 8 533 1 844
270 22 3020 2 3169
271 12 1241 1 1376
272 8 1181 1 1334
273 14 8672 2 9087
274 2 5661 1 5937
275 27 4652 1 4872
276 5 10701 2 11228
277 5 3020 3 3109
278 12 1218 1 1589
279 21 305 2 616
280 13 3456 2 4233
281 8 12326 2 12701
282 2 2731 1 2957
283 17 6597 2 6676
284 21 2709 3 2968
285 12 9423 1 9599
286 24 5546 1 5670
287 8 2002 1 2103
288 28 3731 1 4250
289 2 1182 2 1482
290 1 9838 2 9849
291 7 11818 2 11874
292 12 10727 1 11154
293 12 8818 3 9172
294 2 6431 1 6633
295 21 7802 4 8114
296 14 7449 1 7882
297 8 2757 3 2856
298 12 2303 1 2357
299 1 7450 6 7790
300 21 10378 2 10575
301 1 106 1 163
302 13 2504 3 2893
303 9 5320 2 5773
304 2 9365 1 9972
305 14 3020 1 3131
306 13 1973 1 2204
307 22 1334 2 1400
308 2 10893 1 12330
309 27 330 4 491
310 13 9758 3 10296
311 4 7329 1 7687
312 11 9751 3 10229
313 15 3551 3 4050
314 22 5837 4 6133
315 27 9982 1 10042
316 13 3194 5 3329
317 8 2336 1 2709
318 13 530 2 929
319 12 7312 2 7441
320 2 2388 1 2712
321 8 8745 1 9169
322 2 6604 5 7153
323 13 1345 2 1791
324 24 4779 1 5293
325 2 5372 4 5572
326 1 7802 5 7877
327 2 1497 3 1909
328 27 11422 6 11500
329 14 1889 4 2172
330 20 9945 1 10010
331 21 117 1 384
332 20 384 1 510
333 27 6992 2 7696
334 2 5496 6 5729
335 12 7494 3 7840
336 24 5686 1 5705
337 11 11739 1 11952
338 14 1392 1 1754
339 9 329 1 692
340 8 2073 3 2488
341 21 844 4 1002
342 8 5336 1 5779
343 9 8091 1 8625
344 24 2709 1 3258
345 13 5976 1 6148
346 28 166 6 602
347 13 8480 3 8848
348 8 3364 2 3829
349 14 11992 1 12518
350 12 5293 2 5660
351 9 7802 2 7898
352 17 6163 2 6442
353 9 4458 3 4787
354 24 8369 2 8478
355 24 4374 1 4787
356 12 6633 2 6681
357 6 1004 4 1343
358 21 8771 1 9313
359 27 1776 4 1950
360 5 4757 4 4779
361 14 5583 3 5879
362 11 4874 3 5033
363 27 264 1 379
364 5 736 1 999
365 14 7985 2 8480
366 6 10723 1 10948
367 21 3194 4 3589
368 21 10652 3 10744
369 1 3218 1 3336
370 1 9143 3 9672
371 8 11395 1 11561
372 12 10830 2 11762
373 1 1105 2 1308
374 19 10077 5 10089
375 2 7802 1 8215
376 12 7312 4 7599
377 26 1519 1 1934
378 24 7312 1 7835
379 8 2709 1 3020
380 2 8989 1 9194
381 22 7312 1 7778
382 12 179 2 212
383 13 5639 5 5962
384 12 7852 3 8175
385 13 5293 1 5639
386 1 4173 2 4646
387 1 8506 1 8919
388 14 11799 2 11889
389 27 5293 1 5725
390 2 3020 1 3051
391 4 3020 1 3064
392 6 670 4 1004
393 2 2286 3 2328
394 2 8700 2 8771
395 6 1123 1 1262
396 14 1004 1 1231
397 13 9857 2 10058
398 16 4393 2 4399
399 25 584 3 738
400 8 2543 2 2689
401 8 4077 4 4272
402 1 5512 2 5653
403 22 3511 2 3919
404 9 1004 2 1341
405 18 787 7 1320
406 8 2286 4 2547
407 21 11899 2 12023
408 2 844 6 1004
409 14 5714 1 5791
410 12 1377 4 1671
411 8 11852 3 12306
412 1 2709 3 2743
413 12 3939 5 4146
414 17 1654 2 2126
415 21 3756 1 3798
416 2 9761 2 10044
417 25 4106 3 4380
418 27 1991 1 2299
419 12 1589 1 1871
420 26 4159 1 4431
421 14 1602 1 1665
422 14 1174 2 1602
423 12 4703 1 5125
424 2 1457 4 1857
425 27 8275 1 9739
426 13 2375 2 2432
427 11 844 1 1140
428 21 10499 4 10836
429 13 6791 3 7338
430 12 8235 1 8690
431 13 6376 1 6667
432 28 3194 2 3649
433 14 402 3 652
434 20 3020 1 3344
435 8 6822 1 7312
436 28 7496 4 7537
437 5 8542 1 8737
438 2 10111 1 10548
439 14 1077 1 1194
440 2 10927 6 11277
441 16 6604 1 6641
442 13 10590 6 10785
443 27 4717 4 5043
444 28 5293 3 5313
445 17 1824 1 2081
446 8 5293 1 5336
447 21 742 4 825
448 14 5879 1 6204
449 19 8423 1 8868
450 1 10989 1 11426
451 14 9147 1 9370
452 1 1957 1 2335
453 1 10556 5 10642
454 21 3020 2 3493
455 5 9574 1 10101
456 21 8170 1 8590
457 24 844 2 1131
458 6 369 1 666
459 21 8372 3 8959
460 20 4185 2 4612
461 8 2272 1 2301
 调度评估结果
1. 任务等待评估 (Σ 等待×权重): 61818
2. 任务完成评估 (最大完成时间): 12701
3. GPU显存空闲评估 (平均空闲): 6130.60 GB/时间片
 额外统计
已调度任务               : 461/461
平均等待时间            : 27.09
各服务器任务分布      : 服务器1=29, 服务器2=39, 服务器4=4, 服务器5=20, 服务器6=14, 服务器7=3, 服务器8=40, 服务器9=16, 服务器11=13, 服务器12=40, 服务器13=32, 服务器14=38, 服务器15=1, 服务器16=8, 服务器17=9, 服务器18=2, 服务器19=7, 服务器20=18, 服务器21=35, 服务器22=13, 服务器24=30, 服务器25=6, 服务器26=9, 服务器27=25, 服务器28=10
