1 6 1569 2 1700
2 5 2255 1 2318
3 6 1686 1 1701
4 3 193 1 345
5 4 193 1 417
6 5 811 1 881
7 5 2360 1 2628
8 5 2280 1 2430
9 6 1105 1 1216
10 4 1080 1 1320
11 5 170 1 395
12 6 1022 1 1086
13 6 1697 1 1758
14 6 965 1 1234
15 4 979 1 988
16 6 1851 1 2020
17 4 554 1 749
18 6 1574 1 1709
19 6 882 1 890
20 6 162 1 450
21 5 1677 2 1714
22 6 862 1 958
23 4 322 1 587
24 5 2108 1 2211
25 5 322 1 382
26 4 633 1 888
27 5 2426 1 2669
28 6 2470 2 2533
29 4 1271 2 1424
30 4 957 2 1240
31 3 234 2 354
32 5 156 2 304
33 4 1392 1 1436
34 6 2296 1 2338
35 4 1206 1 1502
36 3 1855 1 1898
37 4 822 1 1029
38 5 1506 1 1605
39 5 1779 1 2022
40 5 1265 1 1332
 调度评估结果
1. 任务等待评估 (Σ 等待×权重): 0
2. 任务完成评估 (最大完成时间): 2669
3. GPU显存空闲评估 (平均空闲): 1440.82 GB/时间片
 额外统计
已调度任务               : 40/40
平均等待时间            : 0.00
各服务器任务分布      : 服务器3=3, 服务器4=11, 服务器5=13, 服务器6=13
