1 22 11312 1 11536
2 16 10708 1 11450
3 15 10708 2 11697
4 46 14826 1 14994
5 35 10708 4 11691
6 13 9105 4 9781
7 48 6486 1 7294
8 37 19623 1 19926
9 25 16547 1 16797
10 2 8093 1 9074
11 42 19447 2 19910
12 39 10862 2 11937
13 21 22593 1 23488
14 44 17410 1 17579
15 43 5336 1 6396
16 32 22593 1 22754
17 21 8093 1 8336
18 27 19447 1 19782
19 51 18162 1 18833
20 7 2272 2 3223
21 8 12462 1 13057
22 19 8502 1 8751
23 5 15683 1 16354
24 5 17410 1 18023
25 45 14579 1 14666
26 2 10708 1 11359
27 33 11834 1 12072
28 43 17410 1 18162
29 42 9171 2 9662
30 18 6486 3 7425
31 46 6486 2 7374
32 40 22640 1 23488
33 13 22593 2 22758
34 1 13598 1 13823
35 48 18162 2 18662
36 36 18162 1 18492
37 45 9447 1 10403
38 16 20770 1 21455
39 3 4376 1 4996
40 18 16290 2 16889
41 3 15238 1 15489
42 49 19623 1 20492
43 43 19623 1 20067
44 49 14826 1 15274
45 48 20416 1 21086
46 42 6924 1 7330
47 24 14826 1 15500
48 6 5336 1 5889
49 39 12462 1 12619
50 42 7412 3 7633
51 51 22593 2 23212
52 38 19868 3 20185
53 16 14826 1 15477
54 3 10708 1 11489
55 39 21009 1 21388
56 32 22124 1 22277
57 33 22124 1 22214
58 21 21443 1 22640
59 10 8336 1 9042
60 16 9105 2 9852
61 38 3505 3 3604
62 16 15683 4 16359
63 21 16547 2 17192
64 1 20416 1 21150
65 30 9171 1 9313
66 32 9447 3 9956
67 21 19623 2 19710
68 39 12031 1 13069
69 50 8093 1 8715
70 32 20770 1 21295
71 12 21789 2 21916
72 47 4376 3 4545
73 22 12194 1 12426
74 50 14686 2 15207
75 16 20277 2 20671
76 42 15306 1 15543
77 13 15238 1 15516
78 10 5324 1 5951
79 11 5324 2 6134
80 48 14579 1 14819
81 42 14579 1 14686
82 10 11979 1 12704
83 24 6924 1 7280
84 23 19447 1 20122
85 21 11022 2 11636
86 32 12913 2 13691
87 4 9447 1 9823
88 10 17924 2 18696
89 39 15238 1 15898
90 37 16547 2 16931
91 44 5624 2 6404
92 31 16290 3 16866
93 50 17239 1 17923
94 40 12652 1 13185
95 18 22593 1 22798
96 43 14231 1 14968
97 43 6 1 632
98 51 17924 1 18311
99 8 20770 1 21286
100 47 11874 1 12353
101 4 17239 2 17394
102 32 19623 2 19978
103 23 4376 1 5152
104 49 11937 1 12249
105 2 9171 2 9566
106 16 19623 1 20193
107 14 8502 1 9022
108 15 21443 1 21635
109 20 18410 4 18951
110 33 7412 1 7901
111 30 10708 1 11022
112 6 6924 1 7697
113 8 13893 1 14480
114 28 10708 2 11055
115 24 11937 2 12538
116 21 14412 1 15021
117 40 11834 1 12083
118 24 22663 1 23101
119 45 20277 1 20730
120 27 21123 1 21826
121 21 12899 3 13566
122 46 0 1 639
123 42 6924 2 7412
124 49 4376 1 4956
125 26 11874 1 12332
126 10 12194 2 12794
127 19 11874 1 12409
128 16 13893 1 14058
129 6 19447 1 20113
130 9 21443 3 21590
131 27 16518 1 16689
132 44 18162 3 18634
133 26 7412 1 7606
134 32 17410 1 17659
135 26 20770 1 21123
136 27 4376 1 5058
137 32 21009 1 21212
138 26 5336 2 5969
139 30 22593 1 22686
140 26 14579 2 14888
141 36 14826 1 14978
142 26 19868 1 20438
143 46 19447 4 20193
144 47 14159 3 14436
145 4 13598 1 14231
146 4 19623 2 20651
147 16 14579 2 15444
148 10 21608 1 21887
149 18 15762 1 16169
150 26 10708 1 11683
151 4 8336 2 8645
152 21 3505 1 3684
153 5 12767 2 13615
154 43 11272 1 11905
155 3 6024 1 6200
156 32 5336 1 6106
157 18 6024 2 6152
158 40 21621 1 22513
159 19 15762 2 16376
160 2 17924 4 18573
161 20 6924 1 7849
162 39 7654 2 8311
163 8 15762 1 16503
164 19 10708 1 11100
165 22 15238 1 15838
166 1 13893 1 14418
167 42 14126 2 14686
168 7 22593 4 23022
169 44 5324 1 5513
170 23 16547 1 16782
171 33 15762 1 16862
172 26 19603 1 19840
173 25 14579 2 15536
174 22 17924 1 18571
175 28 17410 3 17824
176 5 5336 2 5457
177 39 19447 1 19706
178 32 6924 1 7564
179 40 19623 1 19966
180 23 21608 1 21794
181 26 6924 1 7256
182 32 17410 1 18098
183 27 6924 1 7846
184 13 15762 1 16525
185 47 3505 3 3746
186 39 16290 1 16876
187 8 16547 1 17235
188 5 8093 2 8406
189 19 14826 1 15437
190 16 8501 2 9231
191 18 19623 3 20250
192 39 9447 1 10405
193 43 11937 1 12652
194 4 14231 2 15009
195 51 11536 1 12462
196 17 6924 1 7476
197 33 17517 2 18410
198 10 11022 2 11312
199 36 12462 2 13201
200 21 20770 2 21319
201 51 13481 1 14159
202 42 18143 2 18985
203 39 16547 1 17409
204 39 19868 1 20374
205 23 20277 1 20400
206 30 3505 2 4683
207 39 11937 2 12046
208 34 15409 1 16010
209 2 22593 2 22777
210 42 9750 2 9937
211 21 6054 1 6985
212 28 8093 1 8271
213 47 13598 1 13739
214 21 13598 3 14480
215 42 3505 2 4376
216 46 5336 1 5858
217 8 4376 1 4553
218 33 8502 2 9208
219 43 9171 1 9688
220 26 13481 2 13848
221 12 18162 1 19137
222 27 22124 1 22697
223 13 19623 1 20552
224 31 3505 1 4182
225 25 5336 2 5850
226 1 11022 1 11154
227 39 21009 1 21760
228 16 5624 1 6505
229 7 18774 4 18896
230 42 13598 2 14126
231 44 21443 1 22046
232 33 13435 1 15027
233 48 21443 1 22294
234 11 8093 1 9015
235 30 16290 1 16882
236 45 11937 2 12449
237 25 12767 2 13173
238 1 19603 1 20017
239 42 21443 1 23314
240 8 21443 1 21859
241 2 11834 1 12382
242 19 8093 2 8465
243 21 18143 1 19048
244 43 20277 1 21158
245 6 12652 1 12973
246 46 22124 2 22663
247 46 9171 4 9447
248 30 21443 1 21529
249 10 22640 3 23312
250 29 17410 1 18174
251 50 13893 1 14589
252 51 9750 1 10194
253 47 19623 1 19708
254 36 21443 2 22229
255 11 9447 1 10409
256 3 17410 1 17735
257 25 10708 1 11524
258 25 20416 1 20932
259 11 13893 2 14824
260 32 20277 2 20787
261 31 9171 2 10087
262 1 11874 1 12751
263 25 17410 1 17758
264 33 6924 1 7188
265 33 18554 1 19332
266 4 18162 1 18395
267 21 4376 1 5125
268 22 9750 1 10276
269 9 9171 3 9830
270 32 2272 1 3076
271 21 12652 1 13134
272 42 16562 1 19447
273 1 21443 1 21895
274 22 6054 2 6962
275 4 17410 1 17514
276 2 14579 2 14682
277 13 11022 2 11518
278 2 19447 1 20485
279 27 17410 2 17772
280 3 14579 1 14675
281 42 3505 2 4366
282 42 15027 2 16130
283 46 21278 2 21616
284 39 13435 1 13912
285 13 21443 1 21555
286 49 22124 1 23020
287 35 14826 3 15204
288 10 12899 2 13598
289 30 20277 2 20770
290 26 22640 1 23584
291 13 14231 2 14365
292 20 22124 3 22313
293 3 15762 1 16257
294 51 14159 2 14826
295 48 11874 2 12757
296 23 22124 1 22382
297 45 18162 1 18536
298 50 15370 5 15642
299 2 23 1 2272
300 47 14826 2 15317
301 40 14826 1 14981
302 30 15370 1 16043
303 44 10708 2 11327
304 26 3505 1 3766
305 3 19447 1 20268
306 8 6924 1 7812
307 7 10708 1 10912
308 48 15409 1 15582
309 6 15683 1 16542
310 43 6396 1 6999
311 31 4 2 715
312 27 10708 1 11339
313 31 6924 3 7263
314 19 19447 1 20232
315 21 22640 1 24348
316 27 20303 1 20728
317 23 17924 1 18367
318 10 10862 1 11159
319 12 6924 2 7161
320 16 11834 4 12669
321 26 21443 4 21954
322 2 16547 1 17611
323 12 8093 2 9002
324 50 22593 5 22759
325 46 5336 1 6315
326 25 6054 4 6557
327 39 14826 2 15238
328 32 11874 1 12331
329 34 56 3 305
330 2 13598 1 14310
331 39 20416 2 20827
332 23 14412 1 15373
333 35 19603 4 20532
334 13 14579 1 15097
335 22 13893 1 14506
336 27 5336 2 6095
337 27 20770 1 20863
338 45 22593 2 23556
339 3 17924 1 18254
340 9 19623 1 19825
341 4 6054 1 6278
342 39 18162 1 19239
343 47 8336 1 8472
344 51 5624 1 6412
345 22 4848 1 5083
346 42 6486 2 7112
347 42 16290 1 16518
348 26 17410 2 17806
349 51 21443 1 22098
350 31 19868 1 21239
351 10 19623 1 19780
352 13 10708 1 10950
353 42 8424 1 9171
354 15 9171 1 10054
355 50 15762 1 16561
356 16 8501 1 8860
357 15 7083 1 7290
358 20 17410 3 17645
359 3 9750 1 9917
360 51 13598 1 13925
361 3 22593 1 23521
362 42 10708 3 11287
363 42 5380 1 6244
364 20 4376 1 5315
365 25 8093 2 8181
366 18 13893 2 14153
367 5 7412 1 7889
368 30 19868 1 20202
369 30 11022 1 11820
370 37 14826 2 15358
371 27 9171 1 9690
372 12 19447 5 19939
373 10 15879 1 16857
374 11 15683 1 15903
375 42 5624 2 5826
376 22 19623 1 19933
377 6 10862 2 11779
378 28 22593 2 23123
379 32 8093 1 8194
380 32 11467 1 11617
381 32 13481 1 14180
382 36 8336 4 9174
383 32 10708 1 10881
384 30 9447 2 10661
385 23 21443 1 21590
386 32 4376 1 4536
387 51 5324 1 5697
388 20 6024 1 6594
389 26 9171 1 9654
390 23 13598 1 14332
391 27 8336 2 9064
392 42 13893 2 14625
393 24 19603 2 20108
394 4 43 1 594
395 35 8336 4 9071
396 42 21123 2 21264
397 14 14826 3 15562
398 42 11287 1 12913
399 31 17239 1 17914
400 49 15274 1 16102
401 10 9447 1 9684
402 2 5624 1 6486
403 49 16562 1 16960
404 7 15370 4 15483
405 21 20416 1 21278
406 21 21278 2 21574
407 12 13893 1 14004
408 37 8502 1 8929
409 7 17410 4 18375
410 8 19603 1 20466
411 20 16547 3 16966
412 7 9171 3 9895
413 47 18410 4 19348
414 13 21009 1 21403
415 7 14579 3 15096
416 21 2272 4 2686
417 25 13598 2 14560
418 36 12194 1 12600
419 30 21621 3 21973
420 28 21443 3 21563
421 9 4683 1 5048
422 34 13598 1 13980
423 14 15779 1 16347
424 39 13893 1 14561
425 46 12899 1 13263
426 44 11467 3 11565
427 42 20462 1 21043
428 36 20462 1 20595
429 31 14826 2 15832
430 49 12462 1 13350
431 33 19447 1 19587
432 50 20770 3 21608
433 33 12767 1 13206
434 31 18774 2 19681
435 42 20277 1 21443
436 4 12899 2 13563
437 24 8681 1 9590
438 43 4376 1 5336
439 16 12899 1 13730
440 25 21608 3 22318
441 51 6924 1 7190
442 45 21123 1 21828
443 4 15409 1 16030
444 39 22124 1 23084
445 43 10708 1 11250
446 4 7083 1 8108
447 39 14126 1 14763
448 45 5324 2 6015
449 16 5324 1 5446
450 30 16290 1 16922
451 25 22593 1 22884
452 43 8093 1 8947
453 42 14686 2 14901
454 51 15409 1 15856
455 1 22124 1 22934
456 15 11937 3 12380
457 14 11937 2 12737
458 18 10708 3 11641
459 42 14978 1 15097
460 26 14579 1 15180
461 12 22640 2 22940
462 15 14826 2 15146
463 6 18554 2 19066
464 21 5324 3 6054
465 27 19868 1 20303
466 1 16518 1 17516
467 15 17924 2 18599
468 51 4376 2 4783
469 33 32 2 594
470 50 4848 1 4944
471 47 19868 2 20863
472 43 13481 1 13852
473 19 13893 1 14118
474 46 3505 3 4471
475 42 20277 2 21749
476 24 14159 1 14679
477 10 11312 3 11979
478 23 15409 1 16090
479 26 11467 2 12735
480 18 18554 1 18790
481 25 9750 1 10516
482 26 4376 3 4966
483 15 21123 1 21507
484 47 6924 2 7229
485 33 12767 1 12899
486 29 8336 1 9173
487 39 8336 1 9162
488 44 6486 1 7021
489 10 13598 1 13912
490 28 19603 3 19990
491 40 11536 1 11699
492 30 5624 1 7616
493 39 18143 1 18461
494 15 15238 3 15409
495 49 9447 1 9582
496 44 13893 1 14553
497 22 8336 1 9302
498 14 11834 1 12279
499 16 8336 1 8501
500 48 14826 2 15212
501 2 22124 2 22593
502 26 22124 3 22617
503 21 15306 1 16842
504 2 5324 2 5544
505 10 15409 1 15789
506 33 15027 2 15762
507 35 19447 3 19538
508 39 10708 1 11874
509 48 12 2 671
510 27 11874 2 12516
511 28 8502 2 8619
512 12 12194 4 12685
513 40 13185 1 13528
514 27 8093 1 8320
515 39 11874 1 12031
516 23 5324 1 5769
517 42 17924 1 18403
518 46 14412 1 14673
519 48 8093 1 8783
520 32 8336 1 9268
521 43 15238 1 15779
522 13 17410 3 17831
523 5 5820 1 6791
524 35 13893 3 14355
525 31 21443 3 21963
526 29 14231 2 14356
527 10 20277 1 21076
528 23 10708 1 11706
529 51 17410 1 17924
530 46 11467 2 12032
531 27 2272 1 2778
532 10 14126 1 14560
533 40 13893 1 14379
534 42 12913 2 13335
535 41 10708 2 11299
536 51 14826 1 15342
537 2 12899 2 13253
538 22 14412 1 15218
539 7 13893 4 14487
540 13 11834 2 12087
541 46 17410 1 18174
542 44 8501 2 8681
543 40 20277 1 21193
544 23 6924 1 7780
545 27 12899 2 13733
546 7 4376 2 5038
547 13 10708 2 11661
548 50 21608 5 22053
549 18 17924 1 18219
550 36 5324 4 5820
551 46 8093 1 8417
552 26 5336 2 5774
553 7 19603 2 20589
554 3 20277 1 21097
555 7 21443 1 21605
556 3 8093 1 8934
557 37 9750 1 10617
558 39 6486 1 7083
559 15 21608 1 22103
560 24 8093 1 8665
561 30 14412 2 14850
562 26 12462 1 13353
563 26 17410 1 18267
564 21 17410 1 18088
565 27 15683 1 16098
566 43 15779 1 16308
567 5 21443 1 21888
568 30 17239 2 18310
569 33 5378 1 5624
570 7 11834 2 12674
571 47 19447 4 19581
572 16 17924 1 18744
573 8 5820 1 6768
574 36 5820 4 6359
575 26 6024 3 6276
576 26 13893 2 14579
577 43 2272 1 3515
578 39 20374 1 21009
579 41 15409 1 15509
580 46 8502 1 8969
581 42 19910 1 20441
582 31 8093 1 9150
583 45 8093 1 8866
584 31 32 2 800
585 43 12652 1 13481
586 22 12652 1 13482
587 38 16518 1 17175
588 51 20277 1 21789
589 22 20277 2 20371
590 29 5324 1 5858
591 29 21443 4 21774
592 11 10708 1 11633
593 39 9171 1 9292
594 45 14826 2 15499
595 50 16547 3 16699
596 33 5624 1 6024
597 48 19447 1 20081
598 11 4376 1 4921
599 5 22593 1 22991
600 32 14978 1 15393
601 39 13598 1 17066
602 21 6054 1 6642
603 18 12652 1 13296
604 7 12899 3 13570
605 2 11312 1 12260
606 17 17410 1 18402
607 9 5820 1 6126
608 8 5324 1 5470
609 22 13598 1 14244
610 51 7412 1 8319
611 39 7083 1 7654
612 5 22124 2 22246
613 16 20770 1 21287
614 20 15370 5 16328
615 38 22124 2 22546
616 3 14826 1 15124
617 13 12462 1 12704
618 36 15306 3 15536
619 36 12194 2 12402
620 40 19623 1 20251
621 34 10708 2 10824
622 11 18774 1 20215
623 23 11874 1 12336
624 10 16518 1 17133
625 45 12899 1 13262
626 11 20770 3 21641
627 31 11834 1 13007
628 48 22593 1 23503
629 47 22593 1 23590
630 1 5336 1 5942
631 4 21009 1 22191
632 15 19623 2 20416
633 48 12899 2 13369
634 26 8093 1 8803
635 4 10708 1 12013
636 4 4376 1 5615
637 48 22593 1 23543
638 14 21443 1 21795
639 24 4376 1 4492
640 28 12767 1 13074
641 23 12652 1 13543
642 4 22640 1 23430
643 10 14579 1 15348
644 10 21278 1 22140
645 18 14579 3 15414
646 14 19623 1 20489
647 23 3505 1 4348
648 24 20277 1 21120
649 42 21443 2 21960
650 2 3505 3 4337
651 5 18410 1 18767
652 50 9750 3 10625
653 50 12031 3 12664
654 43 9750 1 10412
655 10 20277 2 21008
656 16 11022 3 11471
657 39 12194 1 12281
658 46 16290 1 16903
659 10 12767 2 12893
660 9 15409 2 16338
661 50 13893 1 14123
662 2 14826 2 15475
663 22 9447 1 9538
664 51 20303 1 21112
665 31 22593 1 23508
666 28 13893 1 14243
667 30 8093 3 8842
668 21 11834 2 12342
669 33 2272 1 2712
670 42 8093 1 8386
671 22 14579 1 15083
672 25 18410 1 18897
673 3 13598 1 14511
674 42 15683 1 16274
675 39 8093 1 8955
676 51 4783 2 5324
677 40 14981 1 15370
678 10 13598 1 13994
679 16 16547 1 17367
680 7 8093 2 8817
681 26 6024 1 6412
682 29 19623 4 20076
683 21 10708 4 10862
684 36 6486 3 7462
685 33 18410 1 18554
686 42 15238 2 15683
687 10 15762 1 15879
688 2 4376 3 5360
689 2 7523 1 8093
690 47 5378 1 6188
691 30 12194 3 12412
692 5 16547 2 16781
693 10 4848 2 5654
694 5 20416 1 21097
695 49 21443 1 21859
696 33 19447 1 19603
697 13 8501 4 9105
698 10 8336 2 9099
699 31 5624 2 6166
700 29 11272 1 11833
701 51 9750 1 9857
702 16 7083 2 8047
703 32 21443 1 21598
704 42 4376 2 5380
705 39 22593 1 23470
706 33 4376 2 5378
707 26 9750 3 10608
708 47 9171 2 9422
709 30 11022 2 11773
710 5 11834 2 12521
711 37 14412 2 14596
712 12 10708 3 10788
713 23 5820 1 6754
714 42 9750 1 10708
715 30 17924 1 18808
716 42 5624 2 5920
717 33 10708 1 11272
718 2 9750 4 10301
719 40 11467 1 12386
720 7 15683 4 16319
721 26 21123 1 21402
722 47 21443 2 21772
723 32 19623 1 20577
724 6 14579 1 15117
725 42 22124 1 23671
726 23 2272 1 3033
727 39 12767 2 13558
728 29 15409 2 15854
729 50 6024 4 6391
730 25 3505 2 3790
731 30 12899 2 13017
732 42 18410 1 18774
733 44 8681 3 9589
734 42 14686 2 14967
735 3 12194 1 12828
736 1 8502 1 9495
737 2 2272 1 3505
738 44 20770 2 21279
739 2 13893 2 14437
740 45 20770 2 20964
741 11 56 2 916
742 33 9750 1 11225
743 30 13481 2 14412
744 44 4376 1 5087
745 5 6054 1 6982
746 44 22593 2 23480
747 8 11874 1 12403
748 40 17924 1 18496
749 32 15409 1 16018
750 14 9171 2 9453
751 16 10708 3 10837
752 13 12899 1 13501
753 14 11312 1 11768
754 43 16547 1 17146
755 21 12462 3 12680
756 36 16290 4 16838
757 37 21443 1 21924
758 11 3505 2 3610
759 39 18162 1 19440
760 13 17924 1 18417
761 36 14978 1 15306
762 51 9105 2 9728
763 37 17410 2 18237
764 18 20416 1 20520
765 44 11937 1 12720
766 51 21789 1 21966
767 50 12899 2 13182
768 8 9750 1 10101
769 33 3505 2 4111
770 16 21443 1 22031
771 49 11467 1 11769
772 21 9485 4 9775
773 5 14579 2 15426
774 26 20374 3 21177
775 22 12767 1 13556
776 5 18143 2 18226
777 49 20932 1 21268
778 51 11022 1 11995
779 32 16167 2 17020
780 24 21123 1 21998
781 44 9750 1 10287
782 51 14826 1 16757
783 15 10708 1 11373
784 3 12031 1 12194
785 26 22124 1 23310
786 36 12899 2 13279
787 33 17410 2 17517
788 48 4376 1 5032
789 25 19447 4 20024
790 5 19447 2 20240
791 50 10708 1 11206
792 1 7412 1 8351
793 37 16290 1 16717
794 33 21608 1 22122
795 9 17239 2 18050
796 25 20932 1 21298
797 39 21443 1 22430
798 33 22124 1 22874
799 1 3505 1 4455
800 25 13 3 138
801 40 21443 1 21541
802 37 13893 2 14214
803 46 13598 3 14311
804 40 16167 1 16290
805 1 17924 1 18550
806 22 11874 1 12044
807 10 14579 2 14919
808 32 14579 1 15372
809 51 10708 1 11536
810 25 4376 1 5050
811 47 17410 2 18011
812 33 9447 1 10172
813 51 46 1 326
814 26 2272 3 2387
815 30 17011 1 17439
816 33 12194 2 12767
817 51 5324 1 5562
818 50 19623 1 20373
819 6 21123 1 21851
820 4 16518 1 17239
821 36 17410 4 17537
822 18 8336 1 8477
823 33 8093 1 8502
824 5 10708 1 11479
825 8 8502 1 9195
826 31 7412 2 7699
827 12 20770 2 21734
828 44 16547 2 17689
829 30 20770 2 21621
830 36 6486 1 6684
831 2 6486 2 7523
832 33 20770 2 21485
833 17 13893 2 14528
834 42 19603 2 20088
835 9 13893 1 14525
836 47 4683 1 5116
837 29 11874 1 12161
838 30 13481 1 13976
839 11 22593 2 23543
840 32 11874 3 11954
841 42 6024 1 6616
842 36 9485 4 10088
843 42 7412 1 8424
844 30 19623 1 19868
845 23 8093 1 8546
846 44 12899 1 13460
847 21 8336 1 9485
848 16 6054 1 6868
849 27 13893 2 14686
850 42 16290 2 16562
851 7 5624 4 6165
852 30 12462 2 12758
853 46 20277 1 21253
854 16 9750 1 10600
855 5 3505 1 4038
856 49 18143 1 18548
857 32 8336 2 9080
858 42 16518 2 17767
859 25 8501 2 8972
860 39 21621 1 22158
861 6 8424 1 8882
862 32 6924 1 7305
863 6 17410 2 18396
864 42 18774 2 19102
865 50 11937 2 12411
866 30 14412 1 15047
867 43 7083 1 8071
868 11 10708 1 11411
869 6 3505 2 4160
870 21 19623 1 20482
871 51 6924 1 7540
872 9 2272 1 3261
873 33 20770 2 21664
874 5 4376 2 4826
875 13 18162 3 18318
876 21 6924 1 8055
877 2 20770 1 22124
878 30 14978 1 15899
879 51 16290 1 17011
880 23 17410 1 17617
881 23 20416 1 21027
882 42 8093 1 9081
883 39 6054 1 6583
884 20 21278 3 21874
885 13 4783 2 5702
886 28 9447 3 10386
887 51 12462 1 13091
888 4 9171 3 9270
889 20 17011 4 17385
890 43 21443 1 22247
891 5 9105 1 9391
892 3 16562 1 16858
893 48 5324 1 6109
894 33 19603 1 20467
895 23 22640 1 23360
896 9 12899 2 13339
897 38 4376 1 4837
898 2 15475 1 16076
899 46 14994 2 15958
900 12 4376 2 5270
901 36 6024 2 6251
902 44 3505 1 3846
903 25 12652 3 12745
904 33 11834 1 12093
905 30 4683 1 5490
906 15 20416 3 20948
907 48 13893 2 14517
908 21 17011 2 17938
909 43 22593 1 23241
910 45 17410 2 17540
911 51 8093 1 8752
912 33 11467 1 11834
913 48 9750 1 10748
914 44 15683 1 16272
915 44 14579 3 15339
916 36 20770 1 20864
917 27 14826 1 15595
918 26 12899 2 13576
919 26 13598 2 14266
920 33 22593 1 23005
921 8 18774 1 19429
922 8 14579 1 15513
923 22 5336 2 5951
924 41 20416 1 20730
925 11 17924 1 18488
926 32 13893 2 14351
927 10 19868 1 20198
928 39 17410 2 18143
929 7 14412 3 15318
930 43 18162 1 19623
931 31 10708 3 11199
932 3 21123 1 21831
933 46 22663 1 23820
934 11 16547 2 17062
935 44 19447 1 20417
936 22 21443 1 21786
937 33 15762 1 16139
938 39 19447 2 20292
939 44 17 1 1257
940 26 15762 5 16433
941 25 11874 4 12572
942 22 22640 1 23077
943 16 5336 3 5818
944 29 20416 1 20855
945 36 20277 3 20462
946 33 6024 1 6924
947 26 4376 2 4512
948 33 11272 2 11467
949 32 2272 3 2852
950 19 9750 1 10551
951 28 6924 3 7679
952 16 22593 3 22901
953 10 4376 1 5102
954 17 9171 2 9610
955 30 4848 1 5562
956 21 4376 1 4645
957 51 6024 1 6412
958 33 16290 1 17105
959 39 4683 2 5599
960 21 10862 2 11811
961 31 4376 3 5220
962 41 21009 1 21240
963 8 22593 1 22953
964 42 8424 3 8722
965 5 9447 1 10221
966 51 19623 2 20277
967 44 22124 1 22304
968 35 21443 2 21896
969 42 7112 1 8003
970 16 8501 1 8771
971 39 5624 1 6384
972 28 12 2 530
973 40 16290 1 16547
974 11 6486 1 7061
975 2 8093 1 9330
976 46 9750 1 10049
977 39 9171 1 9475
978 51 17011 1 17410
979 39 4848 1 6361
980 40 13598 1 13893
981 10 15306 2 16176
982 11 12031 2 12911
983 39 4376 1 4848
984 15 15409 3 16179
985 20 11022 2 11114
986 21 14826 1 15811
987 30 4683 1 4843
988 23 9171 1 9767
989 40 15370 1 16167
990 46 9447 3 9566
991 8 11022 1 11697
992 40 16547 1 16961
993 1 14826 1 15742
994 36 22663 1 23187
995 26 16547 1 17310
996 22 20416 1 21160
997 31 13481 2 14209
998 33 12899 1 13435
999 8 17410 1 17978
1000 26 10708 2 11320
1001 42 9447 2 9750
 调度评估结果
1. 任务等待评估 (Σ 等待×权重): 108859930
2. 任务完成评估 (最大完成时间): 24348
3. GPU显存空闲评估 (平均空闲): 4221.01 GB/时间片
 额外统计
已调度任务               : 1001/1001
平均等待时间            : 10862.99
各服务器任务分布      : 服务器1=15, 服务器2=27, 服务器3=19, 服务器4=19, 服务器5=23, 服务器6=12, 服务器7=18, 服务器8=19, 服务器9=10, 服务器10=31, 服务器11=17, 服务器12=11, 服务器13=20, 服务器14=9, 服务器15=14, 服务器16=28, 服务器17=4, 服务器18=14, 服务器19=9, 服务器20=11, 服务器21=34, 服务器22=22, 服务器23=24, 服务器24=11, 服务器25=22, 服务器26=37, 服务器27=21, 服务器28=12, 服务器29=10, 服务器30=32, 服务器31=19, 服务器32=31, 服务器33=40, 服务器34=4, 服务器35=7, 服务器36=22, 服务器37=10, 服务器38=5, 服务器39=44, 服务器40=20, 服务器41=4, 服务器42=53, 服务器43=24, 服务器44=24, 服务器45=13, 服务器46=23, 服务器47=18, 服务器48=18, 服务器49=13, 服务器50=19, 服务器51=35
