1 3 3370 3 3940
2 3 2975 1 3370
3 3 1983 1 2497
4 5 1006 1 1551
5 4 2497 1 2834
6 1 6398 2 7024
7 3 2737 1 3004
8 6 2695 2 3081
9 1 1006 2 1363
10 4 20 2 81
11 9 1006 6 1507
12 6 6743 3 7281
13 3 2661 4 2695
14 6 888 2 1417
15 7 52 6 598
16 3 2737 2 2975
17 5 2975 5 3347
18 4 3370 4 3749
19 7 7389 8 7708
20 3 3940 1 4620
21 9 3370 1 3501
22 3 5254 3 5689
23 3 10 1 888
24 3 4620 1 5254
25 1 2737 5 3274
26 5 1006 1 1602
27 4 1609 2 2203
28 6 2497 4 3117
29 3 2695 1 2737
30 4 4876 1 5439
31 3 1765 2 1983
32 3 7389 1 8399
33 9 2737 3 3408
34 5 1006 1 1152
35 7 6254 4 6743
36 6 6097 2 6453
37 5 2737 2 2860
38 7 1983 1 2062
39 5 6743 1 7049
40 8 6097 1 6660
41 4 4620 1 4876
42 8 7389 2 7916
43 5 2661 3 2763
44 8 888 2 1489
45 3 4620 1 5222
46 4 6097 6 6268
47 6 4876 5 4992
48 3 6398 1 6506
49 3 5488 1 6097
50 7 2695 2 2786
51 3 2497 2 2661
52 4 888 6 1530
53 7 1983 3 2291
54 7 888 2 1262
55 3 2975 1 3569
56 4 104 3 242
57 7 2497 1 2823
58 7 145 1 624
59 6 1765 3 2016
60 3 3569 1 3937
61 3 888 1 1006
62 3 1609 2 1765
63 3 1006 3 1609
64 8 3569 1 3770
65 3 5254 1 5488
66 9 2661 3 2896
67 8 4620 1 4961
68 6 3569 7 4136
69 2 2695 6 3221
70 7 5254 4 5807
71 3 6254 1 6398
72 8 3370 1 3561
73 3 6097 2 6254
74 7 6743 7 7389
75 3 4876 2 4988
76 2 2497 2 2625
 调度评估结果
1. 任务等待评估 (Σ 等待×权重): 1447055
2. 任务完成评估 (最大完成时间): 8399
3. GPU显存空闲评估 (平均空闲): 2214.70 GB/时间片
 额外统计
已调度任务               : 76/76
平均等待时间            : 2097.13
各服务器任务分布      : 服务器1=3, 服务器2=2, 服务器3=26, 服务器4=9, 服务器5=7, 服务器6=8, 服务器7=11, 服务器8=6, 服务器9=4
