1 20 12310 1 13149
2 31 19414 2 19873
3 30 10903 2 10980
4 36 1179 2 1718
5 31 5505 1 5848
6 28 7 2 451
7 28 16113 2 16240
8 30 17799 5 18103
9 17 19306 1 19414
10 17 17030 2 17235
11 37 4453 1 4821
12 38 4196 1 4702
13 32 8551 2 8590
14 36 8582 2 8679
15 34 17270 1 17347
16 37 11879 1 12015
17 17 2064 1 3880
18 30 9256 1 9706
19 32 2064 3 2115
20 30 339 6 416
21 9 11879 1 12120
22 37 4404 2 4787
23 21 21560 2 21811
24 20 8551 2 8582
25 35 8401 1 8964
26 3 20860 1 20887
27 28 13360 2 13973
28 18 9256 1 9708
29 20 9782 1 10363
30 36 6023 1 6465
31 4 20304 2 20789
32 4 6673 2 7263
33 22 14764 1 15222
34 4 19593 1 20443
35 1 20487 2 20816
36 35 4196 1 4788
37 7 12252 4 12709
38 32 21450 2 22092
39 14 8551 2 8764
40 21 17423 1 17438
41 23 1179 1 1393
42 11 20487 1 21041
43 20 7175 1 7478
44 7 16113 2 16694
45 31 2391 4 2586
46 3 4196 1 4778
47 17 20304 1 20971
48 35 21450 3 21933
49 38 4196 1 4611
50 17 1277 2 1436
51 17 1533 2 1827
52 17 3880 1 5203
53 11 6023 2 6227
54 4 20860 1 21560
55 1 6540 1 7182
56 20 17124 1 17799
57 21 17270 1 17602
58 22 4453 1 5131
59 1 11879 1 12296
60 23 4470 2 4842
61 17 8551 1 9328
62 35 20860 2 21040
63 22 6023 1 6371
64 20 4470 1 5164
65 1 19994 2 20633
66 35 5375 1 5442
67 11 10620 1 10789
68 28 1638 2 1999
69 20 13968 1 14764
70 28 17030 1 17574
71 30 20487 1 20890
72 28 6023 2 6304
73 1 17030 1 17198
74 13 1436 3 1650
75 7 7286 1 7465
76 23 16113 1 16452
77 1 5203 1 5809
78 10 11906 1 12519
79 31 20487 2 20919
80 31 8020 2 8602
81 20 17799 1 18993
82 1 10620 1 10961
83 4 5680 2 6023
84 23 8582 3 8784
85 22 284 1 300
86 20 6540 1 7175
87 30 4470 1 4722
88 32 11879 2 12497
89 33 10363 1 10683
90 21 6673 5 7249
91 30 20860 1 21070
92 17 7093 1 7544
93 33 6023 7 6595
94 33 11879 3 12508
95 30 1179 4 1678
96 13 11879 1 12119
97 20 2391 1 2665
98 4 13788 1 15601
99 1 1179 2 1417
100 8 20487 1 20776
101 23 13360 1 14002
102 15 7286 1 7679
103 19 8102 1 8741
104 22 17378 1 17645
105 20 13897 2 13968
106 23 1088 6 1179
107 26 21450 2 21856
108 13 1436 2 2075
109 33 1088 4 1270
110 35 19309 1 19505
111 33 6673 5 6979
112 17 7855 1 8437
113 22 8793 1 9102
114 18 15220 2 15642
115 14 79 2 673
116 37 17799 3 17973
117 35 11879 2 12174
118 4 22116 4 22544
119 18 11879 6 12234
120 14 1088 3 1613
121 24 8401 4 9024
122 32 1179 1 1253
123 19 4196 1 4797
124 18 17378 3 17782
125 1 9715 4 10332
126 11 13788 2 14374
127 32 14813 1 14915
128 17 11879 1 12067
129 34 4196 3 4782
130 17 15601 1 15657
131 1 6023 3 6566
132 30 3340 2 3497
133 34 17270 1 17799
134 1 9413 1 10026
135 38 17030 2 17558
136 8 8582 4 8604
137 1 2391 2 2755
138 31 7510 5 7601
139 37 7286 1 7775
140 34 8401 4 8551
141 4 16113 2 17030
142 1 16455 1 17063
143 4 9904 4 10173
144 17 6673 1 6726
145 30 8551 1 8597
146 9 7510 3 7592
147 4 6023 2 6320
148 19 307 3 430
149 4 6673 1 7538
150 8 20304 2 20501
151 33 20304 4 20602
152 32 17423 1 17691
153 31 6673 2 7288
154 18 11879 1 12395
155 27 1088 1 1452
156 28 22544 1 22611
157 30 9904 1 10131
158 35 19920 2 19994
159 3 1179 2 1653
160 23 22041 1 22199
161 22 8793 4 9130
162 4 9168 2 9256
163 20 6673 1 7166
164 22 4404 1 4606
165 32 4561 2 4980
166 20 14008 1 14624
167 20 3051 1 3340
168 17 16455 1 16553
169 4 7263 1 7441
170 35 381 1 1017
171 20 7510 1 8517
172 1 338 1 566
173 23 1179 1 1757
174 33 4404 2 4581
175 35 14813 1 15253
176 35 10173 3 10487
177 37 17030 4 17568
178 3 8401 2 8858
179 4 11879 4 12252
180 18 2064 1 2618
181 26 6540 5 6783
182 19 11879 1 12269
183 5 8551 2 8824
184 3 17270 1 17846
185 30 7510 1 8153
186 4 15601 1 16113
187 24 21450 1 21716
188 30 7510 3 8116
189 24 1436 4 1960
190 22 10173 1 10580
191 23 14813 1 15384
192 35 4788 3 5375
193 23 7026 3 7671
194 19 1601 2 2029
195 22 6540 1 7093
196 23 11879 3 12449
197 20 2064 1 2874
198 33 22116 5 22660
199 7 11879 3 12135
200 33 15601 1 15830
201 36 7175 2 7213
202 20 20304 1 20464
203 14 6540 1 6746
204 21 11879 2 12465
205 35 17378 2 17575
206 17 6840 3 6871
207 37 8551 1 8847
208 37 2391 4 2459
209 32 10173 1 10556
210 11 4196 2 4444
211 24 17423 1 17844
212 13 20304 2 20342
213 20 17423 1 17570
214 20 6540 1 7410
215 3 6023 2 6379
216 23 6908 4 7457
217 21 4107 6 4184
218 30 17030 1 17474
219 30 7093 2 7705
220 18 8582 5 8887
221 38 12067 1 12132
222 38 16113 2 16531
223 32 17030 2 17417
224 26 13788 1 14237
225 9 17378 4 17925
226 17 18280 1 18537
227 13 21560 1 21845
228 14 11879 4 12004
229 34 20487 3 21027
230 23 7855 2 7973
231 3 1436 1 1699
232 4 19309 2 19593
233 23 17378 2 17414
234 36 8102 1 8277
235 20 14764 1 15098
236 12 7855 4 8186
237 32 19593 3 19643
238 28 19306 2 19331
239 17 4453 4 4564
240 38 20487 1 20633
241 17 7510 1 7855
242 35 19309 1 19706
243 26 22544 1 22721
244 20 10737 1 11309
245 20 20860 1 21111
246 20 4788 1 4910
247 28 21450 2 22097
248 34 7093 2 7342
249 24 7510 2 8066
250 4 2887 1 2937
251 5 284 1 693
252 37 13360 2 13645
253 11 9168 1 9358
254 32 5505 1 5805
255 22 9715 1 9731
256 4 22544 3 22670
257 4 6540 3 6673
258 20 9168 1 9715
259 1 5442 2 6047
260 23 12252 1 12601
261 33 13360 4 13947
262 35 10487 2 10742
263 29 11879 1 12304
264 4 7905 1 8370
265 17 13788 1 13891
266 21 7905 5 8024
267 7 1179 2 1287
268 1 19994 2 20457
269 37 11879 3 12377
270 18 4470 2 4631
271 20 18993 1 19306
272 11 7263 1 7735
273 24 7263 2 7473
274 4 12252 2 12992
275 38 6023 2 6184
276 4 21560 1 22116
277 3 7093 2 7671
278 17 9730 1 10195
279 31 7458 1 7497
280 28 3880 1 4108
281 34 1179 3 1706
282 17 21560 2 22145
283 23 16025 2 16413
284 9 20487 2 21045
285 4 1088 1 1542
286 1 22544 2 23015
287 35 6540 2 6840
288 20 1179 1 1533
289 4 9256 1 9715
290 4 22041 1 22344
291 29 8582 2 8830
292 35 17030 1 17447
293 31 20487 3 21125
294 3 228 2 291
295 38 21450 1 21509
296 35 1601 3 1638
297 23 14764 1 15346
298 37 21560 3 22182
299 23 14008 2 14592
300 13 21560 1 21863
301 7 7458 1 7848
302 4 21450 2 21752
303 33 4910 2 5160
304 9 63 2 695
305 22 13360 1 13921
306 14 17423 6 17545
307 11 11879 2 12262
308 23 19920 3 20011
309 20 5442 1 6215
310 22 2665 1 2788
311 1 21450 1 21825
312 4 16113 3 16589
313 23 20304 3 20758
314 37 17030 2 17541
315 30 21545 4 22192
316 7 6673 1 6868
317 32 6673 2 6904
318 20 2665 1 3051
319 21 14008 1 14265
320 22 4788 1 4927
321 28 6540 1 7087
322 18 19994 5 20196
323 31 17423 5 18045
324 35 17030 2 17255
325 4 2937 1 5007
326 7 21560 1 22116
327 36 6023 1 6434
328 35 9168 1 9913
329 14 4107 3 4729
330 30 20304 2 20348
331 31 16113 1 16723
332 23 12252 2 12825
333 22 8370 2 8793
334 4 18280 1 19309
335 30 14008 5 14429
336 13 19920 2 20342
337 3 16113 1 16742
338 23 8582 3 8680
339 37 22544 1 22647
340 31 8685 5 8932
341 31 11879 2 11993
342 37 1088 1 1632
343 37 3051 1 3435
344 20 22041 1 22112
345 26 17030 1 17334
346 16 11879 2 12485
347 35 16113 1 16450
348 35 13626 1 14008
349 24 7855 2 8434
350 32 6023 3 6567
351 14 5505 5 5567
352 13 11879 1 12010
353 20 11879 1 12242
354 4 13897 5 14253
355 29 377 1 933
356 37 6840 5 7207
357 17 22544 1 22816
358 22 7855 1 8335
359 37 16113 1 16625
360 30 4453 1 4679
361 35 4107 2 4196
362 24 8551 1 9200
363 1 8793 1 9215
364 14 20304 1 20867
365 38 5505 2 5997
366 34 220 4 412
367 22 13360 5 13644
368 17 9256 2 9499
369 7 17378 1 17678
370 20 15475 2 16025
371 1 1533 3 2160
372 18 1179 4 1561
373 10 4470 7 4642
374 28 7263 2 7336
375 4 6356 3 6540
376 36 21040 2 21554
377 20 7510 1 7661
378 14 4910 3 5244
379 17 1436 3 1743
380 23 19593 2 20119
381 4 237 1 591
382 15 7478 1 7592
383 8 8769 1 9351
384 17 19414 1 19637
385 14 21040 5 21121
386 15 4788 1 4936
387 27 19306 1 19384
388 11 22116 1 22719
389 14 3051 2 3498
390 23 21450 1 21729
391 23 8793 3 8875
392 4 10903 1 11528
393 19 1088 1 1122
394 1 7263 1 7766
395 30 11879 1 12377
396 6 11879 1 12227
397 8 17030 6 17241
398 31 19306 5 19603
399 33 17030 5 17620
400 1 4788 1 4841
401 38 6673 1 7286
402 38 8551 2 8873
403 23 21450 2 21742
404 20 3340 1 4197
405 3 21040 1 21670
406 35 8020 2 8401
407 17 9715 2 10864
408 19 1179 1 1480
409 1 16113 1 16284
410 23 4453 2 4661
411 35 20487 2 20778
412 20 16025 1 16455
413 30 10903 2 11312
414 17 9413 1 9581
415 28 20860 1 21274
416 19 20304 3 20795
417 22 7093 1 7536
418 9 16113 5 16570
419 23 4561 2 4630
420 37 9256 1 9458
421 30 6540 4 6589
422 9 6673 1 6998
423 26 16113 5 16652
424 35 1179 1 1601
425 8 7093 2 7262
426 15 17423 2 18048
427 1 17270 1 17572
428 35 6840 3 7458
429 5 14764 1 15269
430 31 4404 2 4570
431 20 5505 1 6201
432 3 7093 2 7722
433 8 7510 2 8077
434 20 20304 1 20762
435 23 17799 1 18010
436 26 7510 3 7920
437 1 7286 4 7629
438 20 1332 1 2391
439 14 14764 1 15027
440 26 9715 2 9729
441 33 7093 3 7318
442 8 11879 4 12004
443 17 6540 2 6587
444 20 16455 1 17124
445 31 274 2 561
446 7 352 2 437
447 19 20860 1 20953
448 5 6673 1 7011
449 30 11879 5 11906
450 1 14008 1 14390
451 22 20304 2 20620
452 7 22041 3 22311
453 30 11906 2 12369
454 31 1601 6 2014
455 4 17799 3 18280
456 7 17378 2 17520
457 22 21450 2 21955
458 36 7510 2 7563
459 37 20860 2 21496
460 38 10737 1 11316
461 1 9168 1 9566
462 22 19309 5 19689
463 4 7478 1 7905
464 35 8793 1 9168
465 4 17270 1 17282
466 34 11879 4 12094
467 26 4910 1 4962
468 20 16113 1 16618
469 5 22544 1 22608
470 14 17030 3 17336
471 21 11879 1 12480
472 11 1179 2 1237
473 20 20860 1 21450
474 22 323 1 759
475 33 8551 3 9100
476 28 11879 1 12211
477 19 7093 2 7572
478 21 9715 6 10038
479 38 7510 1 7981
480 19 6023 1 6135
481 19 17423 3 17463
482 34 8582 2 8730
483 20 17030 1 17423
484 37 16113 1 16343
485 4 2064 1 2468
486 37 243 3 374
487 33 104 2 309
488 1 11879 1 12237
489 5 5442 5 5493
490 23 13897 3 14226
491 4 9730 1 9904
492 23 7458 2 7938
493 24 19593 3 20135
494 4 1436 3 1853
495 23 7855 3 8462
496 3 9904 1 10300
497 1 3880 2 4508
498 17 5505 6 6099
499 19 9168 3 9179
500 5 20860 3 21363
501 20 8769 1 9151
502 26 3904 5 4408
503 20 7410 1 7420
504 20 7661 1 8102
505 23 16113 1 16335
506 38 11879 1 11933
507 37 10620 1 11145
508 37 19309 2 19337
509 23 17423 1 17572
510 31 7510 4 7575
511 26 10363 5 10902
512 14 19306 1 19638
513 4 10173 2 10370
514 3 9168 4 9711
515 37 19920 4 20513
516 30 7026 1 7322
517 31 20304 6 20351
518 35 14813 2 15200
519 13 21450 1 21921
520 35 14008 2 14559
521 31 21040 4 21269
522 4 9715 2 9730
523 4 19593 1 20767
524 34 21560 4 21874
525 33 384 1 713
526 26 5442 4 6058
527 18 17378 1 17839
528 18 7175 1 7661
529 17 19306 1 20701
530 28 15601 1 15791
531 37 12310 1 12565
532 23 14764 2 15351
533 23 17378 2 17920
534 35 170 1 1542
535 21 10363 6 10522
536 26 99 2 636
537 20 11879 1 12310
538 20 1533 1 2064
539 18 21450 3 21471
540 14 7510 2 7552
541 20 3904 1 4404
542 19 18280 3 18361
543 35 14764 2 14813
544 13 7510 1 7642
545 35 154 2 280
546 7 6673 3 7046
547 19 16113 3 16677
548 23 11879 3 12040
549 29 8685 1 9012
550 24 21450 1 22084
551 35 1638 1 4107
552 23 19593 1 20034
553 22 1088 2 1463
554 3 22544 2 22927
555 15 17378 4 17832
556 4 22544 2 22853
557 20 11879 1 13360
558 23 1179 4 1673
559 15 7286 1 7456
560 23 7938 1 8112
561 35 19994 3 20487
562 7 17270 2 17367
563 11 17030 2 17492
564 30 17030 1 17139
565 23 6840 3 6908
566 3 7905 2 8090
567 23 21729 2 21861
568 20 4453 2 4470
569 13 7093 4 7672
570 30 6673 1 7026
571 38 7286 2 7322
572 20 9715 1 10620
573 18 20860 2 21209
574 23 17378 3 17860
575 23 8401 1 8487
576 20 2937 1 3904
577 4 13360 2 13788
578 36 11879 1 12436
579 38 1179 2 1480
580 38 20860 2 21200
581 20 8582 1 8769
582 20 21450 2 22041
583 18 20860 4 21189
584 31 4453 1 4973
585 17 14764 2 15119
586 22 17030 2 17378
587 30 16113 1 16248
588 23 4453 2 4742
589 35 13360 2 13626
590 20 19306 2 19920
591 34 7905 3 8151
592 31 4910 2 5240
593 37 6673 4 6747
594 35 22544 1 22921
595 35 5442 2 5957
596 30 9730 2 9912
597 17 12067 1 12342
598 30 1332 1 1438
599 22 4404 1 4439
600 11 4453 1 4561
601 7 17270 1 17505
602 3 21450 3 22078
603 18 9715 4 9731
604 31 5203 2 5700
605 32 9256 1 9782
606 24 7175 1 7466
607 19 4404 2 4717
608 11 1601 1 2099
609 20 13360 1 13897
610 33 9715 1 10359
611 33 7510 1 7738
612 22 20860 2 21093
613 21 9715 2 10163
614 22 1601 1 1940
615 4 17030 1 17270
616 7 8401 2 8630
617 26 17378 3 17720
618 23 8582 1 8685
619 26 20487 5 21014
620 30 17030 1 17539
621 37 7855 2 8323
622 37 7458 1 7679
623 4 17378 1 17770
624 4 20487 1 21059
625 28 2064 1 2331
626 37 14008 2 14323
627 23 1436 1 1489
628 20 1088 1 1104
629 35 5957 1 6489
630 33 2391 1 2871
631 19 93 3 282
632 23 11879 4 12134
633 3 20860 2 21240
634 3 21450 1 21695
635 4 387 1 1088
636 33 21560 2 21924
637 22 17030 2 17359
638 20 10620 2 10737
639 31 7263 3 7816
640 27 17270 2 17894
641 18 7938 2 8218
642 11 8551 2 8872
643 30 8551 1 8622
644 11 21450 1 21883
645 20 10363 1 10393
646 20 20487 1 20860
647 1 9256 1 9309
648 32 7175 3 7369
649 31 10737 6 11276
650 30 6673 1 6882
651 35 21040 1 21294
652 3 11879 2 12340
653 35 7458 3 8020
654 23 20304 1 20733
655 1 7905 5 8121
656 1 20860 3 21044
657 38 9730 1 9978
658 4 5203 1 5680
659 35 11879 3 12386
660 4 17270 1 17913
661 24 8551 2 8775
662 17 10363 2 10509
663 23 7510 2 7525
664 37 8401 2 8463
665 11 9413 2 10000
666 3 2064 1 2551
667 28 10903 2 11551
668 4 14764 1 14821
669 21 4453 4 4638
670 31 21450 1 21525
671 1 10487 6 11099
672 33 4107 2 4374
673 20 15220 1 15475
674 17 1088 5 1277
675 15 4561 3 5145
676 31 17423 1 18049
677 20 1179 1 1332
678 26 1088 2 1536
679 4 8370 1 9006
680 20 380 1 795
681 22 11879 2 12018
682 21 21450 1 21523
683 20 7478 1 7510
684 4 10370 1 10903
685 10 1533 6 2090
686 19 8551 3 9105
687 20 8582 1 9413
688 30 17378 2 17868
689 38 18993 2 19350
690 20 379 1 1149
691 4 9168 4 9255
692 26 14764 1 15211
693 31 1179 1 1588
694 31 6673 5 6742
695 20 8102 1 8551
696 11 16113 1 16431
697 36 17270 1 17663
698 3 9168 2 9593
699 23 22116 1 22705
700 9 21450 2 21513
701 37 9715 1 10363
702 30 21450 3 21545
703 11 4561 2 4676
704 19 17030 1 17366
705 38 10173 2 10496
706 23 20487 3 20998
707 9 22041 2 22541
708 20 4910 1 5505
709 24 1533 1 1922
710 13 7175 1 7364
711 8 8582 2 8897
712 22 9168 1 9967
713 17 5203 1 5263
714 4 1601 1 2887
715 33 3904 1 4214
716 38 4788 1 5081
717 23 8685 1 8855
718 24 11879 1 12168
719 17 13897 1 13997
720 11 7855 1 8221
721 20 14813 1 15220
722 4 21450 2 21955
723 7 7510 1 8087
724 22 11879 1 12157
725 17 17030 1 17075
726 34 17378 1 17450
727 33 16025 2 16267
728 11 6673 1 7240
729 17 17270 3 17539
730 4 10370 1 11879
731 38 9256 2 9270
732 24 11879 1 12261
733 21 4910 3 4993
734 20 9715 1 9782
735 22 16113 2 16465
736 3 20304 4 20633
737 22 22116 1 22235
738 5 20304 2 20345
739 12 55 3 356
740 22 2937 2 3139
741 20 4404 1 4453
742 14 21450 4 21483
743 20 9413 1 9567
744 31 17030 7 17409
745 28 14764 1 14788
746 38 21560 2 22170
747 1 15220 1 15844
748 23 21560 3 21581
749 4 6023 1 6356
750 14 18280 1 18303
751 1 8401 6 8681
752 30 20304 1 20596
753 20 19920 1 20304
754 3 6673 1 7077
 调度评估结果
1. 任务等待评估 (Σ 等待×权重): 39213264
2. 任务完成评估 (最大完成时间): 23015
3. GPU显存空闲评估 (平均空闲): 7511.30 GB/时间片
 额外统计
已调度任务               : 754/754
平均等待时间            : 4998.15
各服务器任务分布      : 服务器1=35, 服务器3=24, 服务器4=58, 服务器5=8, 服务器6=1, 服务器7=17, 服务器8=9, 服务器9=9, 服务器10=3, 服务器11=20, 服务器12=2, 服务器13=12, 服务器14=18, 服务器15=7, 服务器16=1, 服务器17=38, 服务器18=17, 服务器19=19, 服务器20=72, 服务器21=15, 服务器22=34, 服务器23=54, 服务器24=15, 服务器26=17, 服务器27=3, 服务器28=18, 服务器29=4, 服务器30=36, 服务器31=30, 服务器32=16, 服务器33=23, 服务器34=13, 服务器35=42, 服务器36=10, 服务器37=31, 服务器38=23
