1 1 1879 1 1946
2 8 1244 2 1341
3 1 95 2 107
4 3 1571 1 1795
5 1 1346 1 1626
6 8 101 1 209
7 10 573 2 846
8 10 1561 1 1577
9 8 212 1 400
10 1 894 1 899
11 7 1087 1 1103
12 10 2144 2 2296
13 3 273 2 435
14 10 393 1 562
15 10 1160 2 1305
16 7 2491 1 2628
17 1 960 2 974
18 10 739 1 920
19 7 2395 1 2627
20 7 1989 1 2241
21 6 2158 1 2345
22 7 2404 1 2526
23 1 232 2 275
24 10 2312 1 2330
25 10 474 1 670
26 10 2019 2 2186
27 1 1840 1 2071
28 7 2411 1 2677
29 7 2098 1 2143
30 1 37 1 140
31 10 1892 1 2085
32 1 372 2 659
33 7 2213 1 2257
34 10 1318 1 1587
35 1 1535 1 1659
36 7 2155 1 2449
37 1 757 2 803
38 10 266 1 307
39 6 178 1 280
40 10 1613 2 1853
41 1 2028 1 2042
42 1 1652 1 1804
43 10 1060 2 1220
44 1 313 2 420
45 7 2031 1 2054
46 3 1567 1 1619
47 1 157 1 397
48 10 1557 1 1588
49 4 293 1 299
50 1 2085 1 2229
51 3 1345 1 1574
52 8 2094 1 2183
53 8 1580 2 1701
54 7 2048 1 2078
55 1 876 2 927
56 6 648 1 741
57 10 297 2 462
58 10 2122 2 2208
59 7 1004 2 1091
60 1 119 1 362
61 8 1153 1 1290
62 1 704 1 715
63 3 343 1 589
64 10 1225 1 1361
65 10 183 1 287
66 9 266 2 441
67 9 345 1 433
68 10 2213 1 2317
69 3 276 1 566
70 1 990 2 1231
71 8 98 2 383
72 1 1951 1 2158
73 8 1228 1 1241
74 10 944 1 1237
75 6 164 1 311
76 3 1313 2 1466
77 10 370 1 454
78 10 1015 1 1063
79 8 2046 1 2252
80 9 271 1 325
81 10 2366 1 2498
82 6 1656 1 1822
83 1 568 1 783
84 7 2433 1 2574
85 10 1713 1 1953
86 10 1896 1 2106
87 10 2086 1 2381
88 1 164 1 176
89 10 867 2 1107
90 7 928 1 1069
91 6 1178 1 1247
92 7 1948 1 2213
93 8 582 1 798
94 10 1278 1 1384
95 7 2130 1 2269
96 3 1191 1 1460
97 7 2031 1 2048
 调度评估结果
1. 任务等待评估 (Σ 等待×权重): 228
2. 任务完成评估 (最大完成时间): 2677
3. GPU显存空闲评估 (平均空闲): 3395.26 GB/时间片
 额外统计
已调度任务               : 97/97
平均等待时间            : 0.32
各服务器任务分布      : 服务器1=23, 服务器3=8, 服务器4=1, 服务器6=6, 服务器7=17, 服务器8=10, 服务器9=3, 服务器10=29
