1 27 30576 4 30832
2 47 2152 1 2807
3 48 7876 5 8498
4 15 26573 1 27014
5 3 31481 3 31906
6 29 11154 2 11439
7 22 20232 1 20544
8 17 617 2 1076
9 16 18137 1 18501
10 43 27211 2 27507
11 6 617 1 884
12 12 29681 1 30170
13 12 23471 1 23565
14 1 20700 1 21270
15 47 30766 1 31668
16 2 109 1 490
17 42 617 2 1153
18 22 20144 6 20232
19 14 16376 1 16904
20 3 26500 1 26739
21 49 1112 3 1574
22 38 30766 1 30897
23 47 15658 2 16312
24 23 8566 2 9205
25 47 27960 3 28239
26 16 8184 2 8800
27 2 13398 1 13990
28 43 12253 1 12318
29 47 15658 2 16376
30 27 18122 2 18542
31 22 30028 1 30335
32 35 27563 2 28038
33 22 26500 1 26783
34 8 30591 2 30883
35 42 20492 2 20869
36 22 29682 1 29772
37 18 8184 2 8568
38 35 8691 7 9119
39 11 18137 3 18626
40 8 21967 5 22530
41 3 26236 3 26500
42 48 11154 1 11832
43 27 18137 2 18716
44 1 20663 4 21283
45 15 15337 1 15742
46 48 19510 4 20004
47 12 22858 5 23020
48 35 19426 1 20069
49 47 0 3 76
50 13 9062 6 9266
51 3 26500 3 26586
52 42 9062 1 9596
53 19 32473 1 32603
54 8 12253 4 12901
55 42 23471 7 23864
56 23 12253 2 12416
57 23 30490 2 31191
58 47 13398 1 14085
59 43 26449 1 27147
60 12 30766 1 31629
61 15 14662 2 14737
62 37 30766 2 31339
63 21 15658 3 16322
64 49 26739 4 26937
65 41 1511 1 2167
66 3 26739 1 27418
67 48 30490 2 31009
68 35 23471 1 23624
69 12 11154 1 11294
70 42 17337 1 17393
71 44 12253 4 12820
72 22 4335 1 4788
73 12 25928 1 27211
74 8 617 2 1117
75 23 7149 1 7542
76 17 25741 5 26268
77 49 5772 6 5898
78 40 11154 4 11733
79 42 30766 6 31285
80 1 32473 4 33131
81 7 7149 2 7662
82 19 19085 1 19776
83 3 6481 2 6710
84 27 16376 3 16426
85 48 617 2 1147
86 47 10436 1 11154
87 12 20663 2 21038
88 37 1112 1 1341
89 3 5404 2 7149
90 50 6520 2 7182
91 47 30766 1 31372
92 11 12253 3 12955
93 6 16376 2 16584
94 12 30576 2 30778
95 12 3117 1 4132
96 41 24088 1 24132
97 20 4335 1 4418
98 46 15658 3 16059
99 48 8184 1 8742
100 22 7876 2 8529
101 3 24480 3 24872
102 34 30766 5 31009
103 48 30490 2 30760
104 12 32028 1 32638
105 47 3704 1 6231
106 1 6481 7 6814
107 3 23629 2 24132
108 43 32028 2 32077
109 47 6520 2 6842
110 12 6520 1 6792
111 47 13398 1 13793
112 12 30778 2 31310
113 42 17927 3 18520
114 12 18137 2 18502
115 7 0 2 285
116 8 22503 4 23242
117 29 16376 4 16625
118 3 1254 2 1511
119 3 24872 1 25525
120 23 20492 1 20565
121 15 27563 1 28034
122 47 27563 3 28230
123 15 7149 4 7270
124 42 11154 1 11727
125 23 23471 3 23858
126 3 32473 2 33716
127 23 13398 2 13995
128 38 13398 1 13868
129 50 30766 1 30835
130 47 31512 4 31831
131 12 17927 3 18116
132 23 25928 3 26455
133 3 17337 2 17927
134 23 3196 1 3803
135 2 18089 1 18558
136 3 14219 1 14693
137 3 19085 3 19435
138 42 0 1 305
139 22 27563 3 28386
140 14 6520 1 7042
141 6 2785 1 3283
142 1 30778 1 30933
143 12 20492 1 20731
144 3 21200 3 21859
145 12 9062 1 9122
146 7 16376 1 16495
147 45 30778 2 31480
148 12 2152 3 2465
149 19 4335 1 4818
150 46 0 3 539
151 37 4335 2 4453
152 20 24480 2 24881
153 22 10436 1 10651
154 3 26236 1 26443
155 12 11154 1 11577
156 7 19426 5 19603
157 27 24480 4 24665
158 22 16376 2 17079
159 43 29996 2 30591
160 14 18137 1 18454
161 8 20232 4 20381
162 50 13905 1 14209
163 22 11294 2 11936
164 6 24872 1 25396
165 45 5772 1 5834
166 12 8239 2 8707
167 12 2785 1 3258
168 12 678 1 1356
169 29 28386 2 28584
170 7 15337 6 15497
171 35 24884 2 25210
172 50 26500 1 26672
173 3 4335 1 5058
174 47 22858 2 22981
175 12 27211 1 27563
176 15 23471 4 24144
177 19 0 1 532
178 2 13905 2 14280
179 23 20663 1 21215
180 50 20700 1 20936
181 23 19426 2 19654
182 47 25741 1 26027
183 3 20663 2 21180
184 12 30766 1 31512
185 3 3769 3 4335
186 42 31481 1 32068
187 8 7876 2 8432
188 39 16376 4 16788
189 2 18122 1 18446
190 7 14662 2 14814
191 43 32473 4 32580
192 32 32473 1 32603
193 2 21395 2 22022
194 47 25928 1 26632
195 12 19085 3 19349
196 17 678 3 1381
197 3 5058 3 5404
198 12 10436 2 11062
199 23 24480 1 24984
200 47 20253 6 20757
201 48 7149 6 7504
202 48 20663 1 21141
203 47 23471 2 23830
204 12 7876 1 8042
205 48 25928 1 26100
206 42 31481 1 31831
207 43 19311 3 19414
208 18 10436 1 10726
209 35 5404 2 5457
210 44 12253 1 12283
211 47 20757 1 23471
212 42 16788 5 17198
213 37 18089 4 18701
214 3 31021 1 31351
215 7 5631 5 6089
216 14 1356 1 1953
217 37 3196 1 3782
218 36 6520 3 6861
219 14 30591 2 31195
220 29 6520 2 7028
221 48 12253 6 12476
222 43 12253 3 12528
223 42 24884 4 25272
224 48 8691 4 9345
225 12 8295 1 8864
226 10 16376 1 16523
227 22 21524 2 22111
228 35 8184 2 8276
229 48 30766 5 31454
230 12 21038 3 21862
231 38 8239 1 8974
232 3 18137 4 18952
233 41 26739 4 26827
234 3 23629 1 23694
235 36 31481 1 31548
236 33 13462 3 13554
237 35 617 3 1214
238 46 4335 5 5074
239 42 19085 2 19279
240 1 1511 2 1809
241 3 16376 2 16870
242 26 10728 1 11459
243 42 15658 3 15941
244 11 4335 3 5051
245 47 19085 1 19131
246 49 27563 5 28264
247 42 10436 6 10598
248 3 13398 1 14014
249 8 7149 4 7579
250 2 13398 2 13661
251 8 19085 2 19629
252 3 5058 1 5711
253 18 6520 1 6902
254 42 16376 1 16716
255 17 20700 1 20857
256 22 28386 1 29172
257 12 7876 1 8033
258 29 10436 1 10961
259 23 4335 1 4896
260 25 31512 1 31698
261 35 3117 2 3764
262 18 31021 1 31503
263 37 30778 4 30991
264 7 3704 5 4439
265 7 5772 1 6065
266 3 21967 1 22503
267 48 3704 7 4203
268 1 0 2 617
269 12 32028 2 32539
270 43 13398 2 13768
271 3 5404 1 5586
272 2 24804 4 25365
273 12 26236 4 26908
274 47 32028 4 32087
275 44 617 5 1125
276 20 0 1 334
277 12 17927 1 18524
278 23 3704 1 3769
279 12 0 5 492
280 12 20492 1 20604
281 47 9024 4 9689
282 12 10436 1 10860
283 22 12253 1 12507
284 47 23471 3 23909
285 8 20700 2 21405
286 3 5772 1 6132
287 23 26500 2 26899
288 12 16910 2 17580
289 17 19426 4 19755
290 47 27563 2 28174
291 47 1112 6 1515
292 43 18122 1 18811
293 17 5631 2 6080
294 2 16376 2 16600
295 7 27211 5 27801
296 23 17927 1 18205
297 12 24480 3 25005
298 7 13398 1 13934
299 48 5631 2 6228
300 18 18089 4 18317
301 22 3704 4 4062
302 12 23565 1 25159
303 35 1511 3 1647
304 37 22503 2 22875
305 17 16788 1 17390
306 23 11294 2 12036
307 23 31396 1 32019
308 3 27211 1 27526
309 18 30766 4 30855
310 38 21967 1 22131
311 7 32473 1 33176
312 17 76 1 809
313 22 23471 1 24103
314 40 18122 2 18739
315 19 27563 1 28010
316 47 14919 2 15658
317 47 19311 1 19426
318 40 20144 2 20588
319 18 16376 2 16864
320 22 26573 2 26756
321 45 23471 1 24106
322 6 19085 3 19832
323 3 7149 1 8054
324 9 25928 1 26612
325 42 25928 2 26142
326 47 6481 1 6848
327 40 26739 1 27220
328 47 6481 1 6520
329 22 17443 3 17927
330 37 13398 2 13553
331 12 29094 2 29491
332 12 30028 3 30576
333 12 30576 1 30792
334 48 31112 1 31270
335 7 18089 3 18179
336 35 18137 1 18784
337 47 13398 5 13592
338 48 27563 1 28084
339 2 1112 4 1244
340 3 29094 1 29495
341 3 29996 2 30191
342 23 5058 1 5884
343 3 14219 2 15296
344 8 16376 2 16576
345 3 27563 3 27960
346 1 14662 1 15109
347 42 27563 1 27680
348 35 21395 3 22104
349 22 19959 5 20107
350 3 30591 1 31321
351 48 24804 6 25260
352 47 16788 1 17443
353 23 3196 1 3556
354 43 0 2 579
355 49 13905 1 14133
356 22 2152 1 3087
357 36 21395 1 21732
358 48 32473 3 32592
359 5 12253 1 12519
360 47 6231 3 6481
361 3 19085 1 19969
362 12 2152 1 2746
363 33 18137 1 18414
364 8 31021 2 31703
365 27 7149 2 7607
366 3 19510 1 20144
367 2 26573 1 26717
368 35 16376 3 16549
369 12 8707 3 9875
370 32 11154 2 11881
371 47 29094 2 29681
372 9 617 1 698
373 42 12253 2 12468
374 39 14662 5 15261
375 34 30766 2 31321
376 8 17337 5 17608
377 22 23471 3 23789
378 12 1356 5 1928
379 35 12253 5 12456
380 8 25928 2 26078
381 3 19085 1 19205
382 50 12253 1 12972
383 47 9689 6 10436
384 12 25149 2 25832
385 22 26573 1 27182
386 3 23471 1 23594
387 12 16376 1 16910
388 35 25928 1 26116
389 23 27563 2 27791
390 42 19311 4 19819
391 12 18524 1 20492
392 3 25609 1 25928
393 22 17337 1 17507
394 48 24804 1 25152
395 22 29495 3 29682
396 12 13398 1 13905
397 2 25928 1 26063
398 23 16376 2 16926
399 19 1511 1 1592
400 25 13398 1 13427
401 3 17927 2 17985
402 47 14628 2 14870
403 50 25928 1 25983
404 49 31021 3 31680
405 12 21239 2 21836
406 22 7149 1 9709
407 42 3704 1 4111
408 18 12253 2 12325
409 8 29996 4 30122
410 47 3117 1 3704
411 9 12253 1 12777
412 47 24480 2 24915
413 12 15337 1 15725
414 22 21395 2 21524
415 32 6520 2 6713
416 12 17337 2 17637
417 3 13398 2 14219
418 18 32473 4 33157
419 7 29094 4 29250
420 22 27563 1 27585
421 3 32473 2 33659
422 41 21239 1 21543
423 3 29996 2 30490
424 47 19598 3 20253
425 43 30591 4 30671
426 45 6520 1 7012
427 23 11154 2 11227
428 46 31512 5 32066
429 3 10728 2 11501
430 12 8184 2 8239
431 46 0 1 554
432 22 617 1 1031
433 18 10436 1 10543
434 17 7149 1 7250
435 2 109 1 322
436 22 6520 1 6828
437 22 20700 1 21395
438 8 2785 2 3138
439 32 27563 1 27765
440 18 16376 1 16946
441 9 9062 1 9594
442 42 25741 1 25795
443 46 7149 2 7875
444 17 20700 1 21311
445 18 20492 2 21033
446 23 23471 1 23491
447 6 30028 1 30631
448 5 7876 4 8599
449 8 6520 2 6930
450 9 21395 1 22072
451 18 14662 1 15301
452 3 22918 2 23629
453 3 109 2 733
454 2 30778 1 31076
455 35 21524 2 22005
456 38 76 1 184
457 12 14662 3 14998
458 12 29491 2 30028
459 22 31512 4 31634
460 8 0 2 530
461 15 617 1 808
462 47 27211 2 27654
463 3 26739 1 27849
464 48 5772 1 5921
465 11 76 3 774
466 50 31481 1 32193
467 8 13927 1 14084
468 29 26739 2 27305
469 22 19510 4 19959
470 7 24884 2 24920
471 47 24480 3 24747
472 50 16376 4 16974
473 35 24480 1 24973
474 8 24804 1 24898
475 3 29495 1 29996
476 29 24088 3 24367
477 35 16376 1 16965
478 14 5772 3 5844
479 48 109 1 782
480 3 0 2 109
481 45 5772 1 6122
482 22 5631 1 5872
483 47 26027 1 26937
484 17 18137 3 18416
485 35 27563 2 28258
486 39 24884 3 25595
487 23 2152 2 2440
488 3 32028 3 32473
489 9 20232 1 20876
490 12 31512 1 32629
491 26 10436 7 11035
492 12 14662 1 15114
493 3 1511 1 2123
494 37 5631 5 5968
495 15 1112 4 1146
496 37 6520 3 6709
497 3 1511 1 1533
498 27 19426 4 19678
499 2 8239 4 8880
500 12 5772 1 7876
501 3 12253 1 13398
502 1 27563 8 27932
503 43 1511 1 4168
504 14 30766 2 31445
505 49 30766 4 30799
506 12 12253 2 12846
507 47 18524 2 18684
508 3 8184 2 9062
509 40 10436 2 10523
510 36 19510 2 20222
511 47 29996 5 30352
512 43 8184 2 8917
513 1 13398 2 13595
514 13 29682 8 29912
515 22 25741 1 26210
516 27 29495 5 29677
517 15 32473 1 32552
518 39 109 3 253
519 23 7876 4 8566
520 20 16376 2 16996
521 33 18089 3 18655
522 7 10436 3 10823
523 3 21859 2 21967
524 18 0 1 610
525 7 23909 4 24296
526 42 5404 3 5567
527 29 13398 1 13626
528 23 10436 1 10467
529 15 5631 1 6200
530 47 13793 1 14628
531 47 29681 1 29873
532 38 27960 3 28368
533 27 25928 1 26546
534 14 17927 2 18426
535 50 5772 4 6240
536 22 22858 2 23092
537 19 30576 1 31100
538 25 11154 2 11575
539 37 21239 4 21810
540 32 2785 2 2883
541 35 20144 6 20709
542 23 14628 2 15230
543 35 5631 1 5938
544 8 31021 1 31394
545 43 20700 1 21862
546 47 19426 2 19569
547 47 21239 2 21932
548 39 27563 5 28018
549 22 0 6 405
550 15 6520 4 6675
551 12 13927 1 14662
552 26 10436 1 10593
553 3 11154 1 11588
554 38 21524 1 21913
555 42 1511 3 1744
556 12 5404 1 5693
557 12 15658 1 16385
558 41 30778 1 31361
559 14 8566 2 8954
560 47 24884 1 25741
561 22 24804 2 25149
562 27 30591 1 31286
563 22 27211 4 27561
564 50 19085 2 19781
565 43 5631 2 5776
566 44 27211 1 27829
567 47 16788 2 17414
568 17 12253 2 12963
569 49 18122 1 18457
570 22 25149 4 25820
571 47 28386 2 28632
572 18 5772 2 5793
573 43 25928 4 26449
574 48 17927 2 18370
575 7 18137 2 18312
576 44 4335 1 4806
577 22 4335 2 4427
578 27 5772 4 6454
579 41 5772 1 5903
580 18 23471 4 24215
581 14 18524 1 19137
582 46 0 2 692
583 22 22503 1 22647
584 26 21200 2 21817
585 20 12253 3 12404
586 22 32028 1 32647
587 39 8707 2 8825
588 12 27563 1 28959
589 13 26739 8 27299
590 3 10436 2 10728
591 22 5404 2 5425
592 37 12253 2 12698
593 3 27960 2 29094
594 8 27211 2 27639
595 37 24884 2 25478
596 37 16788 1 17142
597 12 25928 3 26392
598 12 13905 1 13927
599 42 32473 4 32855
600 17 29996 1 30742
601 47 11154 1 12253
602 47 22503 1 22753
603 42 6520 4 7128
604 43 27563 1 29345
605 22 12253 4 12940
606 41 25741 1 26340
607 41 18137 3 18164
608 12 30576 2 30646
609 22 5425 1 5631
610 2 27211 3 27929
611 34 31021 5 31707
612 12 617 1 1209
613 47 31481 3 31971
614 19 10436 1 10923
615 35 6231 3 6870
616 12 8295 1 8910
617 29 21859 7 22501
618 45 20492 1 20781
619 25 10436 1 11134
620 6 6231 1 6313
621 26 31396 4 31990
622 3 14919 1 15337
623 49 14662 6 15012
624 23 17927 1 18456
625 41 4335 1 4487
626 49 25928 6 26421
627 47 32473 1 32820
628 17 23471 5 23594
629 32 31481 2 32116
630 3 9062 1 9706
631 12 617 1 678
632 41 13398 1 13621
633 47 19131 1 19311
634 12 11294 4 11928
635 3 109 2 238
636 23 29495 4 29596
637 12 11294 1 11663
638 1 617 5 935
639 47 3117 6 3627
640 1 29996 6 30654
641 3 16376 2 17031
642 3 30490 2 31021
643 50 18089 2 18578
644 43 17337 1 17583
645 20 27211 1 27389
646 15 4335 4 4773
647 29 20700 4 21052
648 35 13398 4 13639
649 6 30766 1 31108
650 3 17985 3 18089
651 47 14870 2 14919
652 42 7149 3 7899
653 12 2785 2 2967
654 23 0 4 351
655 50 10436 1 11174
656 17 0 1 624
657 1 8033 1 8568
658 20 1511 3 2000
659 22 617 1 1549
660 43 23471 3 23597
661 50 27211 2 27925
662 7 30766 1 30925
663 46 2152 1 2539
664 47 25741 1 27387
665 49 0 2 377
666 48 0 1 98
667 35 11154 3 11684
668 3 24872 2 25609
669 14 24804 2 25056
670 35 6520 3 7226
671 20 19959 2 20683
672 47 76 3 715
673 46 5631 4 6059
674 25 13927 2 14502
675 39 1511 2 2109
676 42 8033 3 8231
677 10 19426 1 19994
678 39 27211 1 27352
679 23 21239 3 21816
680 37 16376 3 16495
681 47 12253 1 12601
682 48 5404 3 5433
683 8 15658 2 15696
684 43 30766 1 31473
685 49 22503 2 22886
686 40 23471 5 24075
687 20 10436 1 10804
688 15 9062 3 9153
689 47 13398 1 13891
690 9 30591 1 30698
691 49 31021 3 31075
692 22 10436 3 11250
693 3 20144 1 21200
694 3 15658 2 16012
695 16 14662 2 14846
696 47 16376 1 16788
697 3 12253 2 12706
698 22 32473 6 33141
699 1 14662 4 15180
700 20 17337 3 17544
701 14 32473 1 33056
702 43 7149 5 7329
703 22 3117 1 3347
704 17 13462 3 13818
705 23 3117 1 3182
706 15 17927 2 18629
707 47 76 1 3117
708 34 1511 5 2204
709 47 7149 1 8184
710 3 2152 1 2785
711 14 24088 4 24560
712 47 20663 1 21239
713 12 8033 1 8295
714 47 19510 2 19598
715 12 5772 1 5794
716 35 19311 3 19983
717 23 3117 1 3196
718 14 617 1 656
719 39 8239 1 8307
720 3 617 1 1254
721 6 23471 2 23828
722 12 18089 1 18819
723 12 19085 1 19382
724 42 13398 1 13663
725 18 11154 1 11393
726 20 20232 1 20856
727 12 20663 1 20944
728 17 17337 2 17388
729 3 25928 2 26236
730 46 19510 6 20072
731 3 23909 1 24480
732 47 22918 1 23468
733 18 617 3 1082
734 7 16376 4 16943
735 4 8707 1 8731
736 22 25928 2 26573
737 15 12253 1 12361
738 47 24088 2 24884
739 43 7876 5 8058
740 43 26739 2 27001
741 12 5058 4 5772
742 37 27211 1 27526
743 13 14628 3 14882
744 46 17337 1 17629
745 48 16376 3 16674
746 47 29943 1 30766
747 44 27960 1 28101
748 3 26739 1 27360
749 12 19959 1 20663
750 38 617 1 816
751 38 32473 1 32825
752 35 23471 5 23534
753 47 23909 5 24088
754 12 21862 1 22858
755 22 17927 1 19510
756 27 1112 1 1256
757 47 8691 3 9024
758 7 6520 5 6632
759 6 20700 5 21347
760 2 27563 2 27680
761 8 1511 4 2186
762 3 1511 1 2152
763 12 19426 1 19466
764 48 10436 2 10893
765 41 10436 3 10757
766 27 20700 2 21280
767 50 13398 2 13662
768 43 16788 1 17281
769 23 29681 1 31509
770 47 17443 2 18122
771 46 7149 2 7267
772 23 617 4 1112
773 22 31112 1 32149
774 22 13398 2 13462
775 16 21038 2 21282
776 12 4335 1 5379
777 49 1549 1 1979
778 47 18797 2 19085
779 22 29094 1 29610
780 13 20232 4 20272
781 47 8184 8 8691
782 47 31396 3 31481
783 3 20144 1 20255
784 13 30766 3 31021
785 8 19510 1 20078
786 38 17927 3 18509
787 3 22503 1 22918
788 22 30490 4 31112
789 22 13905 2 14342
790 1 30766 3 31143
791 1 27932 7 28577
792 19 11154 1 11637
793 50 0 1 115
794 3 10436 1 10843
795 27 27960 4 28688
796 23 6520 1 6747
797 12 13927 2 14439
798 22 20232 2 20626
799 50 9062 1 9341
800 12 7876 3 7957
801 35 23565 3 24000
802 3 23909 1 24641
803 9 13398 1 13898
804 12 26739 2 27179
805 43 20232 4 20700
806 22 14662 1 15229
807 47 18137 1 18797
808 47 32028 4 32649
809 3 31021 1 32028
810 22 24480 2 24804
811 17 14662 2 15027
812 35 5631 1 6059
813 3 6231 2 6824
814 43 11154 1 11670
815 42 26739 3 26817
816 23 21038 2 21192
817 3 18089 1 18137
818 3 2785 1 3769
819 21 21239 4 21270
820 22 21862 4 22187
821 47 18122 2 18226
822 42 2785 3 3022
823 35 24088 2 24550
824 18 29996 3 30335
825 12 14662 1 15544
826 35 3117 2 3205
827 50 12253 3 12329
828 41 12253 5 12926
829 22 5404 2 5974
830 48 13905 2 14121
831 23 1112 2 1832
832 43 23909 1 24637
833 29 2152 7 2401
834 50 25149 4 25716
835 2 14628 4 14932
836 23 18797 2 19296
837 35 14662 4 14713
838 47 30766 1 31396
839 23 30028 3 30252
840 33 25928 1 26089
841 40 16376 4 16830
842 47 13905 2 14145
843 35 32473 4 32891
844 30 4335 3 4416
845 48 1511 3 1591
846 22 13462 4 13985
847 20 16376 2 17019
848 2 29996 1 30503
849 47 28230 1 29943
850 41 8239 6 8387
851 29 3704 1 4363
852 42 3117 2 3236
853 3 17443 1 17728
854 22 1549 2 1946
855 3 15337 2 17337
856 47 8691 1 8725
857 27 13398 1 13763
858 47 13927 1 14555
859 42 5772 4 5939
860 16 19426 3 19782
861 12 7876 1 8150
862 23 3704 1 4128
863 22 24088 3 24650
864 22 11154 1 11393
865 23 27211 1 28415
 调度评估结果
1. 任务等待评估 (Σ 等待×权重): 106034060
2. 任务完成评估 (最大完成时间): 33716
3. GPU显存空闲评估 (平均空闲): 10936.79 GB/时间片
 额外统计
已调度任务               : 865/865
平均等待时间            : 12011.15
各服务器任务分布      : 服务器1=16, 服务器2=19, 服务器3=87, 服务器4=1, 服务器5=2, 服务器6=10, 服务器7=21, 服务器8=25, 服务器9=8, 服务器10=2, 服务器11=4, 服务器12=86, 服务器13=6, 服务器14=14, 服务器15=15, 服务器16=5, 服务器17=18, 服务器18=19, 服务器19=9, 服务器20=12, 服务器21=2, 服务器22=65, 服务器23=43, 服务器25=5, 服务器26=5, 服务器27=15, 服务器29=12, 服务器30=1, 服务器32=6, 服务器33=4, 服务器34=4, 服务器35=33, 服务器36=4, 服务器37=16, 服务器38=10, 服务器39=9, 服务器40=7, 服务器41=13, 服务器42=34, 服务器43=28, 服务器44=6, 服务器45=6, 服务器46=12, 服务器47=84, 服务器48=29, 服务器49=14, 服务器50=19
