1 6 40 2 230
2 4 1344 1 1529
3 4 2145 1 2271
4 2 1214 1 1466
5 4 1584 1 1850
6 7 557 1 761
7 4 897 1 1161
8 7 492 2 521
9 1 1296 1 1357
10 2 169 1 223
11 4 1850 2 2041
12 2 144 2 331
13 1 1249 1 1261
14 2 1154 1 1169
15 6 1654 1 1760
16 8 197 2 308
17 6 432 2 571
18 4 2085 1 2251
19 2 157 1 194
20 2 1247 1 1536
21 3 85 1 302
22 2 1095 1 1192
23 1 393 1 396
24 2 917 1 1062
25 4 2017 1 2072
26 6 1793 1 1991
27 4 2410 1 2476
28 8 706 2 764
29 1 584 1 837
30 1 940 1 1211
31 6 658 1 816
32 8 1335 1 1463
33 6 1522 1 1538
34 6 1582 1 1648
35 6 2430 1 2567
36 6 177 1 243
37 4 2069 2 2316
38 6 1291 1 1324
39 2 1113 1 1410
40 6 670 2 849
41 7 284 1 504
42 6 1148 2 1286
43 3 1319 1 1373
44 4 1626 1 1711
45 2 868 1 1162
46 2 874 2 959
47 4 2370 1 2445
48 7 864 2 952
49 2 858 1 911
50 4 2029 1 2173
51 3 1958 1 1962
52 1 29 1 322
53 1 537 2 831
54 4 1749 1 1873
55 4 1736 1 1876
56 6 33 2 36
57 4 1528 1 1815
58 7 238 1 350
59 6 205 1 289
60 6 93 2 165
61 1 1797 2 1992
62 7 648 1 854
63 2 215 1 350
64 1 1953 1 1991
65 1 2172 1 2328
66 6 1311 1 1608
67 1 2497 1 2579
68 7 809 1 1051
69 6 173 2 321
70 4 2261 1 2493
71 6 2145 2 2288
72 2 1416 2 1532
73 7 646 1 875
74 6 1499 1 1597
75 6 472 1 503
76 4 1873 1 2045
77 7 412 1 626
78 3 150 2 323
79 4 858 1 1155
80 1 451 1 502
81 7 427 1 438
82 3 498 2 715
83 4 2409 1 2495
84 8 260 1 372
85 4 2141 1 2406
86 4 1827 1 1970
 调度评估结果
1. 任务等待评估 (Σ 等待×权重): 0
2. 任务完成评估 (最大完成时间): 2579
3. GPU显存空闲评估 (平均空闲): 2640.71 GB/时间片
 额外统计
已调度任务               : 86/86
平均等待时间            : 0.00
各服务器任务分布      : 服务器1=12, 服务器2=14, 服务器3=5, 服务器4=21, 服务器6=20, 服务器7=10, 服务器8=4
