1 20 0 1 694
2 26 3163 1 3249
3 14 784 4 1494
4 13 0 2 642
5 15 14776 1 15076
6 24 15854 3 16597
7 8 8915 2 9277
8 20 10106 1 10470
9 3 2600 6 3255
10 20 15265 2 15295
11 12 8816 2 9327
12 16 16599 1 16680
13 9 3737 1 4197
14 20 8816 1 8915
15 3 9 1 264
16 12 19795 2 19875
17 11 14776 4 15100
18 12 17178 4 17791
19 12 17791 1 18456
20 22 1318 2 2023
21 20 21388 2 21540
22 11 0 1 276
23 1 10782 1 11305
24 25 8299 2 8748
25 10 14808 1 15271
26 22 15854 2 16541
27 14 19492 7 19830
28 12 21768 1 22007
29 6 624 4 732
30 12 11294 1 11428
31 16 0 1 334
32 20 1114 1 2157
33 27 13808 3 14400
34 4 14776 1 14980
35 12 15077 1 15854
36 7 8850 2 9451
37 1 2707 1 2740
38 3 412 1 769
39 8 0 1 730
40 16 14776 5 15400
41 25 21540 3 22070
42 13 2157 3 2330
43 3 14808 1 14849
44 22 412 4 559
45 4 784 2 1135
46 19 0 1 460
47 1 21169 3 21860
48 26 16599 1 17323
49 10 30 3 689
50 12 10782 1 10866
51 25 8816 1 9515
52 1 3163 2 3885
53 17 22012 2 22276
54 20 15854 1 16486
55 19 624 2 1199
56 5 19795 2 20262
57 12 30 1 310
58 12 3163 1 5152
59 9 0 2 734
60 6 15854 1 16012
61 20 8816 1 9106
62 13 0 1 69
63 15 8299 2 8419
64 12 21682 2 21768
65 21 20598 2 20914
66 22 15065 5 15438
67 12 13808 1 14472
68 3 14808 3 15256
69 12 3507 1 3737
70 16 2648 5 2904
71 1 8816 1 9164
72 1 624 4 1214
73 19 10866 2 11404
74 20 412 1 761
75 12 11294 1 12084
76 18 17791 4 18236
77 15 0 3 197
78 10 784 1 1179
79 16 10782 1 11189
80 25 15854 1 16084
81 12 10782 1 11232
82 20 21169 1 21388
83 13 17178 4 17696
84 20 12539 1 13808
85 12 1194 2 2035
86 7 3737 2 4445
87 14 8915 7 9601
88 20 13332 1 13537
89 20 49 5 412
90 7 15854 5 16291
91 9 10782 2 10894
92 3 11294 5 11960
93 10 2648 1 3320
94 3 3163 4 3497
95 12 19780 1 20917
96 2 15854 1 16483
97 25 2157 2 2884
98 1 2600 1 2648
99 11 412 3 933
100 6 19780 4 20109
101 12 5983 2 6663
102 11 8915 2 9553
103 20 17340 1 17776
104 20 0 2 298
105 2 20598 1 20740
106 13 15854 1 16517
107 6 8915 3 9563
108 7 624 1 1366
109 25 21540 1 22079
110 20 624 1 971
111 12 9649 4 9931
112 20 14030 2 14707
113 12 1318 1 1877
114 1 2648 2 3336
115 1 14808 1 15206
116 6 17178 2 17396
117 9 15854 4 16244
118 1 310 1 364
119 2 10866 1 11274
120 6 0 1 256
121 10 624 2 987
122 12 17791 1 18055
123 8 5983 1 6367
124 11 725 2 1063
125 1 8299 2 8744
126 20 9649 2 10106
127 11 21388 4 21628
128 1 21860 2 22574
129 9 20598 1 21078
130 7 2600 3 3286
131 13 14808 2 15393
132 24 5983 2 6637
133 5 0 2 294
134 6 17791 1 18432
135 20 3163 3 3704
136 1 0 1 150
137 14 15854 1 16029
138 13 8816 1 9296
139 21 3737 1 4010
140 18 14776 4 14926
141 25 784 1 967
142 12 13332 1 13764
143 12 10090 1 10825
144 15 624 3 1348
145 7 21768 2 22269
146 12 8299 4 8592
147 3 21768 4 22020
148 20 13808 4 14030
149 4 14030 1 14700
150 20 12923 3 13442
151 12 8850 3 9879
152 3 3163 1 3608
153 4 21169 1 21838
154 19 15065 1 15467
155 2 10106 3 10193
156 14 10866 1 11400
157 12 16599 2 16818
158 20 17791 1 18311
159 25 3737 3 3981
160 12 968 4 1318
161 7 0 1 290
162 14 16599 6 17052
163 15 14776 2 15121
164 11 21682 3 22370
165 12 1194 1 1829
166 4 9649 1 10090
167 2 624 3 1272
168 12 3737 1 4558
169 22 624 2 1266
170 15 8850 2 9522
171 22 761 2 1487
172 12 8299 2 8850
173 7 0 2 158
174 12 14776 7 15077
175 12 10782 4 11294
176 14 14808 4 15242
177 1 17791 1 17890
178 18 1194 3 1403
179 11 10866 1 11051
180 12 10866 1 11556
181 4 412 2 784
182 4 0 1 187
183 16 21768 3 22409
184 27 17791 2 17832
185 12 6669 4 7338
186 12 22007 1 22281
187 7 21169 2 21641
188 21 8299 1 8350
189 3 412 4 559
190 20 12084 1 12923
191 23 3737 4 3948
192 12 22106 1 22508
193 3 624 1 949
194 8 9649 2 10069
195 24 21682 2 21938
196 12 9931 2 10216
197 10 11294 6 11506
198 9 14808 1 15277
199 7 8850 1 9055
200 12 2035 1 2346
201 1 12084 1 12731
202 12 13332 5 14079
203 11 21540 1 22154
204 1 12084 2 12535
205 10 14808 3 15166
206 1 2648 2 3391
207 1 3737 1 3880
208 3 21768 1 22512
209 23 14776 2 15337
210 1 15854 4 16245
211 1 14030 2 14689
212 20 19492 1 20598
213 11 12084 3 12367
214 25 14776 3 15209
215 1 22106 1 22664
216 26 7 1 184
217 12 20598 1 24586
218 15 14030 2 14464
219 16 15854 1 16013
220 14 2157 8 2842
221 20 5983 2 6692
222 12 14776 5 15517
223 4 14776 1 14855
224 21 0 2 209
225 1 10782 3 11394
226 9 3163 2 3473
227 1 8299 2 8476
228 20 21540 1 22427
229 12 0 3 725
230 20 19492 4 19795
231 12 16599 2 17178
232 6 10866 2 10915
233 20 3737 3 4391
234 8 13808 1 13873
235 11 0 1 694
236 14 6669 6 7227
237 4 12923 1 13566
238 15 17791 1 18458
239 20 1114 1 2103
240 20 21169 1 21199
241 15 12084 2 12181
242 2 8816 2 8843
243 4 17178 2 17226
244 19 624 2 857
245 12 3163 5 3507
246 25 10866 1 11557
247 21 12084 1 12356
248 26 624 1 711
249 16 3737 1 4468
250 20 761 1 1114
251 12 15854 2 16003
252 14 0 1 750
253 15 2157 1 2211
254 6 14776 4 14843
255 12 6669 1 7145
256 17 21169 1 21596
257 8 2157 1 2793
258 7 624 2 1222
259 18 13808 2 14318
260 13 14776 2 15113
261 16 0 1 358
262 17 15854 1 15920
263 20 10866 2 10943
264 22 30 5 286
265 16 15854 5 16459
266 19 15854 4 16228
267 12 30 3 591
268 9 8816 1 9048
269 11 9931 3 10649
270 12 310 2 968
271 27 412 2 677
272 12 30 1 624
273 20 8299 1 8816
274 20 22106 1 23523
275 7 2600 2 2975
276 12 3507 1 4055
277 25 0 1 532
278 4 2600 2 2773
279 20 16599 1 17340
280 12 22007 1 22155
281 1 412 1 531
282 25 14030 2 14072
283 12 5983 3 6669
284 20 22012 3 22106
285 12 2707 2 2744
286 20 8915 1 9581
287 22 14808 1 15065
288 12 2600 2 3163
289 20 412 3 595
290 26 20598 1 20699
291 14 624 2 915
292 19 10090 1 10285
293 25 19795 2 20475
294 1 19492 2 19815
295 20 20598 3 21169
296 13 3737 4 3907
297 12 2157 1 2707
298 7 15077 1 15403
299 12 624 1 1174
300 12 10866 1 11465
301 11 20598 3 20879
302 6 0 1 31
303 20 9581 2 9649
304 23 8299 1 8808
305 12 13808 1 14776
306 17 624 2 781
307 21 8915 2 9615
308 27 1194 2 1630
309 16 3737 1 4395
310 7 14776 3 14902
311 25 12084 3 12828
312 12 9879 1 10782
313 11 15854 1 16333
314 1 10106 2 10652
315 20 17178 1 17898
316 12 21682 1 21975
317 10 2707 1 3021
318 20 2157 1 2894
319 12 8592 2 8939
320 24 0 1 31
321 4 22119 1 22180
322 25 0 3 114
323 1 14776 2 14808
324 12 0 3 30
325 20 6669 2 7167
326 12 19780 1 20432
327 6 8299 2 8740
328 16 412 2 448
329 20 3704 2 4261
330 12 7338 1 8299
331 12 19492 1 19780
332 13 15854 3 16039
333 20 2894 2 3467
334 12 5152 1 5983
335 25 624 1 660
336 4 22106 1 22628
337 20 19795 1 20140
338 20 15265 2 15713
339 11 8299 4 8398
340 8 10090 2 10224
341 12 20917 1 21682
342 25 8816 1 9208
343 8 17791 2 18277
344 4 11294 1 11478
345 19 14808 3 15346
346 22 21768 3 21915
347 20 14776 1 15265
348 20 21388 2 22012
349 5 14030 3 14128
350 11 2157 4 2800
351 14 14808 4 15407
352 3 1114 3 1211
353 6 412 4 1123
354 12 15854 3 16599
355 2 0 1 72
356 14 10866 3 11380
357 26 14808 1 14864
358 11 19492 2 19665
359 14 15854 4 15929
360 28 14808 3 14878
361 5 725 2 1470
362 20 12084 1 12539
363 15 19780 1 20062
364 3 784 2 1392
365 4 10090 1 10500
366 23 21682 3 22102
367 16 8816 2 9408
368 8 14776 1 15434
369 20 624 1 832
370 2 15854 4 16018
371 4 21540 1 22119
372 9 14030 1 14595
373 6 14030 4 14596
374 12 19780 2 20303
375 23 8915 1 9326
376 16 3737 1 3939
377 20 2894 3 3038
378 25 412 2 1100
379 12 17791 1 19492
380 20 8915 1 9327
381 12 2035 2 2600
382 20 10782 3 11342
383 21 17791 1 18049
384 8 16599 2 17232
385 20 1194 3 1728
386 4 15265 2 15317
387 20 10106 4 10626
388 2 14776 1 14812
389 12 12084 1 13332
390 25 13808 1 14135
391 1 14808 1 15400
392 20 10782 2 11048
393 16 624 5 739
394 12 725 1 1194
395 4 10866 1 11399
396 9 16599 1 16647
397 4 16599 2 17125
398 22 14808 3 15528
399 6 12084 2 12197
400 14 0 1 262
401 11 2600 1 2906
402 25 10106 3 10354
 调度评估结果
1. 任务等待评估 (Σ 等待×权重): 21892493
2. 任务完成评估 (最大完成时间): 24586
3. GPU显存空闲评估 (平均空闲): 5100.37 GB/时间片
 额外统计
已调度任务               : 402/402
平均等待时间            : 5496.81
各服务器任务分布      : 服务器1=28, 服务器2=9, 服务器3=14, 服务器4=19, 服务器5=4, 服务器6=14, 服务器7=14, 服务器8=10, 服务器9=10, 服务器10=8, 服务器11=18, 服务器12=73, 服务器13=10, 服务器14=15, 服务器15=11, 服务器16=15, 服务器17=4, 服务器18=4, 服务器19=8, 服务器20=57, 服务器21=7, 服务器22=10, 服务器23=5, 服务器24=4, 服务器25=20, 服务器26=6, 服务器27=4, 服务器28=1
