1 36 15601 1 16232
2 45 22111 1 22238
3 26 11972 5 12403
4 11 19586 2 20421
5 31 15852 2 16628
6 46 7959 1 8730
7 1 25176 3 25539
8 5 10240 1 10758
9 50 10344 1 11009
10 45 31004 1 31888
11 18 11837 2 12523
12 39 20207 2 20433
13 19 19191 1 19504
14 67 3288 2 4120
15 47 11242 1 12218
16 51 27393 3 27544
17 50 20207 1 20932
18 12 3881 1 4328
19 22 13271 1 13698
20 10 18023 1 18471
21 53 29177 2 30161
22 55 5098 1 5193
23 11 32 1 189
24 20 24325 1 24620
25 30 21911 2 22705
26 45 4429 2 5073
27 19 10816 1 11128
28 57 22777 1 23153
29 40 13437 3 14243
30 37 22819 3 23253
31 38 24325 1 24771
32 23 13562 1 14290
33 57 20325 1 21018
34 21 1161 2 1557
35 48 30211 1 30765
36 25 19191 4 20161
37 14 1487 1 2026
38 16 29177 2 29939
39 45 31004 1 31760
40 46 5849 4 6482
41 54 13616 1 14109
42 53 22429 2 23325
43 56 8191 1 8685
44 67 1487 2 2439
45 11 20872 1 21476
46 13 27561 1 27764
47 7 5098 3 5998
48 20 11242 1 11583
49 26 27111 1 27602
50 32 18033 2 18392
51 3 12314 2 12551
52 5 15601 3 15961
53 42 21435 1 21745
54 53 25996 1 26412
55 5 8123 1 8630
56 49 20872 2 21135
57 26 20325 2 21305
58 45 6813 1 7251
59 45 22575 1 23328
60 62 11727 1 11837
61 45 20188 2 20472
62 68 29700 4 30184
63 50 13494 1 14057
64 57 22575 1 22706
65 50 30025 1 30211
66 52 16603 1 17344
67 49 27393 1 27491
68 46 26765 1 27166
69 27 5995 1 6692
70 50 19191 1 19412
71 9 20872 2 21578
72 10 3288 3 4184
73 25 13355 2 14273
74 16 50 1 462
75 8 18023 1 18243
76 19 3799 1 4211
77 9 27111 3 27993
78 21 6813 2 6918
79 2 11837 1 12246
80 55 20872 1 21710
81 32 17224 4 17933
82 45 24995 1 25244
83 3 16839 1 17568
84 19 711 1 1095
85 62 8730 1 8967
86 13 13492 1 13616
87 35 6705 5 7389
88 62 15601 1 15779
89 42 17224 2 18123
90 47 1421 1 2076
91 22 26889 1 27466
92 40 23716 1 24542
93 20 30025 1 30342
94 44 12538 1 12813
95 68 84 4 433
96 15 22859 1 23533
97 29 17744 1 18176
98 45 29177 1 29651
99 42 5484 3 5860
100 9 8123 1 8922
101 41 29177 1 30062
102 21 5484 1 6376
103 59 27111 1 28106
104 15 30395 1 30678
105 40 29177 2 29741
106 62 18024 1 18815
107 7 17566 1 17700
108 41 6813 1 7340
109 24 3881 1 4186
110 55 29177 1 29477
111 58 1161 1 1657
112 10 21513 2 21854
113 26 29177 2 29981
114 51 12937 2 14051
115 55 7959 1 8348
116 54 14010 1 14936
117 58 22207 1 22334
118 65 24500 1 24720
119 30 1 5 669
120 62 16839 1 17413
121 20 30211 1 30643
122 51 20872 3 21799
123 19 21435 1 22195
124 11 929 2 1141
125 67 6705 5 7539
126 51 3288 3 3475
127 66 21911 1 22878
128 1 882 1 1085
129 58 5098 1 5848
130 46 6705 1 7895
131 44 29177 3 29608
132 37 8957 1 9812
133 50 29177 1 29741
134 32 24325 1 25149
135 18 5098 2 5212
136 59 13414 2 13895
137 59 12937 1 13143
138 2 22859 3 23180
139 65 10816 1 11415
140 15 12937 1 13819
141 15 24325 1 24627
142 21 1943 1 2725
143 43 12937 2 13191
144 58 30294 1 30473
145 1 30025 1 30464
146 3 30294 2 30816
147 44 17354 1 18354
148 34 19191 2 19923
149 47 24325 1 24619
150 21 22238 1 22434
151 13 16105 2 16739
152 57 19199 2 19491
153 59 3288 2 3491
154 13 12048 1 12701
155 40 5706 1 5861
156 12 31004 1 31579
157 33 3801 2 4088
158 13 6705 2 7097
159 46 2142 1 2993
160 62 26800 1 27460
161 19 20207 1 20730
162 41 11009 1 11389
163 29 4429 1 5017
164 15 1095 1 1462
165 14 17230 1 17377
166 68 934 5 1828
167 51 30025 2 30985
168 16 11727 4 12074
169 40 30025 1 30465
170 9 12314 1 13169
171 62 30025 1 30979
172 46 8730 2 9606
173 9 13368 2 13711
174 19 27111 1 27467
175 13 17744 1 18690
176 46 14 1 504
177 45 17744 2 18421
178 42 26042 4 26944
179 39 18508 3 19036
180 41 43 1 409
181 45 17566 1 18123
182 21 29177 1 29448
183 6 13437 4 14340
184 1 22429 2 23068
185 65 29741 1 30496
186 21 17224 1 18040
187 18 3288 1 4025
188 66 98 2 511
189 57 46 1 266
190 20 17744 4 17938
191 39 25500 1 26354
192 24 2142 4 2762
193 8 3288 1 4108
194 42 19191 1 19890
195 31 25076 1 25780
196 8 12314 1 12771
197 37 14224 3 14693
198 47 21435 2 21515
199 51 5098 1 5706
200 47 9069 2 9347
201 19 30025 1 30890
202 65 16839 1 17491
203 27 24325 1 24987
204 38 1095 1 1300
205 20 7826 1 8276
206 45 29700 1 30166
207 31 8123 3 8901
208 1 25785 2 26674
209 8 17224 1 17984
210 30 10816 1 11227
211 13 17230 1 17586
212 49 25785 1 25996
213 27 11363 1 11932
214 53 3288 3 3674
215 50 27111 1 27779
216 51 2142 1 3656
217 58 21435 1 22207
218 46 14010 1 14614
219 53 1095 1 2031
220 19 12937 1 13421
221 42 15986 3 16962
222 59 18508 2 19103
223 5 10816 1 11190
224 20 27393 3 27561
225 59 1487 1 2278
226 62 22944 1 23777
227 45 27111 1 29177
228 20 9314 1 10285
229 45 18421 1 18988
230 20 1487 1 2240
231 41 25500 1 25958
232 58 22983 1 23449
233 15 15986 1 16949
234 1 5995 3 6174
235 11 29177 1 29488
236 51 24325 1 25179
237 24 27514 1 28462
238 27 6813 1 6964
239 26 15601 2 16523
240 22 5098 1 5295
241 20 23156 4 23494
242 19 24325 1 25119
243 39 2864 1 3595
244 20 19191 3 19945
245 20 11880 3 12315
246 55 29477 1 30288
247 10 1 5 929
248 32 15601 3 16233
249 12 16603 1 17469
250 20 5849 1 6499
251 39 5995 2 6087
252 22 19191 1 20016
253 45 13355 1 13437
254 9 44 2 982
255 45 3652 2 4583
256 21 20872 1 21771
257 55 5995 1 6569
258 9 17566 2 17861
259 8 5098 1 5589
260 37 17566 3 18381
261 41 14224 1 14461
262 13 14694 1 15214
263 45 25500 1 26042
264 55 7097 1 7959
265 46 23716 2 24209
266 37 12315 1 13244
267 50 21435 1 21962
268 37 19191 2 19505
269 1 30211 2 30584
270 55 16839 1 17381
271 31 16839 1 17573
272 62 24325 1 24719
273 50 15601 1 16105
274 16 3652 1 4609
275 39 11242 2 11442
276 49 13486 1 14513
277 24 8612 3 8800
278 11 8123 1 9015
279 45 26042 1 26155
280 26 6482 1 6812
281 58 29177 1 29390
282 30 15986 1 16565
283 20 7087 1 7854
284 41 929 1 1156
285 25 22429 3 23123
286 10 20872 2 20997
287 42 21911 1 22732
288 20 5098 1 5202
289 1 18023 2 18616
290 35 22429 1 22758
291 41 18686 1 19007
292 22 22777 1 23771
293 9 29177 2 29614
294 12 8803 5 9711
295 55 14010 2 14810
296 68 19191 5 19609
297 44 14010 1 14293
298 16 16839 1 17269
299 32 18508 3 18669
300 39 20872 2 20965
301 1 12732 1 12829
302 48 2142 1 2576
303 51 6706 2 7201
304 1 12048 2 12507
305 59 18024 1 18201
306 64 5098 3 5700
307 15 10132 1 10692
308 38 22238 1 23194
309 32 2142 3 2427
310 31 24405 4 24873
311 33 15601 1 15949
312 47 20188 2 21077
313 4 30211 4 30851
314 37 20207 1 20563
315 30 25500 1 26486
316 45 8957 2 10132
317 1 7959 2 8258
318 59 56 1 838
319 41 11880 1 12548
320 59 31004 1 31983
321 25 17566 4 18066
322 45 16105 2 16775
323 45 26155 2 26765
324 49 25996 3 26554
325 30 21435 1 21688
326 15 1474 1 2161
327 9 6418 2 7164
328 39 27514 1 27673
329 7 22429 4 23277
330 46 6482 1 7274
331 42 11363 1 11949
332 24 13798 1 14055
333 14 33 1 244
334 32 13368 2 14367
335 62 14224 1 14571
336 1 16839 1 17409
337 16 8191 1 8487
338 58 3288 1 3801
339 55 24325 1 24606
340 46 3799 1 4734
341 18 22819 3 23774
342 32 12937 2 13256
343 65 19191 1 19718
344 25 5995 1 6396
345 6 22983 2 23654
346 62 19191 1 20171
347 46 29177 3 29494
348 68 5995 4 6475
349 8 8612 1 9160
350 53 26889 1 27225
351 30 18023 1 18619
352 15 10816 1 11212
353 46 21435 1 22360
354 3 19191 1 19583
355 63 25500 1 27297
356 51 22695 3 23263
357 66 25500 1 25779
358 8 5995 1 6629
359 33 6813 2 7597
360 45 16839 1 17566
361 47 1095 2 1276
362 10 6418 3 6819
363 55 2864 1 3048
364 10 8967 1 9684
365 46 18033 1 18808
366 59 11363 1 12123
367 18 13271 1 13646
368 4 25996 3 26250
369 9 16839 3 17560
370 4 17566 5 18163
371 39 21435 2 21721
372 25 10344 4 10911
373 58 17224 1 17829
374 59 21435 1 21939
375 47 23156 2 23726
376 22 8868 1 10244
377 39 13437 1 14295
378 26 1161 4 1518
379 58 11890 1 12659
380 27 12 1 231
381 35 110 1 272
382 59 24580 2 25375
383 46 8730 2 9408
384 40 15852 1 16068
385 24 27111 5 27453
386 62 11837 1 12719
387 55 6705 1 7081
388 20 711 1 1487
389 45 26765 1 27737
390 18 25176 1 25797
391 49 3288 2 4101
392 59 23716 1 24325
393 32 8191 2 8758
394 38 22777 2 23361
395 27 15601 1 16563
396 15 12048 1 12855
397 55 11727 1 11935
398 27 12048 1 13005
399 3 18033 1 18519
400 18 19191 1 20146
401 11 2142 1 2902
402 52 20556 1 21372
403 30 9069 4 9528
404 41 21962 1 22184
405 5 11890 3 12682
406 15 5098 1 5461
407 45 3288 1 3910
408 20 24637 1 25076
409 19 13421 2 13798
410 13 107 2 218
411 45 5098 1 5849
412 18 8191 1 9084
413 6 8730 2 9360
414 1 13437 1 13860
415 19 69 1 250
416 19 25119 1 25792
417 16 9069 4 9812
418 52 25176 1 25997
419 46 11242 1 11499
420 12 711 1 1564
421 22 6705 1 6816
422 25 15601 2 15780
423 37 11363 2 12093
424 58 17566 1 18229
425 30 3288 1 3964
426 43 13271 1 13964
427 20 882 1 1482
428 42 18421 1 19023
429 55 21911 2 22860
430 24 26800 1 27062
431 50 9069 1 9282
432 16 6418 3 7208
433 62 7959 1 8623
434 64 20321 5 20942
435 58 22429 1 22983
436 55 2142 1 3003
437 40 1467 2 1759
438 12 21911 5 22548
439 45 15986 1 16975
440 22 10344 1 11259
441 12 18023 1 18527
442 47 5098 2 5324
443 22 22429 1 22774
444 62 12937 1 13021
445 31 1161 3 1570
446 17 15601 2 16566
447 14 25500 1 25931
448 39 6482 2 6568
449 55 19191 1 19636
450 36 29177 1 29701
451 34 24325 1 24548
452 30 19191 4 19747
453 16 20872 2 22123
454 15 25076 1 25606
455 16 47 1 623
456 24 14224 4 14885
457 45 10132 2 10339
458 62 13355 1 13972
459 20 21911 1 22462
460 8 26155 1 26261
461 31 30025 1 30945
462 49 13368 1 13486
463 18 10132 1 10837
464 9 20321 1 20872
465 51 20188 4 20417
466 44 6482 4 6915
467 20 22462 1 23156
468 5 3801 2 4018
469 22 1380 1 1610
470 42 3801 1 4552
471 17 21962 3 22756
472 36 5995 1 6229
473 40 14010 1 14847
474 50 3752 1 4740
475 36 1095 1 1240
476 51 11538 3 12420
477 62 13 1 882
478 37 25076 4 25241
479 46 24325 2 25273
480 58 8957 1 9720
481 24 21513 3 22295
482 50 6418 1 6798
483 7 19191 5 19761
484 58 2142 1 3137
485 13 5098 1 5523
486 16 29177 1 29395
487 62 3652 1 3969
488 45 19504 1 20188
489 14 25996 1 27591
490 53 10344 2 11290
491 46 15601 3 16192
492 38 25176 2 25471
493 46 17224 4 18033
494 38 27111 1 27435
495 6 12538 2 13057
496 14 7051 2 7585
497 24 10816 1 11589
498 14 31004 1 31780
499 5 111 2 387
500 29 5484 1 6299
501 47 29177 1 30157
502 39 13798 2 13992
503 49 0 1 913
504 14 16839 2 17172
505 28 5098 1 5909
506 41 20556 1 20978
507 45 30211 2 31153
508 49 27111 1 27274
509 16 17269 1 18023
510 42 20872 4 21336
511 26 11009 1 11127
512 42 30294 2 31087
513 20 10344 1 11303
514 45 11890 1 12756
515 39 13023 2 13268
516 59 11242 1 12127
517 45 20188 1 20321
518 52 5995 1 6574
519 9 6482 1 6902
520 58 8612 1 8814
521 60 13414 1 14362
522 40 5484 2 6471
523 11 18508 1 19008
524 46 29177 1 29515
525 1 10132 1 10992
526 67 26042 1 26127
527 47 17744 2 18396
528 8 30395 1 30927
529 35 12314 5 13141
530 25 11469 4 11906
531 19 17224 1 17560
532 20 18686 1 19166
533 20 11469 1 11906
534 12 29177 1 30009
535 15 31004 1 31207
536 42 5995 1 6279
537 39 50 1 969
538 22 26155 1 26640
539 15 18508 1 19497
540 55 27514 1 28290
541 51 17566 1 18754
542 51 8612 1 9517
543 32 12048 4 12267
544 16 3288 1 3516
545 2 10344 2 10760
546 50 9314 1 9488
547 55 18228 1 18795
548 20 31004 2 31746
549 9 13798 1 14473
550 65 11538 1 12418
551 13 16839 1 17641
552 11 26800 1 27478
553 8 10132 1 10901
554 58 13486 1 14213
555 68 21435 1 22434
556 48 25500 1 25793
557 49 29700 2 30294
558 20 6418 2 6912
559 18 26765 2 27228
560 56 22429 1 23008
561 22 24325 1 25594
562 46 11880 1 12538
563 45 18374 1 19191
564 23 24580 1 25214
565 37 10240 4 11082
566 12 11880 1 12272
567 64 16839 3 17169
568 18 27393 1 28155
569 48 18023 1 18768
570 46 25500 4 26283
571 3 25500 2 25773
572 11 23716 1 24943
573 44 22462 4 22848
574 65 82 1 300
575 28 9069 1 9253
576 26 30025 1 30595
577 45 19415 2 19558
578 37 5995 2 6489
579 18 18023 2 18783
580 10 5995 5 6086
581 26 21962 1 22681
582 40 6499 1 6943
583 48 16603 1 17065
584 52 19369 1 20339
585 49 30294 1 30380
586 20 14694 3 15601
587 37 15852 1 16732
588 1 72 2 882
589 61 22859 2 23569
590 67 13368 1 14263
591 62 29177 1 29724
592 6 19191 3 19869
593 4 22957 2 23489
594 42 13368 1 13971
595 46 12937 1 13615
596 15 3288 1 4222
597 38 5484 1 5967
598 65 3799 1 4068
599 45 14224 1 14306
600 29 30025 2 30788
601 67 19352 2 19800
602 50 25025 1 25948
603 20 17457 2 17639
604 65 934 1 1474
605 41 24325 1 24939
606 11 11009 1 11484
607 39 22859 1 23597
608 8 1943 1 2885
609 46 12538 1 12823
610 28 8793 1 8974
611 22 12937 1 13126
612 66 11009 1 11695
613 55 3288 1 3652
614 62 20188 1 20727
615 42 27111 1 27363
616 45 10132 2 11093
617 38 11727 4 12546
618 50 23156 1 23941
619 56 3799 1 4231
620 47 16839 1 17625
621 51 29515 1 29819
622 9 18061 1 18375
623 39 15852 3 16143
624 26 6813 1 7524
625 10 30025 1 30274
626 19 25076 1 25630
627 45 22695 2 23515
628 16 10816 3 11727
629 13 19191 1 19660
630 8 21435 1 21959
631 5 13368 1 14188
632 18 15601 1 15694
633 29 3581 1 4320
634 34 11837 1 12394
635 26 12732 1 13655
636 26 8612 1 8746
637 22 14010 1 14478
638 59 21435 1 22548
639 18 7274 2 7594
640 45 4429 2 5098
641 16 19191 3 19489
642 37 25500 3 26286
643 20 6705 1 7281
644 20 8123 1 8941
645 8 15601 1 16542
646 4 6482 4 6589
647 26 19191 2 20012
648 3 5098 1 5303
649 30 11538 1 12122
650 28 13355 1 13679
651 13 21962 1 22949
652 39 19191 1 19675
653 30 17566 2 17931
654 34 22429 1 22944
655 56 4429 1 5159
656 39 29515 1 30238
657 12 10132 1 10950
658 43 22429 2 22883
659 45 22111 3 22410
660 9 12314 1 13165
661 31 5431 1 6033
662 19 8967 1 9463
663 16 18023 4 18536
664 11 16839 1 17623
665 58 3801 1 4095
666 45 15268 3 15986
667 24 7087 2 7914
668 65 17566 1 17750
669 26 22859 2 23114
670 20 27561 1 28162
671 16 12538 1 12835
672 20 26889 1 27320
673 36 21911 1 22650
674 48 17224 1 17950
675 55 20207 1 20368
676 37 32 2 848
677 50 14224 1 14521
678 20 14224 1 15001
679 47 6705 2 7676
680 39 3799 1 4561
681 9 11363 1 12314
682 20 5431 1 6151
683 41 14694 1 15254
684 31 10816 1 11148
685 48 16105 1 16371
686 55 24606 1 25199
687 20 30211 2 31230
688 50 22695 1 23077
689 29 25176 2 25724
690 21 18508 1 18768
691 64 21435 5 22133
692 17 111 1 292
693 20 3288 1 3881
694 43 18033 1 18297
695 23 22859 1 23852
696 24 11890 1 13449
697 58 30473 1 30766
698 66 6706 1 7376
699 58 19352 1 20340
700 55 5193 1 5995
701 9 17457 1 18227
702 16 7826 1 8191
703 39 18061 2 18161
704 32 9 3 368
705 19 2142 1 2608
706 65 25119 1 25791
707 45 14010 2 14224
708 37 7164 3 7580
709 9 10132 1 10279
710 18 15986 3 16732
711 62 21962 1 22944
712 50 5098 1 5431
713 66 8793 3 9114
714 5 16839 1 17446
715 5 27111 1 27684
716 36 21435 1 21524
717 22 18023 1 18377
718 53 11890 2 12761
719 37 29177 2 29386
720 5 21435 1 21651
721 36 4429 1 4882
722 49 19199 1 20698
723 8 13368 1 14173
724 11 3288 1 3385
725 39 1095 1 1469
726 55 27262 1 27514
727 9 25500 1 26362
728 1 14694 2 14844
729 46 22957 3 23661
730 34 13355 1 13565
731 63 23156 4 23809
732 20 6499 2 6597
733 9 12048 1 12266
734 22 26765 1 26872
735 14 12732 1 14558
736 10 20321 1 20521
737 9 22429 2 23128
738 8 11880 1 12098
739 43 6482 1 7220
740 38 14694 4 14966
741 31 24325 2 24405
742 7 13355 4 13928
743 26 24325 2 25298
744 20 25176 1 25500
745 9 29700 3 30651
746 45 99 1 934
747 49 12538 1 13368
748 39 6813 2 7379
749 20 24325 1 24637
750 34 5484 1 6222
751 51 14224 1 14481
752 31 18023 4 18508
753 20 56 3 711
754 57 17224 1 18049
755 58 24415 1 25388
756 2 13437 3 14243
757 24 3323 1 3543
758 39 21962 1 22836
759 50 24325 1 25025
760 36 1487 1 2379
761 6 15852 3 16226
762 31 6418 2 7087
763 46 3288 1 3466
764 18 7 3 974
765 55 18023 1 18228
766 10 21962 4 22637
767 54 10132 2 11056
768 9 15601 1 16007
769 45 13437 1 14157
770 27 26155 1 26498
771 36 7959 1 8714
772 50 3288 1 3752
773 14 22777 2 23731
774 31 26155 1 27111
775 8 29177 1 29570
776 55 30288 1 30952
777 26 23156 1 23339
778 35 18033 2 18690
779 13 10132 1 11045
780 46 934 2 1627
781 28 20188 1 21070
782 31 14010 3 14813
783 45 15268 1 16048
784 22 21911 1 22128
785 45 24325 1 24500
786 63 19191 1 21305
787 58 7051 1 7984
788 67 17224 1 17745
789 1 3288 1 3508
790 12 11009 1 11468
791 55 6813 1 7712
792 21 15601 1 16535
793 13 26155 1 26283
794 20 7164 1 7924
795 59 11469 1 12247
796 29 18374 2 18681
797 11 1421 1 1598
798 20 27561 2 28018
799 36 6813 1 7130
800 37 30025 2 30400
801 23 4429 1 4518
802 55 15852 1 16603
803 13 3288 2 3886
804 64 22575 3 22983
805 16 14224 3 14586
806 20 2142 2 3125
807 47 95 1 1026
808 60 8803 1 9342
809 64 13414 3 14129
810 20 17938 2 18472
811 37 8612 1 8776
812 33 17938 2 18333
813 59 7164 2 7827
814 32 16839 2 16926
815 62 15852 1 16175
816 14 24325 1 25338
817 6 2864 4 3133
818 50 17354 1 17842
819 39 11890 1 12423
820 51 25500 2 25941
821 53 2142 1 2615
822 67 24580 3 25010
823 62 1421 1 1519
824 22 15268 1 15991
825 20 6705 1 7121
826 31 56 3 657
827 47 13414 1 13693
828 65 5098 1 5484
829 20 2864 1 3288
830 49 929 2 1357
831 62 1095 1 1421
832 62 14694 1 15450
833 49 15986 2 16215
834 39 17744 1 18050
835 3 13437 1 13918
836 36 13271 1 13917
837 5 18033 1 18405
838 14 6499 1 7003
839 10 22859 2 23837
840 31 75 1 496
841 39 26155 3 26767
842 51 10132 1 10851
843 64 30025 5 30291
844 31 15601 2 16492
845 45 16839 2 17499
846 40 21962 2 22285
847 40 17224 3 17649
848 20 29177 1 29800
849 67 25176 3 25273
850 24 1380 1 1943
851 58 6499 1 7051
852 62 25948 1 26259
853 16 25500 1 26266
854 61 13494 1 14255
855 51 15852 1 16265
856 46 30395 3 30828
857 8 25176 1 26096
858 20 11242 1 11880
859 41 5098 1 5217
860 9 5098 2 5872
861 9 11363 2 11953
862 21 22462 1 23289
863 13 8730 1 9314
864 29 9069 1 9783
865 60 1095 1 1995
866 59 14224 2 15122
867 51 3801 3 4736
868 52 17354 1 18089
869 19 11727 2 12200
870 14 10816 1 11465
871 26 711 4 1161
872 42 8967 1 9956
873 57 13437 1 14349
874 41 1421 1 2340
875 57 13494 1 14063
876 39 29651 1 29871
877 65 4068 1 4885
878 28 31004 1 31229
879 36 711 1 1000
880 12 15852 1 16154
881 32 27111 2 27628
882 44 20556 4 21345
883 47 13271 2 13371
884 24 30395 2 31201
885 11 31004 2 31402
886 19 18023 1 18512
887 27 16839 1 17215
888 28 18023 1 18979
889 59 9073 1 9284
890 32 19191 1 19640
891 5 929 3 1464
892 16 24500 1 25337
893 46 11363 1 12300
894 55 16603 1 16789
895 22 5995 1 6674
896 68 13414 1 13656
897 30 29177 2 30048
898 62 31004 1 31971
899 37 24325 2 24662
900 38 8123 1 8793
901 12 26155 1 26913
902 67 9314 1 9906
903 8 22819 1 23319
904 1 15852 1 16701
905 32 3288 1 3554
906 12 3288 5 3695
907 67 30025 1 30921
908 39 25076 2 25169
909 41 20188 1 20518
910 17 19369 1 19991
911 49 22429 1 23023
912 50 16105 1 16326
913 14 21435 1 21973
914 8 1380 1 1836
915 58 15986 1 16878
916 46 22957 1 23348
917 42 52 3 744
918 36 26155 1 27114
919 57 11727 1 12585
920 19 22575 1 23459
921 24 22695 4 23714
922 42 20188 4 20577
923 39 10132 1 10726
924 31 19191 1 19940
925 47 7959 1 8942
926 45 17224 1 17674
927 40 19191 2 19334
928 39 25176 2 25942
929 44 17457 1 18374
930 1 5098 1 5560
931 36 18508 1 19339
932 9 10816 2 11363
933 30 20872 3 20961
934 18 21435 1 22429
935 30 934 2 1597
936 30 20188 2 20406
937 65 22819 1 23782
938 52 8612 1 9171
939 66 711 3 1373
940 10 19191 1 19723
941 12 15 2 170
942 49 11727 3 12485
943 26 18023 3 18893
944 64 24325 1 24839
945 13 5995 2 6619
946 59 27514 1 28337
947 55 3881 1 4325
948 47 18508 1 19392
949 37 26765 2 27690
950 8 24325 1 25157
951 3 20321 1 20516
952 64 15 3 174
953 59 16603 1 16986
954 7 20188 3 20487
955 50 1380 1 1895
956 15 5995 1 6479
957 28 29741 1 30147
958 20 7959 1 8290
959 11 5098 1 5234
960 46 22429 1 22957
961 19 11363 1 11475
962 11 21962 2 22572
963 35 21513 2 22067
964 15 20188 1 20465
965 53 19191 2 19313
966 55 10816 2 11469
967 26 10132 1 10592
968 31 29177 1 29538
969 30 6418 1 6940
970 24 1943 2 2142
971 14 2142 1 2872
972 14 11538 1 12201
973 24 13494 4 13581
974 39 12937 1 13023
975 36 20188 1 21174
976 13 12732 2 13492
977 42 29515 1 29984
978 66 14010 2 14313
979 20 18508 2 19392
980 12 8123 5 8716
981 45 100 1 685
982 40 24580 4 24809
983 13 14224 2 15070
984 56 18023 1 18484
985 31 27111 3 27477
986 11 6482 1 6960
987 51 16839 2 17805
988 12 25076 1 25930
989 42 7128 3 7447
990 16 8612 2 8789
991 10 27393 1 28098
992 36 14224 1 14887
993 11 12937 1 13428
994 19 10132 1 10816
995 45 7164 3 8082
996 22 12048 1 12735
997 49 26765 1 27061
998 4 27111 5 28040
999 18 29177 2 29552
1000 38 21435 2 21637
1001 15 17224 1 18110
1002 28 13798 1 13893
1003 27 26800 1 26886
1004 42 934 1 1690
1005 8 19191 1 19369
1006 49 4429 2 4774
1007 59 12538 1 12937
1008 31 20556 1 21227
1009 67 8123 5 8736
1010 26 11242 2 11972
1011 13 1380 2 2348
1012 46 29515 2 30395
1013 37 3288 3 4028
1014 36 23716 1 24415
1015 42 22859 2 23253
1016 1 17566 1 17975
1017 15 29177 1 30067
1018 31 8191 1 8712
1019 40 22462 1 22924
1020 14 17566 2 17739
1021 20 26889 2 27393
1022 65 15852 1 16839
1023 45 20321 1 21059
1024 35 14224 1 14617
1025 65 3323 1 3799
1026 67 5995 4 6705
1027 44 8967 1 9513
1028 30 7959 1 8642
1029 36 102 1 346
1030 9 19191 1 19698
1031 41 27111 1 27404
1032 31 27561 1 28372
1033 44 7274 1 7918
1034 49 7959 1 8192
1035 4 934 3 1697
1036 59 22777 2 23716
1037 50 5431 1 6418
1038 52 27561 1 28465
1039 24 35 1 465
1040 66 12732 1 13642
1041 40 18023 2 18453
1042 29 6706 1 7377
1043 32 20188 4 20992
1044 26 25500 2 26050
1045 55 3652 1 3861
1046 14 934 2 1189
1047 8 1161 1 1269
1048 43 8123 1 8801
1049 33 18508 2 18823
1050 14 8123 1 8205
1051 67 21435 2 22277
1052 46 16839 1 17224
1053 39 22859 1 23842
1054 54 1487 2 1978
1055 11 22575 1 22694
1056 37 22238 3 22757
1057 18 6499 3 7268
1058 39 30288 1 31200
1059 44 26765 1 27377
1060 59 3652 1 4080
1061 53 5098 1 5832
1062 6 5995 2 6728
1063 49 2142 1 2407
1064 45 1161 1 1692
1065 36 24415 1 25257
1066 20 3881 3 4773
1067 38 18508 1 19296
1068 37 16839 2 17503
1069 22 29700 1 29814
1070 20 8967 2 9141
1071 4 11009 4 11504
1072 37 29515 2 29659
1073 11 11538 1 11660
1074 42 24325 2 25299
1075 33 22429 1 22956
1076 38 46 2 698
1077 31 20188 2 20792
1078 50 25948 1 26800
1079 1 20188 1 20889
1080 62 8967 1 9143
1081 40 12732 4 13394
1082 46 7274 1 7901
1083 31 21911 1 22268
1084 39 27111 1 27477
1085 21 8803 1 8996
1086 9 18508 1 18822
1087 44 20325 2 20556
1088 10 7164 2 7931
1089 32 29177 1 29920
1090 21 6482 1 6648
1091 65 10344 1 11058
1092 59 8123 1 8612
1093 31 22777 3 23407
1094 55 17224 1 18097
1095 27 8191 1 8719
1096 16 2142 2 2366
1097 18 16839 3 17030
1098 67 23156 1 23624
1099 3 10344 2 11061
1100 12 4429 1 4664
1101 55 25500 1 25699
1102 9 17938 1 18061
1103 19 1095 2 1936
1104 62 882 1 1056
1105 46 20188 2 20376
1106 55 10132 2 10272
1107 55 11972 1 12699
1108 50 7826 1 9069
1109 33 20556 1 20908
1110 66 18033 2 18847
1111 27 14010 1 14876
1112 63 7087 5 7264
1113 53 5995 3 6420
1114 62 21435 1 21575
1115 11 9069 2 9276
1116 39 5849 1 5958
1117 41 22819 1 23443
1118 33 13437 2 13859
1119 59 30025 2 31004
1120 7 18033 5 18880
1121 62 5098 1 5777
1122 58 12937 1 13276
1123 50 21962 1 22432
1124 16 15852 1 15998
1125 27 17566 1 17835
1126 53 25119 3 25666
1127 32 26155 1 26358
1128 27 20872 1 21801
1129 8 27561 1 27914
1130 49 6705 1 7488
1131 48 31 1 667
1132 53 27393 1 28350
1133 68 3881 1 4093
1134 20 25500 2 26889
1135 33 19191 1 19997
1136 57 25500 2 26073
1137 55 11469 1 12266
1138 13 24405 1 25225
1139 50 6813 1 7128
1140 11 7087 2 8016
1141 44 19352 2 19555
1142 45 2864 2 3579
1143 10 11538 1 12015
1144 11 10240 2 10527
1145 12 30294 2 30937
1146 22 16603 1 17230
1147 19 13798 1 14428
1148 4 29177 3 29686
1149 8 14224 1 14674
1150 50 1095 1 1380
1151 25 3288 1 4199
1152 4 14694 4 15506
1153 41 3288 1 4086
1154 23 7128 1 8089
1155 29 16603 1 17493
1156 13 7097 1 7612
1157 46 31004 1 31751
1158 68 12048 4 12396
1159 57 15852 1 16273
1160 62 27514 1 27652
1161 45 24995 1 25701
1162 45 8957 2 9449
1163 39 12538 1 12790
1164 13 5995 1 6433
1165 9 26800 1 27028
1166 3 5995 2 6242
1167 37 4429 3 5398
1168 45 25948 1 26830
1169 16 711 2 1619
1170 13 22957 1 23047
1171 45 6813 4 7139
1172 59 24325 1 24580
1173 56 6482 1 7111
1174 31 1487 1 1726
1175 21 20188 2 20397
1176 45 19191 4 19415
1177 36 16603 1 17582
1178 25 2142 2 2550
1179 4 19191 5 19791
1180 38 6813 4 7337
1181 13 8191 1 8328
1182 25 1161 4 1689
1183 25 16603 2 17484
1184 38 20325 4 20824
1185 20 5431 1 5812
1186 32 1380 1 1988
1187 42 30025 1 30180
1188 44 18374 3 19352
1189 8 16 1 997
1190 45 22429 1 22627
1191 54 14224 1 14726
1192 22 7959 1 8383
1193 1 31004 3 31232
1194 49 31004 2 32189
1195 16 5098 1 6080
1196 16 2864 2 3062
1197 52 26155 1 26633
1198 50 7128 1 7826
1199 19 29177 1 29997
1200 3 15986 2 16745
1201 8 11009 1 11383
1202 53 31004 2 31166
1203 50 30211 1 31003
1204 62 10132 1 10560
1205 11 10132 1 10240
1206 8 18508 1 18723
1207 39 29177 2 29549
1208 53 16839 1 17468
1209 44 882 4 1702
1210 21 24325 1 24871
1211 27 25176 1 25561
1212 20 19586 1 20558
1213 25 29177 1 30032
1214 45 24500 2 24995
1215 47 27111 1 27467
1216 53 7087 1 7211
1217 34 10816 1 11164
1218 39 26765 1 26867
1219 8 6813 1 7812
1220 50 19586 1 20207
1221 13 20872 1 21840
1222 62 17566 1 18024
1223 22 934 1 1178
1224 27 3288 1 3583
1225 48 9073 1 9421
1226 20 30211 1 31087
1227 25 7959 2 8491
1228 28 30211 1 30903
1229 53 13355 2 13755
1230 11 11727 1 12623
1231 53 20188 1 21016
1232 47 15601 1 15856
1233 45 21435 4 21911
1234 29 14010 1 14671
1235 8 30025 1 30187
1236 39 24325 2 24523
1237 46 18033 1 18698
1238 7 15601 4 15752
1239 13 11880 1 12732
1240 20 8612 1 10056
1241 45 13437 2 13906
1242 42 6482 2 6845
1243 10 24415 3 24740
1244 31 12538 1 13084
1245 66 3288 2 4134
1246 38 12937 1 13605
1247 62 5995 1 6701
1248 11 13437 2 14362
1249 47 21911 2 22568
1250 45 24325 1 24944
1251 52 22859 1 23091
1252 36 10344 1 10849
1253 35 8612 1 9016
1254 30 16839 4 17470
1255 15 26765 1 27660
1256 20 29177 2 30106
1257 45 934 1 1555
1258 36 3288 1 3945
1259 27 29177 1 29693
1260 15 20872 1 21319
1261 55 21435 1 21872
1262 66 17457 1 18011
1263 55 20188 1 20325
1264 47 12538 1 12630
1265 3 14010 1 14435
1266 27 27111 1 27691
1267 17 13616 1 14341
1268 49 24325 1 24743
1269 42 3288 1 3689
1270 32 1095 2 1243
1271 22 20188 1 20760
1272 40 16878 2 17082
1273 27 22238 1 22620
1274 11 3801 2 4724
1275 43 27393 2 28033
1276 22 2142 1 2575
1277 13 30025 2 30205
1278 16 26765 1 27672
1279 22 25785 1 26046
1280 31 10132 1 10471
1281 22 27514 1 28103
1282 65 13414 1 14339
1283 43 16603 1 17379
1284 45 8123 1 8957
1285 51 21911 1 22261
1286 15 8123 1 8415
1287 50 11009 1 11840
1288 25 23716 2 24716
1289 54 24325 2 24779
1290 17 22777 2 22967
1291 38 20872 1 21796
1292 59 14010 2 14629
1293 59 6705 1 6894
1294 46 5098 1 5744
1295 5 7139 2 7950
1296 67 26800 1 27322
1297 22 3288 1 4044
1298 18 20188 2 21089
1299 19 12732 1 12903
1300 16 13355 2 14194
1301 45 14224 3 14941
1302 32 12314 1 12541
1303 45 22238 1 22429
1304 31 3288 1 4002
1305 48 24325 1 25237
1306 45 22429 1 22575
1307 36 31004 1 31571
1308 31 11538 2 12354
1309 10 12314 2 13260
1310 55 22944 2 23179
1311 53 24325 1 24944
1312 3 26155 2 27038
1313 58 16878 1 17001
1314 62 10560 1 11427
1315 38 14010 1 14694
1316 9 3288 1 3581
1317 55 13355 1 13504
1318 37 1487 1 1876
1319 14 10132 2 10327
1320 10 5098 2 5557
1321 16 10132 1 10354
1322 36 27262 1 28210
1323 32 10816 2 12002
1324 2 27561 1 27890
1325 30 13271 1 13562
1326 26 9314 1 9636
1327 62 7128 1 7470
1328 44 13437 3 14346
1329 16 22429 2 23174
1330 54 18033 2 18170
1331 14 3288 2 3704
1332 45 11972 1 12818
1333 28 7139 1 8073
1334 65 22462 1 22819
1335 20 15601 4 15852
1336 32 5995 1 6303
1337 9 10132 2 10760
1338 26 2864 1 3410
1339 59 20188 2 21315
1340 47 14010 1 14231
1341 5 22429 3 22944
1342 51 1161 3 1786
1343 55 10344 2 10772
1344 58 27393 1 28255
1345 12 27111 4 27405
1346 63 29177 1 30794
1347 22 29177 1 29700
1348 32 31004 3 31207
1349 12 24325 1 24435
1350 42 14010 1 14883
1351 19 16603 2 16972
1352 44 29177 1 30094
1353 27 934 1 1883
1354 16 30211 1 31738
1355 50 0 1 1000
1356 62 25076 1 25801
1357 54 19199 2 19689
1358 49 29177 1 29365
1359 20 20188 3 21175
1360 65 8730 1 9506
1361 30 5098 1 5244
1362 19 5431 1 5795
1363 45 10816 1 11242
1364 25 20188 3 21052
1365 53 15601 1 16393
1366 45 5849 2 6813
1367 20 21435 1 22430
1368 55 5193 1 5541
1369 67 22462 3 22873
1370 1 14010 2 14623
1371 8 20188 1 20531
1372 7 3799 1 4442
1373 52 92 1 441
1374 49 11363 1 11445
1375 4 3288 2 3972
1376 37 20872 3 21827
1377 66 18033 1 18236
1378 12 7087 1 7359
1379 42 12538 1 13000
1380 53 8123 2 8676
1381 20 8612 3 9184
1382 5 5098 3 6040
1383 59 19586 1 19911
1384 62 2142 1 2273
1385 66 25119 1 26051
1386 15 6499 1 7147
1387 29 29177 1 29368
1388 55 78 2 1467
1389 18 12937 3 13219
1390 42 27393 1 27757
1391 66 15852 2 16311
1392 53 14010 1 14259
1393 53 17744 1 18181
1394 47 26155 1 26851
1395 8 21962 1 22721
1396 33 56 1 191
1397 37 7959 2 8132
1398 47 12937 2 13172
1399 39 30025 1 30385
1400 56 20872 1 21072
1401 39 31004 1 31786
1402 51 7959 3 8435
1403 28 3881 1 4543
1404 53 30211 1 30996
1405 30 13562 4 14520
1406 50 23716 1 24357
1407 48 4429 1 5042
1408 13 23156 1 23853
1409 11 22695 2 23091
1410 24 6813 1 7026
1411 41 15601 1 15734
1412 39 16603 1 17576
1413 22 11363 1 12023
1414 3 22429 2 23372
1415 18 29651 1 30625
1416 49 5098 1 6245
1417 40 10132 2 10777
1418 28 21435 1 22434
1419 24 9069 1 9431
1420 49 17744 1 18169
1421 13 13616 1 13979
1422 65 2142 1 2864
1423 43 711 1 1017
1424 15 84 1 944
1425 40 7147 3 7798
1426 13 15601 2 16053
1427 46 15601 1 16329
1428 26 4429 4 4576
1429 50 2142 1 3111
1430 38 30025 3 30845
1431 66 25076 2 25234
1432 45 20872 1 21435
1433 22 5431 1 5968
1434 55 12732 1 13683
1435 1 8612 1 8817
1436 60 21911 1 22150
1437 65 21435 1 22135
1438 45 26042 1 26310
1439 10 25176 2 25799
1440 31 18508 1 19006
1441 21 10132 1 10718
1442 29 24325 2 25032
1443 20 15852 1 17457
1444 25 78 2 323
1445 31 8957 1 9740
1446 56 11727 1 12051
1447 45 20556 1 21294
1448 66 26155 2 26735
1449 35 22859 1 23548
1450 65 1474 1 1749
1451 5 20321 2 20705
1452 50 11880 1 13494
1453 22 6816 1 7876
1454 49 22238 2 22327
1455 22 12 1 367
1456 20 20872 1 22378
1457 27 18508 1 19498
1458 11 15852 1 16685
1459 19 6813 1 7334
1460 26 7959 1 8092
1461 30 5431 1 6198
1462 37 14694 2 15616
1463 67 18023 1 19012
1464 11 29651 1 30297
1465 30 10132 1 10676
1466 39 5098 1 5737
1467 24 20188 3 20723
1468 41 17457 1 18256
1469 10 13414 4 13985
1470 45 2217 1 2871
1471 58 18023 1 18996
1472 46 13616 1 13803
1473 45 7139 1 8123
1474 58 25500 1 26159
1475 31 14224 1 14326
1476 19 5995 2 6636
1477 20 13355 2 13897
1478 11 25948 2 26757
1479 45 2085 1 2217
1480 20 14010 1 14479
1481 48 21911 1 22664
1482 24 17457 2 18062
1483 46 10132 1 11042
1484 4 16839 3 17318
1485 30 24325 2 24928
1486 16 21435 1 22400
1487 53 18508 2 18651
1488 64 8967 4 9728
1489 5 24637 1 24758
1490 19 3288 1 3713
1491 46 19191 4 19898
1492 37 31004 3 31167
1493 17 7051 2 7830
1494 20 10132 3 10979
1495 13 20188 2 20450
1496 39 13368 2 13608
1497 33 24325 2 25147
1498 31 22429 1 22777
1499 59 26765 2 27033
1500 5 21911 3 22400
1501 5 12732 1 12942
1502 9 7164 1 8090
1503 1 29177 2 29876
1504 36 25500 1 26077
1505 51 5706 3 6706
1506 12 13437 5 14325
1507 30 2142 2 2591
1508 26 3801 2 4429
1509 58 10816 1 11631
1510 51 32 1 890
1511 55 17457 1 17915
1512 30 27111 4 27802
1513 28 26889 1 27483
1514 9 24325 1 24683
1515 4 30 4 491
1516 44 25996 1 26826
1517 55 4068 1 4566
1518 19 25996 1 26777
1519 22 30025 1 30935
1520 66 19191 2 20127
1521 37 13355 4 14081
1522 28 6499 1 7127
1523 20 18023 2 18686
1524 20 3881 1 4296
1525 45 12937 2 13355
1526 50 22819 1 23353
1527 13 934 1 1169
1528 56 10344 1 10622
1529 29 8191 1 8978
1530 38 17744 2 18330
1531 51 11009 1 11538
1532 62 2864 1 3381
1533 15 8612 1 9552
1534 52 3801 1 4695
1535 4 24606 2 25262
1536 59 17224 1 17557
1537 45 14694 1 15268
1538 11 17744 2 18253
1539 13 25225 1 25573
1540 36 29741 1 30393
1541 53 3801 3 4416
1542 14 15852 1 16653
1543 8 19369 1 19566
1544 32 30211 4 30798
1545 31 7087 1 7475
1546 57 8123 1 8274
1547 55 14224 1 14744
1548 55 27111 1 27262
1549 16 24325 2 24466
1550 53 8730 1 9603
1551 13 9314 2 10015
1552 45 12937 1 13414
1553 65 18033 1 18932
1554 49 6482 1 6563
1555 18 17224 1 17421
1556 50 16839 1 17354
1557 36 12314 1 12955
1558 20 12315 1 13271
1559 10 15852 1 16216
1560 32 8967 4 9926
1561 29 10132 1 10270
1562 55 25785 2 25992
1563 49 8192 1 9009
1564 31 13368 1 14010
1565 15 21911 1 22859
1566 22 18421 1 19168
1567 45 21911 4 22111
1568 13 29477 1 29729
1569 16 18536 1 18832
1570 45 1487 1 2085
1571 20 25076 2 25176
1572 48 5995 1 6836
1573 3 3881 2 4287
1574 45 13414 1 14116
1575 4 2142 5 2732
1576 15 7147 1 7602
1577 29 20325 2 21046
1578 49 18508 1 19199
1579 12 6813 1 6931
1580 65 2864 1 3323
1581 11 19191 1 19586
1582 20 4429 1 4911
1583 31 2142 1 2822
1584 37 29700 1 29976
1585 40 3288 1 3973
1586 5 30395 1 31345
1587 1 27561 1 28417
1588 28 29177 1 29698
1589 48 11242 1 11760
1590 1 6499 2 7254
1591 9 25076 3 25162
1592 7 1161 4 1302
1593 49 16603 1 17594
1594 53 12937 1 13059
1595 1 19191 1 19839
1596 9 21911 1 22321
1597 32 3881 4 4102
1598 38 8793 1 9742
1599 7 31004 3 31275
1600 9 3581 1 4425
1601 67 20321 4 20878
1602 39 24580 1 24748
1603 19 8957 1 9998
1604 50 22462 1 22695
1605 50 26800 1 26901
1606 5 6482 3 6635
1607 18 22429 2 22818
1608 10 13437 1 14175
1609 50 10132 1 10344
1610 50 17938 1 18925
1611 49 10132 1 11016
1612 8 16839 1 17079
1613 4 10132 2 10704
1614 55 15601 1 16573
1615 65 6813 1 7665
1616 22 21435 1 21599
1617 18 5431 1 5648
1618 6 18033 3 18397
1619 42 10816 2 11351
1620 10 929 3 1922
1621 32 4429 2 4572
1622 1 3801 3 4008
1623 27 8967 1 9174
1624 36 8803 1 9174
1625 68 18023 1 18827
1626 16 20188 2 21018
1627 29 14 2 535
1628 32 6705 3 7436
1629 42 7959 2 8803
1630 13 27111 1 27483
1631 22 8612 1 8868
1632 65 27561 1 27793
1633 39 14010 1 14766
1634 59 8612 1 9073
1635 40 20207 1 20998
1636 55 12314 1 12966
1637 42 13368 2 13837
1638 29 21435 2 22316
1639 26 14694 2 15377
1640 55 25996 1 26981
1641 30 22819 2 23663
1642 14 20872 1 21328
1643 41 22238 1 22391
1644 31 5098 1 5192
1645 24 20872 5 21513
1646 6 7959 4 8364
1647 4 20556 3 21468
1648 22 31004 1 31463
1649 1 12937 1 13059
1650 56 16603 1 17317
1651 46 27393 1 27961
1652 13 29177 1 29878
1653 18 1095 1 1211
1654 29 12937 2 13471
1655 9 16839 1 16950
1656 45 8123 1 8901
1657 32 21435 1 22379
1658 9 1487 2 2332
1659 21 5098 1 5248
1660 18 14224 3 14804
1661 4 11538 3 11975
1662 67 11363 4 11944
1663 50 29741 1 30025
1664 14 29515 1 30468
1665 49 21435 1 22230
1666 43 18508 1 18647
1667 22 17230 1 17780
1668 42 10816 1 11305
1669 26 5995 2 6528
1670 41 8191 1 9185
1671 68 24415 2 24921
1672 10 11009 2 11429
1673 20 25076 2 25287
1674 14 17457 1 17546
1675 26 26155 1 26547
1676 21 26765 1 27578
1677 10 29177 1 29634
1678 62 6705 1 7113
1679 28 22462 1 23331
1680 51 26155 1 27159
1681 37 8192 1 8573
1682 15 11242 1 12048
1683 25 26155 2 26296
1684 65 29177 1 29279
1685 16 29700 1 30131
1686 65 5484 1 5773
1687 9 9069 1 9181
1688 53 21435 3 22244
1689 18 11009 2 11309
1690 36 17744 1 18309
1691 11 25076 2 25191
1692 31 25225 1 25309
1693 20 17457 1 17744
1694 39 8191 1 8894
1695 45 11242 4 11890
1696 14 4429 1 5245
1697 5 8967 1 9759
1698 28 11890 1 12801
1699 36 22819 1 23638
1700 5 14694 1 15508
1701 42 8803 3 8893
1702 55 1467 1 2038
1703 20 1487 1 2182
1704 26 16603 1 17104
1705 17 18033 2 18989
1706 40 25076 3 25517
1707 33 14224 1 14601
1708 8 26889 1 27138
1709 28 15601 1 16454
1710 60 19586 1 20319
1711 19 7959 1 8903
1712 26 28 2 710
1713 19 19504 1 19791
1714 12 19191 1 20147
1715 21 25176 2 25960
1716 55 8612 1 9474
1717 55 20325 1 21206
1718 55 25076 1 25785
1719 45 29651 1 30749
1720 32 5098 1 5577
1721 21 30294 1 30531
1722 48 3652 1 4102
1723 59 19415 1 19558
1724 25 27393 2 27770
1725 20 13271 1 14067
1726 59 19199 1 19583
 调度评估结果
1. 任务等待评估 (Σ 等待×权重): 228577960
2. 任务完成评估 (最大完成时间): 32189
3. GPU显存空闲评估 (平均空闲): 5147.97 GB/时间片
 额外统计
已调度任务               : 1726/1726
平均等待时间            : 12782.34
各服务器任务分布      : 服务器1=30, 服务器2=5, 服务器3=16, 服务器4=19, 服务器5=24, 服务器6=10, 服务器7=11, 服务器8=34, 服务器9=40, 服务器10=26, 服务器11=35, 服务器12=25, 服务器13=39, 服务器14=26, 服务器15=28, 服务器16=37, 服务器17=8, 服务器18=29, 服务器19=35, 服务器20=76, 服务器21=20, 服务器22=40, 服务器23=5, 服务器24=24, 服务器25=19, 服务器26=32, 服务器27=22, 服务器28=19, 服务器29=19, 服务器30=28, 服务器31=40, 服务器32=31, 服务器33=12, 服务器34=7, 服务器35=9, 服务器36=30, 服务器37=33, 服务器38=21, 服务器39=47, 服务器40=23, 服务器41=23, 服务器42=34, 服务器43=10, 服务器44=18, 服务器45=84, 服务器46=43, 服务器47=25, 服务器48=15, 服务器49=35, 服务器50=44, 服务器51=28, 服务器52=12, 服务器53=30, 服务器54=8, 服务器55=56, 服务器56=10, 服务器57=12, 服务器58=29, 服务器59=36, 服务器60=5, 服务器61=2, 服务器62=40, 服务器63=5, 服务器64=10, 服务器65=29, 服务器66=18, 服务器67=20, 服务器68=11
