1 43 49454 1 49795
2 13 2249 2 2346
3 40 15616 4 15786
4 77 70012 2 71318
5 21 49012 1 49467
6 38 34405 2 34991
7 16 28808 1 28943
8 60 13927 2 14379
9 55 59559 1 60130
10 83 6826 2 7248
11 21 29704 2 29892
12 30 42006 1 42510
13 58 70776 4 70943
14 39 20936 1 21328
15 39 23597 1 23916
16 77 43522 1 44267
17 42 12200 1 12391
18 36 23251 5 23364
19 37 67726 3 67981
20 42 1575 2 1728
21 31 34874 2 35438
22 30 6053 1 6564
23 55 19386 2 20130
24 31 5170 2 5355
25 82 20676 5 21394
26 21 52326 1 53262
27 80 52960 2 53292
28 38 18878 1 19163
29 4 65595 5 65700
30 53 11532 5 11719
31 67 46520 2 46852
32 80 11712 3 12223
33 51 15137 2 15732
34 4 37603 1 37653
35 77 709 1 1144
36 96 31523 1 31767
37 30 38132 2 38558
38 12 58456 2 58782
39 36 23597 1 24315
40 4 37603 3 38279
41 92 50401 2 50727
42 47 20619 1 21311
43 61 74048 1 74242
44 28 19446 2 20109
45 52 67854 2 68111
46 1 51933 2 52321
47 81 39453 1 39890
48 62 57366 3 57708
49 62 16326 1 16927
50 82 8796 5 9433
51 77 64772 1 64837
52 45 23399 1 23651
53 45 32831 1 33162
54 61 20473 1 20704
55 40 71058 1 71424
56 8 53472 2 54543
57 54 37933 1 38182
58 47 33394 2 33796
59 19 0 6 709
60 1 2249 4 2981
61 40 72570 2 72867
62 15 12911 6 13203
63 40 24927 1 26029
64 96 51768 2 52683
65 88 25669 3 25848
66 61 11906 4 12448
67 58 54521 2 54660
68 21 47137 1 47869
69 53 44396 1 44529
70 38 24429 1 24596
71 42 27434 1 28160
72 95 6514 1 6705
73 61 12705 1 13267
74 42 52960 1 53360
75 68 25956 2 26225
76 39 42297 3 42564
77 89 70012 2 70605
78 15 66512 1 67117
79 52 27035 3 27753
80 24 68806 5 69339
81 47 32172 1 32370
82 72 63585 1 64001
83 21 72318 1 73062
84 96 13927 1 14234
85 47 32627 1 32740
86 42 37017 1 38035
87 42 15158 1 15417
88 61 63301 2 63766
89 8 6053 1 6343
90 33 69633 2 69676
91 21 28808 2 29347
92 30 18878 1 18958
93 45 55265 1 55887
94 32 64837 1 65137
95 42 9966 1 10094
96 82 29704 3 29965
97 91 27035 2 27670
98 40 69143 2 69254
99 52 28808 4 28951
100 8 7932 2 8368
101 17 5288 4 5421
102 72 24089 1 24687
103 77 11461 1 11974
104 88 47565 1 47802
105 68 39453 1 39847
106 32 10254 1 10667
107 68 6514 1 6906
108 72 37619 2 38122
109 72 49454 1 49525
110 30 68510 5 68879
111 88 44647 3 44945
112 87 68510 2 68719
113 18 76460 1 76559
114 52 61421 1 62069
115 96 30957 1 31699
116 73 71058 1 71112
117 13 6514 4 6621
118 20 60017 1 60634
119 58 53660 1 54521
120 55 32648 4 33307
121 28 7574 1 7914
122 42 24927 2 25040
123 24 46130 1 46767
124 49 12448 1 12548
125 14 72669 1 72938
126 53 5288 1 5478
127 58 44396 2 45114
128 62 58254 4 58523
129 96 47914 1 48548
130 38 50535 2 51021
131 37 64086 2 64268
132 21 49313 1 51192
133 30 28808 4 29049
134 37 62627 2 62822
135 38 2491 1 3666
136 72 10838 2 11461
137 8 45936 2 46050
138 11 18878 3 19562
139 77 22665 1 22822
140 63 5170 1 5473
141 57 45936 1 46305
142 5 15158 1 15615
143 31 53293 1 53799
144 40 41476 4 41578
145 68 32627 2 33054
146 8 43018 1 44128
147 20 6074 3 6743
148 33 68609 2 69065
149 88 14551 3 15290
150 30 12200 1 12363
151 47 66512 3 67144
152 90 26778 1 27106
153 63 25669 1 25784
154 77 27984 1 28147
155 40 22665 2 23044
156 83 13557 2 13587
157 21 47137 3 47454
158 61 68510 2 68695
159 40 7255 1 9216
160 47 12705 2 13005
161 65 28808 4 29280
162 96 37619 2 37814
163 40 11712 2 12342
164 35 41476 1 42147
165 69 31523 1 31812
166 47 37017 1 37041
167 4 1144 2 1420
168 96 40968 1 41708
169 77 16689 1 17092
170 39 26400 1 26615
171 38 74094 1 74305
172 38 41270 2 42006
173 61 20676 1 20950
174 57 903 4 1516
175 63 46520 1 47113
176 14 67726 1 68194
177 65 32172 1 32787
178 72 65874 1 68547
179 68 12200 2 12573
180 30 37017 2 37645
181 88 63585 1 64334
182 88 35389 3 36099
183 52 1894 2 2052
184 38 67190 1 67765
185 54 68609 2 69158
186 54 1717 5 2320
187 72 24687 1 25243
188 18 57580 3 58306
189 28 40968 1 41702
190 38 64001 1 64514
191 8 9623 2 9657
192 47 1058 2 1712
193 54 62627 3 62925
194 25 8796 6 9003
195 32 32172 1 32228
196 77 54495 1 54640
197 39 67495 4 67801
198 54 0 1 486
199 38 67854 4 67915
200 40 37305 1 37651
201 21 5288 3 5670
202 81 3147 2 3207
203 61 37305 1 37569
204 8 43229 1 43678
205 8 13927 1 14303
206 77 53472 2 54010
207 8 7255 2 7473
208 74 38529 3 38866
209 24 53293 4 53976
210 61 74546 2 74821
211 1 51161 1 51808
212 40 10838 4 10995
213 77 40705 2 41002
214 38 51768 1 52355
215 61 20758 2 20987
216 28 39453 2 40016
217 45 9966 1 10478
218 93 63301 1 63493
219 88 40968 2 41674
220 40 709 1 1575
221 54 69167 1 69776
222 67 74048 4 74360
223 74 42006 3 42224
224 80 29276 2 29375
225 8 55265 2 55686
226 45 52960 2 53621
227 55 63011 3 63658
228 73 38222 1 38591
229 21 19653 3 20423
230 45 21637 4 21890
231 21 15268 1 16441
232 37 71162 4 71501
233 82 68609 1 68991
234 40 21157 2 21703
235 70 55265 5 55908
236 47 27984 1 28015
237 77 20831 2 21020
238 45 1346 4 1807
239 44 70776 1 71447
240 40 30957 2 31584
241 61 10734 1 10790
242 67 47636 4 48140
243 96 31809 1 32601
244 28 24429 1 24572
245 8 37603 1 38529
246 8 29704 1 30419
247 61 51262 4 51406
248 40 59711 1 59879
249 77 25956 1 26532
250 24 9966 1 10005
251 42 42297 1 42658
252 45 11532 1 11728
253 88 20831 5 21529
254 72 24529 1 24902
255 61 47578 1 48810
256 58 49681 2 50142
257 40 60017 2 60399
258 21 8796 1 9501
259 19 24429 6 24721
260 15 26400 6 26543
261 61 34405 1 37017
262 54 55265 1 55597
263 30 22848 1 23930
264 58 21157 5 21442
265 20 8796 3 9262
266 77 7574 2 7610
267 61 61266 1 61349
268 54 46284 1 46446
269 87 41839 1 41865
270 31 28685 3 29124
271 61 56521 3 57024
272 76 903 3 1206
273 14 9216 1 9769
274 62 6514 3 6643
275 4 49855 2 50363
276 40 10995 3 11712
277 21 64984 2 65576
278 96 58456 2 58539
279 58 58456 1 58575
280 53 38132 1 38412
281 8 30957 2 31747
282 20 65111 1 65482
283 38 41839 2 41881
284 58 11906 3 12370
285 44 28808 1 28886
286 58 48834 1 49009
287 30 57024 2 57326
288 30 71476 2 71743
289 8 76460 2 77165
290 7 47383 1 48116
291 95 32648 6 32687
292 23 71058 4 71317
293 21 34891 2 35169
294 40 72336 1 72570
295 77 68609 1 69932
296 72 6514 3 7148
297 8 7076 1 7575
298 32 37933 2 38044
299 96 11461 1 12268
300 58 49313 2 49380
301 40 1575 2 1718
302 8 37619 2 37795
303 19 53293 2 53926
304 72 43872 3 44553
305 54 70012 4 70322
306 72 48572 1 48788
307 61 29088 1 29382
308 38 61703 3 62264
309 72 73434 1 74578
310 42 43229 1 43553
311 13 13557 1 13950
312 61 1419 1 2101
313 96 9534 3 10046
314 96 49681 4 50021
315 80 70776 5 70941
316 4 57458 1 58080
317 88 30957 2 31643
318 47 16326 2 17066
319 72 3147 4 3504
320 4 34874 2 35624
321 39 21971 1 22082
322 45 19844 3 20562
323 8 37933 1 38450
324 95 68609 3 69150
325 47 6514 2 7050
326 21 73837 1 75118
327 61 5710 1 6053
328 47 59711 3 59842
329 27 6514 1 6719
330 61 37017 2 37553
331 80 5288 7 5861
332 96 27984 1 28820
333 39 51768 4 52393
334 89 64001 1 64067
335 63 63617 1 63668
336 77 62448 1 62951
337 65 903 5 1514
338 77 35389 1 36390
339 7 42006 4 42149
340 87 0 2 702
341 96 709 2 1398
342 53 52905 3 53532
343 93 32627 2 32889
344 3 51521 1 51577
345 38 41253 2 41761
346 88 51521 1 51684
347 3 27035 1 27770
348 67 51262 3 51874
349 40 26400 2 27690
350 8 28685 1 29222
351 67 13454 1 13859
352 61 46284 3 46911
353 58 12705 1 12794
354 32 71058 2 71756
355 96 32627 1 33134
356 13 9623 5 9988
357 30 33394 1 34031
358 63 63687 2 63850
359 88 46284 1 46717
360 58 46378 6 46468
361 24 6053 1 6538
362 17 64837 5 65274
363 38 37603 1 39032
364 53 62627 2 63035
365 21 10838 1 11129
366 60 50161 1 50334
367 72 72669 2 73213
368 36 19844 5 20313
369 33 10312 3 11012
370 68 73837 1 75192
371 21 0 1 487
372 38 9966 1 10479
373 53 22665 3 22850
374 69 903 5 1506
375 34 19386 2 19874
376 4 709 1 1075
377 95 62627 5 62889
378 58 14551 1 15791
379 62 45093 1 45804
380 29 57024 2 57151
381 54 37017 5 37744
382 38 18878 1 19622
383 40 33796 1 34405
384 38 57008 1 58157
385 90 38132 5 38202
386 61 53293 1 55077
387 42 1894 2 2236
388 21 42006 1 42359
389 90 7720 3 7890
390 72 31747 1 32309
391 38 73007 1 73121
392 54 30957 1 31552
393 52 19386 3 19616
394 96 37569 3 38027
395 17 18878 1 19308
396 8 41476 2 42084
397 61 38222 1 39453
398 67 46911 1 47046
399 21 709 1 1375
400 40 0 3 521
401 62 9623 2 9954
402 92 27035 1 27439
403 30 34874 1 35756
404 57 15137 5 15834
405 58 64837 2 65599
406 30 39453 1 40611
407 82 69729 3 69943
408 95 55594 7 56051
409 8 58040 1 59406
410 21 26400 2 26593
411 55 29276 2 29481
412 61 6514 2 6608
413 38 69633 2 70187
414 72 34405 1 34493
415 42 41476 1 41607
416 54 32044 1 32670
417 30 49525 1 50162
418 33 0 1 542
419 38 20676 2 21883
420 21 39453 1 39707
421 78 35389 3 36085
422 40 51262 1 51933
423 31 61703 4 61834
424 61 53293 1 53596
425 40 49454 2 50134
426 32 37933 1 37967
427 38 14551 1 15079
428 38 19977 5 20676
429 62 1894 1 1957
430 38 6558 3 6863
431 39 45270 1 45936
432 4 30762 2 31124
433 96 45093 1 45242
434 39 23159 1 23650
435 24 15158 3 15366
436 38 69167 1 69537
437 4 16326 3 16800
438 24 70776 4 71339
439 11 45936 4 46619
440 28 10469 1 10886
441 72 65074 4 65595
442 93 31747 4 32454
443 72 29276 2 30076
444 47 39453 3 39687
445 55 65595 4 65721
446 72 38127 1 38222
447 21 30957 3 31523
448 58 46468 2 46747
449 8 46130 4 46520
450 21 66308 3 66701
451 16 61421 1 61553
452 61 43018 2 43107
453 63 37569 2 37765
454 8 50515 1 50581
455 80 15137 4 15162
456 64 11461 1 12097
457 14 64274 1 64612
458 73 2249 1 2955
459 52 7255 3 7707
460 30 44015 1 44416
461 47 26400 1 27035
462 28 5288 1 5437
463 58 52355 1 52535
464 9 27035 3 27552
465 78 15137 3 15573
466 30 62627 2 63891
467 82 72669 2 72999
468 97 41476 4 41671
469 96 5710 1 6234
470 57 45913 1 46315
471 13 67854 2 68584
472 20 32627 1 33351
473 45 11532 2 11559
474 37 76460 2 76972
475 13 45913 4 46289
476 5 31987 1 32280
477 30 57580 1 57754
478 31 45913 2 46323
479 21 1058 3 1717
480 96 34891 1 35004
481 88 69633 1 70367
482 68 27413 2 27792
483 80 15158 2 15710
484 54 58456 3 58681
485 38 1419 1 2159
486 38 33731 3 34354
487 95 903 4 1475
488 68 19844 1 19931
489 54 62074 3 62317
490 72 46284 3 46561
491 41 37017 5 37504
492 30 58254 3 58791
493 63 60017 2 60043
494 54 27984 1 28647
495 77 71476 1 72273
496 96 70776 1 71058
497 39 16326 3 16712
498 1 66008 1 66160
499 58 1185 2 1252
500 8 16326 1 16410
501 73 6514 2 6985
502 73 8796 2 9132
503 80 1575 2 2059
504 42 57366 1 59724
505 52 57024 3 57535
506 35 15158 1 15588
507 37 31809 3 32457
508 62 27035 1 27245
509 73 49012 4 49331
510 8 11981 2 12705
511 30 48953 4 49431
512 42 65595 5 65852
513 4 64001 2 64353
514 88 8796 5 8871
515 38 7932 1 8566
516 77 33797 1 34919
517 61 63301 1 63687
518 32 43522 2 43922
519 8 47958 1 48230
520 20 65595 1 66214
521 80 0 7 559
522 96 41607 5 42030
523 28 8796 3 9438
524 8 37305 1 37376
525 96 49242 1 49807
526 42 48955 2 49524
527 61 69834 5 70568
528 78 64406 2 64767
529 8 73942 1 74292
530 77 60017 2 60280
531 38 47379 3 48100
532 21 40767 4 41475
533 36 31523 6 32125
534 58 37305 1 37611
535 24 45860 3 46116
536 45 9118 1 9549
537 19 59711 1 60442
538 8 6863 1 7066
539 40 37933 1 38353
540 40 31747 3 31897
541 21 24429 2 25258
542 5 37619 7 37851
543 34 19188 4 19396
544 42 34405 2 34541
545 80 20676 3 21013
546 72 67854 1 68222
547 4 64837 1 65132
548 89 39453 2 39517
549 61 44670 1 47830
550 38 42297 2 42764
551 85 8948 1 9161
552 8 24903 2 25588
553 78 46872 1 47183
554 8 71578 1 72026
555 58 40968 5 41143
556 39 62627 3 63164
557 34 49242 3 49784
558 61 28685 2 29561
559 8 56521 1 57009
560 77 64406 1 64909
561 21 71476 3 71507
562 72 23251 1 23597
563 77 39545 1 39795
564 88 40968 1 41336
565 77 37933 1 38099
566 61 41240 2 41608
567 14 48955 1 49644
568 8 64821 1 65139
569 94 19386 1 20011
570 11 5288 5 5326
571 93 70776 2 71161
572 54 50515 2 50725
573 8 63585 1 63975
574 96 41240 1 41607
575 63 8796 2 9328
576 21 9966 1 10489
577 93 18951 3 19339
578 77 44396 1 45671
579 32 46378 1 46650
580 1 28808 4 29219
581 30 48230 3 48783
582 72 68609 3 68929
583 1 39453 2 39772
584 8 39453 2 40178
585 1 31523 1 32162
586 45 2249 1 2634
587 95 31523 3 32102
588 45 0 1 333
589 62 48230 2 48493
590 88 37017 3 37336
591 61 7574 1 8832
592 72 13557 3 14558
593 21 39545 2 39758
594 61 27984 6 28685
595 52 50515 3 50922
596 58 49242 1 49607
597 72 31747 5 32360
598 54 52960 2 53398
599 54 9623 3 10057
600 96 64894 1 65003
601 58 20473 2 20985
602 52 59711 1 59755
603 65 56410 1 56563
604 54 67190 3 67648
605 58 27984 1 28398
606 32 19653 5 20057
607 78 57045 3 57387
608 47 37305 2 37705
609 88 12705 5 12784
610 9 31523 2 32176
611 68 67854 1 68181
612 72 7456 2 8123
613 90 14551 1 15301
614 47 48953 1 49365
615 53 64837 5 64943
616 45 73837 1 73941
617 15 37305 1 37553
618 67 48230 4 48408
619 47 54495 1 55137
620 47 71618 1 71862
621 8 45093 4 45177
622 57 45270 6 45914
623 52 9623 1 10068
624 1 57278 4 57737
625 40 53472 2 53653
626 72 68547 2 69293
627 77 13927 2 14509
628 61 41750 1 42647
629 40 35638 2 36158
630 61 1894 1 2041
631 95 27434 1 27540
632 40 38132 2 39205
633 54 33796 2 33888
634 45 6514 1 7137
635 42 7027 3 7316
636 11 47679 3 48312
637 51 37569 1 37903
638 54 65874 1 65909
639 45 34584 2 34760
640 39 21157 2 21799
641 88 55077 2 55258
642 32 21971 2 22190
643 47 19793 1 20619
644 13 54495 5 54955
645 17 28808 1 29302
646 87 39453 2 40113
647 82 9966 4 10133
648 8 9623 1 10226
649 77 5710 2 6576
650 55 56558 1 57147
651 39 40968 1 41798
652 39 73079 2 73554
653 47 28888 1 29642
654 38 1180 2 1236
655 33 49313 1 49504
656 36 43229 4 43321
657 8 28808 1 29000
658 40 20758 1 21108
659 58 64002 1 64809
660 72 51521 2 52212
661 8 11712 1 12293
662 32 49313 4 49356
663 2 51262 3 51547
664 40 68806 1 69560
665 61 68806 4 69223
666 78 66008 1 66218
667 32 21442 4 21831
668 61 6053 3 6758
669 23 68609 5 69171
670 38 28808 1 30404
671 88 62627 2 62734
672 42 72318 3 72952
673 8 73519 1 73929
674 72 57458 1 57623
675 13 34405 1 35042
676 53 8948 2 9148
677 21 46378 2 46514
678 15 47914 1 47977
679 15 8796 2 8816
680 80 27984 2 28478
681 37 8948 2 8981
682 72 20936 1 21253
683 40 7255 1 8292
684 52 45498 3 45625
685 61 25669 3 26173
686 61 16608 2 16642
687 11 49012 1 49591
688 72 50634 1 50822
689 47 66008 2 66415
690 37 56558 4 57254
691 72 12210 1 13557
692 95 6053 3 6582
693 63 33797 3 33843
694 77 11712 1 11812
695 95 26585 3 27129
696 61 67726 3 68510
697 21 48572 1 49242
698 8 15024 1 15163
699 74 31987 1 32323
700 40 62627 1 63011
701 40 53660 1 53728
702 17 41253 3 41676
703 61 7720 3 7971
704 64 37017 3 37618
705 12 20936 1 21445
706 42 51262 1 51457
707 30 51521 1 51659
708 42 49313 4 49543
709 61 6053 2 6348
710 19 63585 4 63685
711 54 22822 6 23325
712 43 24529 3 25000
713 38 11981 1 12501
714 95 23756 4 24058
715 52 19844 1 20591
716 82 16326 3 16922
717 61 27035 2 27413
718 77 30957 1 33797
719 94 57580 2 58171
720 87 31987 2 32027
721 40 70776 1 71578
722 73 55594 4 56303
723 73 70776 1 70949
724 88 63011 3 63487
725 39 58456 1 58762
726 40 19386 3 19430
727 38 24429 1 25532
728 72 59711 3 60177
729 47 59559 1 59604
730 72 55359 1 56612
731 61 56410 1 56516
732 8 26400 1 26585
733 8 49811 1 50389
734 61 69633 2 69834
735 39 25669 1 26263
736 58 60017 3 60734
737 47 7456 1 8011
738 77 61367 1 64465
739 72 7027 4 7335
740 44 68609 1 69328
741 65 9966 3 10515
742 15 38132 6 38323
743 82 23399 2 23550
744 39 34891 1 34968
745 8 20936 1 21609
746 43 8796 3 9056
747 30 27434 1 27929
748 61 57278 2 57980
749 16 64406 5 64944
750 8 32831 1 33489
751 43 16326 2 17014
752 23 73837 5 74526
753 93 71476 1 72112
754 77 48572 2 49278
755 72 9456 2 10312
756 52 22316 4 22669
757 78 73837 1 74212
758 61 73434 1 73807
759 83 70776 2 71416
760 8 69633 2 70440
761 52 37603 3 37716
762 40 9216 2 9692
763 72 51262 3 51327
764 89 59711 1 60254
765 40 52587 3 53251
766 96 1894 2 2232
767 76 38132 1 38226
768 90 57458 6 58182
769 42 19844 5 20546
770 47 67854 1 68609
771 21 45498 1 45738
772 38 51021 2 51531
773 8 44015 2 44396
774 21 30957 1 31264
775 30 71618 1 72357
776 45 6053 1 6434
777 21 45498 2 46162
778 65 60017 1 60658
779 21 16608 1 17488
780 42 19526 1 19775
781 47 49855 1 50654
782 32 25669 5 25758
783 38 44396 2 45270
784 54 28090 4 28192
785 4 24089 1 24549
786 32 67726 2 67823
787 15 67190 1 67605
788 47 49855 2 50518
789 96 46872 1 47318
790 61 34874 1 35638
791 42 41607 1 41669
792 72 74821 1 74994
793 53 49012 3 49599
794 65 57458 4 57848
795 90 49681 3 50405
796 63 59559 2 59688
797 44 709 1 999
798 72 61188 2 61332
799 87 56521 1 57254
800 96 50932 1 51000
801 17 70776 1 70983
802 82 51262 2 51593
803 39 22665 1 22796
804 58 74752 1 75385
805 8 12370 1 12857
806 77 50515 1 50575
807 43 47379 1 47542
808 61 41476 3 42196
809 19 72318 2 72519
810 4 24589 3 24840
811 4 19526 5 19637
812 89 19526 1 19670
813 21 47379 1 47720
814 72 22665 1 23159
815 13 38026 4 38428
816 31 15158 3 15734
817 40 10995 2 11661
818 35 709 1 1194
819 21 31523 4 32315
820 54 14551 1 15018
821 85 9966 1 10243
822 21 7720 1 8002
823 15 31523 2 32187
824 68 69834 1 70466
825 8 6514 1 6835
826 21 64894 1 65037
827 80 73837 3 74387
828 41 42006 5 42623
829 54 13927 2 14594
830 61 30957 4 31572
831 4 63585 1 63675
832 8 8368 1 9623
833 36 5288 3 5945
834 53 35389 2 35968
835 53 70776 2 71412
836 11 7255 1 7374
837 88 68609 4 69028
838 61 64274 1 65639
839 61 42006 1 42662
840 55 72867 1 73089
841 30 1998 2 2428
842 20 9216 1 9852
843 54 1332 3 1443
844 30 26400 3 26836
845 47 37933 3 38642
846 47 24429 2 25096
847 9 45270 1 45658
848 68 76460 1 76618
849 28 15024 1 15184
850 62 21442 1 21821
851 39 19602 1 20063
852 18 45270 7 45444
853 21 65074 2 65720
854 72 47679 2 48269
855 49 13557 1 14012
856 13 21637 5 22125
857 41 21971 5 22559
858 39 15137 1 15230
859 72 34405 2 34584
860 5 38132 1 38662
861 72 52905 1 53308
862 61 73079 2 73789
863 72 20676 1 21043
864 61 55077 1 56030
865 58 18878 4 19564
866 85 12911 4 13547
867 61 59711 1 60428
868 97 52960 4 53436
869 20 70776 1 71163
870 96 51933 1 52493
871 30 70776 2 70838
872 16 9966 3 10483
873 15 20473 2 20803
874 53 58248 2 58965
875 72 25669 2 25880
876 90 16326 5 16766
877 77 16326 1 16689
878 61 57156 2 57725
879 53 30957 1 31515
880 32 45270 1 45925
881 38 37305 1 37598
882 8 26778 1 27822
883 14 47914 1 48422
884 47 40968 1 41968
885 21 57384 1 58275
886 72 1346 1 1703
887 61 11461 1 12105
888 61 66308 2 66446
889 4 39453 3 39568
890 57 31523 1 32107
891 61 64001 1 64609
892 8 66684 1 66753
893 16 21971 2 22072
894 55 49681 3 49723
895 57 48230 6 48534
896 61 33731 2 34123
897 47 56558 1 57172
898 40 73213 1 75234
899 42 16326 1 17333
900 95 2249 1 2664
901 80 19446 6 20125
902 40 20831 3 21512
903 60 41476 1 41947
904 28 709 5 821
905 21 22665 1 23287
906 54 8796 2 9483
907 77 22822 2 23540
908 8 33394 2 33772
909 33 23756 1 24013
910 58 55077 1 55544
911 33 51262 1 51598
912 78 24431 1 24909
913 51 24529 2 24783
914 21 32648 1 33765
915 11 32648 1 32815
916 52 32044 4 32277
917 33 36070 3 36329
918 96 72239 2 73210
919 32 40968 4 41347
920 58 63011 2 63131
921 91 27035 1 27675
922 9 18878 4 18993
923 78 28808 2 29135
924 38 21637 2 22393
925 3 74094 1 74126
926 47 69834 1 70469
927 74 49525 1 49863
928 96 7027 2 7290
929 34 33796 2 33826
930 12 71160 2 71709
931 61 10734 2 11161
932 23 24431 2 24715
933 61 21971 2 22848
934 38 1309 2 1396
935 47 47644 1 48572
936 22 56521 2 57090
937 76 65874 1 66413
938 96 60017 2 60564
939 80 51262 3 51456
940 78 57458 1 57660
941 72 709 1 1757
942 67 48834 1 49347
943 8 11461 1 11716
944 28 21442 1 21999
945 65 39758 5 40362
946 3 49811 1 50194
947 72 10734 1 10809
948 61 72939 4 73369
949 38 64984 5 65613
950 47 32627 1 33094
951 77 7720 1 7979
952 54 32044 4 32164
953 17 53958 1 54475
954 58 57024 2 57145
955 39 37305 3 37402
956 1 69729 3 70156
957 62 71618 6 72334
958 43 7575 1 8298
959 17 12705 5 13452
960 19 39453 6 39659
961 72 18878 2 19526
962 65 24429 6 24771
963 58 41476 6 41985
964 58 33731 1 33910
965 72 48269 1 49012
966 8 22815 3 23340
967 21 44647 1 44892
968 72 37619 2 38127
969 32 15024 2 15627
970 55 25669 3 26051
971 82 6053 1 6115
972 42 6558 1 6855
973 45 72239 3 72869
974 38 1236 2 1309
975 61 9456 1 10497
976 71 48230 2 48663
977 4 13454 2 13571
978 72 14603 1 15024
979 96 35389 5 35668
980 45 47914 1 48647
981 55 40968 2 41338
982 9 45270 1 45818
983 57 65987 3 66144
984 61 29704 1 30762
985 47 52326 2 52974
986 30 76460 3 76777
987 28 31747 2 31951
988 8 32278 3 32755
989 44 21971 1 22225
990 58 15616 1 15977
991 82 35389 4 35419
992 4 28685 4 29398
993 38 1346 1 1824
994 61 48518 2 48834
995 3 24589 1 24847
996 61 76460 2 76624
997 72 28685 3 29109
998 47 43522 1 45898
999 40 19446 5 20035
1000 40 65595 2 65987
1001 44 16326 1 16807
1002 19 11906 8 11971
1003 52 65613 2 66225
1004 77 18878 1 19510
1005 18 14551 3 14872
1006 72 54495 2 55292
1007 81 24089 2 24787
1008 21 64406 1 64633
1009 65 46520 4 46899
1010 52 44647 1 44852
1011 23 71618 2 72267
1012 73 903 3 1501
1013 72 19844 1 20583
1014 53 41240 1 41422
1015 96 65795 1 66027
1016 42 72336 1 73079
1017 72 52763 1 53101
1018 39 73837 1 76022
1019 72 23159 1 23567
1020 18 31747 4 32019
1021 61 75129 3 76460
1022 72 32831 3 32926
1023 4 68609 3 68644
1024 94 44396 1 44560
1025 9 16326 2 16913
1026 68 709 2 1308
1027 65 9255 2 9989
1028 82 19386 2 19688
1029 9 22665 1 23280
1030 72 49681 1 50932
1031 19 24927 4 25024
1032 1 70776 2 70959
1033 63 2249 2 2387
1034 72 69143 3 69164
1035 65 28888 1 29279
1036 19 73079 2 73166
1037 21 55077 4 55222
1038 37 33731 3 34252
1039 72 903 1 1273
1040 78 21971 1 22097
1041 53 16326 1 16894
1042 55 49012 4 49073
1043 95 45498 4 45560
1044 45 45270 2 45988
1045 18 16326 7 16884
1046 38 48230 1 48869
1047 76 11906 2 12513
1048 61 22822 3 23084
1049 16 66512 3 67032
1050 1 37305 1 37356
1051 45 16326 2 16879
1052 3 9966 1 10711
1053 41 73837 5 74004
1054 40 21703 2 22239
1055 94 38529 1 39106
1056 30 8796 1 9499
1057 21 49855 1 51264
1058 93 19977 2 20261
1059 61 50597 2 51121
1060 32 35389 1 35830
1061 39 50932 1 51091
1062 30 73079 2 73660
1063 32 1346 2 1683
1064 72 42006 2 42829
1065 41 24089 4 24583
1066 42 64086 2 65109
1067 34 11712 1 12150
1068 58 64406 1 64576
1069 40 11981 1 12954
1070 8 54543 4 55265
1071 38 11712 1 11754
1072 88 51832 5 52499
1073 90 61188 4 61692
1074 47 19188 1 19379
1075 72 35389 3 35447
1076 18 19844 5 20435
1077 13 5288 6 5804
1078 21 27035 3 27063
1079 39 7932 1 8480
1080 47 55265 2 55850
1081 28 68806 5 69466
1082 23 33394 2 33979
1083 57 61188 3 61712
1084 61 61984 1 62448
1085 87 20758 1 21381
1086 72 32648 2 33188
1087 23 14984 1 15611
1088 45 41240 2 41881
1089 28 18878 1 19221
1090 12 903 1 1403
1091 88 49012 1 49364
1092 38 15616 1 16932
1093 78 45270 2 45783
1094 47 46378 2 46857
1095 68 11532 2 11592
1096 61 66512 3 67130
1097 58 10254 3 10734
1098 16 1386 5 1908
1099 77 51262 1 51935
1100 70 24759 2 25103
1101 54 10995 1 11344
1102 33 21703 2 22441
1103 68 16326 1 16541
1104 3 51768 1 51910
1105 95 56558 4 57045
1106 96 55077 1 55468
1107 80 7076 1 7651
1108 61 65595 1 66237
1109 55 39453 3 39945
1110 47 7050 2 7456
1111 73 3147 1 3696
1112 58 8796 2 9311
1113 58 22665 1 23281
1114 61 13927 1 14904
1115 67 0 2 457
1116 53 41476 4 41887
1117 96 39453 1 39842
1118 54 58254 2 58684
1119 21 7027 1 7237
1120 7 15268 4 15620
1121 12 49012 1 49237
1122 30 27035 4 27055
1123 43 21971 4 22601
1124 45 74752 2 74955
1125 61 35389 1 35810
1126 77 40196 1 40542
1127 45 21157 4 21430
1128 72 15616 3 15864
1129 38 50932 3 51423
1130 77 6826 1 7470
1131 40 52355 1 52693
1132 61 56030 1 56410
1133 21 72669 2 73038
1134 24 61984 3 62156
1135 72 32627 1 32831
1136 72 9118 2 9456
1137 96 39687 2 40367
1138 67 15024 2 15284
1139 30 709 4 1346
1140 72 21971 2 22665
1141 61 62627 3 62862
1142 65 31809 1 32110
1143 45 6863 1 6998
1144 38 64837 2 64984
1145 12 52587 1 53240
1146 58 37603 2 37691
1147 58 6514 1 6536
1148 38 45270 1 45913
1149 62 44015 1 44230
1150 21 18878 1 19653
1151 54 73837 1 74200
1152 88 48269 1 48731
1153 8 49776 2 49811
1154 37 24431 3 24731
1155 37 1575 1 1968
1156 36 903 1 1103
1157 77 63011 1 63257
1158 8 23399 3 23705
1159 21 21971 2 22013
1160 1 24429 2 24723
1161 88 45093 1 45217
1162 45 5170 1 5372
1163 13 43229 2 43860
1164 55 11712 1 12045
1165 61 29003 1 30249
1166 38 24089 3 24343
1167 16 37603 1 37636
1168 8 48953 1 49776
1169 32 5710 5 6221
1170 47 15137 1 15906
1171 61 48572 1 48649
1172 8 7575 3 7932
1173 61 51406 4 51832
1174 13 47383 4 48089
1175 33 31523 1 31562
1176 89 47578 3 48113
1177 16 33394 5 33448
1178 47 11461 1 12131
1179 52 32627 1 33340
1180 34 48955 2 49101
1181 30 44481 1 44825
1182 38 19844 4 19977
1183 61 15616 2 16608
1184 47 37305 2 37825
1185 47 8948 1 10854
1186 35 70012 1 70324
1187 61 50581 2 51318
1188 92 3147 3 3502
1189 54 69633 1 70120
1190 45 61703 3 61972
1191 73 28090 6 28110
1192 37 45913 1 46199
1193 13 41240 4 41649
1194 80 63011 7 63369
1195 38 11906 3 12018
1196 21 6053 1 6208
1197 3 7932 1 8469
1198 40 37603 1 39421
1199 77 8400 2 8604
1200 92 13454 4 13702
1201 42 48572 1 48598
1202 38 45913 4 46466
1203 87 48955 1 49580
1204 87 66008 1 66676
1205 47 23399 2 24337
1206 77 5288 1 6277
1207 24 53293 1 53446
1208 19 64406 4 65028
1209 39 69729 2 70267
1210 28 45093 1 45312
1211 81 25956 3 25986
1212 49 63301 1 63704
1213 30 45270 1 45981
1214 47 56558 1 56971
1215 38 12705 1 12957
1216 38 69167 1 69394
1217 80 37305 6 37366
1218 96 40130 1 40667
1219 35 37305 1 38051
1220 54 1346 2 1741
1221 72 49525 1 50161
1222 88 51262 2 51352
1223 72 19188 1 19425
1224 53 34874 3 35467
1225 54 23399 3 23776
1226 39 57458 2 57998
1227 13 57725 1 57903
1228 8 40767 3 41476
1229 54 40196 4 40227
1230 38 51521 1 51719
1231 30 11981 4 12104
1232 53 30957 1 31483
1233 40 73837 3 74068
1234 39 10469 1 11245
1235 45 57384 4 57503
1236 87 9501 2 10111
1237 55 12370 4 12495
1238 47 0 3 51
1239 34 709 5 1367
1240 47 74821 3 75503
1241 5 41476 4 41570
1242 42 69633 2 70278
1243 77 72318 1 72621
1244 67 34891 3 35147
1245 13 47578 2 48291
1246 9 6514 4 6982
1247 3 69730 1 70167
1248 52 37933 1 38053
1249 67 68547 1 68634
1250 37 5288 5 5369
1251 53 37305 1 38052
1252 40 73079 2 73326
1253 58 6657 1 7124
1254 52 47914 4 48517
1255 17 30957 4 31178
1256 96 47379 1 48208
1257 40 903 1 1432
1258 52 15616 2 16292
1259 85 32648 2 32981
1260 80 67854 2 68334
1261 96 39687 1 39761
1262 72 42829 1 43273
1263 21 22316 1 22702
1264 83 62074 1 62233
1265 30 33796 2 34407
1266 40 46378 2 46872
1267 21 73079 2 73525
1268 21 68609 1 69395
1269 8 59711 1 61506
1270 61 22848 3 23461
1271 55 7076 2 7826
1272 33 63301 1 63652
1273 96 23597 1 26832
1274 90 22665 5 23303
1275 15 28090 4 28280
1276 94 43229 1 43485
1277 15 48230 4 48349
1278 52 46911 3 47304
1279 8 19386 1 19844
1280 31 16326 1 16656
1281 58 28685 1 29137
1282 17 19446 1 19825
1283 8 14303 2 14551
1284 40 2249 1 3511
1285 38 709 1 1180
1286 42 45860 2 46258
1287 52 51768 2 52166
1288 68 24089 2 24808
1289 82 15268 5 15608
1290 61 14551 1 15137
1291 8 33755 1 34211
1292 37 65595 5 65854
1293 67 32648 2 32894
1294 4 42297 3 42693
1295 20 11906 2 12008
1296 17 20758 3 20817
1297 16 47914 1 48380
1298 5 1575 4 1784
1299 39 71082 1 71322
1300 15 16326 1 16461
1301 71 37933 1 38472
1302 61 45270 2 45860
1303 61 47914 4 48239
1304 78 23159 3 23857
1305 63 70776 2 71020
1306 54 24089 5 24193
1307 77 19386 1 19602
1308 8 52960 2 53402
1309 47 65613 1 65974
1310 13 33796 4 34473
1311 82 0 2 363
1312 96 27035 4 27324
1313 58 68806 1 69133
1314 61 37933 1 38054
1315 13 21971 1 22323
1316 30 56521 5 56591
1317 5 61703 2 61872
1318 78 7575 2 8158
1319 28 45936 3 46039
1320 78 43229 4 43468
1321 62 34891 5 35078
1322 42 52326 1 52551
1323 40 29704 1 31099
1324 72 69167 1 69729
1325 73 31987 6 32211
1326 95 64001 5 64282
1327 38 7932 3 8431
1328 42 73837 2 74248
1329 3 65595 1 65765
1330 58 27035 1 27497
1331 15 24759 6 24876
1332 47 47137 1 47780
1333 37 5710 3 6450
1334 96 12200 3 12243
1335 38 10479 2 11326
1336 77 45913 1 46284
1337 79 44481 1 44819
1338 8 57366 2 58040
1339 8 13454 1 13966
1340 77 47379 1 47870
1341 8 63301 2 63411
1342 32 2249 2 2567
1343 79 48230 5 48749
1344 71 48572 1 48982
1345 80 47383 5 47472
1346 55 55077 2 55699
1347 40 24089 1 24529
1348 77 20676 1 21420
1349 17 11712 1 12313
1350 92 64406 3 64441
1351 21 59559 4 59802
1352 72 47492 1 47565
1353 92 64837 3 65083
1354 58 47492 5 47990
1355 54 39453 3 39500
1356 40 8796 2 8965
1357 88 66512 4 67194
1358 58 44015 3 44761
1359 38 63687 1 63763
1360 21 56410 1 56558
1361 19 24429 1 24616
1362 38 30957 1 32824
1363 8 64001 1 65196
1364 21 11532 2 12166
1365 68 43229 1 43504
1366 28 28685 1 29084
1367 45 50774 2 50834
1368 82 71618 4 72289
1369 57 26400 7 26726
1370 61 5170 1 5547
1371 72 37305 1 37619
1372 82 49012 1 49279
1373 38 6514 1 6568
1374 96 33394 3 33893
1375 58 63301 1 63791
1376 61 44670 2 44860
1377 96 56558 1 56779
1378 8 709 1 1289
1379 11 70776 4 71332
1380 77 67726 2 68398
1381 47 48834 1 49270
1382 38 21157 2 21540
1383 21 57458 1 59559
1384 52 51262 1 51307
1385 43 53660 1 54363
1386 42 57024 1 57332
1387 72 6053 2 6176
1388 60 7306 2 7824
1389 58 1386 2 2007
1390 96 27984 1 28116
1391 43 35389 2 35590
1392 70 25956 5 26144
1393 73 12705 5 12735
1394 20 65980 3 66348
1395 47 6053 2 6248
1396 34 38529 7 38989
1397 52 42422 1 42509
1398 79 37017 3 37109
1399 85 67854 2 67939
1400 61 58456 1 59137
1401 4 72669 5 73182
1402 78 14551 1 15088
1403 28 51161 1 51596
1404 15 43229 6 43632
1405 20 709 2 1384
1406 77 29276 2 29432
1407 67 35389 4 35805
1408 40 11712 1 11923
1409 38 6053 2 6512
1410 47 15158 3 15701
1411 58 30957 2 31283
1412 77 45936 2 46468
1413 77 57580 3 58673
1414 38 50401 1 50772
1415 30 62448 2 62494
1416 61 7306 2 7574
1417 25 68806 2 69550
1418 4 22665 2 22925
1419 39 40130 1 40747
1420 67 67726 2 68423
1421 24 9966 1 10244
1422 3 73079 1 73650
1423 68 73326 1 73704
1424 89 22665 1 23182
1425 61 45860 4 46130
1426 21 60017 1 60545
1427 40 67726 1 68379
1428 61 6758 3 7306
1429 15 38529 5 38879
1430 88 64406 3 65139
1431 44 37933 1 38354
1432 72 42006 2 42130
1433 17 72239 5 72723
1434 61 49454 1 49825
1435 47 62627 2 63020
1436 60 39453 1 39949
1437 61 37569 1 37933
1438 30 69729 2 70195
1439 18 61188 6 61628
1440 96 28160 3 28888
1441 72 57840 1 58031
1442 21 21157 1 21709
1443 95 15268 5 15593
1444 21 7720 1 7859
1445 53 903 2 1181
1446 16 45270 1 45557
1447 58 15024 3 15385
1448 38 74752 2 75622
1449 24 6657 3 7084
1450 52 40196 1 40468
1451 87 45273 2 45336
1452 44 6514 1 6834
1453 30 47137 2 47335
1454 21 38026 2 38179
1455 9 34874 3 35083
1456 53 36070 4 36677
1457 77 73837 2 74234
1458 32 45498 3 45570
1459 15 57725 7 57946
1460 42 32627 1 34045
1461 54 70776 1 71228
1462 8 29276 3 29777
1463 72 76460 2 76901
1464 32 0 3 89
1465 82 13927 3 14047
1466 61 21637 4 21765
1467 73 41240 5 41354
1468 72 26585 1 27124
1469 61 1346 3 1776
1470 8 61984 3 62250
1471 68 56558 1 57044
1472 40 53293 2 53369
1473 47 63301 1 63947
1474 77 56410 1 57580
1475 30 14551 5 14744
1476 21 23399 2 23756
1477 72 8796 4 9118
1478 21 7076 1 7664
1479 58 57024 2 58349
1480 77 46130 1 46337
1481 8 24759 1 24843
1482 30 67854 3 68180
1483 72 33394 2 33755
1484 45 47914 1 48617
1485 1 47958 2 48596
1486 90 16326 2 16914
1487 4 43776 1 44100
1488 61 51768 2 52326
1489 39 13557 1 14216
1490 24 15158 4 15712
1491 52 61984 1 62729
1492 65 31747 5 32495
1493 96 7255 3 7323
1494 40 61188 2 61706
1495 8 41476 1 42982
1496 20 57725 1 57892
1497 72 59559 4 59711
1498 61 65837 1 65903
1499 72 37017 1 37494
1500 40 22665 2 23058
1501 72 11461 5 12210
1502 54 27035 3 27359
1503 40 33731 2 34370
1504 15 74821 3 75563
1505 8 29088 1 29485
1506 75 11532 1 12234
1507 61 9118 2 9457
1508 82 61188 1 61843
1509 5 50535 3 51272
1510 33 28808 1 29419
1511 52 33865 1 34506
1512 24 21442 1 21663
1513 39 42422 1 42895
1514 53 27413 1 28122
1515 77 51521 1 52146
1516 58 45270 6 45298
1517 52 709 1 1278
1518 70 7932 1 8675
1519 77 42560 1 42706
1520 47 73837 1 74074
1521 32 67854 2 68511
1522 47 39715 1 40259
1523 82 62448 1 62964
1524 62 49012 4 49584
1525 45 49012 1 49624
1526 39 15158 3 15761
1527 61 16608 1 18878
1528 1 64001 4 64493
1529 42 44396 1 44878
1530 3 37305 1 37918
1531 4 31523 2 31679
1532 96 28888 2 30107
1533 66 2249 2 2345
1534 72 46646 2 47492
1535 73 67190 6 67549
1536 8 5710 2 6074
1537 85 30762 4 31068
1538 72 57024 3 57255
1539 76 1894 3 2094
1540 67 30957 2 31230
1541 65 10254 2 10645
1542 81 20676 2 21308
1543 61 71741 1 72131
1544 8 67854 1 69057
1545 32 31523 1 32024
1546 67 39453 4 39954
1547 3 30957 1 31397
1548 33 34874 3 35334
1549 58 66512 3 66545
1550 39 47379 2 47545
1551 58 65795 1 66152
1552 82 18878 3 19155
1553 21 5288 1 5317
1554 49 42006 1 42176
1555 30 12911 1 13408
1556 61 13927 4 14345
1557 28 11981 1 12043
1558 39 2491 3 3019
1559 78 48230 1 48619
1560 38 74752 3 74913
1561 21 64406 3 64978
1562 72 73213 1 73434
1563 70 56521 2 56911
1564 13 50401 3 50909
1565 92 24927 1 25166
1566 93 50634 4 50989
1567 89 66308 1 66697
1568 28 1332 2 1442
1569 47 50535 1 50774
1570 8 65595 2 65795
1571 43 14551 4 14726
1572 30 12911 1 13492
1573 8 35389 1 35591
1574 21 61266 4 61827
1575 96 0 2 264
1576 53 37933 1 38449
1577 5 32172 2 32325
1578 65 10312 1 11038
1579 42 60017 2 60473
1580 28 13927 4 14402
1581 78 37305 3 37803
1582 62 20865 1 21221
1583 77 64001 1 64092
1584 58 45913 2 45989
1585 38 12705 3 12991
1586 97 15158 5 15187
1587 85 64001 4 64470
1588 45 37305 3 37812
1589 52 35638 2 36252
1590 47 40382 1 40482
1591 7 68609 4 68992
1592 67 18878 3 19329
1593 33 1419 2 2112
1594 49 21971 1 22280
1595 72 8368 4 8796
1596 21 35638 1 36060
1597 47 19844 2 20377
1598 76 21637 2 21693
1599 28 50401 3 50509
1600 43 50401 4 51066
1601 32 27035 3 27070
1602 47 20619 1 20662
1603 38 64772 2 64983
1604 72 21637 3 21665
1605 21 34891 3 35066
1606 30 42006 3 42415
1607 78 39545 1 40041
1608 61 23705 1 24043
1609 58 5710 1 7061
1610 72 27434 1 28059
1611 38 66008 1 66706
1612 21 35389 3 35465
1613 30 11906 1 11972
1614 15 65980 2 66380
1615 45 24089 3 24757
1616 32 37305 2 37967
1617 72 21442 1 22265
1618 60 24529 1 24795
1619 72 15024 1 15309
1620 8 40196 2 40721
1621 11 9966 2 10221
1622 32 23251 1 23276
1623 57 13557 7 13898
1624 9 709 4 1317
1625 87 38091 1 38763
1626 62 7932 1 8612
1627 77 41002 1 41270
1628 88 53958 2 54591
1629 62 3147 1 3230
1630 40 18878 2 18929
1631 72 72239 3 72859
1632 96 6657 1 7100
1633 40 64894 1 65217
1634 91 37305 2 37854
1635 96 16326 2 16710
1636 21 7255 3 7509
1637 61 24759 2 25484
1638 52 24429 3 24852
1639 78 47914 4 48098
1640 72 15024 1 16326
1641 47 15024 1 15107
1642 88 709 2 860
1643 16 709 5 840
1644 33 47679 2 47999
1645 8 8368 2 8435
1646 64 1575 1 1718
1647 51 22665 2 22840
1648 61 53660 1 54225
1649 77 6514 1 6826
1650 73 6863 5 6904
1651 30 5288 5 5756
1652 61 68609 1 69321
1653 23 12705 2 13334
1654 72 65595 5 65874
1655 5 51262 1 51356
1656 21 28808 1 30727
1657 82 52326 1 52389
1658 16 31523 4 31772
1659 21 64821 2 65252
1660 43 34891 3 35008
1661 38 61367 1 61586
1662 47 61461 1 62555
1663 68 58254 2 58957
1664 13 57064 6 57141
1665 96 33796 1 34227
1666 85 50774 3 51028
1667 58 42297 2 42811
1668 42 71160 1 71874
1669 64 65595 3 66227
1670 47 31523 1 32172
1671 42 30762 2 30814
1672 28 27434 4 28129
1673 43 47914 1 48559
1674 77 64406 1 64536
1675 21 20936 1 21638
1676 43 5170 3 5529
1677 43 20936 2 21568
1678 77 59711 1 60155
1679 68 64984 2 65457
1680 77 37603 1 38026
1681 72 30957 1 31186
1682 61 8796 1 9269
1683 40 18878 3 19603
1684 14 65795 1 65999
1685 72 5710 1 6243
1686 72 14551 1 14801
1687 96 18878 2 19799
1688 61 61188 2 61266
1689 61 44481 2 44670
1690 12 40968 1 41504
1691 61 10995 3 11100
1692 42 46378 2 46414
1693 8 70776 1 71039
1694 47 40196 1 40769
1695 61 61703 1 62086
1696 40 50575 1 51253
1697 72 47565 3 47679
1698 37 43229 7 43591
1699 24 41476 2 41913
1700 38 52587 2 52992
1701 8 71058 1 71112
1702 42 58248 2 58870
1703 40 9216 2 9712
1704 49 23251 1 23586
1705 28 67854 1 68427
1706 1 8796 2 9235
1707 18 65595 3 65922
1708 77 74752 1 75767
1709 1 71058 1 71223
1710 72 8796 1 9289
1711 45 39453 2 39752
1712 88 38529 4 38761
1713 38 48230 1 49627
1714 87 65613 1 65840
1715 30 64086 2 64337
1716 32 44647 4 44675
1717 63 38026 1 38574
1718 21 36070 2 36590
1719 38 46872 1 46924
1720 45 709 3 1004
1721 4 20676 1 21080
1722 23 65595 1 66234
1723 68 49012 2 49780
1724 72 10312 1 11007
1725 96 40196 1 40253
1726 18 8948 6 9183
1727 13 8948 1 9185
1728 67 9966 4 10684
1729 72 1332 4 1420
1730 52 22848 2 23095
1731 17 21157 5 21726
1732 38 58248 2 59354
1733 21 19653 1 21043
1734 42 46284 1 46673
1735 47 62448 1 62738
1736 30 67495 2 68071
1737 21 48230 2 48736
1738 62 709 1 997
1739 61 45860 1 46189
1740 80 43229 7 43313
1741 62 57045 1 57294
1742 28 38132 1 38785
1743 42 1419 3 1497
1744 81 40968 3 41600
1745 95 48230 5 48497
1746 42 18878 3 19295
1747 42 709 2 1416
1748 47 28160 3 28487
1749 31 46872 1 47242
1750 61 55265 1 55660
1751 58 31987 4 32253
1752 61 52326 1 53293
1753 88 19844 4 20033
1754 41 29088 1 29211
1755 4 11712 1 12127
1756 92 58248 3 58946
1757 4 40382 2 41049
1758 7 27035 5 27161
1759 4 47492 1 48168
1760 21 55265 1 55285
1761 61 11712 1 11906
1762 42 5288 1 5901
1763 80 8796 1 9458
1764 58 68609 1 69124
1765 8 64086 1 64821
1766 58 13927 2 14072
1767 54 47914 3 48470
1768 83 0 2 144
1769 95 69633 2 69974
1770 42 61188 2 61589
1771 72 64001 1 64422
1772 42 55077 4 55136
1773 8 19844 1 20936
1774 87 19977 1 20286
1775 67 24429 3 24728
1776 32 71476 5 71708
1777 24 6053 3 6428
1778 58 6053 1 6428
1779 96 36070 4 36621
1780 58 67854 4 68073
1781 43 73079 3 73138
1782 40 51768 3 51823
1783 30 67726 1 67775
1784 83 61461 1 62074
1785 20 51262 2 51841
1786 28 49454 3 49491
1787 72 6514 2 6853
1788 58 61367 5 61713
1789 77 10440 1 11176
1790 21 34405 3 34891
1791 8 61188 1 61831
1792 53 67726 1 68289
1793 24 7306 4 7858
1794 32 47492 3 47530
1795 61 15137 2 15683
1796 35 72239 1 72682
1797 72 44647 1 45245
1798 61 21971 1 22091
1799 4 55077 2 55366
1800 21 41839 2 42246
1801 82 29276 1 29430
1802 80 47578 1 48286
1803 1 1332 1 1464
1804 96 50597 1 51299
1805 8 70776 1 71270
1806 59 57024 5 57586
1807 40 13927 1 14673
1808 61 21442 2 21490
1809 96 5288 4 5913
1810 47 22316 1 22851
1811 61 48834 2 49351
1812 38 32831 1 34240
1813 58 9623 1 10028
1814 95 8948 2 9138
1815 54 8948 3 9079
1816 90 45273 1 45510
1817 20 57458 1 58070
1818 47 53293 1 53526
1819 16 50401 2 50893
1820 82 23756 1 24376
1821 58 13927 2 14632
1822 30 29276 3 29349
1823 63 61461 1 61922
1824 21 50401 1 50484
1825 30 46130 5 46255
1826 85 25669 3 26060
1827 45 37933 1 38562
1828 89 63687 1 63832
1829 80 20831 5 21397
1830 61 73434 4 74048
1831 64 50535 3 51178
1832 20 38132 2 38739
1833 45 41240 1 41484
1834 39 44015 2 44872
1835 47 71618 2 71795
1836 30 52355 1 52518
1837 39 5288 2 5850
1838 53 33394 1 33974
1839 96 45913 1 46158
1840 77 64837 2 65111
1841 34 19526 3 20145
1842 72 49012 1 49681
1843 21 1717 3 2289
1844 33 49855 3 49883
1845 30 12911 1 13609
1846 52 41839 1 42285
1847 55 31523 3 32043
1848 47 2491 2 2976
1849 40 58040 1 58254
1850 40 71578 2 72336
1851 21 47565 3 48109
1852 80 29704 4 30250
1853 67 31523 1 31717
1854 42 12200 1 12522
1855 54 35591 1 35826
1856 61 68510 1 68704
1857 33 71618 1 72051
1858 13 27035 4 27060
1859 83 46378 1 46672
1860 30 2249 1 2677
1861 88 37603 3 37640
1862 77 29432 2 29704
1863 73 30957 5 31219
1864 96 61188 1 62082
1865 40 39453 1 40767
1866 77 29704 1 30910
1867 80 50401 2 50815
1868 38 39687 3 39949
1869 77 34405 2 35140
1870 47 20676 2 21034
1871 54 23597 1 24157
1872 13 24529 3 24671
1873 18 9216 2 9718
1874 21 12705 4 12741
1875 61 6053 1 6143
1876 97 49811 1 49925
1877 40 21703 1 22344
1878 4 45270 3 45821
1879 62 71058 2 71172
1880 63 51768 3 52109
1881 47 709 1 1058
1882 16 41240 5 41508
1883 33 70776 3 70908
1884 62 65595 2 66127
1885 8 49012 3 49053
1886 95 21442 6 22022
1887 41 43229 5 43646
1888 24 24429 3 25125
1889 1 9966 2 10215
1890 61 12448 1 12575
1891 38 44396 3 44603
1892 40 43522 2 43780
1893 61 57024 2 57064
1894 5 9966 7 10028
1895 8 33489 1 35508
1896 30 19386 3 19488
1897 21 21157 1 21565
1898 67 46911 1 47153
1899 21 9623 1 10010
1900 72 19526 3 20038
1901 58 0 1 82
1902 16 13557 5 13773
1903 33 44647 3 45151
1904 28 54495 4 54898
1905 3 28888 1 29473
1906 96 15158 3 15656
1907 39 56521 2 56731
1908 72 61984 1 63585
1909 55 41240 2 41990
1910 45 50932 2 51582
1911 24 24089 1 24387
1912 8 51262 1 51521
1913 61 12705 1 13454
1914 3 62448 1 62997
1915 77 65595 2 66313
1916 94 28090 2 28163
1917 23 47914 2 48396
1918 35 27984 1 28617
1919 24 8796 1 9509
1920 8 47914 1 47958
1921 78 55292 1 55429
1922 21 37305 1 37453
1923 62 25669 5 26145
1924 61 47383 3 47761
1925 39 48269 1 48770
1926 95 18878 1 19524
1927 24 6758 2 7309
1928 58 32648 5 33361
1929 94 42006 1 42619
1930 96 8948 1 9094
1931 58 7932 1 8419
1932 61 51262 1 52004
1933 83 16326 1 16651
1934 28 22665 4 22984
1935 42 44396 2 44872
1936 83 10440 2 11184
1937 9 49012 4 49540
1938 39 2491 1 3026
1939 61 26778 1 27118
1940 61 60017 1 60673
1941 43 13557 2 14014
1942 58 31523 2 32215
1943 43 54495 1 54927
1944 15 21157 1 21835
1945 82 27413 1 27518
1946 4 44396 1 44949
1947 16 65595 5 65873
1948 96 20676 2 21127
1949 77 19844 1 20478
1950 58 74094 1 74752
1951 8 11712 3 12295
1952 61 23159 5 23406
1953 61 13454 2 13780
1954 96 45270 2 45817
1955 38 49454 2 50117
1956 42 49681 1 51105
1957 61 33796 2 34004
1958 43 37933 1 38442
1959 19 37933 7 38536
1960 8 36070 1 36522
1961 89 13557 3 14017
1962 35 2491 1 3005
1963 37 13557 2 13820
1964 53 74094 2 74323
1965 40 67190 1 67726
1966 72 40196 2 40946
1967 54 24429 3 25157
1968 4 18878 4 18900
1969 23 63687 5 64116
1970 55 45498 4 45597
1971 55 37933 1 38235
1972 96 56558 1 56594
1973 72 58248 2 58470
1974 42 28160 5 28337
1975 67 71618 2 72028
1976 58 21442 2 22675
1977 13 25669 1 25966
1978 47 25956 1 26300
1979 1 68806 1 69329
1980 43 28808 4 29491
1981 69 39715 1 40223
1982 35 52960 1 53381
1983 82 70776 3 71182
1984 78 55594 2 56184
1985 63 709 1 793
1986 85 11461 1 11798
1987 43 45936 1 46515
1988 30 41476 4 41705
1989 42 49811 4 50183
1990 43 70776 1 71295
1991 80 72669 6 73216
1992 61 40382 1 40618
1993 80 21157 1 21529
1994 38 15137 2 15586
1995 1 13927 2 13971
1996 21 13927 1 14205
1997 8 57009 1 57366
1998 75 15137 2 15439
1999 60 57458 1 57966
2000 21 64406 2 64740
2001 27 67495 2 68073
2002 39 47679 1 47839
2003 8 49811 2 50408
2004 38 57024 3 57273
2005 73 6514 4 6632
2006 55 70776 1 71468
2007 24 49454 1 49701
2008 40 31987 1 32532
2009 20 9623 2 9879
2010 45 32648 2 32978
2011 4 50575 1 51146
2012 82 49313 2 49621
2013 10 49855 3 50105
2014 96 69633 2 70004
2015 95 46872 2 47023
2016 72 14603 1 15646
2017 94 25956 2 26014
2018 39 21637 1 23535
2019 52 12705 4 13050
2020 9 12911 1 13068
2021 45 11712 1 11993
2022 8 48955 1 49430
2023 20 58248 3 58731
2024 67 70776 3 71421
2025 42 39453 1 40125
2026 42 9255 4 9924
2027 90 37017 6 37042
2028 47 63301 2 63462
2029 4 67726 4 67921
2030 87 24529 1 25173
2031 40 34874 2 35369
2032 58 70776 1 72669
2033 47 45273 2 45442
2034 58 1419 2 3236
2035 8 28090 2 28721
2036 58 67190 1 67495
2037 92 37305 4 37635
2038 34 56558 1 56730
2039 24 15268 2 15986
2040 72 53293 2 53828
2041 63 9966 1 10553
2042 38 6863 3 7470
2043 33 43522 3 44269
2044 42 2249 1 3424
2045 45 39453 1 39607
2046 30 61188 1 61632
2047 47 62627 1 63102
2048 39 45936 2 47160
2049 5 68806 3 69155
2050 13 69729 6 69986
2051 96 38026 1 38275
2052 88 24927 2 25230
2053 1 15163 2 15771
2054 80 709 3 1348
2055 77 63617 2 63669
2056 67 19386 4 19427
2057 72 1894 1 3439
2058 66 28808 4 29477
2059 8 23705 1 24589
2060 40 73326 1 73443
2061 4 68609 1 68834
2062 62 2249 6 2309
2063 45 31523 1 32128
2064 54 64894 4 65378
2065 80 74821 3 75390
2066 1 50932 1 51257
2067 24 32648 4 32910
2068 14 5288 1 5722
2069 49 31987 1 32209
2070 3 59711 1 59907
2071 30 30957 1 31546
2072 9 9216 1 9871
2073 23 25669 3 26204
2074 96 9118 5 9534
2075 1 37619 1 37772
2076 33 18878 1 19147
2077 13 51521 2 52266
2078 96 52587 2 53290
2079 92 5170 2 5446
2080 74 49012 1 49472
2081 61 35638 1 36366
2082 47 53958 4 54190
2083 90 7720 1 8075
2084 94 40767 1 41069
2085 49 48955 1 49121
2086 95 47379 4 47947
2087 78 41240 4 41502
2088 3 40196 1 40463
2089 61 67854 1 68947
2090 61 61266 3 61421
2091 72 64772 5 65074
2092 38 24089 1 24735
2093 8 37017 1 37215
2094 51 15137 3 15593
2095 39 24429 2 24922
2096 32 6514 2 6970
2097 72 66008 2 66414
2098 19 20831 6 21144
2099 71 62752 1 63072
2100 42 55265 6 55675
2101 95 49454 4 49683
2102 17 41839 1 42380
2103 61 44015 1 44481
2104 47 63585 1 64240
2105 21 35591 3 35703
2106 1 45273 1 45341
2107 96 62448 2 62752
2108 52 8796 3 9003
2109 45 7027 1 7317
2110 4 69730 1 70310
2111 30 66308 2 67035
2112 53 18878 3 18925
2113 45 20865 2 21374
2114 21 59711 1 60322
2115 77 49278 2 50515
2116 95 14551 7 15202
2117 8 63617 2 64062
2118 72 10312 1 10902
2119 4 31747 1 32113
2120 67 37603 4 37973
2121 81 5170 2 5494
2122 91 64894 2 65222
2123 21 71578 4 71689
2124 61 73942 1 74402
2125 30 32627 1 33295
2126 52 59559 2 60118
2127 95 45936 5 46591
2128 96 43229 3 43475
2129 47 8400 4 8948
2130 96 42006 1 42198
2131 5 16326 4 16967
2132 22 73942 1 74597
2133 39 32648 3 33094
2134 73 68609 1 69340
2135 28 43776 1 44173
2136 61 49454 1 49681
2137 21 18878 1 19159
2138 72 1575 1 1902
2139 80 68806 2 69202
2140 40 45936 4 46193
2141 39 39453 1 40094
2142 8 66512 1 66684
2143 30 9501 2 9773
2144 21 38529 2 39250
2145 58 18878 2 19562
2146 1 60017 4 60480
2147 62 38222 2 38261
2148 68 54495 1 55039
2149 61 33394 2 33731
2150 3 49012 1 49230
2151 62 69834 1 70359
2152 45 49012 2 49589
2153 28 49681 1 49734
2154 21 8948 2 9067
2155 82 67726 1 68124
2156 61 18878 2 18951
2157 72 24429 2 25146
2158 70 44396 2 44432
2159 13 40196 2 40620
2160 77 47914 1 48448
2161 61 54495 3 55181
2162 47 13454 1 14079
2163 96 45936 3 46033
2164 72 70776 1 72239
2165 38 48572 1 48955
2166 72 28428 2 29088
2167 61 37933 2 38683
2168 96 43522 2 43574
2169 37 18878 1 19117
2170 45 62627 5 62696
2171 40 41578 1 42512
2172 38 16326 1 17722
2173 28 32172 1 32533
2174 38 37569 3 37918
2175 72 21442 1 22342
2176 8 63301 2 63617
2177 36 68609 5 68896
2178 47 52326 1 53660
2179 87 69633 1 69960
2180 47 7255 1 7417
2181 8 24089 1 25218
2182 30 59711 2 60199
2183 82 39453 2 39935
2184 77 37017 1 37330
2185 35 62627 1 63182
2186 72 69633 2 70235
2187 61 27413 2 27984
2188 90 63011 5 63744
2189 1 61188 1 61246
2190 47 29704 2 30047
2191 34 35389 8 35999
2192 38 22665 1 23251
2193 40 63011 1 63841
2194 30 21442 1 22516
2195 77 13557 1 13791
2196 1 0 2 598
2197 61 61421 1 61703
2198 66 16326 2 17008
2199 40 28090 5 28808
2200 9 22822 1 23433
2201 72 20865 1 21351
2202 40 31987 1 32081
2203 95 11712 4 12364
2204 52 57366 1 57602
2205 1 51262 3 51500
2206 44 5170 1 5363
2207 38 73942 1 74577
2208 7 18878 1 18967
2209 65 59711 6 60326
2210 34 10254 8 10692
2211 52 23756 2 23823
2212 65 15616 5 15939
2213 9 60017 1 60602
2214 30 40968 1 41363
2215 12 62627 1 63257
2216 13 72867 1 73025
2217 88 8796 3 9395
2218 28 2249 2 2481
2219 30 32627 1 33785
2220 8 55265 2 56061
2221 61 11461 1 11507
2222 17 57458 3 57655
2223 80 21442 1 22137
2224 61 40968 2 41404
2225 47 48572 4 48866
2226 58 62448 1 62623
2227 40 49012 1 49155
2228 77 65111 1 65980
2229 88 58248 1 58682
2230 61 25956 1 26942
2231 77 38026 1 38781
2232 21 71618 1 71764
2233 47 66308 1 66671
2234 30 0 2 82
2235 8 50581 1 51161
2236 38 68609 1 68882
2237 67 1894 2 2238
2238 40 50401 3 51385
2239 54 20936 5 21427
2240 8 67726 1 68324
2241 47 74074 1 74841
2242 88 73942 3 74176
2243 4 13557 2 13619
2244 61 1332 1 1419
2245 89 58254 1 58417
2246 8 35591 3 36070
2247 40 6053 2 6514
2248 39 43229 3 43713
2249 47 33796 2 34520
2250 33 21442 1 21636
2251 38 49454 3 49627
2252 61 67190 1 67847
2253 47 44647 2 45273
2254 58 48269 3 48917
2255 8 45913 3 46498
2256 72 39453 1 40196
2257 45 42422 4 42844
2258 92 25669 3 25877
2259 85 31523 3 32202
2260 32 59711 4 60285
2261 58 0 2 647
2262 96 57580 1 58097
2263 21 38091 2 38710
2264 8 49454 1 49670
2265 37 37305 6 37878
2266 54 72639 2 72977
2267 45 8796 1 8871
2268 58 5170 1 5513
2269 54 36070 1 36769
2270 78 61188 1 61508
2271 63 48269 2 48514
2272 52 53660 1 54065
2273 21 62627 1 63060
2274 96 73368 2 73885
2275 61 22848 1 23069
2276 38 2249 2 2284
2277 38 0 1 101
2278 58 9623 1 10076
2279 27 41839 8 42252
2280 72 51262 1 51927
2281 95 2249 1 2357
2282 72 50401 2 50814
2283 32 1419 1 1460
2284 96 6514 2 6605
2285 39 57278 2 58047
2286 47 69633 2 70366
2287 27 34405 7 34456
2288 61 21971 2 22027
2289 72 49242 1 49374
2290 73 15137 5 15675
2291 37 69729 5 70118
2292 30 11461 5 11610
2293 30 16326 2 16519
2294 40 51933 4 52516
2295 72 74752 2 75168
2296 47 42422 3 42946
2297 72 55594 1 55614
2298 3 15137 1 15203
2299 52 11712 1 11803
2300 32 71578 2 72175
2301 34 56558 7 57237
2302 73 37933 2 38634
2303 21 69633 2 70290
2304 72 67190 1 67729
2305 78 8948 3 9064
2306 24 49525 2 49593
2307 72 6863 2 6909
2308 83 7720 1 8057
2309 61 22120 2 22197
2310 78 38132 2 38652
2311 76 23406 2 23607
2312 3 1717 1 2433
2313 61 63687 1 64274
2314 78 6514 2 7223
2315 24 7456 4 8146
2316 90 1346 2 1754
2317 72 45093 1 45498
2318 54 51933 1 52127
2319 13 64406 6 65100
2320 61 19844 2 20277
2321 58 11461 1 11564
2322 28 55077 2 55822
2323 28 47914 2 48286
2324 32 26400 3 26423
2325 68 63687 1 64022
2326 88 56558 3 56893
2327 72 50932 1 52706
2328 61 20676 3 21289
2329 41 32627 4 32807
2330 47 56558 1 57278
2331 38 7470 1 8619
2332 34 44670 1 44765
2333 15 19188 2 19423
2334 21 27413 1 28141
2335 73 41240 1 41544
2336 30 40968 3 41412
2337 58 47679 1 48160
2338 61 43229 1 43776
2339 45 43229 1 43440
2340 33 13557 2 13653
2341 55 9966 3 10504
2342 72 40968 3 41608
2343 68 31809 2 32140
2344 33 45498 3 45557
2345 61 1575 1 1930
2346 96 2491 1 3003
2347 30 1575 3 1998
2348 47 41750 2 41819
2349 55 51262 3 51396
2350 13 13557 4 13875
2351 54 71476 6 71803
2352 4 21971 1 22430
2353 33 39453 1 39900
2354 77 43229 1 44050
2355 72 72318 2 72450
2356 96 50021 1 51499
2357 82 28808 1 29262
2358 8 47379 1 47887
2359 87 709 2 892
2360 43 27035 2 27607
2361 3 63301 1 63495
2362 18 8948 1 9269
2363 61 25669 4 25755
2364 76 50401 2 50451
2365 43 44396 1 44454
2366 72 45093 3 45771
2367 43 37305 1 37434
2368 89 68609 2 68677
2369 61 18951 1 19446
2370 18 48230 3 48656
2371 21 64772 2 64817
2372 8 33796 2 34362
2373 72 68547 3 68568
2374 28 32627 1 32883
2375 43 18878 2 19599
2376 62 37017 3 37524
2377 45 22665 5 23383
2378 30 46284 2 46468
2379 43 56558 4 57132
2380 61 32627 4 33075
2381 88 28090 1 28721
2382 23 27035 1 27497
2383 83 45936 1 46662
2384 8 72939 2 73020
2385 25 65595 3 65921
2386 4 66512 3 67157
2387 72 21157 2 21611
2388 77 0 1 619
2389 8 22665 1 23409
2390 43 71058 3 71642
2391 54 13454 2 13649
2392 73 33796 6 34209
2393 8 709 1 1386
2394 77 65980 1 66608
2395 40 54495 1 54552
2396 61 44860 1 45582
2397 32 27984 1 28496
2398 8 6074 3 6657
2399 13 66008 3 66607
2400 72 51933 1 52218
2401 55 61703 3 61741
2402 32 67854 2 68024
2403 96 6053 1 6279
2404 58 66308 5 66428
2405 72 46284 1 46726
2406 42 65980 4 66165
2407 19 709 8 839
2408 56 47914 6 48362
2409 32 31592 5 31962
2410 33 57725 2 58285
2411 42 22665 2 23879
2412 8 15616 2 16091
2413 1 903 1 1384
2414 21 54495 3 54723
2415 80 69729 6 69835
2416 21 12741 2 12798
2417 40 71476 1 72057
2418 42 8094 2 9255
2419 53 40968 1 41716
2420 59 12705 2 12972
2421 54 23159 2 23427
2422 61 40968 1 41240
2423 21 24529 3 24698
2424 55 27035 3 27686
2425 72 24089 1 24408
2426 19 45498 2 46119
2427 21 73079 1 73451
2428 38 44647 1 44838
2429 3 31523 1 32014
2430 42 30762 1 31469
2431 63 49454 2 49692
2432 96 6053 1 6237
2433 58 62627 2 63257
2434 21 41475 2 41839
2435 47 64772 4 65608
2436 96 42297 2 42572
2437 77 52905 1 53380
2438 94 5170 2 5352
2439 60 35389 2 35702
2440 45 70776 4 71153
2441 72 53660 1 54495
2442 52 0 1 493
2443 49 68806 1 69081
2444 77 37619 1 37679
2445 40 57045 1 58008
2446 40 16326 5 17049
2447 61 7575 1 8392
2448 58 48572 1 48664
2449 55 12705 3 13258
2450 61 31747 2 32440
2451 8 68609 3 69143
2452 35 47565 1 48195
2453 87 11532 2 11580
2454 4 71476 4 71923
2455 72 72859 3 73157
2456 21 1717 2 2336
2457 8 29704 1 29881
2458 66 37619 1 38345
2459 40 65987 5 66715
2460 39 64086 2 64804
2461 54 11461 2 11731
2462 24 71476 3 71685
2463 55 37305 1 37782
2464 41 46872 5 47233
2465 58 40968 4 41352
2466 28 34405 3 34961
2467 21 72239 2 72284
2468 62 14551 1 14635
2469 40 52905 1 53816
2470 70 61984 2 62411
2471 20 42297 1 42484
2472 66 8368 3 8514
2473 58 27984 5 28453
2474 43 72867 1 73065
2475 58 7932 4 8451
2476 21 23756 2 24201
2477 56 5288 1 5879
2478 1 39453 1 39880
2479 42 38091 2 38730
2480 80 12370 5 12909
2481 58 69167 1 69380
2482 42 43229 2 43927
2483 53 19446 1 19802
2484 31 25956 2 26493
2485 80 71058 4 71695
2486 32 16326 1 16428
2487 39 6053 1 6346
2488 47 0 1 903
2489 60 15268 2 15563
2490 68 20758 2 21005
2491 24 61461 1 61861
2492 8 69143 1 72243
2493 83 64837 1 65341
2494 52 19977 1 20367
2495 88 28808 5 28952
2496 47 35389 2 36937
2497 32 10254 2 10814
2498 19 19188 6 19756
2499 8 67190 3 67825
2500 21 51406 5 51870
2501 77 18878 2 18931
2502 15 8368 7 9056
2503 5 6053 7 6278
2504 21 37603 1 37979
2505 54 59711 6 60247
2506 85 10312 1 10994
2507 39 6053 2 6536
2508 8 73020 4 73519
2509 51 11461 2 11502
2510 82 5170 1 5454
2511 62 68609 1 68910
2512 80 54543 7 55288
2513 38 54521 2 54796
2514 21 46284 3 46672
2515 45 40382 3 40979
2516 61 31592 1 33394
2517 78 53660 2 53926
2518 62 13927 3 14194
2519 61 23597 2 23879
2520 88 44396 2 44957
2521 68 46872 1 47446
2522 59 59559 1 59630
2523 30 9966 5 10254
2524 47 55077 2 55459
2525 76 25956 3 26354
2526 77 62448 1 62842
2527 38 57366 1 60241
2528 61 47379 1 48017
2529 20 31523 4 31684
2530 96 23399 2 23452
2531 45 8948 1 9061
2532 45 68609 1 69213
2533 94 27035 1 27280
2534 3 57458 1 57526
2535 3 25669 1 25752
2536 42 25669 1 26857
2537 78 70776 4 71338
2538 37 72336 2 72651
2539 72 2101 1 2751
2540 66 51933 3 52164
2541 47 51262 3 51944
2542 38 64406 1 64772
2543 21 63585 1 64406
2544 21 45093 2 45611
2545 42 51521 6 52262
2546 55 27984 3 28724
2547 77 68609 1 69203
2548 62 62627 5 63110
2549 4 21157 2 21707
2550 39 13557 1 14780
2551 96 56594 1 57572
2552 61 43776 1 44015
2553 38 39479 1 40122
2554 77 10070 2 10440
2555 42 31523 1 31868
2556 77 46284 1 47685
2557 63 33865 1 34125
2558 55 67190 3 67535
2559 28 64086 5 64606
2560 68 14551 1 15430
2561 58 56410 1 57001
2562 61 65595 3 65837
2563 59 30957 2 31594
2564 54 1894 2 1918
2565 53 37305 1 37748
2566 30 44647 1 45380
2567 63 41240 1 41864
2568 47 21637 2 22120
2569 57 45498 1 45883
2570 47 72239 1 73688
2571 72 48834 1 48903
2572 96 52905 1 53513
2573 23 41253 5 41659
2574 68 8796 2 9048
2575 67 31987 4 32188
2576 80 6514 7 6805
2577 62 5710 2 6262
2578 5 16326 6 16524
2579 42 15024 5 15248
2580 52 53293 1 53744
2581 80 31523 5 32256
2582 73 27035 4 27116
2583 95 28808 3 29211
2584 52 54495 3 54753
2585 45 0 1 408
2586 96 21157 3 21382
2587 61 46130 1 47297
2588 9 41607 2 42333
2589 95 65980 5 66335
2590 95 51768 7 51928
2591 61 51832 1 52003
2592 72 18878 1 19072
2593 77 11906 1 12142
2594 8 38529 1 40365
2595 30 52960 3 53767
2596 53 15137 1 15407
2597 55 45936 3 46217
2598 62 5170 3 5307
2599 72 38529 3 39173
2600 15 71476 7 71665
2601 87 44396 1 44953
2602 54 11906 6 12278
2603 38 40968 1 41253
2604 21 6053 1 6232
2605 21 49525 3 49845
2606 61 2249 1 2325
2607 72 67190 1 67567
2608 42 0 1 135
2609 96 23159 1 23340
2610 43 903 3 1422
2611 13 45270 2 45766
2612 73 7575 6 8186
2613 80 43229 1 43254
2614 90 49855 1 50084
2615 54 61421 1 61692
2616 40 47379 2 47986
2617 45 51768 2 52001
2618 41 64001 2 64069
2619 42 68609 3 68961
2620 68 7575 1 7618
2621 45 21971 2 22437
2622 40 40767 4 41146
2623 88 63301 2 63636
2624 21 45913 1 46294
2625 38 9966 1 10622
2626 62 64837 5 65492
2627 61 40968 1 41590
2628 95 58456 5 58527
2629 80 15616 1 16246
2630 89 24529 1 24604
2631 54 53660 2 53984
2632 28 35389 4 36068
2633 77 8948 1 9245
2634 5 64894 2 65119
2635 62 35389 7 35700
2636 53 13454 1 14162
2637 96 14551 5 15158
2638 42 64002 3 64084
2639 33 45936 1 46386
2640 61 29003 2 29050
2641 67 40767 3 41148
2642 15 35638 8 35970
2643 58 8796 1 9145
2644 38 62627 5 62737
2645 87 72350 1 72815
2646 38 69143 3 69730
2647 8 44396 3 45093
2648 82 7027 3 7405
2649 4 51933 4 52530
2650 23 30957 5 31688
2651 8 66308 1 66844
2652 49 44481 1 44610
2653 47 18878 1 19556
2654 68 47379 1 47490
2655 28 61266 1 61569
2656 52 30957 2 31699
2657 8 18878 2 19188
2658 38 59711 1 60379
2659 96 38529 1 39517
2660 89 9966 1 10270
2661 32 50932 1 51292
2662 4 45936 3 46428
2663 58 50161 1 50793
2664 82 24431 1 24914
2665 55 67854 1 67963
2666 37 50161 7 50499
2667 77 63301 1 63398
2668 61 64406 1 64715
2669 52 22675 2 22920
2670 87 6074 2 6807
2671 38 71578 1 71824
2672 21 71162 1 71611
2673 52 72669 3 73043
2674 43 44670 1 45225
2675 94 51262 1 51441
2676 72 40196 2 40705
2677 8 42829 3 43018
2678 67 64406 4 64444
2679 78 27035 3 27531
2680 53 63301 4 63874
2681 52 8368 4 8514
2682 72 34584 4 35140
2683 45 71476 1 71872
2684 61 22848 1 23469
2685 58 13557 1 13715
2686 8 53660 1 54114
2687 39 49242 2 49642
2688 37 63301 3 63797
2689 55 10995 4 11705
2690 30 50401 4 50935
2691 80 65595 2 65811
2692 47 25669 2 25794
2693 1 22848 2 22998
2694 61 5288 3 5710
2695 21 14551 3 15268
2696 39 65595 3 66098
2697 63 57064 1 57534
2698 58 12370 1 12452
2699 36 73942 2 74068
2700 60 31592 1 31668
2701 8 65795 1 66480
2702 65 47679 5 48162
2703 21 709 4 1045
2704 33 40196 1 40448
2705 90 51521 2 51954
2706 42 24529 1 25015
2707 72 13927 2 14607
2708 5 15158 2 15281
2709 73 70776 3 71431
2710 54 66008 6 66414
2711 30 1346 3 1528
2712 61 42829 2 43229
2713 77 70776 1 71476
2714 72 35389 2 37174
2715 89 45273 2 45733
2716 40 46872 1 46911
2717 52 52587 2 52987
2718 88 31523 1 31846
2719 68 9966 2 10201
2720 8 59711 1 60485
2721 8 62737 3 63058
2722 30 54495 2 55085
2723 30 25669 3 25987
2724 53 52355 3 52740
2725 32 12200 1 12773
2726 54 50932 2 51051
2727 55 73837 2 74097
2728 61 68806 2 69434
2729 70 59711 3 59878
2730 57 27035 2 27682
2731 52 35389 2 35712
2732 65 2491 5 3093
2733 58 24927 1 25067
2734 8 16326 3 17140
2735 8 21442 2 21687
2736 80 65874 1 65957
2737 8 31747 1 31809
2738 53 32648 4 33365
2739 96 37017 3 37530
2740 13 49776 1 50056
2741 61 19446 2 20473
2742 72 31523 4 32222
2743 94 8948 1 9057
2744 32 54495 1 55066
2745 82 37933 1 38501
2746 58 24903 1 25477
2747 32 9255 2 9951
2748 82 45913 5 46123
2749 88 1144 1 1281
2750 58 71476 1 71642
2751 47 57278 1 57503
2752 1 62627 4 63071
2753 40 709 2 764
2754 72 903 2 1488
2755 96 59559 1 60826
2756 38 47492 4 47843
2757 63 50401 2 51054
2758 30 73837 1 74248
2759 40 46466 1 46539
2760 47 32648 1 32875
2761 36 16326 5 16665
2762 54 64001 5 64361
2763 52 14551 4 14598
2764 86 19526 3 19799
2765 40 12370 1 13119
2766 38 24429 3 25169
2767 8 9966 1 10613
2768 17 37017 2 37438
2769 21 6514 3 7027
2770 88 27035 3 27611
2771 61 9966 5 10620
2772 8 46872 2 47298
2773 55 72318 1 72822
2774 58 37017 1 37305
2775 45 0 2 583
2776 77 7470 1 8581
2777 1 54543 2 55212
2778 25 70776 1 71277
2779 61 19446 2 19531
2780 30 22665 5 22755
2781 40 72867 2 73099
2782 21 65595 1 66242
2783 21 46872 1 47137
2784 95 61188 4 61616
2785 53 49855 4 49951
2786 90 49012 2 49431
2787 13 22316 2 22401
2788 11 8400 5 8479
2789 73 50515 5 50938
2790 32 47578 1 48058
2791 4 40196 2 40860
2792 25 11461 2 11510
2793 38 52355 4 52486
2794 42 14551 2 14752
2795 67 64984 3 65230
2796 43 64086 2 64270
2797 54 15024 1 15488
2798 38 64406 3 64554
2799 95 0 6 216
2800 8 14551 1 14984
2801 54 19844 5 20445
2802 65 709 1 1000
2803 68 37017 1 38254
2804 90 55594 3 55656
2805 59 25956 2 26029
2806 16 5288 1 5569
2807 42 32044 3 32716
2808 37 27035 6 27491
2809 32 69729 2 70295
2810 8 59559 1 59625
2811 43 61332 1 61721
2812 38 37619 3 38132
2813 51 70776 3 71159
2814 15 11712 8 12403
2815 79 71476 3 71828
2816 72 40705 3 40968
2817 39 709 1 2386
2818 58 10734 2 11317
2819 28 37305 5 37654
2820 57 38132 4 38548
2821 40 22316 1 22883
2822 42 31523 1 32205
2823 88 44015 4 44129
2824 21 66308 1 66540
2825 32 903 1 1317
2826 72 61332 2 61984
2827 80 35389 6 35528
2828 61 13454 3 13927
2829 28 30762 2 31291
2830 70 903 4 1287
2831 52 46520 4 46839
2832 65 32627 1 33313
2833 55 15024 4 15564
2834 8 74752 2 75085
2835 40 19386 1 19889
2836 42 40968 1 41385
2837 47 30957 2 31346
2838 47 53660 3 53958
2839 80 44670 5 44803
2840 90 9623 4 9902
2841 54 32648 1 33069
2842 3 6053 1 6155
2843 72 66512 1 67792
2844 61 39545 1 40130
2845 80 64002 5 64671
2846 1 32648 3 33114
2847 40 36070 2 36940
2848 4 61703 5 62409
2849 24 45913 3 46278
2850 52 68609 1 68726
2851 40 58254 1 58991
2852 72 57725 1 58248
2853 33 69729 3 69929
2854 9 56410 1 56580
2855 61 30957 2 31592
2856 23 38132 2 38154
2857 72 23597 2 24089
2858 45 8796 3 9482
2859 20 70776 3 70866
2860 49 10838 1 11014
2861 38 46284 1 46692
2862 61 24927 3 25669
2863 28 73519 5 73956
2864 38 15158 3 15765
2865 13 57384 4 58021
2866 38 65613 1 66047
2867 61 23406 3 24099
2868 67 44396 1 44865
2869 71 49811 1 50078
2870 47 72336 1 72737
2871 1 45498 3 46172
2872 78 34405 1 34720
2873 34 11906 1 12299
2874 21 56558 1 57384
2875 42 22822 4 23363
2876 32 23159 1 23467
2877 21 39715 1 40380
2878 15 44481 1 44842
2879 42 33755 5 34052
2880 61 64821 1 65277
2881 68 37017 1 37178
2882 33 52326 1 52753
2883 96 62752 1 64050
2884 32 53660 5 54128
2885 42 53472 1 54224
2886 96 59711 4 59769
2887 38 19188 4 19907
2888 82 709 1 955
2889 90 28090 2 28372
2890 23 39453 2 39858
2891 58 72669 2 73837
2892 95 21637 3 22080
2893 68 41750 2 42349
2894 21 27035 1 27428
2895 67 58254 1 58456
2896 8 47636 2 47914
2897 78 5170 3 5455
2898 85 49313 4 50040
2899 67 41270 2 41300
2900 39 47565 1 49185
2901 96 22665 4 22979
2902 72 52355 1 52763
2903 58 31523 1 31639
2904 21 9501 1 10682
2905 43 0 1 662
2906 61 56410 6 56521
2907 8 20936 1 21637
2908 67 16689 2 17016
2909 53 63585 1 64214
2910 8 8796 2 8998
2911 40 59559 2 60032
2912 39 63301 1 63523
2913 21 42297 4 42908
2914 8 41240 1 41382
2915 42 51933 1 52465
2916 4 73434 2 74127
2917 57 50575 6 50654
2918 47 44015 2 44445
2919 20 1575 2 2143
2920 32 38529 5 39132
2921 77 65980 1 66722
2922 95 18878 5 18998
2923 72 74752 1 76596
2924 21 73942 2 74266
2925 18 71058 3 71594
2926 40 64001 2 64557
2927 31 51521 1 51895
2928 38 1894 2 2314
2929 96 64406 5 64506
2930 61 49855 3 50058
2931 61 58456 1 58523
2932 43 59711 3 59803
2933 58 59559 2 60017
2934 1 25669 3 25926
2935 67 49525 1 49969
2936 45 44396 4 44808
2937 21 46520 2 46638
2938 38 73837 1 73867
2939 52 1717 1 2466
2940 21 36070 1 36714
2941 96 1575 1 2139
2942 18 69729 5 70254
2943 37 2249 4 2703
2944 58 50401 1 51307
2945 8 45270 1 45968
2946 32 9216 1 9742
2947 28 16326 5 17041
2948 21 25669 1 26219
2949 47 43776 1 43831
2950 30 72570 5 72832
2951 58 7076 5 7627
2952 58 40767 2 41449
2953 72 40968 1 40999
2954 37 49454 7 49709
2955 36 64837 2 65320
2956 28 12370 1 12490
2957 30 46520 1 46677
2958 88 6514 3 6545
2959 21 67190 2 67622
2960 38 49313 4 49427
2961 61 57024 2 57156
2962 21 24089 3 24255
2963 80 52355 5 52513
2964 61 26400 6 26665
2965 20 68806 4 69362
2966 61 41607 1 42026
2967 21 12798 1 13201
2968 44 73434 1 73714
2969 72 46381 1 46646
2970 20 26585 1 27185
2971 62 12705 2 12843
2972 64 31523 6 32219
2973 39 33394 3 33923
2974 30 60017 3 60186
2975 4 70776 5 71032
2976 21 48269 1 48459
2977 77 61188 1 61901
2978 45 56410 1 57073
2979 11 33796 5 34024
2980 43 5710 1 6419
2981 38 52905 1 53316
2982 61 71095 1 71741
2983 62 11981 1 12354
2984 58 72131 1 72343
2985 45 5170 1 5422
2986 47 27434 1 28111
2987 39 68806 2 69346
2988 68 72639 1 73151
2989 61 22316 4 22699
2990 59 2249 4 2531
2991 72 53293 2 54129
2992 61 47914 2 48518
2993 34 19977 1 20410
2994 58 15024 1 15506
2995 47 7456 3 8103
2996 32 57384 4 57875
2997 61 21157 2 21842
2998 45 11981 1 12218
2999 72 44553 2 44647
3000 16 19526 3 20152
3001 37 50597 4 51104
3002 38 11461 2 11981
3003 96 69633 2 69953
3004 61 50597 2 51049
3005 47 57929 2 59257
3006 72 7255 1 7379
3007 32 12200 1 12821
3008 58 23756 1 24429
3009 3 18878 1 18941
3010 80 46872 4 46893
3011 58 48230 1 48398
3012 60 71160 1 71319
3013 13 37305 1 37665
3014 81 48230 2 48753
3015 61 20758 2 21157
3016 32 1894 4 2190
3017 40 34405 1 34513
3018 47 68609 1 69487
3019 9 12705 1 13132
3020 19 6657 8 7105
3021 8 31809 2 32044
3022 61 73837 1 73910
3023 72 73942 2 74665
3024 53 39453 2 39851
3025 11 64406 5 64614
3026 52 58456 1 58887
3027 8 57366 2 57949
3028 42 76460 3 76963
3029 38 73079 1 73576
3030 14 1998 1 2505
3031 57 68609 1 69254
3032 58 22675 1 23368
3033 68 60017 2 60711
3034 42 46872 2 47080
3035 62 41839 2 42058
3036 61 7306 1 7575
3037 58 38529 1 39012
3038 96 42006 1 42315
3039 65 9501 1 9915
3040 37 73326 2 73861
3041 40 70776 1 70842
3042 93 49012 2 49576
3043 47 19188 1 19793
3044 31 70776 1 70945
3045 30 13557 1 13973
3046 96 12370 1 13234
3047 90 67854 2 68599
3048 38 47137 3 47208
3049 36 11712 5 12378
3050 36 9966 6 10283
3051 83 48834 1 49173
3052 38 49811 2 50535
3053 88 47914 3 48568
3054 31 24429 4 24740
3055 54 9623 3 10100
3056 18 59559 1 59981
3057 32 30957 4 31536
3058 30 70776 2 70995
3059 20 15137 1 15393
3060 8 72239 1 72318
3061 33 67726 1 68080
3062 96 11461 4 11728
3063 34 55265 5 55486
3064 78 45093 1 45245
3065 21 35638 1 35889
3066 71 35389 1 35743
3067 95 5288 2 5899
3068 17 27035 1 27190
3069 3 58456 1 58898
3070 58 67854 2 68065
3071 38 73326 1 73942
3072 19 21637 2 21672
3073 72 33796 4 34449
3074 42 23756 4 24431
3075 95 12705 4 13214
3076 68 28685 1 29949
3077 32 61188 4 61771
3078 68 45093 1 45426
3079 54 709 1 1022
3080 72 55265 1 55593
3081 58 65595 1 65933
3082 61 9501 1 11778
3083 30 55594 1 55626
3084 42 65852 1 66509
3085 58 60017 3 60432
3086 58 10734 3 11722
3087 47 21157 2 21876
3088 61 15137 1 15616
3089 34 19653 3 19983
3090 33 19188 1 19532
3091 32 49811 1 49869
3092 81 52326 2 52829
3093 38 5288 1 5560
3094 96 19799 1 20623
3095 21 52960 1 53239
3096 61 61421 3 61624
3097 21 51262 2 51453
3098 47 41839 2 42151
3099 32 49454 1 49979
3100 3 47914 1 48589
3101 4 9623 1 9835
3102 9 57024 2 57378
3103 92 24429 3 25007
3104 47 11906 1 12200
3105 61 49351 1 49454
3106 75 1346 2 1609
3107 54 25669 1 26073
3108 32 63011 3 63649
3109 58 61421 1 62229
3110 77 24759 1 25357
3111 21 37305 2 37330
3112 19 64086 1 64268
3113 72 66512 1 66665
3114 58 28685 1 28747
3115 28 57255 5 57935
3116 67 64001 3 64076
3117 61 74821 1 75566
3118 72 33755 1 33979
3119 61 40968 1 41099
3120 82 50401 1 50983
3121 21 37603 1 37756
3122 39 30957 4 31228
3123 20 19844 3 19967
3124 97 709 1 1459
3125 55 5288 3 5960
3126 47 12200 4 12911
3127 77 39453 1 39531
3128 97 65903 5 66409
3129 44 9966 1 10204
3130 36 29276 5 29849
3131 61 62448 3 62627
3132 58 11461 1 11769
3133 61 37603 2 37646
3134 57 41240 6 41989
3135 53 40767 2 41038
3136 40 15137 2 15201
3137 61 9623 1 9684
3138 62 43229 3 43710
3139 89 73213 1 73241
3140 61 12448 1 13075
3141 33 8948 2 9050
3142 32 37305 2 37731
3143 61 57725 1 57840
3144 68 5170 1 5326
3145 61 40705 1 41081
3146 47 65795 1 66234
3147 20 64406 3 64919
3148 42 28685 1 28989
3149 72 28428 1 28611
3150 61 73837 1 74546
3151 68 63301 2 63639
3152 71 11981 1 12509
3153 75 27035 2 27459
3154 55 37017 3 37108
3155 58 40130 2 40286
3156 96 57024 4 57605
3157 45 65874 3 66218
3158 57 16326 1 16689
3159 94 71058 1 71365
3160 40 29276 1 29570
3161 47 25669 1 26607
3162 30 72131 2 72197
3163 96 21703 4 22247
3164 8 46520 1 47530
3165 40 74752 1 74837
3166 61 28685 2 29003
3167 88 45936 5 46356
3168 5 38132 2 38829
3169 33 6074 3 6771
3170 8 66684 2 67190
3171 34 25669 7 26394
3172 21 58456 3 58603
3173 54 40382 6 40538
3174 20 9534 1 9577
3175 47 43273 1 43310
3176 8 61188 1 62076
3177 11 59711 1 60278
3178 42 67854 2 68456
3179 72 709 1 732
3180 53 45093 4 45274
3181 61 46911 2 47578
3182 89 31523 2 31993
3183 9 18878 1 19426
3184 72 45860 3 46137
3185 82 52960 2 53057
3186 77 9966 1 10070
3187 38 21971 2 22238
3188 13 21703 1 21810
3189 42 71476 2 72001
3190 96 49012 2 49579
3191 21 72350 1 72540
3192 21 12200 1 12715
3193 61 2249 1 3117
3194 39 67854 3 68743
3195 72 26400 1 26471
3196 67 16608 2 16956
3197 52 23399 1 23580
3198 39 2491 1 3042
3199 42 21637 6 22118
3200 77 24429 1 25348
3201 13 70776 1 71134
3202 95 16326 2 16981
3203 60 2249 2 2616
3204 47 46872 1 46957
3205 8 1575 1 1867
3206 39 71476 3 71873
3207 43 68609 2 68726
3208 39 19844 1 20540
3209 15 66308 4 66623
3210 47 50774 1 51656
3211 82 65980 2 66190
3212 47 43872 2 43983
3213 8 22316 2 22815
3214 77 50575 1 51286
3215 89 66008 2 66125
3216 77 41270 1 42560
3217 5 61703 3 62182
3218 8 51521 1 52960
3219 8 32172 1 32829
3220 75 28090 1 28757
3221 58 51262 1 51768
3222 68 13927 1 14095
3223 72 76460 3 76905
3224 61 21157 1 21971
3225 68 66008 1 67410
3226 82 28428 3 28719
3227 4 27035 1 27397
3228 96 71058 2 71165
3229 38 56410 5 57008
3230 88 22316 2 22690
3231 54 7932 2 8561
3232 38 68609 1 69167
3233 21 16326 1 16599
3234 37 7255 3 7373
3235 72 43273 1 43872
3236 35 71058 1 71110
3237 61 27984 1 28390
3238 43 37017 1 37203
3239 38 8796 1 9966
3240 45 41240 1 41833
3241 83 59711 2 59956
3242 43 30762 1 30942
3243 47 46957 1 47644
3244 55 66308 1 66330
3245 47 45936 2 46378
3246 53 24429 5 24809
3247 28 23597 1 24056
3248 61 33865 2 34843
3249 43 40196 3 40375
3250 52 45913 4 46519
3251 32 28808 5 29339
3252 4 13927 5 14538
3253 78 54495 2 55132
3254 30 7932 2 8417
3255 24 21442 4 21544
3256 52 47644 1 47833
3257 18 38132 1 38518
3258 38 54495 2 54974
3259 58 67495 4 67854
3260 51 5170 3 5496
3261 61 74821 1 75129
3262 58 39479 2 39786
3263 21 68609 4 69250
3264 21 69834 1 70183
3265 77 67190 2 67691
3266 30 19526 1 20923
3267 52 26400 3 27025
3268 1 37933 1 37995
3269 62 24687 3 25305
3270 32 31987 4 32450
3271 50 0 2 600
3272 8 32627 1 32771
3273 33 76460 2 76721
3274 43 10469 4 10885
3275 96 66308 1 69110
3276 39 34891 1 35012
3277 33 65595 1 66286
3278 96 46284 3 46493
3279 47 51768 1 51973
3280 47 71058 1 71144
3281 19 50401 2 51150
3282 40 28808 1 29276
3283 80 19526 2 20184
3284 14 45273 1 45450
3285 39 18878 1 18994
3286 32 35389 1 35457
3287 68 45936 2 46530
3288 61 19977 1 20605
3289 8 5288 2 5622
3290 16 39453 1 39711
3291 4 19977 1 20487
3292 40 74094 2 74529
3293 72 67726 1 67777
3294 32 45913 1 46094
3295 77 23597 2 24233
3296 21 12798 1 13868
3297 77 40122 1 40502
3298 42 40196 3 40618
3299 77 72318 2 72639
3300 40 37017 2 37585
3301 96 46520 4 47012
3302 36 71058 1 71380
3303 78 47492 1 47606
3304 61 59559 1 60241
3305 45 2249 2 2578
3306 24 62074 1 62484
3307 40 24529 2 25027
3308 72 63585 2 63658
3309 51 7076 1 7650
3310 55 62627 1 62824
3311 34 45936 5 45971
3312 42 6053 1 6558
3313 61 709 1 1332
3314 96 44396 1 45544
3315 16 11712 1 11962
3316 72 49012 2 49354
3317 47 61188 4 61461
3318 44 31523 1 31602
3319 77 72639 2 73746
3320 95 38132 1 38767
3321 35 16689 1 17268
3322 58 16326 1 16796
3323 8 32755 1 33205
3324 17 49525 2 50096
3325 32 72318 5 72687
3326 60 39715 1 40163
3327 21 23251 2 23713
3328 39 12705 3 12831
3329 72 65874 4 66507
3330 32 62448 4 62814
3331 74 25669 1 25924
3332 95 9966 2 10531
3333 44 29276 1 29773
3334 42 71058 5 71160
3335 38 52355 1 52587
3336 38 70776 1 71279
3337 77 8796 1 10021
3338 53 46466 5 46632
3339 61 2101 1 2729
3340 8 5288 2 6007
3341 60 4 1 263
3342 58 71058 2 71798
3343 50 18878 1 19474
3344 30 71058 1 71204
3345 88 70776 3 71093
3346 52 18878 2 19234
3347 70 59711 3 60375
3348 94 30957 2 31293
3349 58 13454 1 13914
3350 95 33394 1 33929
3351 8 26585 3 26778
3352 58 40382 3 40935
3353 21 13927 1 14185
3354 61 24089 2 24759
3355 47 12911 1 15048
3356 55 1144 1 1871
3357 21 71764 1 72350
3358 94 28685 2 29293
3359 30 51262 2 51798
3360 40 35389 1 35976
3361 40 10254 5 10838
3362 96 2491 1 3195
3363 31 32648 3 32720
3364 19 74094 2 74455
3365 62 1058 1 1715
3366 11 71058 1 71302
3367 17 38529 5 38859
3368 90 50401 1 50472
3369 78 56594 1 56767
3370 67 63301 1 63383
3371 61 11461 4 11570
3372 67 60017 2 60577
3373 58 31809 1 31987
3374 30 12448 2 12803
3375 77 19602 1 20831
3376 81 63617 3 64282
3377 59 16326 3 16529
3378 58 73837 3 74094
3379 45 26400 5 26753
3380 8 27822 2 28090
3381 42 70776 1 71382
3382 54 41607 1 41660
3383 82 31987 3 32681
3384 47 41240 1 41708
3385 8 28888 1 29155
3386 58 69380 2 69997
3387 8 72318 1 72887
3388 67 25669 2 25837
3389 47 64406 1 64625
3390 42 12705 1 14352
3391 18 9623 4 9674
3392 72 56410 2 57458
3393 49 50161 1 50879
3394 42 24429 1 24800
3395 96 64050 4 64113
3396 38 61188 2 62190
3397 43 19844 3 20489
3398 43 73942 4 74140
3399 61 40382 3 40947
3400 35 28685 1 28946
3401 1 70776 1 71258
3402 35 50535 1 51146
3403 87 64837 1 65392
3404 78 18878 1 19575
3405 78 59559 2 59710
3406 53 45936 3 46077
3407 21 26400 1 26946
3408 96 13454 1 13982
3409 61 3147 1 5170
3410 40 49313 1 50401
3411 47 45498 2 45601
3412 47 42006 1 42422
3413 38 38132 1 39479
3414 1 50515 2 51082
3415 28 49012 3 49367
3416 40 55265 1 55594
3417 77 67190 1 67552
3418 72 55292 2 55359
3419 94 52587 2 53216
3420 54 13557 1 14267
3421 82 44015 1 44728
3422 96 18878 1 19728
3423 61 69834 1 70776
3424 89 49012 2 49748
3425 52 57580 3 57982
3426 63 903 2 1222
3427 21 37933 3 38091
3428 39 39453 2 39718
3429 96 48572 5 48983
3430 45 6514 2 6678
3431 95 22316 2 22557
3432 8 6657 1 7076
3433 40 57255 1 57835
3434 61 68695 1 68806
3435 21 70776 2 71162
3436 34 47636 6 48071
3437 28 45093 1 45577
3438 71 16608 3 16866
3439 20 1419 4 1444
3440 96 43872 3 44027
3441 1 59711 4 59732
3442 80 18878 5 18914
3443 33 9966 2 10131
3444 68 68609 1 69041
3445 4 48834 2 49531
3446 21 22848 3 23372
3447 72 50161 2 50634
3448 80 9623 5 10038
3449 38 42006 3 42297
3450 60 70776 2 71140
3451 43 48572 1 49321
3452 42 68609 1 69276
3453 38 65613 2 66008
3454 30 46872 1 48351
3455 61 58040 1 59970
3456 72 5710 1 6396
3457 95 49454 1 50040
3458 88 13454 1 13723
3459 55 8796 1 8974
3460 43 67854 2 67971
3461 4 47137 1 47371
3462 32 70776 1 70885
3463 61 31592 3 31651
3464 8 12705 3 13609
3465 39 9623 3 10469
3466 30 6053 3 6094
3467 78 19844 1 20367
3468 39 8796 1 9251
3469 42 70776 1 71056
3470 21 44396 1 45422
3471 38 7574 3 7905
3472 61 57064 2 57553
3473 87 58456 1 59002
3474 52 37017 1 37599
3475 33 40968 1 41314
3476 61 65903 1 67888
3477 77 1144 1 1839
3478 15 49012 1 49242
3479 62 55359 1 55998
3480 72 19188 2 19745
3481 96 73213 2 73368
3482 42 35389 2 36116
3483 79 47578 4 48095
3484 49 46957 1 47498
3485 16 6514 2 7111
3486 40 50401 1 51077
3487 21 32755 3 33121
3488 3 67726 1 67914
3489 44 30762 1 31133
3490 1 7255 4 7400
3491 89 67190 3 67437
3492 16 67854 3 68338
3493 21 30762 1 30871
3494 42 59711 3 60393
3495 8 37305 2 37603
3496 63 56521 1 56640
3497 71 47492 1 47750
3498 30 58456 2 58709
3499 47 18878 2 19106
3500 32 57366 5 57622
3501 28 6758 1 7309
3502 1 38222 1 38490
3503 72 41253 1 41918
3504 30 24429 1 24674
3505 21 74094 1 74502
3506 42 52587 2 52917
3507 76 0 2 528
3508 38 48955 2 49307
3509 50 71578 4 71795
3510 81 49681 1 49987
3511 58 62448 2 62772
3512 37 6514 4 7043
3513 73 66308 2 67002
3514 21 27984 2 28309
3515 72 25669 3 25956
3516 54 20676 1 20741
3517 61 8368 3 8670
3518 58 51262 1 51466
3519 96 65613 3 66021
3520 73 44396 2 44418
3521 61 24624 5 24927
3522 67 54495 3 55081
3523 77 0 1 407
3524 28 70776 3 71409
3525 72 41750 3 42360
3526 1 903 1 1092
3527 4 51262 4 51921
3528 61 41476 1 41750
3529 77 14551 2 14603
3530 78 9216 1 9871
3531 38 72318 1 73007
3532 13 10734 2 10861
3533 53 58254 1 58738
3534 72 26400 1 28179
3535 4 9966 3 10511
3536 40 45270 2 45894
3537 42 25669 2 26189
3538 30 43229 1 43993
3539 52 13557 1 14080
3540 40 46872 1 47379
3541 38 27984 2 28538
3542 38 67726 1 68338
3543 61 11906 1 12528
3544 80 40968 3 41655
3545 61 44481 2 45185
3546 38 66008 1 66843
3547 55 50575 3 50669
3548 68 57278 1 57927
3549 54 33731 2 33847
3550 37 38132 1 38177
3551 45 66008 1 66567
3552 73 71058 2 71092
3553 47 41240 1 41749
3554 1 38132 2 38747
3555 42 47379 2 48287
3556 83 24429 2 25067
3557 37 31523 5 31645
3558 37 47914 2 48365
3559 47 43522 2 43748
3560 58 37933 3 38604
3561 55 67726 2 67785
3562 55 41476 1 41746
3563 61 25669 1 26400
3564 61 72669 5 72748
3565 42 21703 1 22389
3566 40 6514 4 7255
3567 32 20936 2 21350
3568 58 43229 1 44087
3569 58 32253 3 32648
3570 73 2491 2 3215
3571 89 38132 1 38272
3572 21 44396 2 45357
3573 67 5288 2 5521
3574 79 73007 2 73728
3575 19 51768 7 51991
3576 63 16608 3 17063
3577 43 32648 1 32675
3578 51 37305 1 37342
3579 42 24089 1 24348
3580 25 0 2 311
3581 47 64001 1 64375
3582 45 15024 5 15632
3583 38 12370 3 12845
3584 42 44015 3 44234
3585 58 66512 3 66846
3586 21 47958 1 48243
3587 68 51262 2 51736
3588 95 35638 7 36340
3589 67 53293 3 53492
3590 72 61421 3 61461
3591 50 7255 5 7501
3592 82 2249 4 2643
3593 38 73837 1 74406
3594 41 49242 5 49972
3595 40 31523 1 32158
3596 94 72350 1 73030
3597 8 15163 1 15793
3598 96 53293 1 53836
3599 40 15268 1 16000
3600 38 40122 2 40725
3601 58 24429 1 24903
3602 42 66512 2 67202
3603 40 5288 2 5871
3604 42 11461 1 12102
3605 52 15137 1 15338
3606 47 27035 1 27434
3607 55 69633 2 70320
3608 8 25669 4 26340
3609 77 27035 2 27522
3610 15 16326 6 16725
3611 37 68609 3 69284
3612 1 72318 2 72674
3613 23 32627 4 33240
3614 72 34874 1 35389
3615 60 26400 2 26890
3616 61 62627 2 63301
3617 40 32172 2 32347
3618 61 66308 1 67286
3619 61 24429 1 24624
3620 12 52355 1 52602
3621 66 49313 4 49604
3622 54 45270 4 45607
3623 52 44396 1 44488
3624 89 50597 1 50655
3625 58 64894 1 65267
3626 83 49012 1 49151
3627 74 45936 1 46493
3628 96 69110 3 69286
3629 65 69633 6 69784
3630 21 41476 2 41757
3631 77 8400 1 8630
3632 61 49681 1 50597
3633 76 66308 1 66549
3634 58 18878 3 19350
3635 49 68609 1 68658
3636 8 65795 1 66512
3637 60 39453 1 39679
3638 61 59559 1 61188
3639 61 74752 2 74776
3640 40 25669 3 26153
3641 88 39453 4 39893
3642 47 1717 4 2491
3643 50 50535 4 50732
3644 95 55594 2 55901
3645 8 21637 1 22553
3646 34 2249 5 2460
3647 80 10312 3 10952
3648 92 68609 2 69035
3649 43 65852 1 66241
3650 61 57840 1 58456
3651 54 45936 1 46649
3652 52 39453 3 39973
3653 96 73942 2 74332
3654 47 19386 1 19462
3655 64 48230 2 48869
3656 30 15024 1 16860
3657 52 45270 2 45412
3658 40 41607 1 42172
3659 72 38222 2 38893
3660 21 33765 1 34465
3661 18 73326 1 73800
3662 76 45498 3 46050
3663 52 61188 1 61651
3664 68 2249 2 2996
3665 72 21703 3 22010
3666 33 25956 2 26684
3667 28 9966 4 10402
3668 28 65795 2 66141
3669 83 8368 2 8779
3670 54 10734 2 10778
3671 21 7932 1 8474
3672 95 19653 2 20217
3673 77 46284 1 46539
3674 4 71578 1 72109
3675 58 25956 1 27813
3676 15 45270 2 45902
3677 8 67854 2 68344
3678 13 48230 4 48933
3679 45 66308 5 66823
3680 52 56558 2 56775
3681 61 62627 1 63117
3682 68 48230 2 48703
3683 96 16326 1 16528
3684 8 73837 1 74444
3685 96 30762 1 31356
3686 30 6558 3 6933
3687 42 28160 1 28495
3688 73 56558 6 56674
3689 53 31747 5 32133
3690 8 48230 2 48953
3691 17 50401 1 50640
3692 30 27984 3 28357
3693 80 39453 2 39572
3694 36 45270 1 45494
3695 8 52960 2 53472
3696 78 32627 2 33303
3697 37 73942 7 74351
3698 21 10734 2 11532
3699 15 18878 6 19121
3700 40 32172 3 32627
3701 55 71476 3 72139
3702 8 23399 2 23537
3703 95 70776 2 71049
3704 38 46466 1 47383
3705 40 9118 1 9524
3706 96 49811 1 50395
3707 47 28808 1 29539
3708 47 11461 1 11826
3709 32 41476 5 41592
3710 10 52587 6 52828
3711 61 39453 6 39545
3712 61 34405 1 34874
3713 13 41253 2 41974
3714 61 2491 1 3147
3715 42 49525 2 49614
3716 43 6514 2 6938
3717 47 34405 1 34991
3718 95 18878 1 19053
3719 21 15024 2 15508
3720 45 71476 1 71693
3721 53 7575 5 8228
3722 44 20936 1 21395
3723 53 9966 3 10315
3724 75 71058 1 71420
3725 41 57278 3 57520
3726 17 8796 1 9498
3727 8 32044 1 32579
3728 73 28160 5 28700
3729 32 24089 5 24592
3730 96 10312 2 10944
3731 37 32648 5 32723
3732 97 41607 1 41694
3733 73 47636 2 48142
3734 32 50401 3 50842
3735 77 13454 1 14179
3736 5 65595 1 65985
3737 51 32627 3 33205
3738 93 69730 3 70279
3739 40 18878 1 19237
3740 63 40196 1 40796
3741 43 40968 1 41349
3742 39 51262 1 51592
3743 33 27434 3 27480
3744 61 71160 1 71876
3745 72 45270 1 45388
3746 39 70776 3 71082
3747 38 25669 1 26038
3748 42 73079 2 73715
3749 72 16326 3 16836
3750 53 18951 5 19549
3751 38 47383 1 48445
3752 38 35389 4 35793
3753 32 65595 5 66312
3754 8 50401 1 50520
3755 40 24089 1 24655
3756 85 14551 1 15296
3757 67 44015 1 44157
3758 78 65874 3 66003
3759 77 52326 3 52905
3760 59 49313 1 49807
3761 61 19653 1 19750
3762 38 62737 1 63556
3763 96 7932 1 8400
3764 37 1332 3 1434
3765 89 15024 3 15284
3766 95 38026 1 38404
3767 77 14603 1 16203
3768 77 1894 1 2249
3769 96 64821 2 64894
3770 15 21442 1 21791
3771 33 24429 2 25115
3772 67 62627 4 62737
3773 77 12200 1 13002
3774 32 67190 2 67229
3775 47 70776 1 71618
3776 37 19386 1 19537
3777 4 62627 1 62985
3778 55 68609 3 69221
3779 49 28808 1 29334
3780 4 58248 3 58588
3781 72 47679 2 47946
3782 47 64086 1 64444
3783 58 29003 4 29133
3784 42 709 1 1144
3785 73 47578 4 48023
3786 72 45498 2 46381
3787 4 33731 2 34223
3788 72 57255 1 58930
3789 61 5170 6 5288
3790 61 32627 1 33635
3791 32 61421 1 61701
3792 89 55594 1 56082
3793 8 51161 1 51262
3794 47 39687 3 39715
3795 61 37017 5 37231
3796 62 28685 3 29016
3797 47 55594 1 55815
3798 47 49454 3 49855
3799 70 31523 3 32175
3800 89 73837 1 74116
3801 42 39453 1 40134
3802 63 47914 2 48165
3803 47 19653 1 19703
3804 19 13927 2 14257
3805 28 59711 3 59793
3806 33 67726 1 68321
3807 30 49454 3 49485
3808 90 61421 1 61897
3809 61 30762 4 30957
3810 96 74048 3 74221
3811 94 15024 1 15109
3812 7 44647 4 44736
3813 14 32627 1 32899
3814 37 35389 6 35916
3815 57 31747 1 31990
3816 90 47565 6 48144
3817 40 44015 3 44938
3818 21 7664 4 7720
3819 90 38222 7 38705
3820 32 67190 2 67597
3821 58 76460 4 76822
3822 96 38132 2 38275
3823 38 2249 1 2599
3824 94 12705 1 13053
3825 58 49454 3 50199
3826 87 30957 1 31675
3827 72 54495 3 55044
3828 70 25669 1 26148
3829 60 59711 1 60301
3830 58 45498 1 45732
3831 43 64772 4 65172
3832 30 47379 1 47984
3833 38 13557 1 13705
3834 18 32044 1 32233
3835 72 28090 1 28428
3836 3 12705 1 12855
3837 54 8400 1 8567
3838 65 709 4 864
3839 51 16326 3 16552
3840 8 24589 1 25579
3841 37 709 3 1109
3842 38 10734 1 11368
3843 21 19386 3 19603
3844 54 40968 4 41358
3845 33 709 2 1208
3846 21 39453 3 39496
3847 40 68609 1 70055
3848 28 69729 1 70285
3849 24 61421 1 61933
3850 67 58248 3 58521
3851 72 20473 2 20865
3852 58 7575 6 7895
3853 16 7255 4 7283
3854 72 1894 1 2480
3855 21 7720 2 7805
3856 49 11461 1 11831
3857 77 21971 1 22284
3858 40 55292 1 55656
3859 62 64001 2 64296
3860 19 58040 6 58395
3861 39 8796 1 9213
3862 68 70776 2 71015
3863 47 40767 2 40791
3864 49 51262 1 51799
3865 30 10254 2 10633
3866 33 41476 2 42015
3867 34 19844 1 20493
3868 89 43872 1 44086
3869 58 39453 3 40120
3870 8 65874 2 66095
3871 21 49242 1 49313
3872 67 65595 4 66277
3873 61 37305 2 37777
3874 40 43229 1 43522
3875 55 1998 2 2621
3876 30 46957 2 47062
3877 77 48230 1 48958
3878 42 34891 1 35043
3879 54 6514 3 6703
3880 61 65595 1 66308
3881 36 49012 4 49061
3882 61 70776 1 71095
3883 58 7255 5 7378
3884 21 16326 2 16490
3885 5 50535 3 50686
3886 84 10254 1 10779
3887 58 46872 1 47646
3888 42 56410 5 56682
3889 39 38222 2 38391
3890 47 57580 4 57929
3891 33 54495 2 54651
3892 75 37017 1 37716
3893 37 9501 2 10187
3894 40 56521 2 57048
3895 21 66008 1 66528
3896 61 67495 1 67651
3897 40 32627 1 32973
3898 65 35638 3 36054
3899 21 61188 5 61489
3900 20 41476 1 42133
3901 38 52905 1 53100
3902 58 35389 1 36523
3903 37 15137 1 15851
3904 55 57458 4 58121
3905 30 65595 2 66130
3906 78 13557 2 14042
3907 61 39453 1 40099
3908 40 44396 2 45103
3909 17 0 2 663
3910 43 15024 4 15773
3911 28 24089 1 24308
3912 77 38132 1 38472
3913 61 33731 2 33865
3914 40 69729 3 70007
3915 80 21157 6 21366
3916 61 21157 3 21355
3917 80 51521 3 52211
3918 82 31523 4 31804
3919 87 16326 2 16750
3920 42 24431 2 24524
3921 53 68609 1 69142
3922 89 7720 2 7831
3923 96 71058 3 71798
3924 8 1386 1 1894
3925 80 37619 6 37888
3926 45 54495 1 54620
3927 78 49811 2 50146
3928 19 41476 5 41497
3929 58 51768 1 52341
3930 37 13927 5 14563
3931 57 5288 5 5550
3932 8 23756 1 24008
3933 21 13454 3 14027
3934 74 45936 1 46464
3935 21 9623 1 9826
3936 38 8474 1 8777
3937 21 54521 1 54585
3938 78 20676 1 21270
3939 78 709 2 1312
3940 77 55077 2 55680
3941 8 32044 1 32278
3942 62 18878 3 19506
3943 8 42006 1 42643
3944 21 20676 1 22899
3945 25 48572 7 49036
3946 74 49313 1 49884
3947 38 33731 1 33970
3948 1 24927 2 25394
3949 43 11906 1 12142
3950 72 30957 2 31563
3951 65 1575 4 2088
3952 30 27035 1 27507
3953 55 42006 1 42233
3954 54 57366 5 57520
3955 96 58248 2 58269
3956 42 6657 6 7148
3957 77 11712 1 12411
3958 4 56030 4 56628
3959 87 37017 2 37241
3960 47 903 2 1054
3961 37 47565 1 47623
3962 52 70776 3 71488
3963 42 61984 1 64002
3964 24 8796 1 9157
3965 78 49454 1 49959
3966 79 15268 3 15887
3967 77 25669 1 29204
3968 40 15024 3 15609
3969 16 32648 3 32763
3970 61 72131 2 72939
3971 24 46284 1 46860
3972 55 35389 3 35836
3973 15 9966 4 10050
3974 8 10312 1 11039
3975 43 42297 1 43044
3976 81 53293 1 53491
3977 96 54495 1 54641
3978 23 22665 3 23279
3979 90 11712 4 12272
3980 77 16689 2 17390
3981 40 58040 3 58463
3982 96 22822 1 23159
3983 72 7148 1 8620
3984 97 24429 5 25094
3985 78 69633 2 69922
3986 19 70776 2 71242
3987 95 41240 6 41957
3988 33 64837 3 65228
3989 30 31523 1 31710
3990 96 76460 2 76831
3991 30 20936 5 21277
3992 77 49525 1 50182
3993 67 20619 1 20746
3994 89 28685 1 29295
3995 96 27822 2 27939
3996 67 52587 4 53093
3997 61 69380 3 69633
3998 37 7456 7 8069
3999 1 38529 1 38968
4000 80 56558 5 56996
4001 42 20676 2 21538
4002 19 69633 6 69967
4003 33 32627 2 33269
4004 8 1894 1 3318
4005 8 19188 4 19386
4006 54 51262 6 51808
4007 72 7932 1 8538
4008 4 14551 1 14905
4009 61 14984 5 15094
4010 43 30957 4 31225
4011 39 53472 1 55396
4012 47 22120 2 23288
4013 40 6053 1 6436
4014 37 70776 2 71046
4015 67 28090 3 28541
4016 38 23251 3 24002
4017 57 70012 1 70478
4018 10 49012 5 49681
4019 18 31523 6 32270
4020 4 10995 3 11486
4021 77 2249 2 2918
4022 81 70776 1 70982
4023 45 27984 2 28711
4024 3 20676 1 21247
4025 70 5288 1 5549
4026 1 13454 1 13806
4027 32 71058 3 71411
4028 1 46284 3 46864
4029 61 69143 1 69400
4030 55 76460 2 77019
4031 39 61188 4 61223
4032 4 65980 1 66366
4033 92 39453 1 39860
4034 55 24429 2 24927
4035 32 45936 2 46359
4036 72 33394 2 33475
4037 40 64894 3 65537
4038 54 11461 4 11903
4039 61 3147 6 3181
4040 61 8948 4 9073
4041 40 11712 1 12085
4042 96 37933 2 38018
4043 8 11461 3 11658
4044 42 7720 1 8094
4045 40 27984 1 28036
4046 96 2249 3 2446
4047 47 50932 2 51467
4048 30 709 2 804
4049 8 35389 1 35588
4050 45 44647 1 45397
4051 81 58456 1 59110
4052 5 40196 3 40373
4053 15 49454 4 50164
4054 40 72570 1 72965
4055 40 55594 1 57045
4056 42 27035 5 27431
4057 8 47565 2 47636
4058 85 58456 4 58956
4059 95 32172 3 32353
4060 56 31809 3 32415
4061 77 1346 2 1555
4062 40 13557 2 14374
4063 42 54495 1 54703
4064 23 35389 3 35717
4065 61 43018 2 43405
4066 80 13454 5 14071
4067 94 66308 2 66814
4068 19 16326 7 16620
4069 96 58040 5 58657
4070 39 63617 2 63955
4071 78 1717 3 2455
4072 32 51832 4 52223
4073 20 62448 1 62482
4074 88 12911 2 13065
4075 45 63301 1 63876
4076 89 23399 1 23566
4077 42 15137 2 15364
4078 94 20473 2 21077
4079 82 6514 2 6700
4080 42 15024 1 15080
4081 1 37619 2 38191
4082 61 48834 1 49411
4083 8 64001 1 64086
4084 88 49681 3 50330
4085 30 24759 4 24791
4086 58 61188 1 61367
4087 53 15024 1 15050
4088 79 60017 2 60525
4089 33 7574 1 7814
4090 15 7720 7 7850
4091 72 25956 1 26193
4092 43 68806 1 69133
4093 38 20676 1 21135
4094 96 8400 5 8916
4095 94 63617 2 64076
4096 82 12705 1 13331
4097 73 66008 1 66579
4098 73 68806 1 69465
4099 21 51768 2 52278
4100 95 25669 5 26069
4101 70 71476 6 71837
4102 47 47679 2 48371
4103 61 27035 1 27708
4104 61 40130 3 40382
4105 67 22665 2 22928
4106 61 35638 1 36188
4107 21 8474 1 8707
4108 72 46957 3 47378
4109 42 40130 2 40536
4110 61 21971 1 22316
4111 47 59711 1 60643
4112 15 38222 1 38796
4113 45 61367 5 61694
4114 54 54495 2 55075
4115 53 73079 5 73175
4116 72 69729 2 70136
4117 8 14984 2 15536
4118 47 57008 1 57531
4119 39 35389 1 35896
4120 72 29088 2 29667
4121 82 76460 2 76692
4122 42 30957 4 31302
4123 34 16326 1 16766
4124 47 5288 1 5849
4125 8 50535 2 50955
4126 61 9118 2 9593
4127 40 41476 1 42075
4128 38 69730 2 70742
4129 42 29276 3 29711
4130 67 69167 4 69332
4131 53 51262 2 51933
4132 61 20473 1 20758
4133 21 26778 1 27695
4134 62 40968 8 41590
4135 3 709 1 1305
4136 85 72239 4 72260
4137 94 7076 2 7658
4138 83 8796 2 9035
4139 47 14303 3 14371
4140 18 48230 1 48627
4141 47 49313 2 49405
4142 39 31523 1 32080
4143 28 64894 1 65066
4144 67 61421 2 61881
4145 95 20758 7 20960
4146 62 11712 4 11843
4147 45 67854 5 67968
4148 83 68609 1 69037
4149 38 37933 1 38083
4150 61 19188 1 19234
4151 16 38222 3 38852
4152 42 45093 5 45557
4153 83 61421 1 62007
4154 61 71095 5 71160
4155 83 61461 1 61683
4156 37 67854 2 68010
4157 23 70776 4 70917
4158 32 47379 2 47923
4159 87 14551 1 15188
4160 77 28685 2 29177
4161 87 18878 2 18931
4162 30 31987 1 32495
4163 4 59711 5 60043
4164 72 67854 1 68057
4165 11 11461 2 12209
4166 15 43229 2 43536
4167 72 2491 2 3218
4168 30 64406 3 65247
4169 8 45177 3 45606
4170 61 42297 1 43005
4171 35 5170 1 5408
4172 45 47565 4 47619
4173 39 51262 3 51604
4174 58 709 6 1185
4175 21 39758 1 40570
4176 47 23251 1 23399
4177 58 45913 1 46057
4178 82 11532 1 12169
4179 13 15137 4 15252
4180 13 68609 4 68747
4181 88 18878 5 19060
4182 61 16326 1 16388
4183 28 24589 3 25206
4184 89 54495 1 54848
4185 52 38132 4 38647
4186 68 22665 1 23033
4187 21 15137 1 15547
4188 63 20758 2 21240
4189 54 25669 2 26212
4190 62 13454 1 13817
4191 77 43229 2 43460
4192 60 38132 2 38798
4193 13 31987 3 32465
4194 21 33796 2 33876
4195 77 69633 1 70012
4196 63 1419 2 1546
4197 21 11906 2 12542
4198 62 6758 4 7351
4199 8 73519 1 75948
4200 3 44015 1 44645
4201 58 49313 1 49518
4202 78 45936 2 46148
4203 77 27984 2 28071
4204 42 10254 3 10802
4205 37 42297 7 42738
4206 34 23597 4 24336
4207 32 13557 2 13862
4208 38 39453 2 39543
4209 8 40968 1 41178
4210 15 64406 1 65145
 调度评估结果
1. 任务等待评估 (Σ 等待×权重): 1286789855
2. 任务完成评估 (最大完成时间): 77165
3. GPU显存空闲评估 (平均空闲): 19624.73 GB/时间片
 额外统计
已调度任务               : 4210/4210
平均等待时间            : 30253.81
各服务器任务分布      : 服务器1=50, 服务器2=1, 服务器3=33, 服务器4=66, 服务器5=22, 服务器7=7, 服务器8=195, 服务器9=20, 服务器10=3, 服务器11=15, 服务器12=9, 服务器13=44, 服务器14=11, 服务器15=38, 服务器16=26, 服务器17=23, 服务器18=22, 服务器19=29, 服务器20=30, 服务器21=189, 服务器22=2, 服务器23=21, 服务器24=34, 服务器25=7, 服务器27=4, 服务器28=57, 服务器29=1, 服务器30=113, 服务器31=14, 服务器32=82, 服务器33=48, 服务器34=25, 服务器35=16, 服务器36=17, 服务器37=48, 服务器38=158, 服务器39=79, 服务器40=151, 服务器41=12, 服务器42=125, 服务器43=55, 服务器44=15, 服务器45=80, 服务器47=161, 服务器49=17, 服务器50=5, 服务器51=12, 服务器52=72, 服务器53=53, 服务器54=84, 服务器55=54, 服务器56=3, 服务器57=21, 服务器58=151, 服务器59=8, 服务器60=19, 服务器61=287, 服务器62=48, 服务器63=30, 服务器64=7, 服务器65=27, 服务器66=7, 服务器67=54, 服务器68=50, 服务器69=3, 服务器70=14, 服务器71=9, 服务器72=213, 服务器73=37, 服务器74=9, 服务器75=7, 服务器76=12, 服务器77=132, 服务器78=50, 服务器79=8, 服务器80=57, 服务器81=14, 服务器82=48, 服务器83=21, 服务器84=1, 服务器85=16, 服务器86=1, 服务器87=28, 服务器88=55, 服务器89=30, 服务器90=27, 服务器91=4, 服务器92=14, 服务器93=10, 服务器94=24, 服务器95=54, 服务器96=137, 服务器97=8
