1 2 2214 1 2267
2 2 2162 1 2456
3 2 1842 1 1859
4 2 949 1 1055
5 2 251 1 255
6 2 1983 1 2214
7 1 2209 2 2375
8 1 2162 2 2267
9 2 1053 1 1193
10 2 1308 2 1502
11 1 267 1 465
12 2 1191 1 1347
13 2 2387 2 2520
14 1 2024 1 2209
15 2 128 1 388
16 2 2000 1 2162
17 1 2433 1 2704
18 2 209 1 313
19 1 2034 1 2223
20 2 663 2 703
21 2 929 1 1021
22 2 1385 1 1406
23 2 653 1 690
 调度评估结果
1. 任务等待评估 (Σ 等待×权重): 2622
2. 任务完成评估 (最大完成时间): 2704
3. GPU显存空闲评估 (平均空闲): 498.03 GB/时间片
 额外统计
已调度任务               : 23/23
平均等待时间            : 14.65
各服务器任务分布      : 服务器1=6, 服务器2=17
