1 3 12 1 67
2 3 6154 4 6348
3 14 14319 2 15605
4 7 2504 2 2608
5 11 9477 1 9907
6 2 3033 1 3571
7 15 2441 4 2654
8 9 15884 1 16332
9 3 2870 2 3250
10 5 11938 4 12233
11 16 12555 1 12818
12 2 12555 3 12989
13 14 1000 1 1428
14 6 1331 2 1472
15 14 2441 2 2723
16 4 6560 3 6711
17 6 1273 3 1323
18 16 8305 1 8935
19 14 6154 1 7217
20 3 3490 1 3638
21 16 4204 3 4417
22 5 1273 2 1331
23 5 2441 4 2856
24 8 2504 3 2610
25 1 5541 1 5783
26 16 2441 1 2647
27 14 8314 1 9477
28 14 2967 5 3231
29 3 12555 1 12721
30 6 7448 2 7526
31 6 7526 1 8128
32 3 1348 2 1976
33 12 9603 3 10210
34 12 7586 4 7802
35 9 4225 1 4840
36 6 15859 3 16018
37 17 2647 4 3229
38 3 9477 1 9603
39 17 6560 6 6957
40 14 3036 1 3490
41 11 12555 3 12875
42 10 2504 3 2616
43 2 2441 2 2513
44 14 33 1 1000
45 7 12555 1 12574
46 16 9477 1 9698
47 8 6154 1 6517
48 14 9477 1 10551
49 16 7919 3 8305
50 16 16523 3 17136
51 14 5541 1 5652
52 7 3490 2 3811
53 3 7695 1 8159
54 15 2441 2 3058
55 6 4140 2 4579
56 7 9477 1 9734
57 12 5541 6 6073
58 11 1000 3 1592
59 5 9477 1 9622
60 5 14319 2 14478
61 7 1000 1 1418
62 6 9477 1 9817
63 9 1428 4 1504
64 6 11434 1 11448
65 3 4757 1 5084
66 8 9603 1 9679
67 2 3693 3 3733
68 16 2647 1 3976
69 2 9477 1 9526
70 8 7919 1 8361
71 6 9603 1 10114
72 14 1914 3 2326
73 16 1348 2 2023
74 4 14319 2 14417
75 5 3638 4 4245
76 5 2441 4 2601
77 7 14319 1 14950
78 3 4073 2 4656
79 7 7448 1 7635
80 6 6913 1 7424
81 3 11938 7 12451
82 2 3839 1 4346
83 9 6560 4 6637
84 14 3827 1 4213
85 3 10551 1 10766
86 14 11717 1 12555
87 12 11434 3 11517
88 11 16523 1 16557
89 6 6560 2 6571
90 2 16523 2 17025
91 7 6560 1 6706
92 12 2441 3 2678
93 9 9603 5 9787
94 8 6154 4 6441
95 12 16110 2 16189
96 8 7586 3 7644
97 7 7815 1 8406
98 1 7586 2 8236
99 8 6560 6 6584
100 7 11717 1 11914
101 9 2647 1 2857
102 11 2441 1 3074
103 17 1914 2 2026
104 2 1273 1 2119
105 4 143 1 310
106 16 14319 2 14373
107 16 1000 2 1273
108 14 12555 1 13743
109 5 5541 2 6154
110 2 4757 3 5109
111 5 1331 2 1815
112 8 2647 2 2752
113 10 11717 5 12085
114 11 3638 2 4218
115 1 11434 1 11823
116 3 11434 1 11938
117 12 6560 2 6621
118 14 4757 1 5541
119 16 6913 3 7448
120 4 5652 1 6140
121 14 15859 6 15884
122 6 5541 3 5730
123 6 14319 3 14814
124 16 3490 5 3904
125 12 2830 5 3200
126 1 1609 1 1800
127 7 10551 1 11008
128 11 6154 3 6168
129 1 14319 2 14653
130 14 11434 1 11717
131 11 3893 1 4364
132 17 1428 3 2001
133 3 3638 2 4016
134 14 7814 2 8314
135 14 4161 2 4757
136 14 13864 3 14319
137 12 15605 1 15993
138 5 10551 1 10736
139 16 4757 2 5004
140 16 10551 1 10695
141 5 13743 2 14227
142 16 6106 1 6560
143 9 3660 5 3992
144 2 14319 1 14600
145 15 7586 1 8119
146 12 11717 5 11923
147 5 1000 1 1238
148 5 6154 1 6811
149 17 11434 6 11617
150 4 16523 4 16780
151 11 11717 1 12175
152 11 15859 3 15937
153 3 2504 2 2762
154 12 16523 3 16633
155 4 2441 4 2901
156 4 7448 1 7676
157 14 15884 1 17183
158 11 5541 1 6022
159 12 1914 6 2100
160 16 11434 1 11710
161 6 16110 2 16728
162 4 9477 2 10028
163 8 1000 5 1638
164 8 11717 1 12314
165 3 8159 1 8816
166 12 1273 1 1677
167 5 11434 1 11929
168 4 11717 2 12166
169 2 6560 1 6940
170 9 7586 1 7767
171 3 9603 1 9810
172 3 16372 1 17338
173 3 16110 1 16372
174 16 7448 1 7919
175 12 9477 1 9560
176 2 7814 3 8140
177 9 2504 4 2702
178 11 7448 3 7972
179 3 6348 2 7576
180 5 15605 5 16129
181 2 10551 1 10643
182 7 3852 1 4310
183 6 7526 3 7718
184 11 1914 1 2194
185 2 1000 2 1182
186 16 1273 2 2374
187 3 2441 1 2504
188 7 78 1 285
189 14 7586 1 7814
190 12 15605 5 16129
191 13 5541 3 5885
192 8 2752 5 3043
193 3 5541 2 5691
194 14 3831 1 3899
195 16 6560 2 6913
196 14 3490 1 3827
197 16 15859 1 16523
198 16 5541 2 6106
199 15 1331 2 1766
200 5 16523 2 16637
201 14 5652 2 5810
202 2 5541 1 6132
203 14 1914 7 2441
204 16 11710 1 11942
205 16 46 1 571
206 4 1348 1 1808
207 14 11717 1 12267
208 14 7448 2 7586
209 2 15605 3 15957
210 3 1000 3 1348
211 10 1000 3 1586
212 14 7919 1 8567
213 7 5541 2 5802
214 12 12555 2 13118
215 1 1348 2 1361
216 3 15605 1 16110
217 4 15859 1 16211
218 8 2504 2 2718
219 14 1428 1 1914
220 6 5652 1 5769
221 5 7448 6 8046
222 14 10551 2 11434
223 6 2647 1 2680
224 3 14319 1 14482
225 14 15605 1 15859
226 14 13743 1 13864
227 10 3688 5 3717
228 11 6560 3 6630
229 8 15884 2 16318
230 9 15859 3 16161
231 2 6154 1 6561
232 2 7448 1 7676
233 2 11717 2 12202
 调度评估结果
1. 任务等待评估 (Σ 等待×权重): 2775582
2. 任务完成评估 (最大完成时间): 17338
3. GPU显存空闲评估 (平均空闲): 4166.03 GB/时间片
 额外统计
已调度任务               : 233/233
平均等待时间            : 1237.76
各服务器任务分布      : 服务器1=6, 服务器2=19, 服务器3=25, 服务器4=11, 服务器5=17, 服务器6=17, 服务器7=14, 服务器8=13, 服务器9=10, 服务器10=4, 服务器11=14, 服务器12=16, 服务器13=1, 服务器14=33, 服务器15=4, 服务器16=24, 服务器17=5
