1 1 217 1 414
2 9 6988 1 7286
3 9 4122 2 4671
4 9 5817 1 5855
5 7 4993 3 5497
6 4 5100 1 5133
7 2 1379 1 1640
8 1 8563 2 9027
9 9 5100 1 5599
10 9 9831 3 10155
11 4 11804 1 12012
12 1 2188 2 2530
13 10 4122 2 4498
14 9 2575 1 2588
15 2 10211 4 10554
16 4 2905 8 3045
17 9 4122 1 4458
18 1 8203 2 8539
19 9 1379 1 1845
20 2 7763 2 7934
21 9 4871 2 4923
22 3 172 2 488
23 1 3778 3 4319
24 11 898 2 946
25 1 8412 1 8433
26 4 5599 2 5924
27 9 4122 1 4871
28 2 11804 1 11868
29 2 200 5 479
30 5 10062 5 10444
31 9 958 2 1379
32 5 9789 4 9989
33 9 4993 2 5554
34 4 8735 1 9080
35 2 2117 1 2397
36 4 407 1 471
37 2 811 1 1107
38 2 6945 1 7671
39 5 2026 1 2213
40 9 505 5 702
41 1 508 1 698
42 2 5599 2 6054
43 2 3778 2 4327
44 2 336 1 479
45 9 1379 1 1896
46 9 9258 1 9590
47 4 8265 2 8611
48 5 10496 2 10860
49 1 405 1 832
50 4 9271 2 9617
51 4 4122 1 4598
52 4 538 4 1018
53 12 7486 1 7540
54 9 3778 5 4122
55 2 8202 5 8705
56 7 368 2 622
57 12 9630 6 10063
58 9 4871 1 5100
59 1 4871 2 5304
60 12 5599 7 5685
61 9 357 5 505
62 9 10398 1 10847
63 12 8183 1 8236
64 9 10966 1 11274
65 4 6491 1 6843
66 5 6748 3 6904
67 9 2478 1 3527
68 12 10927 1 11208
69 1 4122 1 4642
70 2 9977 5 10077
71 1 11804 3 12040
72 12 11833 1 12258
73 9 11804 2 12032
74 9 5855 3 6097
75 9 10821 2 11347
76 5 2314 1 2740
77 9 5855 2 6088
78 3 11804 2 11885
79 2 9338 1 9492
80 9 8336 5 8616
81 4 9683 4 10029
82 12 4122 1 4657
83 2 2440 1 2542
84 11 10556 1 10746
85 10 4993 1 5418
86 9 239 2 332
87 1 6187 2 6296
88 1 9093 1 9409
89 2 9866 1 9901
90 1 5817 2 6022
91 9 9833 1 9961
92 9 5599 2 5817
93 9 11274 2 11804
94 1 1525 3 1671
95 1 6753 2 6822
96 10 11804 4 12066
97 4 2596 2 3133
98 7 4871 3 4993
99 7 7708 1 8006
100 1 2010 2 2154
101 12 1800 2 2262
102 2 942 4 1284
103 6 4871 2 5174
104 12 7192 1 7457
105 7 9856 2 10384
106 3 7043 1 7509
107 1 8021 1 8098
108 9 7630 1 8124
109 9 3346 1 3778
110 7 8571 2 8852
111 2 6103 2 6322
112 11 4871 2 5045
113 10 2095 1 2252
114 4 4871 1 5041
115 2 4871 2 5415
116 11 7269 1 7408
117 9 6224 1 6540
 调度评估结果
1. 任务等待评估 (Σ 等待×权重): 111120
2. 任务完成评估 (最大完成时间): 12258
3. GPU显存空闲评估 (平均空闲): 2735.69 GB/时间片
 额外统计
已调度任务               : 117/117
平均等待时间            : 166.80
各服务器任务分布      : 服务器1=18, 服务器2=19, 服务器3=3, 服务器4=14, 服务器5=6, 服务器6=1, 服务器7=6, 服务器9=33, 服务器10=4, 服务器11=4, 服务器12=9
