1 22 20485 3 20921
2 1 9563 4 9977
3 92 3110 1 3343
4 30 2467 3 2832
5 22 598 4 809
6 85 9743 1 10255
7 30 23828 2 23851
8 43 1470 1 1943
9 45 11327 1 11433
10 21 16972 3 17334
11 58 12219 4 12720
12 40 451 3 531
13 30 10580 2 10834
14 31 1331 2 1682
15 52 4150 3 4513
16 91 15316 4 15429
17 33 21340 3 21616
18 71 15398 2 15644
19 34 6970 1 6978
20 27 25669 1 26103
21 38 13936 1 14455
22 50 7268 1 7580
23 36 5431 2 5849
24 39 10242 1 10746
25 49 11327 3 11698
26 16 11718 2 12267
27 44 1102 1 1470
28 30 3806 4 3877
29 89 18202 2 18642
30 63 8738 1 9044
31 86 1650 2 1744
32 52 4672 2 4790
33 27 9743 1 10262
34 91 8661 3 8751
35 25 24237 3 24724
36 24 14047 1 14406
37 44 8491 1 8738
38 35 1962 1 1987
39 46 849 2 1297
40 27 22207 1 22527
41 24 9106 2 9224
42 57 10242 4 10760
43 46 20383 2 20747
44 28 8564 1 8797
45 28 12219 1 12271
46 58 10580 1 10641
47 92 15631 1 15649
48 9 8512 1 8857
49 46 1297 1 1750
50 66 4366 2 4671
51 57 16129 2 16602
52 21 7508 2 8043
53 16 1860 1 1952
54 60 6463 1 6902
55 52 18174 1 18484
56 39 19065 1 19442
57 68 20432 2 20570
58 71 22889 1 23340
59 52 6450 1 6674
60 90 20494 1 20946
61 56 5966 1 6111
62 57 598 1 665
63 52 4800 2 5424
64 9 1102 6 1643
65 15 949 4 1399
66 56 23778 1 23989
67 8 4366 1 4932
68 66 24879 1 25298
69 24 22938 3 23169
70 25 24879 1 25357
71 91 19065 1 19234
72 93 12219 2 12296
73 24 17780 1 17924
74 44 1470 4 1944
75 91 9743 1 9873
76 81 22236 1 22605
77 36 9165 1 9241
78 82 5683 1 6155
79 52 22286 1 22951
80 64 19315 2 19753
81 22 24722 4 24972
82 5 22207 1 22644
83 83 7686 2 8207
84 34 15316 1 15662
85 28 10093 2 10505
86 71 24172 3 24447
87 46 21068 1 22091
88 28 24974 1 25417
89 3 15803 2 16088
90 33 10628 3 11032
91 29 19315 1 19383
92 60 8738 2 9575
93 82 4778 2 5157
94 57 12530 1 12649
95 24 13010 2 13128
96 11 18555 1 18747
97 25 15316 5 15791
98 39 4103 1 4292
99 30 24759 2 24974
100 9 5472 4 5970
101 73 13060 1 13132
102 9 79 1 149
103 84 1470 1 1998
104 52 25582 1 26044
105 14 11327 2 11848
106 44 11327 1 11377
107 70 20494 1 20505
108 47 25764 3 25913
109 81 22489 1 22544
110 7 14814 2 15318
111 52 22207 1 22637
112 7 2754 2 3198
113 29 8802 1 9160
114 35 18202 1 18428
115 10 16691 1 17237
116 52 13927 1 14402
117 34 648 1 945
118 21 8177 3 8195
119 89 19143 3 19565
120 1 10794 3 11133
121 36 19473 5 19743
122 35 3813 1 3919
123 79 16454 3 16655
124 65 10628 1 11163
125 23 1650 4 1877
126 25 3062 5 3317
127 23 19040 1 19232
128 6 14835 6 15109
129 58 2466 1 2722
130 89 7268 2 7299
131 22 18966 1 19525
132 52 2003 1 2466
133 52 3032 1 3364
134 93 14814 1 14847
135 11 76 1 82
136 80 1135 4 1587
137 52 20455 1 21094
138 56 20679 4 21135
139 52 16691 1 16834
140 24 5928 1 6182
141 36 5126 1 5232
142 91 24905 2 24970
143 28 4672 1 4903
144 7 24759 4 24781
145 46 25669 1 26050
146 14 1156 1 1719
147 9 25356 4 25885
148 19 22938 3 23480
149 28 11874 1 11965
150 39 25356 3 25660
151 14 18083 1 18215
152 11 4932 2 5084
153 75 849 1 1110
154 24 14618 2 15032
155 4 13544 4 14086
156 32 614 1 925
157 24 15032 2 15124
158 13 1297 1 1659
159 87 15580 2 15843
160 46 24494 4 24930
161 46 21481 1 21832
162 34 25764 1 26083
163 24 15753 2 16189
164 60 15398 1 16730
165 77 7268 2 7290
166 81 21057 2 21071
167 80 22938 2 23389
168 1 7943 1 8016
169 21 21482 3 21619
170 14 21486 1 21875
171 16 2467 1 2994
172 86 18406 1 18413
173 43 20888 1 21105
174 14 9186 1 9428
175 93 6182 2 6485
176 43 11874 3 12099
177 77 22889 3 23428
178 34 16129 3 16557
179 64 8177 1 8435
180 50 21218 1 21299
181 9 17 7 46
182 46 7635 2 7874
183 29 274 2 754
184 60 17744 1 18140
185 30 22938 3 23459
186 7 19233 2 19267
187 50 13060 1 13668
188 15 20888 4 21360
189 93 11005 1 11365
190 21 4366 2 4627
191 3 22889 2 22969
192 42 3823 3 3893
193 24 10015 2 10058
194 52 15631 3 16129
195 44 4366 1 4616
196 64 169 1 425
197 14 9165 2 9378
198 39 1470 1 1775
199 27 9418 1 9896
200 30 5587 3 5694
201 32 22265 1 22597
202 22 24759 1 25168
203 30 21389 1 21843
204 64 25653 2 25898
205 93 14047 2 14257
206 89 22207 7 22424
207 23 14858 1 15787
208 27 11986 2 12530
209 52 25764 1 26283
210 46 18446 1 18543
211 46 12779 2 13075
212 61 949 1 1458
213 33 17957 2 18196
214 33 6850 1 7019
215 82 3062 1 3521
216 23 22207 1 22609
217 52 23972 1 24361
218 82 7350 2 7638
219 61 4424 1 4837
220 28 14740 1 15102
221 1 15796 1 16056
222 67 16935 3 16988
223 57 11561 1 11802
224 7 10242 2 10778
225 9 22236 2 22623
226 9 2466 1 3001
227 27 8722 1 9023
228 24 12431 1 12709
229 27 17486 1 18083
230 14 18069 1 18763
231 28 20611 1 21151
232 87 4672 4 4946
233 22 13588 2 13832
234 50 20024 5 20079
235 77 17471 1 17708
236 77 16129 1 16386
237 23 7129 3 7648
238 3 24496 3 24801
239 52 3911 1 5363
240 14 9418 1 9483
241 5 578 1 918
242 23 12452 1 12643
243 44 21981 3 22267
244 50 21981 1 22512
245 2 12305 1 12592
246 39 16129 4 16468
247 7 21981 2 22053
248 23 4198 2 4215
249 25 21068 2 21376
250 28 16639 1 17131
251 24 11848 1 11973
252 68 679 3 730
253 91 18291 2 18369
254 92 3110 1 3347
255 66 22035 1 22066
256 60 3062 1 3198
257 28 13927 1 14433
258 87 11327 1 11736
259 50 17622 1 17841
260 30 22489 1 22876
261 24 13615 1 13945
262 22 1041 1 1092
263 82 19716 1 20055
264 14 12845 1 13172
265 66 21981 2 21999
266 30 25582 2 25656
267 44 22236 1 22330
268 46 13927 1 14026
269 23 25356 1 25959
270 49 451 1 661
271 34 10093 1 10279
272 29 10628 1 10650
273 24 18174 2 18333
274 91 24905 2 25135
275 43 25356 4 25862
276 50 14899 1 15148
277 58 7648 2 7863
278 25 20679 1 20724
279 46 10996 1 11301
280 87 6734 2 7013
281 16 24172 1 24544
282 5 18318 1 18665
283 56 22835 5 23161
284 56 8177 5 8689
285 86 4198 1 4336
286 71 5928 1 6318
287 58 3882 7 4114
288 90 20579 1 21027
289 46 105 3 648
290 37 14814 3 14926
291 80 11666 1 12200
292 60 10919 2 11137
293 4 5598 1 6115
294 93 10628 2 10993
295 50 25356 1 25811
296 56 5683 2 6107
297 46 111 4 392
298 64 13075 5 13500
299 16 21981 1 22322
300 36 22938 1 23463
301 71 598 2 748
302 4 11484 5 11729
303 46 9106 8 9203
304 28 2716 2 3248
305 34 9120 2 9202
306 3 11666 2 11803
307 39 12407 1 12515
308 21 4932 3 5005
309 45 3734 2 4142
310 52 451 2 849
311 7 24905 1 25089
312 25 21057 2 21501
313 21 23828 3 24026
314 12 7747 3 7957
315 78 23577 1 24025
316 92 15568 2 15819
317 24 21981 1 22121
318 23 6472 4 6655
319 46 25192 1 25399
320 7 21981 1 22175
321 34 6419 4 6859
322 53 8177 2 8724
323 27 10504 1 11143
324 35 23503 5 23801
325 4 5928 1 6284
326 30 19701 4 20075
327 34 11703 1 12955
328 67 15568 1 15825
329 44 15316 4 15568
330 24 17622 1 17745
331 84 18202 1 18393
332 61 6472 1 6986
333 22 21608 3 22099
334 46 17957 2 18053
335 52 21828 1 21981
336 58 8802 1 8958
337 31 253 1 690
338 31 26092 1 26457
339 28 18770 2 18779
340 46 7350 2 7635
341 23 10504 2 10580
342 22 9743 1 10001
343 85 13075 1 13174
344 34 1650 1 1855
345 1 17975 2 18155
346 22 21537 1 21608
347 28 19701 5 20228
348 34 9743 1 10031
349 30 12530 3 12937
350 52 7129 2 7428
351 28 25207 1 25536
352 50 10242 3 10443
353 28 21218 2 21537
354 84 21454 4 21837
355 91 20888 8 21376
356 14 17744 3 17834
357 27 14734 2 14768
358 14 7508 3 7557
359 81 3823 3 4345
360 16 22500 1 22792
361 86 16633 1 17183
362 85 114 2 334
363 19 12779 1 13166
364 13 11949 1 11957
365 47 8805 5 9021
366 79 9563 2 9954
367 93 16935 3 17003
368 35 22207 4 22540
369 19 13936 2 14428
370 31 9743 2 10109
371 44 13138 1 13771
372 46 4732 4 5126
373 60 3806 4 4348
374 30 25669 2 25896
375 23 2746 5 3093
376 50 6450 3 7053
377 60 20432 2 21166
378 61 451 1 770
379 30 17012 1 17214
380 23 61 1 537
381 27 9490 1 9624
382 30 1297 2 1310
383 21 1860 7 2306
384 56 6850 7 7237
385 8 3734 2 3823
386 61 23203 2 23705
387 31 19065 2 19444
388 24 17975 1 18067
389 14 9871 3 10024
390 27 6828 1 7268
391 50 17236 4 17742
392 34 11718 1 12845
393 26 25356 2 25713
394 55 23156 4 23383
395 46 12452 1 12779
396 77 19987 3 20081
397 46 20579 2 21068
398 64 9106 3 9621
399 11 1962 1 2499
400 28 13010 1 13400
401 68 14835 1 14888
402 81 22286 2 22395
403 44 9835 3 10242
404 81 25582 3 26125
405 27 19987 2 20328
406 82 24070 1 24547
407 77 25356 1 25607
408 45 80 2 630
409 61 21608 2 21846
410 52 8177 2 8345
411 28 9120 4 9656
412 80 3110 1 3172
413 50 23203 1 23309
414 85 18069 1 18359
415 57 6251 4 6649
416 40 11963 3 12472
417 45 10945 2 11121
418 93 12407 4 12695
419 46 531 3 1060
420 5 21754 1 22119
421 45 24602 1 25004
422 91 196 4 344
423 52 19701 2 20142
424 73 21400 1 21903
425 39 16633 1 17042
426 24 21057 1 21102
427 45 25653 2 26004
428 58 25356 1 25601
429 3 8661 1 8943
430 60 23953 1 23997
431 28 18663 1 18770
432 80 2794 2 2862
433 37 12219 2 12308
434 46 10919 3 10945
435 32 22207 2 22531
436 79 4800 2 4840
437 36 4366 2 4386
438 59 19987 3 20197
439 50 13075 1 13335
440 27 4062 1 4236
441 8 25192 2 25706
442 23 15563 1 16168
443 48 6472 1 6671
444 42 7268 1 7392
445 10 22286 3 22502
446 21 3032 1 3505
447 64 1297 1 2051
448 21 19315 5 19357
449 52 7943 1 8064
450 15 8738 1 9145
451 44 22489 2 22876
452 2 3573 1 3908
453 93 16129 4 16361
454 81 18555 1 18630
455 50 12219 1 12462
456 9 20494 4 20767
457 79 24172 3 24387
458 13 25356 1 25420
459 2 21218 4 21717
460 90 25192 1 25249
461 37 16129 1 16321
462 11 8805 5 8827
463 49 13927 2 14183
464 34 15351 1 15394
465 27 24237 1 24477
466 40 5928 1 6112
467 36 14047 2 14157
468 34 16691 1 17481
469 27 2654 1 3021
470 59 23310 3 23441
471 44 21057 2 21372
472 15 451 5 670
473 80 15803 3 15883
474 87 4217 1 4555
475 56 3110 1 3441
476 21 2467 3 2869
477 34 21400 1 22202
478 63 22660 1 22688
479 15 23069 3 23462
480 43 3573 1 3968
481 8 7768 2 8242
482 92 3681 1 3894
483 52 12309 1 12539
484 23 5126 1 6472
485 28 18966 1 19407
486 77 15580 3 16061
487 52 5431 2 5575
488 9 10996 4 11509
489 3 1753 1 2031
490 80 10242 1 10457
491 3 13060 4 13593
492 27 15124 1 15341
493 81 1135 1 1369
494 86 20679 1 20886
495 52 3364 1 3911
496 80 20432 5 20600
497 68 24163 1 24522
498 29 24974 1 25305
499 56 23969 2 24409
500 34 23953 1 24486
501 23 19471 1 20126
502 7 15568 1 15957
503 28 10242 5 10639
504 22 2754 2 2850
505 13 10628 8 10949
506 92 15316 2 15462
507 75 5126 1 5372
508 71 6859 1 7275
509 68 7268 3 7383
510 12 3032 1 3552
511 46 1750 5 1937
512 23 20328 4 20444
513 14 17394 4 17474
514 2 24070 7 24574
515 70 24958 2 25337
516 27 14488 1 15836
517 91 7114 3 7409
518 71 5683 1 6062
519 31 23069 1 23081
520 14 16557 2 17301
521 7 13927 3 14299
522 27 66 3 93
523 78 23778 1 24317
524 52 11703 3 11920
525 1 22889 2 22955
526 77 6450 1 6858
527 43 16129 4 16338
528 86 1750 1 2077
529 11 4424 6 4466
530 39 10504 1 10565
531 30 23577 5 23658
532 53 3062 2 3290
533 72 13936 1 14080
534 82 10919 1 11401
535 2 18543 6 18857
536 27 1907 1 2227
537 2 4103 1 4424
538 22 16935 1 18104
539 26 20453 1 20469
540 58 4869 7 5368
541 44 14488 2 14949
542 14 16129 1 16533
543 34 10745 2 11106
544 18 23778 3 24266
545 46 22889 1 23213
546 25 10 3 519
547 49 13391 2 13730
548 84 17975 1 18496
549 50 10996 1 12060
550 22 7268 5 7634
551 4 8668 5 8856
552 52 21481 1 21590
553 2 15316 4 15384
554 3 6850 2 7302
555 12 18174 2 18504
556 52 15568 1 15839
557 57 24358 3 24500
558 84 1297 2 1430
559 14 12219 1 12581
560 15 24237 4 24625
561 31 22889 1 22985
562 80 9120 5 9561
563 45 12530 1 12776
564 86 25764 1 26237
565 52 18196 2 18577
566 44 11666 1 11797
567 45 3573 2 3610
568 49 19701 3 20186
569 12 13075 4 13395
570 35 19315 2 19482
571 35 20713 7 21101
572 43 24070 4 24214
573 29 17012 2 17040
574 35 22889 5 23048
575 45 18966 1 19303
576 25 14867 1 15294
577 33 19716 4 20059
578 46 25959 1 26227
579 22 19541 1 19901
580 28 13936 1 14413
581 70 25653 1 25725
582 44 5399 2 5623
583 33 8802 1 9255
584 50 18318 3 18446
585 8 23203 3 23535
586 46 13927 2 14464
587 44 17012 1 17241
588 52 9354 1 9929
589 56 21068 1 21337
590 40 16691 2 16751
591 8 5598 2 6139
592 52 13927 2 14407
593 84 4366 2 4381
594 52 18663 2 19145
595 23 17622 1 17946
596 31 7268 2 7653
597 29 9743 1 9777
598 61 24722 1 25194
599 35 6450 4 6600
600 30 12407 1 12569
601 70 25356 1 25831
602 30 3806 1 3997
603 21 11897 4 12129
604 8 2466 3 2860
605 64 15316 1 15806
606 36 18543 3 18585
607 4 2604 1 3534
608 81 7686 1 8066
609 52 9743 1 9853
610 39 5005 1 5239
611 56 24958 1 25092
612 61 9106 1 9350
613 3 13716 1 14266
614 68 24958 2 25485
615 52 10015 1 10199
616 52 13716 1 14488
617 24 19541 2 19701
618 27 16935 1 17144
619 45 5950 2 6328
620 34 3110 3 3597
621 22 3208 1 3529
622 82 13225 1 13506
623 79 15316 2 15616
624 37 21057 2 21450
625 82 3911 3 4188
626 59 4672 2 4972
627 7 21340 3 21855
628 63 25669 2 26107
629 84 6472 4 6593
630 16 4869 3 5279
631 36 15383 1 15558
632 71 1470 2 1726
633 52 16454 2 16635
634 31 19987 1 20039
635 63 4800 2 5110
636 24 24358 1 24635
637 78 5431 1 5933
638 82 22889 2 23070
639 49 23778 1 24123
640 24 18069 1 18318
641 71 19258 2 19522
642 39 13544 1 13744
643 61 24172 1 24468
644 28 10665 1 10895
645 58 21754 3 21769
646 34 19143 1 20301
647 80 23778 3 24059
648 23 6655 1 7014
649 1 15316 1 15847
650 5 18202 1 18645
651 64 23969 1 24303
652 73 21400 5 21884
653 11 3032 1 3476
654 52 21981 1 22137
655 33 14488 2 14557
656 67 17012 3 17061
657 39 6251 3 6412
658 7 11561 3 11629
659 23 3110 1 3201
660 81 3110 1 3138
661 14 14920 1 15580
662 2 19170 1 19714
663 59 24070 1 24429
664 73 15124 4 15506
665 9 20888 6 20938
666 27 13245 2 13551
667 91 16129 4 16372
668 52 20453 1 20888
669 48 22207 2 22349
670 35 15316 3 15589
671 91 6182 1 6626
672 58 3208 3 3448
673 82 9563 1 9729
674 24 19987 2 20187
675 80 6850 6 7109
676 34 18557 2 18609
677 55 16691 2 17191
678 7 62 4 126
679 87 2688 7 3207
680 52 2654 2 2784
681 90 489 1 635
682 7 3032 2 3270
683 2 10093 1 10157
684 50 24722 1 24958
685 27 12653 3 12832
686 2 102 2 628
687 32 598 2 947
688 1 3813 4 4361
689 9 23546 3 23657
690 75 5587 1 5642
691 89 12219 5 12295
692 49 24172 2 24608
693 89 9203 1 9383
694 56 5005 5 5554
695 44 6251 1 6381
696 11 24905 2 25392
697 28 12309 1 13091
698 24 10628 1 10843
699 48 3208 1 3342
700 2 25582 1 25645
701 31 22889 1 23435
702 82 15316 3 15782
703 46 20987 2 21358
704 70 24958 1 25461
705 49 7129 2 7582
706 2 2570 1 2678
707 46 15568 7 15926
708 16 21489 3 21977
709 33 11163 2 11533
710 15 22500 1 22835
711 25 21537 5 21813
712 52 17957 1 18174
713 52 8512 1 8548
714 13 8177 8 8637
715 34 21754 1 22265
716 15 5587 1 5678
717 50 13441 1 13799
718 27 14488 1 14698
719 39 14488 2 14573
720 14 24477 5 24920
721 11 13245 1 13327
722 35 228 1 255
723 24 13945 1 14791
724 2 12779 1 13460
725 13 13060 3 13130
726 79 18291 1 18657
727 91 4206 1 4367
728 81 451 2 925
729 2 17957 1 18917
730 71 16691 1 16707
731 27 18966 1 19091
732 81 22609 1 23113
733 71 228 2 451
734 81 20453 3 20876
735 44 5683 4 6195
736 87 6004 1 6520
737 33 7686 4 8233
738 27 19987 2 20485
739 14 4366 3 4522
740 24 11484 2 11823
741 71 3110 1 3371
742 49 10242 1 10460
743 27 22382 1 23451
744 56 16153 5 16308
745 32 23203 4 23223
746 11 2746 1 3285
747 52 24405 1 24735
748 4 15563 1 15622
749 11 12779 4 13219
750 93 8564 4 9007
751 5 16454 8 16892
752 91 24172 2 24340
753 2 5587 2 6257
754 58 6850 2 7352
755 24 14047 1 14665
756 91 21981 1 22307
757 11 165 2 686
758 73 10093 2 10211
759 34 13010 2 13391
760 40 25029 3 25044
761 28 19143 3 19619
762 30 20432 3 20626
763 34 20679 6 20855
764 43 13138 4 13678
765 7 24958 2 25456
766 11 12530 6 12551
767 77 11327 2 11623
768 18 21981 1 22295
769 29 16454 1 16976
770 24 8802 1 8943
771 30 16454 2 16935
772 25 13441 2 13810
773 44 15568 1 15796
774 27 16633 2 17099
775 59 20888 1 21248
776 71 21357 1 21857
777 16 6096 3 6190
778 27 13716 4 13810
779 68 11703 2 11800
780 3 22207 3 22467
781 46 5018 1 5265
782 60 21754 1 22281
783 1 18446 1 18986
784 49 21454 1 21787
785 36 7686 1 8144
786 84 22035 4 22364
787 36 18915 1 19219
788 11 4103 1 4196
789 64 5399 7 5555
790 25 5437 1 5911
791 5 22396 1 22425
792 13 20328 2 20454
793 80 2654 6 2698
794 27 24477 2 24658
795 80 22609 1 23131
796 33 13441 3 13474
797 50 7686 3 7818
798 58 19987 6 20173
799 44 22382 2 22428
800 30 19143 5 19420
801 22 5472 1 5968
802 35 21231 5 21597
803 44 10504 2 10956
804 93 19701 2 20243
805 60 20170 2 20349
806 27 19701 1 20038
807 61 13301 1 13629
808 27 451 2 695
809 50 20888 5 21340
810 13 24905 5 25255
811 22 2466 3 2685
812 26 21340 2 21404
813 82 14734 3 15129
814 31 6450 1 6625
815 30 24638 2 24880
816 49 12845 2 13304
817 15 16691 6 17139
818 24 6450 1 6776
819 35 7635 1 8182
820 37 17957 3 18370
821 2 6450 1 7035
822 39 7129 4 7465
823 49 25029 7 25552
824 29 21489 1 21621
825 24 1650 2 1834
826 23 11848 1 12386
827 37 451 7 701
828 27 18202 1 18446
829 80 14047 6 14520
830 56 23310 1 23535
831 79 6096 3 6622
832 52 14488 5 14734
833 52 16129 2 16639
834 37 6472 2 6923
835 27 5587 2 5703
836 22 1102 1 1571
837 30 23203 1 23664
838 29 14089 1 14110
839 3 18642 1 18652
840 22 9271 1 9765
841 35 16129 1 16363
842 46 3208 2 3573
843 52 7508 2 7667
844 71 1041 3 1404
845 35 14618 1 14987
846 79 19987 3 20225
847 31 19541 1 19890
848 60 14618 3 15002
849 42 21828 3 22249
850 3 16454 1 16788
851 92 6850 1 6944
852 39 24070 2 24419
853 8 11163 1 12604
854 49 15316 1 15812
855 81 872 3 1254
856 60 15316 1 15398
857 46 2570 1 2762
858 83 15080 1 15086
859 27 10242 1 10680
860 84 1102 2 1245
861 27 25356 2 25495
862 66 21486 2 21551
863 60 11666 1 13664
864 49 8177 1 8353
865 22 1650 2 1962
866 91 12530 1 12934
867 9 16129 2 16366
868 22 4062 1 4087
869 49 8491 2 8899
870 24 4198 1 4617
871 34 6859 1 7277
872 52 7268 1 7520
873 12 24496 1 24677
874 33 15568 1 15684
875 93 5950 1 6491
876 40 13588 2 14037
877 34 2746 1 2920
878 66 13588 1 13958
879 87 16935 6 17118
880 10 4800 2 5091
881 73 15580 2 16102
882 16 13927 2 14315
883 11 11327 1 11457
884 29 18557 1 18599
885 87 11163 6 11411
886 22 10665 1 10911
887 68 2132 1 2519
888 22 13128 3 13259
889 24 257 3 797
890 80 13010 2 13347
891 34 18543 2 19064
892 81 4672 3 4951
893 24 25356 2 25467
894 57 11945 1 11961
895 28 9563 1 10093
896 60 1353 2 1800
897 8 1650 3 2012
898 87 20003 1 20360
899 2 23310 1 24070
900 46 19906 2 19987
901 82 9165 3 9586
902 29 24172 2 24277
903 25 15803 2 16321
904 64 7508 1 7561
905 93 2850 1 3001
906 91 9186 3 9664
907 32 21489 3 21746
908 2 9898 1 9904
909 61 19170 2 19254
910 57 5005 2 5320
911 33 9743 1 10060
912 67 14835 1 15377
913 31 3734 1 4148
914 44 16691 5 16909
915 64 23204 2 23654
916 22 21454 3 21757
917 27 62 1 328
918 31 8661 2 8758
919 91 4800 1 4895
920 90 22286 1 22453
921 79 11848 1 12019
922 83 15580 6 16048
923 30 7508 3 7533
924 24 13615 1 14136
925 73 20579 4 20684
926 43 2466 5 2683
927 29 1470 1 1985
928 39 22889 1 23231
929 87 22286 5 22756
930 61 5472 1 5960
931 33 606 3 1148
932 36 4206 2 4319
933 2 15124 1 15250
934 82 598 2 1029
935 24 20142 1 20240
936 46 4672 2 4762
937 18 24070 1 24298
938 27 19897 3 19952
939 75 10945 1 11400
940 82 17975 2 18285
941 28 23546 3 23969
942 50 16129 4 16561
943 30 23069 4 23147
944 43 4932 1 5144
945 7 15803 2 16016
946 46 2794 2 3008
947 64 11797 2 11857
948 28 593 1 1509
949 34 16557 2 16913
950 68 4103 5 4127
951 61 20003 1 20435
952 91 7747 4 8249
953 36 8597 3 8625
954 74 5472 2 5781
955 27 14618 2 15009
956 5 598 1 881
957 65 3806 1 4003
958 22 7686 1 8231
959 34 531 1 1641
960 1 19065 1 19363
961 56 21340 1 21427
962 44 7508 1 7747
963 30 6532 1 6853
964 63 648 1 989
965 13 19987 4 20009
966 30 949 3 1168
967 77 10665 3 10967
968 46 23247 2 23511
969 43 6004 4 6024
970 7 8177 4 8640
971 25 21400 2 21574
972 87 22637 2 22650
973 4 9418 5 9626
974 84 9743 1 10124
975 5 24879 1 25390
976 49 11703 1 12018
977 61 5472 1 5950
978 28 9120 2 9471
979 24 22500 1 22828
980 57 2754 2 3173
981 8 21068 1 21568
982 39 451 1 502
983 29 7114 2 7572
984 24 15563 1 15983
985 27 20888 1 21079
986 1 23546 1 23699
987 25 20888 1 20972
988 39 12219 5 12386
989 22 14835 1 15187
990 14 24920 5 25281
991 71 19065 1 19238
992 34 19856 1 19929
993 67 15796 6 16287
994 26 4103 1 4425
995 50 21754 1 22797
996 21 31 1 454
997 92 25653 1 25955
998 24 24358 1 26216
999 27 16129 2 16273
1000 8 3823 1 4036
1001 50 8177 3 8661
1002 58 18620 1 18992
1003 7 15394 1 15743
1004 81 22489 1 23017
1005 22 10996 1 11294
1006 43 3208 3 3379
1007 24 6828 1 7329
1008 27 3208 2 3518
1009 35 24920 3 24965
1010 36 3681 6 3712
1011 75 578 1 991
1012 11 13245 4 13585
1013 85 24358 2 24564
1014 81 21340 2 21826
1015 24 21231 2 21641
1016 57 5431 3 5801
1017 30 6472 1 6863
1018 90 4377 2 4421
1019 7 21068 1 21274
1020 30 725 2 922
1021 91 14047 1 14393
1022 27 1710 1 1723
1023 24 1006 2 1516
1024 9 15563 1 16111
1025 50 22660 1 23020
1026 56 23953 1 24170
1027 21 18620 1 18888
1028 50 1650 6 2035
1029 79 12530 3 12693
1030 59 11666 3 12057
1031 29 22500 1 22601
1032 52 10213 3 10330
1033 7 6655 1 6901
1034 52 8668 1 8817
1035 15 44 3 372
1036 81 21231 1 21773
1037 22 25356 1 25537
1038 27 13615 2 13644
1039 27 7747 1 7874
1040 52 8668 1 9120
1041 36 5928 3 6444
1042 66 13010 2 13119
1043 87 8805 7 8859
1044 80 451 1 863
1045 24 6182 3 6468
1046 24 5928 2 6004
1047 15 18966 1 19034
1048 1 15316 1 15473
1049 30 5928 1 6020
1050 78 12530 1 12595
1051 91 24759 2 24872
1052 60 19987 2 20005
1053 71 16935 2 17096
1054 72 20383 1 20625
1055 27 22527 1 22835
1056 34 20432 1 20970
1057 44 17975 1 18291
1058 81 3208 1 3755
1059 27 18083 1 18165
1060 80 13927 2 13992
1061 14 2132 4 2299
1062 78 25669 1 26027
1063 48 16129 1 16652
1064 78 23577 2 23692
1065 39 1907 2 2004
1066 60 14643 1 14667
1067 14 18966 2 19516
1068 21 19906 6 20132
1069 4 20888 2 21022
1070 36 8661 1 9131
1071 43 18543 2 18715
1072 1 12408 4 12896
1073 85 24958 2 25390
1074 84 17012 1 17371
1075 58 2746 2 2760
1076 46 12219 6 12727
1077 27 13391 2 13700
1078 35 23069 6 23263
1079 37 20142 2 20461
1080 14 14618 2 14920
1081 73 12779 4 13133
1082 27 2466 1 3200
1083 11 25653 5 25873
1084 50 24477 5 25055
1085 34 21400 3 21721
1086 12 23778 1 24326
1087 44 22889 1 23027
1088 30 4424 4 4616
1089 57 16633 2 17040
1090 13 16454 5 16949
1091 81 7129 1 7658
1092 35 24722 1 24765
1093 15 12530 2 12926
1094 46 6258 2 6800
1095 60 2794 2 3165
1096 24 11945 1 11986
1097 22 24477 1 24722
1098 22 21340 1 21557
1099 56 21340 2 21838
1100 27 11848 2 11895
1101 35 21608 4 21846
1102 65 15316 1 15686
1103 7 21486 1 21886
1104 92 4366 1 4553
1105 93 1907 1 1928
1106 33 12845 1 13160
1107 71 13716 2 13875
1108 24 20494 2 20931
1109 56 23546 1 23897
1110 43 15631 1 16010
1111 52 204 1 319
1112 7 11484 1 11842
1113 58 17236 1 17609
1114 66 25653 2 25834
1115 15 25192 2 25413
1116 27 1135 1 1710
1117 75 6450 2 6617
1118 28 4366 1 4523
1119 23 25959 3 26190
1120 61 17780 1 18116
1121 84 4103 1 4493
1122 52 12407 2 13384
1123 40 25653 3 26119
1124 28 11163 2 11304
1125 40 14734 4 15170
1126 8 21981 1 22050
1127 25 1353 2 1703
1128 7 15753 2 16167
1129 27 17744 3 18075
1130 90 4206 2 4328
1131 52 12219 2 12305
1132 61 7747 1 7829
1133 24 24958 1 25215
1134 15 5018 1 5334
1135 34 945 1 951
1136 34 24879 3 24934
1137 65 9180 2 9692
1138 15 2860 2 3253
1139 44 2920 1 3044
1140 46 7943 3 8103
1141 73 25356 6 25472
1142 33 10093 4 10618
1143 30 19473 1 19890
1144 46 16935 2 17012
1145 79 19040 1 19325
1146 22 12530 1 12628
1147 43 15316 5 15598
1148 9 12219 1 12468
1149 58 23778 2 24196
1150 2 11561 4 11967
1151 56 1509 6 1809
1152 52 25356 2 25420
1153 87 17471 2 17808
1154 7 21754 2 22201
1155 1 21486 3 21610
1156 38 22035 1 22476
1157 50 12530 1 13060
1158 46 16935 2 17218
1159 35 3032 3 3341
1160 91 13936 3 14455
1161 49 10919 1 11177
1162 24 3573 1 4217
1163 9 16970 5 17428
1164 44 12407 5 12468
1165 14 4198 2 4629
1166 24 1860 1 2134
1167 9 4672 1 4750
1168 53 25653 2 25921
1169 44 13927 1 14238
1170 7 11882 2 12212
1171 36 9743 1 10083
1172 81 7943 1 8150
1173 36 11561 1 12050
1174 44 19471 5 19744
1175 15 17275 1 17734
1176 30 24070 1 24248
1177 15 2688 1 2781
1178 7 20432 3 20826
1179 61 20888 1 21242
1180 80 3806 4 3984
1181 9 5928 1 5998
1182 40 1470 1 1659
1183 79 3681 5 3956
1184 23 22609 3 22889
1185 28 22946 2 23274
1186 58 660 2 810
1187 36 19897 5 20139
1188 80 7268 2 7418
1189 8 15631 3 15694
1190 7 3573 1 3635
1191 52 5928 4 6463
1192 57 8564 2 8617
1193 67 16454 2 16844
1194 16 24602 1 25043
1195 27 22835 1 22917
1196 81 1041 1 1364
1197 71 23503 3 23752
1198 93 3573 1 3861
1199 60 16935 1 17276
1200 70 20485 1 20574
1201 65 2570 1 2782
1202 84 4672 2 4769
1203 34 23203 1 23710
1204 12 17780 1 17870
1205 16 19701 3 19883
1206 34 6450 1 6683
1207 39 20888 2 21068
1208 72 19040 1 19437
1209 78 24602 1 24681
1210 10 22889 2 23231
1211 23 3806 1 3961
1212 79 10242 1 10256
1213 82 4800 1 5047
1214 79 10919 4 11394
1215 78 20579 1 20763
1216 61 8177 1 8613
1217 35 17780 1 17824
1218 25 14867 2 14972
1219 28 24163 1 25949
1220 50 4366 3 4748
1221 16 6450 2 6747
1222 35 17975 3 18297
1223 16 18318 3 18458
1224 81 8177 1 8495
1225 31 20383 1 20711
1226 1 1102 1 1521
1227 31 11703 1 12148
1228 14 23204 1 23409
1229 82 8722 3 8938
1230 52 2466 1 2842
1231 45 9518 2 10011
1232 26 6850 2 7213
1233 39 8564 4 8592
1234 35 5598 1 5701
1235 85 20383 1 20629
1236 25 19258 4 19798
1237 1 6463 1 6520
1238 40 1650 3 2150
1239 15 2466 1 2660
1240 34 10996 4 11533
1241 61 18174 1 18384
1242 87 17422 6 17676
1243 2 17957 5 18490
1244 24 10093 1 10524
1245 50 20328 5 20751
1246 36 13544 1 13652
1247 67 20453 2 20953
1248 14 5399 3 5509
1249 63 14835 1 15273
1250 7 20024 2 20090
1251 42 3681 2 3822
1252 24 7943 4 8177
1253 27 21482 2 22207
1254 39 4869 4 5262
1255 79 7686 4 8159
1256 14 5005 1 5311
1257 33 5126 3 5389
1258 9 13716 1 14173
1259 24 9563 2 9594
1260 44 23503 2 23683
1261 60 24358 2 24879
1262 3 22489 1 22613
1263 36 24879 2 25427
1264 27 738 3 935
1265 2 12219 3 12253
1266 52 18069 1 18112
1267 3 22396 2 22697
1268 34 23503 2 23778
1269 12 16129 1 16366
1270 86 22889 1 23312
1271 8 23778 3 24172
1272 15 22207 4 22529
1273 27 22940 1 23043
1274 1 2052 3 2495
1275 4 9120 4 9406
1276 78 25653 1 25905
1277 7 11005 2 11060
1278 52 6431 1 6441
1279 34 8512 1 8815
1280 46 6850 1 6889
1281 79 8177 1 8657
1282 49 21981 5 22464
1283 80 22609 5 22933
1284 24 6656 1 6664
1285 6 12530 1 12711
1286 16 20432 2 20718
1287 56 22609 2 22913
1288 4 5472 5 5619
1289 91 14734 1 14945
1290 10 3823 1 4063
1291 35 1470 4 1911
1292 4 15631 1 16325
1293 68 179 5 374
1294 52 25356 1 25764
1295 52 849 2 1353
1296 34 10745 4 10853
1297 52 16454 3 16935
1298 39 10628 2 10907
1299 34 16935 1 18557
1300 67 16454 2 16579
1301 58 20328 2 20779
1302 3 9743 4 9877
1303 44 12653 2 12919
1304 12 2860 2 2988
1305 16 15316 1 15857
1306 29 11327 1 11392
1307 71 2466 1 2957
1308 52 5683 3 5703
1309 84 22489 2 22733
1310 43 9871 4 10360
1311 73 15796 2 16076
1312 42 13936 2 14362
1313 52 24163 2 24694
1314 59 2746 3 3114
1315 22 13936 1 14179
1316 81 15803 2 15883
1317 21 6096 3 6174
1318 90 21397 2 21467
1319 39 8661 2 8820
1320 14 20432 1 20455
1321 40 8661 1 9046
1322 42 10996 3 11161
1323 3 19298 4 19771
1324 23 4198 2 4449
1325 27 23278 1 23501
1326 35 23310 2 23452
1327 40 6182 1 6599
1328 10 3681 1 3717
1329 7 23778 1 24071
1330 9 16454 2 16884
1331 35 15753 7 15988
1332 4 10318 1 11399
1333 77 3813 1 4314
1334 44 2052 2 2405
1335 68 24658 3 25074
1336 58 23310 2 23414
1337 50 18543 1 18743
1338 8 12653 2 12964
1339 90 21068 1 21426
1340 23 14643 1 14853
1341 21 8564 6 8880
1342 52 1353 2 1391
1343 56 3110 1 3529
1344 50 18318 1 18469
1345 28 6182 1 6491
1346 28 9743 2 10152
1347 47 1753 1 1929
1348 24 9743 2 9755
1349 63 6096 2 6543
1350 23 10580 1 11033
1351 2 12219 1 12763
1352 82 16454 3 16851
1353 14 5509 2 5696
1354 60 97 1 244
1355 39 25669 3 25690
1356 46 4672 1 4732
1357 1 14740 1 15117
1358 87 16970 2 17003
1359 10 3813 1 4016
1360 58 24496 2 24573
1361 53 3734 5 4193
1362 59 2467 2 2660
1363 45 21981 1 22104
1364 42 18966 2 19414
1365 30 14089 1 14469
1366 35 2003 6 2211
1367 65 21981 1 22405
1368 7 6859 2 7148
1369 80 1650 1 1883
1370 57 2052 1 2099
1371 30 19170 1 19585
1372 16 17252 1 17783
1373 16 9203 1 9646
1374 34 4800 1 5218
1375 11 16454 6 17004
1376 50 11327 3 11703
1377 46 10015 1 10794
1378 46 3573 1 3882
1379 44 9270 1 9835
1380 71 22207 1 22255
1381 93 9871 1 9976
1382 44 23778 1 24273
1383 39 14618 1 14665
1384 22 3573 2 3813
1385 66 4800 1 5118
1386 30 20455 1 20713
1387 27 10794 2 11826
1388 58 18083 2 18442
1389 64 21981 2 22357
1390 84 9743 1 10048
1391 50 6066 2 6072
1392 64 4366 1 4793
1393 50 11703 3 11943
1394 73 12845 1 13057
1395 81 1509 1 1953
1396 90 21057 1 21151
1397 2 14814 5 15249
1398 48 24494 2 24957
1399 80 19716 5 20013
1400 87 451 1 701
1401 24 9980 2 9985
1402 61 8177 1 8469
1403 9 24759 3 25280
1404 73 15631 1 15940
1405 73 20485 2 20744
1406 21 11327 3 11367
1407 81 7686 1 7737
1408 50 7508 3 7683
1409 38 21537 2 22015
1410 93 451 2 963
1411 14 4932 1 5432
1412 84 1297 2 1778
1413 34 2920 1 3110
1414 28 4062 1 6102
1415 24 2132 1 2680
1416 91 16454 2 16777
1417 61 5279 2 5429
1418 4 9743 1 10318
1419 60 1470 2 1547
1420 91 3806 1 4259
1421 16 6850 1 7163
1422 25 13225 2 13680
1423 92 1650 1 2195
1424 93 23828 4 24317
1425 34 14790 3 15228
1426 84 3992 3 4174
1427 87 13138 6 13590
1428 18 21608 2 22158
1429 12 11703 4 11916
1430 34 22265 1 22332
1431 46 16153 1 16345
1432 67 22396 3 22654
1433 9 1650 1 2076
1434 32 20494 1 20973
1435 71 17975 1 17983
1436 34 17983 1 18658
1437 28 20888 3 20939
1438 46 4062 2 4461
1439 34 1160 2 1656
1440 82 21340 2 21540
1441 36 19233 3 19421
1442 7 25653 1 25860
1443 46 19701 4 20122
1444 7 21231 2 21476
1445 85 8177 1 8495
1446 75 22938 1 23141
1447 7 10945 1 10991
1448 71 21981 1 22014
1449 84 16129 3 16454
1450 34 26092 2 26694
1451 50 2921 1 2930
1452 8 5509 1 5574
1453 61 4103 1 4219
1454 7 7129 3 7159
1455 52 16935 1 16970
1456 5 21608 5 21839
1457 42 21397 1 21497
1458 34 20383 1 20611
1459 27 7686 2 7958
1460 49 4932 1 5142
1461 21 18966 2 19259
1462 70 16557 1 16972
1463 34 22265 1 22382
1464 28 1509 1 2052
1465 77 21340 2 21580
1466 52 24759 1 25263
1467 11 8738 1 8805
1468 12 10665 1 10858
1469 24 25582 2 25620
1470 9 10504 1 10924
1471 92 21454 2 21676
1472 5 24759 2 25212
1473 77 16691 2 16780
1474 52 7686 1 7823
1475 93 20888 1 21240
1476 50 5005 1 5431
1477 77 12219 1 12608
1478 91 10945 3 11046
1479 30 1331 1 1836
1480 10 25653 1 26037
1481 79 25669 3 25854
1482 30 13615 3 13671
1483 67 17744 1 18191
1484 24 15124 1 15477
1485 91 5623 3 6003
1486 60 14089 1 14516
1487 2 8177 1 8698
1488 22 9120 1 9548
1489 49 6450 2 6875
1490 3 1860 4 1896
1491 63 14086 2 14137
1492 61 21057 1 21364
1493 86 4778 1 4845
1494 50 1297 1 1629
1495 28 22323 1 22946
1496 23 3110 2 3637
1497 14 2466 5 2794
1498 25 24237 3 24625
1499 64 13138 1 13604
1500 27 24405 2 24602
1501 24 9270 1 9518
1502 12 3208 1 3756
1503 48 7508 2 8053
1504 29 10919 1 11113
1505 56 1650 1 1889
1506 4 14086 1 14858
1507 22 9871 2 10254
1508 24 21397 1 21688
1509 64 6450 2 6550
1510 93 15316 1 15630
1511 34 9203 1 9538
1512 90 24905 1 25411
1513 25 5431 4 5460
1514 4 25582 2 26264
1515 39 66 5 323
1516 25 13615 1 14088
1517 93 23203 2 23617
1518 44 25582 5 26037
1519 10 14086 2 14417
1520 33 14618 1 15052
1521 24 18915 1 19103
1522 21 13716 2 13744
1523 16 14488 2 15007
1524 22 10919 5 11087
1525 61 7378 1 7693
1526 33 1470 3 1822
1527 81 6532 1 6999
1528 79 10580 2 10874
1529 7 2604 2 3074
1530 78 5966 2 5992
1531 34 7268 1 7524
1532 25 19541 2 19981
1533 14 10242 1 10611
1534 75 2688 1 3098
1535 44 6450 1 7426
1536 84 20432 4 20911
1537 11 20579 3 20944
1538 27 13716 1 14117
1539 56 24494 1 24752
1540 44 3734 4 4025
1541 91 17252 4 17384
1542 15 20328 1 20831
1543 9 3681 6 4185
1544 28 12779 1 12944
1545 49 2466 7 2480
1546 24 18555 1 18616
1547 48 25669 2 25904
1548 73 2754 6 3130
1549 52 21896 1 22234
1550 23 21754 1 21920
1551 52 17422 3 17543
1552 83 15394 2 15433
1553 27 19143 2 19685
1554 34 17513 1 17983
1555 58 1650 3 2104
1556 14 5928 1 7839
1557 22 598 1 922
1558 33 3681 1 4125
1559 4 21981 4 22012
1560 58 11666 3 12186
1561 14 20987 1 21486
1562 64 12407 1 12489
1563 22 25653 1 25923
1564 24 9518 1 9743
1565 61 24477 1 24687
1566 11 11163 5 11296
1567 4 21454 2 21809
1568 35 24163 2 24693
1569 65 9743 1 10082
1570 71 23203 1 23267
1571 24 22035 1 22125
1572 18 22889 1 23329
1573 39 18318 1 18381
1574 8 15316 2 15610
1575 27 3573 1 3992
1576 28 11327 3 11836
1577 14 972 3 1156
1578 26 14899 1 14966
1579 24 19122 1 19473
1580 39 21068 4 21176
1581 27 16129 1 16354
1582 81 8668 1 8877
1583 9 12530 5 12746
1584 57 451 1 585
1585 28 19471 3 19856
1586 39 24494 4 24674
1587 52 23488 1 24358
1588 81 8805 1 9051
1589 27 9165 2 9373
1590 52 10015 2 10213
1591 24 18446 3 18486
1592 68 19560 2 19568
1593 60 17471 1 17725
1594 57 3813 3 4289
1595 23 20679 3 20959
1596 40 593 1 866
1597 92 24759 1 24837
1598 59 1710 2 2100
1599 34 9418 1 10602
1600 92 531 1 748
1601 29 12309 1 12565
1602 22 5472 1 5950
1603 22 22207 2 22610
1604 27 16591 2 16671
1605 22 20888 2 21308
1606 8 20888 2 21049
1607 25 22396 4 22914
1608 31 21057 1 21317
1609 50 19122 2 19643
1610 91 15563 1 15922
1611 27 8512 1 8948
1612 66 7747 2 7926
1613 3 5399 1 5832
1614 67 18202 4 18727
1615 8 7129 1 7768
1616 39 9165 3 9215
1617 3 451 4 962
1618 22 9120 1 9608
1619 24 12779 1 12969
1620 56 2466 2 2617
1621 34 4672 2 5104
1622 28 209 1 593
1623 16 18915 1 19249
1624 24 16557 1 16574
1625 28 20170 2 20272
1626 4 38 2 269
1627 59 5928 1 6227
1628 80 14643 1 14769
1629 33 5928 4 6283
1630 61 13441 1 13905
1631 43 24879 2 25221
1632 24 11848 1 11937
1633 60 1102 3 1300
1634 35 12530 2 12998
1635 44 11868 1 11945
1636 14 9743 1 9786
1637 24 2466 2 2688
1638 71 451 1 911
1639 31 9180 1 9253
1640 34 7129 2 7508
1641 3 5645 1 6185
1642 34 13716 2 14223
1643 67 9563 7 10034
1644 30 23503 2 23737
1645 49 16454 3 16721
1646 8 8491 1 8942
1647 90 1860 2 2398
1648 31 22207 1 22700
1649 90 20987 1 21460
1650 28 7648 1 8576
1651 27 13075 2 13095
1652 14 17301 1 17394
1653 28 16454 5 16994
1654 10 22207 2 22233
1655 91 2570 2 3002
1656 8 742 1 1039
1657 27 12431 2 12863
1658 71 23828 1 23894
1659 28 6850 3 7114
1660 3 1470 3 1550
1661 2 15316 1 17016
1662 93 17437 4 17859
1663 33 7268 1 7675
1664 58 2466 6 2611
1665 65 11703 2 12203
1666 45 13138 2 13637
1667 23 20432 1 20901
1668 45 18543 2 18864
1669 24 25653 3 26115
1670 27 12779 2 13228
1671 68 21486 1 21904
1672 81 13927 1 14147
1673 27 23953 2 24237
1674 82 1041 3 1505
1675 33 2466 1 2964
1676 50 13936 3 14194
1677 2 7268 3 7345
1678 15 11897 4 12445
1679 47 18202 1 18498
1680 84 83 1 559
1681 4 4732 4 5129
1682 79 2746 1 2987
1683 87 5587 1 5931
1684 33 20455 2 20708
1685 67 7776 1 7786
1686 46 5966 1 6258
1687 14 11864 2 12158
1688 46 8491 2 8760
1689 47 1102 1 1592
1690 24 13128 1 13504
1691 14 4869 1 5000
1692 64 20888 6 20914
1693 36 24015 6 24086
1694 27 5399 1 5732
1695 64 7129 3 7482
1696 68 13615 2 14130
1697 2 19065 1 19170
1698 11 19987 2 20490
1699 50 14740 6 15142
1700 82 12530 2 13024
1701 23 13245 5 13380
1702 82 2466 2 2930
1703 4 25207 1 25471
1704 14 19987 1 20324
1705 34 5928 2 6253
1706 84 15394 2 15942
1707 22 14047 1 14618
1708 63 849 2 1289
1709 35 9203 2 9727
1710 22 25582 1 25972
1711 1 23969 1 24022
1712 77 10580 2 10607
1713 27 22637 1 22815
1714 45 13927 1 14134
1715 45 6850 1 7016
1716 22 5279 3 5472
1717 44 4103 2 4326
1718 14 6251 2 7085
1719 1 8661 2 9072
1720 67 21489 5 21941
1721 60 8564 1 8738
1722 24 24722 2 25085
1723 50 21340 1 22527
1724 61 20455 1 20766
1725 1 13138 1 13679
1726 22 24015 2 24033
1727 46 20453 1 20579
1728 52 17513 1 17780
1729 57 451 1 982
1730 22 4672 2 5173
1731 93 20432 1 20490
1732 73 7378 4 7528
1733 3 4672 1 5174
1734 61 25653 2 25770
1735 50 24358 1 24697
1736 58 14835 2 15110
1737 28 22035 2 22087
1738 23 3961 1 4139
1739 22 11986 1 12168
1740 85 1297 2 1658
1741 22 18663 2 18800
1742 68 10919 3 11285
1743 84 598 2 1091
1744 44 4732 1 5172
1745 31 11163 1 11697
1746 24 23204 1 23335
1747 61 191 1 439
1748 8 9120 1 9548
1749 25 15032 4 15263
1750 30 8177 5 8643
1751 15 7114 3 7587
1752 64 13936 2 14186
1753 27 949 2 1203
1754 84 15563 2 15930
1755 14 1750 1 2250
1756 52 5126 1 5975
1757 56 24070 4 24270
1758 59 5587 2 5760
1759 12 11163 3 11405
1760 67 1650 1 2181
1761 84 2467 1 2860
1762 93 22889 3 23101
1763 92 19716 3 20259
1764 24 14488 1 14566
1765 82 19233 2 19690
1766 9 19471 3 19718
1767 12 13936 3 13970
1768 46 7114 1 7549
1769 55 22382 1 22535
1770 22 5950 1 7248
1771 11 1470 7 1808
1772 24 21481 1 22023
1773 40 12530 1 12767
1774 61 12219 2 12766
1775 12 3806 3 4060
1776 16 16557 3 16977
1777 7 5018 1 5189
1778 14 19987 2 20129
1779 22 15803 3 16154
1780 24 14814 2 15753
1781 23 4150 2 4198
1782 58 16970 5 17241
1783 2 13927 2 14269
1784 56 5472 2 5739
1785 50 24172 1 24379
1786 45 12219 1 12312
1787 49 5509 2 5985
1788 84 13716 1 13954
1789 34 19987 2 20383
1790 58 17622 1 18005
1791 27 688 1 1102
1792 42 486 1 688
1793 2 5018 1 5488
1794 29 14643 1 14783
1795 52 1102 2 1207
1796 1 5509 1 5725
1797 24 1516 1 1592
1798 3 23778 1 23880
1799 52 3208 4 3245
1800 92 15803 1 15926
1801 85 3813 2 3839
1802 50 17957 3 18282
1803 7 14734 3 14772
1804 63 2604 2 2873
1805 44 14835 2 14922
1806 28 11848 2 12309
1807 49 1907 1 2126
1808 46 10242 5 10665
1809 52 11666 2 11963
1810 52 24358 2 24880
1811 28 13716 1 13936
1812 2 8738 1 9763
1813 7 19233 1 19598
1814 91 3911 6 4192
1815 50 21340 3 21591
1816 56 1962 1 2429
1817 49 12219 2 12737
1818 77 12779 1 13271
1819 34 10919 2 11356
1820 46 18069 2 18341
1821 84 8177 1 8610
1822 31 13716 2 14148
1823 15 20003 1 20413
1824 21 12407 4 12861
1825 30 24905 2 25150
1826 52 16970 1 17175
1827 46 15316 1 15467
1828 6 12530 5 12712
1829 35 11327 1 11692
1830 3 17744 1 18158
1831 14 25356 4 25552
1832 7 11666 2 12194
1833 61 17975 1 18486
1834 50 23247 3 23580
1835 91 531 2 885
1836 46 10945 1 10996
1837 46 22489 2 22889
1838 52 2794 1 2888
1839 7 11005 1 11500
1840 24 1353 2 1516
1841 36 16129 1 16586
1842 91 5126 2 5216
1843 25 13936 1 14132
1844 39 11666 4 11872
1845 65 19258 1 19520
1846 3 6532 1 6808
1847 46 25669 2 26054
1848 60 19040 2 19572
1849 15 21389 3 21731
1850 24 17005 1 17311
1851 9 9122 5 9218
1852 60 20679 1 21014
1853 23 241 1 380
1854 18 23203 1 23727
1855 7 10318 2 10578
1856 11 15316 1 15776
1857 90 3681 2 3845
1858 27 19122 1 19228
1859 9 578 2 818
1860 27 1331 1 1604
1861 24 2794 1 2873
1862 33 9563 1 9735
1863 31 12219 1 12723
1864 7 4732 1 5018
1865 21 949 3 1276
1866 91 3110 3 3199
1867 36 3032 2 3509
1868 24 3062 2 3681
1869 11 1135 4 1437
1870 30 25356 1 25458
1871 64 18966 3 19268
1872 15 20383 3 20758
1873 1 7508 3 7583
1874 15 25764 1 25920
1875 46 24930 1 25363
1876 24 21896 2 22489
1877 28 6472 4 6595
1878 14 17236 1 17767
1879 4 6182 1 6419
1880 61 19258 1 19760
1881 7 6850 1 7382
1882 34 10628 3 10897
1883 24 10919 1 11336
1884 38 19232 1 19659
1885 80 6472 1 6709
1886 67 13936 2 14072
1887 52 15631 1 16027
1888 31 25356 2 25660
1889 29 2654 1 3044
1890 16 5279 3 5702
1891 56 25356 6 25799
1892 73 5399 4 5485
1893 10 1509 1 1974
1894 27 1297 1 1326
1895 34 1860 2 2399
1896 33 4206 1 4713
1897 16 10504 1 11010
1898 34 22835 2 23123
1899 24 15124 1 15703
1900 85 25653 1 26098
1901 2 1041 1 1096
1902 28 18318 2 18620
1903 27 15316 2 15815
1904 91 11163 1 11211
1905 44 18966 1 19471
1906 7 4150 1 4414
1907 33 12309 1 12808
1908 21 22889 2 23404
1909 92 2466 1 2998
1910 36 3734 1 3833
1911 3 25356 4 25648
1912 27 10665 2 10683
1913 52 21057 1 21357
1914 52 23203 1 23488
1915 77 20888 3 21099
1916 80 16129 4 16335
1917 7 7268 3 7308
1918 39 17975 2 18467
1919 50 22527 4 22843
1920 15 7686 2 8217
1921 45 11848 1 12156
1922 31 24358 2 24795
1923 16 5928 1 6077
1924 46 22938 2 23115
1925 66 5126 1 5475
1926 36 8177 2 8426
1927 27 24477 1 24582
1928 24 4062 2 4377
1929 4 7378 1 7904
1930 52 10015 1 10116
1931 80 15316 1 15450
1932 23 24477 1 24678
1933 7 11703 1 11795
1934 34 6096 1 6410
1935 1 18543 1 19021
1936 27 1331 2 1769
1937 34 15753 3 16127
1938 9 6450 3 6625
1939 52 24958 2 25029
1940 22 1575 1 1608
1941 14 9503 2 9871
1942 46 3882 1 4435
1943 52 10213 2 10595
1944 34 11848 1 13113
1945 14 12408 2 12952
1946 61 2570 2 3000
1947 73 5279 2 5555
1948 82 23778 1 24043
1949 28 21754 5 21864
1950 34 9270 2 9604
1951 12 19065 1 19440
1952 23 22889 1 23177
1953 72 20494 4 20763
1954 27 2052 1 2210
1955 30 1102 2 1409
1956 58 22527 3 22953
1957 84 24602 2 24696
1958 12 25356 2 25776
1959 46 8802 3 8819
1960 34 2466 1 2483
1961 28 8564 3 8597
1962 33 16970 4 17260
1963 28 18174 4 18297
1964 23 3734 1 3875
1965 31 17975 2 18018
1966 56 1860 3 1893
1967 24 21537 1 21839
1968 64 9743 1 10126
1969 93 22396 1 22442
1970 9 18557 3 18964
1971 60 18174 2 18350
1972 15 17957 1 18434
1973 87 3806 2 4204
1974 15 18602 5 18756
1975 21 8661 1 9189
1976 50 2466 1 2972
1977 15 22207 1 22447
1978 34 15316 1 15739
1979 90 14858 1 15135
1980 63 21068 1 21452
1981 28 2746 3 2838
1982 24 11703 1 11874
1983 36 12219 1 12282
1984 59 9122 1 9342
1985 46 5126 2 5285
1986 1 949 1 1007
1987 24 6472 3 6734
1988 58 2746 2 3133
1989 78 22415 4 22947
1990 50 19471 2 19583
1991 24 2873 1 3062
1992 4 29 1 317
1993 65 4800 1 5195
1994 36 13010 3 13293
1995 84 7635 1 7956
1996 23 4778 2 4945
1997 82 12219 1 12507
1998 49 20328 2 20342
1999 27 23204 1 23607
2000 14 18291 1 18598
2001 1 7508 1 7549
2002 21 20888 1 21331
2003 44 23069 4 23393
2004 50 22889 1 23247
2005 21 15803 2 16116
2006 91 6004 2 6513
2007 52 15316 2 15631
2008 37 9203 1 9626
2009 4 19315 3 19919
2010 80 4672 2 4975
2011 52 3032 3 3123
2012 49 20579 1 21115
2013 48 194 1 495
2014 34 7508 1 8062
2015 90 1297 1 1600
2016 28 23203 1 23482
2017 35 5126 4 5260
2018 9 20328 2 20480
2019 93 19315 2 19529
2020 11 10628 1 11092
2021 93 13441 3 13709
2022 27 22938 2 23156
2023 56 1962 4 2476
2024 60 14835 1 14951
2025 21 9871 4 10118
2026 25 7747 6 7836
2027 52 12305 2 12794
2028 14 22207 5 22286
2029 52 17622 3 17749
2030 3 23969 2 24363
2031 46 949 3 1401
2032 34 12845 2 13336
2033 61 15631 1 16125
2034 11 20987 1 21378
2035 29 13010 2 13224
2036 77 5431 2 5681
2037 66 6182 1 6673
2038 68 10628 5 10816
2039 66 11005 1 11443
2040 24 16454 2 16686
2041 46 3032 1 3113
2042 12 22207 1 22545
2043 43 12530 1 12677
2044 28 8597 3 8964
2045 52 6734 1 7194
2046 33 24358 3 24816
2047 52 13588 1 13851
2048 25 5509 3 5656
2049 39 20432 1 20463
2050 75 1470 1 1981
2051 78 7686 3 7926
2052 86 19473 1 19530
2053 24 22382 1 22490
2054 64 21481 1 21618
2055 34 16972 1 17789
2056 60 21389 2 22101
2057 34 13630 2 14033
2058 60 7268 2 7986
2059 16 1102 3 1513
2060 24 578 1 949
2061 79 22500 3 22784
2062 8 13544 1 13790
2063 64 17437 1 17766
2064 85 7759 2 7918
2065 27 18543 1 19070
2066 52 11897 1 12111
2067 33 3032 3 3519
2068 16 11327 1 11359
2069 87 17957 3 18103
2070 45 24172 1 24285
2071 52 11005 1 11201
2072 50 13936 1 14482
2073 78 24358 6 24755
2074 21 20453 5 20737
2075 29 16129 1 16404
2076 16 23546 2 23804
2077 9 6850 1 6884
2078 8 5431 2 5482
2079 15 3681 1 3968
2080 89 6463 3 6775
2081 38 19473 1 19919
2082 23 21489 2 21927
2083 8 5587 3 5598
2084 7 24602 1 24950
2085 57 5928 1 6198
2086 61 1470 2 1986
2087 58 20455 1 20868
2088 22 20464 1 20502
2089 50 16691 1 17228
2090 43 7268 4 7513
2091 24 6734 1 6899
2092 7 20432 1 20684
2093 37 1509 4 1623
2094 45 18069 1 18386
2095 52 23069 2 23547
2096 14 14488 2 14653
2097 39 4424 1 4630
2098 39 11163 1 11479
2099 73 18083 4 18128
2100 34 531 3 840
2101 92 9743 1 9803
2102 70 16129 1 16645
2103 34 14488 1 14774
2104 36 1470 1 1990
2105 27 6182 2 6727
2106 66 545 1 1041
2107 22 20328 5 20464
2108 78 7635 2 7802
2109 16 19897 1 20202
2110 86 19701 2 20018
2111 46 8564 1 8867
2112 50 4003 2 4206
2113 24 19258 1 19273
2114 84 17631 3 17640
2115 38 22207 2 22566
2116 39 3573 2 4011
2117 34 24638 2 24734
2118 70 16557 1 17066
2119 22 22207 2 22407
2120 93 11703 1 12050
2121 92 8564 2 8850
2122 38 20453 2 20592
2123 82 1860 1 2018
2124 50 3062 1 3672
2125 45 1650 1 2143
2126 40 1470 3 1595
2127 28 7648 1 8397
2128 79 8661 2 9127
2129 24 19278 2 19700
2130 7 19473 1 19650
2131 9 14618 7 15150
2132 86 12742 1 12876
2133 85 21057 1 21555
2134 18 25653 1 25789
2135 11 5928 4 6038
2136 90 480 1 1017
2137 48 1470 1 1753
2138 64 11897 1 12276
2139 14 15316 1 15814
2140 80 16454 1 16981
2141 10 4672 1 5005
2142 35 17005 4 17061
2143 84 14835 3 15377
2144 52 22637 1 23069
2145 61 21981 1 22018
2146 46 13544 1 13716
2147 68 12530 4 12889
2148 8 22889 2 23066
2149 61 24477 1 24494
2150 24 220 1 436
2151 24 19746 1 19906
2152 22 23577 1 24015
2153 68 16691 4 17044
2154 39 4672 1 4844
2155 1 24496 2 24890
2156 14 15580 2 15920
2157 28 15803 3 16225
2158 33 102 5 185
2159 91 4366 1 4720
2160 4 1041 1 2604
2161 7 17471 4 17966
2162 49 18543 2 18850
2163 7 4366 3 4822
2164 71 11005 3 11172
2165 30 24930 2 25377
2166 14 13441 1 13955
2167 2 82 2 96
2168 71 6850 2 7248
2169 91 22660 5 22683
2170 44 3573 2 3734
2171 24 19701 1 19716
2172 29 25653 1 26157
2173 87 13936 1 14204
2174 27 21486 1 21670
2175 57 18543 1 18753
2176 33 25356 2 25616
2177 25 18966 1 19122
2178 52 18966 1 19258
2179 90 24496 1 25033
2180 27 14089 2 14382
2181 91 3573 1 3701
2182 39 16970 1 17355
2183 13 16129 1 16617
2184 44 19701 1 19994
2185 30 8668 3 8830
2186 84 24759 2 25212
2187 24 25192 1 25594
2188 3 3681 2 4027
2189 13 12530 2 12588
2190 77 20432 1 20595
2191 68 6859 3 7357
2192 14 17957 3 18069
2193 22 15394 3 15772
2194 7 24759 2 25008
2195 78 21400 1 21577
2196 14 21754 1 21882
2197 2 20328 1 20713
2198 41 22489 1 22679
2199 1 2746 1 2973
2200 28 11163 2 11680
2201 46 17236 1 17844
2202 27 19278 1 19897
2203 90 4062 1 4121
2204 68 22396 6 22777
2205 67 14814 3 14963
2206 90 25356 1 25890
2207 91 24358 3 24515
2208 8 21608 1 22181
2209 31 19233 1 19593
2210 56 23069 1 23407
2211 27 949 2 1331
2212 57 22207 3 22280
2213 52 15316 1 15515
2214 84 11945 4 12025
2215 1 17333 1 17343
2216 14 3810 1 4247
2217 24 5587 1 5972
2218 12 1650 3 1713
2219 80 21486 5 21712
2220 85 18543 2 18926
2221 58 18174 2 18437
2222 39 23778 1 23954
2223 25 19987 4 20313
2224 22 1297 2 1575
2225 22 10745 5 10996
2226 36 10665 1 11074
2227 82 22396 2 22485
2228 7 10945 1 11295
2229 49 7686 6 7801
2230 34 5126 2 5399
2231 16 10093 2 10451
2232 49 20432 3 20545
2233 81 18083 1 18454
2234 38 23969 3 24182
2235 63 171 2 387
2236 23 14618 3 14643
2237 89 21486 2 21761
2238 93 12779 3 13226
2239 46 8661 3 9106
2240 24 17622 1 17666
2241 2 2466 4 2514
2242 68 13128 1 13434
2243 1 13615 1 14006
2244 85 6859 1 6877
2245 79 5399 1 5452
2246 21 3813 5 3995
2247 44 19541 3 19648
2248 70 21481 3 21819
2249 50 5005 3 5055
2250 34 2654 5 2727
2251 12 20003 1 20126
2252 44 19856 2 20091
2253 27 8815 3 8902
2254 35 3681 1 3781
2255 12 16591 1 17063
2256 9 4206 4 4657
2257 35 18966 1 19009
2258 33 24759 1 25072
2259 29 3110 1 3284
2260 33 18915 4 19068
2261 28 23969 2 24165
2262 52 4366 1 4627
2263 86 18543 1 18757
2264 14 21486 2 21677
2265 31 2466 1 2669
2266 77 1470 2 1698
2267 43 6450 1 6756
2268 66 6850 2 7092
2269 9 5005 1 5073
2270 15 6828 1 7268
2271 28 2860 4 3326
2272 21 9563 2 9803
2273 64 10919 4 11280
2274 34 1509 1 1863
2275 7 11163 1 11674
2276 49 23203 2 23599
2277 50 4366 3 4969
2278 24 1516 1 2090
2279 12 2920 1 3171
2280 14 3573 2 3810
2281 72 22889 2 22927
2282 64 4800 1 4901
2283 61 14858 1 15214
2284 46 11561 2 12219
2285 36 16633 1 16968
2286 24 17437 1 17720
2287 24 17780 2 18027
2288 86 23069 1 23392
2289 67 25653 5 26051
2290 44 1470 2 1817
2291 43 9518 2 9855
2292 27 14778 1 14787
2293 46 18966 3 19865
2294 52 11005 1 11038
2295 28 13441 1 13711
2296 59 19040 1 19295
2297 2 3908 4 3960
2298 30 4103 1 4271
2299 24 13615 2 13747
2300 21 25356 7 25881
2301 14 22396 1 22804
2302 4 22396 1 22992
2303 81 22382 2 22407
2304 37 20494 1 20735
2305 52 23069 1 23203
2306 42 14618 2 14939
2307 28 14488 2 14740
2308 87 10628 3 11121
2309 15 9203 2 9217
2310 61 24638 1 25180
2311 28 3208 2 3396
2312 35 13936 1 14333
2313 27 700 4 736
2314 81 8491 1 8746
2315 34 11561 1 11718
2316 50 22527 1 22619
2317 46 11882 4 12168
2318 39 9933 1 9939
2319 2 25192 2 25577
2320 34 11484 2 11561
2321 61 14643 1 14958
2322 2 7508 6 8055
2323 43 22207 4 22689
2324 52 3911 1 4150
2325 57 20432 3 20909
2326 93 21981 2 22425
2327 7 25029 1 25554
2328 77 19258 1 19689
2329 78 20494 3 20764
2330 34 23203 2 23424
2331 24 20679 1 21397
2332 27 22835 2 22940
2333 19 1650 2 2012
2334 50 10093 3 10105
2335 31 10242 1 10346
2336 34 24958 1 25680
2337 65 13716 1 14227
2338 30 11797 1 11967
2339 46 7747 4 8178
2340 34 1297 2 1479
2341 61 20003 1 20300
2342 7 14086 1 14299
2343 18 22265 1 22700
2344 3 25653 4 26194
2345 52 18174 1 18820
2346 2 20713 1 21188
2347 70 16691 1 17113
2348 52 23503 2 23972
2349 24 16686 2 17005
2350 23 9106 1 9619
2351 52 23069 1 23420
2352 7 5928 1 6010
2353 50 16691 1 17616
2354 77 14734 1 15059
2355 92 24237 1 24565
2356 33 14618 5 15094
2357 52 9871 2 9938
2358 47 22396 1 22657
2359 1 11897 1 12174
2360 21 9106 3 9555
2361 49 10628 3 10874
2362 63 18446 1 18676
2363 46 23247 1 23828
2364 49 4062 2 4192
2365 24 18543 1 18555
2366 84 7268 1 7556
2367 34 4424 2 4800
2368 4 451 1 1041
2369 9 25653 4 25854
2370 27 4103 2 4512
2371 93 24879 2 25245
2372 15 24658 2 24721
2373 67 23577 2 23882
2374 3 5928 2 6437
2375 16 21068 2 21489
2376 90 3961 1 4392
2377 91 2132 3 2356
2378 34 5399 1 6901
2379 92 20679 1 21183
2380 26 18202 2 18436
2381 81 5431 3 5539
2382 61 10580 2 10731
2383 7 10580 4 10860
2384 11 17009 1 17017
2385 28 23278 2 23514
2386 9 13458 1 13463
2387 87 2746 1 2995
2388 24 21057 1 21497
2389 39 10945 4 11469
2390 31 21981 1 22020
2391 22 7759 1 8357
2392 7 22527 3 22655
2393 13 14835 6 15208
2394 52 13871 4 13877
2395 91 10665 3 10677
2396 28 23203 3 23284
2397 30 5431 1 5854
2398 24 23503 2 24358
2399 64 11327 1 11365
2400 64 3062 1 3185
2401 27 5928 1 6096
2402 46 5126 2 6828
2403 46 9743 2 10004
2404 57 20888 1 21303
2405 22 18966 1 19211
2406 15 22889 3 23017
2407 50 8661 5 8842
2408 49 23828 2 23869
2409 28 26092 3 26588
2410 52 19298 1 19339
2411 27 11163 1 12415
2412 85 15124 1 15157
2413 82 14488 3 14687
2414 84 14867 1 15167
2415 93 7635 1 7916
2416 45 12521 1 12528
2417 52 25029 1 25356
2418 93 9203 4 9346
2419 44 8177 1 8491
2420 34 8177 2 9031
2421 52 19473 2 19733
2422 11 2052 3 2521
2423 4 6472 1 6898
2424 46 5285 5 5521
2425 67 15316 6 15727
2426 64 10242 2 10791
2427 60 2466 1 2768
2428 34 3681 2 4103
2429 57 19232 1 19610
2430 8 3573 3 3686
2431 45 4150 2 4549
2432 80 17744 3 18182
2433 25 1860 2 1966
2434 60 15803 2 16244
2435 79 5928 4 6014
2436 93 17012 1 17032
2437 14 11484 2 11813
2438 24 217 1 578
2439 13 25653 6 25880
2440 91 22382 3 22474
2441 1 16129 4 16313
2442 27 1750 2 1860
2443 13 3813 1 4234
2444 4 4458 5 4520
2445 34 10919 2 10937
2446 87 16633 1 16687
2447 70 25764 1 26262
2448 22 598 1 1107
2449 58 12845 1 12872
2450 39 23953 1 24281
2451 24 17957 1 18295
2452 68 8738 2 8897
2453 40 23310 1 23578
2454 25 2467 2 2507
2455 52 18174 2 18196
2456 4 17236 4 17252
2457 28 12219 3 12655
2458 70 1907 2 2160
2459 59 39 2 182
2460 81 2052 3 2137
2461 46 16454 1 16811
2462 27 1102 1 1135
2463 29 13615 1 13945
2464 66 24015 1 24116
2465 60 22286 1 22637
2466 1 13927 1 14014
2467 39 17422 1 17820
2468 34 16557 1 16621
2469 45 22207 1 22517
2470 27 19315 1 20019
2471 81 7129 1 7568
2472 14 8805 1 8907
2473 7 14047 1 14494
2474 72 17975 4 18372
2475 68 15316 3 15614
2476 29 5928 2 6331
2477 24 12709 1 13084
2478 73 1650 1 1987
2479 70 16129 1 16176
2480 72 17780 3 18287
2481 3 4732 2 4978
2482 33 18202 4 18739
2483 66 20432 1 20584
2484 34 23828 2 23945
2485 35 12653 2 12763
2486 57 13936 2 14299
2487 84 4217 1 4425
2488 35 276 5 781
2489 34 2570 5 2636
2490 36 10093 1 10634
2491 44 5623 2 6429
2492 27 10015 3 10504
2493 80 15568 1 15793
2494 22 23503 1 23577
2495 3 11897 1 12384
2496 22 4103 1 4474
2497 8 3032 1 3491
2498 61 16935 2 17123
2499 3 5279 3 5611
2500 11 2794 6 3006
2501 44 6850 1 7725
2502 46 13391 1 13619
2503 24 10244 1 10677
2504 80 5950 2 6129
2505 91 21400 2 21544
2506 1 16454 1 16892
2507 52 11163 1 11327
2508 80 5126 4 5550
2509 27 17422 4 17707
2510 14 118 1 851
2511 89 16935 1 16962
2512 70 25653 1 25884
2513 24 1516 1 1636
2514 28 17744 2 17907
2515 4 11797 1 12431
2516 34 25192 1 25653
2517 3 10242 5 10712
2518 22 15383 1 15919
2519 86 16691 1 16828
2520 84 22396 2 22542
2521 28 10919 2 11098
2522 81 2860 2 2960
2523 5 22489 7 22835
2524 35 23203 1 23661
2525 25 578 4 951
2526 2 14488 3 14521
2527 46 2466 4 2676
2528 56 22889 5 23042
2529 23 4932 2 5059
2530 83 11327 3 11379
2531 90 3275 2 3281
2532 8 5005 1 5350
2533 68 451 1 539
2534 38 21981 1 22206
2535 34 1860 2 2485
2536 15 7268 2 7395
2537 1 13716 1 14231
2538 86 24602 2 25079
2539 45 20328 1 20625
2540 22 12779 1 13225
2541 8 4932 1 4973
2542 56 24172 2 24625
2543 29 19987 1 20381
2544 84 618 2 1133
2545 74 10628 2 10749
2546 36 2688 4 2866
2547 91 22946 4 23223
2548 14 16454 1 16754
2549 49 2654 2 3069
2550 23 15316 2 15424
2551 34 18616 1 19135
2552 93 24358 2 24827
2553 52 22637 3 22782
2554 40 3992 2 4236
2555 68 25356 4 25743
2556 59 16935 2 17237
2557 28 22035 1 22323
2558 32 8805 2 9225
2559 82 11897 3 12044
2560 13 20611 1 20833
2561 56 2654 2 2686
2562 16 19315 3 19527
2563 82 6182 1 6717
2564 14 25582 1 25929
2565 81 2746 1 3202
2566 7 3110 1 3318
2567 24 19716 2 19732
2568 85 5472 1 5686
2569 47 21537 1 21867
2570 25 24638 2 24869
2571 1 277 4 774
2572 82 15796 1 15928
2573 52 6850 1 7867
2574 43 17780 4 18105
2575 7 9743 1 10142
2576 24 17622 1 17898
2577 34 9743 2 10413
2578 34 13391 2 13630
2579 80 14618 4 14632
2580 16 13138 1 13549
2581 87 12530 1 12872
2582 1 1753 3 1976
2583 8 19122 2 19458
2584 60 5126 1 5818
2585 80 20888 2 21185
2586 7 22396 3 22407
2587 3 21981 4 22093
2588 22 13225 2 13301
2589 28 7114 2 7642
2590 37 24958 1 25438
2591 25 1156 4 1607
2592 49 9354 7 9636
2593 77 5018 3 5395
2594 14 20328 4 20454
2595 50 1297 6 1485
2596 86 19233 1 19350
2597 46 14546 1 14552
2598 24 18915 2 19122
2599 24 16454 1 16813
2600 2 16129 4 16609
2601 26 24405 1 24437
2602 22 24163 5 24545
2603 22 22500 1 23306
2604 50 23503 1 23828
2605 9 19856 7 20254
2606 27 3992 1 4458
2607 90 4800 2 4957
2608 45 10242 1 10566
2609 60 5928 3 6340
2610 34 25669 1 25882
2611 82 7268 1 7300
2612 61 13927 1 14473
2613 27 7268 1 7731
2614 68 3806 1 4011
2615 39 849 2 1375
2616 67 16129 1 16580
2617 43 18966 2 19296
2618 84 8564 1 8634
2619 39 16454 1 16768
2620 90 24759 1 24890
2621 85 20888 1 20919
2622 27 21340 4 21482
2623 84 24496 3 24586
2624 15 15316 6 15798
2625 85 16129 2 16472
2626 77 19040 2 19191
2627 79 1509 1 1623
2628 4 20679 1 21080
2629 14 17957 1 18082
2630 93 1753 3 2145
2631 86 16129 2 16359
2632 12 4103 2 4399
2633 27 17437 1 17486
2634 52 20888 2 21287
2635 43 24358 2 24783
2636 68 7508 1 7722
2637 6 22396 6 22709
2638 52 10794 4 11163
2639 79 22035 4 22318
2640 44 6450 4 6839
2641 26 20170 1 20204
2642 8 15753 1 16127
2643 91 6532 5 6566
2644 25 20328 1 20515
2645 91 11945 1 12447
2646 33 238 4 583
2647 44 8802 1 9122
2648 39 12653 4 12836
2649 7 22938 1 23181
2650 14 17780 1 17957
2651 40 9743 4 9970
2652 28 20328 1 20611
2653 68 1156 4 1371
2654 73 24905 1 25333
2655 9 3032 6 3375
2656 4 19473 2 19958
2657 22 18189 1 18663
2658 30 7114 2 7546
2659 1 11703 2 12121
2660 15 19473 3 19966
2661 2 1907 3 2197
2662 29 17975 2 18294
2663 44 238 2 685
2664 93 2466 2 2590
2665 46 18189 3 18670
2666 52 10595 1 10628
2667 44 21400 1 21793
2668 24 22889 1 22938
2669 61 3573 1 3606
2670 13 3908 1 4254
2671 64 3573 3 3948
2672 42 25356 1 25394
2673 82 10242 3 10688
2674 52 18915 2 20003
2675 28 6450 1 6900
2676 14 7557 2 8155
2677 34 23778 2 24833
2678 52 176 1 341
2679 68 5472 3 5991
2680 81 5163 3 5169
2681 3 4103 4 4496
2682 77 10996 2 11244
2683 59 22396 3 22700
2684 44 21372 1 21887
2685 32 13138 2 13151
2686 7 16972 1 17104
2687 8 1102 2 1618
2688 46 16129 1 16153
2689 66 2754 1 3193
2690 29 15631 2 15799
2691 92 12530 1 12976
2692 11 3806 3 3914
2693 52 5744 1 5751
2694 22 2746 2 2956
2695 28 15124 1 15303
2696 11 20888 1 21217
2697 44 17471 1 17975
2698 35 4366 2 4907
2699 81 12653 1 12975
2700 79 74 2 554
2701 27 17422 1 17437
2702 23 4139 1 4151
2703 54 14047 3 14534
2704 24 9835 1 9957
2705 28 23577 1 23999
2706 68 1907 1 2081
2707 32 1509 2 1652
2708 31 2794 1 3282
2709 21 13060 4 13296
2710 14 19701 2 19742
2711 39 5928 5 6006
2712 27 23503 4 23953
2713 16 24 2 107
2714 39 15316 3 15534
2715 29 20679 2 20899
2716 58 4150 1 4519
2717 24 7129 1 7599
2718 39 22396 1 22853
2719 44 1860 3 2223
2720 64 5683 1 5843
2721 46 13075 2 13192
2722 27 14790 2 15293
2723 14 20328 4 20390
2724 46 24958 4 25297
2725 7 5928 3 6307
2726 2 18966 1 19065
2727 31 21537 1 21889
2728 28 17012 1 17236
2729 68 8177 1 8217
2730 28 15568 1 15919
2731 36 24163 3 24605
2732 27 6096 3 6532
2733 66 2467 1 2735
2734 50 169 2 512
2735 55 18543 1 18745
2736 8 16935 1 17451
2737 60 10242 2 10609
2738 31 18557 1 19018
2739 82 162 2 584
2740 45 15394 2 15882
2741 11 7114 4 7453
2742 27 18620 4 19138
2743 27 25582 2 25910
2744 3 11897 1 12327
2745 63 16970 1 17412
2746 44 18291 1 18880
2747 52 17780 3 17988
2748 11 19701 7 19847
2749 24 16633 1 16983
2750 11 13927 1 14470
2751 16 12530 1 12736
2752 73 22609 5 22743
2753 7 3208 3 3641
2754 27 16454 1 16591
2755 16 7508 1 7881
2756 3 9743 2 9786
2757 40 7943 4 8220
2758 79 5018 1 5055
2759 4 21218 4 21454
2760 90 18602 2 19024
2761 46 19987 2 20523
2762 22 25356 1 25603
2763 11 13716 2 13883
2764 44 11945 1 12398
2765 36 21608 2 21731
2766 46 23546 2 24065
2767 81 24920 1 25404
2768 81 24958 2 25087
2769 24 19906 1 20086
2770 12 13716 4 13883
2771 18 22382 2 22508
2772 82 9743 3 9805
2773 21 18189 5 18457
2774 24 19906 1 20494
2775 77 7759 2 7795
2776 27 5005 2 5483
2777 81 23203 2 23423
2778 46 25356 2 25582
2779 3 12407 5 12888
2780 42 628 4 737
2781 87 20432 3 20568
2782 87 15580 2 15807
2783 36 23778 1 23944
2784 24 12408 2 12707
2785 16 1650 3 1815
2786 50 18069 1 18295
2787 61 9563 1 9919
2788 50 15316 1 15582
2789 12 10242 1 10619
2790 93 4062 1 4349
2791 84 15631 1 15707
2792 14 7114 2 7332
2793 56 5950 2 6101
2794 28 5005 1 5233
2795 25 25356 1 25525
2796 50 531 1 1024
2797 80 5683 1 5933
2798 24 3806 1 4003
2799 44 17975 1 18277
2800 34 1102 2 1268
2801 52 14734 2 15316
2802 58 21489 1 21890
2803 14 16129 4 16381
2804 81 7508 3 7761
2805 28 17975 2 18127
2806 21 17975 3 18128
2807 78 24358 1 24431
2808 46 22396 1 22900
2809 1 19987 1 20300
2810 82 14047 1 14402
2811 82 3573 2 3850
2812 86 18543 2 19012
2813 28 10580 2 10915
2814 73 15316 1 15449
2815 4 5431 1 5458
2816 14 19716 3 20180
2817 45 4778 1 5287
2818 49 25582 1 26056
2819 93 7508 1 8019
2820 64 2466 2 2874
2821 80 20024 1 20174
2822 50 4206 1 4298
2823 64 4 1 82
2824 60 4366 2 4936
2825 68 17744 1 18102
2826 87 12779 2 12975
2827 24 14273 1 14283
2828 46 17744 1 18115
2829 80 20679 1 20730
2830 54 22660 2 23134
2831 68 14618 3 14833
2832 84 2746 3 3253
2833 35 22938 2 23139
2834 16 17975 3 18183
2835 27 8177 1 8722
2836 8 10504 1 10540
2837 11 21389 1 21606
2838 44 17471 2 17744
2839 90 25582 1 25757
2840 79 5587 1 5952
2841 8 6850 2 7125
2842 23 12219 1 12462
2843 60 5005 1 5096
2844 29 15803 1 16187
2845 52 9871 1 10015
2846 37 11327 1 11453
2847 83 25356 1 25635
2848 24 7350 2 7846
2849 9 459 1 715
2850 11 14488 1 14962
2851 86 18966 1 19372
2852 84 1195 2 1557
2853 92 25764 2 26200
2854 24 21828 1 21896
2855 21 1470 3 1676
2856 58 17744 3 18130
2857 24 9120 1 9531
2858 39 23310 2 23336
2859 46 25653 2 25935
2860 60 23204 2 23562
2861 37 20432 1 20737
2862 60 15563 1 15760
2863 23 23778 1 24124
2864 4 16454 1 17123
2865 22 24033 1 24363
2866 59 18543 2 19000
2867 43 20432 3 20637
2868 4 25192 5 25207
2869 77 13936 2 14024
2870 34 5279 1 5645
2871 24 7635 1 8107
2872 43 21340 4 21558
2873 5 20679 5 20691
2874 75 11797 1 11903
2875 22 3813 1 4062
2876 4 24405 2 24481
2877 81 12530 2 13044
2878 33 6463 2 6640
2879 13 13301 1 13407
2880 79 13138 2 13476
2881 34 9563 1 9585
2882 21 5126 2 5552
2883 73 11897 6 11976
2884 27 23310 1 23616
2885 42 3110 1 3181
2886 84 2570 1 2951
2887 1 21068 4 21455
2888 27 8512 2 8783
2889 34 15394 1 15951
2890 24 4003 1 4023
2891 27 9743 1 10137
2892 52 16970 1 17513
2893 80 13441 3 13853
2894 1 9120 1 9386
2895 86 18318 1 18790
2896 27 4366 1 4444
2897 60 17975 1 18012
2898 58 11986 1 12346
2899 50 8661 1 10425
2900 22 19258 1 19541
2901 7 23503 1 23948
2902 22 11327 1 11351
2903 70 15631 1 16130
2904 64 5005 3 5281
2905 7 16129 1 16362
2906 4 22207 1 22396
2907 38 451 1 773
2908 21 10580 2 11118
2909 50 9106 2 9423
2910 15 23546 6 23888
2911 52 18602 2 18635
2912 93 5683 2 6006
2913 31 15803 1 15821
2914 82 18318 1 18851
2915 15 1470 2 1998
2916 3 15803 3 15876
2917 34 19233 1 19814
2918 46 23156 2 23251
2919 22 3032 1 3208
2920 36 17422 5 17965
2921 12 531 1 766
2922 12 14734 1 14924
2923 22 19987 1 21216
2924 2 7508 1 8203
2925 14 130 4 519
2926 3 19987 1 20526
2927 7 5509 1 5616
2928 29 11945 1 12286
2929 81 15631 1 15802
2930 73 20485 1 21006
2931 78 20453 1 20821
2932 34 10595 1 10745
2933 60 1860 1 2166
2934 21 17744 1 17944
2935 82 20383 1 20647
2936 15 5472 1 5537
2937 93 5472 2 5927
2938 28 16633 4 17166
2939 82 25653 2 25985
2940 65 20432 1 20513
2941 46 9203 1 9697
2942 91 451 1 754
2943 23 11327 1 11795
2944 60 3573 2 3683
2945 46 2132 2 2272
2946 93 18543 2 18647
2947 44 22889 2 23653
2948 14 20455 1 20563
2949 11 10919 1 10957
2950 28 24477 1 26085
2951 56 5587 3 5774
2952 58 24958 7 25201
2953 68 21357 4 21464
2954 24 19233 2 19244
2955 35 25356 3 25521
2956 4 12431 3 12903
2957 8 3823 1 4366
2958 71 21754 1 22198
2959 87 9743 1 10146
2960 8 16970 1 17516
2961 1 9418 1 9452
2962 21 16129 1 16283
2963 8 23577 2 23769
2964 52 1353 1 1453
2965 39 9354 1 9540
2966 23 537 1 1558
2967 73 10015 4 10160
2968 67 3911 1 3944
2969 7 3813 4 4020
2970 14 531 1 1866
2971 56 25582 1 25907
2972 5 25653 7 26005
2973 60 3251 4 3261
2974 1 23203 3 23615
2975 7 22889 3 23227
2976 75 21754 1 21977
2977 48 10945 1 11369
2978 24 11986 2 12036
2979 73 15316 1 15754
2980 9 7747 7 8288
2981 29 4800 2 4883
2982 44 11874 1 12394
2983 16 23156 2 23267
2984 9 2 7 477
2985 78 21340 2 21832
2986 45 7768 1 8232
2987 46 24930 1 25102
2988 61 7943 1 8219
2989 61 22637 1 23149
2990 82 22500 2 22793
2991 50 11945 1 12162
2992 61 22035 1 22480
2993 37 7268 1 7367
2994 15 6450 4 6864
2995 8 14618 1 15006
2996 35 11703 4 12120
2997 35 20432 3 20684
2998 31 1753 1 2089
2999 85 16970 1 17141
3000 71 5598 2 5658
3001 50 15631 1 16096
3002 93 25356 4 25708
3003 44 10242 6 10337
3004 82 16129 1 16430
3005 52 6004 1 6204
3006 11 22236 1 22425
3007 28 15124 1 15663
3008 43 19987 1 20308
3009 23 16454 1 16992
3010 36 451 2 910
3011 7 18543 1 18758
3012 15 20987 1 21385
3013 60 1300 1 1398
3014 8 24602 1 25028
3015 22 14488 4 14539
3016 34 11327 1 11524
3017 84 8564 2 8649
3018 52 11963 1 12407
3019 89 25653 1 26159
3020 89 451 8 861
3021 9 13060 4 13442
3022 50 20888 2 21147
3023 31 14858 2 14961
3024 52 20003 1 20453
3025 82 22236 1 22311
3026 15 4103 5 4348
3027 22 135 1 421
3028 27 9418 2 9490
3029 22 13301 2 13582
3030 43 17301 1 17762
3031 25 12407 2 12805
3032 22 8805 2 9271
3033 52 11327 5 11666
3034 50 10665 4 10885
3035 37 15580 6 16008
3036 81 14734 1 14813
3037 27 5005 3 5368
3038 4 24358 2 24638
3039 52 19232 1 19253
3040 87 19701 7 19879
3041 31 10665 1 10922
3042 28 18543 3 18966
3043 49 248 2 300
3044 52 10580 3 11069
3045 47 22489 3 22724
3046 28 23503 4 23525
3047 45 14488 2 14971
3048 24 18318 1 18521
3049 30 22207 2 22392
3050 52 19987 1 20090
3051 11 11945 5 11961
3052 30 22396 3 22666
3053 4 23278 2 23792
3054 16 4103 1 4320
3055 19 1710 2 1955
3056 33 15316 4 15428
3057 3 18602 3 18633
3058 1 4672 3 4721
3059 73 5431 4 5941
3060 24 2688 3 2996
3061 66 16129 2 16490
3062 34 21057 2 21108
3063 25 5928 3 6438
3064 67 25192 4 25609
3065 46 13128 3 13446
3066 61 8722 1 9246
3067 79 20328 1 20499
3068 3 20888 2 21023
3069 28 4103 1 4285
3070 9 24237 3 24756
3071 47 21537 4 21890
3072 27 17236 3 17422
3073 52 24477 1 24697
3074 14 12407 1 13441
3075 70 15803 1 15874
3076 50 23778 1 24330
3077 84 7508 1 7832
3078 28 17957 3 18429
3079 39 21340 2 21646
3080 56 25356 3 25776
3081 15 13716 2 14228
3082 9 5279 1 5417
3083 24 6850 1 7197
3084 14 8738 1 9186
3085 35 10242 7 10550
3086 34 19065 1 19179
3087 50 16633 1 16691
3088 44 7747 1 8137
3089 22 25653 2 25691
3090 53 14488 1 14759
3091 28 10665 3 10919
3092 31 10945 1 11143
3093 52 1650 2 1995
3094 15 7508 1 7697
3095 39 7508 1 7532
3096 4 13060 1 13532
3097 25 1297 2 1438
3098 28 24358 5 24905
3099 44 685 2 955
3100 25 17744 1 18278
3101 10 4150 3 4545
3102 92 1650 3 2054
3103 12 5472 4 6012
3104 70 22609 3 22706
3105 59 21397 2 21425
3106 40 22286 3 22568
3107 24 20142 1 20679
3108 80 8805 1 9253
3109 60 19473 2 19659
3110 8 24172 1 24489
3111 9 24237 3 24582
3112 36 21068 2 21261
3113 49 1297 2 1808
3114 34 16633 1 16972
3115 71 22500 2 22724
3116 78 25959 5 26023
3117 87 10665 4 10999
3118 44 18966 4 19211
3119 4 14858 1 15563
3120 15 15803 1 16149
3121 30 14835 4 14944
3122 64 18543 3 18923
3123 66 22889 2 23281
3124 52 1470 3 1650
3125 23 11163 2 11612
3126 61 9743 1 10131
3127 2 4424 2 5018
3128 52 11666 1 11897
3129 56 21481 1 21896
3130 15 11163 4 11612
3131 40 3911 1 4355
3132 77 23828 3 24304
3133 14 22286 2 23204
3134 85 19716 1 20119
3135 61 16129 2 16608
3136 28 18966 3 19140
3137 45 12407 1 12499
3138 93 5927 1 5935
3139 23 17005 2 17826
3140 30 5005 1 5055
3141 26 7268 1 7813
3142 34 10504 1 10689
3143 36 13716 1 13783
3144 65 4103 1 4470
3145 21 5587 2 6051
3146 91 21454 1 21789
3147 22 24602 1 25081
3148 81 19473 1 19874
3149 33 23503 3 23808
3150 93 3992 3 4406
3151 80 12407 1 12532
3152 52 7943 1 8162
3153 21 3573 3 3672
3154 30 25356 5 25791
3155 28 25582 1 26092
3156 52 19258 1 19298
3157 27 24602 3 24903
3158 24 3032 1 3540
3159 34 25356 4 25612
3160 44 25356 1 25728
3161 27 20485 1 21389
3162 4 8177 6 8668
3163 89 22489 3 22687
3164 32 23969 1 24146
3165 27 7508 2 8017
3166 44 98 1 238
3167 31 18069 2 18188
3168 27 23156 1 23278
3169 3 19122 1 19418
3170 2 14618 2 14774
3171 3 2794 4 3035
3172 46 5587 1 5966
3173 93 10015 4 10216
3174 52 20432 3 20565
3175 42 9563 5 9675
3176 22 1962 1 2754
3177 44 7747 4 8093
3178 60 18543 2 18995
3179 34 7686 1 8234
3180 80 10504 3 10909
3181 71 451 2 580
3182 43 4103 1 4534
3183 93 1297 3 1685
3184 22 7268 1 7759
3185 73 25472 6 25853
3186 23 21057 5 21548
3187 88 22396 4 22527
3188 46 6828 3 6865
3189 7 12530 1 12872
3190 30 20142 3 20188
3191 23 13391 1 13662
3192 52 23577 1 24079
3193 24 5279 3 5521
3194 52 1962 1 1975
3195 50 25356 1 25758
3196 13 14835 1 15248
3197 4 3961 5 4443
3198 27 13927 2 14059
3199 23 451 2 891
3200 24 17448 3 17622
3201 50 1135 1 1234
3202 64 16129 2 16269
3203 46 14867 1 15952
3204 39 6450 1 6461
3205 14 24477 1 24920
3206 15 10745 5 11050
3207 50 11163 1 11284
3208 44 23203 1 23338
3209 21 6828 4 7358
3210 22 6450 1 7165
3211 90 3911 1 4149
3212 81 13716 1 14261
3213 86 4778 1 4868
3214 33 11848 2 12132
3215 68 4778 4 5104
3216 52 17301 2 17807
3217 49 24638 3 24993
3218 81 16972 3 17284
3219 27 9106 1 9418
3220 60 21231 2 21389
3221 87 22660 3 22699
3222 3 8805 1 9017
3223 65 14618 1 15135
3224 34 14089 2 14588
3225 8 16129 2 16259
3226 40 21400 2 21846
3227 24 18083 2 18126
3228 52 12709 1 13121
3229 90 16691 2 17200
3230 92 16935 3 17008
3231 21 24722 4 25105
3232 33 24496 2 24696
3233 50 18966 7 19424
3234 24 531 2 798
3235 39 13138 4 13524
3236 39 9563 2 9871
3237 50 5437 1 6091
3238 6 1558 5 1666
3239 34 21481 1 21801
3240 60 24163 1 24476
3241 46 20383 1 22129
3242 34 22938 1 23485
3243 38 16129 1 16461
3244 13 21537 5 21924
3245 24 22415 1 22925
3246 7 16129 2 16656
3247 60 6450 3 6542
3248 24 18616 1 18873
3249 34 5683 2 5915
3250 14 20579 2 20764
3251 81 6850 1 7204
3252 46 14488 1 15053
3253 23 13716 4 14090
3254 49 10504 4 10581
3255 61 15568 1 15844
3256 92 14835 1 15020
3257 40 5928 1 6287
3258 8 10504 1 12426
3259 46 19143 1 19596
3260 11 1860 7 1956
3261 58 17780 1 18013
3262 84 21068 1 21128
3263 91 2466 1 2917
3264 8 19040 1 19067
3265 60 11327 4 11613
3266 23 19232 1 19471
3267 46 17252 2 17731
3268 16 3208 2 3756
3269 50 18291 4 18640
3270 25 25582 1 25737
3271 24 16129 1 16527
3272 52 6463 1 6536
3273 81 1710 1 2129
3274 78 25653 6 25896
3275 32 23546 4 23626
3276 44 15796 1 16221
3277 30 578 1 1054
3278 24 22489 1 22849
3279 66 14835 2 14954
3280 60 24496 4 24784
3281 36 4 1 389
3282 78 9743 1 9844
3283 4 5126 2 5319
3284 29 24759 1 24974
3285 61 3032 1 3407
3286 27 20679 2 21183
3287 46 11882 1 12556
3288 2 19987 3 20196
3289 52 7549 1 7686
3290 35 19143 2 19315
3291 66 95 1 514
3292 46 25582 3 25598
3293 8 2860 2 3416
3294 31 24879 1 24973
3295 57 11703 2 11989
3296 44 4732 1 5520
3297 7 11327 1 11413
3298 21 531 7 753
3299 56 12845 6 13059
3300 9 23972 2 24169
3301 52 1297 2 1961
3302 15 5472 5 5930
3303 36 4672 1 4685
3304 14 16935 1 16969
3305 82 11703 3 11850
3306 87 23778 2 24261
3307 38 19170 1 19470
3308 22 21981 2 22500
3309 1 18318 1 18535
3310 59 12653 2 12883
3311 68 18189 2 18399
3312 46 10580 1 10828
3313 39 7747 1 8161
3314 34 5645 1 6031
3315 5 21981 2 22437
3316 27 8177 3 8446
3317 43 8802 1 9251
3318 14 13060 4 13410
3319 78 24237 1 24350
3320 15 23203 1 23448
3321 50 14643 1 14899
3322 67 16691 3 17229
3323 61 20383 1 20916
3324 65 20003 2 20035
3325 27 13927 4 14362
3326 72 19170 1 19599
3327 27 16953 1 17243
3328 66 9743 2 10167
3329 29 21489 1 21747
3330 28 11098 2 11158
3331 14 23778 1 23959
3332 23 3208 2 3680
3333 60 13716 1 14074
3334 25 22035 1 22251
3335 82 5472 1 5656
3336 27 4458 3 4672
3337 42 451 1 580
3338 91 11327 1 11525
3339 29 20432 2 20485
3340 91 19701 6 20055
3341 52 18620 1 18915
3342 3 10996 4 11371
3343 64 19987 2 20515
3344 84 24759 2 25209
3345 13 6472 3 6858
3346 12 8805 1 9185
3347 33 5431 1 5808
3348 68 7508 5 7820
3349 30 16129 1 16298
3350 61 22500 1 22614
3351 85 1753 2 2225
3352 80 4103 2 4240
3353 14 14734 2 15083
3354 52 13441 2 13916
3355 33 17301 1 17783
3356 24 17744 1 17975
3357 16 4366 3 4834
3358 29 21981 2 22429
3359 22 14835 1 15089
3360 23 4366 1 4763
3361 29 1041 2 1374
3362 8 12530 1 13036
3363 78 14867 1 15261
3364 24 4217 2 4436
3365 60 21068 1 21591
3366 28 8661 3 9187
3367 50 3681 4 3953
3368 7 9743 1 10256
3369 44 10919 3 11308
3370 58 2052 1 2593
3371 23 23969 1 24228
3372 3 6251 1 6586
3373 24 949 1 1006
3374 21 24496 2 24955
3375 7 4366 3 4867
3376 52 24905 1 25668
3377 22 1041 1 1080
3378 25 3573 2 3802
3379 29 10665 2 10842
3380 93 21389 4 21919
3381 43 19315 1 19473
3382 27 1860 1 2896
3383 22 9563 2 9606
3384 91 246 2 496
3385 45 2466 1 2752
3386 39 11874 5 12086
3387 7 16454 1 16768
3388 46 3573 4 3689
3389 68 21057 4 21229
3390 46 20888 1 20933
3391 34 22382 2 22912
3392 71 25653 1 25734
3393 1 10242 2 10644
3394 71 21397 1 21710
3395 93 14618 3 14903
3396 56 2688 2 2990
3397 34 140 2 510
3398 9 10242 5 10409
3399 40 3813 2 3966
3400 24 866 1 1350
3401 27 5683 3 6094
3402 27 23953 2 24096
3403 22 13936 4 14010
3404 39 15796 3 16079
3405 21 18202 1 18494
3406 33 16129 3 16476
3407 93 4800 2 4815
3408 24 22609 1 22997
3409 35 2688 3 2885
3410 27 7129 1 7291
3411 27 21389 1 22070
3412 12 17975 1 18458
3413 27 17252 1 17357
3414 16 7268 1 7279
3415 28 19856 1 20483
3416 9 15316 3 15454
3417 91 24638 3 24757
3418 4 20328 1 20475
3419 43 14488 3 14959
3420 78 20453 7 20477
3421 37 24237 1 24571
3422 4 3573 1 3923
3423 71 22527 1 23026
3424 56 23503 2 23986
3425 52 16639 2 16792
3426 39 19987 2 20498
3427 39 19232 2 19399
3428 3 16454 1 16530
3429 18 25653 4 25901
3430 49 14835 1 15181
3431 22 12219 2 12732
3432 23 20383 1 20395
3433 35 19716 6 20236
3434 82 7747 3 8282
3435 52 20142 1 20432
3436 78 18174 1 18406
3437 83 2794 1 3071
3438 50 98 1 161
3439 3 8177 1 8378
3440 75 15580 2 15601
3441 12 3681 1 3809
3442 56 23310 4 23667
3443 46 17012 3 17546
3444 84 6850 3 7370
3445 11 22489 7 22803
3446 12 21068 1 21571
3447 31 6859 2 6970
3448 50 16129 3 16143
3449 7 7508 4 7840
3450 46 11551 1 11781
3451 61 1650 2 1929
3452 28 3573 1 4020
3453 9 17780 4 18329
3454 80 7648 2 8163
3455 15 14814 3 15132
3456 1 24905 1 25168
3457 24 8177 1 8564
3458 84 1753 1 2210
3459 52 14734 3 15278
3460 44 9743 3 9939
3461 34 20328 1 20428
3462 46 18543 5 18602
3463 52 6655 2 7129
3464 81 2570 1 2798
3465 61 3911 1 4067
3466 2 17236 1 17838
3467 45 19315 2 19668
3468 42 16129 1 16389
3469 34 9120 1 9180
3470 5 25669 1 25955
3471 31 15398 1 15513
3472 82 6850 1 7134
3473 3 11703 2 11828
3474 45 16557 1 17096
3475 23 1907 2 2467
3476 52 25764 2 26433
3477 82 16970 2 17461
3478 89 1753 1 2111
3479 24 20328 1 20497
3480 27 13301 2 13750
3481 56 23069 1 23270
3482 2 1102 1 1872
3483 82 7686 1 7733
3484 7 598 4 1053
3485 36 20432 1 20775
3486 46 23828 2 24163
3487 36 17975 5 18049
3488 34 14618 1 14790
3489 45 23503 1 24047
3490 63 1297 3 1581
3491 52 24759 2 24958
3492 77 11897 1 12285
3493 52 2466 2 2654
3494 85 10945 1 11167
3495 84 2466 1 2674
3496 46 13716 1 13927
3497 35 10919 2 11294
3498 7 11874 2 12005
3499 52 6463 2 6731
3500 86 19258 1 19495
3501 23 10919 4 11171
3502 36 6850 1 7227
3503 29 8177 1 8711
3504 15 5005 4 5285
3505 22 13301 1 13792
3506 14 22489 1 22534
3507 53 19987 2 20280
3508 79 7129 1 7559
3509 39 4366 5 4415
3510 16 9743 1 9871
3511 91 6859 3 6912
3512 21 16454 7 16747
3513 2 22236 2 22346
3514 79 17486 1 17570
3515 4 20432 4 20830
3516 23 19040 4 19211
3517 13 13138 6 13174
3518 50 2570 1 2875
3519 52 849 1 1049
3520 50 6182 2 6450
3521 37 11986 2 12269
3522 58 11874 3 11951
3523 93 7943 2 8405
3524 34 25653 3 26381
3525 30 17236 2 17486
3526 22 10093 2 10592
3527 23 24163 2 24496
3528 17 2878 2 3414
3529 14 18966 1 19618
3530 25 8802 6 8913
3531 14 11848 3 11864
3532 77 24358 1 24848
3533 37 2754 1 3118
3534 33 8564 2 8700
3535 84 1650 2 1714
3536 25 13927 4 14451
3537 82 23203 3 23284
3538 25 1650 1 2012
3539 66 18966 1 19384
3540 93 5005 3 5417
3541 23 24237 2 24409
3542 28 9503 3 9563
3543 7 4150 1 4289
3544 27 7759 1 8239
3545 58 11666 5 11817
3546 39 14618 3 15029
3547 7 14488 1 14900
3548 46 13225 1 13373
3549 2 22382 1 23310
3550 39 24759 1 25031
3551 44 3992 1 4383
3552 14 2794 2 3806
3553 22 8491 2 8891
3554 85 22889 2 22983
3555 43 10580 2 11039
3556 15 152 1 488
3557 52 20579 2 20791
3558 22 14734 1 14842
3559 39 2794 1 3179
3560 44 25764 2 26250
3561 21 4103 4 4529
3562 49 19315 1 19668
3563 56 21231 1 21470
3564 22 277 5 398
3565 58 17301 4 17725
3566 84 1907 1 2268
3567 78 18318 1 18791
3568 57 17780 1 18108
3569 46 13936 1 14540
3570 57 24930 4 25453
3571 22 15316 1 15383
3572 72 22889 1 22997
3573 64 4062 2 4222
3574 50 1650 1 2262
3575 11 14488 2 14897
3576 58 2850 4 3212
3577 46 23310 5 23546
3578 72 13927 2 14198
3579 91 10242 1 10376
3580 50 7686 1 7788
3581 85 11986 2 12076
3582 68 19987 2 20289
3583 27 25192 3 25669
3584 42 10919 1 11193
3585 89 14047 5 14312
3586 73 22609 1 22884
3587 14 9483 1 9503
3588 58 12530 4 13018
3589 24 13747 1 14047
3590 31 5005 1 5533
3591 25 22415 1 22938
3592 52 18543 1 18604
3593 66 11666 2 12190
3594 27 11874 1 12210
3595 7 25356 1 25511
3596 85 13391 1 13424
3597 22 451 1 598
3598 46 18069 1 18189
3599 85 3032 1 3073
3600 23 15803 3 15864
3601 8 17957 1 18263
3602 27 3032 3 3089
3603 35 11484 1 11952
3604 91 23310 2 23657
3605 90 18318 2 18653
3606 12 12407 3 12665
3607 31 13936 2 14103
3608 5 18202 6 18720
3609 33 24930 1 24976
3610 24 3681 1 3752
3611 14 22286 3 22345
3612 34 4103 1 4508
3613 25 2570 2 3016
3614 50 5126 1 5437
3615 35 16970 1 17100
3616 34 22396 1 22657
3617 52 16454 1 16501
3618 56 24358 3 24675
3619 15 3208 2 3505
3620 25 9563 1 9763
3621 2 13716 3 13874
3622 34 21231 1 21473
3623 27 24905 3 25123
3624 12 1331 1 1575
3625 18 23069 1 23106
3626 52 9106 1 9844
3627 46 1962 1 1991
3628 60 16454 1 16770
3629 68 8802 1 8939
3630 67 24358 3 24648
3631 44 16935 1 17471
3632 59 15316 3 15571
3633 7 22609 1 22699
3634 92 285 2 738
3635 25 13384 2 13400
3636 91 20432 2 20875
3637 33 21981 1 22491
3638 33 13936 1 14361
3639 50 19701 1 20024
3640 60 19746 1 20170
3641 63 10580 2 10985
3642 13 16935 3 17100
3643 33 20142 2 20405
3644 44 12530 2 13010
3645 68 16129 4 16270
3646 42 690 1 804
3647 91 5587 3 6131
3648 7 16691 3 16735
3649 36 22889 5 23413
3650 25 16129 2 16449
3651 21 24172 3 24341
3652 80 21486 2 21738
3653 61 1470 1 1547
3654 52 8564 3 9076
3655 8 19701 2 20162
3656 22 25959 1 26389
3657 8 13927 1 14242
3658 40 10919 1 11401
3659 64 24358 1 25633
3660 58 513 3 539
3661 13 16633 1 16747
3662 78 24722 1 24735
3663 91 1102 6 1458
3664 30 19987 1 20198
3665 24 7114 1 7788
3666 37 22889 4 23138
3667 85 1041 1 1090
3668 84 22396 2 22478
3669 80 2716 1 2794
3670 25 5587 2 5639
3671 73 1753 1 2005
3672 59 5005 1 5261
3673 34 13128 2 13335
3674 34 2466 1 2746
3675 8 22489 2 22660
3676 14 4732 1 4869
3677 11 25356 1 25581
3678 1 15580 2 15893
3679 27 3681 2 4059
3680 46 1135 1 1753
3681 39 5279 2 5622
3682 45 5472 2 5621
3683 39 26092 4 26458
3684 14 9503 1 9696
3685 23 23203 2 23675
3686 7 22415 4 22457
3687 90 9743 1 10004
3688 92 451 1 511
3689 3 3032 1 3092
3690 80 9743 3 9875
3691 39 18543 4 18844
3692 13 12653 5 12668
3693 64 17957 3 18246
3694 25 13441 2 13603
3695 29 18602 2 19003
3696 27 7114 1 7128
3697 67 3908 1 4013
3698 1 2604 3 3140
3699 91 6850 5 7295
3700 91 1907 1 2081
3701 48 13010 2 13412
3702 46 648 3 733
3703 14 23577 2 23907
3704 13 2746 1 3048
3705 59 1102 1 1460
3706 9 22660 8 23125
3707 12 20455 3 20629
3708 44 20328 4 20858
3709 16 25356 1 25868
3710 16 451 1 949
3711 44 2878 1 3404
3712 30 21489 2 21869
3713 12 22889 1 23301
3714 12 23310 1 23643
3715 86 598 1 967
3716 36 14488 2 14839
3717 7 13441 1 13563
3718 91 17957 1 18298
3719 52 9106 1 9354
3720 25 12219 4 12266
3721 27 6532 1 6883
3722 4 24638 2 25178
3723 91 3806 2 3825
3724 48 11897 1 12297
3725 46 2746 1 3209
3726 59 15580 2 15678
3727 18 22609 3 23020
3728 14 8512 1 8748
3729 34 3597 3 4103
3730 50 10504 1 10648
3731 58 4150 6 4699
3732 14 5928 1 6190
3733 7 21340 1 21401
3734 24 8177 2 8765
3735 80 18543 2 18769
3736 29 10093 1 10288
3737 49 6096 5 6350
3738 46 3364 2 3555
3739 50 16153 2 16633
3740 43 12219 3 12236
3741 23 9743 1 10287
3742 59 3364 1 3782
3743 57 15394 4 15854
3744 22 2850 3 3123
3745 30 11005 3 11200
3746 39 23778 3 23892
3747 64 21057 2 21459
3748 28 3734 1 4113
3749 16 8564 1 9075
3750 15 25653 4 25857
3751 31 14488 2 14661
3752 15 24759 5 25122
3753 22 16557 2 16745
3754 49 22489 4 22581
3755 57 19987 3 20245
3756 46 10015 1 10104
3757 64 3208 2 3507
3758 49 9743 3 10126
3759 9 15394 2 15568
3760 24 3573 1 4155
3761 24 6182 1 6445
3762 61 5126 1 5256
3763 28 5928 1 6413
3764 39 12530 1 12550
3765 78 24496 1 24712
3766 91 1470 2 1880
3767 52 16633 1 16953
3768 23 20453 1 20616
3769 82 4198 1 4544
3770 1 3208 1 3623
3771 52 16129 2 16303
3772 70 16454 2 16733
3773 84 13716 4 14014
3774 40 20494 3 20613
3775 8 22660 1 22678
3776 15 7943 1 8166
3777 68 4366 2 4434
3778 46 18291 1 18319
3779 28 15803 1 16252
3780 30 1907 1 2032
3781 18 21896 1 21921
3782 1 1509 3 1589
3783 84 23203 1 23622
3784 80 24638 1 24887
3785 80 25356 6 25869
3786 27 451 1 673
3787 71 23310 2 23739
3788 24 5279 1 5891
3789 56 22609 4 22772
3790 8 24489 1 24592
3791 25 20611 1 20941
3792 82 25356 2 25633
3793 64 6850 1 7108
3794 86 4800 1 5271
3795 50 23310 4 23432
3796 52 21754 3 21828
3797 70 16935 1 17029
3798 14 2794 1 3174
3799 13 15580 2 16126
3800 64 22500 3 22525
3801 12 26092 1 26568
3802 91 13128 5 13601
3803 84 23310 3 23487
3804 14 23503 3 23650
3805 93 8177 1 8195
3806 2 24602 1 25031
3807 24 22309 1 22415
3808 46 22286 1 22438
3809 37 7686 3 8188
3810 14 3208 3 3234
3811 23 5005 1 5122
3812 4 23069 4 23565
3813 22 22660 1 23351
3814 22 12732 2 13097
3815 1 22207 1 22633
3816 24 18543 3 19053
3817 10 20464 1 20747
3818 92 14858 1 15299
3819 52 13060 1 13332
3820 79 4103 3 4295
3821 2 10242 1 11435
3822 23 11666 1 12049
3823 82 17471 1 17912
3824 8 70 2 497
3825 28 23969 2 24450
3826 90 22889 1 23056
3827 46 1753 1 2100
3828 4 21481 4 21496
3829 67 4424 7 4516
3830 18 23503 1 24018
3831 15 20432 2 20941
3832 28 20888 2 21218
3833 91 17780 5 18277
3834 24 8802 2 9173
3835 27 3110 2 3502
3836 5 12530 4 12576
3837 29 12530 2 12791
3838 22 16454 2 16507
3839 21 14618 1 15035
3840 23 17957 1 18387
3841 4 19987 1 20278
3842 36 13301 2 13431
3843 68 24879 1 24958
3844 79 1135 1 1314
3845 31 16691 1 16962
3846 25 849 1 1174
3847 43 6828 4 6878
3848 12 18620 1 18730
3849 9 11897 6 12059
3850 9 16557 1 16915
3851 30 12779 2 13022
3852 75 8738 1 9042
3853 24 16935 1 17275
3854 66 22207 1 22363
3855 46 14026 4 14533
3856 34 14047 2 14089
3857 11 18318 5 18812
3858 31 13441 1 13714
3859 37 8661 2 8959
3860 36 12408 5 12683
3861 34 22609 1 23686
3862 14 10919 2 11178
3863 71 12407 3 12610
3864 81 20579 3 20886
3865 64 11561 2 11717
3866 58 22527 1 23013
3867 59 9563 1 9904
3868 46 11327 2 11882
3869 60 24879 3 25638
3870 7 5509 1 6010
3871 63 2052 1 2285
3872 28 16454 7 16625
3873 90 2794 2 3038
3874 11 6850 1 7103
3875 80 6251 2 6412
3876 61 7268 2 7306
3877 92 16129 1 16334
3878 68 1470 1 1606
3879 10 8805 2 8943
3880 23 2467 5 2670
3881 39 9871 2 10339
3882 68 14867 2 15118
3883 40 6450 2 6932
3884 3 6450 4 6505
3885 14 3806 2 4275
3886 93 9743 2 9822
3887 31 21340 2 21528
3888 70 1860 1 2368
3889 22 16129 1 16321
3890 56 25356 1 25781
3891 71 6450 2 6521
3892 4 7114 2 7378
3893 21 22207 7 22444
3894 58 23503 1 23801
3895 24 7223 2 7232
3896 61 20170 1 20188
3897 24 1650 1 2775
3898 27 20432 1 20649
3899 12 15316 4 15731
3900 45 16129 2 16373
3901 85 4366 1 4832
3902 23 18446 4 19040
3903 22 8357 1 8781
3904 34 1041 2 1112
3905 46 13128 2 13544
3906 81 9563 3 9982
3907 3 15394 2 15747
3908 58 19987 1 20211
3909 22 14618 1 14835
3910 46 19987 1 20326
3911 27 15351 2 15822
3912 91 8805 1 9001
3913 84 23778 4 23932
3914 22 6096 4 6297
3915 52 1650 1 2003
3916 27 9165 1 9841
3917 35 4062 5 4285
3918 46 8177 1 8566
3919 7 6472 2 6723
3920 45 21482 1 21934
3921 87 5598 2 5963
3922 36 22415 3 22867
3923 7 14618 1 14663
3924 25 16970 1 17230
3925 52 177 3 451
3926 72 9563 1 10060
3927 35 25192 1 25237
3928 48 3806 2 4335
3929 79 17744 6 18016
3930 91 10242 1 10344
3931 35 5928 2 6447
3932 40 9354 3 9467
3933 16 16129 1 16469
3934 36 15316 3 15330
3935 28 5279 2 5763
3936 27 19232 1 19278
3937 71 16557 1 16663
3938 50 4778 1 4903
3939 60 22938 3 23173
3940 7 18083 1 18206
3941 24 5126 1 5279
3942 60 10628 1 11263
3943 90 9743 1 10181
3944 23 14867 1 14926
3945 77 949 2 996
3946 81 14814 1 14941
3947 50 7686 3 8129
3948 24 7268 2 7631
3949 46 7549 1 8537
3950 31 5928 2 6039
3951 44 13138 4 13194
3952 52 19856 1 20078
3953 25 21537 1 21646
3954 84 2052 2 2543
3955 37 25653 1 26122
3956 25 20432 1 20592
3957 27 20328 1 20728
3958 27 2920 1 3190
3959 12 9743 1 9930
3960 24 19473 2 19652
3961 61 451 1 832
3962 52 21340 1 21481
3963 34 1907 1 2370
3964 24 22207 1 22309
3965 24 10677 1 11796
3966 30 16129 1 16347
3967 46 17744 2 17984
3968 87 5431 1 5522
3969 24 8805 1 9113
3970 4 17252 1 17743
3971 44 17744 1 17963
3972 8 13138 1 13822
3973 13 22382 2 22851
3974 23 21481 1 21517
3975 34 9203 1 9694
3976 13 11005 3 11365
3977 9 16129 1 16537
3978 56 3062 5 3424
3979 23 6655 3 7092
3980 82 42 3 83
3981 27 12530 1 12642
3982 36 15563 2 15919
3983 27 1860 1 1881
3984 81 3573 1 3798
3985 71 22035 2 22488
3986 56 2466 1 2878
3987 67 7943 4 8360
3988 34 21481 1 21833
3989 44 24358 1 25060
3990 68 11897 4 12252
3991 40 18069 4 18354
3992 24 19065 1 19296
3993 34 161 2 638
3994 44 21981 3 22216
3995 24 23069 1 24055
3996 46 25959 4 26263
3997 78 96 1 164
3998 91 11005 1 11379
3999 22 21218 1 21394
4000 46 2654 1 3178
4001 35 7508 2 7573
4002 29 14618 1 14888
4003 44 16454 2 16744
4004 29 8738 1 9250
4005 8 22207 1 22426
4006 35 5683 2 5883
4007 84 2873 1 3308
4008 63 1102 1 1247
4009 87 20003 4 20466
4010 73 24905 2 25169
4011 50 5431 1 6032
4012 24 19473 1 19493
4013 23 12643 4 12742
4014 83 24477 1 24490
4015 24 24070 1 24694
4016 8 4062 1 4355
4017 57 9563 3 9829
4018 66 14089 2 14401
4019 15 19987 3 20247
4020 79 22889 3 23429
4021 30 17422 3 17581
4022 22 11163 2 11484
4023 13 20888 5 21418
4024 31 16129 2 16672
4025 18 22207 3 22334
4026 14 460 3 690
4027 49 6450 3 6942
4028 52 22889 3 22959
4029 44 12530 3 12653
4030 74 23069 1 23531
4031 14 23969 2 24450
4032 61 7508 1 7975
4033 28 24905 1 25157
4034 35 8512 4 8942
4035 9 6450 1 6873
4036 22 3813 1 4055
4037 80 23310 1 23561
4038 53 19065 2 19398
4039 13 1509 1 1726
4040 27 13060 1 13358
4041 7 12407 1 12887
4042 27 12219 1 12595
4043 13 11327 2 11750
4044 33 25653 1 25888
4045 80 10945 2 11420
4046 9 21057 5 21586
4047 52 2688 1 2989
4048 35 14047 2 14208
4049 44 11797 2 11868
4050 40 23247 2 23613
4051 71 6251 2 6579
4052 1 3032 1 3155
4053 44 2466 1 2878
4054 27 8802 1 9165
4055 1 25582 2 25643
4056 28 2052 2 2716
4057 34 19233 2 19873
4058 85 19170 1 19624
4059 58 20888 5 21244
4060 58 25653 7 25742
4061 44 22286 1 22678
4062 4 21608 1 22098
4063 14 22835 2 23557
4064 12 6096 4 6542
4065 52 10628 1 11005
4066 31 13225 1 13366
4067 24 8805 1 9299
4068 82 3681 1 3782
4069 1 17780 1 18129
4070 52 17236 3 17362
4071 39 21981 3 22325
4072 24 12219 4 12408
4073 34 8815 1 9274
4074 77 3823 1 4167
4075 34 24905 2 25275
4076 52 8162 1 8667
4077 34 11163 2 11321
4078 23 4672 2 4778
4079 23 7648 1 8921
4080 87 22035 4 22160
4081 57 22889 4 23042
4082 46 24163 2 24494
4083 27 18446 1 18620
4084 46 14618 1 14867
4085 46 15316 5 15339
4086 58 24358 5 24389
4087 14 20142 2 20364
4088 36 6450 3 6551
4089 81 16454 2 16921
4090 46 5279 1 5430
4091 46 16129 1 16440
4092 91 25192 1 25739
4093 64 14488 5 14907
4094 39 13060 3 13114
4095 7 16454 2 16594
4096 50 9743 5 10077
4097 56 5598 1 5637
4098 60 22207 2 22610
4099 44 20888 2 21057
4100 77 9106 3 9153
4101 7 18263 4 18671
4102 46 22207 1 22286
4103 30 578 1 709
4104 78 24070 1 24086
4105 21 23546 4 23603
4106 33 20888 3 21074
4107 4 17744 1 18202
4108 44 4672 2 4697
4109 52 19471 2 19593
4110 46 11703 1 12452
4111 46 451 3 531
4112 2 25764 1 26622
4113 29 5005 2 5441
4114 23 16129 1 16446
4115 25 19987 2 20165
4116 29 38 1 200
4117 65 2467 1 2826
4118 52 9120 1 9402
4119 39 598 3 762
4120 7 24237 3 24750
4121 46 17836 1 17841
4122 35 16454 2 16560
4123 23 3911 1 3933
4124 46 6865 1 7350
4125 34 3573 2 4019
4126 27 4672 3 5005
4127 16 8177 2 8360
4128 85 22035 2 22413
4129 82 13544 1 13964
4130 15 8177 1 8268
4131 23 24496 3 24759
4132 8 20328 1 20779
4133 30 6859 1 7319
4134 77 451 2 880
4135 64 16454 2 17000
4136 93 17957 2 18178
4137 66 9180 2 9551
4138 60 709 1 930
4139 7 15316 2 15447
4140 50 17744 2 18067
4141 71 13936 1 14183
4142 14 8177 1 8678
4143 46 10665 1 10763
4144 23 21981 5 22152
4145 59 10628 5 11110
4146 46 16129 2 16518
4147 27 24759 1 25301
4148 44 19258 2 19497
4149 28 19987 1 20066
4150 39 9235 1 9243
4151 10 21489 1 21731
4152 14 6190 1 6251
4153 81 24358 2 24790
4154 44 23778 1 25122
4155 46 18602 1 19143
4156 52 13384 1 13581
4157 29 3806 2 4347
4158 52 7686 1 7943
4159 81 2646 1 2654
4160 84 17301 1 17684
4161 35 22889 2 22926
4162 87 1509 1 1671
4163 46 22286 2 22861
4164 79 16691 1 16976
4165 44 13010 3 13138
4166 46 2052 2 2132
4167 14 16970 1 17061
4168 24 4732 3 5265
4169 3 21068 2 21531
4170 92 4366 1 4423
4171 47 637 2 682
4172 4 23778 1 23981
4173 56 2570 2 2965
4174 34 17957 1 18772
4175 35 25356 6 25727
4176 61 6450 1 6646
4177 33 1907 3 2442
4178 64 12530 3 12819
4179 22 14835 2 15147
4180 49 22609 4 23119
4181 36 25653 2 25907
4182 27 24658 1 25192
4183 16 3961 1 4091
4184 43 5472 1 5644
4185 37 11005 1 11156
4186 8 6182 1 6409
4187 34 18966 1 19233
4188 37 24958 2 25390
4189 28 22207 4 22507
4190 25 25356 2 25796
4191 28 16129 4 16454
4192 46 14047 2 14286
4193 52 16953 3 17070
4194 5 25764 2 25896
4195 15 21397 1 21671
4196 8 10580 1 11080
4197 34 14814 3 15351
4198 84 15316 1 15569
4199 29 4366 2 4515
4200 50 2052 1 2469
4201 87 22207 1 22558
4202 14 20579 2 20987
4203 22 898 1 1295
4204 61 1102 1 1476
4205 28 23310 1 23796
4206 2 22035 2 22236
4207 8 21482 2 21977
4208 22 21057 1 21102
4209 27 16454 1 16801
4210 24 14734 1 14814
4211 4 23969 1 24312
4212 15 24494 1 24553
4213 28 7747 6 8066
4214 64 1297 3 1841
4215 71 10628 1 10991
4216 24 11874 1 12141
4217 66 13441 2 13554
4218 28 21537 1 22035
4219 1 11327 1 11565
4220 81 7768 1 7791
4221 2 10628 2 10996
4222 14 11848 1 12105
4223 60 16970 1 17267
4224 24 23203 3 23503
4225 34 10093 1 10587
4226 34 21231 4 21400
4227 8 16454 2 16785
4228 2 10242 1 10443
4229 71 5509 2 5895
4230 1 14047 2 14158
4231 84 25356 3 25573
4232 45 2873 2 3319
4233 27 2466 2 2581
4234 13 5928 4 6064
4235 46 4732 3 5206
4236 1 20453 3 20885
4237 52 13138 2 13588
4238 52 5399 1 5683
4239 86 13441 2 13610
4240 1 5928 2 5943
4241 24 6004 1 6154
4242 39 8177 1 8272
4243 93 120 4 352
4244 22 19987 2 20025
4245 52 5587 1 5928
4246 27 11327 2 12036
4247 41 22415 1 22869
4248 44 8738 3 8802
4249 23 12742 1 13245
4250 44 10504 3 10750
4251 36 21357 4 21416
4252 24 10093 1 11672
4253 82 21981 1 22138
4254 34 9180 1 9218
4255 82 24602 2 25108
4256 44 13615 1 14104
4257 24 24879 1 24947
4258 27 24163 1 24405
4259 82 18966 2 19176
4260 89 2052 5 2428
4261 80 24477 2 24578
4262 25 25764 1 26055
4263 64 2052 2 2214
4264 31 7747 1 8118
4265 8 531 3 737
4266 12 14047 1 14322
4267 14 10794 1 11138
4268 61 13716 1 13748
4269 31 23778 2 24218
4270 39 2466 4 2725
4271 46 9743 1 10282
4272 34 21981 1 22250
4273 93 10242 3 10336
4274 24 13128 3 13615
4275 2 2688 1 3124
4276 34 20679 1 21048
4277 27 112 1 1063
4278 24 3062 1 3208
4279 52 11986 3 12078
4280 28 22527 2 22541
4281 50 14643 1 14869
4282 2 628 2 809
4283 46 10580 4 10748
4284 57 9122 1 9296
4285 52 21357 4 21754
4286 64 17975 2 18389
4287 24 24638 1 24825
4288 46 3882 1 4674
4289 13 16129 1 16213
4290 9 6256 4 6265
4291 52 10386 1 10393
4292 46 16557 2 16760
4293 36 1102 3 1429
4294 49 16129 3 16262
4295 56 5126 1 5235
4296 7 4932 3 5318
4297 2 25653 1 25751
4298 93 2052 1 2071
4299 45 8661 1 8920
4300 42 22396 2 22898
4301 77 22035 3 22558
4302 14 13441 1 14110
4303 34 24920 1 25167
4304 45 17780 1 17865
4305 42 22415 1 22945
4306 11 6850 1 7123
4307 14 14026 1 14608
4308 25 2746 2 2931
4309 1 14618 2 15116
4310 14 7943 2 8486
4311 24 19716 1 19859
4312 50 23828 1 24163
4313 60 451 2 699
4314 56 23203 2 23704
4315 12 4003 1 4169
4316 84 7943 2 8389
4317 71 849 1 1044
4318 50 25764 3 26265
4319 48 20455 2 20664
4320 78 24163 2 24583
4321 27 5483 1 5587
4322 35 6850 2 7379
4323 33 22500 5 23036
4324 24 19315 1 19746
4325 35 949 2 1224
4326 7 1470 4 2001
4327 14 10242 1 10848
4328 24 4377 1 5038
4329 10 19987 2 20419
4330 31 4800 1 4866
4331 22 11484 1 11977
4332 8 9563 1 10348
4333 28 33 2 197
4334 21 6251 1 6767
4335 25 598 1 778
4336 36 21828 2 22294
4337 29 9563 1 9574
4338 38 1470 2 1562
4339 29 15316 1 15435
4340 60 25 3 404
4341 49 17513 5 17687
4342 24 17275 1 17448
4343 29 19471 2 19945
4344 17 12530 2 12625
4345 22 21397 2 21535
4346 46 16129 1 16663
4347 44 9122 3 9270
4348 77 10242 1 10545
4349 70 16454 1 16500
4350 84 7114 1 7128
4351 28 22609 1 23133
4352 27 1650 1 1907
4353 27 21754 1 22040
4354 75 7268 2 7672
4355 49 3681 2 4043
4356 34 4103 4 4393
4357 27 15035 3 15043
4358 10 559 2 1018
4359 49 14618 2 14764
4360 25 24759 3 25156
4361 56 8177 1 8714
4362 28 1650 2 1917
4363 37 1135 8 1269
4364 23 1558 1 1646
4365 44 11163 1 11326
4366 3 8564 4 8803
4367 86 20679 1 20817
4368 66 1470 1 1905
4369 9 7268 1 7540
4370 28 15316 4 15803
4371 34 20987 3 21231
4372 4 18202 1 19315
4373 85 2467 1 2798
4374 28 14740 1 15276
4375 14 10628 3 10769
4376 4 6419 1 6464
4377 44 4732 3 5101
4378 8 18915 3 19018
4379 3 1710 1 1736
4380 71 20432 1 20785
4381 73 1650 5 1671
4382 53 685 2 991
4383 91 2052 1 2510
4384 7 17975 1 18454
4385 65 17622 1 17664
4386 8 13301 1 13333
4387 46 2132 1 2570
4388 42 7686 1 7780
4389 56 5018 1 5236
4390 43 19701 1 19969
4391 58 15316 3 15711
4392 7 22660 1 23167
4393 8 18263 1 18768
4394 52 2794 3 3032
4395 64 8564 4 8840
4396 48 24958 2 25081
4397 31 11718 1 12129
4398 80 2466 3 2630
4399 64 531 1 1106
4400 57 1575 3 2038
4401 34 6850 1 6906
4402 46 10794 1 11551
4403 92 25356 1 25704
4404 8 15124 1 15545
4405 30 1300 1 1765
4406 79 21057 2 21352
4407 34 8177 3 8512
4408 7 3467 1 3474
4409 22 16454 2 16856
4410 80 4800 4 4883
4411 27 17957 1 18511
4412 7 25653 1 26016
4413 81 1297 1 1346
4414 73 1907 5 2420
4415 24 8564 1 8805
4416 39 25764 4 25916
4417 44 3062 1 3397
4418 8 17744 1 17817
4419 25 1470 1 1938
4420 10 5437 3 5956
4421 15 13747 1 14272
4422 21 15316 5 15662
4423 49 4366 2 4819
4424 8 13010 2 13144
4425 58 24172 1 24567
4426 33 19258 2 19682
4427 93 16454 1 16561
4428 37 4103 2 4368
4429 58 1860 1 1997
4430 80 19040 2 19302
4431 8 6450 2 6850
4432 63 22396 2 22685
4433 21 24958 1 24972
4434 4 19987 5 20351
4435 7 22527 1 22598
4436 24 16129 1 16268
4437 30 6865 2 6908
4438 34 16129 1 16556
4439 43 451 2 549
4440 23 24759 4 25266
4441 24 9743 1 10244
4442 81 264 1 736
4443 87 11945 3 12201
4444 46 20142 1 20368
4445 50 4932 1 4954
4446 27 18083 3 18328
4447 31 17301 2 17699
4448 90 23069 2 23245
4449 60 25653 3 26102
4450 67 7768 2 8296
4451 87 19233 1 19262
4452 39 14734 2 15185
4453 79 12779 3 12987
4454 42 20453 2 20661
4455 28 13128 1 13594
4456 80 21981 1 22453
4457 34 22207 2 22595
4458 45 22889 1 22992
4459 11 17780 4 18261
4460 77 3110 1 3376
4461 15 9743 1 10198
4462 80 16454 3 16693
4463 64 5950 1 6269
4464 61 3573 1 3610
4465 68 6450 1 6827
4466 59 24477 2 24751
4467 82 10015 1 10165
4468 50 18966 1 19119
4469 92 11874 2 12259
4470 57 22527 2 22684
4471 46 3734 1 4009
4472 49 17744 5 18164
4473 61 16633 1 16764
4474 25 12845 4 13378
4475 73 8564 5 8658
4476 28 17236 1 17744
4477 23 13544 4 14002
4478 68 18663 2 19011
4479 49 1041 1 1230
4480 73 20464 3 20540
4481 39 6472 3 6992
4482 59 25764 5 25791
4483 45 1331 1 1580
4484 5 25356 1 25436
4485 10 15631 2 15867
4486 49 18966 2 19307
4487 40 6850 2 6997
4488 22 16129 1 16300
 调度评估结果
1. 任务等待评估 (Σ 等待×权重): 101631263
2. 任务完成评估 (最大完成时间): 26694
3. GPU显存空闲评估 (平均空闲): 19229.09 GB/时间片
 额外统计
已调度任务               : 4488/4488
平均等待时间            : 3273.54
各服务器任务分布      : 服务器1=60, 服务器2=61, 服务器3=57, 服务器4=64, 服务器5=20, 服务器6=5, 服务器7=107, 服务器8=72, 服务器9=59, 服务器10=20, 服务器11=50, 服务器12=44, 服务器13=34, 服务器14=116, 服务器15=65, 服务器16=50, 服务器17=2, 服务器18=15, 服务器19=5, 服务器21=56, 服务器22=121, 服务器23=88, 服务器24=196, 服务器25=68, 服务器26=10, 服务器27=176, 服务器28=121, 服务器29=52, 服务器30=69, 服务器31=55, 服务器32=12, 服务器33=54, 服务器34=155, 服务器35=63, 服务器36=58, 服务器37=27, 服务器38=13, 服务器39=81, 服务器40=31, 服务器41=2, 服务器42=22, 服务器43=39, 服务器44=103, 服务器45=43, 服务器46=161, 服务器47=10, 服务器48=15, 服务器49=56, 服务器50=106, 服务器52=189, 服务器53=8, 服务器54=2, 服务器55=4, 服务器56=56, 服务器57=34, 服务器58=55, 服务器59=28, 服务器60=67, 服务器61=69, 服务器63=19, 服务器64=56, 服务器65=17, 服务器66=31, 服务器67=29, 服务器68=48, 服务器70=22, 服务器71=45, 服务器72=11, 服务器73=35, 服务器74=3, 服务器75=14, 服务器77=37, 服务器78=32, 服务器79=39, 服务器80=59, 服务器81=63, 服务器82=61, 服务器83=8, 服务器84=64, 服务器85=32, 服务器86=27, 服务器87=42, 服务器88=1, 服务器89=15, 服务器90=34, 服务器91=72, 服务器92=32, 服务器93=59
