1 5 10889 1 11434
2 7 2247 2 2431
3 11 11387 1 11646
4 5 8696 1 8955
5 10 8179 1 9054
6 13 7725 1 7910
7 12 7942 5 8043
8 2 3158 3 3219
9 4 7602 4 7940
10 15 350 2 1227
11 5 3445 2 3834
12 4 11297 3 11375
13 3 11332 1 11760
14 10 11608 2 11643
15 16 8448 1 8589
16 10 5632 1 5910
17 5 10523 1 11152
18 15 9248 3 9313
19 7 9111 1 9625
20 3 7028 1 7817
21 10 9031 2 9553
22 8 6127 2 6578
23 3 6399 2 7028
24 10 7266 3 7792
25 15 3473 3 4123
26 10 9967 1 10775
27 12 1682 1 1850
28 10 3794 1 3809
29 2 11441 1 11688
30 1 702 1 1258
31 9 1737 1 2350
32 15 1581 1 2035
33 15 203 4 269
34 5 3666 1 3787
35 15 11906 2 11960
36 11 2357 5 2971
37 15 5757 1 6354
38 11 5155 2 5288
39 3 1045 1 1510
40 12 11997 3 12365
41 10 2032 1 2273
42 11 10325 2 10683
43 5 8562 1 8626
44 10 11135 2 11608
45 12 7028 1 7056
46 16 7526 1 7633
47 11 11015 1 11302
48 1 3761 3 3940
49 11 10405 2 10496
50 3 2531 1 3084
51 11 144 2 732
52 3 937 1 1260
53 11 8495 1 8923
54 12 3246 2 3456
55 5 3357 4 3436
56 1 8249 1 8410
57 2 7225 3 7237
58 2 11042 1 11405
59 15 3016 2 3233
60 2 3739 1 4275
61 15 7046 2 7061
62 11 5403 1 5670
63 10 1289 2 1804
64 1 2442 3 2740
65 16 2307 1 2318
66 13 11972 3 12045
67 10 7234 1 7744
68 15 2434 2 2799
69 3 9047 2 9171
70 10 6350 1 6519
71 10 862 2 1142
72 15 11447 2 12087
73 5 3036 1 3636
74 8 1244 1 1287
75 4 6741 2 6903
76 6 10278 2 10617
77 16 3894 1 4361
78 7 7365 1 7523
79 5 11251 1 11611
80 4 4393 2 4986
81 15 10726 3 10940
82 2 10962 2 10981
83 3 2535 1 2956
84 15 10670 1 10727
85 15 8976 3 9469
86 7 3074 1 3178
87 1 1387 6 1899
88 10 6543 1 6814
89 2 2177 1 2297
90 6 1127 2 1727
91 1 937 1 1462
92 1 5581 1 6505
93 3 4260 1 4904
94 12 6485 3 7001
95 11 6898 4 7004
96 3 5676 1 5783
97 10 9283 2 9494
98 15 5714 2 5972
99 15 406 2 1042
100 7 193 1 540
101 7 11953 2 12233
102 8 2258 1 2559
103 16 6849 2 7481
104 16 5301 1 5878
105 2 3312 3 3648
106 11 4506 1 4681
107 12 8485 1 8936
108 15 2397 2 2425
109 15 6172 1 6979
110 10 8293 4 8412
111 15 653 1 1184
112 10 5386 1 6315
113 12 2281 2 2925
114 2 10464 2 10684
115 3 5258 2 5295
116 1 3821 2 3971
117 3 10003 2 10208
118 8 937 1 1545
119 10 8413 1 8475
120 11 6618 2 6649
121 1 4515 1 4971
122 10 676 3 862
123 12 7543 2 7721
124 11 7036 1 7053
125 11 8347 1 8889
126 5 6386 1 7028
127 4 377 1 578
128 10 5108 1 5290
129 11 11473 2 11734
130 3 10690 2 10913
131 15 1094 2 1184
132 11 5636 2 6100
133 1 9960 1 10789
134 10 6312 2 6689
135 16 10142 1 10439
136 8 4947 1 4985
137 5 5639 1 6156
138 15 10531 2 10718
139 11 6172 2 6457
140 15 6232 2 6273
141 2 322 2 925
142 10 7952 1 7983
143 16 7527 1 7601
144 2 673 1 976
145 3 4490 1 4783
146 2 7453 3 7558
147 5 3821 1 4399
148 4 2976 1 3275
149 11 9435 3 9769
150 11 1069 5 1291
151 10 7 2 636
152 15 8607 3 8976
153 10 9770 3 9820
154 15 9055 4 9118
155 16 6360 1 6834
156 2 5420 1 5962
157 2 100 2 196
158 11 7265 4 7850
159 3 11906 2 12092
160 10 5180 4 5441
161 12 3536 3 3941
162 15 5108 1 5233
163 10 4508 1 4801
164 12 8100 2 8457
165 12 5289 3 5713
166 15 11496 4 11625
167 3 11906 1 12497
168 1 8723 2 8884
169 12 10276 3 10714
170 8 676 1 1149
171 1 7470 3 7716
172 3 1597 1 2004
173 10 4690 1 4783
174 2 1397 2 1690
175 1 66 3 433
176 1 3013 1 3289
177 3 7537 1 7562
178 10 11906 6 12012
179 10 5932 1 6229
180 7 9950 1 10178
181 10 1672 1 2145
182 2 8837 1 9469
183 15 2256 2 2621
184 10 4820 3 5180
185 15 1489 2 1778
186 5 8007 1 8117
187 3 321 1 937
188 10 9342 4 9889
189 10 10800 1 11095
190 15 3535 3 4078
191 15 5710 4 6172
192 3 6011 2 6393
193 1 4217 1 4616
194 10 10133 2 10674
195 3 10467 2 10596
196 12 9563 1 9656
197 10 6729 2 7107
198 10 6527 2 7177
199 15 4726 1 4853
200 6 5173 1 5532
201 6 6657 1 6984
202 11 3960 1 4421
203 10 11126 1 11906
204 3 7195 1 7471
205 11 8001 1 8017
206 1 10998 1 12497
207 7 10905 1 11012
208 15 1715 2 2007
209 10 8621 3 9033
210 15 6979 1 7312
211 10 7757 4 8251
212 10 10724 1 10750
213 4 3427 2 3701
214 7 3378 1 3664
215 1 535 3 816
216 4 4419 1 5044
217 1 2062 1 2353
218 16 9343 1 9974
219 1 4482 1 4614
220 3 4801 1 5389
221 10 951 2 1559
222 3 3783 1 4323
223 15 4640 5 5108
224 15 11906 2 12554
225 16 3172 1 3798
226 15 2689 1 4138
227 5 3453 1 3933
228 16 8600 1 9095
229 1 4724 1 5255
230 6 7526 2 8068
231 15 2721 3 3219
232 7 89 1 112
233 11 3398 1 3602
234 10 3893 1 3912
235 13 7823 2 7960
236 5 2761 5 3324
237 3 5300 1 5364
 调度评估结果
1. 任务等待评估 (Σ 等待×权重): 20239
2. 任务完成评估 (最大完成时间): 12554
3. GPU显存空闲评估 (平均空闲): 3209.73 GB/时间片
 额外统计
已调度任务               : 237/237
平均等待时间            : 11.24
各服务器任务分布      : 服务器1=20, 服务器2=16, 服务器3=25, 服务器4=8, 服务器5=15, 服务器6=5, 服务器7=10, 服务器8=6, 服务器9=1, 服务器10=42, 服务器11=23, 服务器12=14, 服务器13=3, 服务器15=37, 服务器16=12
