1 7 5420 3 5935
2 11 6033 1 6067
3 40 10901 2 11333
4 29 531 1 907
5 22 6553 3 7019
6 8 3792 2 3819
7 14 1447 1 1961
8 28 3437 6 3881
9 6 8530 4 8840
10 36 4583 1 4973
11 40 8764 1 9069
12 6 1371 3 1660
13 4 2996 1 3001
14 14 11505 1 11567
15 4 196 3 239
16 19 11903 4 12145
17 40 2091 1 3130
18 33 3820 3 4133
19 38 1040 1 1504
20 17 5057 1 5232
21 24 10518 2 10676
22 39 10240 4 10702
23 29 5253 1 5433
24 6 10500 1 10968
25 29 2527 2 2691
26 29 10351 1 10813
27 29 2750 1 2917
28 10 4701 1 4789
29 7 3569 4 3852
30 40 1546 2 1585
31 21 10500 2 10990
32 5 3519 3 3934
33 6 1683 1 2023
34 7 1282 6 1483
35 6 2686 3 3056
36 18 10240 4 10631
37 20 1647 1 1905
38 7 10602 1 10896
39 29 4243 1 4462
40 33 6 1 544
41 13 9543 3 9769
42 34 4583 3 4606
43 8 3820 1 3903
44 25 6157 4 6629
45 40 4583 1 5068
46 38 7553 5 7559
47 7 951 3 1249
48 11 2824 2 2910
49 6 6612 1 6929
50 29 3772 1 3867
51 22 4703 1 4845
52 33 2739 5 2865
53 4 1399 2 1755
54 40 10067 2 10616
55 27 10240 6 10489
56 25 8408 2 8609
57 13 3772 2 3829
58 37 10456 1 10959
59 6 11684 1 13185
60 4 6040 4 6392
61 30 4583 3 4604
62 37 7839 1 7983
63 11 9565 3 9972
64 17 4828 1 5201
65 10 6175 2 6358
66 6 8197 1 8395
67 25 3130 3 3374
68 18 11419 1 11840
69 25 5417 1 5844
70 31 10240 3 10575
71 37 1851 3 1953
72 16 7308 1 7435
73 35 5032 2 5325
74 1 5032 2 5068
75 40 7839 1 8380
76 31 1208 1 1437
77 11 1919 3 2135
78 40 8380 1 8485
79 29 7839 2 8382
80 11 7108 2 7304
81 11 11832 1 12314
82 4 11595 5 11826
83 4 7688 3 8080
84 31 5523 3 5967
85 13 1216 4 1494
86 38 6392 3 6422
87 6 119 1 382
88 4 7839 2 7989
89 29 3437 2 3772
90 8 3792 4 4052
91 27 4583 1 4926
92 25 1840 2 2224
93 13 51 2 199
94 11 11683 1 12089
95 29 1626 2 1654
96 40 7673 4 8004
97 8 5413 5 5773
98 4 2021 1 2533
99 11 8777 1 9309
100 32 9040 4 9507
101 25 1444 1 1480
102 40 11240 2 11429
103 13 8443 1 8819
104 36 3772 3 4119
105 25 9898 1 11148
106 40 4583 1 4828
107 6 10986 2 11439
108 11 2506 1 2591
109 26 7867 4 8212
110 4 6918 1 7417
111 3 9407 1 9876
112 39 11652 4 11675
113 25 7441 2 7839
114 36 5255 2 5542
115 14 3772 1 3974
116 20 902 1 960
117 31 9633 2 9674
118 30 9517 1 9638
119 37 247 4 769
120 13 6954 5 7138
121 33 7441 3 7845
122 25 8087 2 8384
123 10 4701 1 4850
124 25 7250 1 7441
125 11 1834 1 2234
126 36 6617 2 6759
127 22 8197 7 8681
128 11 5660 2 6026
129 4 11830 1 12165
130 4 10492 1 10792
131 31 82 2 100
132 6 9479 1 9756
133 18 10240 1 10618
134 29 11155 3 11435
135 8 8744 3 9024
136 7 10283 4 10360
137 39 4583 3 4735
138 10 4132 2 4141
139 13 1639 1 2147
140 37 10240 3 10274
141 8 10412 1 10614
142 29 5891 1 6157
143 11 5032 4 5110
144 6 5816 3 6033
145 11 434 1 530
146 11 11319 2 11796
147 4 5032 1 5660
148 11 8087 1 8234
149 38 6454 1 6528
150 36 9899 2 10421
151 40 6705 2 6762
152 4 1753 4 1947
153 40 11612 3 12087
154 37 5203 3 5693
155 6 10412 1 10657
156 11 3437 1 3885
157 28 5708 2 6224
158 13 7839 5 8366
159 16 7839 1 7968
160 6 7244 2 7626
161 7 11626 1 11919
162 8 5032 1 5330
163 36 1480 1 1788
164 25 8197 1 8503
165 25 5954 2 6147
166 38 4701 3 5116
167 40 6523 1 6598
168 29 2372 2 2689
169 4 10067 1 10603
170 27 3772 4 4042
171 7 8197 1 8568
172 6 1728 2 2172
173 40 3569 1 3877
174 25 4243 1 4499
175 11 6572 2 7015
176 6 6157 1 6569
177 26 11328 1 11855
178 25 213 2 494
179 29 10067 4 10351
180 13 538 4 889
181 29 10240 4 10273
182 18 8444 5 8791
183 16 5032 2 5349
184 7 3772 2 4250
185 34 4701 3 4854
186 4 850 2 1218
187 26 4735 4 4828
188 4 3820 1 4254
189 8 7839 4 8118
190 29 10240 2 10540
191 40 8547 1 8745
192 23 4828 2 5127
193 28 6157 2 6454
194 40 308 3 502
195 4 10653 3 10850
196 40 9339 1 9607
197 40 6157 1 6523
198 29 8281 2 8490
199 40 4583 2 4808
200 29 11963 6 12244
201 6 2181 1 2573
202 37 1442 1 1732
203 4 4501 1 5004
204 33 6040 2 6510
205 36 3061 4 3403
206 13 11833 2 12097
207 4 3569 1 4055
208 29 4501 1 4701
209 31 681 2 814
210 13 3437 2 3466
211 29 5085 2 5569
212 4 6040 1 6765
213 6 514 4 663
214 25 9183 2 9219
215 29 11857 2 11922
216 4 2942 1 3345
217 16 11877 5 11991
218 8 5660 1 5699
219 13 2809 1 3228
220 6 7867 3 8197
221 37 4701 3 5163
222 37 4701 1 5045
223 23 8283 2 8378
224 6 10674 2 10857
225 11 7626 1 7948
226 6 5129 2 5616
227 33 10240 1 10747
228 36 2648 2 3039
229 6 9756 3 9798
230 4 9584 1 9954
231 20 3792 2 4316
232 4 8562 3 8798
233 29 11896 3 12385
234 21 7839 1 7982
235 8 10240 5 10477
236 40 11381 1 11987
237 25 10283 1 10824
238 36 11660 3 11828
239 10 4828 2 4868
240 14 1216 1 1382
241 20 7233 4 7335
242 22 9015 1 9533
243 11 9405 1 9525
244 9 4885 2 5196
245 21 8197 4 8581
246 29 7232 1 7703
247 20 5660 2 6078
248 40 7323 1 7667
249 4 926 2 1412
250 20 5073 1 5521
251 40 1607 3 2067
252 40 4139 1 6060
253 19 8197 2 8363
254 37 8361 3 8788
255 18 5660 2 5744
256 8 8974 1 9435
257 29 8087 4 8227
258 25 2915 1 3792
259 30 10690 2 11238
260 18 4583 1 4781
261 11 8344 1 8352
262 29 1402 2 2063
263 29 2918 1 3447
264 32 10240 6 10439
265 39 7301 2 7833
266 19 6266 3 6542
267 36 5660 3 5918
268 18 9038 7 9314
269 33 11200 4 11355
270 25 3437 4 3893
271 13 5472 3 5750
272 28 5682 1 5776
273 31 7122 3 7627
274 34 1305 5 1560
275 4 10850 7 11329
276 25 850 4 1321
277 19 1440 3 1754
278 40 6284 3 6622
279 40 11437 2 11479
280 7 6368 2 6818
281 6 8380 1 8535
282 36 9399 3 9863
283 28 8795 2 8815
284 25 612 1 728
285 29 926 2 1066
286 31 1586 1 1736
287 30 7293 2 7547
288 33 9489 1 9584
289 25 11637 4 11685
290 13 6701 1 6755
291 37 902 2 1101
292 20 4701 4 5113
293 25 4583 3 5114
294 33 8087 1 8216
295 29 10373 2 10999
296 1 5684 2 5835
297 27 6586 4 6635
298 36 98 2 449
299 18 8523 1 8565
300 6 6033 3 6253
301 14 7839 1 8383
302 33 1263 1 1660
303 24 10240 6 10757
304 27 11516 7 11991
305 21 8906 1 9188
306 14 223 5 732
307 2 3820 2 4016
308 29 11069 3 11643
309 33 9597 1 9988
310 29 2185 1 2514
311 25 5274 2 5912
312 25 2943 5 3113
313 36 6523 2 6597
314 18 5114 3 5578
315 25 1416 1 1762
316 33 11419 2 11848
317 25 5859 1 6359
318 11 57 1 205
319 25 10981 3 11267
320 20 542 1 686
321 40 10589 1 10901
322 29 9514 3 9603
323 6 11093 1 11587
324 36 7839 1 8377
325 36 5032 5 5070
326 25 3437 1 3690
327 37 10240 2 10666
328 18 6359 2 6778
329 40 2283 1 2799
330 25 11173 4 11623
331 25 5660 2 5882
332 6 204 2 294
333 37 5299 1 5398
334 20 10240 2 10595
335 29 4701 2 5194
336 25 7441 3 7637
337 25 2284 3 2754
338 39 1361 6 1587
339 7 4664 4 4933
340 20 2912 1 3064
341 35 4701 1 5037
342 4 10901 4 11449
343 14 10240 2 10404
344 1 8103 3 8558
345 1 10240 3 10435
346 25 2044 4 2127
347 29 2086 1 2340
348 29 5454 1 5891
349 31 8087 3 8212
350 4 4501 4 4537
351 4 4583 4 5032
352 25 1640 1 1840
353 6 5032 2 5809
354 18 69 1 465
355 36 61 4 93
356 6 4501 1 5016
357 6 8087 2 8322
358 4 6392 1 7782
359 26 4583 2 4609
360 7 5098 4 5128
361 20 296 3 502
362 22 10240 7 10252
363 16 5421 3 5551
364 30 673 3 879
365 8 9069 1 9466
366 29 9539 2 9993
367 11 1200 4 1468
368 4 5660 1 6040
369 11 1555 2 1853
370 35 10351 1 10705
371 40 6598 1 6945
372 22 6363 2 6772
373 7 1102 4 1549
374 40 7300 1 7673
375 40 349 1 1245
376 33 11966 1 12477
377 4 2539 4 2972
378 1 10446 2 10842
379 40 6033 2 6441
380 29 372 4 768
381 22 407 1 855
382 29 11742 1 11856
383 40 9586 1 9701
384 26 4501 1 4560
385 31 5849 4 6156
386 40 1216 1 1787
387 29 6864 1 7448
388 7 4636 2 5185
389 8 8623 2 9134
390 11 1469 3 1523
391 34 582 2 768
392 20 4701 1 4932
393 4 1331 3 1351
394 6 9798 1 10240
395 31 9404 5 9548
396 38 7626 1 7639
397 28 8284 2 8468
398 29 141 1 521
399 8 7839 2 8370
400 6 6523 1 7071
401 25 2596 2 2652
402 29 9103 2 9379
403 31 6033 3 6386
404 29 850 1 926
405 6 7626 2 7867
406 40 1208 1 1216
407 25 4499 1 4583
408 25 10412 1 10873
409 33 8234 4 8308
410 11 293 1 420
411 31 207 5 480
412 31 5624 2 5673
413 29 530 3 823
414 40 5707 2 6213
415 40 3285 1 3817
416 28 9939 4 10178
417 26 8229 2 8382
418 29 5660 2 5725
419 20 2302 1 2334
420 25 9909 3 10283
421 13 10850 2 11263
422 38 7162 5 7410
423 31 2827 3 3138
424 25 5302 1 5626
425 33 4583 4 5053
426 20 11800 1 11893
427 26 11991 4 12122
428 31 4501 7 4813
429 1 10741 4 11191
430 28 6930 5 6991
431 40 10695 1 11116
432 6 492 1 948
433 4 1607 2 1665
434 25 7839 2 7991
435 25 1480 2 1931
436 11 666 3 1082
437 26 2437 2 2631
438 29 6157 1 6878
439 25 7441 4 7690
440 7 6306 2 6836
441 17 1480 1 1680
442 7 10240 3 10269
443 11 10240 1 10600
444 6 2759 3 3022
445 6 8619 1 8902
446 30 926 3 1028
447 4 7839 3 8384
448 25 5912 2 5954
449 11 4583 1 4985
450 13 4701 5 5202
451 7 4243 1 4407
452 25 6040 2 6287
453 13 5865 5 6122
454 2 10925 6 11087
455 4 8956 2 9347
456 37 11988 3 12232
457 18 6272 4 6336
458 13 7265 2 7696
459 25 11751 1 12460
460 14 2679 1 2895
461 40 3820 2 4185
462 4 4243 2 4501
463 37 8197 5 8329
464 4 11341 1 11826
465 40 9756 1 10589
466 17 1696 1 1734
467 28 1336 2 1554
468 25 3792 2 4490
469 4 9625 1 10313
470 22 4243 1 4372
471 40 9121 1 9167
472 40 4828 1 5196
473 26 1216 1 1337
474 33 5660 1 5980
475 40 3817 1 4139
476 16 4704 2 5236
477 25 4583 2 5071
478 4 3056 1 3437
479 27 8087 1 8532
480 7 10240 2 10373
481 37 3605 3 4015
482 10 8197 2 8457
483 40 817 2 902
484 6 8335 2 8354
485 36 8380 1 8812
486 40 714 2 817
487 26 11518 3 11800
488 28 7171 4 7667
489 36 10875 3 11407
490 35 9016 1 9475
491 4 1374 1 1694
492 33 8930 1 9082
493 20 11982 2 12222
494 8 5036 1 5435
495 14 7308 3 7616
496 17 5032 1 5161
497 6 1216 2 1365
498 21 9044 2 9280
499 16 2472 5 2568
500 30 5660 4 5707
501 13 2233 5 2742
502 33 2322 5 2361
503 29 7441 1 7984
504 25 682 1 815
505 28 11779 4 11918
506 21 10240 4 10760
507 33 2106 2 2277
508 31 3772 4 4128
509 29 6978 1 7026
510 14 9152 2 9616
511 36 962 5 1129
512 14 4583 3 4760
513 14 11772 2 12208
514 37 1009 2 1036
515 19 3296 3 3840
516 25 9286 2 9898
517 33 6733 1 7282
518 2 140 1 612
519 40 3437 2 3489
520 14 1466 3 1942
521 4 8087 2 8522
522 40 7298 2 7637
523 37 7839 1 8334
524 8 9088 2 9326
525 21 11117 2 11566
526 20 7441 1 7885
527 2 9348 5 9503
528 36 6157 2 6420
529 4 9431 1 9584
530 29 902 5 1289
531 40 902 3 1208
532 31 6727 5 6785
533 22 7626 2 8109
534 14 2022 8 2141
535 2 5660 3 6157
536 25 7839 1 8087
537 40 8337 3 9134
538 29 3867 2 4243
539 11 6879 2 7013
540 13 10473 2 10696
541 13 4583 5 4620
542 22 1520 1 1645
543 25 1796 1 2111
544 5 10067 1 10497
545 31 1998 3 2025
546 29 4664 2 5070
547 19 2489 1 2593
548 20 11515 4 11549
549 25 6359 2 6649
550 40 1216 2 1546
551 29 11894 1 11903
552 7 9480 1 10007
553 7 7839 2 8160
554 7 1636 2 1911
555 6 3056 1 5000
556 31 422 1 536
557 37 264 1 618
558 21 10240 2 10418
559 4 339 4 760
560 25 9386 4 9909
561 13 6157 1 6490
562 33 871 1 956
563 4 3569 1 3820
564 40 5254 3 5699
565 14 11596 3 11682
566 7 10373 6 10866
567 6 6975 4 7005
568 29 1066 2 1332
569 4 3437 5 3569
570 20 1208 4 1592
571 21 4701 1 5143
572 28 10240 2 10408
573 25 11306 1 11702
574 33 8831 2 9233
575 37 11519 5 11574
576 21 10951 2 11345
577 14 6695 5 7203
578 39 11438 3 11595
579 6 708 3 1105
580 18 7762 1 8139
581 1 10442 2 10581
582 1 8087 1 8575
583 4 1942 1 2408
584 33 10962 1 11299
585 29 2778 1 3263
586 6 10240 2 10412
587 4 1769 1 1928
588 20 4243 2 4423
589 40 8087 1 8302
590 29 1404 5 1573
591 8 9389 1 9419
592 33 8628 4 8698
593 29 4243 1 4664
594 1 5036 2 5147
595 36 11409 4 11645
596 6 9173 1 9437
597 29 1767 2 2173
598 40 9322 1 10067
599 39 6523 3 6718
600 31 8699 1 9013
601 8 8197 3 8703
602 29 10850 1 11083
603 11 8385 4 8402
604 22 7839 2 7921
605 17 10412 3 10808
606 29 10693 1 10729
607 20 6 2 103
608 11 6359 1 6846
609 25 570 1 1411
610 6 1009 5 1091
611 14 8724 6 9100
612 6 5809 1 6116
613 17 1518 1 1886
614 4 245 1 850
615 29 9624 3 10138
616 35 4583 2 4856
617 18 522 3 729
618 4 2411 2 2925
 调度评估结果
1. 任务等待评估 (Σ 等待×权重): 265556
2. 任务完成评估 (最大完成时间): 13185
3. GPU显存空闲评估 (平均空闲): 9401.85 GB/时间片
 额外统计
已调度任务               : 618/618
平均等待时间            : 87.85
各服务器任务分布      : 服务器1=9, 服务器2=5, 服务器3=1, 服务器4=49, 服务器5=2, 服务器6=44, 服务器7=22, 服务器8=18, 服务器9=1, 服务器10=6, 服务器11=31, 服务器13=22, 服务器14=17, 服务器16=7, 服务器17=7, 服务器18=14, 服务器19=6, 服务器20=20, 服务器21=10, 服务器22=11, 服务器23=2, 服务器24=2, 服务器25=55, 服务器26=10, 服务器27=6, 服务器28=12, 服务器29=58, 服务器30=7, 服务器31=21, 服务器32=2, 服务器33=24, 服务器34=4, 服务器35=5, 服务器36=21, 服务器37=20, 服务器38=7, 服务器39=7, 服务器40=53
