1 53 43363 3 43421
2 1 30334 1 30396
3 58 26154 2 26950
4 54 21856 2 21906
5 28 11135 3 11330
6 39 17407 1 18104
7 20 36848 1 36984
8 12 36848 8 37164
9 62 47031 1 47116
10 22 2577 2 2716
11 60 11694 6 11944
12 1 29893 5 30194
13 53 8595 2 8822
14 50 2771 2 2888
15 8 39169 3 39401
16 39 15522 4 16516
17 39 10051 4 10800
18 17 35013 2 35094
19 36 43444 6 43479
20 7 12549 2 12736
21 38 6283 4 6451
22 39 37801 3 38125
23 39 51285 3 51429
24 17 30144 3 30334
25 13 38903 1 39003
26 61 35355 2 35658
27 42 42380 3 42542
28 1 50623 2 50769
29 39 46627 6 46785
30 11 6283 1 6520
31 52 3901 2 4247
32 36 20677 4 20785
33 63 23243 1 23311
34 41 29233 2 29387
35 64 38631 1 38691
36 44 33390 1 34991
37 33 11367 6 11694
38 64 35013 2 35605
39 13 283 1 426
40 65 13039 2 13081
41 39 37315 6 37527
42 17 13584 1 13616
43 59 282 5 355
44 33 15522 1 15865
45 35 55315 6 55470
46 39 11798 4 11965
47 1 35013 3 35137
48 21 53342 1 53644
49 28 29893 3 30028
50 22 5081 3 5755
51 1 20860 2 21050
52 10 32901 4 33135
53 59 20078 1 20211
54 50 23294 3 23386
55 12 27770 4 28058
56 64 41089 2 41413
57 49 3901 6 4140
58 35 35013 6 35615
59 44 38365 3 38578
60 39 53726 1 55253
61 33 12690 5 12974
62 39 24678 3 24771
63 26 23243 4 23578
64 65 6060 2 6335
65 1 20002 3 20423
66 33 52397 5 52659
67 39 23531 2 23655
68 1 24678 1 24731
69 66 52659 1 52685
70 25 12210 5 12241
71 22 12676 1 12690
72 61 19267 4 19323
73 16 36848 4 37066
74 38 10800 4 10821
75 26 37004 1 37024
76 44 46627 3 46766
77 37 37801 4 38030
78 11 15522 5 16493
79 19 8447 1 8583
80 54 11798 3 11857
81 39 56232 3 56398
82 17 44905 1 45092
83 36 27321 5 27452
84 44 46019 1 46225
85 44 21966 3 22054
86 16 22687 3 22976
87 23 5081 2 5312
88 44 38583 1 38892
89 39 46019 5 46627
90 8 30737 2 30988
91 47 48628 5 48727
92 51 22415 3 22685
93 54 33424 2 33585
94 62 14527 5 15136
95 7 12832 1 13516
96 59 32942 3 32974
97 46 46627 1 46646
98 63 18537 1 19203
99 64 55253 1 55547
100 38 291 4 640
101 52 48166 1 48253
102 22 46182 1 46196
103 25 2279 2 2573
104 18 9533 7 10150
105 13 42380 2 42886
106 33 37801 2 38123
107 5 37527 1 37847
108 21 35419 3 35689
109 44 53327 2 53541
110 17 2279 2 2340
111 32 45220 6 46014
112 1 39065 4 39169
113 64 38981 1 39068
114 43 15829 4 16014
115 36 5081 4 5286
116 22 24093 2 24754
117 16 23008 4 23140
118 52 9919 3 9982
119 22 35013 1 35614
120 17 9526 4 10265
121 39 46785 1 48055
122 39 6283 1 7097
123 13 7097 1 8167
124 38 22687 3 22817
125 44 8991 1 9643
126 7 53503 1 53657
127 48 36905 1 37813
128 33 30542 4 30687
129 13 11798 1 12389
130 66 8171 1 8247
131 29 35245 5 35519
132 45 29233 1 30016
133 61 21893 2 22225
134 39 52214 4 52245
135 3 26935 4 27065
136 33 24200 1 24499
137 26 23861 1 24306
138 66 46627 1 47330
139 59 38583 3 38757
140 57 3562 4 3660
141 64 26466 1 26521
142 28 48871 1 49187
143 44 28014 1 31727
144 58 24659 4 24766
145 21 19267 2 20110
146 11 30194 4 30518
147 33 20860 1 21356
148 39 32942 1 35013
149 17 37759 3 37846
150 33 2811 2 2947
151 22 3989 2 5081
152 64 53675 2 53985
153 18 13453 7 13800
154 43 2422 4 2498
155 60 48055 5 48769
156 13 18537 1 18645
157 41 43363 8 43640
158 3 46019 2 46206
159 46 38583 1 39400
160 65 8171 2 8457
161 12 5081 5 5132
162 1 21105 4 21296
163 44 36426 2 36852
164 12 13652 6 14424
165 59 44133 1 45092
166 22 25766 2 26702
167 43 11229 4 11559
168 42 3901 2 4133
169 13 30542 2 30717
170 51 25766 4 25864
171 21 33424 4 33598
172 26 22749 7 22787
173 17 17407 3 17676
174 43 26154 3 26235
175 58 21893 7 21984
176 28 31108 1 31419
177 63 20002 1 20814
178 26 12470 4 12730
179 22 9993 3 10058
180 13 44905 1 45193
181 22 33424 1 33751
182 10 33727 1 33949
183 10 43885 2 44135
184 1 5975 4 5989
185 26 30144 1 31209
186 7 38583 2 38806
187 33 23861 2 23968
188 66 26824 3 26876
189 22 53342 2 53585
190 61 37315 4 37442
191 38 51429 2 51731
192 26 21105 1 21237
193 14 21856 2 22649
194 14 50980 3 51888
195 13 1622 1 3509
196 51 44133 4 44416
197 16 26466 2 26676
198 59 47456 5 47624
199 22 12518 2 12676
200 5 32942 1 33190
201 13 18976 1 19933
202 16 15522 5 15796
203 49 12277 6 12456
204 1 33390 2 33503
205 51 29233 3 29329
206 1 12107 1 12549
207 26 24306 5 24625
208 26 3989 5 4344
209 20 10152 2 10192
210 53 21856 1 22675
211 13 14292 2 14495
212 59 17438 1 17681
213 43 23243 4 23365
214 44 10455 1 10768
215 26 13652 1 13945
216 39 24678 3 25469
217 17 44340 5 44414
218 21 3562 1 3772
219 58 20880 5 21641
220 22 23569 1 23906
221 13 44028 2 44801
222 53 19241 1 19969
223 28 46019 1 46063
224 8 38296 1 38587
225 33 10874 1 11149
226 50 89 3 898
227 59 43127 2 43444
228 22 48139 1 48701
229 13 32901 1 33170
230 22 39577 1 40557
231 43 13897 1 13975
232 51 24659 3 24947
233 1 26546 2 26824
234 42 24695 3 25480
235 23 48628 5 48734
236 44 26154 1 26188
237 39 11798 3 12107
238 17 7316 2 7715
239 49 156 4 440
240 1 35137 1 35861
241 17 807 1 1066
242 29 49190 3 49223
243 57 26154 2 26868
244 7 24659 1 24794
245 20 8595 2 8938
246 44 35355 2 35656
247 59 25138 3 25409
248 16 6033 6 6698
249 31 29715 3 29999
250 11 5975 2 6156
251 17 2577 1 2890
252 39 42380 1 42836
253 13 15522 1 15943
254 18 48139 7 48373
255 66 7217 2 7461
256 3 20880 5 21051
257 1 8171 3 8227
258 22 27178 2 27403
259 7 52293 1 52435
260 66 12107 2 12367
261 17 46880 1 47031
262 54 24903 1 25248
263 6 289 2 377
264 10 35968 2 36223
265 32 23294 5 23374
266 21 5081 3 5977
267 55 41038 4 41162
268 38 14463 1 14616
269 33 2422 1 2715
270 59 37315 5 37426
271 19 8991 2 9793
272 1 40967 1 42348
273 60 36468 4 36577
274 22 27921 1 28097
275 10 20234 4 20335
276 21 39811 3 39872
277 42 2811 2 2855
278 60 46627 4 46844
279 2 37801 1 37909
280 33 47031 4 48016
281 39 52293 1 52556
282 58 43363 2 43450
283 26 33346 1 33767
284 15 36568 7 36598
285 1 46627 3 47609
286 33 38440 4 38583
287 15 15522 2 15602
288 59 51285 3 51394
289 22 9189 3 9448
290 29 20078 4 20927
291 33 291 2 685
292 61 46019 4 46178
293 46 22713 2 23006
294 12 19984 5 20170
295 10 5081 4 6014
296 39 40967 2 41030
297 63 11320 1 11632
298 33 26154 2 26935
299 45 23243 1 23363
300 26 300 2 594
301 48 33270 2 33915
302 61 26922 1 27146
303 32 50623 5 50956
304 39 19066 2 19984
305 35 24695 6 24760
306 1 40072 2 40405
307 12 8381 4 8444
308 41 38408 3 38502
309 48 38631 1 39360
310 44 55253 1 55449
311 64 14463 1 14685
312 38 23243 1 23502
313 16 370 1 546
314 26 38981 1 39138
315 1 30883 3 31216
316 44 18395 1 18537
317 35 26154 5 26448
318 20 41302 1 42032
319 36 49503 3 50333
320 54 21966 3 22228
321 66 49503 2 49603
322 22 5975 1 7550
323 33 46019 4 46635
324 6 38631 2 38698
325 26 44340 5 44947
326 62 30737 5 30985
327 10 47035 4 47223
328 8 12832 3 12991
329 44 55449 4 56239
330 63 29893 1 30202
331 39 33220 3 33334
332 17 27770 2 27935
333 41 55449 1 55465
334 33 51285 1 51347
335 39 11253 3 11569
336 33 20002 1 20220
337 39 37527 7 37759
338 33 11059 3 11229
339 33 8595 2 9664
340 60 26546 3 26748
341 37 24678 5 24705
342 59 45178 3 46128
343 66 38123 2 38879
344 17 23906 3 24119
345 8 24473 1 24740
346 35 40967 5 41061
347 55 17407 3 17528
348 13 38583 1 38696
349 17 6283 2 6557
350 11 27105 5 27228
351 59 24206 5 24236
352 44 32139 1 33108
353 21 48055 2 48190
354 17 3901 3 4269
355 3 13652 3 13991
356 7 26154 1 26384
357 33 32139 4 32480
358 50 12832 3 13629
359 59 13453 2 13756
360 33 2715 3 3844
361 14 55253 3 55568
362 25 50980 1 51202
363 41 15522 1 17000
364 30 11059 3 11357
365 26 15522 5 16404
366 17 43444 2 43460
367 54 24659 4 24717
368 12 41218 4 41484
369 51 41089 3 41436
370 30 4166 4 4372
371 37 8991 3 9262
372 39 14463 3 14750
373 33 13129 4 13834
374 50 51285 2 51552
375 13 48055 1 48869
376 56 25766 1 25864
377 16 43127 3 43898
378 45 24659 3 24777
379 22 24903 2 25660
380 64 8253 1 8389
381 10 33390 5 33727
382 44 13584 1 13891
383 7 46019 1 46335
384 7 12107 2 12226
385 5 14463 1 14640
386 41 44905 2 45082
387 59 7097 1 7316
388 59 20002 1 20078
389 12 35013 8 35288
390 39 29233 4 29261
391 20 26154 1 26300
392 33 46627 5 46813
393 26 10455 3 10508
394 18 15829 4 15886
395 22 36848 1 37315
396 65 23906 3 24013
397 62 46019 3 46907
398 64 18537 2 19485
399 47 5081 8 5825
400 39 28400 2 28672
401 22 20968 2 21002
402 64 46627 1 46662
403 60 20860 7 20987
404 33 28400 2 28749
405 33 48422 1 49787
406 55 26023 3 26322
407 17 45092 4 45414
408 41 43640 7 43719
409 43 46019 3 46035
410 59 46182 4 46441
411 53 49798 2 49833
412 42 32901 3 33030
413 16 10874 5 11010
414 16 5081 3 5403
415 59 14463 3 14738
416 26 12832 6 13652
417 64 30737 1 31714
418 59 35355 8 35579
419 65 53585 2 53656
420 10 33270 5 33337
421 53 46019 1 46308
422 54 5975 3 6890
423 39 12832 4 13129
424 17 5975 1 6218
425 13 49798 1 49933
426 46 24473 2 24801
427 26 40072 5 40717
428 63 13 1 139
429 61 41218 2 41325
430 19 47031 2 47054
431 22 8171 1 8471
432 28 24659 3 25432
433 21 8595 1 8700
434 14 32901 4 32916
435 28 36905 1 36921
436 39 44315 6 44617
437 1 31240 1 31365
438 13 35751 1 36636
439 13 9032 2 9317
440 57 13584 1 13712
441 33 36848 2 37023
442 36 36562 5 36701
443 59 46990 3 47001
444 7 36036 1 36161
445 33 46726 1 46789
446 59 33390 7 33578
447 51 53327 2 53494
448 39 181 3 807
449 11 10800 2 11059
450 64 50660 2 51552
451 1 19304 1 19608
452 18 12690 5 12732
453 50 11132 1 11322
454 25 50623 3 51589
455 47 26824 8 27077
456 39 44133 6 44315
457 55 49190 3 49310
458 6 38903 3 39104
459 22 46880 2 47123
460 64 52214 1 52323
461 66 43885 1 44203
462 57 35245 1 35576
463 66 15522 1 15835
464 1 52293 1 53650
465 46 52785 1 52994
466 39 18537 1 18578
467 61 18537 2 18757
468 57 24678 4 24811
469 58 15829 5 16091
470 39 24473 5 24548
471 39 19984 3 20002
472 59 13891 3 14730
473 42 27105 3 27348
474 41 13453 1 15276
475 45 5975 1 6817
476 44 13891 4 14007
477 43 55253 4 55511
478 39 12107 1 12302
479 22 15829 3 16102
480 17 26922 1 27113
481 23 26154 3 26491
482 1 6283 1 6706
483 17 11059 3 11387
484 26 3562 6 3901
485 43 46182 1 46856
486 26 7097 5 7452
487 33 43002 4 43127
488 57 52699 6 52843
489 41 2577 3 2768
490 39 47035 1 47072
491 32 46019 7 46278
492 21 26666 1 26970
493 39 53426 1 53503
494 32 23532 7 23738
495 28 5081 2 5896
496 20 8171 2 8356
497 11 24678 2 24877
498 55 13453 4 13687
499 50 24200 3 25080
500 39 6033 4 6989
501 54 17407 4 17566
502 59 31108 4 31728
503 63 26023 1 26070
504 41 43002 3 43167
505 64 26824 1 27492
506 59 12210 2 12540
507 39 18104 6 18997
508 59 48628 2 48707
509 28 15522 2 15692
510 1 51285 1 51487
511 22 20234 1 20620
512 6 35013 3 35209
513 18 51285 5 52153
514 22 29233 1 29408
515 17 18976 3 19241
516 54 50980 4 51217
517 15 35013 7 35336
518 16 21733 3 22028
519 45 45220 1 45353
520 39 10455 2 10469
521 17 22415 1 22653
522 22 36036 1 36355
523 16 19267 3 19573
524 22 2279 1 2308
525 65 38903 2 39840
526 46 30737 1 30941
527 17 43885 5 43950
528 39 12107 4 12327
529 7 19267 2 19329
530 53 24659 1 24973
531 11 39577 1 39829
532 1 11694 2 11936
533 17 29715 1 29990
534 64 1622 2 1894
535 19 10051 1 10142
536 4 36036 5 36250
537 4 9533 5 9776
538 41 9979 1 10576
539 39 7379 1 7412
540 22 35013 2 36079
541 59 37657 5 37780
542 44 47456 1 47851
543 39 12690 1 13008
544 44 48080 1 48328
545 22 36418 1 36468
546 1 5989 3 6283
547 1 11132 1 11263
548 39 53503 3 53726
549 18 36440 6 37184
550 39 30121 1 30370
551 33 25033 3 25228
552 1 9035 3 9147
553 3 42380 6 42502
554 59 46627 2 46726
555 63 30334 1 30531
556 63 27105 1 27319
557 65 18537 1 18818
558 26 39060 6 39406
559 39 47141 1 47618
560 53 23294 1 23331
561 64 15522 2 15689
562 63 24659 2 25436
563 11 39060 6 39334
564 45 17407 1 17731
565 58 46019 4 46121
566 13 13897 1 13915
567 65 9526 5 10141
568 63 2518 1 2597
569 59 29893 3 30707
570 45 13834 2 14045
571 1 35968 1 36905
572 26 50980 3 51276
573 11 52397 2 52699
574 30 25922 5 26769
575 26 43127 3 43409
576 59 11320 7 12099
577 37 30865 4 30919
578 15 36905 6 36941
579 33 23968 6 23986
580 22 30542 1 30596
581 57 36381 1 36600
582 17 46627 3 46879
583 8 20002 2 20021
584 63 1222 1 1232
585 59 15829 4 16126
586 63 19241 1 19550
587 59 9919 3 10078
588 33 8463 2 8595
589 22 17407 1 18418
590 35 2279 4 2464
591 8 17407 1 17493
592 61 30883 4 31180
593 11 26154 6 26178
594 61 36905 2 37050
595 3 177 6 194
596 12 26154 4 26879
597 66 18537 2 18835
598 60 24678 4 25595
599 64 24695 1 24785
600 45 43002 3 43126
601 57 11694 2 12337
602 16 8171 3 8357
603 61 10800 4 11025
604 22 23861 1 23889
605 54 181 6 210
606 26 41513 4 41596
607 19 41089 2 41429
608 22 1622 1 1679
609 28 36568 3 36851
610 1 15522 1 15697
611 31 33270 4 33446
612 10 51285 3 51451
613 1 26824 1 27770
614 45 42348 1 42439
615 45 30370 2 30671
616 39 38903 1 39682
617 64 11135 2 11247
618 10 9719 3 9832
619 39 30388 1 30702
620 22 52699 1 52781
621 42 5081 2 5178
622 1 24786 1 25033
623 41 35013 1 37614
624 16 38903 3 39016
625 33 52659 1 53327
626 12 3901 6 4164
627 22 55253 2 55373
628 26 6060 1 6077
629 26 53675 1 53753
630 22 43885 2 44226
631 26 6033 7 6060
632 66 19267 3 19466
633 65 26154 2 26456
634 39 55323 1 56232
635 59 36848 2 36951
636 13 49503 2 49610
637 1 31216 1 31240
638 5 35245 1 35526
639 28 13584 2 13930
640 38 36848 2 37179
641 22 189 1 1622
642 1 23915 3 24202
643 13 40072 2 40118
644 64 2577 1 2761
645 66 24473 2 24759
646 61 28400 2 28697
647 61 52293 1 52308
648 43 3901 4 4142
649 33 41788 1 43002
650 62 12549 5 12586
651 33 23294 2 23586
652 10 50623 3 50838
653 8 30144 2 30380
654 17 47456 4 47516
655 39 19066 3 19446
656 52 50660 2 50821
657 3 39577 5 40466
658 35 21733 6 22662
659 37 25033 4 25237
660 21 10800 4 11026
661 24 24786 2 25063
662 11 11694 4 12410
663 52 38903 3 39675
664 41 24903 4 25247
665 44 23243 3 23848
666 59 13983 3 13993
667 58 35355 7 35542
668 59 18976 4 19178
669 22 26824 1 26901
670 28 8877 1 9105
671 33 32942 3 33220
672 52 41038 3 41816
673 44 49190 4 49446
674 38 29893 4 30198
675 33 23986 1 24637
676 33 20677 3 20825
677 26 11229 1 12470
678 21 15829 2 15962
679 10 46019 2 46891
680 32 13584 7 13885
681 59 10874 5 11017
682 59 10078 7 10365
683 33 17438 3 17563
684 14 46019 6 46180
685 57 49190 1 49303
686 1 13453 1 13748
687 12 24473 7 24682
688 46 25895 1 26134
689 13 26824 2 27069
690 13 33220 1 33259
691 54 18537 2 19290
692 34 6283 2 6585
693 22 44340 1 44708
694 39 8171 1 8253
695 53 17407 1 17420
696 41 44028 4 44379
697 17 23532 1 23889
698 64 28400 2 28719
699 1 9719 1 9821
700 41 26466 3 26787
701 22 43002 2 43060
702 26 27321 4 27614
703 22 28400 2 28464
704 5 12549 2 12867
705 64 11694 2 12548
706 22 21508 2 21854
707 26 18537 4 18705
708 1 26154 1 26546
709 11 46627 4 47554
710 62 40072 6 40098
711 21 52293 1 53258
712 28 12107 2 12420
713 33 35968 1 36001
714 33 35013 1 35233
715 44 18537 4 18613
716 22 8381 1 8674
717 33 46726 3 46840
718 14 36905 6 37606
719 61 2577 2 3574
720 16 55253 6 55531
721 45 35968 1 35988
722 5 53675 2 53796
723 64 13748 1 13776
724 17 51674 2 51980
725 55 46059 2 46873
726 41 21854 1 22102
727 1 39811 1 40019
728 23 37801 5 37946
729 1 50 2 436
730 3 2715 3 2769
731 5 29233 1 29321
732 1 33334 2 33645
733 33 51347 6 51513
734 14 12549 3 13301
735 38 2715 4 2877
736 61 113 3 143
737 53 14527 3 14731
738 26 2279 5 3253
739 46 15522 2 15627
740 1 15697 2 15748
741 3 11135 5 11399
742 58 10800 4 11079
743 10 30005 3 30189
744 66 2279 3 3046
745 64 43363 1 43697
746 59 45092 3 45178
747 59 25409 1 25663
748 44 36986 2 37232
749 17 47031 2 47456
750 28 137 2 154
751 61 35245 1 35355
752 63 30737 1 31026
753 64 24678 1 24695
754 39 7097 4 7379
755 65 12215 1 12242
756 39 48055 3 48080
757 10 18537 2 18747
758 22 44905 1 44925
759 45 26935 2 27029
760 38 2279 1 2446
761 33 12277 2 12621
762 25 26546 3 26573
763 16 51285 4 51459
764 63 11059 1 11164
765 55 15522 4 15759
766 54 52293 5 52448
767 65 43885 2 44198
768 39 9979 1 10051
769 26 43585 3 44340
770 21 20677 2 20775
771 57 17407 1 17469
772 59 37527 4 37657
773 1 37657 2 38166
774 3 29233 4 30056
775 1 14292 1 15003
776 48 2577 1 2592
777 42 40072 2 40142
778 57 37759 4 38001
779 46 19267 2 19283
780 66 25922 1 26696
781 16 52397 3 52444
782 33 38123 1 38365
783 17 23294 2 23532
784 54 29233 2 29404
785 22 29943 2 30627
786 42 49503 2 50110
787 64 37657 1 38001
788 59 38903 4 39156
789 63 22749 2 23059
790 59 36986 6 37287
791 10 28400 5 28695
792 10 26154 3 26439
793 1 28431 4 29233
794 21 42380 3 42586
795 17 36426 1 36440
796 63 45220 1 45266
797 16 24659 1 24912
798 54 43738 3 44051
799 16 3901 4 4056
800 39 39577 1 39811
801 33 46880 1 47148
802 16 807 1 1028
803 60 171 3 210
804 5 28014 2 28121
805 59 2518 1 2751
806 45 23531 3 24196
807 50 43363 2 43375
808 63 23861 1 24056
809 22 49712 2 49849
810 51 23915 6 24547
811 33 39846 4 40692
812 1 10800 4 11132
813 36 25895 5 26647
814 59 20968 5 21754
815 43 5081 4 5417
816 28 53342 1 53381
817 22 23294 1 23600
818 43 8171 2 8391
819 44 37527 2 37829
820 26 21854 3 22165
821 33 2715 1 2811
822 33 38583 4 38903
823 39 23403 7 23531
824 60 42380 5 43296
825 55 10455 3 10639
826 33 22687 2 23289
827 55 33390 4 33581
828 29 19241 2 19588
829 38 11135 3 11252
830 63 43885 2 44191
831 16 20880 2 20899
832 29 36986 3 37097
833 37 46627 4 46845
834 13 46880 1 47302
835 50 48422 2 48648
836 16 40967 1 41048
837 41 34 7 358
838 55 11253 3 11538
839 39 5081 1 5750
840 1 32901 1 33270
841 16 12832 5 13438
842 33 29943 4 30174
843 57 24903 6 25225
844 39 29893 5 30121
845 46 5975 1 6714
846 16 2577 2 2594
847 55 35355 4 35368
848 58 12215 6 12424
849 34 24678 2 25614
850 3 23861 3 24666
851 18 26922 3 27901
852 23 15522 3 15548
853 16 23243 5 23413
854 13 29715 1 29875
855 22 52397 2 52540
856 46 43363 2 43651
857 31 34 3 179
858 25 23532 4 24518
859 53 36905 2 36995
860 1 27770 4 28002
861 58 20002 4 20101
862 59 55449 3 55697
863 50 36036 3 36094
864 62 29233 5 29576
865 39 48166 4 48422
866 64 25409 1 25498
867 31 3901 3 4079
868 33 15829 1 15978
869 60 9180 3 9847
870 54 51285 3 52229
871 4 11320 6 11485
872 44 51674 4 51893
873 41 3901 3 4016
874 43 53327 2 53544
875 16 48080 2 48185
876 38 9301 2 9636
877 44 53675 2 53791
878 33 37315 2 37648
879 39 3853 2 4056
880 22 7217 2 7394
881 1 15907 1 19304
882 44 11135 4 11252
883 22 43127 2 43266
884 17 8171 2 8225
885 55 124 4 876
886 54 39811 3 40593
887 66 807 3 942
888 41 30883 6 31867
889 33 41218 1 41788
890 5 20968 2 21082
891 33 46813 3 46954
892 63 12690 2 12833
893 53 36426 1 36647
894 33 272 1 291
895 66 33424 2 33650
896 61 11798 2 11980
897 18 149 7 165
898 41 38981 2 39655
899 50 5081 4 5108
900 5 43363 1 44207
901 16 26824 1 27016
902 64 15829 1 15936
903 58 38428 5 39076
904 45 33390 2 33570
905 55 2279 4 2357
906 44 24206 2 24407
907 39 43002 2 43363
908 15 50623 4 50763
909 33 8877 2 9381
910 22 10152 1 10286
911 63 46627 2 46872
912 20 40967 1 41192
913 54 30737 4 31005
914 17 8381 2 8447
915 41 5081 5 6060
916 47 23532 3 23841
917 43 25033 4 25164
918 17 8877 1 9336
919 21 27105 4 27763
920 59 26154 5 26168
921 17 24473 2 24553
922 21 9274 4 9580
923 44 26188 1 27476
924 22 46726 1 47141
925 50 38903 4 39852
926 64 38365 1 38459
927 65 4166 1 4313
928 3 53675 6 53893
929 52 25895 3 26113
930 22 40557 3 41089
931 17 18395 1 18581
932 26 19267 4 19400
933 59 3562 1 4237
934 36 17407 5 17728
935 39 49798 3 50623
936 57 55315 6 55636
937 59 36036 2 36338
938 39 5975 1 6033
939 40 9719 3 9879
940 17 8595 4 8739
941 17 10800 2 10905
942 11 49280 4 50244
943 33 39577 5 39846
944 38 23569 1 23791
945 14 13453 6 13614
946 1 24695 1 24786
947 59 51513 2 52357
948 32 10051 3 10335
949 62 8171 6 8461
950 39 18976 6 19066
951 17 35419 4 35506
952 14 53342 4 53651
953 33 20677 1 20860
954 1 8877 3 9035
955 26 27770 5 28750
956 39 23966 7 24200
957 55 55449 2 55555
958 41 38903 2 38963
959 14 36148 6 36452
960 22 23243 1 23569
961 41 46019 3 46396
962 17 15522 1 15916
963 13 74 2 254
964 50 50980 4 51058
965 14 38296 5 38485
966 17 43585 3 43622
967 10 8171 3 8912
968 22 12690 2 13039
969 33 23586 2 23861
970 64 53327 2 53372
971 59 2811 1 3049
972 57 15907 1 16069
973 54 15522 6 15807
974 17 24206 2 24240
975 8 15829 3 15966
976 26 8171 7 8317
977 40 8447 1 9307
978 1 48932 2 49926
979 21 36562 4 37202
980 39 52214 3 52321
981 33 35355 3 35608
982 11 30542 5 30586
983 13 26154 2 26246
984 28 37801 3 37857
985 48 35355 2 35699
986 59 36418 2 36562
987 32 9032 4 9293
988 36 24695 4 24804
989 3 36426 5 37276
990 25 46019 2 46269
991 15 38903 1 39169
992 33 13960 2 14292
993 12 25766 6 26054
994 13 39846 2 40030
995 1 5081 2 5123
996 13 13584 1 13897
997 3 38903 5 39548
998 39 32901 3 32942
999 21 36036 3 36201
1000 57 37527 3 37608
1001 23 27105 2 27161
1002 53 20677 2 20988
1003 5 36079 1 36618
1004 33 24903 3 25506
1005 59 22687 8 22770
1006 27 53675 1 53927
1007 44 50980 1 51060
1008 33 55253 6 55306
1009 8 33270 2 34011
1010 18 33270 2 33527
1011 26 46627 2 46880
1012 17 51285 4 51530
1013 33 33424 2 33663
1014 63 46019 1 46035
1015 61 5081 3 5277
1016 54 10455 5 11164
1017 61 32942 2 33204
1018 62 37527 6 37599
1019 44 39577 1 39906
1020 54 55253 3 55547
1021 66 32139 3 32474
1022 53 10051 3 10307
1023 5 38123 1 38198
1024 1 53675 2 53892
1025 5 9719 2 10010
1026 1 51487 4 51674
1027 66 41038 1 41106
1028 10 11059 3 11218
1029 43 25895 3 26123
1030 39 10800 3 11135
1031 10 2279 1 2428
1032 16 68 6 240
1033 60 55315 3 55573
1034 23 24678 2 25025
1035 39 16516 4 17407
1036 5 46627 1 47132
1037 26 46019 1 46346
1038 58 26154 5 26986
1039 56 40967 2 41079
1040 45 20860 3 21496
1041 11 46059 3 46300
1042 39 37759 2 38582
1043 16 38459 4 38527
1044 62 11694 5 11708
1045 61 13453 2 14081
1046 66 51513 3 51564
1047 3 48628 5 49319
1048 44 49798 2 50017
1049 61 15829 2 16162
1050 65 47035 5 47175
1051 1 7097 3 7217
1052 59 10800 2 10836
1053 36 13891 5 13994
1054 44 11253 1 12062
1055 33 12549 1 12843
1056 33 35751 1 36056
1057 39 26791 2 27105
1058 41 30005 2 30026
1059 41 1622 2 1766
1060 39 9274 2 9533
1061 48 8877 3 9136
1062 61 43363 3 43603
1063 13 5081 1 5290
1064 10 55253 2 56127
1065 31 27770 3 28005
1066 3 8991 5 9327
1067 39 30737 2 31962
1068 10 48628 2 48740
1069 63 30542 2 30671
1070 44 20002 1 20365
1071 10 23294 4 23417
1072 23 49190 2 49511
1073 55 39060 2 39359
1074 5 55253 1 55402
1075 1 28202 1 28345
1076 1 46019 2 46213
1077 45 50980 2 51322
1078 63 33270 1 33426
1079 41 40072 7 40380
1080 62 25409 5 25473
1081 58 9533 7 9656
1082 39 41302 2 42380
1083 39 26466 4 26791
1084 39 39811 2 40072
1085 65 45092 2 46026
1086 39 51487 6 52214
1087 50 13973 2 14110
1088 36 23243 3 23554
1089 33 43127 4 43573
1090 64 46726 1 46902
1091 21 30121 1 30299
1092 39 8595 1 8784
1093 39 48628 1 48740
1094 62 12690 1 12844
1095 21 24695 1 24983
1096 1 38903 1 39065
1097 33 30687 4 30865
1098 5 33270 1 34437
1099 22 41089 1 42283
1100 36 48628 4 48894
1101 54 304 4 506
1102 3 35751 4 35855
1103 16 46813 5 47065
1104 64 32901 1 33159
1105 38 15829 2 15907
1106 54 32139 3 32317
1107 39 36848 1 37094
1108 22 13652 2 14295
1109 11 14463 2 14487
1110 39 24200 2 24473
1111 13 36848 1 37107
1112 33 12107 5 12277
1113 39 35419 3 36220
1114 53 3989 3 4103
1115 63 52293 1 52343
1116 37 11132 4 11821
1117 49 9301 6 9503
1118 39 33334 5 33676
1119 53 26824 2 27166
1120 65 11229 2 11406
1121 63 41302 1 41395
1122 55 42348 3 42385
1123 43 32901 4 33188
1124 13 14527 1 14764
1125 10 22415 2 22687
1126 26 19984 3 20880
1127 17 44414 2 44474
1128 10 1622 4 1851
1129 13 53342 1 54116
1130 41 32139 4 32232
1131 64 25922 1 26247
1132 25 46019 3 46067
1133 49 49190 4 49271
1134 25 24659 4 25001
1135 62 55315 6 55386
1136 33 16790 4 16820
1137 15 29261 3 29417
1138 43 19241 4 19549
1139 26 29233 1 30144
1140 38 48139 3 48410
1141 21 35013 1 35271
1142 44 274 1 622
1143 22 46019 2 46059
1144 61 11135 3 11453
1145 43 48055 3 48240
1146 1 12549 1 12860
1147 61 37527 3 37742
1148 18 23243 4 23537
1149 11 52699 5 53031
1150 17 38365 3 38704
1151 26 2518 2 2590
1152 39 8381 1 8535
1153 17 30448 4 30624
1154 3 291 4 898
1155 32 38459 2 38631
1156 11 23586 2 23703
1157 1 32139 4 32355
1158 61 29233 3 29259
1159 39 36848 3 37099
1160 50 8171 4 8995
1161 54 1622 3 1972
1162 26 36079 1 37004
1163 11 9301 3 9326
1164 60 36848 3 37142
1165 66 11135 3 12025
1166 3 11694 7 12393
1167 53 15522 3 15828
1168 3 37657 2 38619
1169 39 23243 4 23383
1170 38 26935 3 27814
1171 39 24786 1 25104
1172 10 26023 3 26127
1173 59 46726 4 46990
1174 3 55465 5 55750
1175 44 5975 2 6252
1176 54 33727 4 34614
1177 22 85 1 189
1178 10 44925 5 45137
1179 17 20677 1 20690
1180 66 56232 2 56305
1181 26 49190 1 49440
1182 39 55315 1 55651
1183 55 45178 2 45447
1184 55 26824 3 26857
1185 5 38981 2 39947
1186 22 26922 1 27178
1187 57 11135 2 11168
1188 35 9919 6 10041
1189 16 12549 1 12674
1190 33 8171 7 8463
1191 48 8171 1 8469
1192 18 11132 1 11928
1193 66 43444 2 43515
1194 41 23294 7 24179
1195 39 32139 2 32901
1196 63 48080 2 48308
1197 39 46059 2 46293
1198 46 51513 2 51662
1199 61 33220 4 33376
1200 1 12549 1 13453
1201 1 42348 1 43585
1202 55 39811 2 40097
1203 41 26154 3 26466
1204 33 36381 4 36690
1205 22 37315 1 37403
1206 28 23243 1 24143
1207 45 46813 1 47107
1208 21 7316 4 7655
1209 66 5975 2 6143
1210 54 12832 5 13009
1211 33 47456 1 47685
1212 25 26824 5 27021
1213 11 38459 3 38512
1214 28 21893 2 22232
1215 1 10455 5 10647
1216 31 46019 4 46339
1217 11 38903 3 39032
1218 58 13453 8 13718
1219 22 18976 1 20234
1220 42 55315 1 55499
1221 16 45092 4 45243
1222 53 8877 1 9032
1223 23 3901 3 4114
1224 3 21893 5 22515
1225 43 36562 1 37358
1226 39 44028 1 44133
1227 45 38583 1 38907
1228 33 44905 5 45244
1229 22 27770 1 27800
1230 37 6060 4 6267
1231 11 8860 3 8870
1232 64 5081 1 5191
1233 17 30334 2 30448
1234 65 52699 1 53533
1235 42 36905 3 37206
1236 13 35245 1 35574
1237 11 33220 2 34104
1238 63 13612 2 14572
1239 10 30542 3 30756
1240 57 9919 6 10201
1241 23 7379 2 7458
1242 10 38365 3 38428
1243 36 33727 6 33923
1244 66 51285 2 51298
1245 8 12107 1 12401
1246 19 35355 1 35419
1247 22 2716 2 2859
1248 17 32901 1 33087
1249 1 7217 2 7613
1250 18 24678 1 24722
1251 44 36905 1 36986
1252 54 46726 3 46931
1253 59 8171 2 8820
1254 39 23531 4 23815
1255 33 31291 4 31403
1256 63 50980 1 51097
1257 9 3901 2 4035
1258 58 48871 6 48980
1259 20 5975 2 6298
1260 33 5081 2 5294
1261 33 48080 6 48295
1262 1 45220 2 45262
1263 28 18537 1 18619
1264 10 6283 1 6620
1265 45 12327 1 12523
1266 26 24659 5 24958
1267 1 2771 5 3045
1268 56 33390 1 34298
1269 25 15907 4 16255
1270 39 48628 1 48958
1271 33 15907 5 16790
1272 26 31962 3 32309
1273 11 11253 5 11328
1274 45 75 2 314
1275 33 2279 6 2422
1276 36 30542 5 30795
1277 25 46785 3 47092
1278 22 36468 1 36580
1279 39 35245 4 35419
1280 61 26168 1 26428
1281 17 26154 1 26378
1282 28 24206 2 24537
1283 3 10455 4 10784
1284 26 39577 3 39893
1285 10 11253 5 11890
1286 39 21856 2 22114
1287 33 37023 5 37369
1288 61 56232 3 57139
1289 1 33270 3 33380
1290 29 9919 6 10169
1291 43 30542 3 31191
1292 39 23383 2 23403
1293 54 12215 4 12532
1294 60 22687 3 22751
1295 57 8171 5 9136
1296 26 15829 2 15864
1297 59 2518 4 3183
1298 52 48422 1 48493
1299 39 44340 1 45136
1300 56 48055 1 48307
1301 17 49503 3 50117
1302 57 43002 3 43119
1303 27 24659 3 24864
1304 52 5081 3 5316
1305 39 48871 2 49190
1306 39 9533 1 9754
1307 44 19241 4 19483
1308 54 14527 6 14829
1309 57 20860 3 21856
1310 16 2279 1 2479
1311 59 52683 4 52785
1312 40 53342 1 53689
1313 41 48055 1 48083
1314 12 50660 3 50891
1315 39 43363 5 43738
1316 39 28202 7 28400
1317 15 15907 7 16022
1318 7 36562 1 36713
1319 12 53675 5 53745
1320 8 31216 3 31380
1321 33 53327 5 54117
1322 5 11135 1 12492
1323 33 39060 1 39207
1324 44 39811 2 39998
1325 18 55315 7 55590
1326 64 12832 2 13166
1327 55 12676 4 12990
1328 58 27921 6 28585
1329 22 38903 3 38981
1330 62 11135 5 11334
1331 41 49503 1 49819
1332 5 13584 2 13677
1333 26 17407 1 18523
1334 30 37759 4 37972
1335 64 36036 2 36249
1336 63 3562 1 3642
1337 39 3562 1 3853
1338 59 12107 4 12210
1339 12 30005 7 30269
1340 56 26154 2 27126
1341 44 23906 2 24202
1342 11 40072 2 40162
1343 58 44028 4 44939
1344 41 27770 7 28086
1345 11 48139 4 48183
1346 44 13453 2 13584
1347 13 46019 2 46244
1348 62 17407 6 17622
1349 32 23471 6 23489
1350 46 26154 1 26888
1351 63 36562 2 36880
1352 26 35419 2 35649
1353 45 30883 1 31670
1354 44 41038 3 41386
1355 58 23532 4 24305
1356 42 19984 5 20247
1357 11 53503 6 54447
1358 59 52397 3 52657
1359 4 44905 5 44985
1360 8 11135 2 11962
1361 49 11017 6 11752
1362 47 33727 4 33922
1363 26 32901 4 33083
1364 42 11135 4 11401
1365 5 2597 1 2786
1366 13 3901 1 4138
1367 47 49190 6 49239
1368 26 26666 4 26937
1369 36 27800 5 28006
1370 22 26794 2 26922
1371 39 38365 3 39226
1372 9 2279 5 2991
1373 17 13453 3 13474
1374 39 26154 1 26206
1375 16 17438 3 17542
1376 13 55315 1 55493
1377 59 37657 2 38470
1378 39 8253 4 9274
1379 62 2577 1 2866
1380 39 49190 6 49366
1381 4 26023 2 26200
1382 3 12549 1 12784
1383 11 11059 6 11204
1384 17 340 4 565
1385 14 20860 5 20995
1386 39 55253 5 55323
1387 44 35772 1 36377
1388 60 26154 4 26363
1389 14 18537 3 19528
1390 62 26824 4 27050
1391 22 47141 1 47760
1392 23 10874 3 11043
1393 3 50623 6 50717
1394 63 52659 1 52910
1395 29 37657 4 37864
1396 19 5975 2 6597
1397 59 28400 1 28505
1398 32 8171 4 8284
1399 55 38903 4 39022
1400 11 3901 6 4628
1401 1 9180 1 9301
1402 5 20677 2 20811
1403 59 7217 4 8209
1404 52 11694 2 11988
1405 28 3901 3 4028
1406 66 33220 1 33324
1407 39 13129 1 13363
1408 39 48422 6 48628
1409 55 39577 4 39803
1410 66 272 3 477
1411 33 35608 2 35751
1412 13 5975 2 6026
1413 17 35968 5 36036
1414 41 49190 2 49487
1415 5 2279 1 2379
1416 54 13453 6 13660
1417 10 6014 3 6269
1418 44 1622 1 2353
1419 64 41788 2 42112
1420 39 13584 1 13973
1421 44 20677 2 20694
1422 26 35013 1 35324
1423 61 50623 1 50790
1424 55 30542 2 30676
1425 33 26935 3 27938
1426 66 50980 2 51133
1427 61 15522 3 15690
1428 65 33424 5 33520
1429 39 20002 2 20677
1430 60 3901 3 4143
1431 29 12107 5 12170
1432 12 1622 1 1706
1433 32 30005 2 30154
1434 22 21854 1 23082
1435 22 15522 1 15727
1436 5 13897 1 14198
1437 3 26154 4 26295
1438 39 13973 6 14051
1439 33 23243 2 23592
1440 19 41596 2 41769
1441 16 9919 6 10115
1442 44 39577 3 39772
1443 54 26922 2 27185
1444 5 19066 2 19158
1445 65 10455 2 10782
1446 36 3901 4 4097
1447 39 13453 2 13565
1448 54 38365 3 39278
1449 10 29943 2 30005
1450 39 38583 3 38815
1451 59 44028 5 44958
1452 58 2518 2 2815
1453 53 23861 1 24130
1454 41 11059 4 11393
1455 60 37315 7 37443
1456 60 291 2 302
1457 37 291 4 462
1458 44 35013 2 35158
1459 44 15522 2 16317
1460 1 10152 5 10455
1461 16 50980 5 51044
1462 59 48080 2 48409
1463 22 37657 2 38469
1464 53 29233 1 29357
1465 60 23861 5 24170
1466 54 45220 5 45318
1467 44 14463 3 15455
1468 23 46627 5 46922
1469 60 14463 5 14741
1470 59 53675 7 53984
1471 21 43885 2 43940
1472 3 19984 2 20332
1473 56 44905 2 45210
1474 26 48422 1 48806
1475 15 23915 6 23928
1476 58 31108 3 31301
1477 33 17438 1 17784
1478 44 2518 2 2765
1479 10 37004 5 37044
1480 64 30189 1 30535
1481 17 21893 2 22122
1482 36 22415 4 22655
1483 13 9919 2 10009
1484 17 35245 2 35257
1485 1 36905 3 37525
1486 3 52683 6 53336
1487 44 24659 1 25684
1488 13 8171 2 9032
1489 39 20677 4 21508
1490 17 24695 4 25039
1491 39 6060 1 6178
1492 54 32986 4 33284
1493 37 37657 4 37707
1494 3 7946 6 7956
1495 53 52556 2 53425
1496 63 38903 2 39148
1497 3 27105 5 28003
1498 11 8595 3 8686
1499 58 37527 5 38212
1500 53 50980 1 51596
1501 46 46019 2 46321
1502 26 46019 3 46287
1503 33 18395 1 19350
1504 28 26824 1 27122
1505 11 55306 5 55423
1506 41 32942 6 33027
1507 45 55315 3 56076
1508 54 20880 5 20910
1509 33 31108 6 31291
1510 63 13453 1 13612
1511 33 11229 3 11367
1512 61 23532 2 23782
1513 22 32942 1 33390
1514 48 12549 2 13471
1515 61 32139 3 32472
1516 19 11132 2 11369
1517 17 33220 1 33431
1518 44 33390 1 33712
1519 1 25033 5 25372
1520 23 17407 2 17566
1521 33 43585 1 43902
1522 10 13584 2 13658
1523 11 27770 4 28100
1524 43 9274 4 9430
1525 58 36036 3 36278
1526 59 27770 4 28669
1527 21 291 3 636
1528 41 13039 4 13093
1529 61 36036 1 36144
1530 53 13453 1 13671
1531 5 44905 1 45300
1532 38 28014 3 28160
1533 59 38428 4 39093
1534 12 21733 4 21986
1535 21 37527 1 38485
1536 18 38428 3 39274
1537 8 45220 1 45240
1538 39 22713 1 23008
1539 22 38981 3 39233
1540 26 50623 5 50774
1541 39 43738 7 43885
1542 64 51552 1 51822
1543 33 28014 6 28227
1544 5 20078 1 20399
1545 54 44133 5 44920
1546 26 51285 1 51807
1547 39 30370 4 30388
1548 26 35751 6 36050
1549 39 32901 3 32916
1550 16 37801 1 38138
1551 60 47141 6 47226
1552 13 33390 1 33760
1553 41 53585 4 53690
1554 13 40967 2 41196
1555 38 25766 3 25975
1556 38 3562 4 3693
1557 22 16102 1 16895
1558 22 12107 1 12215
1559 38 52397 1 53008
1560 1 20677 2 20800
1561 22 11177 3 12025
1562 34 30370 2 30685
1563 61 55253 3 56036
1564 59 55253 3 55396
1565 38 18537 1 18639
1566 34 33390 1 33608
1567 8 23243 2 23848
1568 54 24200 1 24368
1569 42 25033 1 25095
1570 44 33270 4 33355
1571 26 31216 4 31375
1572 66 37527 1 37603
1573 41 37801 2 38090
1574 38 12832 2 12858
1575 41 50660 6 51695
1576 39 44905 3 45705
1577 39 48080 3 48166
1578 44 51285 3 51580
1579 14 31108 4 31207
1580 63 39811 1 39998
1581 13 24678 2 24812
1582 39 52556 1 52683
1583 44 44133 2 45068
1584 33 3853 2 4166
1585 61 28014 2 28336
1586 63 25895 2 25931
1587 1 51674 2 51832
1588 39 41038 2 41302
1589 21 2279 1 2625
1590 58 27770 1 27921
1591 33 3562 1 4088
1592 33 21966 1 22218
1593 41 55465 6 56247
1594 41 40967 1 41016
1595 11 5081 2 5301
1596 39 5081 3 5975
1597 39 45220 3 46019
1598 38 26466 1 26654
1599 33 20860 6 21733
1600 19 26023 1 26258
1601 39 43885 2 43914
1602 21 44028 2 44919
1603 23 37315 2 37489
1604 59 9643 3 9876
1605 26 38296 2 38419
1606 8 20234 3 20319
1607 57 28400 4 28550
1608 31 21854 3 22015
1609 59 24659 5 24730
1610 33 4166 1 4515
1611 31 53675 4 53782
1612 22 9526 1 9993
1613 44 17407 2 17786
1614 22 38428 1 38464
1615 54 35013 2 35339
1616 24 9919 4 10756
1617 56 25895 2 26127
1618 22 18537 1 18976
1619 28 35355 1 35424
1620 11 38583 3 38795
1621 62 48139 5 48276
1622 1 46990 1 47337
1623 60 40967 2 41895
1624 5 38296 1 38691
1625 13 25895 2 26115
1626 55 43363 2 43668
1627 60 26922 2 27077
1628 33 23532 2 23585
1629 39 807 1 2279
1630 44 40557 3 40580
1631 65 51674 1 51761
1632 33 30334 1 30542
1633 39 9821 1 9979
1634 33 17407 3 17438
1635 44 127 1 184
1636 39 49798 3 50052
1637 62 93 3 216
1638 61 20677 4 21025
1639 33 29233 2 29943
1640 1 25766 4 25922
1641 28 20677 3 21002
1642 39 25766 1 26580
1643 17 8447 3 8486
1644 17 52556 1 54070
1645 28 26023 1 26210
1646 26 14463 5 14834
1647 65 55449 2 55776
1648 59 39811 2 39925
1649 64 27770 1 27828
1650 36 9301 6 9354
1651 33 11694 3 11917
1652 46 20002 2 20148
1653 41 38583 1 38713
1654 32 21966 7 22893
1655 18 26023 3 26373
1656 1 25922 5 26154
1657 10 9035 4 9324
1658 38 46019 4 46799
1659 3 5975 5 5989
1660 39 40072 1 40131
1661 11 807 3 1611
1662 43 12549 3 12647
1663 28 10443 1 10453
1664 46 37801 2 37908
1665 58 25766 7 25994
1666 33 13834 3 14006
1667 54 43363 4 43602
1668 1 35861 1 35968
1669 5 37315 1 37451
1670 44 46785 1 47069
1671 17 9374 5 9526
1672 63 49190 2 49994
1673 49 26154 5 26282
1674 12 48080 7 48185
1675 45 38459 1 38583
1676 22 24093 1 26586
1677 22 10800 2 11177
1678 19 47141 2 47197
1679 23 36848 5 36944
1680 47 51285 8 51582
1681 43 3562 3 3773
1682 28 48628 1 48812
1683 63 35861 1 36557
1684 41 18537 3 18874
1685 44 27770 1 27927
1686 3 44905 5 45093
1687 57 46880 2 47209
1688 54 7097 4 7302
1689 17 28400 2 28594
1690 62 51513 6 51556
1691 22 20880 1 21535
1692 26 46880 3 47216
1693 22 30627 3 30879
1694 59 22415 2 22671
1695 64 43885 1 44043
1696 46 13834 1 14099
1697 40 11320 1 11357
1698 58 48628 4 48756
1699 39 24548 1 24659
1700 44 50623 1 50970
1701 39 32942 1 32957
1702 23 8463 4 9305
1703 33 27770 4 28014
1704 42 38583 3 39187
1705 1 44315 3 45220
1706 26 41596 1 41740
1707 38 19984 1 20902
1708 1 30194 2 31059
1709 14 24093 5 24207
1710 7 156 1 454
1711 17 14527 1 15257
1712 43 37801 1 38524
1713 63 25766 1 25895
1714 39 25409 2 26044
1715 44 39060 1 39392
1716 28 39577 3 39858
1717 52 19241 1 19403
1718 6 25409 3 26237
1719 45 9274 2 10133
1720 26 25409 3 26100
1721 1 8381 1 8808
1722 5 48422 2 48495
1723 33 12974 7 13093
1724 5 23243 1 23464
1725 64 29233 2 29348
1726 63 5081 2 5323
1727 33 40967 5 41218
1728 21 12107 2 13073
1729 56 23294 2 23525
1730 3 2811 1 2967
1731 64 20677 1 21047
1732 47 22415 2 22588
1733 64 44905 1 45405
1734 23 26824 4 26975
1735 22 12215 1 12518
1736 61 22687 1 23016
1737 22 5975 1 6094
1738 31 48628 3 48710
1739 61 8422 2 8432
1740 39 11569 6 11798
1741 33 30144 1 31255
1742 33 55306 1 55466
1743 15 8447 7 8481
1744 51 12327 3 12544
1745 42 11694 4 12516
1746 59 43444 7 43778
1747 38 39846 2 40049
1748 26 11059 5 11171
1749 28 53675 1 53886
1750 13 28431 2 28683
1751 59 9301 3 9643
1752 33 39060 1 39577
1753 11 37159 4 37365
1754 39 24659 4 24678
1755 28 41089 1 41301
1756 26 33220 1 33346
1757 36 18104 3 18177
1758 26 19066 3 19267
1759 18 49190 6 49418
1760 1 29715 4 29893
1761 37 26168 2 26469
1762 59 24903 4 25138
1763 11 45092 3 45103
1764 45 2422 3 2668
1765 1 32942 1 33158
1766 36 6060 5 6163
1767 39 31962 3 32139
1768 64 13584 2 13739
1769 26 45092 2 45147
1770 38 41038 3 41753
1771 16 53675 2 53980
1772 28 17407 2 17456
1773 17 26466 2 26813
1774 17 27113 3 27452
1775 4 43585 6 43610
1776 57 19241 1 19325
1777 4 5081 2 5732
1778 55 35419 3 35709
1779 28 55449 2 56186
1780 39 807 1 1149
1781 43 33220 4 33537
1782 65 37657 1 38531
1783 54 39577 3 39701
1784 12 9919 6 10886
1785 62 44028 1 44843
1786 25 18537 3 18561
1787 3 46627 5 47618
1788 1 9301 2 9583
1789 16 49190 3 49320
1790 44 2811 1 3749
1791 21 11694 4 11742
1792 33 21966 1 22435
1793 15 12974 6 13304
1794 33 21733 1 21966
1795 41 48139 1 48340
1796 38 36143 4 36231
1797 36 20002 5 20121
1798 10 19066 1 19091
1799 45 12549 3 12570
1800 11 2577 4 3361
1801 60 13584 5 13790
1802 11 46019 3 46352
1803 58 48139 5 48271
1804 5 303 2 929
1805 33 25766 2 27051
1806 26 5081 1 6011
1807 13 11320 2 11559
1808 64 22415 1 22470
1809 22 23906 2 24093
1810 39 22168 3 22415
1811 59 18537 8 18697
1812 41 46627 1 47172
1813 59 29233 4 29284
1814 59 26168 8 27081
1815 33 38903 7 39060
1816 1 28202 2 28431
1817 15 53675 1 53857
1818 32 38631 7 38761
1819 22 36079 2 36148
1820 19 97 1 116
1821 61 19984 4 20299
1822 39 49503 1 49798
1823 33 5975 7 6245
1824 1 48871 2 48932
1825 62 20677 6 20846
1826 38 43444 1 43766
1827 22 48080 1 48139
1828 3 6033 5 6154
1829 39 3853 2 4696
1830 44 11253 2 11512
1831 39 35419 2 35446
1832 31 24659 2 24852
1833 1 2279 2 2771
1834 8 28014 1 28290
1835 21 30542 2 30752
1836 41 52293 2 52513
1837 54 49190 4 49416
1838 17 12107 3 12896
1839 45 21508 3 21794
1840 66 12549 2 13411
1841 59 12549 5 13154
1842 36 36905 3 37236
1843 16 46627 2 46810
1844 11 12470 6 12514
1845 61 25922 1 26094
1846 22 27800 1 28645
1847 48 14463 3 14812
1848 51 33727 3 33979
1849 5 23915 2 24177
1850 63 29233 2 29244
1851 58 5975 5 6724
1852 39 42380 5 42693
1853 12 39060 7 39114
1854 32 36148 2 36497
1855 53 2422 3 3265
1856 5 5081 1 5202
1857 51 17407 5 18165
1858 63 15522 1 15843
1859 4 38631 2 38936
1860 33 9919 2 10747
1861 7 23966 1 24188
1862 28 48055 2 48280
1863 39 14463 2 14527
1864 16 29233 3 29429
1865 66 25766 2 25914
1866 10 23861 4 24206
1867 39 2279 1 2518
1868 54 49712 6 49813
1869 55 26922 4 27189
1870 26 48080 2 48226
1871 17 38981 5 39119
1872 12 12107 4 12389
1873 1 43585 5 43913
1874 10 12690 5 12975
1875 66 38903 3 39537
1876 33 32986 1 33000
1877 36 7097 4 7129
1878 39 21508 2 21856
1879 57 46019 4 46795
1880 41 8171 6 8436
1881 12 10 5 116
1882 43 40967 4 41741
1883 33 18104 1 18395
1884 22 31108 3 32464
1885 33 51513 5 52397
1886 59 23861 8 24111
1887 39 13565 1 14463
1888 13 25766 1 25840
1889 17 46019 3 46253
1890 60 46059 3 46110
1891 17 32 4 190
1892 5 42380 1 42609
1893 21 24659 2 24680
1894 33 43885 3 44028
1895 1 21733 5 21893
1896 12 24786 3 25550
1897 1 9821 1 10152
1898 55 24659 3 24709
1899 22 36148 2 36373
1900 59 6060 5 6151
1901 33 44028 2 44905
1902 1 15829 2 15907
1903 55 36468 3 37130
1904 38 12107 3 12327
1905 1 48055 1 48765
1906 66 22713 3 22989
1907 59 30448 1 30737
1908 16 46019 1 46255
1909 21 15522 1 15789
1910 39 35013 5 35214
1911 39 9533 4 9680
1912 1 3901 2 4853
1913 65 25766 2 26099
1914 17 20880 3 21039
1915 39 18104 1 18391
1916 13 47456 2 47497
1917 59 49190 3 49503
1918 5 25766 1 26276
1919 53 33390 1 33588
1920 15 55253 2 55861
1921 57 38583 4 38638
1922 39 22415 7 22713
1923 17 40967 2 41180
1924 25 14463 5 14618
1925 65 31291 3 31334
1926 39 35214 1 35245
1927 1 24473 3 24557
1928 51 6283 4 7037
1929 3 8447 5 8664
1930 51 25922 5 26218
1931 43 24473 3 24718
1932 13 9719 1 9916
1933 18 17407 5 17459
1934 62 24903 3 25147
1935 39 21856 1 22168
1936 26 26154 4 26666
1937 37 2715 5 2842
1938 63 38583 2 38892
1939 6 38296 4 38326
1940 65 8991 3 9325
1941 33 24637 1 24664
1942 26 13897 5 13993
1943 55 53675 4 54509
1944 64 49787 1 49971
1945 33 25409 3 26045
1946 33 20002 1 20288
1947 59 27105 2 27255
1948 38 11320 4 11500
1949 28 49798 2 49963
1950 63 9301 2 9419
1951 42 24206 2 24431
1952 1 21893 5 22749
1953 23 48139 4 48341
1954 61 17407 3 17588
1955 1 33270 2 33294
1956 16 11135 6 11480
1957 22 48871 3 49712
1958 61 14463 1 14751
1959 64 26521 1 26784
1960 54 37759 2 37889
1961 22 33390 1 34292
1962 33 72 4 272
1963 41 24206 5 24892
1964 56 10800 2 10933
1965 53 5975 2 6302
1966 39 50660 1 50919
1967 16 25895 3 26224
1968 59 52785 3 53675
1969 8 49787 3 49846
1970 17 11694 3 11878
1971 22 30883 2 31108
1972 10 23417 3 23573
1973 59 38296 4 38484
1974 44 12107 3 12792
1975 49 35751 5 35865
1976 11 49190 4 49280
1977 25 55253 5 55571
1978 59 32942 5 33243
1979 58 20968 3 21120
1980 26 3901 4 3989
1981 22 13453 1 13556
1982 41 32901 3 32939
1983 39 46627 1 46873
1984 33 10800 2 10874
1985 57 48871 1 49183
1986 3 36036 7 36286
1987 42 13453 2 13529
1988 38 40072 2 40293
1989 59 23471 3 23605
1990 22 27105 1 27195
1991 61 8171 2 8237
1992 66 21893 1 22174
1993 16 32942 4 33883
1994 1 55253 1 55315
1995 14 41302 3 41544
1996 17 36440 2 36684
1997 1 29233 1 29715
1998 8 48628 1 48757
1999 44 22687 4 22823
2000 22 26666 2 26794
2001 26 27105 1 27321
2002 13 23531 1 23631
2003 28 46627 3 47453
2004 10 22687 5 23294
2005 53 20002 3 20062
2006 54 15829 6 15989
2007 8 46785 3 46826
2008 22 8595 1 8877
2009 5 47141 2 47862
2010 10 7097 3 7708
2011 15 24678 7 24734
2012 64 29893 2 30189
2013 26 43444 5 43523
2014 26 38903 3 39022
2015 42 15829 1 16001
2016 58 30005 3 30606
2017 10 37801 5 37928
2018 7 39060 1 39130
2019 14 26824 3 27086
2020 5 18976 1 18997
2021 17 36905 3 37030
2022 55 52683 4 52986
2023 59 30144 5 30319
2024 58 16102 8 16268
2025 23 2279 4 2932
2026 12 32901 4 33770
2027 16 39169 2 39516
2028 63 32942 1 32986
2029 59 41302 4 41412
2030 12 12555 5 12565
2031 19 12107 1 12781
2032 10 20860 3 21096
2033 21 47141 2 47998
2034 16 28400 4 28601
2035 22 53585 2 54640
2036 16 8447 6 8721
2037 57 155 5 394
2038 49 13891 3 13936
2039 58 10078 3 10245
2040 59 23569 2 23770
2041 21 11229 3 11462
2042 37 9533 4 9607
2043 33 6245 1 8171
2044 59 807 6 1008
2045 19 7379 2 7631
2046 19 27105 1 27224
2047 47 15522 8 15551
2048 13 28014 2 28389
2049 53 25895 1 26222
2050 63 7097 1 7172
2051 21 23243 2 23514
2052 41 19984 1 20875
2053 44 10 1 368
2054 55 51285 2 51444
2055 48 46019 3 46266
2056 63 51674 2 51978
2057 39 27105 3 28031
2058 23 32139 5 32209
2059 64 48139 1 48449
2060 43 12210 2 12301
2061 21 30005 2 30117
2062 13 26466 1 26568
2063 30 9035 1 9340
2064 8 46627 3 46731
2065 41 8991 6 9176
2066 32 9533 4 9557
2067 64 5989 2 6505
2068 66 48166 1 48292
2069 39 31240 1 31369
2070 19 20860 1 21114
2071 13 19984 1 20732
2072 15 12549 3 12749
2073 33 35245 1 35355
2074 13 38440 1 38561
2075 14 17407 5 17610
2076 23 50623 3 50756
2077 59 19267 4 19369
2078 59 11017 2 11320
2079 58 13897 2 13968
2080 65 30194 4 30358
2081 41 11694 2 11886
2082 58 50980 3 51828
2083 13 50980 1 51232
2084 14 19984 5 20318
2085 61 46726 4 47362
2086 12 35751 5 35972
2087 54 29893 6 30149
2088 22 2308 2 2577
2089 17 30737 5 30953
2090 49 27113 5 27821
2091 26 38123 6 38221
2092 44 35751 2 35772
2093 61 53675 1 53775
2094 12 56232 7 56836
2095 29 26154 6 26168
2096 55 8171 3 8276
2097 38 13453 4 13478
2098 13 43002 1 43288
2099 8 13960 1 14050
2100 43 27113 3 27402
2101 33 24659 2 24861
2102 28 8381 3 8694
2103 58 36986 4 37331
2104 39 50980 2 51285
2105 26 9374 2 10196
2106 22 8877 2 9189
2107 5 55449 2 55537
2108 1 3562 2 3696
2109 33 36056 1 36143
2110 16 2811 2 2955
2111 56 35013 2 35296
2112 25 12277 5 12404
2113 58 46785 4 47466
2114 13 23915 1 24669
2115 26 24306 1 24570
2116 14 37801 5 37973
2117 56 18537 2 18763
2118 58 2279 1 2477
2119 11 36905 1 37159
2120 39 11135 2 11253
2121 36 5975 5 6015
2122 61 3901 3 4169
2123 25 8991 4 9896
2124 17 55253 5 56014
2125 16 20677 5 20737
2126 29 2597 6 2853
2127 64 48871 2 48990
2128 54 8877 5 9133
2129 12 5975 2 6239
2130 1 55315 3 56065
2131 1 23906 1 24693
2132 33 9664 1 9919
2133 17 39577 1 40363
2134 26 41218 2 41513
2135 14 23243 2 23319
2136 54 26154 5 26366
2137 10 25895 3 26023
2138 63 55253 2 56177
2139 1 9035 2 9180
2140 13 13915 1 13961
2141 3 48080 6 48131
2142 54 8171 4 8493
2143 17 19241 1 19548
2144 22 20677 2 20791
2145 39 50660 3 50996
2146 41 30194 2 30883
2147 59 15522 4 15794
2148 21 17407 1 17426
2149 39 36568 7 36848
2150 37 10874 4 10970
2151 38 36568 1 36657
2152 28 1622 1 1680
2153 48 11059 3 11397
2154 52 26666 2 26893
2155 36 9719 4 9801
2156 33 37527 4 37801
2157 53 5081 1 5805
2158 26 52293 6 52373
2159 39 40072 3 40287
2160 17 36036 1 36296
2161 26 8381 2 9374
2162 16 49798 3 49889
2163 61 5975 3 6118
2164 52 46627 3 46766
2165 22 13039 1 14442
2166 26 38583 5 38859
2167 1 51832 2 52293
2168 41 45092 5 45111
2169 58 35214 6 35283
2170 19 24695 1 24925
2171 39 72 7 168
2172 14 20677 5 20728
2173 57 48166 1 48249
2174 22 14527 1 15041
2175 43 26666 1 26993
2176 60 18537 5 18796
2177 41 38296 8 38408
2178 19 2577 1 3247
2179 41 3562 2 3720
2180 18 1622 7 1865
2181 59 33220 3 33332
2182 3 14463 5 14562
2183 33 14292 6 14385
2184 16 37315 1 37556
2185 39 36373 4 36568
2186 1 9374 1 9719
2187 58 41038 4 41359
2188 13 30883 2 30975
2189 1 13748 4 14011
2190 55 8381 4 9285
2191 61 195 2 289
2192 24 55253 3 55553
2193 9 39169 4 39514
2194 48 13652 3 13910
2195 21 26154 3 26479
2196 41 22687 1 23037
2197 3 2518 2 2651
2198 54 11320 3 11599
2199 64 40072 2 40303
2200 59 23294 4 23471
2201 14 3901 5 3926
2202 28 30883 2 30978
2203 13 22713 2 22762
2204 29 11694 5 11752
2205 49 21733 4 22026
2206 27 17438 1 17502
2207 3 30189 4 31134
2208 55 44133 3 44235
2209 42 8171 3 8205
2210 33 37657 3 37800
2211 52 11229 1 11468
2212 33 24903 4 24931
2213 17 48166 2 48822
2214 30 24695 5 24896
2215 44 3901 3 4224
2216 50 15522 3 15546
2217 39 12327 4 12666
2218 29 13915 6 14052
2219 60 33390 2 33549
2220 43 17407 2 18321
2221 44 9719 2 10385
2222 9 50980 6 51183
2223 45 11132 2 11428
2224 7 19984 1 20281
2225 39 9719 2 9828
2226 46 36036 1 36770
2227 65 13453 3 13522
2228 14 8171 4 8259
2229 33 33220 3 33424
2230 28 28014 2 28354
2231 26 2 1 187
2232 54 36848 3 37491
2233 3 28014 7 28149
2234 16 11059 2 11081
2235 28 51285 3 51481
2236 14 48871 1 48910
2237 22 51429 1 53342
2238 35 17438 5 18287
2239 11 8877 6 9187
2240 5 15522 2 15833
2241 10 24206 5 24522
2242 50 19304 3 19497
2243 11 55449 4 55788
2244 54 53585 4 53678
2245 39 11694 1 11736
2246 15 14463 2 15199
2247 13 51674 1 51733
2248 41 26824 5 26988
2249 1 8171 1 8381
2250 64 47031 1 47507
2251 39 4166 1 4383
2252 11 23906 4 24532
2253 13 20968 2 21268
2254 64 12549 1 12621
2255 3 22713 5 22928
2256 13 29233 1 29256
2257 54 26023 3 26050
2258 46 49503 1 50274
2259 58 130 7 447
2260 59 8381 3 9153
2261 22 43363 1 44060
2262 39 23861 2 23922
2263 37 23906 4 24001
2264 16 9643 3 9773
2265 3 24678 5 24876
2266 63 26154 2 27082
2267 12 29715 5 29799
2268 10 2811 3 2878
2269 41 41089 4 41425
2270 64 46019 1 46127
2271 33 43363 3 43627
2272 41 28400 2 29094
2273 39 40967 2 41038
2274 29 39065 1 39269
2275 28 46182 2 46271
2276 44 7316 3 8991
2277 16 19984 5 20269
2278 60 38583 3 39397
2279 65 13584 1 14517
2280 66 44905 1 45571
2281 64 36468 2 36664
2282 7 14527 1 14664
2283 54 35419 5 36098
2284 20 13453 1 14221
2285 49 20677 3 20773
2286 21 87 2 182
2287 39 23008 1 23243
2288 59 5081 8 6022
2289 22 8171 1 8361
2290 5 20860 1 20968
2291 44 807 2 1034
2292 39 52683 2 53426
2293 64 48628 1 48871
2294 32 37527 6 38400
2295 61 12832 3 12976
2296 1 31962 1 32676
2297 54 2308 4 2649
2298 57 12470 1 12783
2299 21 39060 4 39189
2300 16 39060 5 39153
2301 3 8171 4 8425
2302 22 36373 3 36418
2303 17 13652 1 13960
2304 8 24206 3 24389
2305 5 27770 1 27999
2306 37 30005 4 30665
2307 33 30865 5 31045
2308 54 807 2 962
2309 62 35419 2 36153
2310 13 6033 1 6102
2311 33 36143 1 36381
2312 16 13891 5 14628
2313 61 49712 1 49844
2314 47 11694 7 12530
2315 66 29233 1 29312
2316 62 45178 4 45526
2317 5 50660 1 50950
2318 26 48055 3 48392
2319 17 8171 1 8187
2320 11 13565 3 13633
2321 13 10800 1 10982
2322 17 14292 2 14427
2323 65 42380 1 43120
2324 21 55253 1 55588
2325 23 38903 2 39206
2326 59 27770 1 27990
2327 53 23532 3 23708
2328 41 33220 8 33510
2329 38 49787 2 49853
2330 14 9719 5 10014
2331 33 27105 1 27334
2332 51 51285 6 51357
2333 39 29261 2 29750
2334 21 46726 1 47047
2335 26 37527 3 37683
2336 28 6283 3 6461
2337 17 19984 2 20298
2338 49 32942 5 33230
2339 44 52683 2 52896
2340 1 22749 3 23638
2341 44 5081 4 5224
2342 41 55253 1 55388
2343 39 12549 1 12832
2344 9 50660 4 50980
2345 45 15522 1 15668
2346 11 50623 1 50933
2347 41 38123 1 38296
2348 28 25766 2 25836
2349 49 5081 2 6070
2350 58 14527 1 15241
2351 28 14527 3 14607
2352 28 38981 2 39299
2353 41 12107 1 12469
2354 59 47035 5 47162
2355 38 38583 3 38835
2356 64 25922 1 26319
2357 63 8171 1 9076
2358 8 26168 3 27097
2359 53 40967 2 41178
2360 33 32901 4 32986
2361 59 29943 1 30120
2362 59 25766 5 26103
2363 39 23915 1 23966
2364 50 46726 3 47492
2365 63 51285 1 51361
2366 13 23861 1 23915
2367 33 24678 1 24903
2368 38 49503 4 49529
2369 11 20677 3 20833
2370 64 9035 2 9725
2371 44 48422 2 48671
2372 63 2597 2 2614
2373 5 46019 2 46075
2374 61 38428 4 38693
2375 45 46019 3 46266
2376 63 17407 1 17720
2377 64 13891 2 14074
2378 54 47141 3 47272
2379 43 15522 3 15688
2380 57 35751 6 35848
2381 59 35751 3 35979
2382 44 36377 1 36426
2383 41 10800 3 10922
2384 14 1622 4 1669
2385 15 2279 3 2308
2386 22 46059 3 46182
2387 39 50623 3 50660
2388 42 36143 3 36167
2389 13 50660 1 50810
2390 16 36418 1 36544
2391 39 46880 4 47035
2392 11 36562 3 36881
2393 64 37527 2 37596
2394 39 51429 2 52053
2395 3 7316 3 7576
2396 59 7316 4 7618
2397 20 37801 2 38068
2398 38 26154 2 26304
2399 1 28014 1 28202
2400 54 26824 5 26854
2401 25 40072 4 40165
2402 63 48628 1 48733
2403 22 55449 1 55605
2404 39 30542 1 31136
2405 38 9719 2 9736
2406 66 36440 2 36726
2407 14 9643 3 9711
2408 13 12549 1 12727
2409 1 807 1 946
2410 29 29233 3 29409
2411 18 46726 7 46985
2412 59 9032 2 9275
2413 61 23915 3 24739
2414 54 13891 4 13963
2415 10 272 3 522
2416 33 14463 6 14712
2417 50 9719 3 9934
2418 33 38365 7 38440
2419 61 44905 4 45213
2420 59 30737 6 30925
2421 28 53503 1 53659
2422 59 42348 6 43011
2423 14 39060 6 39931
2424 66 46019 2 46141
2425 64 81 1 959
2426 22 53675 1 54601
2427 39 7379 5 7586
2428 59 49503 1 49637
2429 1 38365 2 38493
2430 16 23531 1 24369
2431 28 2577 1 2732
2432 59 36562 2 36829
2433 63 10800 1 10902
2434 46 48166 1 48382
2435 26 20880 5 21105
2436 41 19066 6 19841
2437 26 42380 6 42714
2438 33 10874 5 10985
2439 13 17407 1 17717
2440 37 40967 3 41021
2441 21 29893 1 29910
2442 55 18976 3 19836
2443 11 19984 4 20312
2444 1 38631 4 38748
2445 33 40072 3 40804
2446 10 38428 1 39159
2447 59 15522 2 15829
2448 18 48871 6 48893
2449 41 48628 1 48761
2450 17 13960 5 14024
2451 33 49787 1 49808
2452 28 35751 3 35961
2453 25 36905 2 37768
2454 10 36426 2 36666
2455 36 26824 3 26841
2456 39 2518 1 3562
2457 58 33390 7 33566
2458 44 38296 1 38335
2459 66 20677 3 20776
2460 12 36036 6 36051
2461 4 2811 6 3124
2462 22 44925 1 45323
2463 3 15522 4 16482
2464 1 21508 4 21639
2465 17 3901 1 4007
2466 64 7316 1 7397
2467 21 46019 4 46080
2468 4 23906 2 24686
2469 64 38459 1 38589
2470 35 50623 5 50686
2471 1 25409 1 25766
2472 64 23243 1 23514
2473 36 46627 5 46783
2474 33 58 1 209
2475 17 3562 1 3640
2476 62 13584 5 14295
2477 48 25766 3 26417
2478 63 47035 2 47376
2479 13 35013 2 35150
2480 53 24306 1 24526
2481 39 14527 4 15522
2482 39 24206 1 24349
2483 32 36905 5 37215
2484 65 32901 1 32936
2485 42 15522 1 15596
2486 48 30121 2 30439
2487 60 8991 4 9168
2488 1 20860 2 21194
2489 64 23861 2 24499
2490 42 47141 3 47420
2491 44 43127 3 43362
2492 26 55253 2 55869
2493 25 26154 5 26394
2494 38 8171 4 8328
2495 39 40287 3 40967
2496 28 15829 3 15885
2497 1 39169 1 40189
2498 1 28431 3 28615
2499 60 49798 4 49885
 调度评估结果
1. 任务等待评估 (Σ 等待×权重): 503425388
2. 任务完成评估 (最大完成时间): 57139
3. GPU显存空闲评估 (平均空闲): 13054.55 GB/时间片
 额外统计
已调度任务               : 2499/2499
平均等待时间            : 19604.11
各服务器任务分布      : 服务器1=116, 服务器2=1, 服务器3=47, 服务器4=10, 服务器5=43, 服务器6=6, 服务器7=17, 服务器8=24, 服务器9=5, 服务器10=50, 服务器11=51, 服务器12=30, 服务器13=71, 服务器14=29, 服务器15=17, 服务器16=59, 服务器17=89, 服务器18=21, 服务器19=18, 服务器20=10, 服务器21=45, 服务器22=114, 服务器23=22, 服务器24=3, 服务器25=20, 服务器26=88, 服务器27=3, 服务器28=49, 服务器29=14, 服务器30=6, 服务器31=10, 服务器32=18, 服务器33=148, 服务器34=4, 服务器35=10, 服务器36=27, 服务器37=17, 服务器38=41, 服务器39=187, 服务器40=4, 服务器41=67, 服务器42=23, 服务器43=32, 服务器44=80, 服务器45=30, 服务器46=20, 服务器47=10, 服务器48=14, 服务器49=14, 服务器50=19, 服务器51=14, 服务器52=14, 服务器53=32, 服务器54=58, 服务器55=35, 服务器56=11, 服务器57=30, 服务器58=42, 服务器59=110, 服务器60=29, 服务器61=53, 服务器62=26, 服务器63=56, 服务器64=67, 服务器65=29, 服务器66=40
