1 12 4307 2 4921
2 12 10418 1 10807
3 9 7842 1 8263
4 9 4434 5 4908
5 12 8304 2 8606
6 15 640 1 1186
7 5 4691 4 4923
8 6 2193 4 2510
9 22 5277 1 5779
10 15 12092 3 12330
11 15 11497 1 11967
12 9 7868 4 8038
13 14 5746 2 6353
14 16 5846 3 6297
15 2 7705 3 7867
16 13 3172 2 3370
17 9 12092 1 12744
18 7 10003 2 10405
19 7 3254 1 3274
20 7 5458 5 5746
21 12 6252 1 6393
22 12 7269 1 9187
23 22 4817 1 5279
24 16 62 2 458
25 13 706 1 744
26 21 9145 1 10207
27 13 5193 3 5653
28 12 11497 1 12261
29 7 1728 3 1831
30 15 8435 2 8940
31 9 5746 2 5911
32 13 12330 3 12607
33 7 11055 1 11547
34 9 3254 2 3737
35 7 6525 1 6798
36 16 5098 2 5511
37 7 1159 3 1348
38 12 9145 4 9250
39 6 6362 2 6392
40 16 961 1 1254
41 21 961 1 1316
42 21 6362 1 6657
43 15 11497 1 11655
44 2 3920 1 4119
45 16 6973 3 7042
46 21 6848 4 6956
47 3 10700 1 11288
48 2 1813 3 2099
49 21 6362 1 6820
50 15 9145 2 9358
51 23 8268 1 8283
52 15 9758 3 9834
53 18 9358 1 9408
54 7 9145 1 9353
55 11 4579 3 4637
56 6 11497 6 11601
57 18 3254 1 3769
58 7 7416 2 7556
59 9 698 4 1127
60 9 1754 2 2396
61 21 10403 4 10736
62 15 3384 4 3638
63 10 151 1 216
64 7 11497 3 11789
65 21 10901 2 11236
66 18 12092 3 12600
67 15 9652 2 10175
68 9 4888 2 5045
69 5 2877 1 3265
70 7 9358 2 9675
71 9 7645 1 7744
72 12 9145 2 9167
73 21 7791 1 8354
74 11 10697 1 10971
75 16 2840 3 3311
76 13 210 1 839
77 20 4611 4 5117
78 9 482 5 1046
79 16 9307 5 9365
80 21 6072 1 6362
81 5 158 5 804
82 7 7144 1 7342
83 23 6653 1 6960
84 9 9145 3 9620
85 9 9801 5 9846
86 6 9145 2 9567
87 4 10079 1 10263
88 21 7477 1 7590
89 15 1484 1 2111
90 12 6481 3 6694
91 23 6188 3 6299
92 4 5846 1 6330
93 22 216 2 442
94 17 106 5 373
95 7 9145 8 9250
96 20 1093 1 1115
97 21 7003 1 8485
98 21 622 2 656
99 9 5237 3 5711
100 2 10697 1 11538
101 9 8419 4 8507
102 16 2193 3 2226
103 21 11476 1 12398
104 22 4104 1 4185
105 7 12830 1 13177
106 20 1536 2 2070
107 3 8383 2 8530
108 22 7972 1 8127
109 15 12830 1 13397
110 9 413 1 677
111 22 5888 3 5974
112 12 9681 2 10219
113 18 9675 1 9781
114 12 274 2 581
115 5 11055 1 11516
116 12 4989 5 5209
117 12 10901 1 11235
118 4 10403 2 10949
119 12 5463 2 6051
120 12 3582 1 4173
121 15 3682 1 3823
122 12 6362 2 6726
123 2 11794 1 11998
124 7 2826 1 3418
125 15 10107 1 10573
126 2 4217 3 4454
127 23 4515 1 4623
128 2 2779 1 2959
129 3 5846 6 6318
130 9 1697 7 1989
131 21 9652 4 9856
132 15 3682 4 3913
133 17 10901 6 11459
134 9 12330 2 12706
135 16 1746 1 1999
136 12 3178 2 3759
137 15 10068 3 10387
138 22 7505 1 7625
139 21 12092 2 12107
140 12 5283 3 5420
141 21 5407 4 5505
142 7 1465 7 1763
143 7 2193 4 2424
144 9 7199 2 7849
145 23 2624 1 3004
146 23 354 2 416
147 5 10403 2 11027
148 15 10901 1 11497
149 12 4392 2 4632
150 2 8189 1 8216
151 20 9145 1 9734
152 5 5523 4 5591
153 7 1788 4 1935
154 18 1925 1 2432
155 22 10697 2 10905
156 12 10930 8 11098
157 7 2658 1 2776
158 23 6001 1 6057
159 13 10403 2 10742
160 15 2734 1 3333
161 5 5885 3 6428
162 18 6362 1 6521
163 16 3426 2 3554
164 2 1627 1 1668
165 6 3682 1 4295
166 7 4858 3 4901
167 21 2984 1 3479
168 15 9916 3 10021
169 22 2193 1 2244
170 12 7606 2 8224
171 2 6653 1 6926
172 18 4429 2 4474
173 7 7858 4 7936
174 21 8198 1 8671
175 12 9145 1 9734
176 15 3638 2 3682
177 7 8396 1 9103
178 9 6362 2 7118
179 4 8060 1 8305
180 15 11497 3 12015
181 14 9889 2 10017
182 9 4369 1 4570
183 7 6993 5 7571
184 2 1063 1 1521
185 15 2331 1 2782
186 2 11794 2 12483
187 7 4389 2 4636
188 6 10697 6 11065
189 23 11497 2 11595
190 16 12330 1 12689
191 7 9145 2 9517
192 5 3707 3 4160
193 21 9145 1 9652
194 18 3078 4 3254
195 8 3190 1 3200
196 7 3682 2 4034
197 12 4672 1 5045
198 20 6528 1 6569
199 5 906 6 1207
200 12 12330 2 12668
201 7 8498 2 9145
202 15 9884 2 10373
203 7 6901 2 7039
204 23 754 3 1368
205 6 11794 1 12431
206 12 9942 5 10013
207 13 8051 1 8573
208 7 6438 2 6679
209 13 4582 5 5104
210 23 4459 1 4628
211 7 7937 3 8106
212 12 5846 1 6424
213 9 1111 1 1706
214 7 2940 3 3362
215 9 1617 1 1639
216 5 3296 1 3859
217 5 2193 1 2352
218 7 10700 1 11129
219 13 9675 2 9849
220 12 12668 7 13238
221 12 218 1 328
222 7 10403 2 10463
223 7 1465 1 1706
224 7 3137 3 3649
225 23 9145 1 9629
226 2 371 3 1346
227 21 4794 1 5160
228 18 5937 1 6163
229 9 6653 1 7251
230 5 7246 2 7496
231 14 9822 2 10016
232 15 9358 5 9753
233 12 9307 3 9902
234 18 3128 1 3371
235 2 5846 2 6336
236 7 2356 1 2861
237 21 12830 2 13030
238 21 2573 3 2689
239 12 7137 1 7592
240 12 11829 1 11871
241 15 12330 2 12830
242 12 12092 1 12535
243 2 952 2 996
244 12 11497 1 11570
245 23 484 2 657
246 7 5746 5 6394
247 8 1918 3 2088
248 22 14 2 282
249 21 3479 4 4083
250 7 11547 1 11794
251 12 362 2 627
252 21 10276 3 10901
253 16 2357 6 2651
254 9 5139 1 5741
255 9 2193 4 2659
256 4 2193 2 2556
257 12 7179 2 7341
258 7 11497 1 12644
259 23 11829 1 12283
260 16 9145 4 9229
261 7 1023 3 1465
262 21 726 1 833
263 23 3402 3 4044
264 9 2413 2 2970
265 16 3861 2 4303
266 9 3682 1 4138
267 9 9145 1 9779
268 21 4465 2 4610
269 7 6176 1 6507
270 12 3254 3 3557
271 7 3418 6 4055
272 11 4043 5 4223
273 9 4014 2 4244
274 7 12830 2 13121
275 9 3723 1 4053
276 18 3767 1 3829
277 23 11055 2 11607
278 7 9307 1 9781
279 21 8354 3 9024
280 20 5846 3 6255
281 18 11497 2 12043
282 21 6848 2 7439
283 7 1957 1 2216
284 2 5118 4 5634
285 21 5256 1 6072
286 9 4854 2 5085
287 15 1068 2 1531
288 7 5197 2 5610
289 12 8134 3 8515
290 22 5433 1 5885
291 21 833 4 1340
292 5 6444 7 7036
293 21 12330 1 12924
294 7 10700 2 11036
295 7 8058 1 8375
296 16 7061 5 7174
297 21 1691 3 2209
298 12 10003 1 10028
299 4 9145 1 9791
300 7 2712 6 3334
301 2 3124 2 3160
302 13 11497 1 12125
303 16 7819 3 8418
304 3 9145 3 9476
305 9 3254 1 3723
306 9 5846 2 6431
307 18 4097 1 4520
308 21 5307 1 5372
309 7 5407 1 5727
310 21 11497 1 11807
311 2 7644 2 8153
312 9 11497 3 12059
313 20 9675 1 9736
314 7 9401 1 10977
315 5 7824 1 7980
316 18 3934 2 4512
317 20 5410 3 5632
318 23 215 1 786
319 8 11055 5 11325
320 5 4258 4 4282
321 4 1106 1 1205
322 7 10901 1 11055
323 4 12092 1 12285
324 7 4435 1 4745
325 18 5846 3 5942
326 21 6938 3 7307
327 21 4003 3 4337
328 8 1527 1 1976
329 17 3379 1 3475
330 21 9868 1 10403
331 15 2847 1 3485
332 20 603 1 1230
333 23 4972 2 5181
334 15 8331 2 8390
335 16 4528 3 4625
336 7 1792 1 2117
337 16 252 1 469
338 22 499 2 1007
339 15 3913 4 4452
340 20 9944 4 9995
341 16 11497 2 11838
342 7 12334 1 13600
343 16 10700 3 10731
344 12 7048 3 7133
345 7 5746 5 6036
346 5 9145 1 9675
347 9 5238 2 5843
348 12 2447 2 2468
349 23 5105 1 5443
350 21 4787 5 4987
351 5 7725 2 7773
352 15 516 1 956
353 21 2337 1 2492
354 21 4238 2 4740
355 6 6362 1 6489
356 23 1032 1 1388
357 13 5746 1 5960
358 21 4025 2 4180
359 9 9675 4 9776
360 22 12830 2 13226
361 12 1395 1 2408
362 5 12092 1 12614
363 20 5266 3 5317
364 7 11547 4 11776
365 5 9738 1 9851
366 17 3638 2 4202
367 8 1465 5 1758
368 3 10697 6 10999
369 13 308 3 594
370 2 1517 2 1555
371 22 6438 2 6581
372 9 481 1 871
373 7 6252 2 6438
374 21 805 2 1521
375 7 11497 3 11517
376 15 9822 1 10048
377 22 9145 3 9498
378 9 4280 6 4697
379 23 622 3 914
380 21 8062 2 8322
381 9 10697 1 11831
382 12 9908 1 10270
383 21 10403 1 10757
384 7 4929 2 5400
385 20 5746 1 6010
386 7 9675 2 10504
387 9 1891 3 2021
388 16 7268 2 7819
389 2 9868 1 10697
390 15 5846 5 6408
391 5 11829 2 12024
392 17 1061 6 1278
393 23 2148 2 2385
394 7 12092 2 12334
395 18 11794 1 12010
396 6 4455 1 5082
397 7 1005 4 1158
398 12 7876 1 8071
399 20 10901 1 11097
400 21 5579 1 5846
401 11 11829 1 12231
402 6 10403 2 10476
403 7 2193 1 2342
404 15 2287 2 2699
405 12 337 1 1362
406 12 4760 2 5184
407 21 5846 1 6174
408 7 7175 2 7544
409 21 5439 2 5579
410 15 12092 1 12309
411 12 1212 1 2219
412 23 5893 1 5922
413 21 7459 1 8129
414 15 8279 3 8826
415 15 11794 1 12350
416 12 4322 2 4747
417 12 2564 1 2995
418 12 11829 4 12439
419 14 12330 2 12603
420 21 5109 5 5148
421 14 9145 2 9244
422 6 148 1 697
423 12 1343 1 2924
424 21 2318 1 2747
425 9 9917 3 10517
426 21 4642 2 5120
427 7 6653 3 7008
428 22 12092 1 12685
429 2 2781 1 3255
430 12 2730 3 3380
431 2 12330 1 12536
432 20 11497 2 11662
433 7 3402 2 3992
434 16 66 4 245
435 23 6653 2 6844
436 9 6475 2 6653
437 16 2224 1 2846
438 20 9145 3 9477
439 4 6737 1 7226
440 9 8263 1 9043
441 7 9250 2 9307
442 21 6682 1 6912
443 18 9358 2 9762
444 9 6046 3 6423
445 7 5194 1 5428
446 21 9675 1 10309
447 7 10504 3 10700
448 7 5911 2 6252
449 12 7042 1 7205
450 12 3948 2 4306
451 13 3682 2 4080
452 7 9675 1 9922
453 16 12092 2 12625
454 7 5746 1 5911
455 16 9419 2 10160
456 23 12092 3 12563
457 7 1878 2 2193
458 2 9145 6 9791
459 9 2749 1 3076
460 2 12092 1 12328
461 6 3254 1 3325
462 12 5598 5 5846
463 12 5190 1 5540
464 7 6692 3 6820
465 16 1289 4 1529
466 23 9145 2 9247
467 9 4807 1 4831
468 7 4866 5 5081
469 23 5505 1 5765
470 12 10403 2 10930
471 21 10901 2 11476
472 7 7733 1 8532
473 22 2455 3 3101
474 7 2588 4 2774
475 12 11794 5 11829
476 2 2193 3 2628
477 15 2915 3 3020
478 3 8094 1 8699
479 6 7819 1 8175
480 12 3785 3 4129
481 21 7007 5 7534
482 2 7040 2 7582
483 21 3911 2 4019
484 7 11794 1 12092
485 20 974 4 1463
486 15 5117 1 5408
487 12 6685 1 6718
488 9 1031 2 1544
489 9 4995 1 5206
490 21 11829 1 12040
 调度评估结果
1. 任务等待评估 (Σ 等待×权重): 555929
2. 任务完成评估 (最大完成时间): 13600
3. GPU显存空闲评估 (平均空闲): 5779.77 GB/时间片
 额外统计
已调度任务               : 490/490
平均等待时间            : 128.44
各服务器任务分布      : 服务器2=26, 服务器3=6, 服务器4=9, 服务器5=20, 服务器6=13, 服务器7=79, 服务器8=5, 服务器9=49, 服务器10=1, 服务器11=4, 服务器12=59, 服务器13=13, 服务器14=5, 服务器15=37, 服务器16=26, 服务器17=5, 服务器18=17, 服务器20=16, 服务器21=57, 服务器22=17, 服务器23=26
