1 2 243 1 698
2 5 58 2 698
3 4 698 3 749
4 4 3622 2 4222
5 1 4725 2 4856
6 3 6784 1 7277
7 5 3884 3 4437
8 5 891 1 1504
9 5 2314 1 2614
10 4 4965 1 5389
11 1 7201 2 7502
12 3 6568 2 6784
13 4 2314 3 2848
14 3 457 2 891
15 3 2891 1 3622
16 5 8586 3 8707
17 3 1730 1 2261
18 5 6568 1 6630
19 3 7495 1 8058
20 3 4725 2 4928
21 3 5680 1 6568
22 5 3884 4 4465
23 1 3884 3 4284
24 2 1120 1 1530
25 2 698 6 1003
26 2 5 5 243
27 3 2674 1 3104
28 5 4465 2 4725
29 5 2891 3 2972
30 3 2314 1 2674
31 5 6568 2 6981
32 4 3884 1 4465
33 3 8058 1 8364
34 5 4725 4 5329
35 3 2314 2 2891
36 3 6784 2 7201
37 5 1494 5 1554
38 2 7201 1 7232
39 3 4965 1 5680
40 3 8586 1 9931
41 3 3104 1 3412
42 2 1003 5 1120
43 3 2261 1 2314
44 3 7201 1 7495
45 5 8364 2 8474
46 5 891 2 1322
47 3 8364 3 8586
48 4 6568 1 6979
49 5 7201 4 7456
50 4 4965 1 5270
51 3 1494 2 1730
52 2 2314 4 2843
53 3 891 2 1494
54 1 4284 3 4774
55 2 3622 3 4185
56 3 3884 1 4965
57 3 3622 1 3884
58 1 6784 3 6825
59 3 38 1 457
 调度评估结果
1. 任务等待评估 (Σ 等待×权重): 1788114
2. 任务完成评估 (最大完成时间): 9931
3. GPU显存空闲评估 (平均空闲): 903.78 GB/时间片
 额外统计
已调度任务               : 59/59
平均等待时间            : 2728.36
各服务器任务分布      : 服务器1=5, 服务器2=8, 服务器3=24, 服务器4=7, 服务器5=15
