1 1 5405 6 5411
2 5 626 1 651
3 14 8728 1 9245
4 3 9660 1 9742
5 14 13854 1 14226
6 20 3432 2 4466
7 20 10023 1 10355
8 14 10960 1 10973
9 3 2853 1 3242
10 12 3724 1 4139
11 16 11262 1 11431
12 3 5716 1 6067
13 18 3877 1 4325
14 9 12978 1 13513
15 7 4726 2 5147
16 3 6067 1 6313
17 2 3877 1 4266
18 14 11009 1 11241
19 19 4810 3 4904
20 20 13854 1 14640
21 11 6313 2 6495
22 3 11799 2 12070
23 16 2853 3 2921
24 3 4810 3 5686
25 2 4810 2 5175
26 14 7354 2 7462
27 17 4324 1 4874
28 20 12978 1 13400
29 20 4466 1 4693
30 6 13854 4 14109
31 20 3031 1 3432
32 6 6769 5 7149
33 5 1542 3 1559
34 12 7165 3 7305
35 2 7783 3 7902
36 3 1361 3 1523
37 6 10355 1 10741
38 4 1675 1 2149
39 14 499 2 952
40 20 1756 1 2510
41 3 13458 2 13854
42 20 4693 1 4931
43 9 1213 1 1500
44 7 9826 2 9901
45 7 8728 3 8880
46 12 11422 2 11656
47 3 3242 1 3724
48 14 3724 2 3862
49 7 10700 2 10725
50 20 8626 1 9261
51 7 1252 4 1350
52 20 1213 1 1710
53 19 7474 1 7677
54 6 2149 1 2501
55 3 10960 1 11009
56 6 9172 1 9267
57 7 8728 1 9161
58 4 990 2 1408
59 20 13471 2 13702
60 20 8626 1 9007
61 11 4596 1 4902
62 15 13854 3 13990
63 9 3873 1 4388
64 3 5686 1 5716
65 12 10960 3 11320
66 17 11422 1 11636
67 12 6313 1 6372
68 3 6769 1 7165
69 12 152 1 626
70 11 3877 1 4051
71 20 10355 1 11223
72 3 1523 1 2172
73 12 13854 6 14287
74 17 10307 1 10737
75 5 7229 1 7628
76 3 12145 2 12669
77 10 7229 7 7316
78 20 7354 2 7846
79 3 990 1 1125
80 9 626 4 967
81 4 9513 5 9886
82 17 8436 1 8642
83 14 13471 1 13919
84 3 683 2 1213
85 17 13475 1 13888
86 3 9952 1 10650
87 17 13966 1 14508
88 16 12978 1 13384
89 4 3432 3 3873
90 14 1662 1 1957
91 6 39 1 456
92 20 7229 2 7556
93 3 4726 1 4810
94 4 11422 5 11525
95 4 6769 2 7319
96 11 1507 1 1794
97 14 3877 2 3954
98 3 7783 1 7898
99 12 9826 1 10307
100 12 3432 1 3495
101 3 13404 2 13640
102 6 8728 1 9004
103 19 626 3 780
104 17 12070 1 12196
105 5 4596 3 4618
106 20 4931 1 6038
107 3 10307 4 10414
108 4 9742 2 10100
109 17 1213 1 1710
110 3 8728 1 9172
111 3 12669 1 13404
112 6 7898 1 7919
113 3 7474 2 7783
114 3 11262 1 11799
115 3 210 5 656
116 7 13854 2 14170
117 12 9261 2 9375
118 16 3432 2 3750
119 7 6769 3 7064
120 5 3877 4 4131
121 4 13854 2 13882
122 3 1213 1 1220
123 14 9660 1 10151
124 16 11799 1 12319
125 4 13404 1 13532
126 16 1561 2 1897
127 17 8728 2 9263
128 20 12978 1 13471
129 20 12070 1 12978
130 11 3877 1 4427
131 4 8436 4 8522
132 5 2853 1 3172
133 20 13471 4 13742
134 20 12070 3 12380
135 12 2172 1 2236
136 7 1593 2 1628
137 4 10355 1 10594
138 5 7165 3 7196
139 11 7354 2 7713
140 5 1213 2 1727
141 3 9513 2 9660
142 6 626 1 845
143 5 11262 1 11292
144 4 8247 2 8695
145 11 10700 2 11087
146 20 11422 2 11973
147 3 10650 5 10700
148 6 11422 2 11515
149 6 3432 2 3448
150 5 11009 1 11071
151 12 13471 2 13758
152 19 1334 3 1637
153 5 2853 3 3045
154 12 4596 7 5058
155 4 4810 3 5139
156 20 626 2 954
157 3 3877 5 4324
158 12 8436 5 8547
159 20 8247 1 8626
160 3 14182 1 14399
161 12 6067 2 6286
162 11 9742 1 10192
163 5 9952 2 10073
164 20 2853 2 3031
165 17 3873 1 4030
166 3 9742 2 9826
167 2 3877 2 3934
168 5 12669 5 12812
169 16 10960 1 11227
170 5 8436 5 8981
171 20 6067 2 6141
172 17 6769 1 7106
173 7 3877 3 4081
174 12 8247 1 8436
175 20 3432 5 3892
176 3 7898 1 8247
177 3 7165 2 7354
178 4 7165 1 7500
179 7 13475 2 14021
180 6 3724 2 3892
181 5 9007 3 9301
182 16 533 1 656
183 9 8247 3 8408
184 19 11009 1 11140
185 17 11656 2 12044
186 4 9742 2 9866
187 3 7165 1 7450
188 3 9826 2 9952
189 16 1326 2 1561
190 16 2149 4 2378
191 20 8436 1 8935
192 6 2853 3 3282
193 14 1818 2 2033
194 12 2853 2 3392
195 14 1458 1 1760
196 4 4466 2 4513
197 20 9007 1 9609
198 6 14182 2 14344
199 17 7165 1 7521
200 5 10650 2 10841
201 5 2149 2 2243
202 5 3432 1 3562
203 3 2172 1 2853
204 20 7556 2 8166
205 6 10960 1 11322
206 3 1220 1 1361
207 3 6313 1 6769
208 6 2184 1 2241
209 7 7474 1 7688
210 3 13854 2 13966
211 4 14114 1 14191
212 4 6769 3 7044
213 20 9660 2 9737
214 11 9513 1 10017
215 6 13475 2 13582
216 5 6769 3 7119
217 16 13404 1 13475
218 17 2853 1 2866
219 16 8247 1 8300
220 4 2149 5 2541
221 6 7165 1 7660
222 2 7556 2 7968
223 14 4810 2 5217
224 3 11009 1 11377
225 3 9952 2 10278
226 3 12978 1 13458
227 12 11656 1 12084
228 3 4596 2 4726
229 7 7229 2 7629
230 7 3877 1 4221
231 19 3877 1 4362
232 2 9513 5 9818
233 5 9742 2 10034
234 12 8695 2 8804
235 7 4810 2 5158
236 5 4810 1 5166
237 4 8695 3 8751
238 12 12978 1 13149
239 4 11525 2 11848
240 14 3724 1 4196
241 4 3873 3 4161
242 11 6769 1 7108
243 16 8436 3 8599
244 17 9660 1 10059
245 3 13966 2 14114
246 12 10307 2 10704
247 4 4324 2 4840
248 4 3031 1 3402
249 6 1213 4 1660
250 20 9826 1 10206
251 3 4324 1 4596
252 5 11009 2 11415
253 5 13854 2 14080
254 5 3873 2 4175
255 11 11656 2 12011
256 6 9513 3 9846
257 19 8247 2 8657
258 3 12070 2 12145
259 3 10700 1 10960
260 10 4596 7 4637
261 4 1213 1 1618
262 14 4324 1 4472
263 12 5686 2 5842
264 14 6067 2 6555
265 11 13404 1 13714
266 10 5716 7 6150
267 12 11009 6 11263
268 3 3724 1 3877
269 20 10355 2 10463
270 12 990 1 1600
271 16 13475 3 13996
272 3 4596 1 4635
273 4 8626 3 8726
274 3 3724 1 3814
275 4 7354 2 7786
276 3 11009 1 11262
277 16 8695 1 9051
278 4 9513 3 9558
279 20 9261 1 11422
280 2 7556 1 7662
281 16 1213 4 1326
282 4 5716 3 6130
283 11 8728 2 8826
284 4 626 2 982
285 14 11262 1 11500
286 3 14114 1 14182
287 17 12978 1 13225
288 16 9742 3 10186
289 4 10650 1 10996
290 4 12978 1 13060
291 20 6769 2 7229
292 4 9952 3 10101
293 7 11009 1 11510
294 12 3432 2 3511
295 20 9742 2 10023
296 9 10700 1 11232
297 17 4596 1 4804
298 4 11009 1 11131
299 11 7165 2 7267
300 3 8247 2 8728
301 3 7354 1 7474
302 3 12669 1 13055
303 5 1290 4 1429
304 16 106 3 125
305 15 4810 2 5338
306 4 12669 8 12951
307 12 12669 7 12923
308 6 4324 1 4813
309 11 1220 1 1577
310 3 9172 1 9513
311 12 626 1 990
 调度评估结果
1. 任务等待评估 (Σ 等待×权重): 1916222
2. 任务完成评估 (最大完成时间): 14640
3. GPU显存空闲评估 (平均空闲): 4943.88 GB/时间片
 额外统计
已调度任务               : 311/311
平均等待时间            : 1005.15
各服务器任务分布      : 服务器1=1, 服务器2=7, 服务器3=57, 服务器4=35, 服务器5=25, 服务器6=21, 服务器7=16, 服务器9=6, 服务器10=3, 服务器11=15, 服务器12=27, 服务器14=18, 服务器15=2, 服务器16=18, 服务器17=17, 服务器18=1, 服务器19=7, 服务器20=35
