1 29 14290 1 14505
2 34 8875 4 9378
3 17 15495 1 15640
4 16 10559 1 10667
5 20 5473 3 5897
6 22 15656 1 15994
7 9 15838 3 16101
8 27 15838 5 15897
9 20 46 1 588
10 19 14827 7 15176
11 12 12912 2 13383
12 23 965 1 1310
13 35 14633 4 14787
14 22 12228 1 12748
15 2 9917 3 10203
16 8 12228 2 12498
17 3 34 1 457
18 31 9917 1 10064
19 35 9960 1 10419
20 10 9907 4 10238
21 38 14357 2 14749
22 35 4298 1 4786
23 17 8875 4 9255
24 3 5619 4 5921
25 12 14827 1 15361
26 16 9374 1 9786
27 35 15495 1 15590
28 26 11052 2 11410
29 43 88 1 412
30 35 17 3 527
31 10 5751 7 5978
32 36 4465 4 4510
33 9 10407 1 10808
34 46 11052 1 11229
35 8 17260 2 17690
36 49 11052 2 11386
37 17 11052 1 11085
38 13 15495 2 15996
39 46 13074 2 13100
40 16 4278 2 4344
41 26 1490 2 1706
42 9 17363 1 17742
43 8 15684 2 16225
44 12 6309 1 6714
45 13 9422 3 9925
46 32 10049 1 10148
47 10 9422 1 9657
48 29 16138 6 16558
49 9 9345 1 9619
50 41 3681 3 4058
51 20 14827 2 14988
52 6 11768 2 11955
53 16 17363 1 17617
54 15 9907 1 10932
55 16 16038 3 16398
56 32 1490 2 1790
57 16 179 1 1762
58 9 2619 3 2863
59 28 6167 2 6322
60 16 18218 1 18239
61 2 6680 1 7273
62 16 16391 2 16807
63 16 965 2 1506
64 15 10559 1 10828
65 23 9422 1 9462
66 6 18048 2 18519
67 45 5473 2 5619
68 41 16038 1 16212
69 26 13334 2 13849
70 35 4278 5 4679
71 40 3681 1 3938
72 20 3556 6 3773
73 6 11968 2 12408
74 43 4278 1 4554
75 40 4465 2 4917
76 18 14304 5 14543
77 16 16924 4 17083
78 16 11145 1 11498
79 29 17260 3 17754
80 29 3556 5 3619
81 35 18286 2 18788
82 29 16924 5 16993
83 49 8875 4 8949
84 16 9853 1 9897
85 49 9918 1 10060
86 16 6244 4 6517
87 38 10049 2 10459
88 13 173 4 427
89 4 3035 1 3280
90 10 10407 1 10552
91 16 11887 2 12228
92 49 15656 1 15945
93 4 12228 1 12368
94 3 2619 1 2657
95 36 10559 2 10809
96 15 647 4 965
97 2 12903 2 13196
98 39 2619 1 2906
99 15 9422 2 9532
100 29 14633 2 14835
101 27 6309 3 6541
102 17 17999 1 18197
103 3 6921 2 7081
104 16 14765 2 15204
105 16 13598 1 13854
106 2 18048 5 18439
107 22 9917 1 10462
108 13 10012 1 10061
109 34 6104 6 6596
110 20 15495 1 15977
111 16 3681 1 4500
112 47 11968 7 12383
113 15 5751 5 6042
114 42 15838 5 16388
115 22 15826 1 16224
116 40 15656 1 16056
117 47 10559 5 10733
118 8 3681 3 3844
119 2 16038 1 16772
120 16 2222 1 2380
121 15 262 1 602
122 15 3074 2 4143
123 8 5517 4 5726
124 43 6309 2 6641
125 10 2619 6 3080
126 8 11806 1 12028
127 27 11145 1 11514
128 25 12912 1 13153
129 9 4556 3 5056
130 16 11806 2 11968
131 2 10559 3 11077
132 9 13598 2 13662
133 36 2619 5 2927
134 32 4465 1 4675
135 28 4278 3 4628
136 12 9724 1 9849
137 17 17753 3 17777
138 17 10559 1 10608
139 42 14357 6 14891
140 15 1761 4 2161
141 16 12142 1 12204
142 9 14357 3 14504
143 15 16735 1 17617
144 8 4465 1 4574
145 2 14357 2 14633
146 34 16788 4 17111
147 16 17083 1 17363
148 16 15495 3 15680
149 49 11052 1 11326
150 20 11806 1 11863
151 2 10049 3 10559
152 16 5347 3 5793
153 23 10407 1 10770
154 20 11052 3 11422
155 16 2988 1 3603
156 16 12667 2 12912
157 43 4825 1 5011
158 1 12903 2 13354
159 35 15838 3 15908
160 23 9917 6 10247
161 2 10559 1 11129
162 7 9907 2 9940
163 36 10559 1 10864
164 36 16924 4 17417
165 43 9907 2 10055
166 45 9698 1 9927
167 2 9698 1 10049
168 29 13334 4 13601
169 8 14765 2 15023
170 20 2748 2 3209
171 8 14765 2 14923
172 13 1354 1 1681
173 41 11052 3 11226
174 17 10407 1 10557
175 45 2988 2 2999
176 16 8875 1 9085
177 3 6596 1 7026
178 28 15495 1 15792
179 32 13397 4 13590
180 4 14304 1 14481
181 16 17999 2 18173
182 25 9724 2 10119
183 17 14765 5 15175
184 15 14827 2 15046
185 4 5751 1 6252
186 45 16337 2 16641
187 42 15656 1 15882
188 10 16038 2 16279
189 9 11806 1 11859
190 16 9422 4 9966
191 23 10012 1 10499
192 23 4556 2 4643
193 36 11052 2 11278
194 15 6596 2 7062
195 29 9310 4 9833
196 20 8875 1 9396
197 29 16398 1 16605
198 35 9422 2 9960
199 45 4278 1 4723
200 36 9698 2 10235
201 13 11052 3 11522
202 2 16924 1 17260
203 35 15495 3 15838
204 23 15656 2 15689
205 45 14765 1 15261
206 23 2619 3 3114
207 36 14827 6 15258
208 49 1354 1 1542
209 16 14290 1 15495
210 19 2619 3 2824
211 16 6921 1 7885
212 16 9907 2 10271
213 15 4465 1 5473
214 49 16441 1 16555
215 43 12228 1 12471
216 9 16038 3 16520
217 1 2619 1 3166
218 29 12 2 234
219 16 12667 1 13074
220 27 1354 3 1658
221 3 3137 1 3613
222 10 1490 2 1881
223 45 5619 1 5801
224 2 965 3 994
225 32 16924 3 17021
226 15 10407 1 10646
227 3 1147 4 1258
228 23 5751 3 6087
229 16 2380 1 2619
230 25 15495 2 15873
231 20 1490 3 1853
232 26 235 1 651
233 45 3556 4 3936
234 10 9853 4 9888
235 3 1354 3 1778
236 41 15495 5 15825
237 17 16038 4 16138
238 4 12912 1 13018
239 9 82 1 366
240 19 11145 1 11415
241 42 18048 3 18214
242 49 13598 4 13719
243 12 4278 1 4715
244 6 17363 2 17679
245 20 16337 1 16667
246 6 4825 4 4901
247 48 13397 2 13534
248 1 11052 2 11559
249 16 17363 1 17573
250 35 15656 1 16238
251 42 9907 5 10116
252 35 6743 2 6829
253 45 2619 2 3100
254 6 13598 1 13630
255 40 4278 3 4404
256 9 11052 2 11278
257 23 17363 5 17846
258 8 5897 1 6091
259 9 16441 3 16641
260 16 16924 1 17271
261 4 16441 1 16615
262 3 16924 2 17441
263 16 5347 3 5751
264 6 13872 3 14104
265 16 6104 1 6244
266 4 9918 1 10334
267 29 13598 2 13695
268 6 14290 6 14565
269 9 18286 1 18477
270 2 16038 1 16178
271 25 46 2 225
272 26 588 2 1017
273 43 11887 1 12112
274 26 4465 6 4639
275 1 9422 6 9700
276 2 11129 1 12378
277 23 129 3 275
278 9 14827 2 15278
279 16 16398 1 16412
280 16 12912 2 13397
281 35 16038 1 16142
282 26 9917 3 10173
283 26 332 3 418
284 35 12912 1 13007
285 43 13334 2 13834
286 25 457 3 530
287 9 16788 1 17102
288 10 262 6 699
289 29 12667 1 13133
290 8 16788 1 17289
291 43 2619 1 2992
292 2 14765 1 14836
293 10 16788 1 16906
294 1 965 4 1106
295 43 11052 1 11449
296 38 274 1 425
297 20 8875 1 9918
298 15 11052 5 11598
299 17 17260 4 17285
300 1 9724 4 9867
301 26 2619 2 2826
302 33 4298 3 4720
303 6 9345 3 9753
304 15 12912 2 13368
305 20 16178 1 16255
306 25 1490 1 1929
307 10 14290 2 14477
308 1 11145 1 11545
309 13 5619 1 5681
310 34 15495 1 15889
311 16 6309 1 6397
312 36 16337 2 16871
313 15 16337 3 16571
314 2 17260 1 18048
315 1 9917 2 10282
316 4 2619 2 3018
317 28 13 2 95
318 28 3556 1 3894
319 4 4278 4 4420
320 4 17260 2 17755
321 45 9 1 27
322 2 8875 1 9419
323 15 14290 1 14800
324 15 5751 1 6075
325 2 4556 2 5029
326 36 4465 1 4920
327 16 2222 1 2988
328 16 10559 2 11052
329 34 18048 2 18279
330 16 13334 3 13676
331 4 16788 4 17040
332 16 9310 1 9374
333 27 2748 3 2856
334 4 14633 3 14991
335 2 10407 3 10436
336 17 17363 5 17696
337 2 3556 4 3599
338 15 9345 3 9698
339 23 2619 3 3032
340 34 12912 4 13068
341 35 17363 1 17680
342 13 16337 4 16860
343 29 994 3 1431
344 35 1490 1 1563
345 15 18048 3 18257
346 3 15684 1 16564
347 28 11968 1 12142
348 8 9345 4 9542
349 2 6675 4 6743
350 49 3074 2 3371
351 35 6921 1 7428
352 23 13598 2 14131
353 6 16735 1 17086
354 35 16337 1 17271
355 43 10407 1 10946
356 6 13598 1 13936
357 19 12912 2 13047
358 14 2281 1 2290
359 45 3137 5 3536
360 49 2619 3 3003
361 4 14290 2 14304
362 10 15495 1 15922
363 15 3291 1 4278
364 35 5473 1 6260
365 16 12228 1 13154
366 28 11052 3 11086
367 16 994 3 1391
368 6 4344 2 4486
369 20 14290 2 14304
370 8 11145 2 11466
371 16 16441 3 16708
372 23 12903 1 13005
373 2 190 1 568
374 33 18048 3 18097
375 19 9724 3 9739
376 8 15684 5 16213
377 29 4465 1 4839
378 3 2619 4 2748
379 15 2380 4 2690
380 45 16735 1 16993
381 6 6921 1 7191
382 27 16441 2 16742
383 36 16337 2 16505
384 2 9853 2 9998
385 15 9917 1 10366
386 28 994 1 1024
387 10 3556 1 4084
388 16 11887 1 12142
389 3 2748 2 3127
390 16 18286 1 18622
391 3 10012 5 10407
392 16 6596 2 6861
393 16 116 2 340
394 8 6675 2 6899
395 16 6397 1 8875
396 9 14633 2 14734
397 3 16564 1 17374
398 41 10559 2 10803
399 17 16788 6 16838
400 45 15495 2 15835
401 20 18048 1 18412
402 45 195 1 248
403 9 11887 2 11971
404 27 10012 2 10098
405 16 18048 2 18286
406 3 5976 1 6151
407 29 6309 1 6625
408 16 10271 1 11081
409 7 6167 5 6625
410 20 4278 2 4683
411 15 6913 1 6919
412 41 2748 4 3010
413 2 6309 1 6675
414 20 9918 3 9967
415 16 965 3 1151
416 22 11052 2 11230
417 3 5751 2 5976
418 15 2988 2 3061
419 20 11052 4 11416
420 45 17363 3 17433
421 6 16924 6 17411
422 35 9698 4 9724
423 45 297 1 732
424 4 10559 1 10879
425 20 15826 4 16254
426 10 3556 4 3695
427 29 16788 4 16847
428 13 11145 1 11367
429 2 14633 2 14765
430 43 1490 2 1871
431 29 2619 4 2688
432 15 15495 4 15695
433 43 17260 2 17566
434 3 9345 3 9806
435 8 11887 2 12333
436 47 11129 2 11522
437 15 6921 1 7185
438 47 5976 2 6333
439 3 5517 1 5885
440 15 3611 3 3684
441 20 4278 1 4396
442 28 5473 2 5638
443 15 2380 1 2925
444 16 2380 2 2876
445 3 5473 1 5626
446 27 9918 1 10079
447 16 14827 1 15340
448 46 17363 1 17506
449 19 2988 5 3010
450 2 13334 6 13872
451 46 16924 3 17332
452 16 11129 1 11606
453 45 14290 2 14649
454 23 14633 1 14979
455 6 11052 6 11176
456 25 5517 1 5947
457 16 6167 1 6255
458 6 5751 3 5913
459 45 15495 1 15852
460 15 11129 3 11588
461 16 9853 1 10734
462 45 9345 1 9403
463 2 15495 3 16025
464 13 15826 1 15966
465 17 9345 2 9567
466 49 5751 2 6168
467 16 9310 1 9365
468 34 4344 3 4523
469 15 6167 3 6305
470 35 6596 4 6832
471 6 9422 3 9946
472 16 2619 1 2948
473 40 11052 2 11233
474 17 6976 2 6984
475 9 12912 3 13039
476 45 10559 4 10734
477 4 9917 5 10420
478 23 11052 4 11259
479 6 3074 2 3283
480 2 13872 1 14357
481 33 5751 3 5929
482 13 4344 4 4570
483 10 3137 2 3386
484 34 6167 1 6643
485 45 10908 3 11181
486 20 3137 1 3628
487 26 16038 3 16109
488 46 12912 1 13133
489 35 11968 3 12163
490 8 5897 4 6351
491 3 9422 1 9617
492 16 348 1 848
493 20 9422 1 9591
494 17 3556 2 3791
495 16 10012 3 10086
496 15 1354 7 1761
497 23 14304 3 14594
498 35 11052 2 11270
499 3 14633 1 14827
500 17 9374 6 9520
501 7 16038 5 16321
502 49 16337 1 16396
503 19 9917 6 10082
504 41 11052 3 11192
505 20 16391 1 17352
506 35 12228 4 12719
507 2 15495 1 15656
508 47 18048 3 18333
509 16 16412 1 16924
510 45 17999 2 18256
511 20 3681 1 3922
512 34 13598 1 14095
513 12 6900 2 6908
514 15 12262 1 13524
515 49 9918 4 10424
516 29 11887 2 12372
517 15 5473 4 5609
518 16 3556 2 3785
519 10 1354 2 1873
520 17 18218 4 18711
521 23 15495 1 15736
522 35 8875 1 9156
523 10 2748 2 3280
524 43 17999 2 18218
525 29 2748 3 3142
526 22 14633 3 14871
527 29 6921 1 7120
528 34 5751 3 6046
529 25 11052 3 11595
530 3 17999 2 18566
531 6 12912 5 13156
532 40 15495 4 15607
533 36 18286 2 18802
534 20 17363 3 17610
535 38 3035 2 3446
536 25 13397 2 13869
537 16 8875 3 9310
538 47 3681 5 3771
539 20 11887 1 12292
540 2 4344 2 4624
541 34 16337 3 16500
542 14 9698 3 9938
543 38 4465 3 4890
544 3 16337 1 16526
545 26 6167 1 6409
546 7 965 2 1097
547 43 12903 1 13271
548 26 13154 2 13491
549 40 3681 1 3918
550 9 2988 3 3236
551 16 13074 1 13123
552 17 5517 1 5842
553 35 14290 2 14591
554 9 4278 3 4509
555 28 9907 4 10056
556 25 16924 1 17074
557 17 16138 4 16622
558 4 994 1 1290
559 7 10407 5 10747
560 40 16924 1 17277
561 33 31 1 572
562 29 5473 1 5949
563 20 10559 2 10815
564 47 8875 1 8909
565 6 9907 2 10261
566 2 16178 1 16788
567 49 5473 4 5696
568 23 17999 1 18275
569 12 17260 3 17569
570 42 11052 1 11546
571 8 16441 1 16520
572 46 15656 2 16084
573 12 16441 1 16637
574 27 4465 3 4534
575 20 5473 1 6167
576 47 9917 2 10329
577 20 4465 1 4843
578 19 6309 7 6658
579 45 12667 2 12973
580 2 4278 2 4314
581 3 9724 3 10012
582 1 6167 2 6287
583 28 13074 1 13524
584 1 4278 1 4534
585 16 13397 2 13598
586 20 12378 2 12786
587 5 11052 2 11232
588 10 4556 6 4765
589 3 15495 1 16093
590 29 17999 1 18286
591 12 13397 2 13670
592 2 12903 1 13285
593 49 11768 2 12093
594 43 14827 2 14897
595 12 9907 1 10201
596 29 11052 2 11394
597 17 14633 6 15123
598 29 15495 1 15882
599 16 3300 1 3611
600 1 3681 4 3769
601 2 5473 2 6178
602 24 14290 2 14458
603 2 1147 1 3556
604 35 9345 3 9586
605 47 15495 2 16039
606 15 965 1 1118
607 29 10407 3 10827
608 3 3681 1 3866
609 13 12912 2 13199
610 35 10407 3 10429
611 49 15495 1 15607
612 1 6309 1 6693
613 16 16038 1 16391
614 19 14290 3 14397
615 13 2748 2 3170
616 35 3074 1 3346
617 13 2945 1 3245
618 9 5517 1 5904
619 39 2945 4 3212
620 17 6675 4 6769
621 47 2619 6 2974
622 20 16924 1 17235
623 29 3556 1 3989
624 17 965 4 1111
625 15 17753 1 17999
626 25 4298 2 4845
627 45 11887 2 11945
628 23 16924 1 17038
629 46 10407 1 10738
630 17 15656 3 15915
631 43 9422 2 9879
632 8 14765 3 14991
633 40 14827 1 15012
634 46 2748 2 2889
635 33 5473 3 5724
636 12 18048 4 18557
637 35 3611 1 4298
638 9 10012 2 10038
639 20 3556 4 4044
640 46 16924 1 17391
641 10 11145 4 11518
642 8 4465 1 4805
643 45 6680 3 7013
644 6 3556 6 3811
645 10 10407 1 10431
646 3 15495 2 15684
647 6 14633 1 15033
648 25 14290 1 14689
649 34 2619 1 3055
650 16 18286 4 18593
651 40 6596 1 7002
652 20 5897 1 6367
653 25 2619 1 3054
654 9 965 1 1117
655 46 16038 1 16171
656 40 14290 5 14425
657 15 17999 2 18287
658 16 5751 1 6104
659 19 9422 5 9895
660 17 12903 3 12981
661 17 2619 1 2821
662 25 8875 1 9185
663 6 6309 5 6479
664 41 14290 2 14601
665 8 16398 3 16681
666 1 14304 5 14701
667 45 9960 1 10362
668 3 10407 1 10908
669 3 965 1 1354
670 40 9917 2 10329
671 49 27 1 347
672 2 15656 1 15932
673 39 4278 1 4591
674 17 2945 1 3413
675 45 18286 2 18493
676 2 9422 1 9853
677 10 17363 6 17692
678 3 14827 1 15232
679 12 14290 3 14734
680 16 11052 1 11768
681 47 16337 1 16657
682 15 9374 1 9917
683 20 14633 1 15090
684 8 16924 4 17431
685 15 1147 1 1651
686 35 14290 2 14801
687 20 9422 3 9871
688 19 11887 1 11996
689 15 18286 3 18606
690 47 2619 1 3095
691 20 14304 2 14393
692 9 3611 2 4010
693 6 2619 6 3000
694 16 4497 1 4825
695 20 15495 3 15593
696 36 6309 1 6681
697 15 11768 1 12170
698 47 16788 1 17257
699 1 3300 2 3642
700 15 4278 1 4465
701 12 11887 2 12192
702 20 16337 2 16486
703 49 4556 2 4813
704 16 3681 1 3769
705 20 9917 1 10303
706 36 12912 4 12994
707 23 12228 6 12435
708 15 10908 2 11114
709 16 2948 1 2991
710 4 1147 3 1452
711 29 18286 1 18426
712 1 18048 2 18129
713 9 9917 1 9977
714 43 5473 1 5966
715 3 14290 1 14471
716 23 4344 2 4472
717 16 10559 1 11145
718 3 2748 1 3137
719 41 13397 1 13626
720 16 10012 1 10426
721 49 11887 1 12023
722 47 965 1 1295
723 46 16138 2 16334
724 2 10012 1 10025
725 49 12912 4 13256
726 17 9907 2 10343
727 8 16391 1 16797
728 45 16038 1 16222
729 35 16038 2 16176
730 49 9422 1 9626
731 45 5850 1 6680
732 16 11768 3 11887
733 8 5850 2 6356
734 45 8875 1 9335
735 19 1490 1 1909
736 35 2945 2 2994
737 47 2222 6 2542
738 34 3556 2 4057
739 19 9917 2 10007
740 16 17753 4 18218
741 15 8875 1 9345
742 9 6167 3 6563
743 47 12912 5 13032
744 2 14357 1 14894
745 43 4465 1 4521
746 2 6743 1 7097
747 15 15826 3 16337
748 20 15656 2 15774
749 3 13598 3 13930
750 20 3300 1 3366
751 45 13334 2 13853
752 16 11806 5 11969
753 15 6075 3 6596
754 35 14765 4 14898
755 4 16038 4 16434
756 10 12912 2 13342
757 40 994 1 1506
758 8 12142 1 12650
759 12 15656 3 16206
760 15 16337 1 16441
761 40 4344 2 4569
762 7 2619 7 2761
763 20 13334 1 13779
764 16 13154 1 13427
765 40 16441 1 16653
766 20 12228 1 12622
767 3 6244 1 6777
768 27 11806 1 12174
769 45 12142 2 12325
770 4 17999 3 18117
771 9 18048 1 18142
772 15 15495 1 16141
773 42 12912 3 13240
774 3 16038 3 16195
775 46 10012 1 10464
776 13 6309 1 6760
777 17 4278 1 4627
778 12 11052 1 11208
779 46 10559 1 10857
780 20 12667 1 13017
781 14 11145 1 11582
782 25 16337 2 16610
783 49 1147 1 1651
784 49 4278 4 4591
785 16 17363 1 17753
786 43 1147 1 1220
787 46 1354 2 1752
788 23 6921 4 7321
789 16 18218 1 18517
790 2 4278 3 4404
791 47 5850 5 6367
792 3 5473 4 5517
793 8 17363 3 17755
794 8 12262 2 12743
795 17 11887 5 12194
796 20 13397 1 13481
797 20 11768 1 11806
798 16 13598 1 14290
799 16 63 2 546
800 19 9917 4 10077
801 6 4556 2 4775
802 7 5751 3 6052
803 16 12262 2 12667
804 6 994 7 1243
805 16 2619 3 3035
806 47 11806 4 11918
807 35 3611 3 3711
808 9 15495 3 15777
809 35 6309 2 6535
810 8 5517 1 5531
811 19 11145 3 11519
812 12 3611 2 3931
813 47 4344 5 4857
814 10 11145 1 11632
815 16 5473 1 5850
816 3 1490 1 1612
817 15 16441 2 16735
818 16 3611 2 4129
819 10 4344 5 4502
820 1 17363 5 17400
821 17 4825 1 5172
822 6 15826 1 16055
823 46 15656 1 15797
824 23 563 3 667
825 4 11052 1 11514
826 8 6167 1 6712
827 16 4278 2 4497
828 36 16735 1 16806
829 16 5850 1 6161
830 39 15826 1 16374
831 16 15495 1 15826
832 9 16337 2 16361
833 16 8875 2 9132
834 20 16038 2 16185
835 16 3035 2 3300
836 28 17999 1 18132
837 6 102 6 482
838 47 14290 4 14555
839 16 14290 1 14687
840 16 4825 1 5347
841 2 8875 1 9422
842 8 16391 2 16427
843 34 15826 2 15980
844 20 994 2 1490
845 8 9310 1 9699
846 49 3611 2 4020
847 9 1147 1 1639
848 16 17363 1 17939
849 3 4278 4 4605
850 1 9917 2 10086
851 16 4556 1 4666
852 45 17753 4 17937
853 3 13334 1 13570
854 33 11052 2 11396
855 35 18048 1 18144
856 35 994 1 1432
857 46 6309 2 6526
858 20 4278 1 4689
859 40 2619 2 3141
860 8 3556 1 3681
861 17 83 2 561
862 20 12912 2 13334
863 41 16788 1 16846
864 40 6167 1 6504
865 19 10559 1 10936
866 20 11887 1 12203
867 35 18048 2 18309
868 15 21 5 262
869 10 16441 4 16965
870 4 114 1 526
871 26 13598 2 13635
872 34 10908 6 11276
873 32 13074 2 13144
874 6 10407 2 10912
875 34 9918 1 10465
876 27 17260 3 17731
877 16 6244 1 6921
878 23 247 2 634
879 23 3611 1 4051
880 47 11052 1 11087
881 49 9374 3 9404
882 20 13598 2 14109
883 17 11145 4 11183
884 29 404 2 849
885 29 9907 1 10200
886 27 18048 3 18329
887 3 139 1 473
888 46 10012 1 10226
889 20 16441 1 16620
890 16 4344 1 4556
891 34 15495 4 15748
892 10 194 2 659
893 3 9907 1 10327
894 16 1490 2 2222
895 2 12378 1 12903
896 17 14304 1 14683
897 29 8875 2 9164
898 40 16337 3 16349
899 16 4556 1 5007
900 3 10908 1 12834
901 46 10407 2 10452
902 25 17999 2 18137
903 23 5473 4 5660
904 10 12228 1 12302
905 36 18048 1 18533
906 15 444 1 877
907 4 6309 2 6838
908 1 10559 1 10573
909 45 965 1 1943
910 20 6467 3 7232
911 49 14633 3 15010
912 40 2748 3 3256
913 45 2380 1 2709
914 4 9422 1 9909
915 17 6075 2 6480
916 45 16337 2 16588
917 35 2619 4 2945
918 43 16337 1 16606
919 4 15495 1 15957
920 17 14304 1 14480
921 39 11145 1 11484
922 16 14765 2 14930
923 35 13074 1 13372
924 40 12912 1 13317
925 16 11968 1 12262
926 27 11145 4 11323
927 16 11145 1 11662
928 46 4465 2 4503
929 27 6309 3 6567
930 2 16788 1 16908
931 16 15826 2 16152
932 20 6167 1 6467
933 35 13598 1 13828
934 10 15656 6 16100
935 10 15495 4 15986
936 10 4465 2 4912
937 3 12903 1 13331
938 27 18218 3 18378
939 15 9698 4 9907
940 6 16337 4 16423
941 2 3556 2 3903
942 6 16038 3 16538
943 36 350 1 624
944 40 16038 1 16358
945 4 18286 1 18653
946 23 6309 1 6583
947 49 16038 2 16059
948 23 16337 1 16567
949 35 11052 1 11887
950 2 41 1 123
951 6 15495 1 15874
952 10 16412 3 16532
953 20 9918 3 10039
954 29 6743 1 6799
955 17 11968 2 12470
956 41 5850 1 6179
957 8 6596 1 6757
958 23 5751 2 5856
959 23 11968 1 11993
960 34 10559 6 10608
961 2 4344 1 6309
962 38 4465 1 4805
963 35 9724 4 10202
964 9 1761 1 2066
965 49 16924 2 17049
966 20 2619 5 2818
967 36 9422 1 9673
968 3 6167 1 6591
969 34 3556 7 3891
970 22 6167 1 6557
971 29 5473 2 5631
972 2 994 1 1147
973 34 16038 2 16072
974 1 16337 2 16682
975 33 15495 3 15757
976 15 2945 3 3074
977 2 18048 1 20355
978 15 3137 1 3291
979 20 16038 3 16310
980 17 13397 2 13878
981 16 15495 1 16038
982 16 9310 1 10485
 调度评估结果
1. 任务等待评估 (Σ 等待×权重): 27610513
2. 任务完成评估 (最大完成时间): 20355
3. GPU显存空闲评估 (平均空闲): 12634.43 GB/时间片
 额外统计
已调度任务               : 982/982
平均等待时间            : 3836.36
各服务器任务分布      : 服务器1=19, 服务器2=49, 服务器3=44, 服务器4=25, 服务器5=1, 服务器6=32, 服务器7=7, 服务器8=33, 服务器9=32, 服务器10=31, 服务器12=16, 服务器13=15, 服务器14=3, 服务器15=54, 服务器16=110, 服务器17=37, 服务器18=1, 服务器19=16, 服务器20=58, 服务器22=7, 服务器23=31, 服务器24=1, 服务器25=16, 服务器26=13, 服务器27=15, 服务器28=12, 服务器29=32, 服务器31=1, 服务器32=6, 服务器33=7, 服务器34=20, 服务器35=44, 服务器36=18, 服务器38=6, 服务器39=5, 服务器40=21, 服务器41=11, 服务器42=7, 服务器43=21, 服务器45=36, 服务器46=19, 服务器47=21, 服务器48=1, 服务器49=28
