1 19 19572 3 19687
2 59 10245 1 10319
3 19 1755 1 3768
4 14 60359 3 60605
5 26 27649 1 27722
6 35 34087 3 34135
7 40 56879 2 57471
8 19 35166 3 35687
9 31 20821 3 21498
10 43 66567 2 67127
11 59 14810 1 15428
12 26 10885 1 11126
13 42 23703 4 23863
14 19 37460 1 38280
15 19 32234 1 32940
16 6 28353 1 28797
17 35 55615 1 56402
18 66 75818 1 75912
19 26 14810 1 14924
20 69 83793 3 84543
21 19 68631 1 69231
22 69 37801 2 38300
23 40 73363 2 73569
24 68 35571 1 35651
25 59 50950 4 51585
26 6 19813 1 19991
27 69 26721 2 27388
28 59 39882 1 40045
29 26 24045 3 24727
30 59 67871 1 68007
31 50 59082 8 59577
32 35 2199 1 2701
33 14 54343 1 54839
34 42 57121 5 57183
35 51 8485 1 8534
36 59 77762 1 78217
37 33 16111 3 16634
38 14 1456 1 2114
39 19 1402 1 1755
40 19 21754 1 22043
41 42 74252 1 74342
42 68 54683 4 54852
43 24 22372 2 23114
44 4 44519 2 44796
45 46 10353 3 10875
46 59 60359 5 60435
47 14 68631 1 69005
48 4 71107 2 71192
49 14 13257 3 13289
50 19 67099 2 67205
51 17 68631 1 68941
52 58 24084 4 24431
53 4 8339 6 8797
54 36 83793 1 84407
55 8 47588 3 48318
56 1 54466 6 55084
57 1 2658 3 3038
58 34 51861 6 52125
59 19 59476 1 61976
60 31 71107 2 71662
61 26 79481 1 79559
62 19 58150 2 58606
63 26 17768 1 17926
64 51 67099 1 67784
65 42 49460 2 49501
66 61 56879 4 57047
67 7 37003 2 37713
68 25 8427 4 8726
69 26 75818 1 76338
70 26 81804 2 82469
71 55 53864 4 54079
72 55 54343 1 55040
73 44 13257 1 13958
74 4 24045 2 24595
75 26 54343 2 54673
76 40 54343 1 54449
77 42 4768 3 5004
78 19 47817 2 48506
79 56 69166 1 69741
80 4 36324 6 36546
81 17 71107 2 71533
82 35 75818 3 76089
83 26 8485 1 9163
84 35 10933 2 10995
85 49 54618 2 54721
86 8 23703 6 24171
87 4 66055 4 66711
88 59 76442 1 76805
89 40 32940 1 33526
90 14 50495 5 50757
91 23 79956 1 80040
92 26 11786 2 12207
93 52 55758 1 55844
94 58 9584 3 10009
95 19 33526 1 34267
96 7 34653 3 35098
97 26 77889 1 78423
98 26 16373 2 16658
99 42 6033 1 6567
100 26 45305 1 45385
101 14 76289 3 76714
102 26 67099 1 67675
103 59 23273 2 23449
104 60 22372 1 22891
105 26 19813 1 20010
106 59 38 3 335
107 40 5036 1 5682
108 5 53170 5 53857
109 59 79240 1 80190
110 60 26434 2 26770
111 26 21754 1 22372
112 17 69595 3 70182
113 42 13150 5 13383
114 26 17988 2 18704
115 14 54985 3 55067
116 51 47817 7 48275
117 69 23703 2 24151
118 35 31486 1 32823
119 56 76338 2 76763
120 26 9163 1 9944
121 19 60359 1 60666
122 46 60630 3 60681
123 4 59476 5 59876
124 69 54618 1 54660
125 3 60800 1 60978
126 24 52337 2 52562
127 19 67675 2 68414
128 26 34423 1 34898
129 36 30127 1 30218
130 42 68666 4 69012
131 60 72913 3 73086
132 26 61378 1 61433
133 43 25919 2 26010
134 57 82469 2 82811
135 35 6033 4 6660
136 59 71831 2 72413
137 27 65310 3 65997
138 40 20821 1 21158
139 26 16885 2 17564
140 26 31596 2 32192
141 38 35345 1 35417
142 57 32565 2 32924
143 26 39086 1 42096
144 2 45937 1 45964
145 60 16535 2 17262
146 17 39086 1 39286
147 44 72184 2 72475
148 19 25173 3 25391
149 57 3768 3 4262
150 53 32940 2 33393
151 12 6316 3 6721
152 36 47563 1 48245
153 26 81296 2 81547
154 35 32859 2 33536
155 52 45305 2 45429
156 69 62502 1 62614
157 42 20821 3 21478
158 56 17768 4 17999
159 26 52453 1 53040
160 11 8339 2 8668
161 3 22734 1 23019
162 59 1935 2 2199
163 7 19813 3 19967
164 60 56201 1 56507
165 59 48642 1 49313
166 23 77762 4 77972
167 68 21302 2 22035
168 69 864 4 1322
169 69 0 1 436
170 59 77762 1 78212
171 26 7946 3 8427
172 14 51585 2 51656
173 26 53603 2 54343
174 46 19572 1 19814
175 26 46160 1 46216
176 8 60630 4 61079
177 38 28353 2 28908
178 59 83327 1 83467
179 60 73363 1 73601
180 24 5101 2 5813
181 55 32950 1 33067
182 59 10175 5 10245
183 21 12732 3 12842
184 69 13257 4 13784
185 26 11310 1 11373
186 14 53170 2 53287
187 19 3768 2 4239
188 19 19687 2 20249
189 17 20265 2 20820
190 19 79717 3 79956
191 40 0 2 338
192 26 39148 2 39882
193 14 28353 7 28875
194 59 67099 2 67428
195 19 29380 1 30084
196 69 1935 1 2210
197 40 53484 1 53884
198 42 42096 2 42808
199 26 69724 1 69809
200 22 7468 1 7572
201 8 59476 5 59552
202 40 3598 1 5036
203 42 9163 1 9678
204 40 32859 1 32907
205 17 62502 4 62961
206 35 21302 2 21777
207 45 16982 3 17149
208 69 68124 4 68848
209 51 51585 8 52137
210 53 74195 2 74838
211 26 58150 1 58749
212 69 6033 2 6348
213 8 32950 2 33700
214 31 39155 4 39384
215 4 73775 2 73950
216 42 12207 3 12881
217 64 48655 3 48699
218 19 5249 1 5525
219 14 22534 1 22657
220 19 69595 1 70151
221 17 69733 1 70383
222 49 1402 1 1974
223 17 18645 1 19225
224 35 16885 2 16935
225 69 28353 4 28426
226 28 75818 1 76270
227 55 33526 3 34017
228 46 39086 3 39138
229 42 80266 3 80353
230 14 75818 4 76567
231 26 38357 1 39148
232 14 34087 7 34529
233 25 49460 1 50083
234 40 42096 2 42261
235 59 60959 1 61553
236 11 39882 6 39963
237 44 68631 1 68783
238 5 54618 1 55221
239 59 39597 1 39811
240 6 39912 1 40011
241 26 31168 1 31429
242 59 51585 4 52138
243 47 54466 2 54765
244 22 5036 4 5702
245 59 7946 2 8602
246 11 17768 7 18411
247 45 17768 3 17995
248 6 67902 5 68362
249 1 59476 4 59652
250 59 55615 1 55895
251 14 16211 1 16712
252 21 33017 1 33158
253 24 83348 5 84093
254 59 31168 4 31897
255 17 39597 4 40063
256 19 49460 1 49786
257 26 45144 2 45457
258 26 39310 2 39854
259 59 5249 3 5771
260 7 0 2 80
261 59 36613 4 36946
262 47 22744 3 22976
263 56 74252 2 74341
264 59 47563 3 47588
265 21 19572 3 19630
266 35 21754 1 22734
267 37 32234 1 32604
268 53 72913 1 73559
269 15 17942 2 18393
270 19 53279 2 53969
271 69 50451 3 50858
272 52 54343 1 54683
273 4 5036 7 5738
274 24 1402 4 1849
275 19 58606 1 59082
276 42 3598 6 3777
277 56 30518 1 30591
278 61 54618 2 54736
279 8 34119 4 34736
280 1 60959 1 61429
281 60 22734 1 23172
282 30 82469 5 83199
283 26 30121 2 30693
284 11 76289 5 76691
285 40 81776 2 82101
286 14 72184 3 72811
287 40 72184 1 72511
288 14 11310 2 12016
289 30 26434 2 26805
290 26 61853 2 62502
291 26 79240 1 80153
292 14 45937 3 46550
293 4 5808 1 6051
294 49 7946 3 8473
295 26 54985 1 55615
296 59 16388 1 16548
297 17 67099 1 67358
298 35 58592 3 58919
299 42 45937 3 46175
300 36 50950 1 51245
301 69 8427 5 8812
302 59 49460 3 49765
303 31 10820 4 11356
304 59 55758 3 56201
305 14 67099 1 67598
306 21 34119 1 34406
307 46 81776 3 82339
308 41 16002 1 16169
309 3 46160 2 46490
310 22 61853 3 62431
311 26 74528 2 75262
312 52 64626 2 64709
313 1 67902 6 68090
314 14 69166 3 69209
315 60 59014 1 59675
316 19 20821 1 21234
317 69 59805 2 60047
318 25 59082 5 59572
319 35 34119 2 34428
320 1 75818 3 76256
321 4 60430 4 60899
322 3 28353 1 28445
323 60 58758 1 59082
324 59 26404 2 27084
325 26 14810 1 15279
326 59 16002 3 16388
327 46 83348 2 83985
328 56 11026 1 11774
329 26 20722 1 21335
330 42 60359 3 60915
331 35 73363 1 73731
332 26 20963 1 22137
333 26 66055 3 66567
334 8 25919 2 25993
335 14 6316 1 6726
336 19 37003 1 37105
337 19 38094 2 38750
338 41 34653 1 34933
339 20 67099 4 67418
340 59 1839 4 1949
341 19 79503 2 79717
342 43 58150 2 58859
343 17 16373 4 16859
344 63 5249 1 5556
345 17 26721 3 27349
346 26 82469 1 82661
347 1 37003 7 37637
348 31 1447 3 1848
349 56 10245 4 10536
350 60 8427 2 8489
351 55 75818 3 75882
352 26 31575 1 32088
353 17 72184 1 72270
354 22 74252 2 74615
355 52 44519 1 44991
356 26 864 1 1185
357 59 33526 1 33805
358 26 60430 2 60869
359 58 21302 4 21986
360 22 51779 5 52403
361 17 864 1 1401
362 42 11310 2 11842
363 24 3850 5 3997
364 59 50390 4 50495
365 60 39882 3 40114
366 53 50390 1 50829
367 42 26404 7 26659
368 35 81776 1 82904
369 25 22761 1 23327
370 8 50097 6 50556
371 69 57121 2 57659
372 35 70460 1 71051
373 52 13317 1 13698
374 35 45320 1 45512
375 35 76305 2 77204
376 19 32972 1 33407
377 47 0 3 624
378 1 9584 5 10152
379 14 53170 4 53773
380 14 11786 4 12383
381 15 18060 1 18162
382 26 69166 3 69696
383 25 47563 3 47995
384 64 37003 1 37312
385 58 42192 5 42247
386 55 77762 5 77964
387 59 16982 2 17238
388 40 34119 1 34763
389 40 60959 1 61732
390 59 28353 1 28761
391 30 10245 7 10554
392 42 11126 6 11672
393 59 27649 3 28341
394 26 50811 3 51542
395 7 69595 3 69700
396 68 77215 1 77373
397 26 32234 2 32859
398 64 45191 2 45665
399 62 57121 2 57407
400 35 53969 1 54151
401 56 4768 2 5169
402 33 34119 1 34348
403 40 5525 1 6333
404 64 30693 1 31399
405 35 34918 1 35051
406 59 68148 1 68631
407 44 31575 1 31873
408 58 4297 1 4550
409 19 22915 1 23757
410 52 3598 2 3933
411 17 54618 3 54801
412 6 10618 2 11062
413 40 16111 1 16568
414 30 20821 4 21418
415 59 60630 5 60920
416 26 7468 3 7946
417 26 17768 3 17988
418 19 71831 1 72184
419 40 47094 1 47266
420 14 8485 3 8667
421 42 16111 1 16763
422 26 29318 2 29380
423 16 23273 1 23524
424 60 3377 2 4072
425 43 0 1 409
426 49 39155 2 39715
427 4 51901 6 52301
428 35 75818 1 76305
429 61 34423 1 35051
430 24 16982 5 17409
431 43 68148 1 68887
432 35 36765 1 37104
433 26 74195 2 74585
434 60 26721 1 27124
435 51 7468 1 7990
436 26 79559 4 80266
437 57 10353 2 10912
438 59 27649 1 28146
439 59 56879 1 57515
440 59 10618 2 11721
441 7 32940 2 33156
442 59 11786 3 12334
443 43 83348 2 83760
444 19 64626 3 64964
445 40 28481 1 30495
446 4 46214 6 46400
447 31 16982 2 17664
448 60 10280 1 10618
449 19 28353 1 29059
450 42 34918 1 35497
451 59 83327 2 83754
452 21 23728 5 24250
453 26 63958 2 64626
454 19 34276 2 34591
455 1 20265 6 20692
456 44 56879 1 57425
457 4 36613 7 37058
458 40 80190 1 80389
459 14 60800 2 61161
460 3 20821 3 21483
461 46 79814 4 80557
462 56 3598 1 3715
463 5 39155 4 39799
464 4 55800 1 56067
465 59 27084 4 27461
466 59 75818 1 76064
467 59 69595 3 69771
468 4 26434 4 26787
469 4 73775 1 74056
470 49 25919 2 26422
471 19 62502 4 63179
472 42 28353 1 28591
473 59 34438 2 35345
474 8 58150 1 58558
475 6 28481 1 28761
476 56 60359 3 60887
477 26 59805 1 60359
478 60 58150 3 58804
479 3 7946 2 8546
480 69 31575 3 32277
481 68 20821 1 21228
482 1 8339 5 8485
483 21 61271 1 61753
484 24 72184 1 72402
485 56 25919 1 26340
486 52 75818 2 76055
487 11 45144 1 45354
488 22 9584 2 10062
489 61 2199 4 2223
490 59 73363 1 73588
491 56 14230 3 14947
492 1 14810 2 14901
493 40 58811 1 59760
494 42 55615 1 55916
495 40 68148 2 68568
496 26 54673 1 54985
497 56 6316 1 6410
498 26 65310 1 65889
499 58 75818 3 76553
500 56 11830 1 12515
501 17 28790 2 29458
502 26 9584 2 10115
503 61 35571 3 35823
504 31 7946 3 8672
505 44 72913 1 73218
506 59 58150 1 58785
507 62 48642 1 49386
508 26 80266 3 80529
509 25 19671 3 20158
510 40 55275 1 55800
511 1 16388 2 16429
512 9 9944 1 10256
513 26 34289 1 35098
514 69 22534 3 23090
515 56 31486 3 31792
516 26 57287 1 59260
517 29 34119 5 34656
518 60 68124 1 68311
519 59 54343 4 55055
520 40 24084 1 24906
521 35 83931 1 84054
522 2 76338 1 76673
523 40 8485 1 9186
524 60 17620 1 18127
525 61 39310 4 39828
526 16 23728 3 23871
527 30 2199 2 2747
528 35 81776 1 82189
529 69 39155 4 39572
530 60 64626 1 65366
531 42 53603 1 53868
532 60 54618 2 55306
533 52 68666 1 68764
534 46 39148 2 39485
535 60 49460 2 49887
536 42 30084 3 30420
537 56 35807 1 36529
538 40 60630 2 60959
539 61 34119 2 34267
540 52 5249 1 5927
541 60 60959 1 61560
542 31 3076 3 3592
543 63 23728 1 24081
544 61 36765 3 37078
545 19 72184 2 72985
546 26 45763 2 45937
547 21 67099 5 67702
548 59 83793 1 84476
549 69 19813 2 20321
550 26 59476 3 59877
551 46 54466 1 54990
552 26 67675 1 67852
553 26 36324 1 36765
554 14 39882 2 40540
555 14 31168 2 31207
556 19 4297 3 4654
557 12 45763 5 46336
558 19 75818 1 76452
559 19 20265 1 20821
560 26 28790 1 29318
561 31 26434 3 27082
562 60 7468 1 8089
563 8 33017 3 33145
564 59 76074 2 76442
565 55 68631 3 69129
566 21 39882 2 40311
567 35 26434 1 26645
568 46 51779 3 52085
569 4 39086 2 39573
570 19 81776 2 82129
571 60 32859 1 33270
572 42 68631 5 68660
573 25 59476 1 60153
574 44 58758 2 58940
575 31 75818 3 75857
576 26 8339 1 8671
577 26 28353 1 28559
578 55 10115 4 10789
579 26 15084 2 16002
580 59 37801 5 38094
581 4 3076 5 3622
582 42 1839 3 2049
583 59 4768 1 5138
584 22 50390 1 51041
585 16 67099 4 67186
586 11 71107 5 71360
587 48 48506 2 48840
588 1 20821 7 21479
589 26 58758 1 58921
590 56 55800 2 56065
591 16 37003 3 37036
592 59 72761 4 73236
593 45 30470 1 30819
594 26 51861 2 53109
595 19 34653 1 34950
596 19 16388 1 16938
597 69 67099 5 67570
598 31 18060 3 18476
599 17 68631 1 69312
600 48 0 3 42
601 26 69733 1 70460
602 35 51585 2 52228
603 69 72761 2 73401
604 19 26434 1 27954
605 59 83793 4 84242
606 30 38357 4 38878
607 26 47094 2 47563
608 21 59476 1 60140
609 4 57121 7 57818
610 40 55800 2 56329
611 20 45937 2 46651
612 21 26721 1 27320
613 4 50495 2 50719
614 60 67099 1 67253
615 40 39086 2 39385
616 42 71107 1 71221
617 42 19572 5 19713
618 4 16111 1 16352
619 42 36613 5 36935
620 13 61853 6 62105
621 35 16111 1 16563
622 53 80190 1 80866
623 35 51585 1 51645
624 42 32950 2 33578
625 14 22744 2 23403
626 23 13150 2 13843
627 3 9163 1 9817
628 26 55615 1 55794
629 53 45191 2 45518
630 42 37003 7 37589
631 68 17942 1 18674
632 26 32565 1 32673
633 40 35956 2 36578
634 35 53170 1 53941
635 17 22347 1 22929
636 25 25919 4 26432
637 42 58758 2 59452
638 26 48104 1 48655
639 59 56879 1 58150
640 59 27084 1 27649
641 17 34423 1 34599
642 69 59476 1 59898
643 59 3258 2 3917
644 36 25173 3 25679
645 68 33085 1 33332
646 53 2938 1 3170
647 36 17768 4 18459
648 6 6316 3 6680
649 35 2199 1 2722
650 60 72184 4 72366
651 26 32234 2 32565
652 26 10933 2 11421
653 51 75818 8 75909
654 43 83348 1 83870
655 26 3598 2 3999
656 67 62502 1 62858
657 14 34423 3 34621
658 13 17942 3 18098
659 8 28353 5 28594
660 14 33017 6 33095
661 55 32234 1 32877
662 25 20722 2 20795
663 8 20963 1 21686
664 60 23273 1 23495
665 6 19813 1 19936
666 35 22734 2 23071
667 2 72913 1 73069
668 20 13512 1 13716
669 26 46160 1 46863
670 69 62502 2 63077
671 44 59476 1 59798
672 61 34289 1 34785
673 51 67099 1 67253
674 19 33017 2 33766
675 19 61853 1 61877
676 26 83327 3 83793
677 1 69595 4 70151
678 17 21302 3 21405
679 6 19813 1 20191
680 21 32234 1 32850
681 35 77762 1 77936
682 26 83793 2 83931
683 36 79240 4 79988
684 26 16002 2 16373
685 26 51585 1 52453
686 15 15084 5 15763
687 59 22761 3 22909
688 61 69166 4 69244
689 68 65310 1 65356
690 26 11126 2 11436
691 26 33085 1 33852
692 35 28353 2 28962
693 36 48804 1 48973
694 42 83348 3 83411
695 35 67871 1 68154
696 19 42096 1 42649
697 64 27649 2 27712
698 14 71107 3 71746
699 26 25111 1 25919
700 26 82661 4 83327
701 6 1177 1 1508
702 62 34950 1 35238
703 29 23728 5 24307
704 14 35698 1 36205
705 51 49460 5 49993
706 42 28481 1 28796
707 19 39086 1 39748
708 42 73363 2 73705
709 20 11786 4 12069
710 59 61853 1 62884
711 11 30518 2 30775
712 26 11421 3 12105
713 24 59082 5 59790
714 49 1043 2 1721
715 17 23703 2 24089
716 42 864 5 1078
717 64 60800 4 61171
718 40 79814 1 80655
719 7 73363 1 73645
720 35 56606 1 56694
721 61 12207 3 12500
722 28 0 2 286
723 35 26434 1 27237
724 25 13721 1 14297
725 58 83327 5 83348
726 26 39882 2 40272
727 44 7946 1 8470
728 26 68666 3 69166
729 26 34119 1 34554
730 35 4768 2 5460
731 19 84048 1 84513
732 26 37801 2 38982
733 42 4893 1 5532
734 35 60676 3 60800
735 33 26434 1 26975
736 60 69166 2 69877
737 1 51779 3 52519
738 68 31596 4 32274
739 26 10353 2 10820
740 26 42192 1 42335
741 37 48655 4 48833
742 68 22744 1 22845
743 22 51585 2 51627
744 56 49460 1 49994
745 24 10618 2 10927
746 31 39086 3 39117
747 35 22372 1 22489
748 30 26404 5 26671
749 1 71733 3 72266
750 63 82469 1 83004
751 4 62502 1 63230
752 41 51585 3 52273
753 4 47563 3 47738
754 40 46160 2 46214
755 53 25919 2 26082
756 26 34087 2 34119
757 11 29637 7 29740
758 69 23703 1 23962
759 26 76289 3 76386
760 36 72184 2 72719
761 19 74252 1 74798
762 26 75818 1 76277
763 42 55758 1 56200
764 59 10175 1 10990
765 19 30470 3 31596
766 59 73775 1 75399
767 49 57287 3 57528
768 26 39086 1 39237
769 36 5808 1 6059
770 42 17768 1 18198
771 19 74195 1 74252
772 60 864 2 1043
773 42 26721 3 27432
774 26 9944 1 10031
775 60 68631 2 69138
776 20 79503 3 79742
777 14 24084 1 24345
778 69 73363 3 73618
779 53 28353 1 28952
780 31 25919 3 26173
781 56 7468 1 7645
782 1 57287 2 57421
783 8 59082 4 59194
784 26 1402 1 1810
785 26 4768 4 5101
786 26 22372 1 22947
787 4 68631 7 69094
788 3 39882 1 40340
789 19 30084 1 30430
790 8 81804 1 82105
791 31 54985 2 55285
792 56 81776 3 82124
793 19 35807 1 36018
794 24 32950 4 33227
795 55 34087 3 34750
796 1 56879 6 57316
797 8 58150 1 58564
798 35 51901 1 52377
799 22 3768 1 4269
800 51 48104 2 48360
801 59 2759 1 4893
802 60 48642 1 48669
803 26 27649 1 28353
804 46 8485 4 8696
805 59 24084 2 24743
806 26 32859 5 32950
807 59 59082 1 59182
808 67 69166 1 69608
809 4 56879 3 57061
810 26 66567 2 67099
811 35 10618 1 10662
812 40 34763 1 35956
813 25 37460 2 37643
814 26 72913 3 73363
815 41 22372 1 22824
816 24 34918 3 35254
817 14 5101 2 5835
818 60 69166 1 69898
819 59 16982 1 17580
820 44 11026 1 11608
821 19 21777 2 22347
822 26 63958 2 64247
823 7 48642 4 49094
824 27 34087 6 34107
825 26 32192 2 32234
826 69 19687 3 19891
827 19 69166 6 69550
828 19 57121 1 57930
829 41 39148 1 39575
830 18 60959 2 60989
831 60 37729 1 39695
832 26 20400 1 20963
833 42 8485 3 8678
834 14 14810 4 14994
835 49 37003 4 37545
836 35 67099 1 67139
837 20 69595 2 70237
838 57 20821 4 21067
839 24 79503 4 79805
840 26 69696 3 69899
841 20 23273 3 23345
842 22 60630 1 60850
843 14 22734 2 23444
844 59 59014 3 59879
845 19 31596 1 32189
846 26 34119 1 34918
847 19 13150 2 13512
848 52 36613 2 36827
849 4 83793 1 84034
850 59 17942 3 18373
851 69 20265 2 20974
852 26 1402 2 1821
853 60 2658 2 3377
854 8 77215 5 77655
855 36 9336 3 9395
856 53 37003 2 37291
857 13 67871 3 68214
858 60 81776 2 82283
859 19 34950 2 35166
860 8 7946 6 8584
861 44 35098 2 35377
862 51 7468 3 7859
863 6 54618 3 55161
864 17 29318 1 29466
865 14 39882 1 39976
866 60 48642 4 48807
867 60 77762 1 78262
868 1 19813 1 20009
869 16 62502 2 62796
870 42 19813 6 20176
871 16 30518 3 30953
872 17 10115 2 10390
873 17 6033 1 6641
874 31 34119 1 34292
875 22 22734 5 23117
876 45 16885 1 17352
877 69 69166 1 69192
878 14 80266 2 80968
879 69 8485 1 8667
880 14 42096 2 42722
881 19 45191 1 45537
882 1 32950 5 33121
883 26 57287 1 57543
884 14 23703 2 24409
885 40 77215 2 78084
886 35 54683 1 55456
887 4 22734 6 23276
888 59 56201 1 56879
889 17 34119 1 34295
890 26 71733 2 72094
891 26 76338 1 76370
892 4 30518 1 30967
893 50 73363 8 73440
894 15 35807 3 36230
895 26 31168 3 31714
896 35 72184 3 72336
897 24 77215 2 77850
898 60 55615 1 56298
899 59 24727 2 25111
900 59 45763 2 45891
901 19 1177 1 1353
902 60 36018 2 36438
903 11 34119 4 34139
904 37 58758 1 59344
905 40 20722 2 20813
906 59 42192 4 42658
907 14 12207 1 12843
908 21 47817 7 48464
909 60 23703 1 24265
910 1 18060 5 18345
911 17 10353 1 10554
912 26 60430 1 60630
913 26 60359 1 60430
914 19 9336 1 11026
915 59 61433 1 62882
916 60 9584 1 10280
917 8 8427 1 8647
918 60 51585 3 52186
919 35 60800 1 61271
920 14 59476 5 60219
921 26 26404 2 26721
922 24 18060 3 18190
923 59 26434 1 27034
924 26 28353 5 28790
925 1 26404 5 26578
926 26 61433 3 61853
927 40 45191 1 45329
928 68 34423 5 34751
929 11 48506 6 49201
930 19 83327 1 83348
931 4 45457 2 45535
932 17 51779 2 52173
933 35 22734 1 23239
934 21 74252 4 74310
935 24 55615 4 55753
936 45 28481 2 28814
937 26 63062 3 63958
938 59 17620 1 17965
939 6 48506 2 49226
940 27 30495 4 31148
941 68 22372 4 22940
942 19 37729 2 38223
943 69 58811 6 59473
944 51 39086 1 39561
945 26 21000 3 21302
946 64 75818 1 76469
947 20 1177 1 1385
948 42 10245 1 10558
949 59 45191 1 45830
950 19 35687 1 35807
951 6 39882 2 40065
952 19 80932 1 81380
953 27 11026 5 11183
954 35 29637 1 29694
955 64 58592 3 58948
956 61 45763 3 45947
957 1 68631 1 69277
958 17 39882 1 40382
959 52 22372 1 22917
960 19 18645 6 19395
961 40 51542 2 52337
962 55 9163 1 9788
963 13 17942 1 18254
964 26 6316 1 6561
965 26 74528 1 74694
966 9 28353 1 28922
967 35 29637 1 30032
968 19 69166 2 69263
969 59 34087 1 34438
970 42 67099 3 67324
971 26 61271 2 61498
972 11 44519 3 45165
973 42 62502 3 62865
974 31 45763 4 46236
975 59 5525 1 6007
976 6 16388 1 16720
977 1 77889 4 78600
978 68 25173 2 25381
979 8 72184 3 72828
980 40 14810 2 15394
981 49 48642 5 49076
982 40 67871 2 67902
983 43 25173 1 25452
984 28 48642 2 49164
985 60 53484 1 54315
986 59 54466 2 55121
987 3 45191 1 45940
988 46 3598 3 3658
989 36 32940 5 33206
990 42 49460 1 49710
991 34 34119 6 34625
992 56 48642 1 49285
993 59 5138 1 5806
994 42 864 2 1142
995 19 34119 1 34472
996 21 47094 2 47663
997 26 72913 2 73268
998 8 1402 3 1583
999 35 38357 4 38802
1000 46 30084 4 30478
1001 19 50390 1 50811
1002 59 58614 1 58949
1003 26 35098 1 35604
1004 57 6033 4 6769
1005 47 28481 2 28714
1006 59 1177 1 1516
1007 22 58150 5 58535
1008 6 71107 3 71236
1009 59 36613 1 36855
1010 1 22534 7 22892
1011 60 4768 1 5202
1012 26 64626 4 65310
1013 56 67675 2 67945
1014 68 21754 1 22447
1015 42 72184 3 72619
1016 26 21754 1 22195
1017 26 35969 2 36194
1018 59 58811 4 59014
1019 4 75818 2 76126
1020 25 11786 5 11949
1021 64 19813 3 20032
1022 31 51779 1 52497
1023 4 20821 2 20946
1024 26 74598 2 75110
1025 52 53170 1 53231
1026 69 38357 1 38380
1027 11 22372 1 22803
1028 59 864 3 1165
1029 8 68148 5 68579
1030 31 50390 3 51033
1031 35 19572 1 19977
1032 45 16388 1 17044
1033 60 65310 2 65497
1034 29 53170 1 53642
1035 26 80190 1 81296
1036 69 7468 6 7680
1037 26 53603 2 54126
1038 60 6316 1 6538
1039 68 864 3 1243
1040 35 34423 1 35336
1041 20 46160 1 46657
1042 36 39086 5 39258
1043 4 80266 1 80295
1044 64 16211 3 16859
1045 66 51585 1 51969
1046 14 10175 3 10195
1047 40 4768 1 5276
1048 5 39882 7 40349
1049 40 75818 2 76289
1050 7 83327 3 83663
1051 35 23703 3 23728
1052 35 30084 3 30622
1053 60 4768 1 5473
1054 5 23273 7 23839
1055 59 11721 1 11786
1056 41 77762 2 78454
1057 16 37729 1 38019
1058 35 1447 1 1834
1059 47 51861 2 52342
1060 24 36613 2 37057
1061 47 34289 3 34723
1062 26 19813 3 20265
1063 46 53170 2 53361
1064 54 35571 1 35850
1065 22 7946 5 8614
1066 22 32950 2 33675
1067 5 25919 3 26566
1068 24 54343 2 55089
1069 64 34119 1 34334
1070 21 36018 7 36298
1071 20 2199 2 2668
1072 30 23273 3 23689
1073 40 37003 1 38414
1074 42 39310 1 40025
1075 42 54343 2 55084
1076 26 39882 2 40135
1077 26 20400 1 20794
1078 45 42192 2 42653
1079 26 29380 1 30121
1080 26 10115 1 10933
1081 6 54683 2 55239
1082 1 10353 2 10972
1083 3 60630 1 61182
1084 60 50390 3 51171
1085 69 81804 3 81926
1086 21 26434 1 26493
1087 58 60630 5 61254
1088 55 60959 2 61692
1089 3 79814 2 80450
1090 69 16388 4 17034
1091 35 31168 3 31486
1092 20 34119 5 34776
1093 17 1447 3 2037
1094 35 2199 1 2506
1095 35 2722 1 4244
1096 43 58150 1 58546
1097 59 14230 6 14742
1098 33 68148 1 68381
1099 35 45937 1 46409
1100 4 28761 1 29475
1101 29 51779 4 51836
1102 26 6303 1 7468
1103 11 35345 3 35732
1104 22 35345 1 35929
1105 26 49460 2 49651
1106 19 75818 5 76482
1107 4 71107 4 71618
1108 12 23703 1 24189
1109 26 0 1 3076
1110 60 72184 1 72908
1111 7 2199 2 2262
1112 59 73775 1 74419
1113 61 5808 4 6072
1114 26 78034 1 79240
1115 35 71107 1 71217
1116 69 49460 1 50109
1117 3 13317 4 13506
1118 67 37729 1 38252
1119 26 38357 2 38945
1120 61 51739 2 52228
1121 59 48506 3 48825
1122 69 48804 1 49366
1123 59 82469 1 83128
1124 56 18060 2 18507
1125 40 49460 2 50153
1126 68 16885 1 16987
1127 68 21302 1 21500
1128 19 27649 2 27928
1129 31 53864 3 54207
1130 26 69696 1 69724
1131 59 9944 2 10086
1132 9 26434 4 26835
1133 26 77762 1 78034
1134 26 54771 2 55349
1135 21 16388 5 16739
1136 64 35807 3 36203
1137 21 29802 5 30486
1138 44 39882 1 40303
1139 36 31168 1 31336
1140 36 64626 3 65308
1141 48 9944 3 10385
1142 58 20265 1 20899
1143 35 7468 1 7763
1144 59 75818 1 76074
1145 20 23728 4 23941
1146 35 42096 1 42146
1147 19 47563 1 47817
1148 19 24096 1 25173
1149 60 4768 1 4870
1150 45 10353 5 11044
1151 8 72184 1 72478
1152 8 29318 1 29593
1153 12 10245 1 10572
1154 69 9336 6 10070
1155 42 47563 1 47885
1156 42 39086 3 39168
1157 11 8485 4 9022
1158 46 59476 1 59696
1159 44 864 2 1219
1160 68 32859 4 33178
1161 60 34087 1 34215
1162 3 7468 2 7581
1163 19 68414 1 68845
1164 1 61853 5 61991
1165 69 50495 2 51196
1166 1 76338 5 76555
1167 43 5249 2 5978
1168 40 14230 1 14810
1169 52 59082 2 59583
1170 8 35345 6 35776
1171 6 33526 1 33991
1172 42 25919 2 26130
1173 60 19671 3 19822
1174 35 30518 1 31219
1175 35 74598 1 75552
1176 1 8485 5 9208
1177 24 14810 1 15362
1178 4 25919 2 26548
1179 6 864 3 1565
1180 59 55615 1 56130
1181 21 28353 6 28512
1182 31 57287 1 58013
1183 31 81776 1 82409
1184 17 26434 2 26718
1185 42 25919 1 25993
1186 26 81296 2 81804
1187 26 58150 2 58567
1188 68 50495 2 51179
1189 52 39882 1 39940
1190 35 9584 1 10579
1191 41 62502 1 62730
1192 35 77215 3 77701
1193 15 22744 3 22896
1194 31 32950 3 33355
1195 36 65310 3 65695
1196 59 32234 1 33731
1197 26 71733 5 72162
1198 35 57121 1 57189
1199 51 38 8 265
1200 19 864 2 1177
1201 40 1456 2 2081
1202 35 10618 1 11215
1203 6 31168 6 31814
1204 3 57121 1 57328
1205 69 51779 1 52231
1206 4 34087 3 34512
1207 1 17768 6 17970
1208 14 30693 5 30876
1209 35 77215 1 77646
1210 52 45937 2 46281
1211 59 47588 2 47749
1212 26 18060 1 18645
1213 42 13257 2 13598
1214 15 12732 3 12996
1215 60 14810 3 15092
1216 26 54343 2 54624
1217 19 18060 3 18775
1218 59 50017 1 50390
1219 59 63062 1 64532
1220 6 10353 1 10895
1221 8 34119 1 34167
1222 33 68007 1 68221
1223 46 34423 3 34501
1224 22 31596 1 32230
1225 35 72184 1 72431
1226 26 44519 1 45144
1227 25 58592 1 58831
1228 46 22734 4 23429
1229 26 31168 1 31575
1230 55 19572 2 19620
1231 31 23273 1 23426
1232 59 50390 1 50950
1233 69 19687 3 19796
1234 14 73569 2 73633
1235 59 17768 1 17942
1236 26 61022 2 61287
1237 60 61853 3 62576
1238 26 8427 4 8485
1239 22 63062 4 63223
1240 35 1834 2 1924
1241 43 73775 3 74457
1242 44 79956 1 80261
1243 26 15279 1 15543
1244 19 80190 1 80932
1245 59 82589 1 84033
1246 59 1402 3 1839
1247 35 47094 2 48419
1248 68 54985 2 55687
1249 57 50390 5 50539
1250 59 68124 1 68867
1251 60 79481 1 79759
1252 3 33017 5 33360
1253 69 2199 2 2592
1254 8 45937 4 46686
1255 62 45763 2 45855
1256 19 51739 1 51779
1257 26 12732 2 13150
1258 35 31486 1 31961
1259 59 67675 1 67871
1260 36 23703 1 23871
1261 17 29637 3 29666
1262 26 26721 1 27649
1263 60 75818 1 76022
1264 14 19687 2 19999
1265 4 17942 6 18476
1266 63 16388 1 16528
1267 21 864 5 1081
1268 40 21302 1 24084
1269 9 69166 4 69862
1270 20 19671 3 19821
1271 8 16388 3 16679
1272 53 29380 1 30055
1273 64 34087 2 34201
1274 36 37460 1 37720
1275 26 24045 2 24583
1276 23 22372 3 23064
1277 2 71733 1 72356
1278 60 42096 2 43237
1279 14 9584 3 10136
1280 17 58758 4 59188
1281 59 68631 5 68671
1282 40 58758 1 58811
1283 8 42096 1 42723
1284 25 49819 2 50352
1285 7 39912 1 40414
1286 8 17768 1 18314
1287 6 20265 4 20491
1288 19 16002 1 16211
1289 26 34918 1 35169
1290 19 22347 1 22915
1291 59 73363 3 73775
1292 4 51585 4 51805
1293 24 30084 5 30436
1294 59 45191 2 45575
1295 54 39148 1 39334
1296 17 35807 3 36047
1297 60 45305 1 46365
1298 68 28481 5 28979
1299 26 20821 2 21000
1300 22 72184 1 72570
1301 59 13257 1 13418
1302 59 76074 1 76756
1303 60 54771 1 54821
1304 69 10280 1 10742
1305 43 72913 2 73307
1306 21 9584 6 9923
1307 19 45191 1 45666
1308 11 68631 8 69346
1309 4 32950 3 33548
1310 60 21302 1 22364
1311 26 2938 1 2976
1312 59 31596 1 32271
1313 40 16002 2 16111
1314 26 2199 2 2523
1315 45 16388 1 16588
1316 19 36018 2 36920
1317 13 72913 4 73038
1318 45 28481 1 28759
1319 17 19572 3 20127
1320 6 10885 1 11128
1321 19 29637 2 29934
1322 44 23703 1 24231
1323 40 76289 2 76468
1324 26 60630 2 61022
1325 15 82469 4 82679
1326 31 18645 2 18867
1327 35 79814 2 80395
1328 57 14810 5 15034
1329 40 8485 1 9396
1330 35 8427 1 9021
1331 26 35345 1 35416
1332 35 39148 1 39523
1333 26 58150 1 58758
1334 35 67902 1 68364
1335 26 55794 2 56606
1336 26 46216 1 46702
1337 9 68666 6 69159
1338 52 74195 2 74224
1339 26 22744 1 23459
1340 59 77889 3 78402
1341 1 2199 2 2648
1342 8 36613 3 36942
1343 42 75818 7 75954
1344 25 72761 4 72804
1345 59 53170 5 53709
1346 34 59082 1 59643
1347 35 58150 1 58592
1348 3 72913 2 72980
1349 8 1402 4 1649
1350 60 28353 1 29841
1351 9 30518 5 30989
1352 68 16885 4 17307
1353 47 39155 1 39451
1354 60 71107 1 71428
1355 47 59082 3 59407
1356 26 56606 2 57287
1357 53 23728 1 24024
1358 26 75122 1 75172
1359 4 18060 1 18161
1360 44 2658 2 2840
1361 42 55370 5 55722
1362 25 35807 4 36160
1363 40 46214 1 46513
1364 26 23703 4 24045
1365 59 0 2 864
1366 19 30430 1 30470
1367 35 49460 1 49985
1368 26 68666 2 69152
1369 19 53969 1 55251
1370 19 35571 1 35676
1371 59 38094 1 38725
1372 26 32950 1 33085
1373 26 67675 1 68666
1374 14 51585 7 51998
1375 59 74195 1 74647
1376 59 53170 1 53484
1377 3 72184 1 72624
1378 21 19671 3 20105
1379 25 72184 1 72237
1380 25 71107 3 71707
1381 4 864 1 1176
1382 59 53864 2 54466
1383 11 7468 3 7803
1384 19 34119 1 34229
1385 26 15084 1 15485
1386 60 47563 2 48279
1387 8 35571 1 36012
1388 51 60630 4 60678
1389 19 13512 1 15403
1390 26 59082 2 59805
1391 19 66567 2 66868
1392 59 76442 2 77184
1393 52 42096 1 42680
1394 42 77889 6 77969
1395 26 17580 1 18145
1396 26 53109 2 53149
1397 67 23728 1 24263
1398 55 32940 1 33153
1399 26 9584 1 9699
1400 35 20265 1 21412
1401 46 28790 3 29144
1402 1 26721 5 27264
1403 26 34119 3 34289
1404 14 78034 4 78093
1405 59 52337 1 52518
1406 31 5525 4 6066
1407 51 1402 8 1717
1408 8 72913 2 73319
1409 59 20265 1 21029
1410 19 71107 4 71316
1411 41 74195 4 74397
1412 11 37801 2 38491
1413 40 72184 1 73033
1414 43 75818 2 76321
1415 26 57287 2 57809
1416 26 21000 1 21511
1417 60 45144 1 45305
1418 69 23273 5 23611
1419 43 14810 2 15008
1420 69 17768 2 18017
1421 35 0 1 69
1422 19 38223 4 38266
1423 69 10618 2 10922
1424 24 34119 1 34725
1425 49 30430 5 30859
1426 53 14810 2 15044
1427 6 1839 2 1939
1428 68 69595 4 70124
1429 22 23273 4 23619
1430 40 54343 1 54757
1431 42 2658 5 3003
1432 60 3768 1 4295
1433 26 42192 1 44519
1434 40 23703 1 24316
1435 59 39155 1 39597
1436 62 68148 2 68593
1437 46 5525 3 6245
1438 31 53170 2 53772
1439 40 50153 1 50706
1440 59 67871 1 67951
1441 44 83348 2 83846
1442 59 2658 2 2759
1443 46 0 2 744
1444 59 20265 1 20478
1445 35 62502 4 63190
1446 60 16111 2 16535
1447 8 75818 4 76391
1448 24 31596 2 32001
1449 35 23273 1 23503
1450 46 0 1 576
1451 29 20821 2 20888
1452 21 54343 7 54499
1453 14 16373 1 16809
1454 26 35687 1 36235
1455 25 68414 2 68606
1456 7 4768 3 5373
1457 31 58150 1 58854
1458 19 42096 2 42194
1459 42 37801 6 38062
1460 60 16885 1 17074
1461 31 50495 1 50947
1462 19 51779 1 53279
1463 38 37801 1 37863
1464 26 35345 1 35640
1465 9 8485 1 8511
1466 36 39912 4 40318
1467 4 16002 4 16555
1468 20 77215 4 77448
1469 8 37003 5 37510
1470 26 36765 1 36822
1471 19 75122 2 75216
1472 26 12207 2 12732
1473 26 21335 2 21754
1474 16 26721 3 27219
1475 26 22372 3 22744
1476 14 53484 2 53711
1477 60 77215 2 77723
1478 14 51739 1 52301
1479 1 45763 1 45809
1480 26 58758 1 59476
1481 8 69550 3 70154
1482 14 34591 3 34793
1483 9 51779 6 52097
1484 21 47563 1 47719
1485 59 53484 1 53864
1486 52 58592 1 58859
1487 42 62502 1 63245
1488 59 39597 3 39978
1489 21 17768 1 17837
1490 42 75122 4 75588
1491 6 10933 1 11378
1492 1 83348 3 83561
1493 62 10175 1 10364
1494 60 54618 1 55050
1495 46 16373 4 16962
1496 4 0 2 79
1497 42 34087 5 34538
1498 42 4768 6 4883
1499 42 32234 2 32777
1500 33 30518 3 31171
1501 17 22372 1 22673
1502 19 37003 2 37036
1503 60 10618 1 11378
1504 43 70460 1 70505
1505 60 34087 1 34423
1506 35 30084 1 30518
1507 26 47563 1 48104
1508 17 37003 3 37073
1509 42 50390 1 50435
1510 36 29380 1 29629
1511 42 39310 5 40016
1512 55 53864 2 54435
1513 36 50097 3 50688
1514 59 37729 2 38080
1515 35 72913 2 73312
1516 27 16982 4 17075
1517 26 82469 3 82589
1518 26 53109 1 53802
1519 26 9584 1 10353
1520 44 63062 1 63694
1521 42 51585 2 52128
1522 4 83327 3 83690
1523 24 81296 4 82028
1524 69 54673 3 55379
1525 59 79481 1 80090
1526 59 11786 1 12254
1527 40 52337 1 53895
1528 19 73363 2 74195
1529 19 11026 2 11916
1530 55 48655 3 49255
1531 69 28353 1 28617
1532 26 3598 1 3837
1533 24 56879 5 57345
1534 40 2658 1 3598
1535 61 83931 3 84575
1536 7 37801 4 38294
1537 14 37801 4 38109
1538 19 45937 1 46243
1539 45 1839 3 1952
1540 14 69724 2 70225
1541 53 29318 2 29362
1542 35 31596 1 32247
1543 35 54343 2 54683
1544 21 59082 3 59490
1545 33 14810 8 15346
1546 45 17942 2 18329
1547 60 79956 3 80504
1548 42 42096 4 42769
1549 26 1447 1 2057
1550 23 39882 5 40180
1551 61 9336 1 9471
1552 59 21754 1 22079
1553 16 60800 3 61410
1554 24 6033 1 6668
1555 33 8427 5 8693
1556 26 25919 1 26505
1557 40 67902 1 68105
1558 69 75818 1 76263
1559 63 19813 2 20049
1560 60 7468 3 8058
1561 40 16885 1 17653
1562 7 11026 1 11048
1563 26 49819 1 50342
1564 59 81776 1 82508
1565 55 54618 2 54698
1566 17 6033 3 6496
1567 69 33526 1 34170
1568 55 65310 2 65382
1569 35 7468 1 7709
1570 25 48655 4 49211
1571 36 48655 2 48778
1572 47 33017 3 33490
1573 35 21777 2 22220
1574 17 25173 3 25681
1575 45 28481 1 28817
1576 26 49819 3 50451
1577 22 34087 1 34284
1578 59 11026 2 11126
1579 21 29380 7 29745
1580 13 64626 2 65197
1581 60 10245 1 10522
1582 26 8427 1 8903
1583 26 20265 1 20400
1584 40 33526 1 34416
1585 11 71107 1 71431
1586 8 39086 3 39600
1587 59 39086 5 39155
1588 60 49460 1 49896
1589 46 26434 1 26774
1590 20 37801 1 37944
1591 19 5525 1 8339
1592 10 76442 2 77187
1593 64 29380 3 29578
1594 26 48655 1 49460
1595 25 50811 1 51331
1596 6 32192 4 32595
1597 42 21777 5 22105
1598 68 9944 4 10132
1599 19 59082 1 59418
1600 26 32950 3 33407
1601 1 70460 3 70800
1602 26 24727 2 25321
1603 56 14810 1 15492
1604 26 58592 1 58827
1605 55 34087 3 34632
1606 26 45937 3 46160
1607 59 18373 2 18822
1608 59 30084 3 30814
1609 14 73363 4 73486
1610 26 77215 1 77762
1611 35 68631 1 70190
1612 6 21000 2 21376
1613 22 67871 3 68611
1614 19 77215 2 77488
1615 14 20821 3 20946
1616 35 56879 2 57074
1617 20 68414 4 68622
1618 15 1177 6 1371
1619 1 76338 4 76898
1620 24 32234 5 32621
1621 38 70460 1 70791
1622 6 51861 4 52192
1623 26 6033 1 6303
1624 26 3850 1 4768
1625 44 61853 2 61936
1626 16 22372 2 23062
1627 40 79503 1 79814
1628 35 49460 1 50104
1629 26 84145 3 84732
1630 41 34119 2 34580
1631 19 79717 2 79775
1632 27 59476 1 60053
1633 43 80190 1 80352
1634 69 21000 3 21424
1635 31 76442 4 77079
1636 60 8427 1 8809
1637 24 9163 3 9648
1638 8 28353 2 28968
1639 9 42192 5 42408
1640 56 42192 2 42651
1641 4 53109 4 53408
1642 59 23273 1 23703
1643 6 51779 3 52429
1644 46 71107 3 71696
1645 46 45305 4 45965
1646 4 54343 2 55091
1647 42 68124 1 68312
1648 67 32950 1 33326
1649 19 16211 1 18026
1650 26 82589 1 83020
1651 19 23757 2 24096
1652 59 34119 2 34589
1653 20 53170 1 53235
1654 21 83327 5 83550
1655 36 60430 3 60839
1656 10 67099 2 67340
1657 21 26434 6 26752
1658 43 15279 1 15998
1659 69 69166 2 69843
1660 40 32192 1 32600
1661 26 16373 2 16880
1662 26 46160 1 47094
1663 26 34119 1 35853
1664 17 17580 3 17929
1665 40 58592 1 60261
1666 20 44519 1 44999
1667 8 67871 2 68067
1668 59 68124 1 68437
1669 17 67099 3 67280
1670 59 24084 2 24484
1671 60 67675 1 68098
1672 35 35345 2 35698
1673 60 5525 4 5619
1674 26 30518 2 30757
1675 4 9944 1 10144
1676 14 9944 1 10413
1677 60 35571 2 35970
1678 26 51861 1 52260
1679 51 69595 1 70211
1680 47 51916 3 52074
1681 33 35807 6 36174
1682 26 19671 5 19813
1683 3 56879 1 57347
1684 35 50451 2 51112
1685 35 39882 1 40069
1686 20 71107 3 71152
1687 4 65310 3 65474
1688 26 28790 1 28997
1689 26 13150 2 13353
1690 43 37801 3 37832
1691 59 1839 2 1935
1692 59 69166 2 69595
1693 1 28353 1 28553
1694 20 25919 3 26542
1695 4 9584 4 9783
1696 35 73775 1 74403
1697 14 35345 1 35553
1698 59 49313 1 50017
1699 35 14230 1 15569
1700 14 35345 2 35671
1701 27 5138 3 5884
1702 26 25919 3 26404
1703 8 68631 6 68820
1704 26 36765 2 37003
1705 67 67675 2 68338
1706 43 42192 2 42404
1707 40 74675 1 75339
1708 59 11026 1 11830
1709 14 20821 3 20909
1710 14 17768 4 17797
1711 33 59476 5 59580
1712 14 54343 3 54623
1713 20 32940 4 33577
1714 59 68631 1 69256
1715 25 33526 3 33777
1716 59 60800 3 61228
1717 46 33526 4 34061
1718 26 37801 1 38357
1719 60 71107 2 71458
1720 20 42096 4 42423
1721 35 69166 1 69370
1722 26 23273 1 23919
1723 14 69166 2 69262
1724 59 9222 1 10175
1725 42 5101 1 5837
1726 59 68007 1 68124
1727 26 71107 1 71726
1728 26 49460 3 49819
1729 35 35698 3 36572
1730 9 59082 6 59701
1731 12 21302 5 21407
1732 28 5808 1 6076
1733 4 69166 3 69459
1734 35 13512 2 13619
1735 3 48655 2 49337
1736 25 13257 3 14006
1737 69 80266 3 80819
1738 21 20821 1 21525
1739 69 55615 5 56349
1740 21 22734 2 23173
1741 25 37003 2 37621
1742 26 42096 1 42192
1743 17 30518 1 30788
1744 44 74252 1 74390
1745 3 2938 3 3142
1746 1 25919 4 26104
1747 19 67099 1 67164
1748 14 35345 1 35869
1749 68 25919 3 26350
1750 17 38357 2 39065
1751 30 22744 2 23348
1752 42 37801 1 37915
1753 29 45937 1 46328
1754 40 53895 1 55316
1755 26 29380 2 29914
1756 35 1834 1 1942
1757 26 76457 2 77215
1758 45 28481 2 28860
1759 46 54618 1 54714
1760 33 74195 8 74632
1761 46 76289 3 76523
1762 14 74252 3 74954
1763 4 6033 1 6443
1764 59 12207 2 12820
1765 61 5138 1 5271
1766 35 8339 1 8376
1767 54 13257 1 13759
1768 47 60676 5 61378
1769 59 58150 1 58614
1770 59 29637 1 31119
1771 3 71107 4 71651
1772 8 81776 1 81865
1773 59 30430 1 30490
1774 48 5138 3 5838
1775 40 60959 1 61900
1776 24 2938 3 3214
1777 24 70460 1 70592
1778 55 22347 6 22999
1779 69 51585 5 52200
1780 52 39086 1 39385
1781 59 39155 5 39322
1782 35 74195 1 74598
1783 26 0 2 38
1784 69 67902 2 68105
1785 37 8485 3 9173
1786 59 71107 3 71517
1787 19 54343 1 54956
1788 19 71733 1 72110
1789 58 23273 4 23832
1790 24 20400 2 21131
1791 61 42096 2 42703
1792 59 22372 1 22707
1793 35 56879 2 57071
1794 26 22744 1 23273
1795 56 34653 3 35250
1796 14 10115 1 10857
1797 21 22372 4 22937
1798 31 7468 2 7705
1799 35 71107 2 71802
1800 40 3076 1 3542
1801 40 17768 2 18152
1802 10 10175 2 10835
1803 59 55275 4 55667
1804 3 75818 3 76409
1805 40 48506 1 49013
1806 69 1834 4 1872
1807 56 32234 2 32922
1808 66 34087 1 34367
1809 1 39155 2 39551
1810 1 73775 3 74361
1811 16 4297 1 4582
1812 58 17942 3 17970
1813 14 22372 3 22489
1814 11 32950 3 33189
1815 19 0 1 577
1816 59 25173 2 25285
1817 26 53109 1 53603
1818 19 65310 1 65392
1819 60 11786 1 15766
1820 41 3598 2 4197
1821 60 20265 1 20711
1822 60 29802 3 30127
1823 26 30693 2 31329
1824 62 14810 1 15151
1825 20 60800 2 61381
1826 8 11786 3 12202
1827 35 59476 1 60676
1828 52 32234 2 32697
1829 22 2199 2 2586
1830 38 62502 1 63138
1831 40 82469 1 82531
1832 19 77762 1 78607
1833 26 12732 2 12925
1834 60 31596 1 31870
1835 26 76338 1 76461
1836 25 72184 1 72848
1837 59 50495 1 50665
1838 68 48642 5 49309
1839 59 6033 2 6359
1840 26 62502 1 63210
1841 59 35345 4 35699
1842 21 23728 1 23858
1843 40 19572 2 19829
1844 19 42096 1 42591
1845 45 51585 2 52130
1846 26 72184 1 72553
1847 36 26404 1 26916
1848 69 81776 2 82179
1849 8 17942 3 17999
1850 35 45763 1 46450
1851 26 36765 1 36856
1852 26 54343 1 54771
1853 4 67871 2 68496
1854 59 30518 1 30573
1855 26 65310 4 66055
1856 51 22734 2 23022
1857 59 19813 1 21026
1858 26 5101 3 5808
1859 17 18645 1 19058
1860 55 33085 1 33758
1861 16 54343 3 54480
1862 6 36018 1 36180
1863 35 23728 1 23812
1864 26 44519 2 44643
1865 56 54343 2 55013
1866 17 71107 1 71738
1867 25 4768 5 5346
1868 4 48642 4 49131
1869 42 81776 3 81849
1870 38 48655 1 48868
1871 14 47588 1 48038
1872 35 76289 1 76545
1873 59 16548 1 16982
1874 26 31575 1 32101
1875 26 68414 1 68582
1876 56 68148 3 68236
1877 60 73363 3 73630
1878 54 8427 1 8761
1879 19 71107 2 71800
1880 3 34119 1 34257
1881 52 1456 2 2171
1882 11 25919 6 26585
1883 48 62502 1 62908
1884 35 77762 1 78436
1885 58 39086 3 39625
1886 69 1839 1 2098
1887 44 54343 1 54535
1888 8 51779 5 51998
1889 22 25919 4 26344
1890 3 77215 2 77533
1891 25 53484 3 53700
1892 21 76289 2 76492
1893 31 14810 1 15090
1894 35 34087 1 35565
1895 59 20821 1 21528
1896 26 2658 2 3013
1897 4 49460 1 49742
1898 20 10885 1 11271
1899 35 12732 1 13709
1900 46 37003 4 37606
1901 3 23703 1 24441
1902 7 58150 4 58595
1903 26 73363 1 74528
1904 14 23728 2 23830
1905 15 57121 2 57713
1906 15 25919 3 26268
1907 26 50495 2 50697
1908 59 28761 1 29424
1909 35 48642 1 49391
1910 26 3850 1 5117
1911 68 73363 5 73977
1912 59 50495 2 50990
1913 33 72184 1 72529
1914 56 25173 3 25624
1915 25 37003 4 37161
1916 59 2938 3 3258
1917 3 50495 1 51086
1918 64 32972 3 33055
1919 42 22347 2 22374
1920 31 16373 1 16528
1921 45 51585 1 52313
1922 33 16658 1 17152
1923 14 3768 3 4494
1924 60 26434 2 26515
1925 60 30127 1 30692
1926 37 61378 2 61959
1927 15 73775 1 74362
1928 68 8485 4 8720
1929 51 57121 5 57358
1930 2 39086 1 39629
1931 69 16373 1 16696
1932 26 16885 2 17768
1933 17 60630 4 60724
1934 60 25173 3 25312
1935 35 54343 2 54669
1936 35 73775 2 73872
1937 24 75818 2 76458
1938 26 69696 1 69733
1939 68 14810 4 15003
1940 30 4297 7 4614
1941 43 17768 3 17963
1942 26 29686 1 29802
1943 19 74252 5 74517
1944 14 37801 3 38033
1945 19 83348 1 84048
1946 21 18060 3 18343
1947 60 30518 1 31041
1948 11 45191 1 45647
1949 17 56879 2 57506
1950 59 17580 3 17620
1951 3 54343 1 54959
1952 30 42096 3 42199
1953 21 8427 5 8709
1954 26 62502 1 62783
1955 43 1839 1 2056
1956 31 48642 4 49159
1957 35 19572 2 20039
1958 62 83348 1 83873
1959 36 83327 4 83398
1960 68 68631 4 68680
1961 60 22534 1 22721
1962 11 80266 2 80796
1963 59 37729 1 39086
1964 44 8339 1 8888
1965 49 8339 2 8727
1966 22 20722 1 21018
1967 4 72913 1 73599
1968 35 25919 1 26419
1969 59 4893 1 5503
1970 26 45144 1 45538
1971 26 47094 2 47475
1972 26 80266 1 80930
1973 60 1043 2 1895
1974 3 37801 1 38098
1975 1 35571 3 36067
1976 60 60359 2 60920
1977 26 50451 1 50499
1978 10 79814 1 80538
1979 56 71107 1 71841
1980 19 45144 2 45191
1981 42 2199 1 2586
1982 45 19813 1 19849
1983 1 45305 2 45967
1984 59 21029 1 22761
1985 59 12732 2 13317
1986 52 17768 2 18161
1987 59 2199 1 2658
1988 19 1177 2 1382
1989 59 42096 2 42244
1990 49 55800 1 56548
1991 54 30084 1 30212
1992 7 23703 4 23807
1993 69 56879 2 56951
1994 21 50390 4 50915
1995 26 27649 1 28056
1996 52 73363 2 73662
1997 59 55121 1 55275
1998 26 77215 2 77889
1999 24 9944 3 10366
2000 42 74195 4 74431
2001 4 0 2 239
2002 35 14810 1 15388
2003 69 22372 2 22631
2004 69 71107 2 71719
2005 33 37003 4 37689
2006 26 9163 1 9584
2007 7 8427 4 8930
2008 60 32565 3 32642
2009 19 79956 3 79999
2010 35 82469 1 82809
2011 59 45937 1 46555
2012 14 1447 3 2030
2013 35 81296 4 81347
2014 42 67871 1 68488
2015 40 67902 1 68148
2016 17 30518 3 30855
2017 52 71107 1 71394
2018 4 74252 6 74925
2019 35 51861 2 51901
2020 59 60430 2 61044
2021 21 36765 1 37072
2022 26 3436 1 4720
2023 26 81776 1 81833
2024 14 69595 6 70132
2025 26 70460 4 71107
2026 26 14810 1 15479
2027 12 23728 2 23850
2028 6 57287 2 57337
2029 26 39086 2 39310
2030 42 51542 3 51951
2031 59 8485 1 9222
2032 10 51861 4 52001
2033 59 22761 1 23356
2034 19 77215 1 77499
2035 35 42096 1 42549
2036 69 10820 2 11228
2037 40 47588 2 48473
2038 20 56879 2 56981
2039 19 75122 2 75401
2040 41 26404 1 26586
2041 21 10353 1 11042
2042 35 864 3 1447
2043 46 32192 1 32569
2044 67 20265 1 20716
2045 12 11310 1 11343
2046 31 3076 1 3696
2047 42 20265 1 20860
2048 26 35098 1 35571
2049 19 18060 2 18406
2050 2 79503 1 80070
2051 25 6316 5 6475
2052 26 55615 1 56337
2053 60 23703 2 24412
2054 59 31168 1 31423
2055 28 59476 1 59594
2056 22 21777 1 21862
2057 47 34423 2 34899
2058 46 73775 1 73939
2059 19 50097 2 50655
2060 24 60630 1 60879
2061 44 34438 2 34899
2062 59 60630 2 60653
2063 1 48642 5 48746
2064 55 9222 2 9888
2065 35 23812 1 24381
2066 52 58150 1 58506
2067 43 0 1 114
2068 60 56879 2 57082
2069 6 59082 1 59193
2070 3 25919 3 26022
2071 59 71107 2 71831
2072 64 67871 3 68262
2073 26 62502 4 63062
2074 37 0 3 311
2075 42 14810 3 14940
2076 60 74195 1 74851
2077 6 31596 1 32341
2078 35 61271 1 62230
2079 69 28790 6 29147
2080 60 34423 1 35255
2081 43 62502 1 63058
2082 26 45457 2 45519
2083 12 29380 4 29858
2084 61 68124 2 68306
2085 26 83931 1 84030
2086 59 31168 2 31777
2087 6 10933 3 11104
2088 42 65310 1 65934
2089 59 32907 1 33078
2090 59 9584 1 10188
2091 59 36613 3 37191
2092 26 45457 2 45763
2093 26 50451 1 51252
2094 61 53484 4 53944
2095 14 20265 4 20394
2096 69 68414 1 68913
2097 14 25173 2 25203
2098 69 10618 1 10684
2099 31 33017 1 33252
2100 69 83931 1 84160
2101 17 34289 2 34562
2102 41 33526 2 33656
2103 58 33017 3 33172
2104 68 73775 1 74510
2105 40 20265 2 20722
2106 26 45191 1 45789
2107 40 31596 1 31772
2108 60 9584 1 9686
2109 35 50451 2 50885
2110 19 79240 1 79503
2111 42 9944 1 10510
2112 4 75818 2 76521
2113 40 11026 1 11676
2114 14 22534 3 22618
2115 14 11830 1 12093
2116 31 68631 3 68693
2117 35 39912 1 41230
2118 4 68124 2 68305
2119 26 39882 1 40337
2120 69 8427 2 9026
2121 59 81296 1 81776
2122 47 59476 4 60198
2123 1 47588 2 47697
2124 46 68631 2 69366
2125 42 81296 5 81429
2126 19 57121 1 58141
2127 8 54343 3 54515
2128 26 72184 1 72491
2129 42 81296 1 81841
2130 20 1935 1 2231
2131 40 31168 1 31539
2132 16 0 4 664
2133 33 45457 7 46052
2134 14 57121 3 57514
2135 55 71107 6 71245
2136 25 16002 1 16041
2137 14 34119 1 34192
2138 40 34423 1 35863
2139 19 50811 2 51739
2140 46 10115 1 10347
2141 59 30518 4 31168
2142 56 16211 1 16760
2143 59 2199 2 2508
2144 35 39086 2 39912
2145 35 50097 1 50287
2146 35 79956 1 80306
2147 59 52337 2 52759
2148 41 30121 2 30183
2149 44 9944 1 10630
2150 69 14810 1 15246
2151 42 50097 3 50705
2152 20 4768 4 5269
2153 26 6033 3 6316
2154 1 53279 4 53627
2155 17 28353 4 28685
2156 26 48506 1 48804
2157 69 54618 1 54848
2158 34 32234 1 32565
2159 37 34087 2 34312
2160 26 5808 4 6033
2161 40 6033 1 6403
2162 42 17768 5 18211
2163 6 32234 2 32840
2164 57 73775 2 74278
2165 26 37003 4 37460
2166 51 34119 3 34497
2167 26 29802 1 30521
2168 48 74195 4 74928
2169 40 34087 1 34134
2170 26 13721 3 13950
2171 47 2938 2 3189
2172 19 11916 1 12408
2173 7 67871 3 68309
2174 26 14230 2 14634
2175 31 56606 3 57292
2176 8 37003 1 37597
2177 20 48655 1 49364
2178 26 37460 1 37801
2179 60 54343 1 54618
2180 19 54343 1 54958
2181 35 47588 1 48147
2182 17 1177 1 1428
2183 9 28353 1 28698
2184 69 54343 1 54503
2185 40 30495 1 30976
2186 21 37003 5 37130
2187 19 54985 1 55370
2188 35 60959 1 61117
2189 1 25919 2 26638
2190 19 39882 2 39925
2191 40 10115 1 12624
2192 59 69595 2 69665
2193 26 48804 2 49181
2194 19 68414 1 68754
2195 46 35571 4 36259
2196 42 19813 1 20510
2197 62 32950 1 32987
2198 68 46216 3 46401
2199 26 18645 1 18978
2200 49 34438 1 34491
2201 35 28353 1 28865
2202 35 29318 3 29637
2203 1 23757 1 24492
2204 26 19572 2 19671
2205 3 16002 3 16341
2206 43 29380 1 30056
2207 26 76338 2 76799
2208 42 77215 1 77261
2209 11 23728 4 23996
2210 49 39882 4 40508
2211 60 50153 2 50260
2212 16 1177 1 1412
2213 52 34423 2 34805
2214 44 81776 2 82083
2215 7 6316 2 6501
2216 42 32940 3 33646
2217 22 45144 3 45801
2218 26 3210 1 3850
2219 26 3076 2 3436
2220 69 56201 1 56676
2221 60 83348 1 83977
2222 12 69166 3 69799
2223 24 7946 2 8533
2224 42 30430 1 30764
2225 51 22761 1 23092
2226 55 864 1 1372
2227 59 27649 1 27688
2228 65 51779 6 52360
2229 68 54466 1 55026
2230 26 17942 1 18060
2231 45 22761 5 23374
2232 8 22372 4 22780
2233 60 82469 1 82577
2234 20 27649 1 27939
2235 31 20400 1 20626
2236 46 1447 3 1983
2237 19 56606 2 57121
2238 19 12732 3 13079
2239 6 62502 2 62636
2240 26 16658 1 16885
2241 69 9584 1 10228
2242 8 4768 3 4864
2243 69 53279 3 53585
2244 64 4297 2 4434
2245 26 33526 3 34087
2246 8 36765 2 36965
2247 11 75818 7 76256
2248 26 75110 1 75818
2249 60 4297 2 4346
2250 26 37003 1 37614
2251 59 11830 2 11969
2252 14 46160 1 46601
2253 60 67099 1 67614
2254 14 16982 5 17612
2255 36 80266 3 80802
2256 59 73775 1 73849
2257 19 20821 1 21344
2258 57 8485 4 8868
2259 26 33017 1 33617
2260 11 2938 4 3287
2261 51 34423 5 35171
2262 59 3768 2 4497
2263 4 16982 5 17563
2264 52 23703 2 24452
2265 20 76338 1 76670
2266 44 36613 1 36659
2267 36 8427 1 8587
2268 26 76338 1 76457
2269 55 35969 2 36060
2270 20 76289 3 76332
2271 35 58919 3 59067
2272 69 39882 2 39912
2273 54 19813 1 20012
2274 52 32940 2 33027
2275 5 16388 7 16638
2276 60 51542 1 51931
2277 35 23273 1 23964
2278 42 53170 1 53317
2279 17 69166 1 69774
2280 59 28353 2 29011
2281 59 23703 7 23823
2282 9 54673 1 54813
2283 46 32950 3 33315
2284 36 6033 1 6417
2285 35 17768 1 18263
2286 40 38051 1 38471
2287 42 48655 4 48837
2288 8 39882 1 40353
2289 19 55370 1 55437
2290 8 69166 6 69471
2291 21 10820 2 11350
2292 26 72761 3 72913
2293 8 45305 6 45737
2294 60 57121 2 57749
2295 7 71107 3 71553
2296 59 19671 1 20217
2297 41 864 3 969
2298 60 2199 1 2555
2299 16 49819 4 50177
2300 28 22534 3 22611
2301 60 31168 3 31338
2302 40 21754 1 22733
2303 26 21302 1 21670
2304 17 8485 2 8789
2305 54 4297 1 4473
2306 26 72162 1 72761
2307 26 77215 1 77497
2308 55 35345 3 35748
2309 19 0 1 605
2310 59 67099 2 67755
2311 40 74195 1 74675
2312 26 864 1 2091
2313 26 60959 3 61378
2314 69 9336 3 9425
2315 14 68414 2 68671
2316 59 47588 1 48642
2317 26 56879 1 57274
2318 26 71107 4 71733
2319 46 39882 1 40419
2320 4 35345 4 35945
2321 11 9944 1 10342
2322 22 39086 3 39772
2323 21 10885 3 11282
2324 19 17580 1 18110
2325 19 73775 1 74223
2326 26 10885 1 11470
2327 58 14810 1 15456
2328 14 67099 3 67526
2329 26 18645 2 19572
2330 26 53864 1 53995
2331 31 22372 3 22748
2332 26 37801 1 38050
2333 53 83348 2 83436
2334 59 29318 1 30229
2335 35 44519 1 45320
2336 60 32192 2 32279
2337 26 35571 1 36324
2338 43 34119 2 34298
2339 36 60800 2 61065
2340 26 38 3 205
2341 19 74598 1 75122
2342 58 56879 3 57012
2343 53 57287 1 57860
2344 26 32950 1 33017
2345 14 73569 2 73955
2346 4 14810 7 15238
2347 34 8485 5 9133
2348 19 48506 1 49030
2349 6 1839 1 2035
2350 16 55758 3 55924
2351 59 6033 1 6450
2352 19 8339 1 9336
2353 59 14230 1 14854
2354 59 37003 1 37729
2355 26 79240 3 79481
2356 26 10820 1 10867
2357 8 67099 3 67575
2358 19 76482 1 76835
2359 35 11215 1 12390
2360 59 25111 5 25383
2361 14 37003 2 37364
2362 40 28353 1 28481
2363 40 3768 1 4253
2364 19 37729 3 37750
2365 56 58592 1 58990
2366 59 51916 1 53170
2367 14 25173 2 25303
2368 6 16388 1 16455
2369 26 2938 1 3210
2370 24 7468 2 7634
2371 31 54343 2 54876
2372 20 53864 3 54302
2373 26 13150 1 13721
2374 19 55758 1 56214
2375 59 72761 1 72954
2376 14 30430 1 30607
2377 35 22347 1 22609
2378 24 71107 3 71699
2379 1 42096 4 42596
2380 8 9944 5 10471
2381 57 22744 2 23087
2382 31 34119 3 34838
2383 59 1165 6 1304
2384 55 69595 5 69876
2385 35 69733 3 70128
2386 36 45937 3 46504
2387 55 42096 2 42469
2388 46 83793 1 84268
2389 20 58150 2 58238
2390 46 7468 2 7889
2391 8 19813 2 19896
2392 26 22372 1 22586
2393 8 49460 3 49537
2394 64 74195 1 74252
2395 42 69166 2 69191
2396 26 50390 2 50911
2397 26 81804 1 82472
2398 1 39882 1 40600
2399 40 39597 1 40071
2400 38 2199 2 2240
2401 69 30127 3 30797
2402 69 21777 5 22009
2403 60 44519 1 44862
2404 19 82469 3 83064
2405 40 37729 1 38051
2406 57 32565 3 32942
2407 69 17942 1 18071
2408 59 45144 1 45592
2409 69 60359 4 60652
2410 26 10820 1 10885
2411 60 36613 2 37157
2412 59 13150 5 13257
2413 33 17942 6 18081
2414 57 74195 1 74364
2415 26 5138 1 5158
2416 35 35807 1 36575
2417 60 6033 1 6489
2418 55 17988 4 18127
2419 20 3768 3 4396
2420 31 37003 2 37314
2421 40 73569 1 73857
2422 21 9584 1 10271
2423 19 32940 1 32972
2424 4 39882 2 40049
2425 48 53484 1 53973
2426 36 25919 1 26192
2427 19 69550 1 70321
2428 34 54343 5 55024
2429 26 53170 1 53748
2430 12 69595 1 69899
2431 56 13317 4 13481
2432 52 6033 1 6511
2433 40 68631 1 71358
2434 14 55615 7 56108
2435 59 50097 1 50304
2436 11 67902 1 68096
2437 64 75818 1 76496
2438 55 54343 1 54950
2439 45 48655 5 49364
2440 26 14634 2 15084
2441 59 51542 3 51916
2442 69 68007 1 68222
2443 64 23273 2 23678
2444 21 9944 6 10445
2445 59 80744 2 81483
2446 26 42192 2 42879
2447 60 25919 1 26357
2448 19 864 1 1402
2449 7 30518 3 31238
2450 42 23703 1 24250
2451 1 45191 1 45469
2452 26 22586 1 22777
2453 14 38094 3 38840
2454 19 49460 1 50097
2455 60 20821 1 21244
2456 8 83327 5 83962
2457 44 22372 2 22774
2458 44 34119 1 34222
2459 58 8427 4 8594
2460 69 63958 4 64043
2461 55 25919 3 26548
2462 26 11126 1 11310
2463 4 48642 1 49024
2464 44 32940 1 33677
2465 31 59476 3 59969
2466 35 79503 1 80325
2467 17 1402 1 2041
2468 26 57287 2 57330
2469 4 7468 3 7842
2470 20 74195 2 74408
2471 60 76074 1 76816
2472 59 22761 2 22988
2473 14 4297 4 4444
2474 32 39882 2 40073
2475 26 50451 1 51412
2476 26 83931 2 84145
2477 60 73775 2 74491
2478 26 13512 2 14230
2479 26 10933 1 11194
2480 60 0 2 59
2481 60 22372 1 22534
2482 59 35345 1 35969
2483 59 37460 2 37689
2484 69 49313 3 50025
2485 19 25919 3 26434
2486 64 77762 4 77890
2487 41 23273 3 23465
2488 17 22734 1 23443
2489 1 1402 5 1759
2490 4 53603 4 53723
2491 59 7468 1 7902
2492 4 58592 3 59134
2493 60 9336 3 9517
2494 42 12207 2 12882
2495 44 26434 2 26835
2496 3 10115 3 10427
2497 19 4239 4 4297
2498 26 2658 2 2938
2499 8 14810 1 15537
2500 26 29380 1 29686
2501 22 71107 2 71140
2502 14 54466 3 54884
2503 19 33526 1 34276
2504 56 50495 3 50620
2505 35 50950 1 51822
2506 1 5138 3 5769
2507 21 35807 5 35976
2508 26 30521 1 31044
2509 35 66567 1 67262
2510 26 55615 1 56357
2511 15 16388 4 16909
2512 26 51542 4 51861
2513 64 69724 3 70069
2514 35 37801 2 38492
2515 59 9336 3 9438
2516 69 1402 3 1622
2517 19 29380 1 29614
2518 35 72431 2 72530
2519 55 16535 6 16785
2520 40 864 2 1456
2521 14 864 2 1053
2522 11 13512 6 14068
2523 59 13317 6 13965
2524 18 54673 2 54997
2525 46 42192 4 42887
2526 6 59082 3 59160
2527 57 864 1 1491
2528 22 28481 3 28805
2529 25 58150 1 58664
2530 4 42096 3 42325
2531 40 32907 1 33883
2532 56 8427 2 8571
2533 20 68631 2 69046
2534 19 55615 1 55758
2535 59 80190 4 80744
2536 52 80266 1 80555
2537 59 35969 3 36613
2538 42 22744 1 23009
2539 44 30518 2 31112
2540 19 4768 3 5249
2541 17 53484 2 54060
2542 19 34591 1 34653
2543 3 62502 1 62813
2544 17 33526 2 33635
2545 26 62502 1 63083
2546 60 53170 2 53350
2547 19 37460 2 37503
2548 35 16002 1 16800
 调度评估结果
1. 任务等待评估 (Σ 等待×权重): 825287136
2. 任务完成评估 (最大完成时间): 84732
3. GPU显存空闲评估 (平均空闲): 13774.78 GB/时间片
 额外统计
已调度任务               : 2548/2548
平均等待时间            : 31903.34
各服务器任务分布      : 服务器1=52, 服务器2=6, 服务器3=32, 服务器4=69, 服务器5=7, 服务器6=38, 服务器7=21, 服务器8=58, 服务器9=12, 服务器10=5, 服务器11=28, 服务器12=10, 服务器13=6, 服务器14=93, 服务器15=12, 服务器16=16, 服务器17=56, 服务器18=2, 服务器19=157, 服务器20=36, 服务器21=45, 服务器22=29, 服务器23=5, 服务器24=36, 服务器25=31, 服务器26=342, 服务器27=7, 服务器28=6, 服务器29=6, 服务器30=11, 服务器31=43, 服务器32=1, 服务器33=16, 服务器34=6, 服务器35=147, 服务器36=31, 服务器37=7, 服务器38=7, 服务器40=92, 服务器41=15, 服务器42=98, 服务器43=25, 服务器44=31, 服务器45=19, 服务器46=40, 服务器47=14, 服务器48=7, 服务器49=14, 服务器50=2, 服务器51=20, 服务器52=31, 服务器53=16, 服务器54=7, 服务器55=32, 服务器56=36, 服务器57=14, 服务器58=16, 服务器59=222, 服务器60=119, 服务器61=20, 服务器62=9, 服务器63=5, 服务器64=22, 服务器65=1, 服务器66=3, 服务器67=7, 服务器68=33, 服务器69=86
