1 9 10241 1 10706
2 6 10806 1 11098
3 1 4856 3 5092
4 6 11474 5 11747
5 5 3183 3 3204
6 2 11200 1 11795
7 10 5171 1 5379
8 7 2188 1 2804
9 2 8922 1 8965
10 1 9357 2 9881
11 5 3248 4 3834
12 11 6542 1 6673
13 9 9493 1 9836
14 1 8881 1 9305
15 2 11956 1 12438
16 6 1418 1 1933
17 1 7509 1 7669
18 11 6418 4 6477
19 1 10052 3 10258
20 2 4482 2 4779
21 7 8606 1 9166
22 1 11474 2 11516
23 9 877 2 1197
24 9 4721 4 5261
25 7 4951 3 4961
26 9 4408 4 4540
27 7 2844 2 3398
28 6 3244 3 3562
29 7 2093 4 2171
30 7 417 3 587
31 11 6092 1 6362
32 7 11564 2 11743
33 7 10196 1 10736
34 1 3195 1 4294
35 7 7808 1 8105
36 6 11200 2 11831
37 2 4121 1 4628
38 9 1928 5 2473
39 2 11659 1 12275
40 7 4769 3 5331
41 4 5533 1 6115
42 6 10417 4 10806
43 6 2393 4 2487
44 6 1079 3 1726
45 1 8717 1 8830
46 1 2015 1 2638
47 6 8351 2 8921
48 7 9205 4 9731
49 6 5204 1 5438
50 5 9744 4 10101
51 9 6610 2 6725
52 2 9031 1 9138
53 1 2128 3 2392
54 7 8944 3 9079
55 6 11200 1 11323
56 7 1346 3 1752
57 6 5056 3 5184
58 1 9309 1 9785
59 11 10191 1 10490
60 7 1301 2 1434
61 11 591 2 739
62 2 1476 1 1736
63 7 5407 1 5838
64 6 2827 1 3328
65 6 11200 5 11474
66 7 731 1 1208
67 6 3936 1 4723
68 9 8967 1 9172
69 4 6711 4 6931
70 11 8641 2 8685
71 3 2268 1 2607
72 4 6128 1 6507
73 6 886 1 975
74 1 1972 3 2103
75 1 9314 3 9862
76 11 8699 1 8713
77 9 997 3 1384
78 9 11286 2 11527
79 7 3679 2 4289
80 1 7844 2 9265
81 2 9155 1 9937
82 9 6459 3 6500
83 6 11961 3 12292
84 6 5500 3 5510
85 7 11474 2 11495
86 11 7644 2 8152
87 6 1234 3 1626
88 6 3479 2 3959
89 9 11200 4 11357
90 2 453 1 1159
91 4 7062 3 7506
92 5 11200 4 11273
93 1 10191 1 10736
94 3 882 1 1083
95 6 8370 1 8509
96 6 10806 5 11200
97 3 8893 1 9212
98 1 10819 1 10942
99 7 4289 2 4510
100 1 747 2 1048
101 8 4354 1 4782
102 6 1475 3 2019
103 6 11968 2 11989
104 2 10216 1 10542
105 2 5914 1 6513
106 4 501 4 1051
107 6 9135 1 9883
108 6 11764 1 11865
109 7 658 2 1041
110 1 8235 2 8486
111 9 6424 2 6892
112 9 8822 1 9340
113 6 2415 3 2962
114 11 5111 1 5246
115 1 815 2 1128
116 4 9590 2 9856
117 6 9164 2 9621
118 2 7745 2 8092
119 6 4024 2 4409
120 2 1426 2 1440
121 3 10497 1 10579
122 11 7036 5 7617
123 11 9024 1 9521
124 9 5407 1 5476
125 9 8174 4 8540
126 9 1238 1 1619
127 6 8594 3 9112
128 1 9788 1 10191
129 3 5000 1 5513
130 1 10736 1 11103
131 2 7490 2 7618
132 1 1645 1 2010
133 7 11474 1 13785
134 8 9800 3 10410
135 1 4932 1 5163
136 9 8210 4 8399
137 9 8153 2 8322
138 7 1567 2 2166
139 9 5305 3 5918
140 2 8810 2 8922
141 6 5184 2 5712
142 9 7940 1 8203
143 2 2887 1 3466
 调度评估结果
1. 任务等待评估 (Σ 等待×权重): 23595
2. 任务完成评估 (最大完成时间): 13785
3. GPU显存空闲评估 (平均空闲): 2761.14 GB/时间片
 额外统计
已调度任务               : 143/143
平均等待时间            : 22.94
各服务器任务分布      : 服务器1=23, 服务器2=17, 服务器3=5, 服务器4=6, 服务器5=4, 服务器6=31, 服务器7=22, 服务器8=2, 服务器9=21, 服务器10=1, 服务器11=11
