1 3 7746 1 8075
2 23 7746 2 8445
3 3 1428 4 2349
4 2 1047 4 1764
5 13 3844 5 4416
6 3 6560 4 6809
7 1 9807 3 10286
8 6 11090 1 11427
9 3 9555 1 10200
10 5 9175 1 9289
11 19 0 1 142
12 21 6560 1 6737
13 9 10800 8 11497
14 19 6324 2 6741
15 18 11835 1 12212
16 19 10053 2 10076
17 3 6057 3 6517
18 1 10800 2 11135
19 5 3649 1 4407
20 3 12365 1 12704
21 23 9175 1 9913
22 19 6560 1 7243
23 6 3649 2 3950
24 2 2493 1 3079
25 2 4654 1 6325
26 6 1047 1 1284
27 19 1428 1 2003
28 12 4654 1 5097
29 22 591 3 1126
30 1 3898 2 4072
31 23 1047 2 1571
32 3 3844 4 4203
33 10 1428 4 1568
34 1 6324 2 6760
35 23 10800 1 11675
36 17 8750 5 9418
37 3 4203 8 4494
38 20 10286 3 10719
39 3 8075 3 8665
40 2 10053 1 10737
41 5 11835 2 12290
42 3 9555 3 10800
43 2 3649 3 4358
44 1 0 3 376
45 13 9175 3 9714
46 3 7207 1 7746
47 1 6760 1 7323
48 16 5389 3 5444
49 17 6324 2 6603
50 14 11835 2 11935
51 1 1764 2 2123
52 6 9175 3 9688
53 23 5389 7 5551
54 3 1296 1 1428
55 6 4654 4 5137
56 2 6446 5 6984
57 22 10286 3 10670
58 21 10200 1 10554
59 23 2156 2 2887
60 6 2156 1 2644
61 1 4494 3 4880
62 3 4654 1 5175
63 19 2493 5 2871
64 8 1047 3 1534
65 23 683 2 763
66 12 6057 2 6187
67 8 11090 4 11540
68 1 2463 5 3127
69 1 1047 2 1782
70 3 3898 3 4134
71 6 6325 2 7057
72 3 0 3 349
73 3 0 1 489
74 12 1047 1 1715
75 5 9807 1 9877
76 11 8750 1 9348
77 11 1428 1 1474
78 4 9175 1 9778
79 2 4494 1 4654
80 3 8075 4 8750
81 5 1047 1 1664
82 3 1047 1 1296
83 3 4654 1 5245
84 23 0 1 683
85 4 4203 1 4488
86 14 10286 2 10590
87 5 7746 2 7877
88 5 6324 1 6522
89 16 11090 3 11768
90 19 10286 1 10366
91 2 7746 5 8113
92 11 4203 1 4260
93 18 6560 3 6942
94 7 2493 3 2788
95 24 5847 1 6424
96 3 489 2 1047
97 1 9175 1 9807
98 1 11835 1 12569
99 16 0 3 48
100 1 6324 2 6441
101 6 0 1 548
102 3 10800 7 11125
103 2 591 1 952
104 13 10200 5 10560
105 19 9807 1 10302
106 2 1764 3 2493
107 23 3649 4 3861
108 2 9807 4 10053
109 8 8075 3 8793
110 10 4654 1 5315
111 14 9175 3 9869
112 1 4291 3 4380
113 11 6324 4 6419
114 15 4654 3 5352
115 3 11835 1 12124
116 2 6325 2 6446
117 5 8113 2 8233
118 13 9807 5 9985
119 19 9175 1 9750
120 12 2463 2 3048
121 5 4494 1 5033
122 8 6324 2 6472
123 2 11090 1 12559
124 17 0 5 285
125 3 2463 1 2935
126 23 5063 2 5389
127 23 6324 2 6574
128 1 3844 1 4291
129 13 1428 2 1580
130 10 11090 1 11713
131 12 11427 2 12030
132 3 4203 1 4315
133 19 9807 3 9836
134 2 3898 2 3987
135 14 5063 2 5243
136 3 5500 4 5847
137 3 2463 4 3094
138 5 9175 1 9896
139 19 11090 1 11474
140 22 4494 2 5096
141 6 11090 1 11159
142 21 4654 3 4996
143 8 6560 3 6854
144 11 0 2 357
145 3 11090 1 11119
146 2 9175 3 9896
147 23 6057 2 6324
148 1 7746 1 8129
149 12 5389 2 5875
150 8 1764 4 2355
151 3 4494 2 4677
152 1 4880 1 5328
153 3 5389 4 5500
154 4 2463 1 3081
155 5 2463 2 2769
156 5 6517 1 6674
157 3 9175 2 9555
158 3 11835 1 12365
159 3 10800 1 11090
160 23 6324 2 6984
161 3 3649 1 4015
162 1 1047 2 1748
163 1 7746 1 8101
164 2 3844 1 4084
165 20 6560 2 7255
166 5 1047 1 1564
167 2 8113 4 8821
168 3 11835 1 13029
169 19 1428 2 1943
170 23 9555 1 10292
171 16 6324 2 6618
172 12 7746 1 9935
173 18 0 1 166
174 23 11090 1 11771
175 19 6324 1 6401
176 2 0 5 591
177 13 4654 4 4878
178 9 10053 8 10544
179 2 10800 3 11254
180 23 12204 1 14374
181 3 11125 2 11835
182 3 5389 2 6057
183 19 7746 3 8412
184 23 11835 1 12204
185 3 8750 1 8999
186 8 4203 3 4490
187 18 11090 3 11369
188 5 3649 1 3882
189 17 2156 1 2298
190 3 349 1 442
191 3 10200 2 10728
192 8 7746 2 7994
193 1 9175 1 9601
194 13 2463 3 2826
195 2 10200 5 10873
196 23 6760 1 7422
197 1 489 3 731
198 1 4880 2 5277
199 3 5847 1 5893
200 24 8750 1 8937
201 1 10286 1 10612
202 5 0 2 967
203 3 6809 1 7207
204 23 10053 3 10352
205 1 6560 1 6625
206 6 11427 3 12155
207 4 1428 1 1639
208 3 489 2 736
209 13 12290 1 12473
210 22 5389 4 5511
211 12 1047 1 1652
212 12 6324 1 7072
213 13 6517 3 6721
214 8 11835 3 12064
215 2 10053 1 10078
216 7 6324 1 7002
217 2 5389 2 5439
218 23 349 4 513
219 1 10286 3 10341
220 5 10053 1 11377
221 20 11090 2 11120
222 3 4677 1 5481
223 22 2463 6 2899
224 20 4494 3 4901
225 5 5033 1 5442
226 8 9175 2 9509
227 14 7746 2 7803
228 22 5063 2 5117
229 5 12290 2 12762
230 23 7207 3 7575
231 2 10800 1 11446
232 20 683 2 1179
233 23 4494 1 4913
234 23 11427 1 12063
235 3 8075 1 9175
236 11 5847 5 6216
237 16 9175 4 9647
238 17 11835 7 12159
239 5 6324 2 6960
240 11 2463 1 2869
241 12 0 2 95
242 6 9175 2 9614
243 17 2463 1 2971
244 22 9175 1 9858
245 1 8750 3 9163
246 23 10800 1 11363
247 17 6324 1 6637
248 16 3649 3 4071
249 2 4203 2 4369
250 24 0 1 732
251 8 2463 2 2678
252 3 1764 1 2463
253 11 10053 6 10114
254 23 8113 2 8772
255 11 6560 1 8028
256 8 0 3 175
257 11 5033 1 5075
258 3 3649 7 3844
259 6 1296 3 1621
260 2 11835 1 12171
261 17 3649 1 3902
262 6 7746 2 7820
263 13 4654 1 5090
264 11 3649 2 4185
265 23 1428 1 2156
266 3 3844 1 3898
267 22 4494 2 4574
268 23 4203 1 5063
269 21 1428 1 1882
270 11 5389 1 5475
271 3 6517 4 6560
272 3 2463 1 3649
 调度评估结果
1. 任务等待评估 (Σ 等待×权重): 4370977
2. 任务完成评估 (最大完成时间): 14374
3. GPU显存空闲评估 (平均空闲): 5135.69 GB/时间片
 额外统计
已调度任务               : 272/272
平均等待时间            : 1638.91
各服务器任务分布      : 服务器1=26, 服务器2=25, 服务器3=49, 服务器4=4, 服务器5=19, 服务器6=13, 服务器7=2, 服务器8=12, 服务器9=2, 服务器10=3, 服务器11=12, 服务器12=10, 服务器13=10, 服务器14=5, 服务器15=1, 服务器16=6, 服务器17=8, 服务器18=4, 服务器19=14, 服务器20=5, 服务器21=4, 服务器22=8, 服务器23=27, 服务器24=3
