1 45 8084 2 8670
2 44 922 4 1461
3 20 11701 1 11750
4 31 4729 1 5206
5 44 1630 4 2001
6 7 11150 4 11535
7 27 1656 1 2119
8 4 8340 1 8670
9 7 11186 4 11542
10 17 7857 3 8400
11 29 6761 5 7174
12 4 10465 1 10624
13 4 2296 7 2589
14 1 6761 8 7225
15 22 1630 1 2300
16 42 6761 5 7240
17 7 6851 4 7315
18 4 12634 1 12675
19 17 11637 3 12109
20 4 2589 1 2670
21 7 12201 1 12837
22 14 5368 1 5624
23 42 11331 5 11376
24 12 11035 3 11419
25 32 2702 1 2716
26 44 6859 3 6876
27 11 5950 3 6319
28 20 1072 1 1234
29 31 11150 1 11443
30 3 7442 3 7743
31 7 1630 1 2069
32 17 12807 1 12855
33 13 8464 1 8746
34 41 151 1 758
35 23 10627 2 10755
36 23 3395 1 3531
37 24 5986 1 6283
38 27 6902 3 7512
39 4 5950 2 6309
40 40 82 4 706
41 22 2148 2 2331
42 20 7794 1 7942
43 23 1893 1 2089
44 14 2148 2 2184
45 11 8018 2 8651
46 36 10793 4 11143
47 5 6851 1 6872
48 33 8018 1 8601
49 40 967 4 1148
50 39 5621 5 5715
51 35 7579 2 8079
52 22 9268 1 9830
53 37 11331 3 11519
54 3 2153 1 2206
55 7 5359 8 5695
56 33 8888 1 9272
57 22 9650 1 9722
58 32 10921 2 11247
59 6 7579 1 7741
60 13 7318 3 7468
61 26 2916 4 3046
62 5 10064 2 10539
63 17 4433 1 5129
64 37 9966 2 10302
65 3 2148 5 2636
66 4 12963 2 13285
67 7 2148 2 2702
68 23 7294 4 7413
69 8 6493 1 6864
70 4 10064 2 10364
71 20 5359 2 5986
72 24 10064 6 10401
73 33 283 2 688
74 28 256 5 629
75 32 10364 2 10781
76 3 11331 5 11662
77 6 9399 1 9797
78 3 7021 1 7323
79 27 4729 2 5227
80 44 11186 2 11299
81 29 10465 7 10707
82 36 133 2 177
83 27 11629 4 12142
84 13 3395 4 3945
85 23 8464 1 8728
86 17 1805 1 2118
87 4 9044 1 9223
88 7 8464 3 8973
89 24 6761 1 7289
90 22 10182 2 10583
91 34 4729 2 5293
92 14 3395 3 3830
93 26 4729 2 5316
94 39 8464 1 8801
95 7 11604 2 12070
96 37 7294 2 7819
97 33 10695 1 10937
98 37 10627 1 11024
99 28 6156 1 6601
100 23 482 2 764
101 14 5986 1 6625
102 23 933 1 1114
103 36 12417 3 12895
104 7 8888 1 9488
105 23 8018 2 8309
106 24 2184 6 2424
107 7 3395 2 3692
108 18 8464 1 8589
109 45 5621 1 5683
110 11 11701 2 12328
111 42 9650 4 9831
112 2 6902 1 7540
113 23 3123 1 3624
114 45 12044 1 12189
115 20 11150 1 11664
116 40 2702 1 2985
117 20 2441 1 2742
118 8 6156 2 6512
119 8 12874 3 13099
120 40 12417 3 12509
121 8 9210 1 9854
122 23 10921 5 11433
123 22 12807 1 13446
124 4 860 2 1328
125 3 11604 1 12139
126 27 8464 1 8883
127 22 374 1 403
128 15 1893 1 2144
129 13 11150 1 11457
130 39 3123 4 3643
131 17 91 1 292
132 35 8919 2 9448
133 17 7794 3 8046
134 25 2914 7 3210
135 18 4433 3 4870
136 20 114 4 756
137 20 2914 1 3196
138 40 12953 2 13302
139 17 7579 2 7857
140 32 12044 1 12572
141 22 6590 1 7891
142 31 8888 1 9349
143 5 8340 1 8569
144 20 7579 1 8340
145 31 5368 1 5571
146 39 13285 3 13595
147 20 1630 1 2199
148 40 6493 4 6803
149 22 10695 2 11096
150 7 13039 2 13113
151 36 3788 2 3919
152 45 13285 4 13748
153 45 2693 1 4828
154 42 4433 1 4759
155 37 5986 1 6094
156 39 629 1 689
157 39 12300 2 12567
158 11 6493 5 6971
159 14 7579 1 8186
160 26 5621 2 5983
161 22 8084 1 8949
162 23 9268 1 9650
163 22 4055 1 5295
164 42 10695 2 11265
165 5 11604 1 11729
166 17 10064 2 10284
167 4 10364 3 11007
168 11 4433 3 4748
169 11 12438 2 12540
170 40 6851 1 7386
171 41 11629 1 11790
172 39 10921 2 11331
173 40 8888 3 8922
174 39 8084 5 8513
175 32 9966 2 10350
176 27 6761 5 6877
177 23 9966 2 10361
178 42 13285 1 13873
179 20 4729 3 4759
180 33 11035 5 11289
181 12 12807 1 13202
182 6 12438 2 13022
183 25 7794 2 8235
184 33 3973 2 4390
185 22 617 1 1044
186 40 10627 3 10887
187 41 6808 2 7116
188 41 10064 1 10569
189 40 11604 2 12156
190 16 4729 2 4783
191 3 8013 1 8105
192 33 3395 2 3540
193 23 5359 4 5808
194 28 8084 4 8553
195 11 2914 3 3257
196 23 10182 5 10793
197 14 2184 1 2447
198 2 6859 2 6918
199 39 12953 1 13263
200 22 794 2 836
201 42 3395 1 3557
202 20 6156 1 6662
203 14 4433 1 4550
204 34 5657 1 6026
205 23 13039 2 13136
206 8 12807 1 13276
207 10 3788 6 4127
208 39 12009 2 12189
209 10 1630 6 2250
210 24 12438 3 12511
211 20 10064 2 10706
212 20 13285 2 13687
213 1 10921 2 11031
214 32 12044 1 12667
215 15 6761 1 6851
216 22 3973 2 4433
217 8 5359 5 5910
218 4 2881 3 3395
219 6 12438 1 12539
220 23 9273 2 9457
221 20 5986 1 6156
222 45 775 3 1553
223 23 2916 1 3788
224 34 11150 2 11521
225 23 5359 1 5454
226 17 8464 1 9347
227 23 9028 1 9047
228 17 4055 1 4293
229 14 6493 3 6955
230 42 10695 1 11303
231 29 6761 1 7008
232 25 11604 2 11845
233 12 8464 1 8577
234 26 5986 3 6298
235 5 10182 1 10565
236 20 12807 1 13179
237 29 6493 3 6726
238 32 776 1 903
239 20 2629 1 2862
240 14 3395 2 4018
241 22 2441 1 2458
242 32 8340 1 8733
243 3 11150 5 11323
244 4 11701 1 11795
245 11 10182 1 10716
246 15 11604 1 11931
247 39 12417 2 12884
248 17 12874 1 13268
249 8 12044 5 12271
250 24 8888 2 9325
251 23 10465 3 10695
252 22 5923 1 6263
253 12 8084 3 8239
254 8 9044 4 9375
255 7 8888 2 9023
256 31 1630 3 2259
257 33 2148 1 2428
258 22 11629 1 11951
259 15 2148 1 3436
260 23 8013 3 8379
261 20 1020 1 1115
262 5 13039 3 13663
263 29 4729 2 4947
264 4 10695 4 10713
265 22 6493 2 6569
266 17 6761 1 7692
267 7 10695 1 11050
268 39 11701 1 12248
269 40 12874 3 12930
270 23 12953 1 13601
271 28 11604 5 11902
272 4 6859 1 6907
273 36 12953 4 13420
274 1 8888 7 9204
275 33 60 1 279
276 36 8013 2 8616
277 14 4729 2 5233
278 7 4729 1 5359
279 23 2148 1 2881
280 7 9650 3 10092
281 22 10627 2 11056
282 37 6493 2 6666
283 18 12634 5 13123
284 23 3788 5 4055
285 39 4055 1 4444
286 7 8464 4 8478
287 7 11701 2 12255
288 23 6493 1 6902
289 22 12538 2 12741
290 24 11035 2 11193
291 6 7165 3 7318
292 6 10695 1 10959
293 8 12201 1 12659
294 26 7294 1 7702
295 23 13039 2 13152
296 27 2153 3 2794
297 12 6808 2 6904
298 39 12807 2 13229
299 17 6761 2 6841
300 42 12438 1 13067
301 34 6156 1 7316
302 15 12417 1 13039
303 4 4564 3 4612
304 20 6808 1 7442
305 29 3123 2 3488
306 41 11629 1 11647
307 23 8867 2 9028
308 3 4433 5 4460
309 17 6902 1 7415
310 29 6156 1 6603
311 32 8340 2 8631
312 23 2691 1 2916
313 3 12417 1 12671
314 22 8084 1 8374
315 3 12081 1 12522
316 28 1893 2 2350
317 22 12538 1 12953
318 44 12044 1 12114
319 4 9650 1 9969
320 27 861 2 1237
321 25 5359 3 5962
322 27 149 1 796
323 40 6859 1 6894
324 17 5986 1 6574
325 4 4433 2 4812
326 4 3395 7 3975
327 39 2441 6 2939
328 37 11604 1 11723
329 11 8949 2 9040
330 17 8084 4 8464
331 7 8974 2 9369
332 23 11331 1 12067
333 37 2914 2 3300
334 13 440 1 564
335 25 11150 2 11196
336 41 1893 2 2415
337 23 2061 1 2128
338 15 13039 2 13621
339 12 6156 3 6764
340 4 2629 1 3234
341 8 9399 3 9622
342 17 2914 1 3386
343 11 1630 1 1674
344 24 8013 7 8070
345 7 10695 2 11186
346 4 2827 1 2837
347 45 1630 4 2101
348 4 7141 1 8362
349 17 708 5 1116
350 14 12634 2 12670
351 45 11604 3 12044
352 15 6156 1 6266
353 17 10413 3 11035
354 23 1893 2 2026
355 30 10627 1 11038
356 5 219 1 540
357 22 617 1 665
358 22 3123 2 3299
359 37 6761 3 7100
360 10 12953 1 13110
361 22 6662 1 6701
362 17 8974 1 9399
363 27 8464 1 8718
364 23 2148 1 2553
365 45 10413 3 11054
366 27 116 3 258
367 5 12044 1 12395
368 32 184 1 696
369 20 6156 1 6642
370 23 6902 3 7294
371 13 733 2 1012
372 22 499 1 617
373 39 2447 3 2968
374 23 414 2 628
375 42 617 2 890
376 20 12201 1 12805
377 12 423 2 999
378 27 2914 1 3344
379 14 4550 1 4729
380 27 7579 5 7824
381 37 8464 1 8816
382 40 5986 2 6171
383 8 5359 1 5592
384 28 8099 2 8720
385 12 3788 3 3893
386 22 5359 2 5867
387 33 4564 2 4918
388 33 10413 6 10607
389 14 10465 3 10923
390 34 4433 2 4699
391 28 8888 5 9042
392 39 221 3 620
393 40 4729 1 4791
394 15 6156 2 6600
395 15 5359 1 6001
396 23 8340 5 8379
397 31 8340 3 8574
398 42 863 1 891
399 40 8340 1 8429
400 37 12201 2 12764
401 41 4055 1 4066
402 27 10182 2 10280
403 6 6902 1 7027
404 4 8464 2 9044
405 14 7021 2 7314
406 22 3123 1 3788
407 6 12807 2 13406
408 42 767 5 777
409 45 12807 2 12904
410 20 3788 4 3996
411 26 12300 2 12499
412 40 8464 3 8785
413 12 8888 1 9479
414 1 6902 1 7141
415 14 7021 2 7170
416 45 10182 1 10398
417 25 55 1 374
418 22 3395 1 3730
419 17 12807 1 13751
420 44 6859 2 7072
421 39 5986 4 6243
422 23 2184 2 2691
423 34 2184 2 3746
424 20 11604 1 12046
425 27 5359 5 5700
426 37 4433 2 4561
427 17 3973 5 4427
428 26 12044 2 12496
429 11 5359 1 5380
430 15 8464 1 8888
431 4 7442 3 7794
432 23 5359 1 5793
433 4 983 1 1630
434 36 6761 3 7335
435 27 811 3 1293
436 41 10627 3 11142
437 23 1630 3 2148
438 40 764 4 956
439 4 7794 3 8099
440 23 3395 2 3798
441 8 12417 3 12808
442 23 10695 1 11062
443 45 6761 1 7261
444 7 7315 1 7381
445 4 9273 1 9839
446 8 10064 2 10468
447 25 4055 1 4278
448 37 11629 2 11817
449 36 831 2 1263
450 15 10064 1 10171
451 41 12044 2 12297
452 33 12807 4 13034
453 7 7794 2 8106
454 23 12953 2 13480
455 23 5808 1 6590
456 22 848 3 1072
457 29 1893 8 1986
458 40 9028 1 9411
459 39 6808 2 7425
460 17 2524 1 3292
461 23 7442 1 7508
462 5 617 3 641
463 36 1630 2 1755
464 42 8340 4 8750
465 15 10182 1 10823
466 37 11035 1 11203
467 34 456 1 2089
468 37 12044 1 12564
469 4 11795 1 12081
470 22 1072 1 1669
471 20 13570 1 14376
472 17 119 3 171
473 4 10413 3 11627
474 42 12044 1 12414
475 7 12300 1 12379
476 17 489 1 612
477 40 5621 4 5770
478 41 12953 3 13124
479 14 13570 4 13859
480 22 2458 1 2840
481 24 11701 2 12063
482 4 10064 2 10234
483 5 1630 2 1953
484 37 10695 2 11213
485 42 617 4 767
486 4 12807 1 12963
487 11 2061 4 2198
488 21 4729 2 5196
489 27 10064 1 10386
490 41 5359 3 5890
491 28 11035 3 11472
492 4 9650 2 9937
493 12 10364 4 10819
494 8 9966 1 9987
495 18 8099 1 8652
496 41 617 2 978
497 17 4433 2 4833
498 20 2589 2 2629
499 17 1630 1 2061
500 23 2881 2 2914
501 39 723 2 1080
502 33 12044 3 12245
503 40 11035 1 11268
504 4 5359 2 5950
505 8 6902 1 7164
506 17 2148 1 2452
507 14 848 1 1498
508 4 13285 1 13691
509 41 11150 3 11228
510 6 1630 5 2116
511 41 12081 1 12504
512 6 7318 4 7842
513 20 9966 4 10064
514 20 7442 2 7579
515 7 868 6 1037
516 22 9966 2 9997
517 23 6590 4 7141
518 20 10465 2 11070
519 27 10695 5 11316
520 22 12634 1 12924
521 29 13039 5 13594
522 17 617 1 1113
523 23 12438 6 12874
524 22 1893 1 2282
525 26 11041 4 11106
526 17 6493 2 6665
527 23 8974 1 9112
528 33 5621 5 5741
529 2 4729 1 5283
530 22 6493 1 7022
531 32 4729 1 4770
532 45 6902 5 7033
533 16 11041 2 11306
534 23 394 1 683
535 39 4055 4 4503
536 23 7509 1 8013
537 34 11035 2 11577
538 23 5621 1 5891
539 41 1020 3 1207
540 18 8340 3 8572
541 21 8888 3 9055
542 34 932 1 1310
543 37 12009 1 12021
544 24 2458 3 3073
545 14 4729 1 5368
546 7 9273 1 9787
547 23 12201 4 12641
548 34 8013 1 8589
549 43 6590 6 6716
550 3 12009 1 12363
551 29 10921 1 11510
552 18 6902 1 7130
553 14 11130 1 11708
554 8 4729 2 5268
555 17 12109 3 12804
556 21 11150 1 11628
557 7 12874 2 13009
558 14 4055 3 4117
559 36 3973 3 4293
560 26 10064 2 10463
561 15 11041 2 11296
562 33 6761 3 7240
563 4 929 1 975
564 41 9273 1 9604
565 28 12963 1 13402
566 23 8464 3 8867
567 29 7141 2 7172
568 36 12009 2 12046
569 41 13285 3 13796
570 15 967 1 1770
571 34 3973 1 4153
572 7 10182 4 10411
573 20 12417 2 12807
574 4 11331 1 11684
575 23 4641 2 5076
576 10 2914 6 3363
577 8 2153 6 2192
578 39 462 3 941
579 15 10465 1 10909
580 41 401 1 584
581 5 11604 1 12114
582 41 2702 1 3043
583 36 7794 2 7912
584 14 8186 1 8919
585 10 852 1 1138
586 22 10064 1 10627
587 4 4055 1 4703
588 6 12044 3 12179
589 40 4055 1 4359
590 17 8464 1 8633
591 28 3123 6 3668
592 39 7509 1 7541
593 15 13570 2 13844
594 27 12044 2 12062
595 31 778 3 946
596 7 12009 2 12453
597 33 11604 3 11779
598 39 9268 1 9756
599 5 6902 2 7147
600 45 10182 3 10345
601 7 6851 1 6907
602 37 4564 1 4947
603 22 11150 1 11629
604 23 13285 1 13885
605 4 84 4 629
606 5 12963 1 13039
607 6 2881 3 3379
608 7 907 1 1141
609 22 1630 1 1893
610 23 11130 1 11604
611 25 530 1 656
612 23 5923 1 6279
613 34 2153 1 2180
614 28 10413 3 10914
615 11 13570 1 13587
616 17 213 4 441
617 5 4641 3 4857
618 22 6902 1 7414
619 13 11637 4 12147
620 23 1630 1 1839
621 23 1656 1 1872
622 20 8982 1 9601
623 23 11604 3 12201
624 44 10921 5 11025
625 4 11041 4 11237
626 11 3395 2 3572
627 4 12081 2 12634
628 2 7021 2 7415
629 23 7141 1 7509
630 23 7509 2 7563
631 39 12807 2 13352
632 31 10182 1 10691
633 11 11041 3 11598
634 41 8340 2 8770
635 26 11604 1 11648
636 23 4055 5 4564
637 8 5986 4 6413
638 32 8888 2 9261
639 23 2553 1 2767
640 33 1630 2 1973
641 4 6662 1 6859
642 21 283 1 420
643 34 11035 1 11052
644 27 9044 1 9373
645 11 7294 4 7570
646 37 5359 1 5824
647 18 11629 2 11911
648 15 7021 1 7243
649 8 6761 1 7313
650 4 8099 4 8434
651 42 10064 1 10433
652 25 6761 2 7239
653 40 2061 4 2554
654 6 2184 2 2441
655 6 10695 2 11041
656 26 10182 3 10318
657 27 9273 1 9438
658 22 11951 1 12009
659 39 10413 5 10804
660 6 12538 2 12679
661 6 11041 3 11463
662 6 11701 3 12017
663 15 4055 1 5031
664 4 182 1 876
665 27 11629 1 11760
666 26 1893 1 1941
667 42 6590 4 7039
668 23 10793 5 11238
669 45 12953 6 13144
670 26 6761 4 7196
671 6 2184 1 2737
672 31 5621 2 6171
673 36 2691 1 3181
674 23 11331 1 12229
675 32 5359 2 5656
676 41 8186 3 8206
677 20 1805 2 2554
678 14 5950 1 6334
679 23 3973 1 4597
680 23 8340 2 8974
681 4 6493 1 7044
682 8 12634 2 13045
683 11 13039 1 13147
684 31 9044 2 9345
685 20 5359 1 5670
686 3 11604 2 11864
687 33 5359 1 5477
688 39 13570 3 13592
689 22 2061 1 2361
690 4 9966 5 10272
691 11 10182 2 10315
692 14 12009 3 12228
693 22 2881 1 3368
694 22 9268 1 9611
695 32 1630 1 2100
696 43 2629 1 3188
697 7 1630 1 2050
698 40 9966 1 10363
699 25 12538 2 13039
700 23 12201 1 12438
701 31 11035 1 11108
702 23 4564 1 5621
703 23 4564 6 4641
704 42 6156 6 6512
705 27 1805 2 2151
706 6 9273 2 9784
707 23 10182 1 10596
708 45 2441 1 2693
709 41 8867 1 9271
710 20 10921 1 11477
711 45 2061 2 2482
712 36 8888 3 9054
713 42 1630 3 1746
714 23 10695 1 11248
715 28 12044 4 12365
716 12 2447 3 2777
717 45 5359 1 5415
718 14 1630 2 2078
719 18 11331 2 11605
720 42 2441 1 2835
721 34 8888 1 9229
722 36 10064 2 10325
723 23 8464 1 8610
724 22 2441 1 3123
725 29 5986 1 6446
726 37 4729 2 5325
727 42 9966 1 10606
728 42 9044 1 9528
729 20 8013 1 8410
730 23 12874 1 13039
731 17 10064 3 10512
732 14 9966 5 10464
733 15 11701 1 11844
734 37 1630 1 2274
735 8 5621 1 6098
736 32 4564 1 4667
737 18 2881 5 3182
738 15 8013 1 8054
739 24 8340 1 8659
740 24 12874 5 13459
741 6 7141 2 7165
742 20 13039 2 13368
743 18 11186 1 11523
744 3 7857 5 8160
745 12 2916 3 3410
746 17 9650 2 9818
747 4 11629 1 11701
748 20 8340 1 8981
749 23 9047 1 9481
750 3 11604 2 12135
751 34 13029 1 13447
752 7 2061 5 2513
753 28 8888 1 8908
754 7 12417 4 12752
755 12 1630 1 2270
756 42 9966 4 10571
757 22 9650 1 9898
758 27 7315 4 7749
759 39 4564 5 5082
760 17 406 1 692
761 42 1630 2 2236
762 22 355 2 565
763 15 8099 1 8809
764 15 7318 1 7747
765 36 11150 1 11783
766 4 5986 1 6611
767 7 9966 1 10374
768 20 799 1 1020
769 8 4433 2 4622
770 26 9650 1 10005
771 11 3788 4 4311
772 29 2914 3 3498
773 14 617 6 1238
774 39 12201 2 12300
775 20 9399 1 9966
776 20 10064 4 10465
777 37 12953 1 13339
778 4 8464 1 9648
779 14 12417 1 12688
780 37 8888 3 9388
781 20 10465 1 10966
782 20 6808 1 7283
783 43 2184 5 2828
784 34 58 1 768
785 29 10695 1 11187
786 37 3395 1 3693
787 42 9399 1 10018
788 21 13285 1 13463
789 12 11604 3 11834
790 12 13 1 374
791 6 7794 1 7858
792 6 9273 1 9923
793 17 5923 2 6345
794 39 1630 2 2194
795 11 1805 1 2320
796 35 7318 1 7787
797 37 8013 3 8104
798 8 9650 3 10299
799 23 7579 1 8018
800 28 5359 2 5682
801 8 4433 1 4701
802 41 1630 3 1762
803 22 4433 1 6493
804 20 8464 1 8982
805 15 317 1 967
806 7 4564 4 4886
807 3 11186 1 11554
808 16 8888 1 9503
809 14 2447 1 3296
810 35 8340 1 8651
811 2 11186 2 11813
812 14 2629 1 2997
813 35 1656 2 1850
814 32 8867 1 8883
815 7 12807 5 13109
816 12 4055 2 4080
817 39 4729 1 4977
818 23 2914 1 3179
819 37 12009 1 12142
820 22 12009 1 12341
821 31 5621 3 5848
822 9 7021 4 7300
823 8 10182 2 10468
824 14 6851 1 7438
825 20 6761 1 6808
826 4 4055 1 4427
827 8 4055 1 4590
828 34 1630 1 1755
829 10 7021 1 7356
830 5 5621 2 6022
831 17 10883 2 10913
832 33 9650 2 10287
833 34 12417 1 13029
834 37 8186 2 8552
835 17 9966 1 10033
836 20 11931 1 12417
837 25 8888 2 9337
838 23 6493 1 7007
839 20 11701 4 12251
840 41 11701 2 11724
841 18 11604 1 11763
842 23 12300 1 12314
843 43 2914 5 3559
844 23 12417 2 12850
845 22 8949 3 9268
846 4 11701 3 12336
847 18 8013 4 8279
848 5 11035 1 11191
849 29 5950 7 6101
850 26 8464 4 8784
851 6 13029 1 13393
852 45 8888 1 9694
853 14 11708 1 12279
854 7 11604 1 11667
855 41 4433 1 4826
856 20 6662 1 6761
857 20 1630 1 2920
858 13 8464 1 8696
859 5 3973 2 4052
860 1 9028 1 9580
861 20 7579 1 8364
862 26 8949 1 9123
863 15 11931 1 12296
864 45 7294 1 7752
865 20 12417 1 12918
866 23 8018 2 8240
867 20 4433 3 4674
868 11 8888 6 8923
869 17 10627 2 10883
870 15 6851 1 7021
871 15 6493 1 7099
872 31 11701 3 11761
873 22 10627 1 11150
874 23 9650 1 10182
875 23 13285 2 13774
876 25 2691 2 2863
877 2 11604 1 11722
878 14 11708 1 11745
879 13 494 2 1109
880 6 2589 1 3006
881 42 11604 2 12025
882 7 9028 6 9091
883 22 6761 1 7363
884 23 9028 1 9273
885 24 357 2 894
886 42 12807 2 13269
887 24 1630 1 1795
888 4 6859 1 7378
889 28 5621 1 5739
890 45 2153 3 2689
891 31 5368 1 5620
892 17 5359 3 5923
893 11 1755 1 1803
894 7 9650 2 10193
895 31 12044 2 12388
896 6 13029 4 13373
897 39 749 1 1274
898 17 2441 7 2524
899 4 1630 4 2296
900 6 7442 2 7552
901 42 12438 4 12719
902 7 2693 2 2987
903 32 6859 2 7476
904 11 255 2 843
905 27 284 1 856
906 25 9966 8 10360
907 5 10695 1 11339
908 10 10465 2 11018
909 26 9966 2 10405
910 20 7318 1 7604
911 22 13570 1 14100
912 42 6156 1 6191
913 20 4055 1 5246
914 30 6761 1 7397
915 3 11604 3 11789
916 34 9273 1 9505
917 13 7141 1 7779
918 24 11604 3 12040
919 17 9399 2 9435
920 34 11604 1 12382
921 23 11604 2 12356
922 22 757 1 1307
923 14 12953 2 13570
924 23 858 1 1656
925 6 1630 1 2048
926 4 10364 1 10413
927 6 3123 2 3209
928 10 11035 5 11260
929 6 11701 2 12338
930 26 10695 4 10983
931 34 1755 1 2153
932 27 2589 2 3221
933 36 4433 1 4966
934 2 7442 3 7585
935 14 74 1 533
936 17 3395 1 3973
937 4 12417 4 13011
938 31 10921 1 11028
939 3 7509 2 7896
940 6 6902 3 7352
941 7 6859 1 7496
942 42 2184 2 2763
943 25 1630 1 1775
944 15 29 1 300
945 14 11041 5 11130
946 40 1656 1 1893
947 17 11035 1 11637
948 14 11325 1 11335
949 22 8464 1 8928
950 14 8919 1 9489
951 15 11331 1 11658
952 9 6859 1 6962
953 3 7141 1 7783
954 22 7442 2 8084
955 22 12009 1 12538
956 4 726 1 983
957 22 12953 1 13646
958 37 2589 1 2817
959 34 5359 1 5657
960 6 2441 6 2778
961 14 12807 2 13044
962 33 13285 1 13770
963 5 2702 2 3248
964 26 9268 1 9818
965 24 4729 1 5309
966 17 895 3 1342
967 4 2691 1 2777
968 34 9966 2 10935
969 41 3395 3 3580
970 42 9044 2 9404
971 37 2914 1 3040
972 22 3395 1 3905
973 41 8949 1 9360
974 4 4729 2 5667
975 31 6590 3 6967
976 7 135 6 256
977 7 2702 1 2932
978 33 2702 2 3203
979 17 2061 1 2186
980 5 8888 3 9338
981 26 11186 2 11506
982 8 4055 6 4097
983 20 6761 2 7308
984 5 927 2 1022
985 6 11041 3 11476
986 20 9210 3 9315
987 45 68 8 505
988 39 11331 6 11642
989 39 10465 1 10921
990 20 8340 1 9210
991 28 6761 3 6786
992 20 1630 1 1805
993 36 5359 1 5827
994 13 1630 5 1800
995 11 11629 1 11674
996 15 8888 1 9979
997 42 1755 1 1983
998 33 5986 2 6416
999 32 11604 2 11891
1000 14 3973 4 4066
 调度评估结果
1. 任务等待评估 (Σ 等待×权重): 11589345
2. 任务完成评估 (最大完成时间): 14376
3. GPU显存空闲评估 (平均空闲): 9281.22 GB/时间片
 额外统计
已调度任务               : 1000/1000
平均等待时间            : 1187.65
各服务器任务分布      : 服务器1=5, 服务器2=7, 服务器3=19, 服务器4=57, 服务器5=21, 服务器6=32, 服务器7=43, 服务器8=27, 服务器9=2, 服务器10=8, 服务器11=24, 服务器12=16, 服务器13=11, 服务器14=39, 服务器15=29, 服务器16=3, 服务器17=48, 服务器18=12, 服务器20=56, 服务器21=5, 服务器22=59, 服务器23=86, 服务器24=16, 服务器25=14, 服务器26=20, 服务器27=26, 服务器28=16, 服务器29=15, 服务器30=2, 服务器31=17, 服务器32=18, 服务器33=22, 服务器34=23, 服务器35=5, 服务器36=18, 服务器37=29, 服务器39=34, 服务器40=24, 服务器41=27, 服务器42=32, 服务器43=4, 服务器44=7, 服务器45=22
