1 3 11663 2 11883
2 40 16231 3 16838
3 40 10354 1 10573
4 22 8001 3 8440
5 20 5832 1 6148
6 10 12703 1 14581
7 37 1650 2 2319
8 17 21736 1 21907
9 21 17540 1 17591
10 9 1424 1 1973
11 35 2062 1 2691
12 40 2399 1 2988
13 28 12525 5 12941
14 36 22810 2 23033
15 17 1761 4 2363
16 7 7724 1 7781
17 22 10378 2 10919
18 24 1398 2 2075
19 3 18468 4 18575
20 37 414 1 1091
21 17 10280 1 10969
22 24 414 2 930
23 9 7494 4 7824
24 36 11713 4 12076
25 17 23224 3 23485
26 35 6640 2 7189
27 28 22810 2 23303
28 21 19573 5 20131
29 27 20848 3 21045
30 22 17540 2 17921
31 36 11148 2 11713
32 17 16161 4 16491
33 19 19023 2 19208
34 17 9695 2 9986
35 27 3487 2 3937
36 15 10969 1 13193
37 11 5555 3 6145
38 40 19438 1 19728
39 10 3679 1 4278
40 12 13104 4 13768
41 36 5318 2 5472
42 30 12463 3 12858
43 35 2951 4 3591
44 22 18468 3 19167
45 5 5794 2 6157
46 2 1949 2 2603
47 29 23696 1 24211
48 15 1715 5 1949
49 17 23696 2 24217
50 17 3679 1 4746
51 27 17757 1 17945
52 10 16161 3 16930
53 15 11663 1 12327
54 8 22343 4 22749
55 17 3046 1 3623
56 10 414 1 625
57 36 15365 2 16319
58 5 21710 1 22092
59 9 1650 1 2335
60 24 20895 1 21385
61 19 11148 2 11558
62 36 15365 2 15521
63 22 16852 1 17540
64 15 23696 3 24442
65 15 7568 3 7613
66 15 16852 3 16961
67 25 20895 1 21394
68 1 414 3 1074
69 37 6148 1 6581
70 31 22810 3 23159
71 15 21385 3 22083
72 17 22810 1 23252
73 9 1949 1 2301
74 12 4202 2 4280
75 35 2062 2 2617
76 30 16852 3 17437
77 36 20848 1 21478
78 22 10919 1 11663
79 27 21604 1 21700
80 28 11459 2 11747
81 22 16161 1 16525
82 34 1398 2 1518
83 21 20848 5 21488
84 36 12924 1 14754
85 36 10354 1 11092
86 1 1715 4 2417
87 20 15993 5 16314
88 27 4746 3 5157
89 15 9634 2 9833
90 22 23773 1 24093
91 15 21604 2 22063
92 4 23696 1 24430
93 17 19203 1 20848
94 10 2195 1 2399
95 27 21710 4 22305
96 17 23773 1 26199
97 36 23773 2 24020
98 6 16161 1 16449
99 36 12924 1 13310
100 12 10016 3 10401
101 3 21710 3 21844
102 36 2435 2 2722
103 35 19438 4 19723
104 16 1650 4 1791
105 19 22810 2 23342
106 10 414 1 458
107 15 6429 1 7384
108 30 22836 2 23393
109 11 2319 1 2656
110 22 23696 2 23746
111 22 1398 4 2177
112 37 24072 2 25354
113 27 21488 3 21597
114 7 13104 2 13443
115 36 10127 1 10198
116 36 4202 2 4859
117 8 12862 3 12994
118 3 11792 2 11918
119 20 11148 4 11493
120 15 17540 1 17757
121 36 23033 2 23263
122 22 3487 5 3679
123 12 11663 5 11698
124 33 8344 1 8790
125 11 19438 2 19928
126 36 4746 3 5175
127 40 1398 3 1726
128 29 18468 1 18949
129 30 414 1 888
130 27 11655 1 13104
131 24 4746 3 4921
132 7 414 2 565
133 40 3079 2 3437
134 37 19760 1 20307
135 15 13933 5 14537
136 22 656 1 948
137 6 9634 1 10136
138 22 16161 2 16531
139 36 7724 2 8344
140 37 4202 1 4651
141 29 20895 1 21542
142 36 11006 1 11987
143 40 6148 1 6794
144 27 22810 1 23279
145 22 19167 3 19438
146 24 414 1 1145
147 6 13104 1 13689
148 32 2452 4 2835
149 22 9695 4 10378
150 36 23033 1 23488
151 12 23773 7 24072
152 27 6438 1 7550
153 25 19438 4 19484
154 36 9695 1 10099
155 3 23224 3 23583
156 17 10969 1 11626
157 19 21488 3 21715
158 12 11148 2 11662
159 9 3079 4 3821
160 2 23773 3 23839
161 37 23696 1 24023
162 35 11713 2 11938
163 24 16161 3 16299
164 37 18468 1 18630
165 4 10354 2 10505
166 10 5555 1 5758
167 18 4202 2 4570
168 38 19760 1 20366
169 27 656 1 1149
170 10 23224 1 23456
171 17 5555 2 5794
172 22 21710 2 22263
173 10 625 1 693
174 3 1650 1 1803
175 10 1398 1 1846
176 5 15365 3 15520
177 28 3679 2 4011
178 17 7529 2 7936
179 3 4859 6 5085
180 17 22836 3 23474
181 20 19438 2 19744
182 8 20848 3 21334
183 9 23224 3 23309
184 32 11713 1 12370
185 15 7320 1 7568
186 36 10120 1 10561
187 30 16852 2 17244
188 40 10789 1 11474
189 35 3679 7 3857
190 28 6148 3 6415
191 10 5318 4 5582
192 13 11713 1 12043
193 29 6148 1 6280
194 35 414 2 611
195 12 9695 2 10038
196 12 21385 2 21644
197 2 2951 3 3206
198 40 4859 2 5317
199 8 9634 1 10279
200 17 7494 4 8082
201 17 21735 1 22486
202 21 10969 2 11091
203 30 15365 1 15510
204 12 8722 6 8762
205 10 6148 2 6341
206 3 17540 2 17945
207 4 6148 1 6196
208 37 18468 1 18781
209 20 11493 5 11785
210 17 13933 3 14016
211 19 11533 1 11954
212 30 17540 1 18186
213 25 10460 1 10564
214 36 7494 2 7724
215 27 9634 1 10095
216 24 2399 2 2459
217 9 1398 3 1646
218 36 21518 2 21996
219 30 2764 1 2808
220 37 16231 2 16816
221 36 414 5 677
222 37 1398 2 1650
223 36 9577 1 9640
224 21 21488 5 21684
225 14 656 4 1124
226 22 15365 2 16094
227 36 22810 1 23009
228 10 19438 2 19868
229 12 16094 2 16316
230 35 16094 4 16789
231 20 21385 2 21723
232 30 23696 3 23768
233 10 9986 3 10016
234 17 11148 1 11436
235 27 21710 1 22229
236 16 2452 5 2876
237 17 8564 1 9577
238 37 11533 1 12525
239 1 18468 3 18841
240 8 2062 3 2206
241 12 6640 5 6821
242 35 3046 2 3358
243 5 1424 1 2008
244 36 17540 3 17869
245 40 7724 1 8447
246 10 8344 1 8588
247 40 7724 1 8443
248 22 14017 1 14481
249 10 15365 4 15701
250 3 15993 5 16323
251 12 17540 4 17604
252 34 20848 2 21469
253 7 23224 1 23926
254 27 7550 1 8235
255 12 1398 4 1481
256 2 2319 1 2773
257 7 13933 1 14258
258 10 17540 4 18071
259 36 23696 2 23918
260 27 8344 1 9634
261 21 24020 3 24650
262 17 15365 1 16161
263 9 4202 6 4388
264 12 8440 3 8722
265 17 16161 1 16852
266 27 18904 1 19573
267 21 16231 2 16892
268 36 21518 2 21933
269 15 19014 2 19899
270 31 21385 6 21739
271 11 13104 2 13366
272 5 19950 3 20230
273 25 414 1 481
274 12 10460 3 10661
275 15 2951 1 3618
276 27 22343 3 22781
277 39 16094 1 16295
278 22 414 2 656
279 1 23696 1 23901
280 17 24020 2 24066
281 37 4746 1 5969
282 17 12027 1 13174
283 20 5832 2 6141
284 15 8389 1 10680
285 39 23224 1 23627
286 16 2435 1 2742
287 36 20895 3 21518
288 18 2195 2 2356
289 21 7128 1 7609
290 15 12703 1 13933
291 35 23696 2 24096
292 38 19950 1 20065
293 3 9986 7 10052
294 9 15365 6 15696
295 36 2951 6 3022
296 12 12703 3 12965
297 10 8001 5 8655
298 27 17540 1 18904
299 39 19573 1 19727
300 19 9634 2 9674
301 22 11459 1 11667
302 22 17540 6 17913
303 31 4859 3 5005
304 1 10919 3 11609
305 22 5555 2 6429
306 20 18468 2 18915
307 37 2195 1 2277
308 10 5832 1 6142
309 2 11663 5 11786
310 27 13933 1 15949
311 1 19438 3 19651
312 36 17540 1 18073
313 32 1761 1 2102
314 39 12703 1 13040
315 21 22343 3 22689
316 5 18468 1 19214
317 27 10120 3 10789
318 11 10460 1 10770
319 20 5555 2 5832
320 1 11663 2 11982
321 15 7613 1 8986
322 1 21904 4 22258
323 37 10280 1 10896
324 3 6429 7 6595
325 36 12703 2 13388
326 17 22343 1 22820
327 17 1424 1 1761
328 11 6148 1 6770
329 24 21736 1 21777
330 24 23696 4 24273
331 30 1650 2 1984
332 15 19438 1 19912
333 5 5794 1 6134
334 7 11713 1 12236
335 31 19760 2 20166
336 37 22810 3 23406
337 22 21488 2 21604
338 22 3679 1 3781
339 10 5794 2 6371
340 39 18468 1 18705
341 36 2846 2 2951
342 24 10789 1 10994
343 4 3679 1 3985
344 22 21604 1 21710
345 22 6429 2 6788
346 10 18468 2 19203
347 18 11459 1 12079
348 11 23696 2 24375
349 15 15701 1 16583
350 22 9986 3 10072
351 13 0 1 79
352 36 6148 2 6759
353 36 8594 2 10354
354 22 5832 1 5852
355 36 24020 6 24356
356 17 14016 1 15365
357 4 16852 1 16996
358 3 21710 1 22022
359 10 7398 3 7887
360 36 16094 1 17498
361 3 4202 3 4586
362 20 23696 1 25785
363 34 1996 3 2310
364 30 15701 3 16082
365 17 4746 2 5555
366 10 15701 3 16161
367 10 11996 1 12153
368 12 21710 2 22201
369 9 1650 2 1879
370 17 6596 1 7926
371 3 1761 2 1906
372 31 22836 1 22925
373 20 21904 2 22503
374 21 2195 3 2316
375 27 9695 1 10100
376 9 414 1 697
377 20 15365 1 15442
378 39 8344 1 8435
379 10 10460 1 11116
380 37 6640 1 8527
381 10 2846 3 3542
382 36 10354 1 11006
383 22 12924 1 13569
384 10 23696 1 24268
385 22 7320 2 7529
386 32 2062 2 2452
387 11 11996 3 12720
388 30 414 1 595
389 35 23696 1 24073
390 36 23773 3 24155
391 40 10354 3 10612
392 36 19438 1 19916
393 21 11713 1 12075
394 10 9577 3 9814
395 37 21710 1 22505
396 27 4202 2 4275
397 35 6148 4 6392
398 36 21710 1 22343
399 22 16231 1 17268
400 15 19853 3 20440
401 30 1761 3 2238
402 24 11148 2 11640
403 37 15365 1 16160
404 36 7568 1 8296
405 36 414 1 894
406 13 15993 1 16435
407 12 1398 1 2039
408 7 4202 2 4462
409 15 22343 1 24563
410 11 414 1 1130
411 15 12463 2 12484
412 13 1650 1 2155
413 39 11996 1 12385
414 23 22343 2 22580
415 4 22810 1 22947
416 18 23224 2 23734
417 27 24020 1 24695
418 22 11996 1 12703
419 1 19760 1 20213
420 36 7128 1 7627
421 36 7128 2 7320
422 13 6429 1 6825
423 17 4202 1 4633
424 15 18468 1 19014
425 14 414 1 536
426 25 12862 1 13476
427 7 15949 1 16415
428 17 8001 1 8564
429 18 11663 1 12002
430 12 21736 1 22072
431 17 2399 1 3046
432 2 11996 1 12590
433 36 2195 1 2435
434 19 2399 6 2627
435 36 14016 2 14359
436 19 3679 1 4289
437 11 19573 1 19904
438 22 2399 3 2573
439 30 10460 3 10532
440 10 11792 1 12463
441 21 15365 1 16007
442 20 11996 2 12191
443 33 21385 1 21752
444 11 15365 3 15503
445 29 23033 1 23210
446 19 19950 5 20600
447 2 2846 1 3363
448 24 185 3 414
449 15 2062 1 2652
450 35 12862 1 13405
451 17 1424 2 1847
452 4 1761 1 2251
453 7 1761 1 2107
454 17 11626 1 13231
455 22 23696 2 23866
456 36 17869 6 18522
457 30 16161 1 16344
458 4 22810 1 23065
459 6 11996 1 12620
460 29 19438 1 19512
461 12 19950 4 20521
462 15 1398 5 1715
463 4 6429 2 6654
464 19 2951 1 3061
465 36 6148 1 6508
466 22 22810 1 23508
467 15 7724 1 8389
468 40 5555 2 6039
469 10 11459 2 11792
470 13 22343 1 22803
471 30 20895 3 21481
472 17 1398 3 1424
473 12 8594 1 8698
474 30 19760 2 20097
475 36 12076 1 12512
476 10 10127 2 10460
477 27 19853 2 20112
478 21 11459 4 11592
479 22 16094 1 16231
480 15 8001 2 8081
481 35 15365 4 15944
482 12 18522 1 18666
483 31 19760 1 20291
484 27 1996 3 3079
485 17 2951 1 3380
486 40 10280 1 10350
487 17 23696 6 23719
488 21 11533 1 11564
489 22 11663 3 11996
490 16 19950 1 20547
491 15 1949 2 2764
492 12 11996 1 12019
493 25 1398 1 1942
494 12 16852 1 17081
495 22 12703 1 12862
496 22 4202 1 4943
497 24 1996 1 2394
498 17 6640 2 7190
499 35 15365 1 15954
500 37 414 3 460
501 1 8722 5 9185
502 20 12191 1 12893
503 15 10717 1 10937
504 21 2399 4 2518
505 17 9986 6 10280
506 20 22343 1 22592
507 22 2846 2 3352
508 35 10717 1 11225
509 17 10789 3 10822
510 22 3679 5 4202
511 35 656 3 1177
512 36 5555 2 6049
513 32 15701 2 15869
514 27 19760 5 19853
515 12 18666 8 19040
516 20 22810 1 23323
517 4 19438 3 20053
518 15 20848 3 21136
519 36 12862 3 12924
520 10 12463 1 12492
521 1 12027 1 12214
522 21 2846 4 3363
523 20 1398 5 2040
524 22 12862 1 14017
525 22 7128 2 7460
526 2 11148 5 11788
527 11 19023 5 19532
528 22 10016 2 10244
529 17 5794 1 6330
530 2 21394 1 22042
531 20 15701 3 15888
532 27 9634 2 10120
533 10 6429 5 6728
534 37 21385 4 21471
535 38 4202 3 4405
536 30 10016 1 10069
537 15 5318 2 5560
538 13 22810 1 23362
539 7 12703 2 13082
540 7 10280 2 10982
541 20 3079 5 3653
542 23 10460 1 10645
543 24 3679 1 4189
544 17 9695 1 9793
545 12 24072 2 24793
546 15 6148 5 6378
547 39 3487 1 3820
548 12 18468 1 18535
549 10 1398 1 2117
550 17 22836 2 23159
551 22 22343 1 22546
552 22 9577 2 9904
553 24 21904 4 22623
554 15 17757 1 18271
555 22 19950 1 20975
556 36 8344 1 8594
557 20 19760 5 20352
558 15 5832 1 6464
559 20 21710 3 22307
560 40 23033 2 23749
561 10 7128 1 7398
562 15 9577 2 9642
563 30 6148 3 6802
564 27 3079 2 3278
565 22 10937 3 11583
566 27 414 1 672
567 11 18468 1 18915
568 22 2195 1 2846
569 28 1424 3 1995
570 27 10919 1 11370
571 33 3679 2 4215
572 9 23696 3 24051
573 19 19059 1 19382
574 20 17540 3 18024
575 3 10789 1 10927
576 22 2062 1 2139
577 12 21736 1 21992
578 32 1761 1 2187
579 1 9695 2 10141
580 15 10354 1 10717
581 9 11148 6 11314
582 28 13933 2 14179
583 34 6429 2 7064
584 12 2399 1 2643
585 32 11148 3 11821
586 40 18468 1 18984
587 12 2195 7 2322
588 36 18904 1 19023
589 28 11713 1 12116
590 36 19573 1 20895
591 17 18468 4 19059
592 24 2062 1 2672
593 12 12703 4 13298
594 36 5555 1 6285
595 9 6429 6 6826
596 15 2764 1 6148
597 17 22343 4 22638
598 40 12924 2 13059
599 30 9986 1 10439
600 24 0 2 185
601 30 13933 3 13953
602 17 11663 4 12027
603 11 11148 1 11766
604 27 10789 1 11655
605 22 8440 1 8815
606 17 21394 1 21735
607 15 9986 1 10303
608 36 7320 4 7494
609 36 4859 1 5318
610 22 8440 2 9625
611 20 15365 1 15993
612 35 9986 1 10475
613 1 12703 3 12768
614 27 5555 1 6404
615 27 8440 3 8989
616 25 22810 1 22877
617 13 4202 1 4636
618 36 19023 1 19573
619 2 1996 1 2508
620 22 19438 3 19950
621 36 3679 1 3884
622 37 10919 2 11533
623 38 22343 2 22812
624 37 4202 1 4480
625 36 8594 1 9048
626 1 22343 4 23005
627 15 15365 2 17585
628 3 16094 1 16224
629 10 19203 1 19749
630 35 2399 2 2559
631 31 6148 3 6548
632 27 13104 3 13463
633 27 5794 1 6438
634 35 11148 6 11332
635 19 1650 2 1748
636 36 12076 1 12570
637 20 11792 1 11900
638 30 19438 1 20105
639 4 11148 1 11179
640 22 11713 1 12214
641 40 19438 1 19866
642 30 19203 1 19606
643 36 2722 1 3824
644 33 23773 3 24225
645 35 1650 2 2062
646 37 9986 2 10007
647 24 13933 2 14509
648 30 10969 3 11648
649 37 9634 1 10137
650 24 9986 4 10429
651 2 23224 3 23447
652 24 12924 2 12948
653 30 1398 3 1492
654 36 12076 1 12393
655 20 6148 1 6397
656 22 10280 2 10530
657 4 1398 3 2032
658 13 12924 1 12988
659 24 23224 1 23696
660 35 23224 5 23897
661 36 12525 1 12753
662 20 414 1 692
663 17 730 2 1398
664 10 2452 1 2958
665 30 2319 2 2892
666 5 23224 1 23619
667 8 4202 1 4726
668 35 10127 1 10362
669 3 11459 3 11762
670 24 185 1 675
671 15 15949 1 16483
672 30 18468 3 18691
673 27 19573 3 19760
674 22 3679 1 4163
675 19 11459 2 11743
676 20 6148 3 6580
677 6 23696 1 24192
678 27 1398 1 1996
679 36 16852 1 16874
680 3 10969 1 11169
681 3 8344 5 8993
682 37 15365 1 16085
683 3 3079 1 3814
684 8 14016 2 14760
685 30 21488 1 22098
686 3 13933 2 14163
687 3 2319 6 2581
688 31 1650 4 1848
689 12 10127 1 10394
690 10 22810 1 23224
691 10 19760 1 20928
692 29 4202 1 4263
693 4 9695 1 10080
694 10 10016 3 10127
695 22 7320 1 7583
696 17 20895 2 20921
697 11 12862 1 12901
698 12 1650 4 2127
699 37 2319 1 3839
700 36 6640 3 7128
701 30 17540 2 17932
702 36 1398 1 2158
703 36 1398 1 1511
704 21 11713 1 11902
705 8 17757 1 18446
706 17 22810 5 22836
707 30 3679 3 4019
708 39 15365 1 15647
709 19 1761 6 2002
710 36 6429 1 6640
711 25 7128 1 7805
712 10 21488 2 22599
713 15 4202 1 4745
714 19 11148 2 11169
715 15 22343 1 22606
716 11 7724 1 8134
717 17 16852 4 17266
718 7 22810 1 22898
719 8 10789 2 11226
720 30 2951 1 3528
721 35 18522 4 18942
722 10 11148 3 11459
723 36 18522 2 18919
724 24 11148 2 11524
725 17 6438 2 6573
726 36 2062 2 2200
727 3 11148 1 11282
728 15 8389 1 8593
729 21 12463 5 13053
730 10 2399 1 2588
731 20 7550 1 8074
732 29 19760 1 20467
733 24 730 1 1406
734 36 11996 3 12666
735 35 19853 7 20590
736 17 414 1 730
737 35 10460 1 11148
738 39 185 1 699
739 5 2846 2 3505
740 35 21488 5 22049
741 11 7724 4 8214
742 36 22343 3 22810
743 5 23696 1 23874
744 1 16231 1 16671
745 40 9695 2 10121
746 11 1398 3 1993
747 17 9577 5 9695
748 15 10127 1 10836
749 10 4746 1 5449
750 37 12525 2 13057
751 17 19059 2 20137
752 22 7529 1 8001
753 12 2322 3 2997
754 21 1398 2 2000
755 10 8655 1 8979
756 38 10969 3 11641
757 17 1996 1 3016
758 17 20848 5 21394
759 20 17869 2 18307
760 21 5555 2 6071
761 5 656 1 971
762 15 19023 1 19683
763 27 15949 1 16929
764 12 1949 1 2195
765 2 15701 4 15872
766 31 2319 6 2863
767 37 21488 2 21629
768 40 11996 2 12382
769 20 2846 1 2871
770 26 2452 1 3087
771 17 10919 1 11051
772 11 4202 7 4255
773 12 6148 1 6406
774 38 2319 4 3041
775 12 23033 3 23773
776 18 1398 2 1659
777 33 12525 3 13230
778 15 22810 2 23403
779 21 23696 1 23928
780 30 5555 1 5615
781 37 13933 1 14892
782 37 17540 1 17972
783 19 10460 1 10600
784 19 11713 2 11791
785 11 21394 1 21907
786 36 13933 2 13993
787 12 19573 4 19795
788 30 10354 2 10435
789 3 14016 1 14111
790 33 10127 3 10831
791 15 414 1 796
792 15 19899 1 21521
793 3 10280 3 10472
794 7 9634 1 9809
795 9 16161 5 16817
796 17 5794 2 6596
797 17 17540 1 18468
798 40 1761 2 2503
799 5 11148 3 11529
800 24 21385 4 21736
801 19 21710 1 22030
802 37 19059 1 19610
803 19 5832 4 6452
804 11 12463 1 13092
805 22 2846 6 3487
806 1 414 2 829
807 24 21488 3 21904
808 3 10969 3 11594
809 15 21394 1 21863
810 27 23696 4 23932
811 35 11533 4 12188
812 31 7724 2 8411
813 37 9634 4 9986
814 21 9634 1 9878
815 15 10937 3 11463
 调度评估结果
1. 任务等待评估 (Σ 等待×权重): 58878118
2. 任务完成评估 (最大完成时间): 26199
3. GPU显存空闲评估 (平均空闲): 8369.89 GB/时间片
 额外统计
已调度任务               : 815/815
平均等待时间            : 7061.57
各服务器任务分布      : 服务器1=16, 服务器2=12, 服务器3=26, 服务器4=13, 服务器5=12, 服务器6=5, 服务器7=13, 服务器8=9, 服务器9=15, 服务器10=45, 服务器11=21, 服务器12=38, 服务器13=9, 服务器14=2, 服务器15=51, 服务器16=4, 服务器17=61, 服务器18=6, 服务器19=19, 服务器20=30, 服务器21=22, 服务器22=59, 服务器23=2, 服务器24=26, 服务器25=8, 服务器26=1, 服务器27=39, 服务器28=8, 服务器29=8, 服务器30=33, 服务器31=10, 服务器32=7, 服务器33=6, 服务器34=4, 服务器35=29, 服务器36=76, 服务器37=33, 服务器38=6, 服务器39=10, 服务器40=21
