1 2 1953 1 1966
2 2 289 2 335
3 2 1762 1 1908
4 2 1017 1 1152
5 2 584 2 631
6 2 2362 2 2420
7 2 310 2 488
8 1 1705 1 1774
9 2 2375 2 2430
10 1 275 1 501
11 1 2131 1 2243
12 2 458 2 510
13 2 1919 2 2034
14 1 109 1 160
15 1 1377 1 1673
16 1 1520 2 1565
17 1 2359 1 2447
18 1 833 1 1120
19 1 2188 2 2439
20 2 1742 1 1799
21 1 865 1 1055
22 2 2078 1 2152
23 1 100 1 354
24 3 2348 1 2358
25 1 343 2 482
26 3 776 2 1060
27 1 118 1 167
28 1 1604 2 1805
29 2 619 1 864
30 1 237 2 533
31 1 587 1 863
32 2 2099 2 2148
33 1 764 2 903
34 1 962 2 1152
35 1 1378 1 1662
36 1 2465 1 2574
37 2 546 1 602
38 2 1064 1 1332
39 1 239 1 312
40 3 595 1 658
41 1 438 1 737
42 1 2402 1 2467
43 2 1864 1 2159
44 1 1463 1 1491
45 2 756 1 778
46 1 2263 2 2400
47 1 2140 1 2397
48 1 2402 1 2618
49 2 492 1 781
50 2 636 1 797
51 1 1344 2 1490
52 1 55 1 212
53 2 842 1 1131
54 2 1216 2 1327
55 2 1829 2 1891
56 1 2123 1 2203
57 2 461 1 508
58 3 646 1 650
59 2 2402 1 2405
 调度评估结果
1. 任务等待评估 (Σ 等待×权重): 0
2. 任务完成评估 (最大完成时间): 2618
3. GPU显存空闲评估 (平均空闲): 1072.64 GB/时间片
 额外统计
已调度任务               : 59/59
平均等待时间            : 0.00
各服务器任务分布      : 服务器1=30, 服务器2=25, 服务器3=4
