1 42 13123 1 13869
2 32 13471 2 13947
3 35 13791 1 14299
4 14 6829 2 7178
5 3 10076 1 10611
6 8 804 1 911
7 41 18095 1 18356
8 3 17372 2 18242
9 16 19220 3 19377
10 50 4492 2 4629
11 58 15385 1 15791
12 35 5449 1 5763
13 44 15819 1 15893
14 55 4029 3 4390
15 10 707 2 969
16 62 101 1 339
17 58 17521 4 18060
18 10 10997 1 11138
19 16 5311 1 5804
20 61 14496 1 14512
21 18 9647 1 10046
22 14 12184 3 12636
23 30 11232 1 11404
24 50 12999 1 13651
25 48 10155 6 10656
26 52 7176 1 7275
27 39 8908 3 9120
28 15 8264 2 8466
29 50 7146 1 7435
30 44 15746 1 16427
31 48 4422 4 4785
32 5 12211 7 12530
33 29 275 1 485
34 30 5593 1 5784
35 37 16104 3 16319
36 50 14797 1 15277
37 11 6981 7 7339
38 14 868 1 963
39 13 15251 4 15352
40 56 14457 1 14851
41 48 5778 5 5835
42 48 9440 2 9473
43 32 14775 1 15004
44 55 12511 7 12807
45 15 3028 3 3334
46 3 19028 1 19059
47 53 898 1 1102
48 37 10323 2 10340
49 47 9818 4 9943
50 22 8367 3 8835
51 61 15742 2 15909
52 11 9491 4 10013
53 4 7714 2 8080
54 58 14214 1 14251
55 27 8649 5 8945
56 31 2562 1 2737
57 60 8349 1 8852
58 48 1556 1 1574
59 58 8181 1 8269
60 47 10150 4 10208
61 16 9794 2 10322
62 10 5817 1 6097
63 28 15652 1 15938
64 58 3739 4 3907
65 22 3291 1 3513
66 60 19391 1 19785
67 24 7226 6 7394
68 56 18829 1 19353
69 22 1672 1 2026
70 48 7132 5 7648
71 42 15646 2 15744
72 3 15149 1 15470
73 11 5204 5 5660
74 17 15295 2 15317
75 58 3228 1 3514
76 27 9728 3 9895
77 22 1745 2 2151
78 11 10664 2 11159
79 37 8281 1 8449
80 60 14611 1 15023
81 31 11468 2 11950
82 15 12585 2 12903
83 2 16972 2 17134
84 16 16512 1 16854
85 50 1406 1 1418
86 50 7490 2 7741
87 2 12098 1 12366
88 10 10494 2 10739
89 31 775 1 1287
90 61 15860 2 16242
91 53 2135 2 2281
92 13 12730 3 12925
93 15 4851 6 5151
94 48 5950 2 6366
95 29 1592 2 1715
96 29 4632 1 4814
97 30 10963 1 11313
98 58 9157 1 9623
99 23 12619 3 12658
100 48 16938 2 17316
101 13 4577 1 5025
102 15 2016 4 2253
103 35 12450 2 13445
104 48 18857 4 19362
105 59 17277 3 17577
106 13 7106 5 7227
107 13 17116 2 17442
108 55 9003 1 9837
109 53 7021 2 7061
110 57 553 1 865
111 22 8847 1 9048
112 50 13427 1 13560
113 29 8135 1 8181
114 39 16572 3 16907
115 22 2053 1 2500
116 22 2109 1 2124
117 16 15609 1 15732
118 57 17947 1 17992
119 10 18092 3 18234
120 22 11034 3 11468
121 39 8415 2 8463
122 5 17473 5 17688
123 30 10919 4 11435
124 22 19365 2 19413
125 48 15311 1 15753
126 35 1076 2 1197
127 16 5378 1 5769
128 61 2423 2 2785
129 12 12899 1 13347
130 3 17945 2 18253
131 52 2076 2 2310
132 58 12213 2 12727
133 13 15123 4 15326
134 16 6984 2 7347
135 60 16131 4 16434
136 15 17828 5 18019
137 53 9031 1 9388
138 3 15145 5 15614
139 41 4456 2 4870
140 22 9961 1 10469
141 24 12639 1 12764
142 61 13114 3 13343
143 55 11842 1 11955
144 14 4769 4 5197
145 55 19174 1 19371
146 61 19467 3 19608
147 42 15312 2 15612
148 22 562 3 1104
149 31 9271 1 9774
150 29 12335 4 12643
151 50 2707 2 2883
152 49 13960 1 14060
153 44 18746 1 19016
154 32 12360 1 12380
155 11 4770 1 5173
156 22 18109 1 18264
157 62 19022 2 19130
158 3 15516 1 15546
159 14 6383 3 6665
160 48 9986 1 11023
161 15 10223 2 10253
162 32 16234 4 16756
163 2 10881 1 11035
164 58 8627 1 9147
165 14 1278 2 1469
166 50 12483 1 12717
167 52 2606 1 2930
168 61 10563 3 10841
169 22 1807 1 2012
170 44 5951 1 6401
171 61 1701 1 1790
172 48 14922 2 15302
173 50 7704 2 8032
174 22 2471 1 2928
175 52 17275 2 17764
176 50 2092 1 2367
177 58 8832 1 9109
178 9 6174 1 6576
179 48 2111 1 2538
180 16 15237 1 15418
181 47 3916 2 4368
182 31 17512 6 17614
183 52 4380 2 4712
184 22 17931 1 18240
185 44 10517 2 10959
186 12 15673 1 15837
187 44 6824 1 7250
188 16 9235 2 9566
189 16 11253 1 11369
190 10 6794 2 7194
191 15 16440 1 16816
192 55 6705 5 6902
193 55 6063 2 6163
194 50 12055 3 12455
195 48 11637 1 12128
196 14 3680 2 3704
197 39 17854 1 18331
198 29 13906 3 14381
199 13 17657 1 17815
200 18 19252 3 19528
201 55 8147 1 8264
202 53 4282 1 4582
203 53 6560 2 6948
204 59 4345 1 4838
205 39 11824 1 12290
206 42 17585 1 17862
207 31 10326 2 10561
208 47 452 1 467
209 31 5943 1 6477
210 13 10265 4 10525
211 50 557 1 1132
212 16 14107 2 14204
213 49 6727 3 6915
214 57 15571 3 15994
215 50 16895 1 17424
216 13 15018 1 15112
217 37 8008 1 8439
218 32 18116 3 18621
219 49 4129 5 4307
220 55 3371 6 3618
221 29 4841 4 5310
222 47 13294 1 13539
223 22 7405 3 7913
224 53 5795 1 6099
225 29 18063 4 18530
226 29 2665 2 3201
227 16 12174 2 12307
228 37 5759 1 6247
229 60 11229 1 12833
230 41 16583 1 17021
231 58 2431 1 2840
232 22 16155 3 16442
233 47 10879 2 11046
234 48 1781 1 2106
235 5 4094 4 4513
236 16 13837 2 14189
237 3 18750 1 18789
238 41 13867 1 14406
239 27 5722 5 5888
240 50 11142 1 11238
241 37 14202 3 14255
242 14 17324 1 17770
243 11 11750 2 11796
244 41 331 5 371
245 12 18755 1 19279
246 16 17181 1 17489
247 10 6105 1 6686
248 56 5208 2 5462
249 2 1718 2 2784
250 47 18560 3 18815
251 8 11768 1 12006
252 10 9368 1 9437
253 39 5926 1 6327
254 2 17475 2 17490
255 58 3173 2 3397
256 31 13928 2 14033
257 44 13370 2 13607
258 58 8662 1 8808
259 29 9436 1 9664
260 39 10551 1 10561
261 36 5475 3 5644
262 31 9793 1 10575
263 5 8152 1 8202
264 48 3883 1 4279
265 47 14138 3 14628
266 22 18739 2 19031
267 44 13138 1 13363
268 31 462 1 549
269 13 6109 7 6510
270 3 10084 1 10429
271 10 14028 3 14263
272 15 267 2 416
273 55 2852 1 3085
274 50 6115 1 6363
275 10 3944 1 4478
276 41 12273 1 12470
277 3 16617 1 16961
278 16 9404 1 9459
279 27 8971 3 9518
280 3 18148 1 18782
281 55 18516 2 18733
282 22 3494 2 3867
283 37 6216 3 6652
284 56 16269 5 16398
285 22 2338 4 2419
286 39 12751 3 12871
287 60 16695 3 16920
288 55 4424 3 4820
289 22 1532 4 1679
290 11 17935 1 18241
291 50 8683 1 8813
292 39 19082 2 19370
293 15 19388 5 19451
294 15 867 5 1078
295 52 3048 4 3554
296 16 2996 4 3322
297 55 6971 2 7442
298 16 12891 2 13465
299 37 2522 1 2838
300 50 1301 1 1624
301 18 1530 2 1747
302 47 8923 1 9423
303 12 5273 2 5661
304 56 408 2 583
305 16 2506 1 2552
306 18 18553 1 18964
307 15 13511 3 14037
308 23 5584 1 5928
309 61 1948 1 2142
310 37 4610 1 4941
311 22 3057 1 3232
312 31 5738 2 6228
313 48 17477 2 17540
314 61 16048 2 16281
315 47 6125 1 6359
316 29 7735 1 8052
317 2 18447 2 18609
318 48 3165 4 3226
319 31 15168 1 15672
320 50 10225 1 10822
321 37 13916 2 14300
322 52 13568 2 13689
323 47 4856 2 5262
324 60 681 1 993
325 16 3672 2 3887
326 29 4366 1 4508
327 16 12356 2 12379
328 14 5276 4 5516
329 52 17849 2 18375
330 29 8428 2 8593
331 61 17405 2 17459
332 61 11163 2 11641
333 12 3984 3 4158
334 58 8552 1 8580
335 53 11744 1 12273
336 14 1013 5 1216
337 14 11555 1 11815
338 8 19525 3 20059
339 37 3032 1 3056
340 48 9637 2 9936
341 44 13865 1 14262
342 44 17417 1 17466
343 39 18588 1 18731
344 61 11456 1 12066
345 50 7745 1 8438
346 50 16740 1 16952
347 32 6306 1 6379
348 36 10200 1 10210
349 52 13834 5 14071
350 18 9401 1 9429
351 14 10258 5 10573
352 22 15183 4 15507
353 42 14522 1 14729
354 55 7875 1 8247
355 30 5925 1 6291
356 4 2900 1 3275
357 32 3115 1 3201
358 13 17537 2 17769
359 55 11875 2 12124
360 47 6364 2 6529
361 47 4401 4 4777
362 23 11751 1 11801
363 18 18744 1 19292
364 36 8803 2 9305
365 52 4749 2 5046
366 61 16142 1 16692
367 35 15262 5 15730
368 61 7838 2 7877
369 37 2662 1 3008
370 15 11477 1 12177
371 5 3038 2 3166
372 50 16722 4 16842
373 52 8463 1 9112
374 39 9338 1 9640
375 37 10680 2 10826
376 35 14062 3 14612
377 10 7250 1 8210
378 58 15498 1 15822
379 16 5830 2 6028
380 19 2929 1 2966
381 9 1230 1 1615
382 32 903 2 1314
383 44 6191 1 7008
384 50 19908 1 20138
385 13 18128 1 18366
386 12 10015 1 10249
387 22 12489 4 12830
388 55 987 1 1437
389 52 14740 1 14942
390 55 6340 3 6351
391 14 11187 1 11613
392 47 15999 1 16536
393 14 16074 2 16318
394 35 4950 5 5199
395 50 8160 1 8244
396 31 18954 1 19683
397 14 13727 1 13819
398 53 7094 1 7228
399 37 19458 2 19617
400 8 13993 4 14532
401 31 11514 3 11582
402 50 3664 2 3813
403 58 7335 1 7846
404 58 2507 3 2541
405 38 13228 2 13717
406 47 10226 1 10761
407 55 18420 1 18755
408 9 5303 5 5679
409 18 19447 1 19816
410 14 5151 6 5244
411 36 4028 1 4333
412 23 11845 2 12202
413 14 5408 1 5611
414 48 6727 1 6835
415 2 11601 3 11954
416 58 18199 1 18632
417 58 7643 1 7861
418 37 12254 1 12336
419 47 9427 1 9928
420 47 17302 6 17623
421 50 4241 1 4736
422 29 18637 4 18863
423 32 12846 1 12950
424 58 7943 1 8336
425 48 14605 1 14854
426 14 14339 4 14363
427 8 17277 3 17478
428 47 4753 2 4771
429 47 19839 6 20041
430 50 16222 1 16692
431 61 9346 2 9558
432 32 1507 3 1977
433 55 6439 2 6675
434 31 800 2 1305
435 55 19471 3 19995
436 39 1050 1 1486
437 14 3105 1 3302
438 12 898 3 1271
439 60 17915 6 18227
440 3 18492 2 18841
441 24 8171 3 8190
442 14 1830 3 1958
443 14 19737 3 19907
444 60 15707 2 16093
445 62 2676 1 3153
446 37 14864 2 15113
447 16 17235 2 17721
448 29 3531 2 3665
449 55 11473 3 11842
450 14 13230 3 13506
451 48 2496 2 2740
452 50 8506 1 9007
453 15 14417 1 14709
454 56 5996 1 6437
455 39 1757 1 2161
456 32 17005 1 17186
457 12 14618 1 15719
458 31 12646 1 12690
459 11 10369 1 10468
460 47 7073 3 7333
461 58 19822 3 20305
462 39 3000 2 3534
463 61 19627 2 19894
464 31 11172 1 11717
465 13 16156 1 16208
466 2 8431 1 9392
467 5 6869 5 7160
468 2 12979 1 13186
469 61 106 1 826
470 56 19930 2 20443
471 48 12899 2 13176
472 44 19870 2 20016
473 10 1254 1 1893
474 58 16691 1 16836
475 41 8984 2 8990
476 31 13534 1 14199
477 14 58 1 553
478 61 18496 2 18999
479 50 1704 1 1794
480 58 17033 1 17158
481 55 8499 3 8590
482 16 897 2 1342
483 59 18211 1 18666
484 39 13122 3 13272
485 37 1902 1 2216
486 14 6268 1 6787
487 2 15270 1 15644
488 44 3703 2 3937
489 10 17527 1 17602
490 52 12952 5 13396
491 61 19929 3 20440
492 61 12088 1 12634
493 37 5637 2 6032
494 31 16060 1 16542
495 58 18686 1 19115
496 31 8625 2 8995
497 47 17927 4 18037
498 44 3967 1 4184
499 15 14977 6 15427
500 16 16054 1 16414
501 53 5470 2 5541
502 2 14309 2 14501
503 47 12326 1 12496
504 37 4998 1 5400
505 9 2639 2 2978
506 61 5396 2 5624
507 5 17844 1 18044
508 41 6788 2 7305
509 10 2433 1 2545
510 58 8783 1 9090
511 37 8757 1 8902
512 31 10878 2 10940
513 39 4181 1 4409
514 57 5022 3 5528
515 35 277 6 799
516 44 12729 1 13164
517 14 753 2 865
518 12 2009 5 2321
519 47 12552 2 12920
520 61 5740 1 7203
521 55 19729 5 19948
522 18 1662 1 3131
523 27 1381 1 1818
524 61 10895 2 11245
525 13 16476 3 16672
526 2 5744 2 6232
527 16 19430 4 19640
528 11 10724 2 11213
529 39 13775 2 14114
530 38 17248 1 17768
531 49 12452 1 12769
532 13 13702 2 13768
533 32 13199 2 13427
534 47 10711 2 10975
535 41 11791 1 12171
536 38 16621 1 17189
537 53 9973 2 10458
538 22 3228 1 3390
539 13 4504 1 5038
540 50 1171 1 1209
541 41 19211 3 19640
542 48 702 4 728
543 58 10401 4 10803
544 27 15240 3 15738
545 18 2542 3 2853
546 39 2428 1 2666
547 5 14914 7 15116
548 50 14655 1 15147
549 16 6393 1 6698
550 55 6167 1 6363
551 15 14119 1 14649
552 35 8789 1 9746
553 53 11830 1 12273
554 27 8267 1 8758
555 13 10357 4 10784
556 60 7566 4 7785
557 55 1152 2 1612
558 53 7974 1 8093
559 50 11800 1 12450
560 16 4189 4 4588
561 15 1111 2 1414
562 60 1917 1 2857
563 49 18654 2 18740
564 50 16284 1 16602
565 61 2233 1 2299
566 16 4252 1 4617
567 55 1678 1 1911
568 22 7242 1 7255
569 48 8948 1 9788
570 18 18217 2 18385
571 3 9799 1 9862
572 13 15395 2 15702
573 36 16420 2 16588
574 56 806 4 1053
575 11 4044 2 4588
576 16 1503 1 1592
577 11 8647 1 9028
578 49 12759 1 13239
579 39 5368 2 5918
580 53 6998 1 7283
581 14 10654 4 10861
582 37 13215 1 13294
583 44 5352 1 5583
584 52 15191 1 15366
585 14 15101 3 15592
586 32 17896 3 18386
587 35 7526 1 7839
588 49 3013 1 3111
589 44 2229 1 2304
590 45 10323 1 10835
591 22 5054 1 5581
592 62 18786 2 18887
593 48 18981 1 19165
594 56 9719 2 9864
595 18 19553 1 19677
596 29 949 3 1216
597 62 7928 2 8017
598 11 8584 1 8805
599 9 15700 3 16124
600 9 4561 4 4965
601 44 1633 1 1944
602 5 19063 1 19578
603 52 8740 2 9095
604 22 17768 2 17933
605 48 15782 5 15939
606 19 8786 2 9144
607 16 16066 2 16751
608 31 14431 3 14671
609 31 9550 2 9623
610 11 7605 1 7936
611 22 350 2 709
612 45 12969 1 13200
613 47 10192 5 10454
614 45 3760 2 4286
615 37 4056 2 4478
616 53 5559 1 5763
617 58 7609 1 8144
618 2 3215 2 3461
619 13 1808 4 2155
620 3 18117 1 18505
621 3 18783 1 20601
622 38 16668 1 17100
623 37 7811 1 7954
624 50 8265 3 8392
625 49 15651 1 16078
626 8 1598 1 1609
627 37 17565 1 17864
628 48 14394 3 14483
629 61 19043 3 19342
630 61 7291 1 7712
631 61 7494 1 7837
632 29 19840 1 20276
633 50 15277 1 15767
634 55 5978 2 6220
635 16 11417 2 12165
636 2 14483 2 14839
637 50 13592 1 14444
638 20 908 1 1104
639 57 6104 2 6136
640 15 10600 1 10828
641 44 16105 1 16199
642 55 7965 2 7994
643 48 6367 3 6936
644 16 9844 1 10283
645 55 8703 5 9227
646 11 13114 4 13383
647 42 4028 4 4126
648 2 2993 5 3117
649 27 908 5 1068
650 58 9647 4 10330
651 48 17326 3 17571
652 60 5139 2 5490
653 28 9043 4 9216
654 27 14514 5 14733
655 31 2641 3 2929
656 37 2398 1 2558
657 29 16080 2 16624
658 47 19583 2 19649
659 48 4025 2 4101
660 55 3508 1 3679
661 41 7519 1 7975
662 58 19516 1 19615
663 57 17704 1 17747
664 56 11476 2 11956
665 22 311 1 444
666 41 16214 4 16346
667 11 3859 3 3932
668 41 14694 4 14759
669 52 885 3 1009
670 56 9515 3 9571
671 42 13640 2 13903
672 44 16429 1 17199
673 32 12377 2 12868
674 37 2018 2 2445
675 55 1067 4 1599
676 31 12722 3 12971
677 58 8356 1 8630
678 50 5919 1 6412
679 31 2959 1 3227
680 47 8965 2 9473
681 3 19838 1 20383
682 23 19266 3 19529
683 15 3982 3 4458
684 47 5674 2 5959
685 61 2327 3 2353
686 50 17129 1 17187
687 12 8712 4 9231
688 16 11585 2 11669
689 2 10268 4 10315
690 29 5988 3 6474
691 48 18149 7 18377
692 37 19884 1 20141
693 49 16818 1 17126
694 29 11724 2 11931
695 50 1821 1 2089
696 57 11377 1 11800
697 47 752 2 824
698 27 1359 5 1384
699 55 10314 1 10411
700 14 19179 2 19711
701 31 14759 1 15017
702 35 11127 4 11633
703 55 8257 1 8689
704 50 9119 3 9519
705 12 9555 1 9935
706 12 4237 1 4479
707 31 10781 2 11002
708 50 2794 1 3312
709 13 17463 5 17651
710 27 11141 5 11582
711 55 18320 2 18493
712 22 4353 1 5126
713 50 2893 1 3583
714 10 9555 1 9706
715 52 3642 4 4009
716 55 5080 1 5769
717 16 11713 1 12227
718 20 9265 4 9636
719 35 2658 2 2696
720 48 18492 1 18840
721 24 4951 3 5367
722 11 17324 2 17729
723 18 18984 1 19386
724 12 2643 2 3034
725 58 15021 2 15249
726 31 3372 2 3737
727 32 12177 4 12195
728 36 7088 1 7177
729 42 16750 2 16953
730 20 12611 1 12659
731 22 6159 3 6554
732 41 1599 1 1771
733 37 1107 1 1177
734 14 1991 1 2114
735 2 1450 2 1681
736 5 4865 5 5259
737 15 7887 5 7972
738 22 10583 1 10650
739 41 46 1 253
740 14 9505 1 9580
741 53 4406 4 4844
742 12 6969 1 7193
743 11 16176 1 16526
744 61 14505 1 14910
745 44 11673 1 12176
746 49 6028 5 6513
747 35 18533 2 18708
748 14 7321 2 7490
749 16 4593 2 4778
750 2 9485 1 10218
751 48 18885 1 18912
752 52 11302 2 11424
753 15 2511 1 3027
754 2 12020 3 12095
755 41 15679 1 15977
756 29 5385 1 5570
757 24 3789 2 3869
758 2 19887 3 20177
759 50 9404 1 9557
760 31 12322 2 12519
761 16 2337 3 2591
762 32 14617 1 15570
763 2 4664 1 4970
764 5 15185 1 15469
765 22 7301 2 7719
766 47 8934 3 8976
767 56 7703 2 7732
768 22 18979 1 19124
769 56 19735 2 20036
770 38 17364 1 17856
771 52 733 1 1782
772 22 8942 3 9364
773 61 4866 2 5305
774 36 17384 1 17896
775 57 5202 1 5479
776 32 14037 2 14623
777 14 10995 1 11082
778 48 18367 1 18872
779 15 11524 1 11675
780 42 9323 1 9461
781 16 15651 2 16015
782 42 18197 1 18844
783 47 3644 2 3709
784 55 6235 2 6779
785 58 4276 1 4390
786 31 6219 4 6394
787 9 12779 2 13108
788 36 6052 3 6081
789 49 11506 1 11966
790 37 14607 1 14667
791 56 1997 4 2019
792 29 14617 1 15045
793 44 13624 1 13731
794 22 1103 4 1499
795 22 16519 1 17070
796 16 14296 1 14881
797 3 18638 1 18748
798 32 6686 2 6860
799 50 6081 1 6332
800 9 703 1 1234
801 55 5797 5 5875
802 41 1090 2 1104
803 62 13911 2 14106
804 58 14167 3 14348
805 22 15167 4 15503
806 8 13222 4 13647
807 31 3265 1 3514
808 18 1842 3 2362
809 55 7994 1 8997
810 47 9168 1 9382
811 15 6947 2 7355
812 53 12292 2 12304
813 9 432 2 758
814 13 14975 2 15220
815 11 5772 1 6196
816 60 16458 2 16544
817 47 16144 2 16345
818 44 19214 2 19757
819 15 4689 1 4810
820 58 14785 3 14980
821 16 14931 1 14970
822 15 12880 3 13344
823 22 8003 1 9799
824 2 14625 1 14985
825 41 13504 3 13873
826 22 19138 1 19588
827 11 6110 2 6214
828 15 13773 1 14229
829 5 3433 2 3897
830 48 12815 2 13306
831 23 1307 1 1762
832 22 8526 1 8551
833 55 3403 1 5106
834 48 457 2 783
835 31 7889 1 8199
836 47 7819 1 8046
837 48 13499 1 13928
838 2 17943 4 18322
839 4 10941 1 11266
840 32 10185 3 10546
841 44 15352 1 15507
842 22 15541 3 16036
843 53 17865 3 18356
844 13 17027 1 17198
845 28 4278 4 4384
846 16 4621 1 5070
847 58 19465 3 19773
848 13 13096 4 13245
849 61 7079 1 7442
850 18 1489 7 1627
851 36 4872 4 5131
852 16 9479 1 9748
853 22 14110 1 14274
854 2 18785 3 19329
855 16 19224 1 19547
856 58 14353 2 14610
857 18 2382 2 2910
858 60 10428 1 10646
859 48 8512 2 8883
860 49 13255 5 13498
861 32 1450 1 1910
862 42 18714 3 18762
863 3 10021 2 10390
864 5 8239 2 8639
865 55 11394 2 11903
866 22 19415 2 19848
867 5 2434 8 2589
868 36 10427 1 10817
869 8 4869 1 5058
870 33 4000 1 4130
871 31 4763 1 4924
872 55 16240 4 16755
873 49 10918 1 11019
874 13 14591 6 14673
875 2 6901 1 7361
876 29 1997 2 2227
877 50 13668 3 13904
878 47 1944 2 2326
879 55 4893 2 5014
880 53 5906 1 6154
881 31 11709 2 12067
882 14 4620 4 4723
883 22 19608 3 20153
884 22 7733 1 8310
885 16 5080 1 5313
886 44 13648 1 14115
887 13 1763 1 2210
888 36 9955 1 10161
889 13 17166 3 17499
890 48 945 1 1442
891 22 7152 1 7219
892 22 15571 2 15842
893 22 7181 3 7367
894 44 7152 1 7342
895 42 15148 4 15668
896 50 15883 1 16272
897 15 12432 2 12646
898 13 16392 1 16397
899 59 19600 5 20080
900 47 3110 1 3241
901 14 16817 2 17188
902 12 4123 4 4176
903 58 8162 1 8522
904 58 12883 1 13191
905 22 14910 1 15330
906 12 10263 1 10435
907 58 2671 1 2822
908 61 14250 1 14601
909 32 897 1 1333
910 56 10678 2 10725
911 10 2429 1 2916
912 41 14225 3 14543
913 22 9836 1 9912
914 16 14752 2 14793
915 14 11178 2 11407
916 55 5185 1 5973
917 14 14529 2 15017
918 60 17209 2 17415
919 13 17216 1 17745
920 50 5513 1 5867
921 58 19914 1 20417
922 2 3581 2 4253
923 3 9913 1 10070
924 15 13545 1 13584
925 55 19063 5 19613
926 13 5426 3 5774
927 58 4394 4 4480
928 45 492 1 757
929 13 15730 2 16149
930 60 18849 2 19159
931 55 1446 2 1881
932 39 7797 2 8006
933 44 5494 1 5886
934 61 9845 1 10316
935 16 12668 2 13058
936 44 17300 1 17949
937 58 11935 1 12133
938 39 14480 1 14821
939 11 4102 1 4458
940 50 8400 1 8556
941 2 6567 1 7104
942 42 17826 3 18176
943 41 19900 2 19984
944 16 6557 2 6871
945 39 3971 2 4086
946 39 17283 1 17645
947 56 12462 2 12846
948 44 12493 1 12938
949 14 5748 3 6102
950 31 6663 1 6788
951 32 9238 3 9659
952 36 13762 2 14207
953 35 6889 3 7061
954 48 3830 2 3954
955 2 16268 4 16651
956 41 13474 1 13723
957 41 1160 6 1348
958 55 2791 8 3031
959 55 957 1 1014
960 11 14293 5 14629
961 44 10202 1 10495
962 18 2953 1 3399
963 44 12194 2 12469
964 50 5551 1 6021
965 3 10463 3 10872
966 52 11923 1 12111
967 32 1325 1 1885
968 39 12362 1 12546
969 48 6186 2 6645
970 29 4514 1 4566
971 12 12222 3 12714
972 31 12982 3 13321
973 22 12184 1 12456
974 44 2877 1 2926
975 22 11681 4 11898
976 18 3151 1 3385
977 41 4985 2 5449
978 32 18212 1 18527
979 2 4353 1 4485
980 52 10055 3 10192
981 58 12103 2 12544
982 3 9557 1 10021
983 49 923 4 1409
984 2 10700 1 10744
985 48 15354 3 15655
986 52 7684 2 7969
987 12 13965 2 14071
988 44 12563 1 12702
989 11 753 7 1071
990 48 19740 1 19842
991 28 7105 4 7640
992 49 5278 6 5731
993 61 13867 2 14321
994 53 9508 3 9723
995 18 2070 3 2294
996 14 17886 3 17893
997 31 7213 1 7734
998 41 829 2 899
999 55 7177 2 7386
1000 16 3198 2 3266
1001 50 903 1 1298
1002 13 4773 5 5021
1003 61 17393 1 17590
1004 55 9544 1 9739
1005 16 13548 2 13826
1006 35 16047 1 16729
1007 9 4133 6 4219
1008 42 16257 2 16719
1009 22 14656 1 15161
1010 42 18823 3 19050
1011 49 10299 3 10825
1012 58 19657 1 20127
1013 60 3397 2 3689
1014 47 10534 1 10553
1015 39 11302 2 11540
1016 32 12452 2 12911
1017 10 14319 2 14686
1018 10 14624 1 14867
1019 47 9514 3 9571
1020 52 13607 2 14081
1021 39 2724 3 2967
1022 60 3862 4 4089
1023 31 14287 3 14721
1024 9 19426 3 19621
1025 49 12304 1 12605
1026 29 16900 2 17309
1027 22 19868 2 19969
1028 60 6317 4 6796
1029 53 6796 1 7269
1030 52 4012 1 4366
1031 37 13054 2 13073
1032 29 3799 1 3907
1033 53 9234 1 9326
1034 52 18449 1 18938
1035 48 3321 2 3700
1036 47 3075 6 3559
1037 28 17859 3 18117
1038 58 778 1 1386
1039 22 9139 2 9671
1040 28 1256 2 1269
1041 31 9014 1 9477
1042 13 12296 1 12830
1043 49 17863 7 18231
1044 58 17554 3 17684
1045 31 2416 2 2514
1046 22 2066 4 2104
1047 47 484 4 718
1048 12 14651 1 14911
1049 13 16729 1 16901
1050 15 12994 1 13283
1051 12 13320 2 13722
1052 27 1455 4 1788
1053 45 1225 3 1321
1054 47 18118 6 18431
1055 2 6085 1 6387
1056 60 15230 3 15319
1057 13 15787 1 17104
1058 61 16956 1 17392
1059 50 3494 2 3744
1060 3 18581 2 19282
1061 13 727 1 945
1062 12 8221 2 8483
1063 18 19851 2 20312
1064 15 5344 5 5707
1065 5 13268 1 13422
1066 55 6145 1 6316
1067 39 6613 2 7083
1068 37 15341 1 15513
1069 14 8959 1 9303
1070 11 12226 1 12378
1071 53 7255 2 7426
1072 41 12174 2 12207
1073 14 3420 5 3961
1074 31 9017 2 9242
1075 37 3674 1 3744
1076 4 14881 1 15189
1077 13 16675 1 17139
1078 22 19095 3 19157
1079 52 11961 1 12155
1080 52 3721 1 4981
1081 4 4895 1 5090
1082 31 7857 2 7938
1083 48 3706 5 3877
1084 55 3950 1 4231
1085 18 19696 2 20112
1086 23 4920 2 5033
1087 11 6392 1 6502
1088 48 19238 1 19661
1089 16 12264 1 12800
1090 5 10120 1 10425
1091 15 18055 3 18122
1092 18 1793 2 1831
1093 22 2744 4 3181
1094 13 11693 8 12060
1095 12 17684 1 18169
1096 9 11806 1 11838
1097 42 16238 1 16955
1098 52 10595 1 11473
1099 31 17798 3 18118
1100 2 17150 2 17457
1101 61 998 2 1529
1102 10 3202 3 3278
1103 50 8055 1 8427
1104 55 3769 4 4022
1105 2 4354 4 4751
1106 56 19522 1 19797
1107 39 15941 3 16316
1108 60 8947 2 9212
1109 47 891 6 1293
1110 31 5865 3 5885
1111 44 9106 2 9656
1112 14 11912 2 11996
1113 52 16504 3 17023
1114 49 1470 2 1951
1115 52 12157 1 12317
1116 48 3348 1 3859
1117 5 3519 2 3877
1118 48 11869 2 12598
1119 49 12901 1 13421
1120 44 15018 1 15108
1121 16 16419 1 16775
1122 32 13847 1 14447
1123 44 7856 2 8566
1124 44 16467 1 16590
1125 48 2839 1 2951
1126 22 2316 4 2331
1127 31 11954 3 12737
1128 22 18034 1 19064
1129 8 10104 1 10493
1130 58 6323 3 6358
1131 15 1096 1 1780
1132 39 14973 1 15322
1133 30 5741 5 6148
1134 31 10945 1 11378
1135 49 271 4 424
1136 31 6568 2 6927
1137 35 17700 4 18219
1138 11 16401 1 16818
1139 28 9962 3 10161
1140 22 2505 1 2727
1141 16 15884 1 16220
1142 58 18093 3 18571
1143 31 4690 2 5221
1144 50 13072 1 13412
1145 44 16053 1 16104
1146 44 3013 1 3213
1147 29 507 1 1021
1148 16 17647 1 17773
1149 61 3374 1 3892
1150 2 3478 1 3496
1151 31 12085 1 12564
1152 37 15610 1 16106
1153 12 6927 3 7499
1154 2 7552 3 7790
1155 50 1459 1 1752
1156 35 19044 1 19085
1157 48 262 1 673
1158 58 18578 3 19052
1159 3 17365 1 17436
1160 48 3002 3 3077
1161 48 12173 5 12648
1162 42 17892 1 18283
1163 37 16581 1 16748
1164 53 18077 1 18442
1165 2 11340 2 11566
1166 47 984 1 1044
1167 14 15767 2 16052
1168 9 3321 1 3604
1169 48 7665 3 8075
1170 12 3044 1 3131
1171 24 10351 4 10385
1172 3 9279 3 9379
1173 5 13750 5 13971
1174 11 11369 1 11583
1175 50 6374 1 6954
1176 19 13132 1 13316
1177 13 12219 1 12642
1178 41 17418 2 17721
1179 29 11255 1 11713
1180 48 13188 6 13232
1181 60 5568 3 6099
1182 18 18952 2 19368
1183 48 14104 3 14153
1184 14 4102 3 4301
1185 3 19748 1 20176
1186 8 10829 2 11311
1187 18 1872 1 1911
1188 55 9221 1 9745
1189 32 13392 1 13817
1190 47 14987 1 15496
1191 8 15954 1 16260
1192 32 12932 2 13309
1193 55 10176 1 10400
1194 52 5057 3 5275
1195 32 18463 2 18882
1196 29 17322 1 17786
1197 11 10473 1 10606
1198 36 8505 4 8699
1199 50 1878 2 2154
1200 39 17089 1 17140
1201 29 8778 1 8952
1202 16 17853 3 18292
1203 18 18940 1 19024
1204 2 17418 1 17757
1205 14 8362 4 8668
1206 39 584 1 706
1207 22 483 3 913
1208 23 10190 1 10344
1209 33 1341 1 1642
1210 13 6138 3 6150
1211 10 4822 1 6083
1212 22 4252 1 4424
1213 10 7630 1 7754
1214 48 17761 4 18122
1215 52 10643 2 11032
1216 48 17659 4 17694
1217 38 16479 1 16643
1218 8 15061 4 15488
1219 47 1338 1 1567
1220 23 4245 1 4438
1221 29 15421 1 15772
1222 38 13721 1 13885
1223 24 4245 2 4658
1224 48 4989 3 5184
1225 49 11686 1 11911
1226 32 1486 1 1501
1227 50 2260 2 2418
1228 22 16123 5 16485
1229 10 15294 2 15820
1230 52 9491 1 9536
1231 48 16042 4 16405
1232 44 12048 1 12387
1233 44 4062 1 4196
1234 29 3953 1 4353
1235 3 17885 2 18065
1236 48 13696 6 14076
1237 35 2930 1 3174
1238 15 6210 1 6545
1239 15 17258 3 17470
1240 47 8093 1 8247
1241 39 16911 1 16935
1242 3 10629 1 10840
1243 24 6999 1 7218
1244 12 16125 2 16219
1245 31 14776 1 15291
1246 31 15450 3 15597
1247 31 15722 5 15773
1248 28 2281 2 2746
1249 27 2324 5 2475
1250 52 14355 1 14459
1251 32 15287 2 15583
1252 5 7162 1 7520
1253 14 10081 1 10606
1254 15 11193 2 11291
1255 55 6852 1 7313
1256 15 16921 1 17025
1257 47 3598 4 4090
1258 44 1700 1 2036
1259 22 4687 2 5051
1260 2 16939 3 17409
1261 50 15654 1 15769
1262 3 17888 1 17933
1263 13 6253 1 6502
1264 10 11762 2 12185
1265 13 18155 2 18286
1266 31 1312 1 1540
1267 58 11647 1 11797
1268 47 4096 1 4339
1269 57 15459 1 15664
1270 57 707 1 809
1271 31 11037 1 11226
1272 18 18630 2 18935
1273 47 12780 2 13274
1274 12 12572 2 12728
1275 55 926 2 932
1276 39 13412 1 13875
1277 47 1635 1 1916
1278 48 14296 5 14560
1279 44 14444 1 14667
1280 39 9717 1 10133
1281 13 12230 1 12284
1282 56 8988 1 9279
1283 29 7932 3 8217
1284 55 3185 1 3290
1285 41 9444 3 9703
1286 15 59 1 354
1287 10 19548 1 19582
1288 18 19039 3 19176
1289 57 2637 1 2709
1290 16 4966 2 5292
1291 61 5939 2 6272
1292 27 9360 3 9707
1293 14 18049 1 18434
1294 55 18736 1 18988
1295 60 7863 2 8172
1296 36 7350 7 7641
1297 32 12432 2 12777
1298 3 9431 1 9869
1299 36 2705 1 2943
1300 31 6398 4 6525
1301 36 13668 3 13909
1302 9 6551 3 6903
1303 22 14069 2 14253
1304 31 5578 1 6210
1305 16 13688 1 13908
1306 19 10104 2 10447
1307 53 5429 1 6693
1308 44 13315 1 13443
1309 48 19170 1 19735
1310 16 12384 1 12436
1311 44 3072 1 3505
1312 61 4005 2 4147
1313 22 18444 2 18512
1314 48 8887 1 8939
1315 16 14138 2 14621
1316 44 393 1 879
1317 16 17028 4 17227
1318 41 17822 6 18103
1319 50 17273 1 17656
1320 29 15478 2 15578
1321 22 5127 1 6702
1322 49 6327 1 6411
1323 58 14618 1 14931
1324 10 10883 1 11015
1325 15 522 6 527
1326 48 19661 3 19933
1327 14 4394 1 4495
1328 11 10128 3 10199
1329 38 17145 2 17275
1330 16 10980 3 11343
1331 61 13399 2 13443
1332 44 442 1 927
1333 48 14042 7 14311
1334 48 266 1 404
1335 13 16182 4 17043
1336 50 8876 1 9254
1337 39 117 1 235
1338 56 4203 3 4666
1339 3 19942 1 20156
1340 28 2867 1 3339
1341 10 8166 1 8232
1342 37 16216 1 16318
1343 49 7903 4 8268
1344 22 1439 2 1596
1345 8 4424 2 4713
1346 45 2621 2 2949
1347 39 785 1 976
1348 22 16474 3 16967
1349 15 3472 6 3661
1350 55 4911 1 4971
1351 19 1631 1 1989
1352 55 7542 2 7932
1353 10 14736 2 15147
1354 16 11362 1 11575
1355 50 12702 1 13208
1356 13 15597 4 15752
1357 37 1210 1 1237
1358 50 8500 1 8583
1359 39 7154 1 7553
1360 58 4363 1 4843
1361 11 3452 1 3640
1362 22 15934 2 16226
1363 2 1165 1 1211
1364 44 14712 1 15102
1365 39 19423 1 19900
1366 41 14036 2 14044
1367 47 15700 1 16092
1368 24 17503 2 17914
1369 29 136 1 632
1370 50 7012 2 7337
1371 11 1956 2 2269
1372 37 302 1 834
1373 22 17524 2 17558
1374 47 1802 1 2281
1375 55 4566 1 4888
1376 8 189 2 428
1377 35 1999 1 2474
1378 11 15106 2 15410
1379 22 865 3 1060
1380 18 9301 1 10070
1381 22 3007 1 3029
1382 12 13402 1 13990
1383 12 1187 1 1638
1384 42 14140 3 14268
1385 15 1442 1 1737
1386 31 8657 4 9016
1387 13 16233 1 16432
1388 11 19467 1 19727
1389 10 8914 3 9340
1390 33 599 1 861
1391 37 18058 2 18318
1392 16 8679 2 8874
1393 44 18125 1 18465
1394 14 3033 2 3127
1395 36 10829 1 11130
1396 32 6742 1 7169
1397 58 13897 1 14049
1398 44 4349 2 4649
1399 61 1946 2 2295
1400 37 17000 2 17296
1401 2 12451 4 12536
1402 55 18894 6 19338
1403 29 15252 1 15378
1404 53 4224 2 4271
1405 14 13933 5 14202
1406 13 773 1 970
1407 47 16954 6 17082
1408 5 1196 1 1403
1409 50 10978 1 11237
1410 47 4603 1 4665
1411 57 5507 1 5674
1412 31 10868 1 11115
1413 16 9026 2 9067
1414 47 10616 3 10688
1415 47 12369 4 12650
1416 58 4762 3 5011
1417 55 18679 2 19123
1418 22 7926 1 8290
1419 44 4881 1 5201
1420 12 11356 4 11596
1421 58 13544 3 13843
1422 12 9528 1 9706
1423 35 16914 1 17078
1424 32 15025 1 15215
1425 50 4182 2 4234
1426 31 5586 4 5793
1427 61 17797 1 18257
1428 49 7319 2 7823
1429 28 11326 6 11700
1430 29 19173 1 19699
1431 60 6166 2 6269
1432 52 15536 1 15954
1433 22 9710 2 10237
1434 36 18129 5 18319
1435 16 6621 1 6850
1436 31 13330 1 13868
1437 22 13610 1 13843
1438 57 14258 2 14340
1439 10 14932 3 15180
1440 31 9635 1 10022
1441 3 19385 3 19673
1442 11 7983 2 8253
1443 55 9164 1 9350
1444 50 1243 3 1386
1445 27 8176 1 8334
1446 48 11516 1 11790
1447 39 4512 1 4831
1448 8 8461 1 8480
1449 16 15397 1 15808
1450 32 7013 1 7533
1451 31 5313 2 5537
1452 29 7191 3 7573
1453 16 19612 3 20086
1454 58 16207 1 16629
1455 47 7199 2 7379
1456 15 9479 6 10008
1457 16 6850 1 7441
1458 49 19432 3 19669
1459 61 8860 1 9147
1460 38 16500 1 16620
1461 5 14127 1 14530
1462 39 8223 3 8305
1463 61 15088 2 15701
1464 48 10708 3 11060
1465 11 2665 3 3104
1466 10 17533 2 18044
1467 47 14955 3 15408
1468 50 15660 1 16185
1469 48 2130 1 2714
1470 31 19934 1 19956
1471 32 8027 2 8034
1472 2 13674 4 14218
1473 55 6852 1 7131
1474 56 15109 5 15297
1475 2 7126 1 7366
1476 15 18812 1 19197
1477 53 6159 2 6424
1478 35 7279 6 7518
1479 44 14376 1 14902
1480 29 11998 2 12335
1481 35 3404 1 4767
1482 48 2641 1 3163
1483 44 12410 1 12522
1484 11 367 2 690
1485 47 5742 2 6078
1486 4 4008 1 4505
1487 16 7967 1 8424
1488 58 19071 1 19152
1489 16 15175 1 15225
1490 31 18120 1 18356
1491 13 14613 5 14859
1492 22 15482 2 15926
1493 16 5957 2 6389
1494 55 8614 1 9051
1495 31 11722 5 11774
1496 55 9230 1 9831
1497 5 12592 1 12697
1498 14 5253 2 5406
1499 15 2838 3 3341
1500 47 5987 1 6489
1501 47 11738 1 11786
1502 16 13978 3 14023
1503 31 12770 2 13531
1504 16 13403 2 13665
1505 50 15166 1 15452
1506 55 6516 4 6645
1507 49 13680 1 14031
1508 44 9983 1 9989
1509 2 5242 4 5596
1510 48 5245 1 5720
1511 8 6367 1 6529
1512 41 10142 4 10511
1513 13 13755 3 13824
1514 50 11910 2 12039
1515 37 1569 1 1963
1516 50 7071 1 7576
1517 61 2872 1 3334
1518 36 2230 4 2519
1519 17 19518 1 19628
1520 52 15240 1 15611
1521 37 7010 1 7199
1522 27 8866 2 9117
1523 50 18058 4 18374
1524 35 19276 1 19648
1525 56 4113 6 4147
1526 58 12642 2 12850
1527 22 18672 1 18687
1528 44 4654 2 4660
1529 31 2112 1 2294
1530 60 13314 3 13721
1531 31 3976 2 4370
1532 10 2067 2 2261
1533 3 19357 1 19719
1534 52 10373 3 10631
1535 27 7937 2 8182
1536 29 10037 1 10315
1537 4 5495 1 5983
1538 58 5848 4 6038
1539 2 416 1 514
1540 16 9064 1 9352
1541 55 11830 1 11884
1542 37 9978 1 10486
1543 52 5420 1 6038
1544 38 13135 1 13733
1545 39 10145 1 10448
1546 61 8241 1 8776
1547 31 11880 1 11975
1548 16 9724 1 9734
1549 44 4927 2 5454
1550 55 10167 3 10445
1551 60 13831 4 14506
1552 50 6588 1 7038
1553 58 2569 1 2774
1554 55 18132 5 18616
1555 32 4739 1 4981
1556 58 7304 4 7457
1557 36 8119 1 8669
1558 61 14876 1 15811
1559 4 6271 1 6691
1560 27 8311 2 8625
1561 2 1233 1 1665
1562 42 13341 3 13533
1563 23 15289 1 15683
1564 48 19853 3 20322
1565 16 6051 1 6541
1566 28 10215 1 10490
1567 2 6823 2 6854
1568 36 11216 1 11553
1569 32 6383 1 6503
1570 23 16313 1 16512
1571 50 19008 4 19409
1572 31 7056 4 7107
1573 45 17175 1 17467
1574 55 7388 4 7919
1575 58 12556 1 12587
1576 22 4172 4 4470
1577 16 11255 1 11301
1578 31 17691 1 18120
1579 48 13358 7 13582
1580 18 18242 1 18696
1581 4 2880 1 3118
1582 47 12141 5 12305
1583 18 18159 3 18591
1584 29 5729 2 5946
1585 3 19401 4 19913
1586 16 14651 1 14985
1587 22 5752 4 6109
1588 35 17401 2 17649
1589 2 13436 2 13508
1590 31 16767 5 17108
1591 20 15036 2 15493
1592 55 5888 5 6087
1593 61 19928 3 20349
1594 35 12181 1 12282
1595 37 3119 2 3412
1596 48 9846 2 9855
1597 48 2938 2 3456
1598 37 19046 2 19541
1599 61 4172 2 4379
1600 37 11517 1 11778
1601 42 18956 1 19167
1602 3 18843 2 19278
1603 22 4498 1 4670
1604 58 19884 1 20393
1605 48 12771 4 12880
1606 48 867 1 940
1607 24 5226 1 5630
1608 60 12914 5 13214
1609 15 10050 6 10549
1610 16 18107 3 18449
1611 50 14045 2 14395
1612 52 9641 1 9739
1613 31 2139 4 2595
1614 2 10323 2 10693
1615 11 14661 1 15024
1616 53 4218 1 4406
1617 55 3043 1 3441
1618 2 664 1 1156
1619 44 2586 1 2991
1620 35 7904 6 8370
1621 52 19894 3 20077
1622 29 10534 4 10974
1623 38 13861 2 13952
1624 50 1703 2 2038
1625 3 9289 3 9556
1626 55 7474 4 7487
1627 31 6786 3 6851
1628 27 9653 1 9856
1629 45 15224 1 15609
1630 58 4423 2 4647
1631 48 14261 3 14653
1632 29 12873 4 13409
1633 48 4248 1 4463
1634 58 12846 2 13144
1635 2 7803 1 7976
1636 55 10190 1 10561
1637 47 15655 1 15961
1638 42 18563 3 18713
1639 10 9312 1 9490
1640 16 15014 2 15084
1641 47 1482 1 1790
1642 32 6916 2 7276
1643 39 15563 1 15821
1644 37 849 2 1359
1645 32 17571 1 18060
1646 11 2112 2 2141
1647 58 18007 3 18513
1648 62 16142 3 16544
1649 47 14298 2 14644
1650 22 3407 4 3919
1651 58 17061 1 17238
1652 31 8046 1 8111
1653 61 16604 2 16954
1654 57 14228 2 14720
1655 55 18169 1 18255
1656 37 8917 2 9183
1657 58 16328 2 16809
1658 31 2912 2 3350
1659 37 11307 3 11380
1660 60 2872 3 3355
1661 11 18834 1 19267
 调度评估结果
1. 任务等待评估 (Σ 等待×权重): 0
2. 任务完成评估 (最大完成时间): 20601
3. GPU显存空闲评估 (平均空闲): 15508.16 GB/时间片
 额外统计
已调度任务               : 1661/1661
平均等待时间            : 0.00
各服务器任务分布      : 服务器2=50, 服务器3=35, 服务器4=9, 服务器5=22, 服务器8=16, 服务器9=14, 服务器10=32, 服务器11=38, 服务器12=30, 服务器13=48, 服务器14=50, 服务器15=44, 服务器16=78, 服务器17=2, 服务器18=29, 服务器19=5, 服务器20=4, 服务器22=85, 服务器23=11, 服务器24=10, 服务器27=19, 服务器28=11, 服务器29=43, 服务器30=6, 服务器31=77, 服务器32=40, 服务器33=3, 服务器35=26, 服务器36=21, 服务器37=48, 服务器38=11, 服务器39=42, 服务器41=30, 服务器42=21, 服务器44=57, 服务器45=8, 服务器47=65, 服务器48=80, 服务器49=27, 服务器50=75, 服务器52=40, 服务器53=28, 服务器55=77, 服务器56=21, 服务器57=14, 服务器58=68, 服务器59=4, 服务器60=28, 服务器61=52, 服务器62=7
