1 9 11871 3 11925
2 23 12104 1 12467
3 22 7214 1 7234
4 2 1797 1 2229
5 10 6231 1 6450
6 8 4685 1 5014
7 6 873 1 891
8 12 5339 2 5579
9 25 8018 4 8023
10 15 4304 1 4830
11 8 10612 2 11144
12 25 873 5 1331
13 15 7109 2 7557
14 14 4304 1 4435
15 2 7444 1 7604
16 10 8491 1 8709
17 14 10612 1 11160
18 21 5233 5 5377
19 10 8563 1 8721
20 6 3340 4 3801
21 14 747 1 1243
22 21 10195 5 10228
23 8 4372 1 4524
24 14 1429 2 1545
25 2 9712 1 9948
26 6 3253 1 4199
27 9 7274 6 7552
28 14 7109 1 7600
29 24 5022 1 5116
30 14 7079 1 7605
31 16 10501 2 10945
32 10 4796 1 4932
33 15 11847 1 11864
34 24 747 3 1242
35 13 123 1 663
36 2 2028 1 2065
37 10 10933 2 11331
38 24 10195 3 10612
39 14 9712 4 9877
40 22 2888 7 2916
41 24 9712 1 10032
42 13 5261 1 5478
43 14 11990 3 12491
44 10 753 1 1251
45 10 1751 1 1981
46 12 934 1 943
47 17 1506 2 1845
48 2 4304 1 4822
49 2 4434 1 4543
50 8 8491 1 8809
51 6 8665 1 8900
52 24 10736 6 11201
53 24 11585 2 11808
54 17 11856 2 12212
55 12 4435 2 4935
56 2 11186 1 11210
57 10 6769 3 7096
58 8 2989 1 3510
59 10 9712 1 10131
60 9 747 1 1157
61 11 3768 2 4299
62 24 6231 1 6452
63 21 8228 3 8385
64 16 7152 3 7317
65 20 5043 7 5531
66 20 11210 4 11312
67 10 10018 1 10430
68 10 307 3 747
69 21 4818 1 5217
70 2 3893 1 4223
71 17 3612 1 5855
72 10 8534 1 8868
73 8 1549 2 1652
74 8 8665 2 8846
75 17 2459 2 2906
76 12 11721 1 12018
77 7 4913 1 5138
78 4 3612 4 3809
79 10 7347 2 7355
80 10 747 2 1230
81 8 7940 2 8398
82 24 3352 1 4014
83 16 9366 2 9845
84 24 747 4 1045
85 6 6757 2 6870
86 14 5339 4 5606
87 10 11779 1 11849
88 10 10612 3 10663
89 14 9366 3 9613
90 17 6426 1 7294
91 6 11144 1 11225
92 9 10018 4 10534
93 8 7792 1 8271
94 6 11606 2 11628
95 6 2107 2 2542
96 17 10501 1 11044
97 25 2962 2 3493
98 24 10018 1 10519
99 24 3768 5 3947
100 21 7109 2 7520
101 20 4372 1 4465
102 10 1293 2 1751
103 16 10054 2 10400
104 8 3768 3 4162
105 24 10612 6 10702
106 24 8228 2 8456
107 9 3296 7 3659
108 2 9712 1 10191
109 6 6757 1 7109
110 25 87 5 386
111 17 778 2 1287
112 1 6450 1 6803
113 13 1696 2 2228
114 24 1243 2 1269
115 2 916 1 984
116 22 4372 3 4751
117 10 2851 1 2989
118 22 3253 2 3651
119 10 7096 1 7152
120 24 4304 1 4473
121 16 2995 1 3285
122 21 3768 3 3835
123 2 5025 1 5373
124 25 11606 2 12046
125 6 4304 1 4465
126 24 2851 1 2916
127 6 9737 1 10268
128 10 881 2 1058
129 1 8721 3 9179
130 15 6150 2 6534
131 9 8228 7 8567
132 14 914 1 1018
133 24 268 5 311
134 2 7604 1 7931
135 14 9366 4 9691
136 15 9956 1 10492
137 2 3253 1 3531
138 21 10612 1 10827
139 2 10195 2 10336
140 24 1279 2 1817
141 12 8170 3 8192
142 5 5086 1 5248
143 25 782 1 1012
144 12 3377 7 3806
145 17 6150 1 6219
146 22 2083 1 2381
147 24 5131 2 5339
148 8 11721 2 12218
149 19 9776 1 10048
150 6 4913 1 5049
151 16 4372 2 4462
152 21 11721 6 12130
153 11 1218 1 1748
154 10 11994 3 12368
155 24 4473 1 4717
156 8 11606 1 12044
157 24 5001 1 5020
158 8 1490 3 1510
159 24 11808 6 12104
160 6 238 1 367
161 14 10054 1 10228
162 13 4304 1 4656
163 21 778 3 975
164 8 7274 3 7805
165 8 8534 1 8877
166 25 2851 1 2895
167 8 5314 1 5616
168 2 4304 1 4381
169 9 11721 4 11925
170 9 10195 2 10396
171 2 11044 2 11543
172 10 6589 2 6769
173 17 9374 2 9590
174 6 9712 4 9737
175 9 4304 2 4832
176 9 8721 1 9075
177 24 1193 3 1677
178 21 8456 2 8616
179 14 9956 2 10054
180 24 4716 2 5671
181 11 10195 1 10312
182 14 3354 1 3400
183 8 11144 3 11666
184 25 4304 3 4319
185 6 7792 4 7896
186 10 8721 1 9366
187 6 9374 1 9898
188 21 6150 2 6269
189 10 3768 1 4426
190 9 2888 6 3264
191 14 10268 4 10501
192 2 3768 1 3852
193 5 6231 2 6473
194 3 4498 1 5002
195 6 10268 5 10528
196 8 2024 4 2214
197 15 9366 2 9402
198 6 7749 1 8277
199 8 4846 2 5144
200 16 11968 3 12089
201 24 989 1 1137
202 10 3385 2 3768
203 2 8491 1 8934
204 2 881 2 1005
205 8 5241 3 5512
206 9 2091 1 2567
207 5 1073 1 1474
208 9 7940 2 7963
209 17 9712 1 10212
210 24 3106 1 3296
211 12 6231 1 6597
212 2 4750 2 4944
213 10 5719 2 6150
214 11 12104 1 12367
215 24 2888 1 3286
216 10 2851 1 3342
217 2 1695 2 1878
218 17 753 1 771
219 2 10018 2 10195
220 8 10501 1 10992
221 5 9737 2 10035
222 16 11450 2 11884
223 24 2038 1 2556
224 16 881 3 1303
225 24 5151 1 5338
226 24 7749 4 7792
227 5 8400 1 8450
228 24 11332 1 11585
229 2 7109 1 7444
230 9 75 1 468
231 5 8721 1 9097
232 9 9712 2 9804
233 8 3253 1 3418
234 8 11382 1 11396
235 2 11445 1 11937
236 8 8228 1 8451
237 6 8563 1 8647
238 10 10933 1 11636
239 22 2995 1 3248
240 10 11606 2 12156
241 13 6906 2 7442
242 6 11332 1 11370
243 8 4304 1 4372
244 10 7931 1 8534
245 14 8400 2 8633
246 24 1677 1 2280
247 10 747 1 753
248 6 11721 1 12225
249 5 1533 1 1625
250 8 7079 3 7238
251 20 6231 6 6777
252 24 5719 4 5935
253 8 4372 2 4740
254 8 11044 2 11075
255 24 2888 5 3106
256 21 11144 5 11333
257 21 7214 5 7758
258 6 6231 2 6642
259 10 8170 2 8491
260 23 8721 2 9008
261 19 4372 1 4555
262 7 8627 1 9056
263 10 6150 1 6589
264 2 3768 2 3859
265 14 5081 2 5326
266 10 9366 1 9735
267 10 9735 2 10047
268 8 891 1 1271
269 6 2459 4 2754
270 3 881 1 1101
271 12 11606 1 12010
272 14 11606 3 12080
273 6 11144 1 11606
274 14 1243 3 1330
275 8 5106 1 5313
276 12 6450 2 6895
277 21 1326 3 1801
278 14 4304 2 4794
279 2 10933 1 11445
280 5 7604 6 7999
281 23 10663 1 11024
282 24 1250 1 1960
283 2 6426 2 6852
284 14 8665 1 9241
285 24 1908 5 2052
286 24 10702 1 10727
287 5 2888 2 3167
288 8 8398 3 8665
289 10 1530 1 1716
290 7 9712 2 9878
291 24 11144 1 11332
292 14 1677 1 1930
293 24 11144 2 11367
294 2 8170 1 8275
295 22 908 2 1004
296 24 3296 2 3323
297 6 1497 2 1929
298 17 747 2 778
299 12 11044 3 11420
300 12 2933 1 3468
301 12 5212 2 5360
302 7 6906 1 7054
303 7 296 3 340
304 24 9813 1 10018
305 10 10663 2 10933
306 24 2459 2 2888
307 1 6757 1 7291
308 1 7214 4 7411
309 25 7109 1 7134
310 24 7648 1 7749
311 14 747 3 859
312 9 8398 2 8777
313 8 883 3 979
314 19 2888 3 2903
315 24 2459 1 2613
316 5 4304 3 4663
317 22 318 1 665
318 25 1751 2 2013
319 2 10787 1 11005
320 15 2888 2 2970
321 17 8170 1 8400
322 8 2912 1 3365
323 24 11367 1 11721
324 1 3768 3 4259
325 17 3386 2 3612
326 24 8721 1 9494
327 14 10501 4 10697
328 25 9712 4 9923
329 11 8721 1 9134
330 10 11332 1 11596
331 24 11721 1 12246
332 12 9776 1 10306
333 21 2888 2 3358
334 14 11606 4 11928
335 11 11991 1 12489
336 13 3874 1 4378
337 9 4913 2 5438
338 4 1108 3 1290
339 15 3312 2 3812
340 13 4435 2 4929
341 14 63 2 587
342 8 10501 1 10517
343 2 7749 1 8016
344 2 10760 1 10989
345 9 3768 1 4029
346 17 11847 1 12098
347 6 6231 3 6757
348 8 9956 4 10284
349 20 10195 3 10744
350 14 6150 1 6551
351 2 11954 3 12376
352 11 1202 1 1271
353 8 3768 1 4205
354 24 6452 4 6906
355 2 10195 1 10447
356 10 7152 1 7931
357 13 6450 2 6723
358 7 4304 3 4621
359 2 7109 1 7453
360 2 1047 1 1580
361 3 10018 3 10548
362 25 8491 4 8699
363 6 5049 1 5526
364 21 5090 6 5450
365 19 10018 4 10495
366 8 6906 1 7451
367 6 459 2 873
368 6 6870 2 7140
369 8 1120 1 1532
370 11 2888 2 3402
371 9 568 1 589
372 17 7931 1 8248
373 24 9776 3 10130
374 2 8228 2 8745
375 2 2995 1 3253
376 20 2851 2 3190
377 21 4473 7 4767
378 8 9735 1 9956
379 12 6757 3 6771
380 24 1914 1 2372
381 21 3846 2 4330
382 24 8456 1 8675
383 19 6450 4 6837
384 5 10663 2 10881
385 21 2062 8 2382
386 14 6551 4 7079
387 2 5047 1 5541
388 8 4372 1 4685
389 7 6150 1 6215
390 6 4304 1 4913
391 6 659 1 895
392 25 8534 1 8706
393 16 1677 1 2093
394 25 2284 2 2423
395 7 8400 1 8558
396 17 9712 1 10170
397 2 2888 2 3349
398 2 11776 2 11954
399 6 1999 1 2007
400 24 4484 2 4716
401 13 1143 1 1574
402 6 7214 3 7754
403 22 6231 6 6592
404 7 2250 1 2387
405 24 12104 2 12377
406 16 3768 1 4072
407 11 5081 2 5541
408 6 10612 5 11069
409 6 7109 3 7214
410 22 5176 4 5501
411 10 7109 2 7333
412 7 5339 3 5410
413 8 1271 3 1462
414 6 4937 3 5346
415 6 73 1 547
416 9 7152 1 7249
417 19 11954 2 12326
418 2 909 1 916
419 24 7940 2 8418
420 10 1123 1 1352
421 15 8400 2 8551
422 14 2888 3 3296
423 24 881 1 940
424 6 7152 1 7352
425 24 7152 3 7648
426 8 9712 3 9901
427 9 9366 3 9615
428 22 8534 2 8926
429 14 3835 2 4121
430 25 2459 2 2551
431 22 6906 1 6988
432 5 2181 2 2696
433 8 2989 1 3168
434 6 9366 1 9712
435 14 4435 1 4958
436 14 2072 1 2413
437 24 8418 4 8627
438 13 11606 1 12108
439 3 3074 1 3270
440 17 2906 1 3386
441 5 9366 2 9395
442 22 10501 1 10722
443 14 1985 1 2490
444 12 5178 4 5308
445 6 1751 2 2029
446 24 5339 1 6231
447 6 3838 4 3885
448 5 5339 3 5519
449 10 2049 2 2491
450 15 232 2 345
451 8 7604 2 7632
452 15 10501 1 11034
453 8 10195 1 10449
454 17 8400 1 8563
455 9 12104 1 12417
456 22 11847 1 11915
457 24 9366 3 9776
458 19 3296 1 3846
459 22 125 2 310
460 10 11606 2 11794
461 6 934 2 1368
462 17 6231 2 6426
463 17 1900 1 2327
464 8 6450 3 6974
465 6 8398 1 8657
466 8 7274 1 7812
467 12 6150 1 6351
468 24 2916 1 3349
469 10 4983 1 5576
470 24 9712 2 10018
471 7 6906 2 7163
472 19 7109 1 7197
473 17 6757 1 7952
474 20 2259 2 2785
475 25 6450 4 6944
476 10 4304 2 4722
477 2 2851 1 2995
478 10 5339 1 5719
479 6 7152 1 7742
480 13 7940 1 8367
481 19 8563 4 9113
482 12 10018 1 10406
483 8 11606 3 12071
484 24 4763 1 4914
485 21 9712 3 9815
486 22 8228 4 8341
487 17 18 2 560
488 10 6769 3 6992
489 15 748 1 1045
490 15 3902 1 4286
491 2 11606 2 11776
492 2 5719 1 5791
493 24 7931 3 8133
494 11 10018 1 10435
495 25 10501 4 10580
496 24 6757 2 7148
497 9 7931 5 8171
498 24 7792 2 7940
499 24 3768 1 4304
500 22 3768 2 4307
501 24 270 2 712
502 7 583 3 1007
503 24 8627 3 8865
504 9 6757 5 7274
505 5 7096 1 7565
506 17 8563 1 8646
507 24 9366 1 9492
508 21 7931 5 8350
509 16 3296 1 3708
510 6 11693 2 11698
511 8 2906 2 2942
512 5 8228 1 8284
513 24 11606 1 11669
514 12 9366 1 9898
515 3 3768 1 4122
516 10 2989 1 3385
517 10 7931 1 8170
518 22 12104 1 12372
519 11 8646 1 9189
520 8 4540 1 4846
521 25 10612 3 10690
522 6 8277 1 8539
523 9 1442 1 1889
524 5 10195 1 10537
525 19 3846 1 4325
526 2 7931 1 8228
527 9 2459 1 2572
528 22 2459 4 2744
529 5 881 3 1356
530 10 1982 1 2459
531 8 10018 2 10082
532 21 100 1 250
533 5 3768 1 4157
534 6 7931 1 8016
535 17 8646 1 9374
536 7 1751 3 1901
537 20 1799 7 1983
538 2 1038 1 1259
539 5 11585 1 11964
540 19 747 1 761
541 25 3768 2 4302
542 7 11721 2 11797
543 9 6426 6 6518
544 23 11847 2 11944
545 11 3768 1 3933
546 14 3296 2 3962
547 23 4435 2 4720
548 10 2459 1 2851
549 24 10612 1 11143
550 21 8627 2 8755
551 13 3768 2 3831
552 24 9366 1 9813
553 21 5396 1 5491
554 10 6450 2 6586
555 24 331 2 881
556 17 11044 1 11847
557 2 1384 3 1720
558 12 10501 6 10597
559 25 5154 1 5197
560 10 4426 1 5316
561 6 11954 2 12484
562 22 9366 3 9791
563 21 2459 3 2773
564 8 1758 2 1815
565 6 2754 1 3158
566 2 10855 1 10930
567 14 3400 1 3834
568 6 1008 1 1327
569 22 8491 1 8968
570 8 11758 1 11763
571 5 59 4 404
572 15 8721 2 8866
573 8 10296 4 10679
574 24 6906 1 7247
 调度评估结果
1. 任务等待评估 (Σ 等待×权重): 850791
2. 任务完成评估 (最大完成时间): 12491
3. GPU显存空闲评估 (平均空闲): 4329.44 GB/时间片
 额外统计
已调度任务               : 574/574
平均等待时间            : 253.50
各服务器任务分布      : 服务器1=5, 服务器2=48, 服务器3=5, 服务器4=2, 服务器5=21, 服务器6=50, 服务器7=14, 服务器8=54, 服务器9=27, 服务器10=53, 服务器11=12, 服务器12=19, 服务器13=12, 服务器14=36, 服务器15=14, 服务器16=12, 服务器17=26, 服务器19=11, 服务器20=8, 服务器21=25, 服务器22=21, 服务器23=5, 服务器24=74, 服务器25=20
