1 2 21716 3 21793
2 32 11518 2 11595
3 16 1585 6 1602
4 30 35599 3 35875
5 7 30691 1 30974
6 13 10302 4 10450
7 28 31729 5 31925
8 13 12899 2 13177
9 22 1351 2 1588
10 40 203 3 1091
11 4 12899 2 13199
12 23 34886 1 35848
13 6 6358 1 6573
14 55 21063 3 22060
15 13 18464 4 18738
16 12 30990 1 31729
17 9 802 3 842
18 22 34958 6 35264
19 55 10519 4 10564
20 27 802 3 1120
21 23 23768 1 24506
22 52 26624 3 27557
23 41 26708 3 26766
24 12 5994 3 6323
25 21 2496 1 2779
26 55 11518 3 11810
27 52 23533 3 23780
28 43 8510 8 8615
29 2 26129 6 26163
30 1 28294 2 29082
31 25 1351 6 1563
32 25 11744 3 11955
33 25 21716 5 21941
34 11 22369 1 23008
35 43 21716 3 21895
36 50 22369 5 22625
37 51 959 1 1046
38 6 21259 2 21317
39 30 8145 4 8301
40 27 34886 1 35161
41 43 34958 6 34987
42 44 15651 7 15822
43 12 10481 3 11082
44 43 22444 5 22767
45 21 6358 3 6589
46 25 18912 6 18939
47 54 16121 1 16178
48 25 13343 7 13677
49 55 19021 3 19319
50 12 34812 3 34839
51 21 776 6 1104
52 43 15184 3 16021
53 58 32919 5 33184
54 58 8615 4 8627
55 29 17470 3 17761
56 35 9961 1 10009
57 11 8180 2 9163
58 6 24749 4 24830
59 55 6917 2 7801
60 12 8123 2 8206
61 25 1585 2 2424
62 12 1 2 11
63 7 24749 4 25033
64 21 26209 2 26314
65 18 31729 2 31889
66 13 13177 4 13851
67 35 4985 2 5903
68 43 8180 3 8510
69 12 13084 5 13252
70 4 8408 1 8739
71 52 18908 4 18929
72 16 21455 6 21665
73 1 16138 4 16336
74 54 24952 2 25258
75 5 12899 2 13215
76 13 30998 5 31056
77 45 30513 6 30595
78 38 32615 5 32630
79 38 3944 6 4939
80 7 8408 3 8493
81 4 31056 1 31240
82 13 24970 2 25353
83 56 8510 4 8807
84 12 30990 2 31340
85 27 35599 2 36335
86 18 16110 3 16892
87 56 15456 1 16121
88 7 21063 1 21455
89 9 13677 4 13703
90 13 6358 1 6584
91 15 8180 5 8206
92 12 22933 2 23001
93 11 30990 1 31119
94 21 33296 2 33572
95 5 25137 6 25366
96 22 24749 2 25608
97 7 2054 1 2280
98 13 27193 5 27387
99 32 29525 4 29549
100 30 16178 2 16340
101 13 34594 2 34850
102 45 16110 3 16261
103 52 19729 2 19993
104 43 27193 3 27281
105 49 35599 1 35654
106 18 9987 2 10323
107 34 11827 4 11903
108 32 3266 5 3289
109 2 18795 4 18912
110 21 5994 6 6027
111 25 23947 7 24194
112 21 3266 2 3289
113 45 30990 1 31638
114 45 9961 4 10183
115 52 3944 3 4210
116 55 28555 4 28767
117 15 5924 7 6105
118 12 30668 5 30886
119 7 30289 3 30691
120 20 10157 2 10294
121 43 33083 4 33159
122 50 25829 7 26129
123 18 23947 3 24267
124 12 959 4 1066
125 1 31096 2 32018
126 2 23533 5 23591
127 45 26209 3 26515
128 28 25827 2 25900
129 56 35986 1 36060
130 56 24749 3 24773
131 12 28538 2 28702
132 28 31096 2 31335
133 13 3944 2 4026
134 54 6570 2 8145
135 5 207 3 530
136 45 3266 5 3521
137 52 31096 2 31234
138 33 7873 1 8086
139 42 33179 7 33247
140 54 30990 1 33299
141 41 2054 4 2219
142 6 95 1 1021
143 55 3359 3 4171
144 54 11518 1 11744
145 7 12899 2 13101
146 12 6358 1 6647
147 43 5924 8 6128
148 2 5093 4 5155
149 52 23001 2 23023
150 2 35502 3 35533
151 43 26129 3 27041
152 51 6570 2 6865
153 28 15084 3 15178
154 56 30974 7 31185
155 4 14314 1 14497
156 42 22453 1 22575
157 2 13601 2 13635
158 7 882 4 894
159 35 33179 3 33390
160 7 1470 1 1847
161 30 4362 3 4456
162 25 15184 2 15471
163 41 28709 3 28851
164 7 15491 7 16167
165 32 21063 4 21886
166 7 34778 1 35008
167 29 4985 5 5224
168 12 3266 1 3944
169 41 19567 5 19719
170 27 146 3 362
171 28 26209 2 26346
172 26 25137 6 25299
173 21 21455 4 21726
174 9 24749 6 25667
175 25 1043 5 1263
176 13 31056 1 31692
177 28 14314 1 14431
178 19 15084 7 15426
179 57 16110 1 16345
180 51 23533 2 23795
181 16 28018 4 28158
182 52 31729 2 31965
183 56 18795 3 18987
184 43 22239 3 22444
185 38 26129 3 26404
186 54 34594 1 34636
187 56 23947 3 24000
188 30 15084 3 15282
189 13 29394 7 30080
190 33 31056 1 31139
191 46 33179 3 33474
192 43 8615 6 8880
193 13 35986 3 36190
194 42 10519 7 10726
195 43 16121 5 16261
196 13 34958 2 34999
197 28 14314 2 15340
198 12 35599 4 35817
199 12 22495 4 22711
200 10 15184 6 15287
201 58 3266 4 3951
202 42 22239 3 22352
203 4 6358 3 6633
204 38 14314 5 14611
205 7 19729 4 19926
206 19 12899 7 13013
207 27 22933 1 23246
208 35 30974 1 31129
209 29 33296 6 33565
210 54 1351 1 1673
211 12 15257 4 15275
212 13 5064 1 6005
213 18 7873 3 8807
214 7 6358 3 6401
215 33 34958 2 35173
216 12 13601 2 14314
217 30 24749 3 24847
218 53 24952 4 25229
219 16 10519 1 10753
220 47 12899 4 13126
221 21 10275 1 10540
222 42 13343 6 14219
223 7 15471 7 15491
224 7 3567 2 3614
225 7 21455 3 21716
226 43 15084 1 15172
227 8 16110 4 16428
228 7 3359 1 3515
229 45 27193 1 27241
230 12 19743 2 20164
231 37 3944 2 3994
232 54 28294 3 28328
233 32 16110 1 16313
234 12 28709 2 28813
235 7 26129 2 26193
236 25 24981 2 25066
237 12 15456 2 16138
238 56 8264 1 8518
239 24 22444 2 22727
240 35 22933 1 23804
241 28 34778 2 36628
242 21 3567 4 4502
243 56 16178 2 16351
244 50 23533 7 23768
245 28 13677 2 13732
246 28 15491 6 15651
247 23 10481 1 10684
248 44 10519 6 10563
249 11 29394 3 29473
250 6 29394 1 33640
251 6 3944 1 4456
252 43 24952 4 25142
253 51 3266 2 3557
254 13 30289 5 30541
255 55 28018 1 28213
256 43 3266 2 3567
257 12 26410 5 26708
258 49 26209 6 26439
259 16 32919 6 33898
260 4 33083 2 33392
261 32 11707 2 11843
262 46 10519 1 10805
263 30 6647 3 6906
264 11 27193 3 28089
265 4 21716 6 21810
266 13 21716 1 22369
267 7 31314 6 31633
268 19 19567 4 19904
269 52 30974 1 31021
270 23 13677 3 14538
271 12 11827 2 12899
272 28 32878 5 32919
273 35 83 2 261
274 43 10275 4 10316
275 17 8615 2 8958
276 7 32650 1 32969
277 8 30974 1 31258
278 40 16110 5 16897
279 37 776 4 950
280 30 22239 1 23158
281 56 1673 4 1719
282 12 21063 3 21259
283 1 25829 1 25996
284 12 26513 1 26789
285 28 6358 1 6685
286 5 4362 5 4429
287 4 3266 2 3500
288 52 4362 1 4533
289 7 13343 2 13537
290 4 959 2 991
291 24 22239 3 22424
292 30 11707 3 11965
293 54 22394 1 22945
294 2 34249 4 34597
295 54 34958 3 36004
296 52 34594 2 34879
297 58 18795 5 19100
298 2 3944 1 4682
299 12 26349 1 26410
300 12 19743 3 19897
301 41 18464 4 18752
302 13 22369 5 23110
303 28 9961 3 10031
304 51 31096 1 31297
305 38 28018 2 28120
306 21 19567 2 19623
307 27 26349 2 26667
308 49 32888 4 33051
309 6 7873 4 8134
310 28 12899 2 12921
311 13 7257 3 8409
312 13 30974 3 30998
313 7 26468 2 26714
314 2 9783 4 10705
315 43 29394 5 29525
316 2 959 2 1189
317 46 23260 3 23563
318 13 1043 6 1797
319 13 11518 1 11820
320 19 15434 8 16303
321 20 34778 3 34834
322 56 21645 5 21922
323 56 33179 6 33308
324 52 35599 1 36252
325 9 23947 3 24245
326 35 802 2 1015
327 56 1188 7 1333
328 12 35163 2 35502
329 28 25829 2 26317
330 7 33179 4 34451
331 38 21259 4 21564
332 28 29394 1 30199
333 19 34958 1 35866
334 53 32919 4 33035
335 41 5924 4 5981
336 32 26129 2 26244
337 12 34886 3 35163
338 28 15434 7 15482
339 12 4250 1 4362
340 4 30289 8 30436
341 12 34409 1 34812
342 52 35599 1 35935
343 5 16110 4 16820
344 38 10031 4 10143
345 12 5994 1 6358
346 4 61 2 404
347 4 18795 6 18956
348 54 13122 1 13357
349 11 33296 3 33572
350 12 32878 3 33083
351 32 35599 5 35620
352 2 32888 6 33000
353 44 3266 8 4097
354 21 13122 2 13169
355 28 28359 2 28603
356 7 30974 1 31314
357 37 5924 4 6161
358 12 31729 2 32111
359 5 19729 4 19777
360 41 34409 1 35339
361 54 29525 1 29642
362 32 22933 3 23234
363 7 26129 1 26218
364 40 8180 6 8255
365 17 32888 1 33643
366 52 22239 2 22568
367 7 3266 1 3359
368 55 23533 2 23587
369 12 28353 1 30289
370 18 13343 1 13994
371 30 2054 3 2078
372 12 25827 1 26209
373 52 29394 2 29696
374 54 19018 2 19900
375 7 15184 5 15297
376 30 14314 2 14958
377 19 18795 6 18812
378 2 35599 2 35646
379 56 34886 6 34956
380 6 9783 1 10187
381 12 4362 1 4985
382 13 35817 4 35986
383 44 12899 6 13084
384 10 27193 5 27413
385 28 5924 4 6089
386 4 26209 3 26300
387 8 23001 6 23164
388 4 19729 7 19980
389 34 16110 3 16439
390 47 33179 4 33327
391 51 15084 3 15222
392 7 1188 1 1407
393 40 6570 6 7462
394 33 11827 2 12164
395 32 1673 3 1824
396 28 11518 7 11674
397 22 23947 6 24011
398 32 19018 1 19285
399 49 19729 1 19856
400 7 25033 5 25829
401 5 19897 1 20199
402 18 11744 4 11938
403 27 6570 3 6673
404 23 11744 3 11922
405 43 12899 3 13135
406 56 34956 5 35255
407 28 9783 1 9879
408 56 9961 2 10199
409 47 24749 4 25641
410 18 26624 1 26955
411 54 34778 1 34894
412 4 22239 3 22535
413 55 35163 3 35993
414 7 16178 4 16219
415 48 35163 1 35307
416 18 26209 3 26517
417 58 11662 3 11830
418 21 1351 5 1555
419 7 6358 1 6688
420 33 4985 1 5118
421 12 1066 3 1351
422 18 2054 4 2123
423 40 11707 3 11755
424 13 19729 7 19960
425 48 1073 2 1096
426 12 9584 2 9783
427 23 26209 2 26410
428 7 6570 2 6694
429 41 26209 3 26525
430 18 34793 1 35630
431 54 28345 3 28538
432 34 29394 4 29551
433 43 30548 2 31457
434 12 7413 1 8123
435 50 6570 7 6874
436 6 26129 3 26289
437 42 19018 5 19183
438 54 3944 3 4222
439 12 7257 5 7413
440 4 24749 4 24829
441 22 34778 2 34894
442 7 9987 1 10545
443 7 28018 3 28294
444 32 28345 1 28547
445 49 31096 4 31210
446 24 23768 1 23964
447 1 23768 4 24056
448 19 9961 5 10047
449 34 923 2 1233
450 47 16110 3 16225
451 20 28018 2 28364
452 2 11518 3 11739
453 16 26209 7 27183
454 16 8180 1 8233
455 28 7483 1 7583
456 43 6570 4 6675
457 52 28018 4 28078
458 16 18795 6 19025
459 39 1424 1 2113
460 6 23768 4 24104
461 2 34778 1 35013
462 4 11707 3 11882
463 19 26129 7 26424
464 20 1424 1 1598
465 56 16121 3 16169
466 47 34958 2 35186
467 6 21455 1 22001
468 10 9961 3 10278
469 44 802 3 1006
470 4 35817 2 36484
471 47 34249 2 34335
472 13 19567 1 19729
473 20 1673 2 1811
474 8 11827 2 12153
475 6 15434 3 15598
476 33 923 2 1227
477 55 4985 3 5048
478 2 1424 1 1542
479 35 6570 3 7498
480 13 18814 2 19130
481 55 28294 4 28460
482 28 18464 5 19217
483 28 23947 6 24232
484 12 8408 2 8797
485 12 27193 3 27220
486 41 5994 4 6197
487 18 22933 1 23080
488 7 22239 3 22453
489 21 32650 6 32818
490 8 26209 5 26397
491 18 10519 2 11184
492 29 3944 3 4229
493 15 33296 7 33387
494 6 6573 1 6775
495 30 33083 3 33217
496 4 29394 3 29410
497 56 24000 6 24749
498 35 28294 2 28389
499 56 22239 2 22581
500 37 28359 2 28581
501 28 34594 1 34665
502 51 19897 3 20226
503 33 3 1 923
504 24 16178 3 16387
505 12 34812 1 35121
506 3 28018 4 28104
507 29 22305 6 23213
508 18 28359 2 28637
509 28 30513 3 30556
510 16 11744 5 11808
511 54 16178 2 16267
512 28 30691 6 30753
513 47 26513 3 26541
514 6 16121 3 16139
515 12 4985 2 5856
516 42 11662 3 11827
517 7 6917 1 7873
518 18 35502 3 35629
519 54 2496 3 3098
520 43 35817 1 37086
521 44 8408 7 8666
522 43 24749 7 24952
523 4 15184 5 15344
524 7 10519 5 10748
525 8 4362 6 4566
526 7 10481 4 10519
527 38 29525 2 29647
528 23 24749 2 25094
529 43 28555 4 28862
530 45 32919 1 33186
531 10 23768 3 23958
532 23 23533 2 23660
533 54 1673 2 2437
534 12 5856 6 5924
535 13 26513 6 26901
536 25 30691 6 30797
537 18 34594 2 34793
538 12 35502 4 35599
539 12 22239 2 22933
540 2 24970 3 25684
541 55 27193 4 27217
542 43 4985 4 5213
543 12 18795 1 18908
544 28 32919 3 33255
545 1 30691 2 30717
546 18 22305 3 22517
547 43 10481 6 10628
548 13 32888 1 33006
549 12 33949 3 34249
550 13 1073 1 2026
551 27 13677 3 13979
552 7 32615 2 32650
553 42 802 5 853
554 10 8180 7 8506
555 55 19729 4 19759
556 1 15471 2 15529
557 23 25137 3 25400
558 42 6358 2 6667
559 25 9783 4 9874
560 35 18795 3 19001
561 56 13677 3 13762
562 21 26468 1 27327
563 4 35502 5 35726
564 40 4713 2 4909
565 7 4362 4 4613
566 25 34812 7 34852
567 7 1407 4 1470
568 56 15184 1 15197
569 25 28345 5 29256
570 43 3567 4 3907
571 32 28018 4 28030
572 12 16178 1 17470
573 18 5093 4 5906
574 13 23768 2 24088
575 13 35599 4 35701
576 16 36004 7 36328
577 45 34958 3 35244
578 35 10157 2 10249
579 54 18795 1 19018
580 11 3359 1 3552
581 8 2496 5 2576
582 18 15184 4 15959
583 45 28018 1 28331
584 12 19729 1 19743
585 43 28538 2 28555
586 43 30289 8 30531
587 12 15434 4 15456
588 2 29525 6 29666
589 38 22239 2 22430
590 42 95 7 136
591 12 18464 4 18795
592 7 35599 3 36539
593 2 24749 4 24945
594 40 25083 6 25214
595 58 802 5 1046
596 19 23768 3 24110
597 14 33083 2 33352
598 2 18912 1 19241
599 45 19018 6 19161
600 12 26708 1 28018
601 35 1351 2 1381
602 52 19021 1 19155
603 3 4985 4 5168
604 16 12899 1 12958
605 13 24749 3 24970
606 56 8145 7 8264
607 54 9961 3 10732
608 54 26209 2 27239
609 2 22239 5 22332
610 8 10031 2 11020
611 12 24749 5 25083
612 6 12899 1 13053
613 49 61 6 172
614 52 15184 5 15331
615 43 1351 1 1585
616 43 29525 7 29647
617 56 11707 2 11731
618 12 11518 5 11662
619 40 8615 7 8954
620 12 28322 3 28353
621 40 28555 6 28765
622 20 5994 2 6836
623 43 18795 3 20091
624 12 25829 2 25934
625 35 10481 3 10641
626 44 1188 4 2073
627 28 26346 2 26624
628 19 27193 5 27253
629 54 4362 2 4620
630 45 17470 4 18259
631 28 11707 7 11808
632 49 35163 5 35335
633 56 32919 5 32937
634 21 28018 2 28030
635 6 18912 1 19884
636 21 2054 2 2335
637 43 18464 7 18503
638 19 4620 3 4847
639 28 21455 1 21729
640 43 34594 1 35366
641 32 3944 2 4712
642 28 32615 6 32708
643 43 11518 1 12809
644 26 6570 2 6848
645 44 6570 7 7438
646 45 4362 5 4613
647 21 34249 6 35038
648 10 3266 3 4068
649 28 10031 2 10790
650 56 32919 1 33179
651 18 4985 1 5061
652 30 1073 1 1385
653 5 5924 2 6268
654 7 4620 1 5093
655 50 5924 6 6000
656 28 27193 3 27737
657 20 4985 2 5843
658 32 25033 1 25051
659 52 3359 1 3531
660 32 22239 4 22462
661 5 11707 4 12017
662 7 27193 3 27445
663 43 28294 1 28345
664 45 22239 3 22339
665 41 1073 2 1107
666 34 25083 2 25291
667 16 5924 6 6535
668 5 7873 1 8150
669 55 26129 3 26364
670 5 26349 5 26424
671 38 26708 2 26922
672 48 26209 2 26380
673 16 11827 5 11882
674 13 25829 1 26023
675 51 33296 2 33635
676 41 35599 5 35914
677 25 9987 2 10155
678 43 19018 4 19207
679 7 15084 5 15184
680 7 23260 2 23547
681 16 11518 7 11696
682 25 32888 3 33662
683 21 9961 4 10236
684 56 1351 2 1398
685 4 2054 5 2763
686 21 23260 1 24031
687 35 4620 2 4830
688 28 7413 1 7483
689 8 6573 5 6913
690 25 13677 5 13738
691 16 30289 4 30347
692 43 33296 6 33580
693 21 11707 2 12405
694 34 22394 4 23335
695 43 22933 5 23149
696 5 21716 1 22516
697 28 23533 5 23794
698 39 15434 4 15481
699 19 30289 4 30306
700 40 3944 6 4220
701 56 1351 5 1475
702 37 1351 4 1523
703 56 23768 1 23947
704 37 12899 4 13578
705 8 19567 4 19786
706 4 21063 6 21243
707 13 16045 4 16110
708 13 6570 4 6902
709 7 8180 3 8411
710 24 4250 1 4424
711 16 35599 4 35687
712 33 26129 1 26303
713 30 26129 4 26263
714 21 12899 5 13008
715 13 4026 5 5064
716 54 4713 2 5617
717 13 28359 3 28700
718 13 14314 2 15164
719 20 11744 2 11990
720 38 24749 2 24871
721 12 5924 2 5994
722 41 4985 2 5774
723 21 19021 3 19039
724 45 21063 6 21295
725 23 1351 1 1374
726 7 9584 1 9961
727 52 4985 3 5322
728 4 28018 5 28357
729 54 21716 3 22014
730 55 30513 4 30764
731 43 33179 5 33199
732 54 23768 3 24107
733 24 34958 2 35169
734 56 14314 1 14501
735 21 13177 4 13304
736 37 9783 4 9979
737 26 11827 1 12025
738 19 25083 2 25234
739 29 35817 1 35885
740 21 15184 4 15386
741 54 8471 1 8500
742 54 36004 2 36331
743 38 776 5 1715
744 19 22239 3 22889
745 55 2496 3 2653
746 11 25704 2 25938
747 12 802 4 837
748 12 9783 1 10031
749 6 28294 4 28615
750 23 15651 2 15903
751 20 1073 2 1278
752 12 23768 2 24541
753 54 8145 2 8471
754 12 30289 2 30513
755 6 34249 2 34633
756 13 33083 6 33296
757 2 8180 2 8496
758 30 164 3 1004
759 13 3266 1 3493
760 7 108 4 882
761 7 5093 3 5450
762 25 6358 3 6448
763 20 33179 3 33316
764 28 16121 1 16518
765 25 32650 2 32810
766 32 34778 2 35051
767 25 9874 5 9884
768 13 26468 4 26513
769 53 1424 3 1666
770 18 33083 1 33758
771 12 1586 6 1829
772 55 12899 4 13040
773 5 14314 1 14419
774 32 12899 2 12920
775 23 802 1 1125
776 42 21716 7 21764
777 2 22369 3 22458
778 12 32136 2 32615
779 52 28345 2 28699
780 12 29525 1 29975
781 40 26209 5 26831
782 56 12899 5 12914
783 41 8145 1 8967
784 10 33083 8 33381
785 43 9584 6 9814
786 13 5924 1 6066
787 42 11827 6 12175
788 52 30289 1 30588
789 19 802 6 1463
790 54 1073 1 1262
791 38 6358 3 6612
792 12 30886 1 30990
793 39 33083 3 33181
794 28 30289 6 30464
795 50 26129 5 26436
796 10 35163 8 35178
797 4 4362 3 4508
798 43 23533 6 23669
799 31 4611 3 5285
800 14 6917 2 7771
801 55 802 2 864
802 13 18795 4 18814
803 11 18912 1 19086
804 29 31096 7 31116
805 40 31096 6 31278
806 12 776 1 802
807 12 32615 3 32878
808 32 6358 3 7302
809 7 22453 5 22670
810 28 8264 1 8872
811 52 11707 3 11894
812 52 35502 2 35575
813 2 15084 2 16060
814 41 16045 5 16180
815 45 12899 5 13124
816 2 6358 2 6694
817 4 26468 2 26672
818 50 25083 4 25385
819 12 19567 4 19686
820 9 10157 5 10282
821 21 25137 4 25326
822 2 3266 2 3294
823 35 29525 2 29615
824 41 14314 5 14608
825 8 205 3 518
826 7 29394 1 29631
827 6 35599 1 36035
828 55 15184 4 15349
829 24 28018 2 28049
830 49 6358 3 6378
831 11 23533 3 24367
832 54 15184 2 15385
833 28 6917 4 7004
834 12 10031 1 10157
835 11 15084 3 15766
836 38 5924 3 6023
837 7 9961 3 9987
838 9 29394 5 29569
839 52 5994 1 6854
840 12 4985 3 5181
841 16 23260 1 23504
842 27 30289 3 30599
843 52 11518 1 11668
844 32 9987 5 10654
845 5 26129 3 26323
846 6 8408 1 8959
847 12 32111 2 32136
848 54 22239 3 22305
849 29 30974 7 31001
850 18 32615 3 32770
851 28 10519 2 10745
852 18 32888 1 32960
853 7 34594 2 34613
854 28 31729 3 31808
855 43 9961 8 10275
856 52 33083 1 33220
857 28 21063 2 21079
858 45 19729 2 19961
859 20 34958 3 35188
860 42 23947 6 23985
861 23 158 3 316
862 32 23768 1 23907
863 20 19743 2 19757
864 42 30513 7 30610
865 1 25137 4 25207
866 57 23947 1 24175
867 12 2054 2 3266
868 39 30990 3 31188
869 43 30531 2 30548
870 28 1424 4 2128
871 7 25829 1 25968
872 49 10519 3 11289
873 43 3944 2 4620
874 4 29525 3 29606
875 55 31056 2 31394
876 38 10519 3 11405
877 1 34594 2 35528
878 41 33179 3 34042
879 20 10031 2 10133
880 7 15297 1 15471
881 23 3266 1 4051
882 18 18795 3 19021
883 1 3266 4 4259
884 8 33083 1 33368
885 27 5924 2 6038
886 52 32919 4 33229
887 12 11662 4 11863
888 1 158 4 233
889 52 12899 1 13284
890 12 17470 5 18464
891 47 11744 3 12512
892 9 2496 5 2648
893 36 8180 5 8206
894 54 3266 1 3376
895 28 10 1 1424
896 12 25704 1 25827
897 41 11707 3 11775
898 25 16121 7 16170
899 52 9961 2 10944
900 27 34249 2 34283
901 54 27239 1 27414
902 30 3359 4 3677
903 57 5924 3 5996
904 55 24749 3 25628
905 16 8615 1 8689
906 13 35502 1 35595
907 47 10519 2 10780
908 20 11662 3 11689
909 7 23768 3 24029
910 16 24749 2 25015
911 37 23947 3 24291
912 52 25033 5 25844
913 20 15434 2 16094
914 42 15184 4 15857
915 18 19021 4 19035
916 28 28018 2 28331
917 11 16045 3 16060
918 12 33083 1 33949
919 44 16178 5 16191
920 52 19567 2 19691
921 21 15456 5 16203
922 56 54 7 679
923 42 29394 3 29719
924 41 30691 5 30883
925 50 16178 7 16513
926 45 5994 3 6923
927 52 14314 4 14656
928 56 802 5 1143
929 12 23533 6 23675
930 19 24952 4 25300
931 6 27193 2 27236
932 5 24000 2 24983
933 54 32650 2 32782
934 55 16110 3 16242
935 38 33179 4 33341
936 28 26624 2 26963
937 18 5924 3 6019
938 7 13122 4 13343
939 24 10519 3 10796
940 16 3 6 728
941 21 11518 2 11604
942 32 24749 1 25018
943 28 15651 7 15995
944 4 19018 5 19087
945 42 9961 2 10290
946 4 10519 3 10786
947 7 34451 1 34594
948 12 30513 1 30668
949 13 34249 1 34417
950 30 23768 3 23847
951 41 18795 4 18927
952 12 12899 1 13084
953 13 23371 2 23559
954 41 3266 4 3377
955 1 4985 3 5067
956 12 15084 5 15257
957 12 10302 2 11518
958 20 8180 2 8940
959 18 1585 4 1751
960 42 7873 5 8522
961 4 28709 2 28848
962 45 19567 6 19610
963 7 10275 4 10407
964 21 30886 4 31016
965 20 30668 2 30842
966 52 11744 1 11991
967 43 1585 2 2765
968 28 34249 4 34369
969 35 6358 2 6524
970 18 27193 2 28093
971 24 802 3 975
972 12 25083 6 25328
973 36 23533 5 23860
974 13 8615 5 8935
975 28 19729 3 20666
976 37 4985 4 5763
977 40 2054 6 2184
978 56 34778 2 34886
979 42 21063 3 21407
980 43 34249 3 34399
981 3 19021 3 19088
982 1 9584 3 9752
983 18 894 2 1089
984 19 32615 4 32940
985 29 12899 1 13172
986 49 16110 5 16431
987 12 13252 1 13601
988 30 21716 4 21754
989 23 30886 1 31225
990 29 3266 7 3381
991 25 4985 7 5323
992 4 34249 8 34280
993 24 1043 2 2008
994 7 10748 5 10836
995 56 16178 3 16486
996 2 16121 1 16164
997 12 15456 2 16164
998 45 18795 6 18856
999 47 22239 2 22395
1000 39 25083 3 25128
1001 16 10031 2 10330
1002 2 18464 1 18784
1003 39 21716 2 21841
1004 3 23768 2 24076
1005 7 11518 2 11759
1006 12 35817 2 36115
1007 52 3266 3 3348
1008 16 776 2 972
1009 30 6358 2 6595
1010 12 21259 1 22239
1011 48 15434 1 15634
1012 8 5093 2 5404
1013 26 34958 6 35113
1014 18 30513 3 30735
1015 44 18912 7 18946
1016 56 11827 1 11936
1017 52 33296 2 33375
1018 13 9961 7 10302
1019 12 19897 2 21063
1020 25 34594 2 34772
1021 25 10157 4 10300
1022 56 18795 1 19691
1023 4 15471 2 16111
1024 28 4611 2 4862
1025 21 8145 4 8436
1026 20 22305 3 22490
1027 16 8510 6 8544
1028 56 29394 4 29614
1029 27 28018 3 28661
1030 12 25328 1 25704
1031 56 4250 2 4265
1032 12 604 1 776
1033 21 3359 1 3417
1034 29 26513 3 27299
1035 42 28538 5 28744
1036 47 6570 2 6710
1037 54 4620 2 4713
1038 49 30513 5 30688
1039 6 1351 3 1606
1040 32 1066 5 1213
1041 33 35599 2 35794
1042 24 24981 3 25053
1043 57 10519 2 10535
1044 47 36004 1 36240
1045 43 776 8 1077
1046 43 6358 2 6570
1047 41 30886 4 31228
1048 7 31729 5 32036
1049 12 23001 1 23371
1050 28 22239 5 22527
1051 11 3944 1 4092
1052 1 802 2 1653
1053 19 5924 7 6842
1054 31 25137 3 25307
1055 8 23768 6 23901
1056 45 25033 5 25315
1057 28 24749 1 24981
1058 4 21259 4 21521
1059 30 28359 3 28630
1060 45 23533 3 24163
1061 13 15184 5 16045
1062 12 6917 1 7257
1063 12 14314 4 15084
1064 12 802 1 916
1065 12 6647 5 6917
1066 19 23533 1 23729
1067 35 19021 2 19129
1068 20 16121 3 16413
1069 8 1424 4 1523
1070 45 208 3 1091
1071 58 19567 1 19890
1072 52 4611 5 4843
1073 41 3567 4 3760
1074 25 27193 6 27454
1075 39 19567 3 19680
1076 54 5924 1 6076
1077 13 802 6 1043
1078 18 6358 3 6687
1079 23 6358 2 6673
1080 7 26209 4 27193
1081 47 8615 3 8760
1082 40 34409 6 34446
1083 28 11827 2 12157
1084 53 11518 3 11577
1085 56 24952 1 25231
1086 14 24749 4 24968
1087 58 1104 6 1139
1088 7 34886 4 35197
1089 43 4620 3 4804
1090 40 10519 2 10834
1091 2 16178 2 16421
1092 35 16110 3 16881
1093 28 25137 5 25382
1094 56 28359 2 28709
1095 56 10481 5 10522
1096 38 1829 4 2611
1097 21 24749 2 25074
1098 56 13177 1 13258
1099 2 14314 1 14473
1100 10 22369 6 22464
1101 20 22933 1 23235
1102 54 1351 1 2496
1103 25 22239 4 23125
1104 33 24749 1 25432
1105 42 26513 6 26777
1106 7 7873 5 8180
1107 38 24981 2 25053
1108 17 23533 3 23735
1109 41 25137 2 25371
1110 7 5924 5 6163
1111 42 24749 3 25667
1112 13 32615 7 32888
1113 32 70 2 982
1114 12 916 1 954
1115 21 4985 2 5018
1116 12 14314 1 14561
1117 2 28018 3 28788
1118 12 18908 3 19567
1119 43 23947 5 24173
1120 45 1585 6 1625
1121 4 802 3 818
1122 54 13084 3 13122
1123 55 22239 2 22311
1124 33 6358 1 6691
1125 15 26468 7 26618
1126 40 32919 2 33196
1127 13 33296 4 33318
1128 38 23533 1 24268
1129 52 776 3 1442
1130 7 13677 7 13879
1131 42 2054 6 2282
1132 4 1032 4 1113
1133 13 28018 1 28359
1134 41 19729 4 20705
1135 42 27193 5 27458
1136 10 25083 5 25194
1137 43 11744 2 12100
1138 54 22305 3 22394
1139 5 6570 3 6854
1140 25 6647 4 6927
1141 2 26410 3 27237
1142 54 33179 1 34173
1143 45 33296 4 33462
1144 4 13343 4 13562
1145 55 13677 4 13866
1146 43 32650 7 32984
1147 20 34886 2 34958
1148 49 1351 6 1525
1149 32 1351 5 1579
1150 48 16178 2 17084
1151 7 3944 3 4232
1152 19 11662 4 11829
1153 35 8510 1 9392
1154 54 15434 3 15619
1155 32 33179 5 33273
1156 2 35163 2 35401
1157 12 3944 3 4250
1158 6 4456 1 6266
1159 28 2496 2 2583
1160 7 18795 3 19069
1161 51 1066 2 1079
1162 35 24749 1 24792
1163 40 25829 6 26163
1164 58 21063 1 21779
1165 42 16121 1 16269
1166 4 9584 4 10366
1167 30 9961 2 10042
1168 7 28294 1 29394
1169 13 10481 5 10817
1170 22 6570 6 6877
1171 12 23371 1 23533
1172 54 30974 1 31256
1173 45 30289 4 30483
1174 12 8145 4 8408
1175 45 29525 2 29571
1176 29 23001 2 23232
1177 15 11827 5 11873
1178 25 19729 5 19910
1179 7 9987 3 10160
1180 23 26468 2 26749
1181 21 13677 6 14001
1182 40 31729 4 31805
1183 5 8615 2 8804
1184 28 3944 5 4105
1185 21 22239 2 22515
1186 22 22444 6 22671
1187 13 26209 7 26468
1188 12 1829 2 2054
1189 28 4985 1 5491
1190 12 10157 1 10481
1191 12 16138 1 16395
1192 25 802 6 1035
1193 4 7257 1 7442
1194 19 28555 4 28648
1195 6 11744 1 11865
1196 6 22239 1 22480
1197 42 32615 5 32896
1198 54 24749 2 24782
1199 54 30513 2 30939
1200 20 19021 3 19664
1201 7 22933 5 23260
1202 13 2054 1 2749
1203 29 2054 3 2317
1204 18 19567 2 19791
1205 2 19729 5 20350
1206 55 4362 3 4557
1207 13 6917 4 7001
1208 21 5093 1 5401
1209 52 18464 2 18743
1210 2 23768 6 24065
1211 20 34594 1 34778
1212 12 34249 1 34409
1213 13 179 1 402
1214 1 35817 4 36091
1215 55 31729 2 32663
1216 19 30974 1 31205
1217 37 11827 1 12150
1218 43 28345 6 28463
1219 28 8180 2 8264
1220 21 33179 2 33291
1221 12 8510 3 8729
1222 54 11744 3 11782
1223 4 1351 4 1677
1224 32 4985 1 5278
1225 6 10275 4 10603
1226 28 10157 2 10347
1227 8 3266 5 3877
1228 29 176 4 430
1229 6 18795 2 18911
1230 19 10275 7 10522
1231 28 3266 1 3400
1232 2 30990 2 31214
1233 28 24981 4 25137
1234 47 21716 3 21901
1235 11 6358 3 7191
1236 8 14314 3 14398
1237 56 26129 4 26224
1238 4 23768 4 24000
1239 55 33 2 347
1240 56 2054 6 2088
1241 56 8615 3 9584
1242 16 6570 3 6682
1243 44 11827 3 11882
1244 56 21455 4 21645
1245 28 4362 5 4611
1246 41 32615 5 32746
1247 41 6358 2 6686
1248 15 4362 6 4690
1249 5 1585 2 1871
1250 52 21259 2 21591
1251 55 18814 2 18890
1252 43 11518 7 11717
1253 12 15257 2 15434
1254 4 25033 4 25306
1255 21 35502 6 35710
1256 12 22239 3 22495
1257 22 28322 5 28935
1258 28 30974 4 31096
1259 46 25083 3 25404
1260 28 11674 6 11707
1261 16 2054 3 2336
1262 2 802 1 832
1263 12 28322 2 28538
1264 11 28322 2 29271
1265 33 11518 2 11624
1266 56 28709 6 29021
1267 10 4456 5 4617
1268 50 23768 7 24050
1269 9 11827 4 12131
1270 20 22495 1 22576
1271 12 916 2 959
1272 6 15184 1 15269
1273 12 203 2 604
1274 34 23947 3 24182
1275 52 19729 1 20225
1276 20 27239 3 27932
1277 12 26209 6 26349
1278 4 13677 2 13727
1279 43 1077 2 1343
1280 41 30289 4 30379
1281 29 28018 7 28272
1282 39 9783 1 10702
1283 5 9987 2 10910
1284 29 23947 8 24704
1285 13 16110 6 16226
1286 16 14314 3 14393
1287 12 28018 2 28322
1288 7 21716 1 22058
1289 12 23768 2 23832
1290 54 1032 1 1073
1291 56 9584 3 9895
1292 7 894 5 1188
1293 11 26708 2 27029
1294 12 27220 3 27387
1295 32 27193 3 27298
1296 52 24749 2 24823
1297 12 1351 2 1586
1298 5 30974 6 31111
1299 58 28709 5 28999
1300 4 34594 1 35342
1301 45 10302 3 11118
1302 35 25033 3 25099
1303 54 882 3 1032
1304 43 6917 1 7626
1305 42 19743 3 19868
1306 20 18795 3 18965
1307 52 16138 2 17046
1308 21 28345 3 28949
1309 28 28345 1 29008
 调度评估结果
1. 任务等待评估 (Σ 等待×权重): 139642473
2. 任务完成评估 (最大完成时间): 37086
3. GPU显存空闲评估 (平均空闲): 13235.21 GB/时间片
 额外统计
已调度任务               : 1309/1309
平均等待时间            : 10266.77
各服务器任务分布      : 服务器1=15, 服务器2=37, 服务器3=4, 服务器4=43, 服务器5=20, 服务器6=28, 服务器7=75, 服务器8=17, 服务器9=8, 服务器10=11, 服务器11=16, 服务器12=118, 服务器13=59, 服务器14=3, 服务器15=6, 服务器16=26, 服务器17=3, 服务器18=32, 服务器19=23, 服务器20=26, 服务器21=39, 服务器22=8, 服务器23=17, 服务器24=11, 服务器25=29, 服务器26=4, 服务器27=12, 服务器28=66, 服务器29=16, 服务器30=21, 服务器31=2, 服务器32=28, 服务器33=12, 服务器34=7, 服务器35=21, 服务器36=2, 服务器37=10, 服务器38=19, 服务器39=8, 服务器40=18, 服务器41=27, 服务器42=27, 服务器43=57, 服务器44=11, 服务器45=28, 服务器46=4, 服务器47=14, 服务器48=5, 服务器49=12, 服务器50=9, 服务器51=9, 服务器52=43, 服务器53=4, 服务器54=48, 服务器55=29, 服务器56=48, 服务器57=4, 服务器58=10
