1 28 8189 2 8700
2 7 24693 3 24833
3 1 41695 4 42169
4 9 44952 1 45007
5 42 35041 6 35241
6 58 8189 3 8717
7 50 17732 1 18410
8 63 13667 1 14149
9 37 37884 2 38306
10 20 11467 2 11871
11 24 49931 3 50090
12 60 26702 5 27068
13 41 24505 1 25212
14 57 44897 6 45226
15 59 16773 1 17299
16 24 18878 1 19667
17 37 17794 2 18281
18 6 25163 4 25598
19 37 11467 1 11931
20 6 13712 5 13771
21 60 4124 6 4845
22 3 39850 2 40525
23 10 27200 2 27384
24 4 6131 2 6622
25 24 15649 1 15751
26 57 52384 1 52509
27 63 24964 1 25329
28 8 43984 1 44574
29 32 47983 3 48125
30 50 46690 2 46893
31 42 27291 1 27609
32 57 4306 3 4832
33 38 22026 2 22656
34 16 38231 1 38415
35 24 41958 2 42361
36 9 49931 3 50039
37 57 54809 5 55400
38 24 22770 1 22874
39 37 51800 1 52545
40 7 12682 1 13389
41 57 21673 1 22140
42 20 16963 5 17227
43 40 21097 1 21216
44 24 24429 2 25060
45 9 11467 4 11800
46 45 21683 3 21760
47 2 24505 1 24741
48 38 1895 1 2293
49 58 8763 3 8904
50 8 32750 6 32884
51 38 34465 1 36185
52 2 40976 1 41958
53 2 2547 1 2710
54 3 24505 2 25161
55 42 37884 2 38230
56 24 1808 1 4279
57 42 52384 6 52698
58 3 46690 2 47071
59 45 14522 6 15055
60 6 31601 4 31955
61 14 8189 3 8518
62 23 16963 2 17494
63 10 6131 1 6395
64 3 16546 2 17107
65 2 33924 1 34309
66 49 38416 1 38748
67 9 2251 3 2425
68 37 52384 2 53052
69 54 28364 1 28403
70 42 19667 5 20061
71 7 16243 4 16482
72 28 2251 5 2381
73 17 40925 1 41557
74 2 34465 1 35079
75 24 46982 4 47307
76 24 50546 1 51055
77 46 18423 6 18776
78 22 32755 3 33420
79 59 51800 3 52195
80 32 4711 3 5054
81 52 957 1 1040
82 10 47079 1 47535
83 22 52384 1 52594
84 28 6406 3 6445
85 47 19667 1 20187
86 51 16243 1 16796
87 28 19667 3 20190
88 60 6131 2 6571
89 28 22062 2 22293
90 24 8189 1 11467
91 3 21412 1 21889
92 42 51334 1 51973
93 19 41695 1 42118
94 54 14895 5 15513
95 3 35041 1 35587
96 40 0 1 120
97 3 25759 3 26240
98 9 14522 1 15080
99 50 49092 2 49518
100 8 48652 1 49579
101 51 50546 1 50768
102 10 47531 1 48008
103 7 26679 4 26938
104 24 33418 1 34074
105 11 18878 2 19083
106 28 4430 1 4965
107 24 45948 1 46192
108 8 54445 3 55098
109 10 11467 1 11663
110 57 12354 3 12505
111 38 34212 1 34465
112 38 37538 1 38177
113 3 26679 3 27031
114 63 24248 1 24363
115 57 6767 1 8269
116 50 42666 1 42998
117 38 31601 1 32129
118 9 18878 1 19256
119 7 24964 1 25465
120 60 12387 2 12842
121 30 20365 3 21062
122 10 18423 2 18502
123 57 246 6 591
124 24 24429 1 25133
125 24 17922 1 18482
126 2 14522 1 15104
127 43 16773 1 17001
128 28 22062 1 22574
129 63 50546 1 52313
130 14 32525 2 32569
131 50 37338 1 38031
132 2 47079 2 47336
133 24 22062 1 23530
134 45 26702 2 27039
135 23 13667 1 13888
136 4 27200 1 27291
137 21 13995 7 14161
138 3 23291 1 23865
139 8 40166 2 40488
140 24 55242 3 55591
141 10 8810 1 9356
142 63 0 1 523
143 3 47250 2 47946
144 8 12354 1 12876
145 2 14390 2 14646
146 9 43984 1 44280
147 2 22675 1 22770
148 4 34309 3 34452
149 25 34106 5 34235
150 25 17197 3 17332
151 14 25658 1 25683
152 9 44728 1 44897
153 21 571 7 1076
154 21 7788 7 8185
155 13 6131 1 6203
156 11 36185 2 36866
157 24 27354 1 27726
158 4 22770 1 23316
159 9 23847 1 24473
160 25 33418 1 33757
161 2 22770 3 22896
162 8 47531 2 48071
163 11 45481 1 46099
164 2 54112 1 54450
165 57 8763 2 8904
166 42 24505 1 24901
167 8 8189 1 8938
168 6 49092 1 49367
169 32 43984 3 44636
170 38 21412 1 21608
171 43 41741 1 42191
172 63 31847 1 32373
173 45 49495 2 49967
174 57 1284 1 1475
175 20 47909 1 48631
176 8 35424 3 36026
177 24 53412 3 54112
178 2 16773 1 16916
179 40 50546 2 50613
180 9 41695 1 43337
181 63 36962 1 37139
182 20 0 7 571
183 9 51569 2 51992
184 14 28239 1 28495
185 51 39652 1 39674
186 60 14522 6 14796
187 9 34212 1 34938
188 9 56080 3 56476
189 7 22675 1 22832
190 41 39652 4 39737
191 5 12588 1 12925
192 45 39652 3 40133
193 57 14895 4 15729
194 32 25917 3 26005
195 2 8810 2 9356
196 44 8763 1 8909
197 11 31601 1 32095
198 50 49984 2 50229
199 2 12169 1 12588
200 39 41695 1 42413
201 24 13189 4 13363
202 40 45481 1 45557
203 27 33924 1 34179
204 9 16773 3 16982
205 32 8763 2 8988
206 38 27851 3 28413
207 7 22156 1 22379
208 24 46690 3 46982
209 54 42873 5 43176
210 57 55242 1 55791
211 23 29301 5 29640
212 8 22026 1 22156
213 44 12169 3 12700
214 42 36185 2 36877
215 52 18878 1 18937
216 2 2737 2 3256
217 14 23381 1 23805
218 25 47531 1 47684
219 3 8189 5 8266
220 50 26702 1 26748
221 60 1895 1 2419
222 16 18878 2 19486
223 24 51616 3 52744
224 63 0 1 398
225 35 18878 2 19314
226 24 1808 1 2026
227 45 33418 3 33740
228 24 22062 2 22279
229 15 54148 1 54229
230 54 21673 3 22026
231 15 25759 4 25927
232 30 47983 1 48299
233 2 16773 2 17362
234 57 28828 6 29057
235 33 32590 1 32757
236 3 46690 4 47277
237 42 37338 3 37392
238 40 2737 1 3398
239 24 0 2 455
240 54 38416 3 39091
241 33 21683 1 21758
242 32 39652 2 40197
243 9 25163 2 25716
244 28 39652 1 39831
245 55 36962 3 37599
246 38 26985 2 27532
247 42 24505 5 24569
248 28 15603 2 16298
249 9 1284 4 1836
250 23 22675 1 22724
251 45 54112 5 54227
252 42 29049 4 29228
253 25 29563 4 30044
254 50 29049 1 29742
255 9 49092 2 49319
256 24 31601 1 31847
257 4 14390 1 14642
258 49 36962 1 37016
259 50 54726 2 55232
260 24 51334 1 51616
261 16 24429 5 24907
262 63 52492 1 52751
263 8 39652 1 40398
264 57 27200 1 28239
265 43 0 3 748
266 14 20844 1 20956
267 3 14668 3 14901
268 51 24964 1 25251
269 2 12588 1 12723
270 6 0 2 744
271 28 32755 1 33077
272 40 53412 2 53768
273 8 21412 3 21437
274 54 40976 3 41422
275 20 54148 3 54741
276 38 20962 1 21427
277 2 35041 1 35720
278 8 22156 3 22642
279 4 20365 1 20716
280 36 24693 2 25267
281 44 17732 1 18288
282 37 24473 2 24502
283 9 36962 5 37404
284 21 16773 7 17290
285 9 25658 1 25753
286 37 32525 1 32875
287 24 44952 1 45218
288 50 50546 3 51054
289 2 22062 1 22411
290 16 19667 2 20113
291 63 52384 1 52964
292 42 38231 1 38414
293 63 28458 1 29741
294 63 24429 2 24852
295 2 54726 2 55242
296 38 49391 1 52600
297 38 47764 4 48521
298 10 20844 2 21506
299 3 24505 1 24557
300 25 35543 1 36187
301 3 24693 3 24815
302 32 23645 1 24381
303 24 6131 1 6370
304 4 52384 1 52730
305 18 4124 1 4676
306 15 47909 2 48588
307 63 46895 1 46960
308 17 29049 1 29487
309 12 29718 2 30148
310 2 36962 1 37350
311 2 16243 3 16734
312 43 20365 2 21067
313 63 37350 1 38060
314 27 18423 2 18469
315 51 21412 1 21958
316 38 44952 1 45555
317 37 27522 2 28071
318 7 14668 1 15143
319 8 18021 1 18660
320 33 19667 2 19994
321 42 17732 1 17818
322 42 12169 1 12370
323 52 51334 2 51836
324 23 16773 2 17367
325 57 37338 1 37479
326 2 957 2 1178
327 24 27522 1 28054
328 24 27022 2 27354
329 20 37674 2 38138
330 24 26798 2 26833
331 7 6406 2 7060
332 42 24429 7 24646
333 63 34106 1 34670
334 28 17732 2 18939
335 20 14351 1 14384
336 20 24248 7 24850
337 40 21538 1 21683
338 28 12577 1 12852
339 24 21538 1 21983
340 38 48631 1 49032
341 9 22675 1 23009
342 55 48652 1 49320
343 24 1032 2 1724
344 3 49495 1 50077
345 54 47250 1 47768
346 57 6131 3 6420
347 28 14668 4 15334
348 63 38416 1 38832
349 63 1284 1 1511
350 8 12169 3 12637
351 43 48631 1 48833
352 20 47250 2 47999
353 63 51334 1 51370
354 63 4767 1 5265
355 44 29301 1 29502
356 8 51616 1 51762
357 15 24077 3 24363
358 9 40083 4 40583
359 9 29301 1 29903
360 54 2293 2 2625
361 24 571 2 957
362 43 41958 4 41980
363 42 29718 3 30452
364 45 11467 5 11561
365 32 21412 2 21677
366 30 49092 1 49296
367 43 51800 2 51828
368 57 36185 4 36491
369 16 40083 3 40140
370 50 26083 1 26551
371 25 47250 1 47911
372 24 56080 2 56671
373 36 14668 1 14872
374 23 25759 2 26096
375 27 51800 2 52012
376 21 54112 8 54399
377 24 38231 1 38791
378 42 54875 4 55556
379 7 28143 4 28373
380 42 4215 4 4572
381 25 13712 1 14006
382 57 34106 5 34504
383 43 41741 2 41845
384 43 21538 3 22130
385 50 19667 1 20133
386 63 6591 2 7060
387 28 33418 4 33970
388 32 31601 2 31706
389 3 6131 1 6599
390 62 2251 1 2780
391 3 45776 1 45977
392 50 11467 3 11903
393 35 17794 1 18062
394 7 23381 7 23893
395 61 24693 3 24868
396 11 21538 1 22070
397 43 22026 1 22503
398 57 24077 2 24693
399 10 24505 2 24951
400 60 50546 2 50601
401 57 1284 3 1959
402 25 19849 1 20439
403 57 0 2 59
404 38 36962 2 37123
405 9 54112 1 54393
406 38 17732 5 18404
407 28 42666 3 42873
408 27 13995 4 14086
409 4 14522 1 15157
410 60 11467 3 12174
411 51 28458 1 28949
412 8 23530 2 24248
413 28 4124 3 4430
414 62 47079 1 47589
415 3 22675 1 22727
416 55 16773 3 17160
417 20 54445 5 54847
418 57 13189 1 13661
419 2 49495 1 49673
420 4 24077 1 24494
421 20 27851 6 28163
422 41 11467 1 12166
423 63 8763 1 9188
424 24 16963 3 17298
425 10 26702 1 27108
426 57 0 1 40
427 33 16773 1 16905
428 8 6591 1 6832
429 57 17298 1 18302
430 14 46690 1 47185
431 9 46192 4 46714
432 15 24505 5 24909
433 2 13995 1 14032
434 3 48851 2 49522
435 54 37350 2 37592
436 57 54148 1 54809
437 9 51616 1 52324
438 60 25658 2 26276
439 14 22675 1 23137
440 20 54148 3 54175
441 42 8763 1 9263
442 9 32596 2 33537
443 27 14895 2 15208
444 59 43984 4 44560
445 1 29301 5 29704
446 7 34106 1 34541
447 30 26679 2 27010
448 9 15603 4 15796
449 24 8189 1 8713
450 9 19849 3 19975
451 50 31847 2 32486
452 9 1895 1 2427
453 21 29718 7 30425
454 29 48652 4 49332
455 43 43372 2 43610
456 20 32525 1 32709
457 38 2293 1 2491
458 57 36888 1 37075
459 63 47983 1 48235
460 57 41695 3 42139
461 15 14522 4 15127
462 10 35041 2 35369
463 16 4306 3 5044
464 38 26361 5 26866
465 38 37674 1 38247
466 24 21608 1 21700
467 45 47764 5 48061
468 63 19849 1 22473
469 38 44952 4 45365
470 2 28828 3 29496
471 51 46690 1 47367
472 9 20365 1 20835
473 37 4215 2 4367
474 2 37674 1 38083
475 6 29087 1 29745
476 3 0 1 134
477 60 14025 1 14721
478 7 38791 4 39320
479 50 4215 2 4335
480 20 21608 4 22266
481 16 51992 7 52079
482 57 40166 1 40930
483 45 29301 1 30011
484 20 6591 1 6631
485 32 12169 2 12427
486 2 42139 1 42233
487 51 31601 1 31720
488 38 50546 2 50646
489 26 2413 1 3160
490 9 45977 1 46464
491 24 29049 3 29301
492 38 25917 1 26648
493 52 20844 5 21352
494 32 24964 4 25270
495 49 45776 1 46199
496 2 6131 1 6733
497 41 0 6 308
498 9 52384 4 52494
499 10 51800 2 51841
500 8 11467 1 11700
501 53 47531 2 47907
502 15 53412 3 53535
503 16 33418 1 33965
504 9 20962 1 21635
505 24 35227 1 36254
506 54 20962 2 21667
507 15 23291 1 23683
508 8 7788 1 8151
509 57 47861 1 48707
510 57 37674 1 38109
511 28 39652 2 40289
512 24 22722 2 23420
513 24 957 2 983
514 38 0 3 207
515 24 37338 2 37801
516 8 56080 1 56711
517 4 50546 1 51039
518 63 54112 1 55047
519 8 1895 1 2528
520 2 44493 2 44728
521 3 19849 6 20122
522 40 46690 2 46882
523 2 49865 1 50364
524 28 54809 1 55359
525 43 22140 4 22847
526 25 46690 1 47171
527 16 41943 2 41983
528 2 25163 1 25281
529 43 15603 1 16323
530 9 50546 3 51184
531 57 51616 6 51963
532 50 13667 4 13812
533 28 37884 2 38218
534 3 4124 7 4241
535 38 41695 1 42573
536 7 49391 1 49800
537 23 28364 1 28734
538 14 8763 1 9232
539 3 20962 1 21120
540 42 16773 1 17366
541 43 45481 3 45540
542 42 48631 3 49094
543 38 14957 3 15649
544 16 8189 6 8437
545 4 6131 2 6842
546 24 48652 1 48851
547 7 0 2 246
548 60 49092 2 49612
549 42 23530 4 23640
550 37 15603 1 15975
551 38 25376 1 26104
552 3 45481 4 46042
553 13 16773 2 17501
554 9 8189 3 8549
555 38 39652 1 40408
556 35 6131 4 6420
557 38 37338 2 37468
558 24 20601 1 20730
559 24 12577 2 12795
560 2 1808 1 2115
561 57 42666 5 43211
562 16 20844 2 21594
563 7 4767 7 5476
564 50 0 1 44
565 24 31847 1 32516
566 4 7656 2 7875
567 8 44493 3 44714
568 25 11467 3 11501
569 24 6370 1 7656
570 3 37013 2 37106
571 24 16243 3 16963
572 16 33418 1 33716
573 8 49092 2 49421
574 50 7656 3 8174
575 39 2251 4 2729
576 9 22026 1 22659
577 3 1032 1 1746
578 6 4978 5 5074
579 8 1032 1 1710
580 11 20365 2 20489
581 16 39652 2 40313
582 18 41695 2 42272
583 61 571 1 969
584 38 4306 2 4767
585 8 6131 3 6871
586 24 36962 2 37157
587 42 0 6 417
588 9 17282 1 18021
589 3 31601 1 32056
590 4 8810 3 9372
591 11 19849 2 20021
592 2 21412 1 21775
593 11 34212 3 34296
594 9 41695 2 42302
595 24 54445 2 54771
596 3 31601 4 32215
597 51 25759 1 25872
598 16 24505 2 24885
599 3 13667 1 14116
600 28 26798 1 26828
601 24 41741 1 42279
602 25 36962 4 37498
603 28 36888 1 37242
604 63 40102 2 40431
605 60 8189 1 8818
606 38 28413 1 30878
607 41 40408 6 41060
608 27 2251 4 2598
609 10 4215 1 4722
610 9 1836 1 2146
611 60 4978 7 5037
612 55 37338 1 37447
613 63 54984 1 55987
614 59 20365 2 20493
615 32 44952 2 45037
616 14 27522 3 27895
617 24 17732 3 18423
618 25 21608 5 21689
619 1 11467 5 12196
620 21 12169 1 12592
621 24 38791 1 39541
622 38 1284 3 1895
623 10 36962 1 37210
624 9 16773 1 17455
625 30 6591 2 6897
626 8 45481 1 47079
627 20 34309 3 34893
628 2 47909 1 47966
629 42 27851 3 28359
630 60 41695 1 41768
631 42 22675 2 23385
632 60 42873 1 43223
633 9 49807 2 50152
634 11 47250 1 47976
635 2 23291 1 23381
636 24 31601 1 31743
637 51 41958 1 42393
638 63 34106 1 34703
639 24 32755 2 33418
640 32 54112 4 54545
641 7 4124 1 4288
642 24 20599 2 20955
643 2 2547 1 4124
644 50 50546 1 51195
645 2 27851 2 27977
646 2 19849 1 20601
647 49 39652 1 40182
648 7 24505 4 25126
649 32 38416 1 38825
650 25 17794 1 18525
651 28 33418 2 33534
652 14 41695 2 42118
653 51 36185 1 36506
654 8 41695 2 42285
655 15 13667 2 14024
656 29 18878 5 19604
657 1 20962 2 21467
658 8 35041 3 35424
659 57 45100 1 45361
660 7 40308 5 40698
661 28 17794 1 17869
662 9 13712 2 14025
663 41 37884 6 38308
664 2 0 1 164
665 60 35041 4 35323
666 20 16546 2 16623
667 9 51992 2 52245
668 6 2293 5 2626
669 44 33924 1 34146
670 9 38333 4 38471
671 2 26702 1 28595
672 60 39652 5 40304
673 45 48067 2 48586
674 63 27851 1 28458
675 38 571 1 1160
676 45 34309 1 34404
677 33 41695 1 42404
678 9 17732 1 17978
679 9 45100 1 45445
680 28 28828 1 29048
681 11 41741 3 42464
682 24 37157 2 37178
683 3 21673 2 22357
684 24 38791 1 39652
685 28 38791 1 40226
686 24 24077 1 24429
687 37 22675 1 23147
688 57 29087 1 29466
689 9 0 2 1037
690 8 18878 2 19330
691 24 33924 2 34258
692 38 43984 1 44025
693 50 24429 2 24946
694 3 25163 6 25299
695 57 50666 2 51546
696 16 52245 1 52812
697 38 17197 1 17265
698 2 43984 1 44416
699 54 19667 2 19763
700 37 39850 1 40315
701 32 28828 3 29089
702 2 14895 1 15037
703 3 37338 2 37784
704 4 4767 2 5381
705 9 4215 1 6205
706 2 6733 1 9214
707 24 4124 1 4207
708 4 38416 2 38994
709 55 25816 5 26323
710 25 46690 1 47286
711 40 36888 2 37826
712 63 52964 1 53030
713 42 15603 1 15925
714 38 38231 3 38416
715 38 16773 1 17112
716 20 20365 2 20536
717 9 4978 1 5200
718 50 1808 1 2438
719 8 15603 5 16347
720 8 47250 1 47525
721 8 31601 6 32325
722 24 51334 1 51800
723 15 36888 1 37535
724 24 42666 3 43372
725 54 11467 2 11806
726 24 14672 1 14979
727 20 35041 1 35412
728 57 25163 1 25917
729 35 55591 4 55766
730 28 35543 1 36531
731 9 44493 1 44896
732 9 18021 1 18980
733 8 13995 2 15115
734 38 18423 2 18791
735 37 47764 2 47833
736 7 29301 1 29640
737 47 37538 2 37735
738 50 51297 2 51919
739 33 45481 2 46088
740 2 55242 1 56749
741 2 11467 1 11560
742 54 4767 2 5217
743 45 30704 1 31437
744 49 54112 2 54766
745 32 26679 4 26781
746 2 23381 2 23645
747 21 52384 5 52944
748 26 44493 1 45162
749 42 17732 2 17783
750 15 21608 1 21768
751 16 47983 2 48582
752 26 16546 1 16706
753 8 29718 1 29953
754 38 19667 2 19971
755 9 26702 1 27025
756 40 13667 1 14036
757 20 14390 1 14881
758 60 43984 1 44654
759 50 51334 1 51417
760 25 42666 3 43330
761 28 13995 3 14228
762 57 31601 1 31897
763 17 49931 1 50445
764 59 42666 2 43143
765 36 14390 1 14538
766 24 53412 1 53844
767 6 8763 2 8873
768 9 37538 2 38260
769 44 47983 3 48126
770 38 11467 2 11915
771 2 18878 1 19266
772 44 4978 1 5001
773 54 25163 3 25503
774 8 51569 2 52177
775 61 26702 3 26844
776 43 48067 2 48474
777 38 24693 1 25008
778 56 31601 1 32273
779 37 54875 1 55522
780 38 246 1 349
781 24 29301 1 31601
782 54 0 3 496
783 18 54112 2 54173
784 52 34106 7 34377
785 30 21673 2 22221
786 32 34106 3 34316
787 9 47764 4 48387
788 3 54112 1 54644
789 40 7656 1 8588
790 20 19667 4 19821
791 63 17794 2 18701
792 7 52384 3 52806
793 3 15603 1 16057
794 35 24505 3 24656
795 60 55591 6 56286
796 24 44493 1 44596
797 51 246 1 482
798 42 4767 1 5504
799 7 27354 1 27976
800 45 52384 1 52940
801 57 46690 2 46987
802 60 24248 4 24837
803 28 37884 4 38226
804 46 38416 3 38929
805 8 23291 8 23443
806 60 47531 4 47809
807 30 33924 2 34000
808 25 39850 3 40559
809 29 46192 4 46900
810 58 22675 2 22913
811 7 38231 2 38664
812 6 26828 1 26974
813 51 54112 1 54833
814 40 39850 3 40555
815 7 27026 5 27155
816 24 2251 1 3178
817 28 6591 4 6882
818 57 19667 1 20308
819 20 26702 2 27019
820 28 31601 3 32600
821 33 41943 1 42364
822 40 38416 2 39182
823 4 20844 3 21049
824 4 12593 3 13024
825 2 4124 2 5138
826 1 46046 7 46193
827 28 14351 2 15092
828 24 15603 1 15692
829 57 8763 1 9093
830 61 0 3 124
831 46 32750 3 33403
832 50 41958 3 42549
833 42 26679 6 27061
834 10 42666 1 43129
835 42 55591 2 55700
836 24 19849 1 20149
837 8 17282 1 17922
838 43 22642 2 23025
839 10 22796 2 23277
840 9 39652 4 40003
841 43 22642 1 23010
842 9 42666 1 43019
843 3 21538 1 22210
844 8 25917 1 26514
845 40 21683 2 22275
846 2 46763 1 47250
847 27 44952 2 45128
848 40 17298 3 17526
849 40 42873 1 42907
850 18 53412 5 53492
851 8 27291 1 27990
852 61 25376 4 25792
853 63 12169 2 12387
854 52 26679 4 27418
855 8 22675 1 22804
856 43 28255 2 28502
857 32 12593 4 13244
858 21 39652 4 39722
859 24 47531 1 49253
860 2 39652 1 40102
861 59 39850 5 40504
862 38 6131 1 6998
863 50 0 1 366
864 57 38226 1 38865
865 42 12577 6 12778
866 20 27522 2 27632
867 43 47250 6 47926
868 30 45481 1 45539
869 28 12169 5 12641
870 28 37350 1 37612
871 9 14025 1 14390
872 38 38416 1 38668
873 43 48631 2 48858
874 50 55591 1 55875
875 25 957 4 992
876 37 49092 2 49631
877 39 6131 3 6417
878 8 22642 4 23291
879 35 17298 1 17551
880 11 25917 1 26539
881 21 17794 2 18535
882 33 51569 2 52094
883 50 12169 3 12368
884 57 22140 1 22914
885 8 37878 2 38231
886 16 37338 3 37785
887 63 571 2 1119
888 60 16628 5 17194
889 42 20365 1 20563
890 49 47909 1 48440
891 1 4215 6 4483
892 24 51055 1 51334
893 9 378 1 772
894 9 14390 4 14522
895 28 6591 1 7022
896 24 7656 4 8189
897 10 13995 2 14542
898 32 4124 2 4700
899 25 1284 2 1887
900 41 54148 1 54233
901 2 33418 1 33778
902 16 37884 7 38551
903 57 1895 3 2411
904 20 14390 4 14597
905 2 35041 2 35240
906 42 53412 7 53704
907 24 20844 1 21477
908 2 36185 1 36632
909 43 12577 4 13315
910 9 37538 2 38333
911 41 27851 6 28597
912 3 14390 1 14606
913 54 49495 5 50018
914 7 246 3 957
915 59 37884 4 38435
916 14 33924 1 33979
917 43 28828 7 29325
918 57 983 1 1522
919 30 29049 1 29131
920 8 36962 2 37663
921 38 53340 2 53895
922 38 6591 3 6756
923 28 2737 2 3068
924 38 22675 2 23098
925 40 0 1 745
926 52 35041 2 35461
927 57 26679 4 26924
928 32 28458 1 28708
929 7 48652 4 49253
930 38 12657 1 13124
931 2 16963 1 17743
932 7 33924 6 34235
933 40 47531 2 48067
934 59 22675 4 22810
935 24 44728 1 45318
936 23 17922 2 18339
937 51 0 1 63
938 36 14390 1 15010
939 9 27851 1 28388
940 24 25658 3 25759
941 16 26828 5 27511
942 57 33924 1 34343
943 9 32525 1 32596
944 37 29049 2 29505
945 24 40925 4 41695
946 2 24505 1 25057
947 63 44728 2 46024
948 8 52384 1 52719
949 12 20962 2 21289
950 50 36185 4 36828
951 8 7656 3 7725
952 57 48631 1 48688
953 4 32755 2 32915
954 58 26679 1 27375
955 9 47079 2 47589
956 63 40925 2 42361
957 30 0 3 190
958 15 32525 1 33184
959 38 32525 1 33596
960 38 38416 4 38636
961 2 48631 1 48656
962 24 41943 1 41976
963 60 12169 2 12890
964 11 54112 2 54742
965 16 49495 1 49798
966 20 48631 6 49005
967 38 54112 2 54726
968 63 6131 1 6430
969 30 33418 1 33843
970 26 6591 1 7126
971 40 35041 1 35993
972 51 51800 1 52362
973 57 28239 2 28517
974 59 51334 2 51418
975 9 12169 2 12301
976 3 33418 7 33989
977 42 32525 2 32955
978 63 11467 2 11626
979 9 4124 3 4215
980 28 23530 3 24150
981 41 47764 3 48001
982 50 6131 1 6422
983 45 34309 2 34928
984 38 49092 1 49267
985 60 13667 6 14120
986 3 16243 2 16874
987 54 38416 1 38826
988 50 48652 2 48858
989 28 17298 5 17557
990 8 16347 1 16628
991 50 17197 1 17856
992 24 25759 2 26137
993 43 32590 2 32820
994 50 52384 4 52805
995 16 55591 1 55801
996 54 39652 4 40215
997 6 4124 2 4156
998 55 16963 1 17328
999 28 40289 2 41031
1000 8 54112 1 54331
1001 9 20365 1 20962
1002 35 34212 2 34672
1003 18 37338 2 37935
1004 4 23381 3 23469
1005 24 11467 4 12169
1006 57 378 2 754
1007 57 26679 1 27200
1008 30 54888 1 55171
1009 3 34465 2 34637
1010 9 32596 1 32964
1011 24 25133 1 25658
1012 42 39652 1 39847
1013 10 32525 2 33261
1014 4 22140 3 22239
1015 2 15603 2 15877
1016 54 22140 1 22401
1017 3 22770 3 23046
1018 63 14668 2 15170
1019 40 4711 2 5054
1020 43 14390 1 15097
1021 9 33418 1 33954
1022 57 54148 1 54475
1023 57 48631 3 48987
1024 20 39652 2 40059
1025 42 35424 4 35910
1026 41 49092 1 49520
1027 9 51569 1 51605
1028 54 19849 3 20445
1029 28 29563 4 30103
1030 7 6131 1 6406
1031 54 30704 3 31075
1032 54 26798 2 27232
1033 59 31601 1 32051
1034 25 18423 1 19018
1035 57 14351 4 14684
1036 8 32884 1 34359
1037 8 33418 2 33657
1038 7 27200 3 27519
1039 42 43984 2 44235
1040 28 46690 2 48180
1041 42 55242 4 55835
1042 3 1895 2 2399
1043 54 24077 5 24729
1044 51 37350 1 37689
1045 8 2737 1 3470
1046 28 2381 1 2737
1047 9 45776 1 46133
1048 9 23381 2 23847
1049 2 46046 2 46202
1050 40 8763 1 9735
1051 42 39850 1 40040
1052 57 49092 1 50123
1053 63 21608 1 22336
1054 25 32590 1 32973
1055 20 20365 2 20447
1056 43 11467 2 12214
1057 22 19849 3 20532
1058 63 33924 1 33971
1059 23 54112 1 54451
1060 25 52384 1 53110
1061 33 28828 2 29401
1062 21 37338 8 37608
1063 24 2547 1 2589
1064 56 48851 4 48936
1065 9 52741 2 53377
1066 38 23530 1 23828
1067 8 33418 2 33983
1068 24 1724 1 2201
1069 3 2737 1 3341
1070 24 19667 3 19849
1071 28 43984 1 44672
1072 8 21437 1 22146
1073 25 29049 1 29751
1074 36 36185 4 36207
1075 24 17732 3 18200
1076 63 35041 1 35810
1077 23 52384 4 52685
1078 28 20844 2 21385
1079 2 49931 1 51297
1080 40 12588 2 12690
1081 24 14979 1 15611
1082 7 14668 1 14867
1083 42 1895 1 1949
1084 40 47079 1 47366
1085 42 18878 2 19230
1086 38 36185 2 36891
1087 2 8189 1 8795
1088 2 17794 1 18145
1089 60 54875 4 55506
1090 20 23291 1 23789
1091 9 2251 1 2411
1092 59 8763 1 8904
1093 24 26798 1 27158
1094 15 31601 5 32194
1095 19 11467 1 12136
1096 9 49369 2 49540
1097 26 13189 1 13280
1098 52 17298 4 17733
1099 3 27851 7 28107
1100 55 2251 5 2560
1101 43 13995 5 14448
1102 58 25759 1 26255
1103 2 42023 1 42444
1104 14 48067 1 48525
1105 24 52384 1 52802
1106 50 25658 3 25967
1107 28 55242 4 55540
1108 57 39850 1 40166
1109 58 16773 1 17155
1110 10 38231 1 38767
1111 42 8189 1 8259
1112 40 26361 3 27026
1113 59 14895 4 15632
1114 24 12169 2 12577
1115 46 8189 7 8677
1116 9 21608 1 21721
1117 3 6131 1 6570
1118 24 17298 3 17731
1119 24 35081 2 35799
1120 11 12577 3 12660
1121 63 51800 1 52492
1122 57 17794 1 18468
1123 2 25917 1 25974
1124 63 26679 1 26718
1125 26 39652 1 39815
1126 54 26278 3 26422
1127 2 28255 1 28410
1128 59 41741 5 41788
1129 49 4215 2 4663
1130 43 12169 2 12860
1131 60 47909 8 48020
1132 25 42666 2 42968
1133 26 1895 1 1920
1134 36 41695 1 42105
1135 28 45776 1 46468
1136 8 571 2 1184
1137 57 38416 1 38638
1138 40 4215 3 4316
1139 38 40289 1 40919
1140 8 0 3 366
1141 40 20365 1 21097
1142 38 45481 1 46204
1143 49 12593 1 12928
1144 28 7788 6 8014
1145 24 52744 1 53291
1146 56 20844 2 21486
1147 47 14390 2 14755
1148 55 14979 4 15096
1149 50 4711 1 4835
1150 48 22026 3 22394
1151 38 51800 1 53475
1152 24 4306 2 4978
1153 55 29301 4 29728
1154 63 12387 1 12715
1155 20 52384 2 52474
1156 3 32525 2 32910
1157 43 8189 5 8537
1158 57 13712 4 14351
1159 28 20844 1 21577
1160 15 8189 4 8777
1161 57 4978 1 5823
1162 26 23530 1 23880
1163 24 50090 1 51149
1164 20 21608 1 21840
1165 28 0 1 657
1166 57 46690 1 47365
1167 24 15603 1 16024
1168 28 22796 1 22862
1169 7 4124 6 4361
1170 63 37338 1 38438
1171 38 6406 3 6441
1172 7 32596 5 33073
1173 43 4767 3 5234
1174 37 29718 2 30263
1175 38 33924 1 34212
1176 11 29049 2 29751
1177 45 18423 2 18941
1178 9 54276 3 55007
1179 28 45100 3 45776
1180 46 46046 2 46529
1181 38 28458 1 29062
1182 7 47909 2 48652
1183 3 49807 1 49993
1184 23 44493 2 44626
1185 63 28828 1 29538
1186 30 29087 1 29349
1187 60 45481 1 45630
1188 63 8189 1 8385
1189 20 21673 3 21733
1190 3 14390 3 15119
1191 8 8810 5 9461
1192 57 4832 1 5839
1193 41 22642 6 23068
1194 33 29718 1 30203
1195 24 18423 1 18878
1196 57 23291 1 23914
1197 2 571 1 2135
1198 9 44897 1 45010
1199 40 39182 3 39671
1200 14 6131 3 6502
1201 15 43984 5 44411
1202 23 34212 3 34781
1203 45 45776 1 46098
1204 48 49092 6 49342
1205 51 32525 1 32910
1206 24 14979 1 15319
1207 25 12169 2 12449
1208 28 29049 2 29087
1209 9 54112 3 54276
1210 24 33924 2 34236
1211 4 29718 2 30017
1212 28 35041 4 35524
1213 16 39652 4 39960
1214 9 38471 1 39283
1215 57 33418 1 33886
1216 24 28364 1 29049
1217 20 46690 1 47086
1218 26 33924 1 34668
1219 40 19849 1 20365
1220 38 46895 1 47954
1221 49 37338 1 37908
1222 63 47531 1 47909
1223 46 20844 3 21508
1224 15 4978 1 5704
1225 54 8763 2 9104
1226 46 4430 3 4469
1227 28 33924 3 34507
1228 3 23381 1 23992
1229 51 1895 1 2366
1230 3 51800 2 52478
1231 60 32525 2 32793
1232 38 46690 2 46895
1233 18 28364 4 28402
1234 9 32755 1 33201
1235 25 51800 1 52392
1236 38 48631 1 49316
1237 28 42873 3 43373
1238 38 32525 1 32708
1239 22 39652 3 40036
1240 2 54148 1 54201
1241 56 48652 5 48715
1242 8 14979 1 15119
1243 8 55591 2 55652
1244 43 47531 1 48013
1245 62 16773 1 17446
1246 20 40102 5 40358
1247 60 38205 3 38333
1248 9 54445 1 54834
1249 8 19849 3 20173
1250 17 21608 1 22144
1251 45 50546 3 50735
1252 38 39652 2 39907
1253 10 46690 2 47074
1254 4 378 3 725
1255 1 37338 4 37531
1256 54 50546 4 51098
1257 15 2251 3 2581
1258 8 12169 3 12354
1259 62 43984 1 44317
1260 54 6131 4 6853
1261 57 29049 2 29115
1262 8 27851 2 28452
1263 40 41958 1 42380
1264 23 28364 4 28887
1265 7 34258 1 34531
1266 11 39652 1 39896
1267 60 34212 1 34425
1268 7 6591 2 7083
1269 8 47079 3 47294
1270 41 2547 4 2737
1271 2 25816 1 26799
1272 24 54112 4 54445
1273 24 43372 2 43984
1274 51 49369 1 49750
1275 40 18021 1 18513
1276 9 35041 1 35838
1277 2 37350 1 38119
1278 60 8763 2 8859
1279 42 26828 1 27484
1280 9 47531 1 48281
1281 3 37826 1 38261
1282 21 32750 8 33298
1283 2 44728 1 45100
1284 2 28143 2 28255
1285 43 11467 2 12164
1286 57 47909 2 47932
1287 8 54112 1 56982
1288 2 18423 1 19152
1289 16 13995 4 14663
1290 36 51800 4 52156
1291 37 46690 2 47362
1292 38 51334 3 51663
1293 44 21673 1 21972
1294 4 31601 1 31976
1295 38 44728 1 44817
1296 30 378 3 813
1297 50 29087 1 29821
1298 55 11467 6 11551
1299 24 27522 1 27851
1300 25 24505 3 24967
1301 14 39652 2 40324
1302 45 33924 1 34237
1303 28 41695 1 42430
1304 8 51800 1 52384
1305 50 45776 3 46307
1306 28 11467 1 12185
1307 8 31601 1 32288
1308 19 54445 1 54563
1309 30 23291 2 23764
1310 24 32525 4 32755
1311 7 13189 1 13667
1312 8 26679 5 26832
1313 4 37538 3 38205
1314 57 24505 1 24917
1315 43 34106 3 34462
1316 45 29049 5 29516
1317 2 32590 2 32888
1318 50 43984 4 44533
1319 2 28410 2 28828
1320 40 16773 2 17198
1321 20 6131 8 6591
1322 39 4978 1 5321
1323 13 36962 3 37439
1324 32 32750 2 33265
1325 25 22675 2 22948
1326 4 49092 2 49560
1327 24 30704 2 30893
1328 23 49931 5 50443
1329 25 4711 2 4928
1330 35 0 4 161
1331 38 44493 2 44952
1332 4 17298 2 17591
1333 2 7788 1 8065
1334 8 14895 2 14917
1335 24 53291 1 53412
1336 6 51800 2 52503
1337 50 22675 1 23111
1338 34 15603 1 15831
1339 32 29718 1 29933
1340 3 29087 1 29585
1341 24 31847 2 32399
1342 24 1511 1 1808
1343 20 16243 2 16524
1344 42 38416 2 39091
1345 9 21412 3 21673
1346 19 37350 1 37983
1347 25 22770 3 23430
1348 43 17298 1 17972
1349 54 2547 2 2621
1350 59 52384 1 52956
1351 60 19849 7 20193
1352 42 54112 1 54737
1353 43 45481 3 46043
1354 4 29087 1 29737
1355 21 51334 4 51454
1356 13 24964 1 24999
1357 38 16773 4 16863
1358 24 20365 1 20599
1359 63 22675 1 22850
1360 43 45776 1 46435
1361 42 24693 2 25139
1362 28 2251 1 2434
1363 21 12577 4 12843
1364 57 52741 7 52767
1365 40 27026 2 27571
1366 4 1511 2 1939
1367 16 54112 5 54685
1368 57 21412 3 22100
1369 24 31601 2 31730
1370 15 6591 4 6926
1371 24 23530 1 23601
1372 24 957 2 1044
1373 20 29049 3 29435
1374 24 32884 2 33475
1375 36 38416 3 38465
1376 24 16963 1 17862
1377 63 26083 1 26388
1378 16 31601 5 31900
1379 31 22062 6 22545
1380 43 40083 6 40379
1381 2 34309 1 34876
1382 3 17298 1 17864
1383 49 31601 2 31652
1384 16 23530 3 23989
1385 25 34465 2 35171
1386 57 18878 3 19431
1387 63 39850 1 39932
1388 4 16773 2 17147
1389 25 7656 3 8366
1390 57 25917 4 26679
1391 24 18423 1 18562
1392 4 29049 1 29642
1393 59 28255 3 28464
1394 41 15603 6 15669
1395 60 45776 7 46231
1396 16 29049 1 29105
1397 7 22156 1 22675
1398 24 54445 2 54797
1399 21 47250 8 47744
1400 63 31601 1 33179
1401 4 27291 2 27990
1402 25 16243 3 16815
1403 43 50546 1 50770
1404 49 21608 2 22039
1405 43 33971 2 33999
1406 30 4124 2 4612
1407 37 45481 2 45995
1408 15 0 1 173
1409 15 19667 5 20385
1410 42 23645 4 24191
1411 54 8763 1 8855
1412 43 47983 1 48729
1413 54 23645 1 23978
1414 37 36962 1 37072
1415 9 6733 2 7088
1416 8 43984 1 44474
1417 8 1724 1 2413
1418 25 37878 2 38364
1419 37 16773 1 17265
1420 24 40083 1 40815
1421 25 0 7 134
1422 57 6131 1 6763
1423 2 48851 1 49369
1424 2 20844 1 21529
1425 51 8189 1 8451
1426 9 52741 1 53600
1427 50 33924 1 34661
1428 50 20962 4 21337
1429 2 24505 1 25335
1430 63 2411 1 2790
1431 1 32750 8 33465
1432 45 36962 1 37308
1433 21 35041 5 35214
1434 57 37538 2 37674
1435 9 2427 2 3218
1436 57 28239 3 28600
1437 38 46895 1 47680
1438 41 43984 6 44311
1439 8 37826 1 37869
1440 43 26985 2 27719
1441 20 23291 2 23597
1442 2 45100 1 46046
1443 25 47079 1 47583
1444 8 4826 1 5614
1445 30 42139 2 42845
1446 35 47531 2 47591
1447 24 4978 1 6131
1448 38 37338 3 37563
1449 32 36185 2 36240
1450 11 8763 1 9417
1451 33 50666 2 50760
1452 57 2411 1 2785
1453 54 28828 2 29015
1454 20 29049 3 29664
1455 23 12387 3 12807
1456 24 54888 1 55388
1457 28 51334 1 51535
1458 38 45776 2 46349
1459 2 47983 1 48333
1460 8 12354 3 12868
1461 10 49092 2 49608
1462 24 45481 4 45948
1463 63 46690 1 47490
1464 3 26679 5 27137
1465 42 29301 3 29941
1466 9 50546 1 50941
1467 49 20844 2 20876
1468 46 0 5 243
1469 9 8763 1 9149
1470 32 4124 2 4672
1471 42 47250 5 47305
1472 60 49807 1 50456
1473 11 38416 4 38512
1474 4 35041 3 35515
1475 2 53340 2 53606
1476 57 35424 1 35985
1477 24 41943 1 42239
1478 2 38226 1 39100
1479 63 18878 2 18971
1480 3 28410 3 28482
1481 23 15692 4 16167
1482 3 0 4 324
1483 4 54809 1 55100
1484 3 8810 5 9374
1485 42 41695 1 42084
1486 33 44493 1 44533
1487 51 13667 1 14176
1488 35 34309 4 34920
1489 63 39850 1 39963
1490 57 43984 6 44599
1491 24 51800 1 52341
1492 32 32755 2 33485
1493 9 45977 3 46056
1494 30 17794 1 18534
1495 43 983 1 1639
1496 33 13995 1 14525
1497 30 18878 1 18991
1498 58 44493 4 44759
1499 10 4124 2 4163
1500 50 36888 1 37247
1501 40 42139 3 42186
1502 4 27200 2 27221
1503 45 19667 5 20400
1504 7 32755 1 33486
1505 43 6131 2 6537
1506 43 19667 1 19906
1507 26 45481 1 45905
1508 11 40925 2 41039
1509 20 34212 1 34425
1510 61 50546 4 51092
1511 32 17298 2 17350
1512 24 49495 2 49931
1513 38 33418 4 33649
1514 2 30704 2 30931
1515 60 19667 3 19817
1516 11 24693 4 24731
1517 24 31847 1 32525
1518 9 12169 2 12593
1519 16 48631 2 49135
1520 24 35041 2 35227
1521 2 41958 1 42023
1522 57 24964 1 25068
1523 40 22675 2 23259
1524 9 8763 4 8810
1525 2 32525 2 32590
1526 24 8763 1 9077
1527 4 49495 1 49581
1528 7 54148 2 54428
1529 38 571 1 1433
1530 57 1511 1 1880
1531 63 32525 1 32762
1532 25 8763 5 8851
1533 38 38333 1 38382
1534 11 31601 1 31751
1535 10 6131 1 6435
1536 16 33418 6 33847
1537 38 25376 4 25776
1538 42 28364 1 29095
1539 16 21608 1 21713
1540 8 14025 1 14363
1541 50 29049 1 29607
1542 50 16773 4 16933
1543 24 47307 2 47531
1544 62 37826 1 38199
1545 50 21683 2 22033
1546 61 13995 2 14360
1547 9 55242 2 55642
1548 20 26702 5 27186
1549 8 48652 1 49068
1550 7 37826 4 38265
1551 56 49495 4 49767
1552 25 52741 3 53341
1553 57 42139 3 42266
1554 54 54112 1 54455
1555 25 14390 3 15072
1556 56 23645 3 23925
1557 57 34465 1 35502
1558 57 32590 3 33186
1559 16 16773 5 16869
1560 23 20962 1 21160
1561 4 33418 3 34110
1562 42 6591 1 7154
1563 8 21554 7 21577
1564 43 18878 1 19428
1565 63 54112 1 54348
1566 10 11467 1 12191
1567 13 39652 2 39764
1568 50 36888 1 37548
1569 24 37338 1 37541
1570 32 2251 2 2288
1571 6 54148 5 54364
1572 43 26076 3 26439
1573 3 1895 2 2615
1574 38 8457 1 9696
1575 24 40102 3 40220
1576 3 2251 1 2809
1577 57 50546 1 50666
1578 25 28828 4 29496
1579 57 23530 3 23731
1580 57 47531 1 47861
1581 63 33418 2 33481
1582 57 42266 6 42486
1583 24 43984 1 44493
1584 28 26076 1 26278
1585 38 8189 1 8457
1586 24 19849 1 20474
1587 60 17794 1 18453
1588 29 24964 1 25422
1589 42 37338 2 37840
1590 57 19849 1 21664
1591 25 54726 1 55404
1592 28 21608 3 22244
1593 6 54445 5 55139
1594 28 35041 1 35543
1595 30 55242 3 55661
1596 6 23530 4 23610
1597 24 26137 1 27415
1598 10 40166 1 40392
1599 3 22675 1 22788
1600 2 23645 1 24505
1601 57 15603 1 16285
1602 57 33418 7 33733
1603 25 20365 1 20737
1604 33 8189 1 8704
1605 63 48652 1 49255
1606 4 6131 1 6835
1607 63 43984 1 44504
1608 24 46046 1 46690
1609 24 52492 1 53180
1610 60 24693 3 24858
1611 60 1284 2 1923
1612 17 4767 1 5253
1613 8 38231 2 38543
1614 63 4124 2 4684
1615 9 12593 2 12682
1616 40 1511 1 1733
1617 57 4124 3 4229
1618 57 35041 1 35454
1619 44 47531 1 47596
1620 21 11467 6 11890
1621 9 46690 1 47028
1622 3 47079 2 47430
1623 57 39652 1 39695
1624 24 957 2 991
1625 63 15603 1 17794
1626 57 29496 7 29885
1627 37 16963 1 17425
1628 43 15692 1 15775
1629 9 39652 1 40355
1630 30 1836 3 2150
1631 54 49092 1 49224
1632 50 2737 1 3379
1633 1 14025 4 14657
1634 4 16628 1 17353
1635 25 24693 1 25385
1636 52 2547 6 3042
1637 24 35041 1 35081
1638 38 21608 1 21820
1639 13 48652 3 49116
1640 30 31601 3 31908
1641 24 44952 2 45395
1642 15 4767 1 5349
1643 32 33481 1 34027
1644 24 55591 4 56080
1645 28 1359 1 2251
1646 24 42266 1 42666
1647 24 36888 2 37013
1648 20 571 5 1027
1649 9 17732 1 17825
1650 24 46192 3 46690
1651 15 44728 2 45206
1652 9 22675 3 23085
1653 38 36962 2 37298
1654 28 11467 4 11712
1655 32 0 2 53
1656 38 20962 1 21281
1657 9 45481 1 45977
1658 24 53412 1 53537
1659 24 33418 2 33924
1660 7 0 1 297
1661 4 20365 2 20724
1662 25 23291 1 23536
1663 18 38416 3 38832
1664 43 29718 2 29953
1665 38 55476 1 56943
1666 59 34258 2 34572
1667 28 21412 2 21831
1668 9 28828 1 29160
1669 37 37338 2 37648
1670 55 49931 1 50282
1671 20 39652 2 40184
1672 63 42873 1 43782
1673 21 20962 7 20998
1674 38 31601 4 31913
1675 56 1284 3 1682
1676 60 33418 1 33926
1677 9 49092 1 49556
1678 43 1284 1 1356
1679 15 34212 2 34381
1680 50 32525 3 32964
1681 57 44493 1 45516
1682 8 28143 3 28847
1683 2 40102 3 40308
1684 43 0 3 488
1685 20 22770 1 23121
1686 24 4124 2 5029
1687 3 20962 6 21619
1688 37 8763 1 9118
1689 26 27851 1 28251
1690 32 36888 2 37118
1691 13 31601 1 31769
1692 46 26679 2 26829
1693 45 32750 2 33462
1694 7 0 4 197
1695 43 1511 3 1635
1696 20 4124 2 4797
1697 57 47983 1 48423
1698 10 19667 1 20090
1699 19 39652 4 40229
1700 45 52741 1 53274
1701 49 51334 1 51821
1702 2 46690 2 46763
1703 57 39850 1 40328
1704 43 16243 4 16449
1705 38 29301 1 32049
1706 10 41695 2 42379
1707 40 37826 1 38172
1708 10 23645 1 24110
1709 50 8763 3 9069
1710 28 26828 2 27772
1711 43 15649 2 15888
1712 62 30704 1 31152
1713 35 18021 3 18440
1714 2 1511 1 1891
1715 59 6591 1 6966
1716 11 4124 3 4432
1717 8 19667 1 20019
1718 45 4215 3 4461
1719 7 246 2 441
1720 21 35424 8 35718
1721 51 33924 1 34658
1722 42 16243 1 16636
1723 38 4124 1 4210
1724 47 25376 1 26105
1725 11 43984 3 44561
1726 8 21608 3 21988
1727 56 43984 1 44138
1728 9 16243 1 16952
1729 42 46690 3 47068
1730 15 12588 4 13115
1731 42 35041 2 35466
1732 13 28828 1 29487
1733 50 45481 1 45808
1734 42 37674 1 38161
1735 43 24964 1 25366
1736 24 28364 1 28891
1737 57 16773 1 16946
1738 38 40408 3 40573
1739 8 16773 1 17242
1740 20 51334 1 51945
1741 45 16773 3 17492
1742 40 43984 1 44587
1743 20 47250 2 47839
1744 11 51334 2 51651
1745 50 37826 2 38043
1746 8 29049 1 30431
1747 41 4767 1 5318
1748 48 51569 7 51975
1749 24 6370 2 6875
1750 8 17922 3 18386
1751 3 4215 1 4677
1752 36 34106 1 34449
1753 28 2737 1 3034
1754 32 20365 3 20475
1755 2 33481 1 33672
1756 28 24248 1 26076
1757 63 4711 1 4837
1758 40 12577 3 12852
1759 37 54148 1 54842
1760 57 30704 2 31016
1761 24 38416 2 38464
1762 23 12577 1 13183
1763 55 21412 3 22127
1764 2 14895 1 15603
1765 23 2547 3 2816
1766 11 6131 3 6666
1767 62 33418 1 33495
1768 8 36888 1 36962
1769 9 18423 2 18469
1770 9 6131 2 6554
1771 40 17794 3 17937
1772 63 6131 1 6388
1773 40 21216 1 21886
1774 32 49540 1 50226
1775 57 44728 1 44890
1776 9 48652 1 49092
1777 9 26702 2 27132
1778 60 41958 1 42659
1779 38 20365 3 21055
1780 8 38416 3 38974
1781 37 32709 1 32766
1782 57 11467 1 13030
1783 29 16243 2 16543
1784 17 54112 1 54791
1785 28 54726 2 55204
1786 3 19849 2 20126
1787 38 21683 1 22131
1788 60 31601 2 31935
1789 33 27522 1 27786
1790 26 38416 1 38847
1791 60 21683 1 21763
1792 9 49540 3 49807
1793 42 45481 1 45963
1794 40 22675 1 22974
1795 11 33418 3 33835
1796 60 12387 4 13132
1797 9 21673 1 21877
1798 50 47250 3 47815
1799 43 21412 2 21505
1800 20 46690 4 46785
1801 50 54148 3 54530
1802 38 52741 2 53025
1803 57 46046 4 46255
1804 40 15603 3 16193
1805 28 26278 1 26798
1806 42 33418 6 34097
1807 49 35041 2 35431
1808 9 26361 2 26702
1809 8 42873 2 43039
1810 19 53340 3 53808
1811 9 5129 1 5302
1812 38 13667 4 14350
1813 28 22722 4 22796
1814 28 33418 1 33812
1815 28 0 1 212
1816 7 49092 7 49391
1817 63 28364 1 28539
1818 32 37350 3 37488
1819 3 4711 2 5057
1820 24 23530 1 24077
1821 63 38083 1 38823
1822 37 20365 2 20576
1823 61 2411 4 2861
1824 4 47764 1 48282
1825 17 44493 1 44871
1826 3 22156 3 22710
1827 14 55591 1 55833
1828 2 26799 1 27044
1829 2 17732 1 18438
1830 32 35041 2 35190
1831 6 4215 4 4301
1832 9 12682 1 12999
1833 30 40925 1 40975
1834 2 20601 2 21255
1835 20 39652 1 40177
1836 11 30704 4 31066
1837 23 1808 3 2349
1838 24 48851 2 49923
1839 24 15692 2 16243
1840 9 41943 1 42306
1841 42 39850 5 40149
1842 54 51569 1 52189
1843 21 6131 4 6829
1844 33 20365 1 20471
1845 45 32590 2 32804
1846 26 15603 1 16063
1847 2 50546 2 51167
1848 43 42266 4 42497
1849 8 38231 2 38395
1850 40 32755 2 32849
1851 60 36185 3 36330
1852 49 32525 1 33079
1853 60 36962 4 37422
1854 24 13667 3 14672
1855 20 22675 3 23330
1856 43 39652 2 39910
1857 50 11467 2 11790
1858 9 957 2 1284
1859 24 25376 1 25578
1860 46 50546 6 51130
1861 30 36962 2 37694
1862 50 23381 2 23818
1863 38 23530 2 24131
1864 2 51297 2 52741
1865 28 54445 2 54557
1866 63 39652 2 39850
1867 2 54201 1 55038
1868 43 39652 2 39952
1869 20 21608 4 21771
1870 8 53340 2 53752
1871 21 34465 6 34815
1872 20 4306 2 4846
1873 50 39652 2 40129
1874 37 33924 2 34157
1875 42 1511 2 1716
1876 50 20365 3 20852
1877 57 32525 3 33341
1878 2 12387 2 12523
1879 63 49807 1 50126
1880 24 34258 1 34643
1881 44 35041 1 35421
1882 32 49092 2 49443
1883 3 37338 1 37783
1884 38 14351 5 14957
1885 50 46192 1 46403
1886 24 34309 1 35041
1887 20 51334 1 51920
1888 10 15603 2 16056
1889 54 52384 2 52845
1890 25 18878 6 19455
1891 7 27200 2 27867
1892 24 37878 2 38705
1893 25 45100 3 45575
1894 8 28458 1 28739
1895 42 50546 2 50959
1896 57 591 1 1237
1897 54 47983 1 48077
1898 11 26702 2 27137
1899 41 29087 1 29822
1900 57 48851 4 49021
1901 3 51800 1 52219
1902 59 29049 4 29162
1903 60 0 1 252
1904 49 6591 2 7167
1905 24 12588 1 13189
1906 7 14668 3 14741
1907 21 31601 7 31690
1908 7 26083 1 26819
1909 24 34465 2 34979
1910 37 16546 2 16657
1911 8 571 2 1032
1912 24 41741 2 41943
1913 55 8189 5 8521
1914 60 28458 2 28658
1915 38 24248 1 25376
1916 25 51963 3 52152
1917 10 36185 1 36390
1918 20 16749 8 17250
1919 9 52245 1 52599
1920 56 26702 1 27191
1921 42 17794 1 17997
1922 24 37338 1 37878
1923 51 6131 1 6718
1924 14 51334 1 51884
1925 2 13667 2 13995
1926 16 8189 1 8537
1927 32 19849 2 20239
1928 1 54112 8 54766
1929 8 21437 2 21554
1930 9 28388 1 29299
1931 42 42139 7 42877
1932 40 32525 2 32637
1933 43 54148 3 54419
1934 28 38226 1 38527
1935 50 24077 4 24284
1936 25 49092 2 49608
1937 33 13712 1 14281
1938 22 41741 1 41891
1939 32 13667 1 14299
1940 28 47983 3 48539
1941 63 36185 1 36404
1942 25 27851 5 28229
1943 63 23530 1 24012
1944 57 20365 1 20676
1945 40 31601 1 32214
1946 23 54112 2 54415
1947 24 24077 2 24381
1948 20 16243 1 16749
1949 50 15603 2 16229
1950 63 25658 1 27536
1951 50 37338 3 37673
1952 3 11467 2 11903
1953 2 49495 1 49865
1954 50 14979 1 15164
1955 32 11467 2 12110
1956 9 15603 1 16112
1957 15 18878 2 19226
1958 42 20844 7 21094
1959 63 49092 1 50746
1960 57 19667 1 19849
1961 14 31601 2 32324
1962 3 18878 5 19119
1963 57 41695 1 41805
1964 9 17922 1 18352
1965 8 14390 4 14616
1966 9 51334 1 51569
1967 51 41695 1 41742
1968 43 12577 1 13097
1969 8 36962 6 37591
1970 60 2293 1 2596
1971 41 18878 1 19352
1972 12 6591 2 6652
1973 7 27522 2 28143
1974 28 49369 1 52786
1975 8 52384 3 52992
1976 11 32525 1 32658
1977 24 21538 1 22026
1978 10 2413 2 3073
1979 11 29049 2 29736
1980 63 25329 1 25530
1981 25 51297 3 51361
1982 8 4711 5 4826
1983 8 49495 5 49984
1984 15 41695 2 42373
1985 4 48851 1 49179
1986 38 47983 1 48658
1987 38 2737 3 3267
1988 41 16546 5 16866
1989 57 54148 2 54594
1990 54 18878 4 19110
1991 54 17732 5 18122
1992 50 53412 3 54121
1993 55 29087 6 29269
1994 24 19667 1 20352
1995 26 50546 1 51007
1996 28 29087 1 29563
1997 37 43984 2 44686
1998 9 53340 1 53458
1999 24 37674 1 38250
2000 1 35041 1 35714
2001 33 16628 1 17250
2002 3 29049 7 29736
2003 57 46192 2 46348
2004 51 4124 1 4692
2005 23 26985 5 27030
2006 20 8189 3 8500
2007 2 25376 1 25816
2008 28 7656 2 7788
2009 14 45776 1 46086
2010 57 29301 3 29468
2011 9 8810 1 9302
2012 38 16963 1 17197
2013 11 1724 1 2441
2014 24 13667 1 14635
2015 10 29049 2 29545
2016 24 2251 1 2476
2017 38 18878 1 20500
2018 43 23291 8 24014
2019 28 246 2 1359
2020 24 25163 2 25184
2021 2 35424 1 36335
2022 54 29087 2 29675
2023 21 26828 6 27270
2024 39 4767 2 5437
2025 24 37013 1 37338
2026 40 52384 1 52845
2027 35 47531 4 47672
2028 28 34309 1 34929
2029 59 4215 3 4525
2030 24 45100 3 45595
2031 11 51800 1 52205
2032 50 28364 4 28892
2033 15 38205 2 38368
2034 47 16773 1 17445
2035 3 52384 1 52953
2036 24 39652 2 40083
2037 38 26702 4 26985
2038 25 24248 4 24480
2039 61 36888 2 36980
2040 25 13995 1 14652
2041 61 45776 3 46030
2042 14 957 2 1299
2043 40 48067 2 48257
2044 9 16243 1 16643
2045 9 37404 1 37538
2046 38 12169 2 12657
2047 3 44897 1 45273
2048 63 4978 1 5193
2049 24 29718 1 30192
2050 21 571 1 1132
2051 63 29718 1 29924
2052 47 41695 1 42134
2053 50 33418 1 33662
2054 54 31601 1 31659
2055 9 13667 3 13712
2056 54 4124 3 4432
2057 42 47531 2 47904
2058 9 54445 1 55002
2059 45 42873 3 42895
2060 7 32750 4 32875
2061 10 31601 1 32226
2062 20 8189 4 8290
2063 16 26985 3 27073
2064 33 48631 2 48869
2065 4 24077 2 24173
2066 7 13667 3 14301
2067 32 37878 3 38625
2068 51 23530 1 24026
2069 49 50090 1 50306
2070 11 36962 4 37422
2071 26 27200 1 27817
2072 9 46895 1 47764
2073 3 20365 3 20668
2074 24 36185 3 36888
2075 28 16773 3 16942
2076 9 20962 4 21402
2077 8 49984 1 51407
2078 43 49495 1 49723
2079 2 47250 1 49235
2080 16 42023 1 42294
2081 54 8189 3 8672
2082 8 2413 1 2925
2083 9 33924 3 34727
2084 19 24077 3 24223
2085 5 29718 1 30335
2086 6 37538 5 37795
2087 45 7788 3 8194
2088 43 37338 7 37869
2089 57 25163 1 25789
2090 42 33418 3 34084
2091 8 26985 3 27022
2092 8 32525 1 32750
2093 20 27291 2 27522
2094 42 44493 4 44522
2095 9 28410 1 28508
2096 28 6131 2 6256
2097 40 23291 1 24322
2098 28 36888 1 37884
2099 28 22796 4 23088
2100 57 24693 1 25163
2101 2 13995 1 14447
2102 57 13667 1 14075
2103 28 4430 1 5683
2104 24 22675 1 22722
2105 50 25163 2 25264
2106 7 16773 1 17098
2107 42 12588 2 13267
2108 9 48631 3 48745
2109 42 49495 2 49798
2110 7 52744 1 53135
2111 43 32525 1 32833
2112 16 42873 8 42948
2113 8 41695 3 42404
2114 27 47250 1 47736
2115 58 29087 3 29806
2116 62 46192 1 46691
2117 9 12387 1 13006
2118 2 2251 1 2547
2119 16 44952 2 45561
2120 43 24505 6 24857
2121 7 12577 2 13309
2122 63 1511 2 2406
2123 28 20365 2 20468
2124 11 54984 3 55584
2125 42 7788 1 8147
2126 25 54112 4 54412
2127 45 33924 1 34512
2128 25 25376 7 25601
2129 24 49931 1 50546
2130 24 44493 2 45063
2131 24 41695 1 41741
2132 8 20844 1 21412
2133 8 27291 4 27942
2134 8 27022 2 27452
2135 33 27354 1 27697
2136 42 34106 5 34514
2137 8 24248 1 25869
2138 3 50546 1 51284
2139 9 24964 3 25263
2140 2 14668 1 14895
2141 49 49092 2 49638
2142 59 44897 2 45182
2143 32 41695 3 42361
2144 21 52744 1 53179
2145 2 47531 1 48079
2146 24 983 2 1389
2147 7 54809 4 55236
2148 2 32750 1 33743
2149 10 50090 2 50527
2150 38 17197 4 17732
2151 28 44728 2 45023
2152 7 34309 2 34555
2153 8 7656 3 8559
2154 57 51963 5 52025
2155 52 19667 2 19918
2156 30 39850 3 39982
2157 7 12169 1 12908
2158 3 1511 1 1902
2159 28 13995 3 14668
2160 20 11467 5 12055
2161 25 39652 3 39831
2162 58 27522 1 28117
2163 7 571 1 1047
2164 50 51963 2 52330
2165 7 25816 2 26083
2166 43 29718 5 29840
2167 8 26361 1 26589
2168 63 54445 1 54984
2169 25 49865 3 50502
2170 42 38226 3 38461
2171 3 37878 1 38453
2172 54 13667 4 14228
2173 16 11467 1 11718
2174 43 41958 2 42439
2175 9 25759 2 26280
2176 23 21683 1 22249
2177 30 42873 1 42986
2178 3 1808 2 1891
2179 9 27132 5 27581
2180 52 27354 1 28050
2181 24 47531 3 48334
2182 15 20962 2 21131
2183 2 21538 1 22114
2184 2 49369 1 49495
2185 29 33418 3 34158
2186 32 20962 2 21058
2187 40 25163 2 26017
2188 3 17298 1 17997
2189 54 17197 2 17406
2190 7 25163 1 25584
2191 28 571 1 1186
2192 2 38083 1 38887
2193 28 13667 2 13937
2194 3 49540 2 50070
2195 58 13667 2 14283
2196 24 40289 1 40925
2197 59 54112 1 54744
2198 3 16243 5 16401
2199 38 25816 1 25990
2200 8 21412 5 21454
2201 24 54809 1 55165
2202 32 55242 1 55849
2203 37 18423 2 18848
2204 38 5129 1 5255
2205 10 51334 1 51495
2206 24 54809 1 54888
2207 28 47250 1 47674
2208 60 17732 5 17979
2209 40 29718 1 30007
2210 9 8189 1 8763
2211 57 42873 1 43463
2212 42 36962 6 37251
2213 28 27851 3 28551
2214 10 38083 1 38385
2215 28 8763 1 9306
2216 16 21097 1 21720
2217 38 4767 5 5129
2218 15 50546 2 50638
2219 8 13189 2 13729
2220 24 27851 1 28364
2221 50 40289 1 40615
2222 50 2251 2 2593
2223 39 12387 4 12938
2224 28 33924 2 34254
2225 2 29718 1 31557
2226 3 4978 5 5172
2227 38 54875 4 55476
2228 40 11467 3 12184
2229 55 2251 4 2646
2230 57 6591 4 6767
2231 51 24077 1 24392
2232 9 24473 1 24964
2233 50 35041 2 35336
2234 57 42666 2 42701
2235 63 33971 2 34106
2236 15 1511 4 1919
2237 23 12169 1 12242
2238 4 16628 1 16692
2239 24 22026 2 22062
2240 63 12682 1 13236
2241 3 4306 1 4809
2242 15 39652 1 40123
2243 38 16546 3 16773
2244 32 51334 1 51852
2245 38 32750 2 33442
2246 24 28364 1 30704
2247 38 48631 1 49100
2248 13 31847 3 32535
2249 59 49092 3 49367
2250 4 1724 1 2353
2251 20 32709 3 33119
2252 40 14390 2 14510
2253 24 25163 2 25537
2254 40 24505 2 25018
2255 43 8763 2 9095
2256 22 34465 4 34603
2257 20 1284 4 1426
2258 50 16243 1 16700
2259 57 16243 1 16868
2260 28 51800 1 51895
2261 24 28458 2 28588
2262 8 44728 1 45481
2263 16 18878 3 19296
2264 24 2737 2 3223
2265 8 34465 4 34555
2266 60 54112 2 54492
2267 3 32525 1 32776
2268 6 11467 4 12016
2269 49 46690 2 46868
2270 9 48851 3 48931
2271 23 37826 1 37867
2272 2 40308 1 40976
2273 8 20365 2 20844
2274 4 51334 3 51945
2275 38 2491 2 4306
2276 42 54875 1 55133
2277 42 11467 1 12047
2278 63 33481 1 33581
2279 57 45481 4 46108
2280 57 36962 1 37364
2281 58 14668 4 14949
2282 9 25716 2 26361
2283 24 20844 1 21422
2284 40 49092 3 49713
2285 28 42023 1 42364
2286 4 0 1 378
2287 57 53412 5 54148
2288 13 11467 3 11576
2289 23 1284 5 1394
2290 38 54726 3 54875
2291 30 45481 2 45856
2292 17 1511 1 1670
2293 42 41695 1 41768
2294 17 18878 1 19232
2295 8 25816 2 26209
2296 63 47909 1 47983
2297 54 4215 1 4308
2298 35 51800 3 52004
2299 38 15649 2 16546
2300 8 4124 5 4711
2301 2 29496 2 29718
2302 28 49092 2 49258
2303 25 16243 1 16432
2304 31 25658 8 26124
2305 38 27026 2 27581
2306 9 16243 3 16464
2307 24 25759 1 26715
2308 2 52741 1 53340
2309 28 54112 5 54429
2310 40 6131 1 7145
2311 60 13995 2 14107
2312 28 23291 2 24179
2313 63 27522 1 27871
2314 26 37338 1 37550
2315 22 14351 4 14516
2316 4 38205 1 38748
2317 8 16628 2 17282
2318 20 23530 5 23562
2319 9 24505 2 24696
2320 24 20962 2 21538
2321 16 1284 8 2007
2322 57 47079 5 47392
2323 30 16773 3 16988
2324 28 48631 2 49348
 调度评估结果
1. 任务等待评估 (Σ 等待×权重): 495029156
2. 任务完成评估 (最大完成时间): 56982
3. GPU显存空闲评估 (平均空闲): 12401.12 GB/时间片
 额外统计
已调度任务               : 2324/2324
平均等待时间            : 20790.62
各服务器任务分布      : 服务器1=11, 服务器2=116, 服务器3=84, 服务器4=47, 服务器5=2, 服务器6=18, 服务器7=59, 服务器8=114, 服务器9=139, 服务器10=36, 服务器11=33, 服务器12=3, 服务器13=10, 服务器14=20, 服务器15=31, 服务器16=40, 服务器17=9, 服务器18=7, 服务器19=7, 服务器20=61, 服务器21=25, 服务器22=7, 服务器23=26, 服务器24=190, 服务器25=57, 服务器26=16, 服务器27=8, 服务器28=100, 服务器29=6, 服务器30=28, 服务器31=2, 服务器32=43, 服务器33=20, 服务器34=1, 服务器35=13, 服务器36=9, 服务器37=31, 服务器38=110, 服务器39=6, 服务器40=55, 服务器41=18, 服务器42=77, 服务器43=67, 服务器44=10, 服务器45=30, 服务器46=10, 服务器47=6, 服务器48=3, 服务器49=19, 服务器50=70, 服务器51=27, 服务器52=11, 服务器53=1, 服务器54=45, 服务器55=15, 服务器56=9, 服务器57=121, 服务器58=11, 服务器59=22, 服务器60=51, 服务器61=10, 服务器62=8, 服务器63=83
