1 3 15116 1 15535
2 33 13848 2 14247
3 49 16833 2 17011
4 32 18551 5 18902
5 42 8276 2 8991
6 5 3860 7 4539
7 50 14352 1 14775
8 23 11234 2 11414
9 57 6384 2 6622
10 30 14700 4 15050
11 21 14432 1 14460
12 23 22498 3 23117
13 19 11663 2 12318
14 32 19750 5 20229
15 16 8682 2 9259
16 34 5588 2 6133
17 34 6384 5 6857
18 24 12114 3 12754
19 56 18556 2 19449
20 9 2005 2 2716
21 34 16614 4 16904
22 10 3266 1 3300
23 45 19183 3 19378
24 17 539 2 1011
25 38 5321 1 5761
26 54 9001 1 9687
27 23 4173 3 4454
28 53 12619 2 13303
29 23 18804 1 19357
30 38 12697 2 13145
31 42 2377 8 2894
32 21 21057 3 21385
33 23 7993 2 8397
34 38 19750 1 20712
35 19 7173 3 7619
36 24 11234 4 11695
37 41 7188 3 7559
38 42 1157 4 1241
39 7 7173 2 7285
40 35 0 1 682
41 33 12114 3 12192
42 9 15971 1 16521
43 23 3644 1 6300
44 42 19347 3 19917
45 31 14352 3 14720
46 3 20008 1 20540
47 41 2377 4 2952
48 23 3258 1 3447
49 53 17527 3 17970
50 16 3266 1 3551
51 53 12931 3 13371
52 41 13733 4 14375
53 38 1279 3 1776
54 35 7628 1 7661
55 3 13642 1 14303
56 32 14631 4 14831
57 45 1336 7 1906
58 4 12755 6 13053
59 26 17564 1 18175
60 35 4900 2 6141
61 56 2928 4 3455
62 48 10159 3 10388
63 15 1336 2 1979
64 54 10454 5 10802
65 54 17649 1 17870
66 13 18231 2 18852
67 23 14756 4 14781
68 18 11234 1 11841
69 15 5321 2 5805
70 35 5321 4 5899
71 35 3095 3 3138
72 6 2545 1 2571
73 54 20008 1 20350
74 6 3860 2 4207
75 19 5321 2 5379
76 31 3095 2 3509
77 19 19750 3 19907
78 18 13309 2 13873
79 26 5588 2 6098
80 50 15959 2 16144
81 18 9597 1 9734
82 21 1481 1 1709
83 50 4780 1 4889
84 55 15971 2 16021
85 38 10181 1 10408
86 34 18712 1 19183
87 35 18551 4 19116
88 48 20968 2 21540
89 3 10608 4 11011
90 22 1332 3 2034
91 30 3875 1 3936
92 45 21610 1 21880
93 23 9137 3 9875
94 23 14631 4 15078
95 56 8497 1 9135
96 38 14631 1 15150
97 33 7993 4 8220
98 41 18551 3 18591
99 37 21680 1 21908
100 34 22498 1 22898
101 54 21057 1 21778
102 42 539 3 1110
103 5 14631 1 15057
104 57 22232 2 22972
105 33 12931 1 13293
106 6 12114 1 12741
107 42 10806 2 11436
108 57 19750 1 20282
109 7 0 2 73
110 3 17374 1 18238
111 16 5895 3 6450
112 15 18231 1 18306
113 32 2928 4 3559
114 33 0 2 1111
115 48 5626 3 6493
116 18 22498 7 22658
117 42 0 2 653
118 30 15116 1 15241
119 54 14247 1 14424
120 19 14700 2 15031
121 35 1336 3 1729
122 7 18551 1 19133
123 33 10608 1 11102
124 19 6384 1 7006
125 7 15294 1 16804
126 6 15116 1 16823
127 3 2377 1 2737
128 56 1337 1 1507
129 45 2432 1 3165
130 34 20968 3 21702
131 56 15959 2 17337
132 26 10637 2 10917
133 48 9507 1 9535
134 17 10927 5 11593
135 23 18551 2 18732
136 48 16606 3 17310
137 17 10454 1 10637
138 38 1279 3 1307
139 37 3467 2 3674
140 23 19183 1 19809
141 12 19183 4 19291
142 5 7748 5 8167
143 21 5976 1 6230
144 22 1279 3 1637
145 5 21680 5 21963
146 35 14352 1 14982
147 12 6719 4 7282
148 41 12931 3 13019
149 35 10671 3 11072
150 23 0 2 884
151 42 4780 2 4953
152 35 8497 6 8723
153 32 12506 5 12810
154 17 22658 6 23278
155 26 6300 1 6636
156 31 11234 3 11655
157 24 11663 1 12335
158 50 18231 2 18726
159 48 6744 2 7410
160 54 8497 5 8807
161 51 0 2 741
162 17 2545 2 2767
163 34 4855 1 5358
164 19 11663 3 12045
165 33 7739 2 8173
166 38 3219 1 5321
167 55 10454 2 10495
168 6 9507 1 9789
169 7 6719 2 6762
170 16 17896 1 18436
171 3 12619 1 13348
172 34 19347 2 19793
173 3 10537 3 10608
174 23 15542 1 17754
175 41 6384 1 6773
176 9 21610 3 21927
177 55 1481 2 1562
178 48 1332 6 1950
179 2 9001 1 9050
180 38 16826 5 17103
181 6 22114 1 22266
182 23 11011 1 12456
183 31 20284 1 20323
184 56 2377 2 3056
185 38 7173 2 7907
186 5 10972 5 11668
187 31 13356 2 13765
188 17 6384 3 6680
189 22 18551 2 18666
190 33 12619 1 13105
191 32 13205 1 13480
192 21 15116 1 15276
193 1 3860 1 4421
194 16 2545 1 3218
195 56 19750 1 20225
196 23 9939 3 10482
197 57 7739 6 8333
198 42 884 2 969
199 18 10537 2 11102
200 53 0 3 919
201 23 14247 3 14302
202 57 15116 1 15302
203 4 3095 6 3547
204 4 3633 1 4273
205 17 3001 4 3191
206 6 19838 1 20185
207 56 10537 1 10870
208 31 22658 1 22682
209 38 22498 2 22831
210 50 6141 4 6634
211 19 9137 1 9235
212 30 884 3 1424
213 34 6300 1 6347
214 34 5588 3 6262
215 3 21725 1 23250
216 53 22232 2 22627
217 45 1920 6 2245
218 32 11298 2 11375
219 48 17649 1 18136
220 45 12755 2 13219
221 6 5976 1 6379
222 33 15116 2 15425
223 32 1336 1 1989
224 23 4855 1 5329
225 5 5588 6 5898
226 35 1932 4 2616
227 33 15001 2 15116
228 13 22027 1 22710
229 38 5321 5 5650
230 15 17151 2 17261
231 35 21189 1 21824
232 38 16606 1 17151
233 8 11234 1 14817
234 22 20284 2 20983
235 54 19183 1 19658
236 35 14432 2 15190
237 16 1059 1 1116
238 6 14432 1 15065
239 7 21679 1 21726
240 56 7173 1 7628
241 3 0 1 153
242 53 14432 3 14913
243 1 1481 1 2018
244 36 0 1 339
245 35 11663 4 12109
246 35 7595 1 8216
247 29 17564 1 17611
248 15 16606 1 16934
249 16 7173 1 7537
250 15 9439 1 9846
251 38 9001 5 9404
252 53 10537 1 11090
253 17 9001 3 9711
254 45 16833 4 17084
255 51 13205 1 13867
256 42 3633 5 4118
257 53 8497 2 8900
258 3 6719 3 6991
259 8 20284 6 20802
260 34 15138 1 15404
261 22 14333 5 14488
262 48 21679 5 22347
263 38 21408 1 22027
264 36 8497 1 8635
265 33 4780 1 5970
266 55 21680 2 21742
267 50 20008 5 20039
268 42 12114 3 12593
269 35 8723 1 10131
270 38 14631 2 15472
271 54 16160 1 16442
272 1 22334 1 22786
273 15 18828 3 19276
274 56 11663 3 12697
275 1 4780 1 4975
276 42 6493 5 6690
277 4 9137 6 9586
278 23 0 2 690
279 35 12367 1 12713
280 15 2928 2 3172
281 16 0 1 184
282 53 11234 1 14497
283 33 6384 1 6833
284 23 2377 3 2808
285 22 15959 1 16464
286 23 5692 3 6055
287 26 18551 2 19159
288 23 10806 3 11289
289 32 0 4 333
290 35 2545 1 3331
291 34 8682 1 9431
292 23 7641 1 7843
293 54 0 4 170
294 23 12114 1 13142
295 57 18712 2 18853
296 6 1059 1 1157
297 38 14074 1 14478
298 7 8497 4 8781
299 51 20008 2 20616
300 4 7748 4 8132
301 38 18712 3 18765
302 56 433 2 586
303 16 9987 1 10639
304 9 0 4 194
305 4 21189 1 21643
306 46 1481 5 1643
307 16 15971 2 16666
308 23 4674 1 4780
309 36 18804 1 19273
310 48 15542 2 15886
311 42 13309 4 13788
312 56 4780 1 5385
313 22 4780 2 5105
314 56 1507 1 1856
315 48 5588 3 5626
316 22 5976 1 6688
317 35 12114 1 12609
318 50 7785 4 7925
319 57 6300 3 6366
320 16 1895 1 2003
321 48 11097 6 11578
322 53 19347 2 19452
323 6 21679 1 22070
324 48 14333 2 15346
325 22 3633 1 3864
326 54 16606 1 17161
327 57 11663 6 12166
328 56 21189 5 21896
329 19 20008 1 20313
330 2 16826 1 17255
331 34 1157 1 1829
332 57 17374 1 17885
333 15 5321 4 5448
334 33 20008 1 20674
335 38 21702 3 22343
336 38 18804 3 19135
337 34 13121 1 13309
338 23 8497 1 8915
339 33 12192 2 12504
340 21 7739 1 7900
341 31 16160 2 16622
342 22 21680 4 22359
343 34 15971 1 16160
344 22 9507 1 10251
345 13 3095 8 3199
346 5 1059 8 1364
347 33 12192 2 12765
348 45 17151 6 17786
349 48 20284 5 20638
350 57 21702 2 22036
351 19 20008 4 20505
352 41 14631 1 15300
353 42 10806 2 11529
354 47 0 2 703
355 41 0 2 274
356 4 12367 4 12560
357 22 650 1 1240
358 57 1337 1 1378
359 7 20060 1 20151
360 5 13205 2 13467
361 35 17527 2 17822
362 56 19750 1 20354
363 37 3219 1 3928
364 53 16833 3 17261
365 31 1507 2 2214
366 28 11234 4 11949
367 38 21057 1 21205
368 38 3219 3 3781
369 6 20881 2 21189
370 32 2005 1 2588
371 24 12697 4 13054
372 14 0 1 705
373 6 1332 1 1933
374 23 10060 1 10120
375 42 21679 3 21740
376 19 15959 2 16284
377 22 18231 2 18478
378 42 3303 3 3432
379 56 20968 1 21082
380 55 7993 1 8193
381 23 5588 2 5769
382 23 20968 2 22352
383 43 1481 1 1715
384 54 15959 2 16146
385 23 22027 2 23121
386 17 6141 1 6857
387 49 5588 1 5705
388 5 11234 2 11831
389 3 18953 1 19618
390 29 1336 1 1937
391 56 10454 1 11030
392 36 17564 1 17842
393 33 14700 1 15001
394 56 17374 1 17649
395 27 20008 2 20627
396 22 16606 6 17222
397 35 20285 2 21288
398 45 7993 1 8027
399 41 0 2 728
400 4 15971 1 16401
401 16 6719 2 7189
402 15 5626 2 6213
403 18 650 3 1168
404 8 17374 1 19214
405 7 10060 1 10939
406 56 11298 1 12037
407 13 15116 1 15695
408 10 9001 1 9594
409 33 16160 3 16450
410 15 13205 1 13627
411 35 10159 1 10646
412 38 20881 2 21194
413 16 14247 1 14997
414 53 22232 2 22784
415 31 17374 2 18111
416 22 19750 3 20024
417 33 9942 2 10060
418 46 15 4 737
419 6 1895 1 2007
420 34 20008 1 20223
421 23 12619 2 13158
422 22 539 1 631
423 54 18551 6 18593
424 53 5588 5 6267
425 18 20597 4 21069
426 34 8276 1 8682
427 33 16666 1 16787
428 23 5588 2 5870
429 3 3467 2 3708
430 24 10831 4 11510
431 36 4855 1 5451
432 3 3969 3 4254
433 35 1920 1 2058
434 28 1337 1 1646
435 5 0 1 433
436 54 2928 4 3360
437 47 17896 3 18326
438 15 18551 2 18828
439 19 13235 2 13784
440 23 18712 3 19455
441 57 10060 3 10194
442 38 10927 6 11298
443 34 650 1 728
444 18 3238 2 3650
445 34 4855 3 5588
446 33 1332 2 1579
447 17 20284 3 20852
448 8 15959 1 16628
449 3 5321 3 5529
450 35 17533 1 18115
451 9 3875 1 4082
452 3 5632 2 5871
453 7 22114 3 22769
454 6 14432 1 14851
455 4 21702 1 22149
456 23 13850 1 14074
457 6 3095 2 3860
458 50 18828 2 18909
459 55 20968 2 21543
460 49 17151 4 17322
461 42 19750 5 19855
462 48 7785 3 8460
463 13 0 1 205
464 8 21057 4 21454
465 53 4780 1 5548
466 36 16666 1 17410
467 23 15442 1 15542
468 49 14631 2 14954
469 31 10537 1 11008
470 3 11663 1 12055
471 1 21680 1 22254
472 7 20284 4 20325
473 55 0 1 657
474 53 1279 4 1859
475 34 14352 4 15084
476 53 15971 2 16313
477 31 21725 4 22176
478 34 10806 1 11771
479 2 19838 3 19981
480 3 16606 1 16833
481 35 20008 1 20060
482 3 6300 1 6890
483 30 22334 1 22875
484 23 1481 3 1932
485 23 10537 3 10736
486 41 19347 2 19957
487 55 2545 2 3082
488 48 14488 3 14516
489 3 5588 2 5698
490 54 603 1 861
491 19 12619 1 12782
492 16 3303 3 3787
493 28 1332 2 1399
494 35 22027 1 22671
495 6 12619 1 12898
496 18 12687 4 13363
497 53 18551 2 19642
498 16 5321 1 5786
499 23 19750 1 20806
500 35 10637 1 10671
501 24 11663 1 12392
502 35 3969 2 4527
503 57 4674 5 5289
504 34 18231 1 18523
505 42 1332 4 1547
506 53 2509 1 3314
507 36 20008 1 20491
508 19 0 1 27
509 38 9404 1 9939
510 42 2928 1 3299
511 5 16826 1 17495
512 20 2005 4 2737
513 48 0 4 521
514 45 1932 1 2629
515 35 433 1 1332
516 42 5820 4 6341
517 34 10377 2 11710
518 35 6141 2 6361
519 31 15971 3 16074
520 35 16606 6 17250
521 57 17896 1 18410
522 5 7173 3 7424
523 7 6384 3 6641
524 48 7410 6 7785
525 35 10159 2 10281
526 57 16606 2 17075
527 38 14448 2 15046
528 15 11663 1 12816
529 31 22658 2 23214
530 45 539 3 1154
531 31 1507 3 2174
532 21 15959 6 16097
533 33 3095 2 3467
534 23 3467 2 3838
535 56 9439 1 10507
536 45 11663 5 11954
537 23 10159 1 10903
538 34 16160 1 16614
539 42 14352 2 15028
540 7 884 4 1364
541 16 3875 2 4721
542 36 12755 1 13038
543 48 10159 1 10897
544 18 20284 3 20808
545 42 6719 1 7162
546 38 12697 2 13672
547 36 22498 1 23127
548 17 14631 4 15295
549 50 8152 1 8176
550 23 6384 3 6719
551 48 17533 2 17747
552 35 7173 1 7764
553 22 5321 1 5597
554 15 16160 2 16291
555 54 15116 1 15461
556 52 0 1 730
557 38 20284 1 21057
558 54 3238 2 3774
559 50 9987 4 10186
560 23 1157 1 1362
561 34 3875 1 4855
562 48 11663 1 12923
563 32 7173 3 7669
564 42 15116 3 15670
565 3 11663 1 11741
566 21 9439 7 9518
567 6 6758 1 7161
568 15 2005 3 3045
569 21 7173 1 7433
570 38 3860 1 4035
571 5 22027 1 22715
572 8 0 1 197
573 34 0 1 248
574 33 12931 3 13024
575 35 12114 4 12611
576 17 5626 5 6179
577 35 3633 2 4900
578 3 5976 2 6224
579 18 603 2 954
580 5 6141 6 6390
581 38 1481 1 1583
582 54 18712 2 19586
583 16 5588 1 6293
584 21 17564 2 18204
585 56 11011 2 11472
586 38 20008 2 20292
587 34 17564 1 18064
588 31 2928 2 3614
589 17 7188 1 7298
590 42 17564 6 17961
591 38 8497 1 8670
592 16 9507 2 9630
593 16 15459 2 16634
594 54 13378 1 15573
595 15 433 2 520
596 16 2545 3 3266
597 22 12506 7 13021
598 36 18231 1 18324
599 48 8497 1 8999
600 15 21680 1 22480
601 4 17896 3 18568
602 19 18551 5 18648
603 13 19838 3 20170
604 6 22334 2 23282
605 28 12619 5 13197
606 6 17896 1 18395
607 3 2928 2 3640
608 34 7993 1 8597
609 3 8152 1 10492
610 34 15542 3 15956
611 36 6300 1 6619
612 3 11011 4 11234
613 54 9439 1 10089
614 18 2545 1 2810
615 38 15658 2 15971
616 22 12114 6 12255
617 18 603 2 650
618 9 0 2 239
619 57 7173 4 7630
620 3 5895 2 6711
621 22 10537 1 10742
622 20 15959 1 16097
623 2 2545 2 2669
624 38 19135 2 20284
625 8 14997 1 15707
626 38 13850 3 14072
627 7 0 2 438
628 3 5588 1 5775
629 6 18231 1 18636
630 35 21288 1 24043
631 21 15658 2 15820
632 4 21679 5 22347
633 13 0 2 347
634 38 17151 2 17951
635 49 884 1 1624
636 18 11234 5 11946
637 6 9814 2 9942
638 15 22498 1 23292
639 48 9535 3 10202
640 19 12114 1 12673
641 54 12114 7 12285
642 3 3969 2 4329
643 41 1481 4 2130
644 57 1481 5 2144
645 35 15959 2 16606
646 23 14997 1 15442
647 15 3095 2 3190
648 54 539 2 920
649 1 15959 1 16466
650 15 3875 1 4622
651 35 20597 2 21173
652 22 0 1 462
653 43 18953 1 19524
654 6 7993 2 8153
655 19 18231 1 18287
656 28 19750 2 20147
657 16 12619 1 12828
658 8 5632 1 6038
659 34 12687 2 12778
660 37 0 1 736
661 26 12367 1 12858
662 54 1157 2 1974
663 2 12697 1 13002
664 3 6719 1 7173
665 2 7993 3 8451
666 38 15971 5 16567
667 23 884 1 1088
668 7 14074 1 14295
669 42 20008 1 20105
670 3 12114 1 12367
671 37 20968 3 21126
672 22 17896 1 18700
673 23 2928 4 3258
674 3 4329 3 4674
675 38 5976 2 7731
676 34 19750 3 19958
677 56 17533 1 17812
678 30 14631 3 14697
679 6 12755 1 13205
680 3 12367 1 14756
681 53 1932 1 2509
682 53 1157 6 1237
683 42 10159 4 10630
684 13 3644 1 4208
685 54 433 1 568
686 42 18551 6 19232
687 38 19347 1 19688
688 6 13356 2 14432
689 35 20060 3 20477
690 35 3219 4 3855
691 48 22498 6 22979
692 54 12506 4 13378
693 15 10831 1 10884
694 5 10806 1 11434
695 38 22027 2 22155
696 15 20008 2 20975
697 5 18231 8 18352
698 38 10454 1 10554
699 38 18551 2 18846
700 28 22027 3 22258
701 45 9001 5 9361
702 22 19347 4 19404
703 16 3633 2 3998
704 21 2928 3 3122
705 33 3467 3 4203
706 38 18231 1 18308
707 8 2377 2 3122
708 33 16826 1 17635
709 28 5588 2 5617
710 33 21680 3 22502
711 38 9939 6 10181
712 16 14191 2 14722
713 34 7748 3 8276
714 57 6719 6 6765
715 54 3266 1 3998
716 35 17250 2 17527
717 45 0 6 452
718 23 3258 1 3644
719 5 18712 4 19415
720 34 9439 1 10377
721 19 18712 1 19392
722 35 12755 1 12853
723 6 15959 1 16661
724 51 18551 2 19223
725 46 15138 2 15843
726 48 10408 3 11097
727 7 14352 1 14896
728 8 8497 1 10776
729 38 16160 1 16786
730 7 20008 3 20269
731 38 12931 1 13451
732 16 14756 1 15555
733 23 6300 3 6384
734 21 9939 7 10565
735 51 17564 2 18101
736 19 8723 5 8827
737 6 4780 2 5976
738 32 12192 3 12413
739 38 1336 1 2007
740 18 3969 3 4560
741 15 14631 1 15531
742 31 3969 5 3997
743 42 7415 3 7756
744 41 12114 1 12544
745 17 20008 1 20463
746 15 3095 1 3909
747 15 10159 2 10699
748 33 9597 3 9932
749 16 16666 4 16826
750 7 12114 4 12843
751 5 2377 4 2954
752 21 21680 3 22084
753 41 13205 3 13233
754 34 2377 3 2479
755 31 5692 4 6423
756 23 3644 1 4099
757 57 12697 3 13323
758 33 13205 3 13848
759 47 13733 3 14209
760 56 6384 1 7039
761 15 3266 2 3821
762 6 18712 1 19838
763 7 1481 1 3001
764 4 17754 4 17790
765 13 15294 1 15830
766 23 17754 3 18166
767 57 0 2 35
768 13 3467 1 4088
769 35 10671 2 12033
770 38 5650 2 6256
771 6 650 1 1059
772 36 7739 1 8404
773 23 3860 3 4367
774 38 10806 1 10927
775 3 17564 1 18098
776 42 12114 1 12282
777 16 0 1 539
778 13 19347 5 20060
779 4 14352 3 15054
780 3 16833 3 17374
781 31 8497 1 8705
782 22 9001 3 9383
783 38 21610 1 22232
784 23 18231 3 18658
785 53 15959 1 17592
786 1 0 2 685
787 34 12506 1 13121
788 53 10060 3 10627
789 3 7648 2 8799
790 15 0 1 213
791 6 18551 1 18806
792 23 14448 2 15114
793 32 15959 1 16320
794 34 16666 1 17192
795 15 6384 1 7013
796 38 10454 2 10721
797 35 6833 2 7439
798 56 3467 3 3742
799 34 20284 1 20691
800 6 13205 1 13356
801 41 12755 3 12809
802 19 21679 5 22393
803 34 10454 1 10665
804 38 7628 1 8312
805 26 3258 2 3688
806 41 4780 2 4851
807 34 2545 3 2890
808 47 21610 2 22192
809 43 7173 4 7821
810 20 3303 4 3705
811 8 10537 4 10660
812 22 3633 3 4173
813 9 2928 3 3014
814 41 15542 3 16129
815 16 20597 2 21162
816 33 9404 3 9597
817 33 17649 1 18398
818 17 6719 3 7264
819 23 4855 4 4890
820 6 6141 1 6758
821 45 11234 1 11956
822 19 11011 5 11348
823 47 433 1 802
824 53 20284 4 20643
825 16 13642 2 14160
826 21 2545 2 3060
827 3 9001 3 9627
828 53 13378 4 13594
829 55 22027 2 22329
830 23 19838 1 20426
831 3 5321 1 5615
832 57 18953 6 19696
833 7 20968 1 21293
834 56 17649 1 18556
835 3 7173 4 7648
836 18 21189 2 21849
837 15 7748 2 8822
838 23 884 1 1481
839 48 19750 5 20177
840 34 18551 2 18636
841 34 7748 1 7926
842 17 0 1 698
843 8 17649 1 17963
844 22 17151 2 17821
845 36 650 1 819
846 3 10341 4 10513
847 57 3860 1 4161
848 35 14631 1 15294
849 38 17151 3 17694
850 6 21679 1 22114
851 35 2928 1 3095
852 38 10408 2 10806
853 53 0 3 420
854 8 19750 1 20154
855 16 884 1 1537
856 57 2928 3 3510
857 7 7748 2 7830
858 21 18551 3 18987
859 23 8682 1 8706
860 3 7739 3 7780
861 23 15116 4 15159
862 53 19750 1 20175
863 41 8276 2 8565
864 54 14432 2 14881
865 33 6141 2 6316
866 43 17151 2 17536
867 11 1579 3 2298
868 21 774 4 1289
869 56 20008 5 20484
870 21 20008 2 20535
871 55 4780 2 5240
872 22 1920 4 2235
873 23 6300 1 6910
874 48 17192 2 17533
875 53 7410 2 7448
876 47 1481 1 1751
877 34 12114 2 12506
878 6 1933 1 2664
879 38 22334 1 22498
880 22 22658 1 22748
881 52 6141 1 6477
882 18 22658 3 23380
883 16 16826 1 17564
884 7 19347 3 19799
885 18 18828 3 19069
886 55 10806 1 10994
887 42 17374 3 17456
888 41 7641 1 8072
889 54 22658 3 23213
890 53 7173 2 7398
891 48 13205 3 13733
892 23 14074 2 14598
893 48 15116 1 15613
894 2 0 2 292
895 54 4674 2 5386
896 16 19347 3 19967
897 56 18551 3 19175
898 16 7993 1 8446
899 18 12506 4 12687
900 29 539 3 1119
901 4 4855 4 5238
902 5 20008 3 20722
903 7 9001 1 9845
904 29 0 1 433
905 45 8152 5 8568
906 45 3860 1 4586
907 8 7188 1 7871
908 35 6384 2 6468
909 56 9137 2 9199
910 57 5588 1 6177
911 6 9001 2 9137
912 16 0 2 656
913 35 18115 1 19750
914 53 3633 6 4088
915 33 10341 1 11641
916 6 20285 1 20881
917 48 13733 3 14333
918 31 10454 4 11034
919 33 8153 1 8761
920 16 6300 1 6718
921 6 9942 1 9987
922 23 13642 1 14197
923 38 8497 5 8775
924 22 10806 2 12059
925 1 20008 2 20050
926 57 1059 4 1364
927 5 15971 2 16165
928 6 16606 1 16888
929 34 3633 4 3875
930 3 3860 3 3969
931 15 6719 1 6846
932 48 9137 3 9507
933 21 14997 6 15725
934 21 0 1 327
935 6 19838 1 20326
936 15 17151 2 17415
937 7 5688 2 6168
938 35 19750 2 19786
939 16 4780 2 4899
940 57 9439 1 9919
941 3 14352 1 14749
942 24 12931 2 13037
943 23 14352 2 14944
944 35 5321 3 5820
945 13 10537 4 10576
946 32 5976 4 6519
947 23 20597 1 21232
948 53 10927 1 11198
949 19 10159 1 10872
950 9 22027 5 22474
951 3 4674 1 5632
952 57 14191 4 14627
953 30 1059 1 1210
954 48 6493 2 6744
955 45 14997 6 15736
956 56 1933 1 2717
957 33 10060 3 10341
958 57 3219 2 3862
959 13 15959 6 16612
960 23 20968 1 21047
961 43 5588 1 5927
962 47 14631 3 14684
963 3 650 1 860
964 38 0 1 400
965 22 8152 2 8915
966 15 1157 2 1976
967 16 11663 2 11859
968 17 6493 1 7213
969 15 6300 2 6368
970 15 433 1 626
971 16 2003 1 2545
972 6 15001 1 15571
973 33 22658 5 23263
974 22 2377 4 2601
975 16 21189 1 21894
976 6 15959 1 16385
977 16 18804 1 18893
978 24 10454 3 10715
979 46 18551 6 18859
980 50 21679 4 22420
981 22 5321 7 5837
982 33 1579 1 3006
983 44 3219 2 3853
984 22 17374 1 18065
985 33 9404 1 9771
986 16 14997 2 15459
987 26 22831 1 22900
988 19 2377 3 3127
989 19 3633 4 4064
990 19 1279 2 1636
991 54 17374 5 18080
992 45 14488 7 14954
993 50 0 2 241
994 7 6833 2 6924
995 23 21610 2 21953
996 30 3644 4 3819
997 42 1950 2 2097
998 38 22232 2 22286
999 23 9001 1 10075
1000 34 17192 1 18551
1001 9 11234 4 11427
1002 26 14247 1 14312
1003 23 9001 2 9173
1004 23 1481 3 1821
1005 19 1336 1 1487
1006 53 6300 4 6733
1007 6 16826 1 17110
1008 16 5321 1 7739
1009 51 2377 2 2768
1010 55 16826 1 16868
1011 15 9439 4 9909
1012 56 1481 1 2042
1013 7 7993 1 8380
1014 35 6493 3 6798
1015 38 433 2 774
1016 15 13642 5 13866
1017 16 10806 2 11448
1018 54 10159 2 10427
1019 34 13309 2 14352
1020 23 9001 1 9081
1021 49 2005 4 2044
1022 16 21610 2 22055
1023 6 17110 2 17896
1024 3 2928 3 3404
1025 15 22658 1 23024
1026 31 12114 1 12755
1027 45 18556 3 18925
1028 34 2545 1 3122
1029 56 7993 2 8824
1030 38 21057 1 21408
1031 38 8682 1 9025
1032 12 14352 1 14921
1033 36 21702 1 22094
1034 23 18231 1 18394
1035 38 6300 4 6321
1036 7 3001 4 3662
1037 34 2928 2 3633
1038 35 6719 1 7595
1039 38 774 1 1279
1040 35 3633 1 4381
1041 44 4780 2 4961
1042 7 3860 4 4088
1043 31 14352 1 15008
1044 1 12697 1 12836
1045 35 17896 3 18399
1046 23 11298 1 11928
1047 6 9137 1 9539
1048 36 19347 1 19479
1049 22 7188 2 8019
1050 3 1481 1 2034
1051 5 1481 1 2105
1052 4 8497 5 9037
1053 30 18953 1 19171
1054 23 13205 5 13817
1055 34 18828 1 18919
1056 23 21189 2 21517
1057 42 22027 6 22248
1058 30 15001 1 15715
1059 45 10831 5 11392
1060 15 6300 2 6753
1061 57 21680 1 22291
1062 16 22334 4 23616
1063 3 17564 1 17949
1064 56 3860 5 4416
1065 53 14631 1 14998
1066 1 3219 2 3481
1067 20 0 2 582
1068 15 3969 1 4203
1069 32 20284 1 20388
1070 45 3238 5 3590
1071 34 1895 1 2582
1072 13 12755 3 12791
1073 57 10831 3 11322
1074 8 22027 4 22244
1075 15 15959 2 16720
1076 47 6141 2 6391
1077 12 4674 1 5407
1078 38 15116 2 15658
1079 30 8276 5 8941
1080 35 3875 1 4148
1081 57 18551 5 18670
1082 21 0 3 477
1083 53 9439 4 9693
1084 5 18712 4 19316
1085 32 17151 4 17208
1086 31 2509 4 2568
1087 53 15001 5 15698
1088 21 19347 5 19647
1089 6 10454 1 11571
1090 35 6141 4 6498
1091 9 18953 5 19265
1092 31 0 4 359
1093 33 6833 2 7476
1094 35 1332 2 1920
1095 38 22831 1 23322
1096 18 2545 6 2566
1097 56 10806 3 11066
1098 10 10671 2 11214
1099 55 12755 2 13134
1100 21 12114 1 12574
1101 17 19183 4 19367
1102 38 7739 2 8324
1103 13 18953 1 19474
1104 16 1332 1 1507
1105 3 18238 1 21580
1106 3 2005 1 2557
1107 35 433 3 1336
1108 33 18551 1 19958
1109 16 7410 1 7598
1110 33 16606 2 18446
1111 45 12619 4 13337
1112 29 15959 2 16010
1113 21 3633 6 3819
1114 38 7628 1 8378
1115 16 17564 1 18953
1116 48 18231 3 19382
1117 13 14631 2 14839
1118 6 21189 1 21374
1119 54 20597 3 20841
1120 16 12114 1 12619
1121 47 2005 1 2317
1122 4 1279 6 1912
1123 57 10159 1 10699
1124 54 2545 1 3238
1125 54 22114 2 22503
1126 7 15971 3 16240
1127 7 13205 1 13620
1128 3 4674 4 4905
1129 13 10831 3 11344
1130 41 3095 1 3389
1131 41 19347 3 19709
1132 54 3633 1 4271
1133 18 7993 7 8294
1134 15 5805 2 6283
1135 34 17564 1 18154
1136 53 6733 5 7062
1137 41 1157 2 1346
1138 38 2262 1 3219
1139 45 3644 2 4307
1140 6 8153 2 9001
1141 22 9814 1 10407
1142 38 1895 1 2262
1143 19 7993 5 8657
1144 38 12244 2 12818
1145 30 11298 5 11523
1146 19 539 2 1233
1147 18 603 1 623
1148 4 18953 2 19242
1149 21 603 2 719
1150 48 3303 2 4288
1151 41 20008 5 20303
1152 19 650 4 1111
1153 34 19183 2 19431
1154 22 0 7 704
1155 38 18231 1 18712
1156 16 12931 4 13642
1157 6 6493 1 6884
1158 34 18551 3 19160
1159 35 4674 2 4922
1160 16 13642 1 14191
1161 31 8153 2 8502
1162 16 12619 3 12740
1163 33 12367 3 12750
1164 54 11663 1 12114
1165 8 1332 3 2044
1166 35 11234 1 11374
1167 35 20152 2 20285
1168 18 12697 1 13033
1169 39 7993 7 8709
1170 56 7628 5 8376
1171 4 16833 4 17568
1172 53 7739 1 9276
1173 6 9987 2 10454
1174 35 18231 1 18714
1175 6 21189 2 21679
1176 23 4780 3 4824
1177 15 14352 1 14631
1178 23 1932 1 2377
1179 35 2377 1 2453
1180 57 14631 3 15245
1181 54 2377 4 2432
1182 42 11663 7 12057
1183 18 10806 2 10956
1184 27 14997 6 15595
1185 38 13205 4 13850
1186 41 5588 1 5798
1187 56 5895 1 6380
1188 34 7173 3 7748
1189 10 22498 3 23204
1190 8 4780 1 5068
1191 23 7641 2 8152
1192 16 4780 1 4941
1193 42 22498 4 23025
1194 53 3314 1 4219
1195 48 1950 2 2769
1196 17 10637 1 11136
1197 38 11298 1 11663
1198 19 21057 2 21116
1199 3 19750 1 19840
1200 56 774 4 1337
1201 23 21610 2 21785
1202 33 20968 3 21680
1203 34 20008 2 20968
1204 57 15959 4 15983
1205 35 21702 1 22239
1206 18 3266 5 3539
1207 42 9001 3 9423
1208 23 11663 1 13411
1209 45 3860 1 4564
1210 15 11234 5 11527
1211 22 2928 3 3394
1212 48 13850 2 14247
1213 42 5692 2 5820
1214 29 8276 1 8503
1215 3 14756 2 15430
1216 34 15001 1 15138
1217 3 0 2 1549
1218 33 15959 1 16181
1219 35 11234 4 11469
1220 23 9939 1 10103
1221 13 17896 8 17945
1222 15 16833 1 16931
1223 56 7173 1 7420
1224 21 9001 2 9397
1225 14 12755 1 13466
1226 23 2377 3 2928
1227 56 14631 1 15250
1228 16 20008 2 20597
1229 23 10454 2 10961
1230 7 7410 1 7830
1231 20 15959 4 16063
1232 17 12755 2 12900
1233 41 21610 5 22172
1234 35 12114 1 12753
1235 42 9439 1 9894
1236 38 11663 6 12244
1237 42 12697 4 12797
1238 7 5588 1 6266
1239 6 10637 1 11361
1240 7 17533 1 18533
1241 18 18712 4 19454
1242 21 3860 6 4302
1243 38 6384 2 6891
1244 21 9814 8 9889
1245 45 5588 7 6230
1246 35 12619 4 13235
1247 38 13850 1 14448
1248 8 3266 4 4013
1249 52 9001 1 9074
1250 37 2545 1 3159
1251 31 12755 2 13140
1252 4 11234 6 11571
1253 35 9439 1 10159
1254 56 0 2 89
1255 56 5588 3 5895
1256 30 1336 5 1738
1257 53 12114 3 12731
1258 7 4780 1 5688
1259 31 8682 4 9155
1260 41 17374 2 18101
1261 19 9507 3 9733
1262 18 20881 2 21622
1263 16 12755 1 12931
1264 45 20008 1 20377
1265 17 20284 2 21020
1266 51 15959 2 16578
1267 54 2432 2 2775
1268 23 4900 1 5692
1269 36 15294 1 15591
1270 38 5761 3 5942
1271 42 7739 3 8328
1272 3 9814 4 10203
1273 8 6141 1 7017
1274 9 3644 1 4123
1275 35 884 1 1153
1276 47 4173 1 4691
1277 12 5688 4 6223
1278 38 4780 1 4961
1279 53 10806 3 12039
1280 6 7410 2 7993
1281 54 5895 1 7415
1282 23 17151 2 17588
1283 36 14432 1 14845
1284 16 18551 3 18793
1285 6 0 2 646
1286 35 10341 4 10603
1287 35 0 1 239
1288 3 1895 2 2005
1289 5 2928 1 3156
1290 45 15116 1 15784
1291 3 11234 2 11323
1292 16 18953 2 19347
1293 57 22334 5 22627
1294 5 14631 2 15335
1295 43 21679 1 21712
1296 29 3633 1 4319
1297 5 0 1 424
1298 31 18953 1 19020
1299 34 433 4 838
1300 21 17374 3 17514
1301 38 12244 1 12684
1302 3 15442 2 16444
1303 15 17374 2 17650
1304 21 10831 2 11213
1305 54 5588 4 5875
1306 6 7173 2 7318
1307 33 11663 1 12340
1308 35 13850 1 14635
1309 34 21702 1 23108
1310 5 10454 1 10631
1311 31 16826 1 17053
1312 8 5321 6 5625
1313 35 6733 2 7058
1314 29 7173 1 7333
1315 53 7173 2 7508
1316 50 7993 3 8134
1317 42 4173 3 4271
1318 21 9001 6 9184
1319 35 22334 2 22754
1320 7 15116 3 15290
1321 41 16606 2 17205
1322 7 11234 4 11850
1323 16 8497 1 10942
1324 35 17374 2 17998
1325 23 15959 1 16337
1326 22 4173 3 4376
1327 26 19347 1 20080
1328 35 14997 1 15700
1329 13 18231 5 18962
1330 23 7188 2 7641
1331 45 8723 4 8819
1332 16 2003 1 2477
1333 26 1157 1 1520
1334 42 0 3 290
1335 53 20968 3 21629
1336 56 3219 1 4286
1337 15 7173 5 7563
1338 56 19347 5 19797
1339 34 884 1 2219
1340 34 12506 2 12666
1341 3 22498 2 22549
1342 2 10060 1 10603
1343 45 22027 1 22336
1344 15 9137 2 9319
1345 17 3467 2 3494
1346 35 7173 2 7549
1347 5 433 8 1039
1348 23 6719 1 7188
1349 18 6719 7 7437
1350 56 12114 2 12647
1351 28 17649 2 18172
1352 34 21057 1 21796
1353 35 19750 1 20152
1354 3 20968 1 21610
1355 23 8152 1 9090
1356 1 5626 2 6261
1357 33 7173 3 7833
1358 38 17754 2 18231
1359 28 18551 2 19232
1360 35 7739 2 8356
1361 35 8723 1 9439
1362 36 1279 1 1913
1363 8 22658 1 24151
1364 48 4674 2 5348
1365 21 7993 1 8157
1366 50 22498 4 22873
1367 49 0 3 572
1368 26 14997 1 15208
1369 50 10671 1 11294
1370 45 17564 1 18160
1371 19 4855 1 5389
1372 35 0 5 410
1373 54 7415 4 8458
1374 15 539 4 889
1375 48 650 3 980
1376 43 9507 1 10052
1377 6 1157 1 1664
1378 16 7739 3 8485
1379 52 6719 1 6993
1380 1 15959 1 16449
1381 18 0 5 603
1382 18 10454 4 10537
1383 46 6384 1 6565
1384 46 884 4 1167
1385 34 18953 1 19005
1386 16 19347 1 20008
1387 36 5895 1 6256
1388 16 4173 1 5301
1389 23 10927 3 11088
1390 22 13205 4 13985
1391 56 22027 1 23626
1392 35 8276 2 8497
1393 35 13235 1 14399
1394 5 3095 2 3465
1395 34 15116 1 15926
1396 23 15116 1 18804
1397 38 9439 2 9673
1398 18 5688 6 6041
1399 54 10537 1 11054
1400 10 17896 3 18468
1401 16 6493 1 6735
1402 21 1950 2 2415
1403 48 2928 3 3303
1404 31 539 1 1135
1405 23 22498 1 22763
1406 15 10341 1 10831
1407 5 10454 2 10940
1408 53 13309 1 14086
1409 30 22334 2 23074
1410 30 8497 1 9130
1411 53 19347 4 20233
1412 31 11011 1 11432
1413 16 22027 2 22334
1414 2 17374 1 17720
1415 56 4329 2 4464
1416 4 10537 6 10654
1417 33 14247 1 14700
1418 53 14997 1 15781
1419 53 17649 1 18816
1420 26 0 1 647
1421 1 6384 2 6586
1422 57 8497 1 9242
1423 53 3633 2 4352
1424 54 9137 4 9393
1425 18 9137 5 9601
1426 56 12697 1 15959
1427 42 18231 2 18401
1428 5 15116 4 15657
1429 5 10806 1 10972
1430 17 3266 5 3415
1431 5 8497 3 8774
1432 23 9439 2 10044
1433 42 16666 5 16884
1434 16 17151 2 17797
1435 57 2545 5 2789
1436 23 7173 4 7895
1437 35 1895 2 1932
1438 47 19183 3 19521
1439 5 14333 3 14365
1440 36 2005 1 2606
1441 55 19838 1 20526
1442 54 16160 1 16600
1443 41 539 3 1208
1444 3 21610 1 21725
1445 6 9597 1 9814
1446 48 18231 1 22593
1447 3 15971 2 16842
1448 38 6384 2 7308
1449 21 18551 1 19129
1450 35 15294 3 16205
1451 56 5588 2 5877
1452 21 6384 5 6803
1453 34 15138 2 15268
1454 47 7173 2 7675
1455 54 6300 1 6529
1456 16 7628 1 7796
1457 4 0 4 299
1458 9 20284 2 20539
1459 22 7628 3 8179
1460 33 15459 1 16130
1461 28 0 4 590
1462 9 10806 2 11163
1463 18 3633 5 3927
1464 54 10806 5 11393
1465 54 17151 1 17475
1466 22 14488 1 15593
1467 34 15542 4 16038
1468 5 6300 2 6477
1469 16 539 2 1895
1470 33 8497 1 8867
 调度评估结果
1. 任务等待评估 (Σ 等待×权重): 43489417
2. 任务完成评估 (最大完成时间): 24151
3. GPU显存空闲评估 (平均空闲): 12600.75 GB/时间片
 额外统计
已调度任务               : 1470/1470
平均等待时间            : 3014.94
各服务器任务分布      : 服务器1=13, 服务器2=9, 服务器3=61, 服务器4=21, 服务器5=34, 服务器6=56, 服务器7=36, 服务器8=21, 服务器9=13, 服务器10=5, 服务器11=1, 服务器12=5, 服务器13=19, 服务器14=2, 服务器15=49, 服务器16=66, 服务器17=23, 服务器18=33, 服务器19=32, 服务器20=5, 服务器21=35, 服务器22=41, 服务器23=91, 服务器24=8, 服务器26=13, 服务器27=2, 服务器28=10, 服务器29=8, 服务器30=15, 服务器31=30, 服务器32=16, 服务器33=47, 服务器34=64, 服务器35=85, 服务器36=20, 服务器37=6, 服务器38=82, 服务器39=1, 服务器41=27, 服务器42=43, 服务器43=7, 服务器44=2, 服务器45=31, 服务器46=6, 服务器47=12, 服务器48=40, 服务器49=7, 服务器50=15, 服务器51=7, 服务器52=4, 服务器53=46, 服务器54=47, 服务器55=14, 服务器56=47, 服务器57=37
