1 11 12334 1 12915
2 3 8360 2 8593
3 32 5012 1 5427
4 27 5627 1 6035
5 1 2233 1 2475
6 26 5965 1 6057
7 26 10798 2 11006
8 27 8117 1 8588
9 20 11006 1 11266
10 33 5404 1 5965
11 22 11788 1 12291
12 26 7712 1 8171
13 28 9056 8 9186
14 4 3 1 235
15 11 2836 3 3123
16 30 11265 2 11717
17 15 760 3 979
18 33 2385 1 2545
19 30 10604 2 10911
20 29 3498 1 3927
21 26 11006 2 11134
22 32 12330 1 12958
23 17 2818 3 2967
24 32 8509 3 8926
25 2 10826 6 11387
26 32 5627 1 5857
27 26 7527 1 8386
28 13 5837 2 6230
29 9 7895 1 8281
30 13 1198 3 1558
31 26 1789 1 2272
32 22 8360 2 8776
33 20 9879 3 10367
34 14 10671 1 10959
35 16 1597 2 2142
36 30 4418 1 4663
37 18 9591 2 10171
38 20 7712 4 8118
39 23 11936 2 12334
40 11 7895 1 7910
41 22 9004 1 9511
42 28 8632 2 8642
43 23 6187 1 6232
44 14 8360 3 8931
45 18 8117 2 8588
46 30 2272 1 2678
47 14 6798 1 7387
48 7 8169 1 8622
49 4 11788 4 12372
50 4 5616 1 6020
51 18 2385 1 2460
52 26 10246 1 10798
53 6 9840 3 10264
54 26 3083 1 3361
55 17 4838 4 5299
56 1 1269 1 1622
57 20 11936 2 12390
58 10 4602 1 5233
59 20 2233 7 2503
60 33 11069 3 11648
61 20 5837 2 6206
62 12 3103 2 3267
63 32 9466 2 9790
64 17 2693 4 3162
65 9 2636 2 3136
66 22 6670 1 7112
67 20 687 3 739
68 4 897 1 1902
69 26 11788 2 12051
70 13 2272 3 2855
71 32 4734 2 4957
72 20 8509 1 8876
73 27 1900 1 2501
74 26 5837 1 6531
75 4 3401 1 4829
76 13 8118 1 8469
77 33 6232 1 6670
78 9 925 1 1369
79 32 7712 3 8134
80 32 586 1 771
81 32 11404 1 11675
82 32 8134 1 9132
83 13 10003 1 10232
84 15 5616 3 6151
85 33 3239 2 3720
86 12 6670 1 6919
87 33 10604 1 10671
88 32 8360 1 8394
89 9 5837 3 5915
90 32 2178 1 4059
91 15 6933 3 7527
92 12 12330 2 12677
93 22 11404 1 11607
94 17 6151 5 6479
95 27 2272 5 2347
96 11 5837 2 6365
97 33 6670 1 7042
98 26 5012 2 5616
99 17 4439 3 5069
100 33 4418 1 4619
101 20 7042 3 7458
102 4 7777 1 8090
103 1 10798 2 11250
104 20 11788 1 12134
105 33 1597 3 1611
106 33 10671 1 10757
107 9 1789 1 2127
108 13 9466 2 9725
109 9 8511 7 9044
110 14 7712 1 8296
111 1 5616 4 6075
112 26 1745 3 1789
113 31 3085 7 3496
114 15 4439 1 4582
115 19 9466 4 9799
116 16 8117 1 8328
117 7 7895 1 8141
118 14 9004 2 9557
119 4 3248 1 3401
120 32 9827 1 10116
121 7 5837 3 6197
122 28 9466 5 9494
123 28 1789 3 1893
124 26 10003 1 10195
125 32 6798 1 7519
126 11 6670 4 7025
127 15 6670 2 7207
128 28 6151 3 6243
129 12 6475 3 6563
130 2 1211 3 1785
131 18 10798 1 11387
132 3 3498 2 4127
133 1 9004 2 9304
134 32 6151 1 6523
135 15 1090 1 1660
136 22 7895 2 8314
137 26 8360 1 8881
138 18 11812 2 12327
139 20 9840 2 9879
140 14 6057 4 6317
141 6 10798 2 10900
142 21 4582 1 4696
143 1 9466 2 9490
144 9 2385 1 2515
145 33 11788 2 12979
146 32 1306 5 1661
147 10 8509 2 8631
148 7 1173 1 1251
149 28 10604 1 11172
150 23 12334 1 12498
151 33 1745 1 2385
152 6 5616 2 5774
153 9 10116 5 10459
154 4 5837 1 6481
155 1 1745 1 2177
156 26 9056 3 9234
157 18 4602 2 4777
158 20 1900 1 2155
159 15 8639 2 9004
160 18 2682 2 3209
161 11 1006 3 1065
162 32 808 1 839
163 16 8117 1 8164
164 3 8134 1 8148
165 32 11788 6 12330
166 26 9466 2 9493
167 27 10671 1 11113
168 9 11788 5 12247
169 17 8360 3 8662
170 27 9161 1 9458
171 18 5837 1 6327
172 27 7987 2 8492
173 32 7042 1 7712
174 15 11944 1 11979
175 23 766 1 1268
176 1 3248 2 3641
177 1 12009 1 12658
178 27 9768 2 10141
179 21 8134 2 8501
180 15 10352 4 10656
181 23 12334 1 12852
182 1 8134 1 8462
183 17 10604 2 11005
184 31 4418 3 5042
185 27 4838 1 5313
186 20 10003 1 10335
187 11 4582 7 4784
188 26 9493 2 10246
189 23 4418 1 5012
190 15 1745 1 2700
191 32 220 1 731
192 6 7837 1 8199
193 23 4602 1 4749
194 14 9609 3 9722
195 23 984 1 1306
196 23 5764 1 6187
197 12 7712 1 7942
198 27 11404 3 11937
199 26 4182 2 4415
200 31 6798 5 7303
201 1 4838 6 5017
202 1 6151 3 6650
203 10 11788 2 12257
204 23 3498 1 4602
205 28 3467 6 3862
206 28 339 3 819
207 33 9591 1 9840
208 27 10352 1 10573
209 15 4418 1 4491
210 23 10826 2 11355
211 27 12330 2 12380
212 27 2461 2 2644
213 14 11966 2 12191
214 16 362 2 420
215 30 7712 1 7864
216 23 5627 1 5764
217 15 11788 1 13684
218 27 11936 1 12017
219 26 6531 1 7275
220 15 9004 4 9426
221 6 9004 5 9319
222 20 6933 5 7582
223 15 3986 1 4247
224 18 7042 2 7435
225 18 10246 1 10529
226 18 11788 1 11812
227 10 12334 1 12813
228 11 9466 1 9862
229 9 6933 4 7499
230 6 6933 1 7467
231 27 5627 1 6276
232 15 10764 4 11098
233 19 8509 4 9159
234 13 7042 4 7381
235 14 1745 4 1793
236 12 11788 1 12004
237 15 1131 2 1662
238 30 2932 2 3536
239 15 12009 1 12154
240 4 9161 1 10302
241 12 120 1 420
242 20 7837 2 8106
243 5 7712 1 8324
244 22 7712 1 7760
245 20 2385 1 2440
246 20 8360 2 8884
247 15 10003 1 10352
248 27 6151 2 6589
249 4 11404 2 11854
250 9 967 2 1007
251 13 5616 1 6206
252 28 7712 2 7839
253 23 2304 1 2742
254 4 6481 1 6933
255 12 2306 2 2823
256 18 8588 1 8741
257 15 6475 1 7072
258 20 11788 1 12131
259 20 3072 4 3628
260 9 10604 4 11178
261 4 10798 1 11513
262 31 7895 4 8315
263 26 11936 1 12734
264 27 1100 1 1122
265 13 10798 2 11100
266 11 10003 1 10556
267 26 2272 1 2350
268 27 9004 1 9619
269 23 7051 1 7969
270 19 4418 2 4909
271 26 3986 1 4195
272 27 4582 1 4655
273 4 6933 1 7777
274 10 9591 1 10230
275 18 9840 1 10391
276 28 5837 5 6368
277 20 6239 1 6385
278 30 7042 2 7640
279 26 2700 1 2754
280 1 12330 4 12891
281 12 9466 1 9960
282 20 11098 2 11476
283 12 10798 3 10980
284 23 10604 1 10826
285 23 3345 2 3498
286 15 10671 1 10743
287 33 8588 2 9035
288 23 9768 1 10412
289 9 2625 2 2740
290 15 4582 1 5460
291 6 306 3 933
292 7 9493 2 9551
293 23 10116 1 10604
294 27 368 2 737
295 6 1789 1 1896
296 9 6475 1 6555
297 33 74 1 1267
298 20 11404 4 11899
299 30 8360 2 8898
300 28 1745 1 2127
301 14 11788 1 11966
302 28 1013 4 1602
303 1 2570 1 2703
304 12 1745 1 2272
305 16 5627 1 5827
306 15 7837 2 7914
307 20 10352 2 10909
308 27 12154 2 12254
309 27 1900 2 2433
310 4 44 2 679
311 18 8509 3 8579
312 22 1085 1 1569
313 15 2366 1 2570
314 22 4838 2 5083
315 4 2617 5 3177
316 32 4582 4 4714
317 26 5616 1 5753
318 32 9132 2 9733
319 15 3239 3 3545
320 14 6670 1 6761
321 27 12009 1 12258
322 15 6232 2 6278
323 28 10604 2 10743
324 11 4582 3 4734
325 13 2385 1 2720
326 19 7895 3 7912
327 12 12009 1 12233
328 27 2570 2 3014
329 6 2934 4 3491
330 26 4247 1 5118
331 9 4582 1 4934
332 32 3580 1 4182
333 11 10003 1 10478
334 31 6933 3 7204
335 14 803 2 1141
336 23 9466 2 9609
337 28 3401 6 3467
338 15 6151 2 6570
339 26 1002 1 1597
340 32 9004 1 9512
341 33 859 2 1497
342 5 8509 1 8791
343 1 4582 3 4671
344 26 9493 1 9932
345 6 7712 1 7878
346 15 11788 3 11944
347 27 6798 4 7171
348 11 10604 2 10713
349 11 5837 1 5950
350 15 9004 1 9466
351 28 7527 6 7619
352 32 3117 2 3497
353 27 1745 1 2387
354 14 10503 3 10643
355 22 10003 3 10572
356 5 9840 1 9875
357 23 11404 1 11571
358 11 8117 3 8731
359 27 7895 4 7997
360 32 189 1 548
361 23 9609 1 9768
362 7 11147 2 11506
363 9 1034 4 1582
364 3 10003 2 10595
365 5 9004 2 9244
366 32 6798 3 7098
367 27 1900 1 2100
368 20 8118 2 8509
369 26 5616 2 5905
370 28 7895 3 8384
371 27 10040 2 10243
372 33 82 1 724
373 31 2272 4 2795
374 9 10671 2 11048
375 2 2944 2 3214
376 32 4582 1 5113
377 9 301 4 509
378 33 10503 1 11069
379 11 6670 3 7094
380 4 8509 1 8548
381 33 4838 3 5404
382 28 9466 1 10116
383 14 2385 2 2414
384 32 7712 1 8122
385 32 10604 2 10885
386 4 11936 1 12142
387 14 2570 2 2714
388 20 5837 4 6239
389 9 11098 1 11308
390 15 7987 2 8666
391 5 10604 2 11157
392 32 572 1 1201
393 27 4602 4 4923
394 6 5616 1 5633
395 27 375 1 874
396 28 2391 2 2544
397 15 480 1 709
398 28 6670 1 7136
399 33 10757 2 10838
400 18 530 1 912
401 11 11404 2 11721
402 1 9609 4 10151
403 27 2700 2 3247
404 33 4418 2 4734
405 26 2366 1 2585
406 33 3720 2 3919
407 18 11788 1 12133
408 32 2272 4 2455
409 18 10757 1 11064
410 23 179 1 846
411 22 2827 3 2878
412 20 7527 3 7958
413 17 9466 1 9635
414 16 3398 1 3659
415 20 6151 1 6302
416 18 7895 2 8467
417 23 3528 1 3871
418 33 9056 1 9462
419 6 8386 1 8786
420 33 9004 2 9537
421 11 9493 3 9777
422 24 11147 1 11273
423 26 11147 1 11265
424 15 2272 1 2366
425 27 2570 1 3040
426 13 11006 1 11302
427 26 12051 1 13276
428 17 1789 1 1975
429 13 12334 4 12528
430 33 5965 1 6231
431 30 1789 1 2299
432 26 7042 1 7419
433 20 7712 3 7813
434 11 521 3 736
435 32 7527 1 8182
436 10 2900 5 3308
437 26 2934 1 3869
438 23 1900 1 2479
439 23 1900 1 2106
440 33 4734 3 4838
441 18 12334 1 12904
442 5 1876 1 1933
443 15 12154 5 12542
444 17 7777 1 8293
445 16 6670 1 6774
446 9 7895 5 8511
447 31 4602 3 5007
448 33 7051 1 7223
449 6 108 1 564
450 29 10671 3 11220
451 20 9609 3 9839
452 23 6475 2 7051
453 32 2570 1 2966
454 4 4418 1 4842
455 26 1789 1 2286
456 27 10671 1 11149
457 11 7895 1 8184
458 14 415 2 1053
459 11 7712 4 7812
460 1 11966 2 12370
461 2 7042 4 7077
462 6 11788 1 12352
463 26 6057 1 7281
464 33 8509 3 8719
465 28 11788 1 12150
466 14 6670 1 6868
467 26 631 1 993
468 12 10246 1 10695
469 28 6933 1 7084
470 22 162 1 795
471 32 712 2 829
472 13 4582 3 5009
473 1 6670 2 7042
474 32 900 3 1182
475 24 7895 2 8059
476 14 11006 4 11502
477 32 9768 2 10343
478 32 4182 1 4439
479 2 7712 1 8079
480 23 435 1 766
481 12 6151 2 6405
482 1 10604 1 10642
483 32 5616 1 6821
484 21 7895 1 8332
485 26 4418 1 4472
486 23 8169 2 8563
487 9 11265 5 11339
488 32 5616 1 6660
489 14 1169 1 1181
490 2 2385 2 2749
491 24 6933 2 7116
492 19 6670 3 7177
493 33 2385 1 3208
494 12 4602 3 4968
495 26 8386 1 9056
496 20 7987 1 8221
497 28 5616 2 5693
498 33 7042 1 7642
499 14 4838 3 5152
500 30 6933 2 6959
501 7 6531 1 6959
502 33 7895 3 8540
503 11 4418 1 4556
504 23 7987 1 8169
505 32 11788 6 12198
506 1 7712 3 8021
507 7 1745 1 2263
508 11 1247 2 1800
509 30 3135 1 3639
510 4 687 1 885
511 33 9466 1 9591
512 27 11404 1 11755
513 28 8588 6 9040
514 14 4418 1 4809
515 32 1745 2 2215
516 11 5616 3 5709
517 16 7987 2 8088
518 18 2700 3 3214
519 26 11265 2 11788
520 33 10503 2 10599
521 23 5012 1 5627
522 31 5627 7 5871
523 11 11812 2 12260
524 16 10826 2 11037
525 33 5404 2 5839
526 15 3239 1 3986
527 3 5627 2 5866
528 27 8509 4 9120
529 1 11966 2 12324
530 11 8360 4 8660
531 11 10503 1 11150
532 13 7987 3 8540
533 13 1306 1 1484
534 4 534 2 963
535 26 2320 2 3049
536 1 1789 7 2306
537 15 7837 1 8001
538 28 162 5 496
539 4 1913 4 2270
540 12 5616 1 6147
541 11 11936 4 12465
542 23 8588 1 9227
543 26 5753 1 5837
544 22 3720 1 3805
545 27 8639 2 8831
546 15 4247 4 4418
547 11 7042 1 7625
548 6 4247 2 4895
549 26 10604 1 11202
550 12 8134 2 8683
551 17 10003 1 10062
552 20 2932 2 3535
553 21 8511 1 9041
554 4 8509 2 9093
555 1 649 3 1260
556 33 9840 3 10503
557 33 7895 1 8328
558 21 10040 2 10223
559 18 2272 2 2405
560 9 2272 5 2538
561 28 9591 1 9935
562 15 4418 5 4557
563 4 8117 1 8414
564 15 2623 3 2806
565 14 1795 1 2206
566 22 1745 1 2242
567 11 1900 6 2497
568 15 7527 4 7837
569 26 9004 2 9044
570 27 5764 1 5956
571 27 5627 1 6012
572 29 10003 3 10549
573 7 11788 3 11825
574 15 9827 2 10003
575 11 10671 4 11160
576 33 2570 1 4131
577 4 8588 2 9161
578 32 11147 4 11404
579 23 2880 1 3345
580 6 8 1 51
581 15 9827 2 10188
582 7 9609 2 10218
583 9 9466 6 10116
584 23 11404 1 11936
585 27 8118 2 8625
586 28 4439 1 4943
587 32 4439 1 4874
588 15 10798 1 10820
589 15 9466 1 9827
590 26 6475 1 6973
591 15 2570 2 2622
592 4 2801 1 3248
593 14 443 1 779
594 19 2877 3 3485
595 27 11944 2 12588
596 32 11147 1 11556
597 17 4439 2 4733
598 30 6232 3 6759
599 15 507 3 905
600 27 9466 2 10040
601 11 3361 2 3799
602 20 9840 5 10335
603 15 7527 1 8117
604 28 4418 4 4901
605 4 10604 1 10774
606 17 6798 1 7129
607 9 2804 2 3365
608 33 7642 2 7895
609 1 2858 4 3332
610 18 12330 1 12848
611 15 9466 2 9667
612 26 4602 1 4700
613 14 5616 1 5944
614 15 1745 1 2268
615 19 418 2 851
616 31 10826 5 11374
617 26 3361 2 3895
618 20 11936 5 12200
619 32 4182 3 4478
620 26 1789 1 2163
621 18 6057 1 6457
622 15 2700 1 3063
623 14 9840 1 10232
624 3 1745 2 2353
625 28 2272 4 2771
626 26 16 2 607
627 17 7042 2 7239
628 15 8117 4 8639
629 19 11788 1 12389
630 20 658 2 730
631 20 10503 4 11012
632 4 2010 2 2344
633 23 6325 1 6475
634 12 3401 3 3771
635 20 691 3 728
636 20 1900 6 2233
637 16 8588 2 8609
638 11 11788 1 11872
639 28 7527 1 7623
640 1 6670 1 7134
641 4 1745 1 1924
642 20 12334 5 12741
643 32 10116 5 10425
644 10 3401 3 3733
645 1 1900 3 2250
646 4 12330 2 12403
647 32 6670 1 6798
648 15 2977 3 3239
649 12 1123 1 1239
650 15 10671 2 10876
651 32 1202 1 2178
652 6 11147 1 11697
653 20 9768 4 9824
654 1 2570 3 3204
655 31 9493 1 9685
656 26 1597 1 1745
657 27 12334 1 12520
658 15 10503 1 10764
659 27 8588 1 9238
660 7 271 1 759
661 32 10885 1 11147
662 23 4838 2 4942
663 13 7527 4 7987
664 11 3093 2 3698
665 2 10003 6 10465
666 9 6239 4 6580
667 20 7712 1 8360
668 18 12154 1 12626
669 18 10798 2 11081
670 2 9609 2 9744
671 7 10503 2 10772
672 16 2272 2 2384
673 33 6670 1 7037
674 23 1306 2 1900
675 32 12330 1 12683
676 23 6232 1 6325
677 26 1008 1 1476
678 4 2272 2 2724
679 31 9056 4 9263
680 13 458 2 531
681 27 11944 1 12009
682 18 8588 2 8944
683 29 11966 4 12155
684 15 6475 1 6914
685 20 10604 1 11219
686 2 7712 5 7853
687 15 2660 3 2977
688 15 11098 1 11722
 调度评估结果
1. 任务等待评估 (Σ 等待×权重): 4186727
2. 任务完成评估 (最大完成时间): 13684
3. GPU显存空闲评估 (平均空闲): 6413.61 GB/时间片
 额外统计
已调度任务               : 688/688
平均等待时间            : 640.25
各服务器任务分布      : 服务器1=27, 服务器2=9, 服务器3=6, 服务器4=30, 服务器5=6, 服务器6=17, 服务器7=12, 服务器9=25, 服务器10=7, 服务器11=33, 服务器12=19, 服务器13=17, 服务器14=25, 服务器15=55, 服务器16=11, 服务器17=14, 服务器18=26, 服务器19=8, 服务器20=41, 服务器21=5, 服务器22=14, 服务器23=37, 服务器24=3, 服务器26=50, 服务器27=45, 服务器28=29, 服务器29=4, 服务器30=12, 服务器31=11, 服务器32=51, 服务器33=39
