1 1 873 1 1158
2 28 3989 1 4739
3 9 7184 4 7368
4 1 3025 2 3277
5 29 6219 2 6569
6 2 6030 3 6560
7 12 2283 2 2558
8 13 7229 2 7759
9 33 11021 3 11126
10 32 2869 3 2884
11 1 10412 1 11317
12 9 60 1 122
13 27 6430 2 6625
14 35 3219 2 3356
15 9 8945 2 9067
16 17 11665 2 11835
17 32 8029 2 8304
18 9 1022 4 1495
19 10 9943 5 10410
20 6 10309 1 10589
21 3 8494 1 8532
22 2 8112 1 8592
23 12 1244 1 1541
24 19 9507 1 9898
25 32 7592 3 7787
26 1 4020 1 4563
27 31 6984 1 7307
28 33 1009 2 1659
29 10 938 2 1512
30 32 6642 2 6746
31 26 8945 2 9331
32 32 1022 2 1345
33 19 10864 5 10916
34 8 9507 1 9980
35 29 8945 2 9436
36 12 2400 2 3577
37 9 9507 6 9971
38 1 1305 1 1370
39 3 3649 1 3759
40 17 2932 1 3444
41 9 3627 3 3855
42 1 1141 1 1242
43 4 6401 2 6494
44 22 4417 2 4620
45 22 4672 1 4958
46 8 10530 1 10589
47 33 108 1 286
48 2 6847 2 6874
49 24 44 1 303
50 22 3809 4 4414
51 10 8945 3 9461
52 19 6338 1 6909
53 7 7039 3 7307
54 33 11148 2 11600
55 4 10822 4 10967
56 3 4658 2 4744
57 20 10584 1 10699
58 22 2496 1 3001
59 32 11258 3 11626
60 32 8277 2 8705
61 22 2093 1 4804
62 33 2882 1 3063
63 24 11541 1 11625
64 13 10115 1 10164
65 4 11774 2 11843
66 26 4367 4 4492
67 22 6791 2 7218
68 10 6626 4 6884
69 7 11947 3 12389
70 32 7332 1 7972
71 31 5812 2 6092
72 7 4719 2 5098
73 27 4367 2 4674
74 22 10950 1 11651
75 11 4658 4 4727
76 22 2168 1 3003
77 10 4081 4 4393
78 3 2985 1 3252
79 32 10618 1 10843
80 17 10311 1 10592
81 7 5318 1 5709
82 10 1854 6 1872
83 31 4367 2 4947
84 12 8945 2 9016
85 1 711 2 1087
86 12 5200 1 5847
87 22 9126 1 9497
88 2 2093 3 2722
89 29 11986 2 12208
90 2 7597 3 7885
91 2 10264 1 10398
92 31 8 1 497
93 6 2328 4 2796
94 2 9507 1 9806
95 16 10541 2 11122
96 32 10207 1 11134
97 17 9677 2 9947
98 8 11601 1 11862
99 33 7096 3 7211
100 10 5560 3 5888
101 23 2440 5 2565
102 1 10043 3 10277
103 32 3809 2 4383
104 3 7368 1 7991
105 4 9672 1 10453
106 16 3552 1 3765
107 6 6760 2 6770
108 28 1812 1 2307
109 31 9507 1 9679
110 28 2458 1 3037
111 33 142 2 683
112 33 2113 3 2365
113 10 7184 1 7621
114 32 5783 2 6430
115 16 7404 1 7596
116 10 3809 1 4040
117 2 6105 1 6702
118 22 3041 2 3269
119 32 2898 2 3383
120 4 711 2 1731
121 2 7560 1 7585
122 1 5066 1 5669
123 13 11357 1 11894
124 32 6231 2 6268
125 29 11857 2 11888
126 11 4783 1 5056
127 32 10352 1 10719
128 10 5787 1 6274
129 33 1474 1 2106
130 11 4658 1 5238
131 32 7554 4 7860
132 28 1812 1 2626
133 32 6304 1 6654
134 33 5365 2 5801
135 17 938 1 1435
136 12 9712 1 10305
137 22 6053 2 6626
138 8 9507 1 9863
139 7 2093 2 2603
140 7 9855 1 9978
141 4 2093 1 2225
142 22 5374 3 5647
143 22 9854 4 10022
144 32 1801 1 1886
145 1 2141 2 2166
146 35 2321 3 2718
147 10 1525 2 1854
148 1 1488 1 1744
149 27 11115 6 11402
150 2 8945 1 9157
151 10 3219 1 3755
152 19 8705 1 9019
153 23 3912 3 4021
154 1 6626 1 6873
155 12 7600 2 7872
156 19 1951 1 2454
157 34 3612 1 3753
158 32 11678 1 11940
159 32 459 2 1312
160 21 6823 1 7035
161 17 10881 2 11184
162 15 2093 1 2316
163 28 9600 1 10149
164 26 1912 1 2322
165 11 2469 4 2661
166 1 3528 1 4367
167 12 5847 1 6154
168 22 7229 4 7436
169 3 1077 1 1281
170 7 3989 1 4719
171 12 10864 1 11276
172 1 1801 1 2389
173 32 6906 2 7029
174 19 5284 1 5601
175 27 9493 2 9824
176 34 3643 1 3713
177 12 3133 4 3309
178 25 2411 1 2743
179 32 5923 2 6213
180 19 8494 1 8771
181 10 4367 4 4690
182 28 10251 1 10624
183 19 4103 1 4493
184 2 7385 3 7496
185 3 983 1 1691
186 1 4850 2 5408
187 2 2869 1 3219
188 1 7761 1 8118
189 35 2869 2 2906
190 1 2496 1 3025
191 34 3421 1 3797
192 20 6073 1 6464
193 21 2869 1 3140
194 22 5015 2 5274
195 20 2869 1 2959
196 32 2903 1 3158
197 33 3614 2 3645
198 24 7781 3 8091
199 22 9433 5 9493
200 10 6933 4 7110
201 24 4367 1 4557
202 22 30 1 67
203 3 9507 1 9812
204 19 8158 1 8215
205 17 60 1 451
206 28 6926 1 6964
207 31 6626 1 7269
208 26 7057 2 7662
209 12 4658 1 4726
210 32 3540 3 3967
211 10 8945 5 9022
212 2 4383 5 4762
213 3 4367 1 4714
214 10 2987 1 3170
215 33 5718 1 6062
216 28 6294 1 6498
217 10 3399 1 3465
218 32 7229 1 7574
219 19 10984 2 11122
220 28 8945 1 9463
221 12 7879 3 7989
222 33 4071 1 4616
223 22 3009 1 3528
224 12 8055 1 8593
225 19 11387 2 11856
226 32 10276 4 10322
227 24 9433 1 9502
228 4 5284 1 5707
229 26 9713 4 9799
230 1 8128 1 8297
231 11 2869 1 3334
232 32 6525 1 6685
233 32 11896 2 11906
234 17 6548 2 7142
235 32 3222 1 4160
236 1 2869 2 2987
237 28 11581 1 12127
238 4 8718 1 9517
239 3 11590 1 12443
240 28 2869 1 3265
241 6 10616 6 10905
242 27 8705 1 8863
243 16 10251 2 10605
244 32 6287 3 6634
245 16 3535 2 3940
246 5 4669 5 4732
247 32 8945 1 9122
248 11 4967 2 5099
249 10 9433 1 9465
250 9 3463 1 3560
251 32 10905 3 11258
252 12 3392 1 3878
253 19 515 4 1095
254 35 6720 3 7249
255 22 1305 2 1450
256 12 11685 5 12193
257 1 237 1 711
258 24 1305 2 1415
259 14 6630 3 7012
260 32 1488 1 1808
261 31 7914 1 8093
262 8 3809 2 4089
263 9 5080 4 5530
264 32 11467 1 11652
265 32 11173 2 11329
266 16 4367 2 4791
267 6 688 1 852
268 14 2239 1 2548
269 25 10501 2 10785
270 7 18 2 107
271 29 6586 1 7113
272 28 10583 1 11573
273 14 8090 1 8316
274 32 1113 1 1646
275 20 1102 1 1575
276 4 10967 6 11305
277 32 2093 3 2440
278 19 2496 2 2880
279 2 688 6 1059
280 32 11503 1 11535
281 10 271 1 690
282 19 6030 6 6184
283 33 6030 2 6609
284 1 6128 1 6704
285 15 4679 1 5242
286 28 1177 1 1280
287 1 2389 1 2869
288 20 11118 1 11641
289 12 496 1 647
290 32 2440 2 2902
291 22 10196 5 10392
292 9 10210 4 10431
293 10 938 8 1154
294 6 5232 6 5422
295 2 9433 3 9880
296 2 632 1 758
297 34 3523 3 3719
298 32 10848 2 11252
299 11 5223 3 5520
300 32 7934 2 8547
301 8 1337 2 1503
302 1 11105 1 11655
303 28 6626 1 6744
304 12 6154 4 6367
305 6 2869 3 3247
306 28 1312 1 1689
307 33 371 1 937
308 3 3060 1 3273
309 9 711 4 776
310 3 7770 1 8406
311 28 4433 1 4610
312 35 10574 1 11086
313 9 11677 2 11989
314 2 6030 1 6299
315 7 10479 2 10750
316 11 6947 1 7440
317 9 2093 5 2482
318 1 10607 1 11105
319 9 473 1 507
320 20 11311 1 11706
321 22 704 3 1252
322 8 10901 1 11243
323 32 7229 1 7471
324 14 93 3 375
325 1 7431 2 7840
326 3 3809 2 3915
327 8 10161 1 10369
328 12 59 4 118
329 1 8329 2 8829
330 32 3387 5 3777
331 27 8225 5 8508
332 19 10375 1 10398
333 9 4844 1 5408
334 22 8768 1 8908
335 32 1348 3 1447
336 19 6626 2 7271
337 12 6626 1 6754
338 3 566 1 1062
339 3 443 1 983
340 7 8065 1 8411
341 1 7347 1 7710
342 8 1812 2 2270
343 1 312 1 873
344 19 7407 1 7845
345 28 64 1 1418
346 22 6030 1 6053
347 2 938 5 1544
348 32 10554 1 10574
349 10 2096 1 2553
350 19 10510 1 10624
351 16 9126 2 9234
352 24 11758 3 12142
353 32 2440 2 2500
354 33 10546 2 10739
355 2 3219 3 3482
356 12 647 1 1244
357 31 9433 1 9822
358 11 2093 2 2131
359 19 9126 4 9386
360 28 11592 1 11872
361 1 8494 1 8945
362 33 10991 2 11021
363 10 4891 2 5102
364 2 8149 3 8638
365 20 3809 1 4246
366 16 8207 1 8498
367 6 7778 5 8120
368 32 9507 2 9934
369 12 7229 6 7546
370 22 7905 2 8494
371 10 3414 3 3685
372 33 8705 1 9236
373 8 983 1 1244
374 7 10156 2 10311
375 27 2356 5 2894
376 23 10561 3 11072
377 32 6724 3 6852
378 9 6862 4 7151
379 14 6626 4 6995
380 33 10245 2 10535
381 27 6901 1 7420
382 2 2542 1 3052
383 3 2277 1 3009
384 17 3456 2 3830
385 2 1123 4 1338
386 24 3025 5 3336
387 1 8945 2 9586
388 3 8295 1 9546
389 4 7257 4 7859
390 35 9126 2 9434
391 28 9778 1 9933
392 15 8977 1 9137
393 22 11696 1 12206
394 32 2093 4 2179
395 11 6476 1 6940
396 9 3409 2 3425
397 32 9433 1 9495
398 1 8945 1 9140
399 11 2191 2 2546
400 12 1594 4 1972
401 27 2933 5 3073
402 22 10409 2 10901
403 15 5417 1 5939
404 22 8494 2 9244
405 33 2365 3 2882
406 31 11075 2 11375
407 33 6695 2 7096
408 22 1550 1 1883
409 10 1351 5 1545
410 1 8625 2 8761
411 26 5293 5 5759
412 22 4885 1 5436
413 19 2882 1 3020
414 11 4658 3 4964
415 31 3415 2 4023
416 7 2993 1 3209
417 16 1045 1 1121
418 34 2919 1 3151
419 23 6463 1 6805
420 3 1281 1 1853
421 28 1418 1 1812
422 11 7004 2 7364
423 32 11736 1 12001
424 35 3013 1 3149
425 12 6392 3 6510
426 23 7229 3 7575
427 1 4658 1 5131
428 7 5152 1 5281
429 19 6190 4 6517
430 9 7612 6 7787
431 28 9433 1 10019
432 22 5483 4 6001
433 15 1282 1 1594
434 10 6744 1 7184
435 12 4945 2 5115
436 12 8945 4 9072
437 20 4658 2 5252
438 22 9517 2 9809
439 2 9126 2 9603
440 33 11631 1 12198
441 14 2869 2 3191
442 19 2389 1 2958
443 32 5475 2 5902
444 11 4904 2 5373
445 24 10056 2 10585
446 22 6205 2 6602
447 11 2890 3 3208
448 6 4757 1 4864
449 22 314 1 938
450 19 7486 5 7668
451 9 4021 1 4135
452 7 158 1 688
453 26 11289 1 11569
454 12 6096 4 6520
455 15 6189 2 6820
456 28 3568 1 4189
457 34 2977 2 3557
458 12 7893 2 7956
459 33 983 2 1205
460 22 9565 2 9918
461 1 6774 1 7224
462 19 711 2 896
463 11 3290 4 3861
464 8 4367 2 4998
465 32 8945 2 9341
466 8 5478 2 5579
467 22 91 1 703
468 9 10882 1 11393
469 33 6843 1 6919
470 3 10201 1 10594
471 3 2428 1 2974
472 12 9889 3 10027
473 19 5771 1 6251
474 13 8054 3 8561
475 28 7096 1 7503
476 10 7184 3 7530
477 4 8098 3 8531
478 34 3296 1 3538
479 33 10763 1 10793
480 16 8945 3 9092
481 31 9721 2 10330
482 12 2093 3 2222
483 9 2882 2 3387
484 2 4062 5 4313
485 13 11114 3 11660
486 22 140 2 689
487 20 11034 1 11204
488 3 9887 1 9950
489 3 7242 1 8036
490 19 3453 2 4077
491 3 5819 1 6362
492 13 4082 4 4390
493 1 3809 1 4008
494 12 3629 2 3819
495 31 1334 3 1990
496 33 1382 2 1425
497 1 6966 1 7406
498 1 9507 1 9946
499 2 7401 2 7421
500 17 2420 2 2632
501 9 11087 1 11615
502 10 2869 2 3384
503 15 11041 1 11108
504 12 9072 1 9697
505 14 10885 5 11518
506 16 2496 1 2804
507 20 6343 1 6419
508 23 2093 3 2196
509 3 8971 1 9143
510 9 8071 3 8601
511 28 10173 1 10491
512 7 688 1 1542
513 11 1812 4 2317
514 32 1589 6 2093
515 3 5261 2 5722
516 2 6626 3 7235
517 12 10450 3 10690
518 32 4068 3 4881
519 34 3561 2 3625
520 4 11996 1 12275
521 22 6626 3 7224
522 19 1281 3 1921
523 6 7229 3 7364
524 4 2869 3 3049
525 4 5855 3 6174
526 2 10757 4 11340
527 12 5847 4 6039
528 32 9829 1 9968
529 3 10308 1 11273
530 1 5781 2 5872
531 19 4906 4 5042
532 1 6427 1 7426
533 21 2869 1 3194
534 2 6377 2 6774
535 20 9562 1 10014
536 32 6808 2 7001
537 30 2882 1 3524
538 27 7229 2 7755
539 12 11746 3 12043
540 9 5670 1 5759
541 28 10703 1 10992
542 35 8385 1 8592
543 2 1812 3 2451
544 19 1812 2 2219
545 33 2901 1 3426
546 1 4658 2 4821
547 12 196 1 480
548 22 1812 1 1962
549 28 11040 1 11732
550 22 8945 1 9089
551 28 9126 1 9407
552 31 938 1 1334
553 1 7971 1 8120
554 28 8370 1 8896
555 9 5934 1 6330
556 32 11633 2 12270
557 31 2093 1 2769
558 25 10861 1 11258
559 31 8945 1 9433
560 26 9507 1 9673
561 17 7184 1 7418
562 14 6128 1 6590
563 1 7232 1 7262
564 1 7870 1 8484
565 19 2869 2 3089
566 22 5650 1 6030
567 19 6944 1 7174
568 22 4719 1 5222
569 4 3809 6 4142
570 31 6178 2 6566
571 6 6247 1 6560
572 24 2869 5 3014
573 32 11626 2 11882
574 22 9493 2 9517
575 13 4658 1 5251
576 9 4658 3 4967
577 1 2389 1 2562
578 1 9849 1 10162
579 32 7295 4 7471
580 26 455 1 575
581 3 11062 1 11263
582 8 6030 1 6540
583 1 5541 1 6253
584 22 9507 1 10093
585 7 3337 1 3860
586 12 3595 1 3661
587 15 11659 1 12247
588 1 3395 1 3743
589 3 6688 1 6991
590 22 3528 3 3809
591 32 8705 1 9507
592 10 3702 1 4292
593 25 873 1 1488
594 12 1334 1 2059
595 12 4834 4 4944
596 27 6626 2 7073
597 33 8494 2 8522
598 29 2328 2 2729
599 32 6803 2 7243
600 20 2882 1 3141
601 4 8945 3 9493
602 12 11499 6 11640
603 29 8 1 88
604 32 4367 2 4566
605 31 11561 1 12612
606 19 9656 3 9911
607 10 5109 3 5357
608 8 5802 1 5995
609 9 6479 2 6715
610 17 1114 1 1629
611 32 489 2 1014
612 11 3985 1 4238
613 28 11870 1 12742
614 32 10223 2 10886
615 29 527 2 704
616 2 6995 1 7338
617 19 3631 2 3784
618 23 8494 4 8702
619 22 938 1 1305
620 4 4367 2 4548
621 4 5069 2 5532
622 10 2136 1 2587
623 7 10985 1 11223
624 32 2183 1 3968
625 32 11160 1 11718
626 10 2227 1 2657
627 22 5892 2 6011
628 12 2869 2 3034
629 31 5050 3 5468
630 28 8274 1 9126
631 7 6313 2 6563
632 24 386 2 764
633 10 4830 4 5378
634 32 5383 1 5483
635 20 3827 1 3843
636 13 4001 3 4011
637 32 6685 7 6724
638 3 4112 1 4616
639 8 2869 2 2988
640 3 6841 1 7237
641 28 4668 1 4730
642 19 8945 1 9545
643 32 4383 2 4854
644 12 5603 3 5751
645 27 8705 4 9278
646 2 3219 1 3580
647 1 1172 1 1801
648 11 6825 4 6966
649 10 196 1 555
650 19 5607 2 5802
651 2 7314 1 7946
652 32 9507 4 9800
653 16 10917 1 11378
654 13 6778 2 6798
655 2 8945 1 9085
656 11 1372 3 1930
657 32 10223 2 10265
658 6 11307 5 11577
659 1 3809 1 4143
660 9 2093 1 2283
661 28 286 1 541
662 20 9517 1 10108
663 13 3514 4 3918
664 32 6916 1 7297
665 2 8945 2 9271
666 24 2093 1 2355
667 15 9517 2 9533
668 32 7060 2 7288
669 28 5611 2 6168
670 12 6817 4 7229
671 7 11331 1 11765
672 23 2869 4 3195
673 10 1334 1 1727
674 28 10116 1 10200
675 15 10418 1 10742
676 22 2093 1 2496
677 3 11603 1 12179
678 3 8705 1 8971
679 1 1449 1 1498
680 2 4658 1 4695
681 10 9723 6 10265
682 2 11 1 457
683 35 2869 1 3481
684 12 3681 2 4324
685 19 2288 1 2600
686 1 4367 2 4658
687 4 6829 1 7257
688 8 3672 1 3747
689 32 8494 5 8932
690 11 5432 1 5457
691 32 2505 2 2716
692 12 4051 4 4623
693 12 3948 2 4037
694 7 8705 2 9116
695 29 4658 2 4842
696 11 6255 4 6750
697 11 3551 3 4153
698 2 7655 2 8145
699 8 7257 1 7610
700 25 9126 2 9548
701 28 4967 2 5575
702 33 1812 1 2195
703 29 938 1 1544
704 2 2451 2 2542
705 1 11328 1 11876
706 34 2882 1 3319
707 12 10690 2 11565
708 32 1026 1 1505
709 1 9659 1 9702
710 13 9584 4 9743
711 28 938 1 1174
712 22 4658 1 4672
713 31 6328 1 6945
714 32 7834 5 8192
715 12 9433 3 9653
 调度评估结果
1. 任务等待评估 (Σ 等待×权重): 287929
2. 任务完成评估 (最大完成时间): 12742
3. GPU显存空闲评估 (平均空闲): 7029.71 GB/时间片
 额外统计
已调度任务               : 715/715
平均等待时间            : 47.46
各服务器任务分布      : 服务器1=53, 服务器2=38, 服务器3=32, 服务器4=19, 服务器5=1, 服务器6=12, 服务器7=20, 服务器8=17, 服务器9=27, 服务器10=35, 服务器11=23, 服务器12=47, 服务器13=11, 服务器14=8, 服务器15=10, 服务器16=12, 服务器17=12, 服务器19=36, 服务器20=14, 服务器21=3, 服务器22=48, 服务器23=8, 服务器24=12, 服务器25=5, 服务器26=9, 服务器27=12, 服务器28=36, 服务器29=10, 服务器30=1, 服务器31=19, 服务器32=78, 服务器33=29, 服务器34=9, 服务器35=9
