1 1 300 1 348
2 72 17149 1 17322
3 72 17825 1 18091
4 55 19378 3 19589
5 13 12025 2 12403
6 43 7053 1 7162
7 38 13130 1 13788
8 1 10129 1 10475
9 66 19596 1 19606
10 51 12587 6 12709
11 27 9576 3 9795
12 30 1513 2 1974
13 54 8210 3 8547
14 70 2793 2 3419
15 26 16782 1 16954
16 66 6074 7 6504
17 62 11484 1 12114
18 15 19765 2 20048
19 72 12163 1 12668
20 36 10492 2 10973
21 72 7168 1 7661
22 70 6266 3 6284
23 3 10932 2 11332
24 54 14951 4 15555
25 46 11138 2 11616
26 30 2779 6 3202
27 53 6481 3 6716
28 62 5394 1 5937
29 72 669 1 809
30 33 584 3 609
31 70 15107 1 15402
32 58 6772 1 7112
33 62 2710 1 3020
34 62 11230 2 11270
35 19 18819 1 19178
36 62 9850 1 9938
37 71 3709 5 4054
38 3 16689 2 16713
39 38 3473 1 3746
40 15 16826 1 16872
41 3 14503 4 14537
42 26 6462 2 6894
43 24 15935 4 16162
44 70 11714 1 11837
45 63 8793 2 9280
46 68 605 1 795
47 11 7162 3 7684
48 27 3795 3 4009
49 67 17138 1 17197
50 41 13622 3 13963
51 3 5284 2 5480
52 31 1626 1 2031
53 53 11792 1 12200
54 47 15746 1 15963
55 28 16550 3 16700
56 57 5764 2 5876
57 24 18583 5 19083
58 29 19814 2 20069
59 45 6886 2 7022
60 66 12266 4 12470
61 63 10574 1 10973
62 31 3375 1 3833
63 16 18785 1 18966
64 12 11714 1 12005
65 62 18483 1 18638
66 54 723 1 1244
67 9 13545 1 14039
68 9 4946 2 5414
69 47 11837 1 12058
70 50 8354 1 9517
71 33 14873 1 15322
72 47 12066 2 12570
73 61 10456 1 10892
74 20 11320 1 12367
75 3 11224 1 11426
76 50 1513 3 1761
77 70 6306 3 6487
78 62 5730 1 6687
79 16 15854 1 16374
80 72 16141 1 16258
81 73 3746 6 3993
82 53 16329 1 16448
83 53 7570 1 7990
84 67 8818 1 9135
85 37 9501 1 9990
86 53 13942 8 14083
87 46 15110 1 15130
88 33 18645 5 19149
89 72 6206 1 6800
90 61 13223 5 13296
91 37 1961 2 2470
92 71 4026 1 4090
93 54 5262 5 5322
94 50 7993 3 8354
95 17 15746 1 15964
96 51 7433 1 7678
97 37 13683 3 14206
98 31 11714 2 11858
99 43 6324 3 6811
100 70 9247 6 9548
101 21 9008 4 9057
102 54 18278 2 18327
103 54 9438 1 9794
104 67 534 1 1160
105 36 5891 3 6292
106 20 14722 1 15117
107 27 10693 1 11083
108 3 19731 1 20370
109 3 5450 1 5594
110 62 4995 1 5310
111 3 1000 1 1454
112 54 19155 3 19659
113 66 18574 1 19085
114 50 15182 3 15212
115 70 3624 1 3964
116 58 16844 2 17082
117 53 18574 2 19062
118 45 15230 1 15738
119 9 14116 1 14201
120 3 16715 1 17238
121 27 13583 2 13724
122 24 4312 1 4484
123 45 12623 4 12813
124 27 16150 4 16304
125 21 645 1 1125
126 50 1613 3 2019
127 12 10952 1 11329
128 17 9263 4 9647
129 28 3905 1 3986
130 67 11714 2 12138
131 31 16329 1 16404
132 72 18172 1 18355
133 39 7514 1 8012
134 11 9386 1 9607
135 43 18574 1 18871
136 67 16595 2 17118
137 17 1613 2 2069
138 53 6935 5 7430
139 31 10322 1 10604
140 72 6014 1 6513
141 20 6034 1 6138
142 21 1751 3 1800
143 54 15746 2 16301
144 61 5139 2 5288
145 3 8285 1 8781
146 53 1263 1 1299
147 20 9867 2 10108
148 62 16528 1 16728
149 33 5244 2 5486
150 70 18568 1 18575
151 54 8864 1 9034
152 39 4347 2 4878
153 72 8283 2 8551
154 24 15380 4 15793
155 70 1513 2 1626
156 67 3844 1 3897
157 30 19021 1 19061
158 6 9397 4 9623
159 30 12985 2 13433
160 54 18244 2 18400
161 55 920 1 951
162 54 5765 1 6075
163 21 4446 5 4712
164 43 7778 1 8912
165 17 14249 6 14496
166 41 18574 1 18774
167 15 6206 1 6694
168 33 10304 2 10557
169 47 14382 1 14804
170 33 7433 1 7819
171 67 17323 2 17791
172 19 3653 2 3802
173 72 6540 1 6864
174 27 18692 3 19128
175 50 10693 2 11127
176 19 18172 3 18626
177 11 9683 3 9981
178 50 14290 5 14511
179 10 18749 6 18837
180 19 11785 3 12155
181 26 2710 1 2728
182 27 16093 1 16150
183 8 7989 1 8097
184 38 9186 3 9615
185 24 4674 1 5127
186 70 10163 3 10866
187 67 13311 1 13376
188 58 8656 1 8674
189 71 4068 4 4326
190 60 14070 4 14249
191 67 16406 1 16594
192 27 9796 3 10014
193 39 3905 1 4191
194 43 11075 1 11608
195 13 18855 1 19000
196 67 14085 1 14535
197 37 14453 1 14842
198 24 9673 1 10024
199 50 19784 2 20126
200 60 2524 1 2730
201 63 13130 2 13707
202 50 2779 4 3006
203 9 8386 1 8656
204 54 409 4 475
205 63 244 2 255
206 28 7634 1 7692
207 30 11837 4 12075
208 53 180 4 392
209 54 698 1 710
210 51 169 1 186
211 54 7658 4 8194
212 60 18356 4 18775
213 38 19118 1 19608
214 19 10108 1 10357
215 31 523 3 1053
216 63 2269 1 2598
217 12 15934 1 16058
218 43 3358 2 3375
219 54 17126 2 17412
220 70 4230 2 4663
221 70 20000 1 20520
222 12 9276 3 9392
223 43 17294 2 17988
224 70 2027 1 2533
225 66 7631 3 7745
226 62 12378 1 12645
227 24 252 3 633
228 10 2710 6 3026
229 15 11714 1 11865
230 63 4819 2 4924
231 62 18664 2 18784
232 17 16559 4 16765
233 20 12172 1 12783
234 70 5689 2 5861
235 31 13583 1 13942
236 40 8428 1 8439
237 72 18574 1 18724
238 54 11859 1 12062
239 31 12702 3 13124
240 52 16586 1 17096
241 43 3106 3 3310
242 50 5927 2 5987
243 54 18400 2 18911
244 70 19718 2 19944
245 53 18350 1 18409
246 72 17194 1 17506
247 58 10111 2 10367
248 43 13130 1 13595
249 50 19920 2 20439
250 27 7790 3 7872
251 50 604 1 1102
252 9 3625 1 3672
253 13 7541 1 7984
254 38 19063 1 19357
255 73 13907 3 14136
256 73 1000 2 1102
257 13 4068 1 4182
258 50 19999 1 20188
259 67 5417 5 5795
260 67 14873 2 15107
261 66 2779 2 2794
262 51 3375 1 3595
263 66 18990 1 19343
264 19 16329 3 16750
265 61 2031 1 2340
266 54 8010 1 8510
267 50 9075 1 9429
268 38 8436 1 9154
269 55 8759 4 9127
270 28 1513 1 1583
271 39 19069 2 19512
272 31 4218 1 4468
273 43 13900 3 14389
274 61 4773 1 4952
275 70 7347 1 7634
276 70 18583 1 19542
277 20 18286 3 18489
278 27 12163 4 12645
279 19 5363 3 5722
280 73 18172 4 18486
281 50 6705 1 6889
282 70 3419 1 3624
283 67 17172 2 17280
284 67 19151 4 19624
285 50 8099 1 9040
286 70 10656 3 10880
287 43 8616 1 8767
288 21 15089 1 15588
289 62 7143 1 7458
290 31 8222 1 8766
291 29 19378 2 19515
292 74 8202 1 8408
293 50 15746 1 16177
294 19 18713 2 19103
295 38 7158 2 7562
296 61 3627 1 4017
297 43 850 2 1391
298 62 4466 1 5110
299 30 6613 3 6632
300 63 6471 1 7017
301 61 10108 1 10163
302 62 17211 1 17467
303 38 3746 3 4285
304 54 7010 2 7099
305 15 17490 3 17947
306 43 11484 2 11976
307 50 2059 1 2281
308 43 3375 1 4092
309 50 16179 1 16200
310 50 5524 4 5595
311 17 837 4 1046
312 43 10841 2 11358
313 24 14873 1 15222
314 45 19132 1 19539
315 38 12734 4 13009
316 53 16895 3 17349
317 43 811 1 1633
318 9 9075 1 9392
319 63 12062 1 12831
320 30 19277 6 19301
321 20 15354 1 15584
322 62 10623 1 11063
323 50 3024 3 3565
324 28 7886 5 8024
325 16 10291 1 10372
326 52 18178 1 18662
327 30 10682 1 10886
328 13 18660 1 18693
329 48 16135 2 16685
330 70 5961 1 6446
331 38 7846 2 8947
332 50 16469 1 16641
333 43 5450 1 5771
334 70 2031 2 2413
335 45 2710 6 2971
336 58 11007 1 11333
337 72 9361 1 9552
338 67 16329 1 16635
339 33 17480 2 17591
340 72 18429 2 18840
341 15 3110 1 3348
342 43 14438 2 14849
343 13 3653 3 3733
344 63 10929 3 11463
345 29 8265 1 8322
346 70 10524 1 10858
347 72 3983 1 4538
348 67 9874 1 10050
349 20 9513 2 10052
350 50 7484 2 7531
351 53 8744 1 8962
352 43 18605 3 19147
353 67 9871 2 10108
354 3 15355 2 15517
355 12 15472 5 15774
356 3 18350 4 18454
357 26 5320 1 5349
358 39 19080 1 19089
359 31 9792 2 9962
360 39 19731 1 20279
361 6 261 1 582
362 72 8810 1 9643
363 50 209 1 554
364 54 1698 1 1749
365 70 14093 4 14557
366 11 3869 5 4252
367 5 14873 4 15105
368 51 15136 1 15235
369 52 13586 3 13885
370 17 16779 1 16896
371 17 17035 1 17108
372 31 19143 1 19415
373 36 7783 2 8323
374 27 14620 4 14675
375 30 14623 2 15057
376 33 17702 3 18189
377 67 4630 2 5054
378 67 3303 1 3687
379 54 6436 1 7116
380 21 11785 1 12073
381 27 10748 1 11249
382 9 2798 1 3082
383 31 13278 1 13813
384 54 2511 2 2790
385 73 19798 1 19872
386 53 4494 3 4745
387 72 19117 2 19654
388 31 18172 1 18533
389 54 5353 1 5660
390 21 14312 3 14672
391 67 5885 2 6003
392 31 1151 1 1166
393 50 3810 1 4213
394 43 7122 1 7173
395 12 13311 1 13602
396 58 2710 2 3086
397 67 1000 3 1066
398 68 16569 3 17080
399 62 16416 1 16459
400 20 11315 5 11650
401 36 15257 5 15327
402 63 3204 3 3318
403 29 6337 2 6765
404 12 18765 4 19126
405 20 8548 4 8695
406 39 18574 2 19073
407 31 13184 3 13423
408 54 13814 1 14264
409 30 13685 3 13776
410 54 2710 2 2783
411 30 12617 1 12837
412 13 18635 2 18915
413 26 4237 1 4526
414 70 19731 2 19832
415 12 9763 2 9994
416 28 10974 1 11410
417 47 3653 2 3811
418 12 19525 1 19697
419 73 17333 2 17840
420 33 9075 2 9566
421 68 8003 4 8404
422 67 1893 1 2064
423 21 17196 1 17728
424 30 19061 2 19117
425 53 8154 1 8574
426 21 18172 1 18530
427 17 297 1 351
428 62 1151 1 1441
429 3 13891 6 14347
430 15 2059 1 2579
431 47 9109 3 9427
432 62 16498 1 16869
433 31 19654 2 19689
434 57 18633 2 18705
435 43 13583 2 13642
436 48 4701 6 5044
437 66 7630 5 7760
438 31 13130 4 13184
439 58 5287 1 5330
440 31 19689 2 19920
441 9 9866 2 10242
442 50 16527 3 16643
443 62 11714 1 12260
444 70 3464 2 4088
445 36 3781 3 4318
446 3 15746 1 16549
447 30 3653 3 4069
448 62 11121 1 11157
449 17 10957 1 11263
450 12 15411 1 15735
451 50 19015 1 19516
452 31 18912 1 19388
453 67 12975 1 13311
454 54 19982 4 20217
455 12 16093 1 16424
456 3 11970 1 12287
457 60 2879 2 2910
458 50 5915 1 6462
459 20 11757 1 12168
460 63 18402 1 18475
461 36 3038 2 3476
462 20 17263 2 17888
463 67 6942 2 7335
464 19 7438 3 7818
465 9 9423 2 9731
466 54 15006 1 15279
467 39 14642 1 14779
468 29 13153 3 13528
469 28 19741 7 20233
470 17 7846 1 8237
471 30 4587 6 4743
472 71 4471 1 4980
473 3 5954 1 6457
474 3 10726 2 11128
475 26 9026 1 9209
476 72 19798 2 20028
477 67 11273 2 11550
478 11 5939 1 5985
479 30 6881 3 7289
480 46 2059 2 2494
481 67 307 1 403
482 9 7946 1 8162
483 14 1827 1 1983
484 24 18172 2 18224
485 30 337 1 657
486 19 10784 1 10948
487 57 6420 3 6521
488 54 1735 1 2167
489 70 703 2 731
490 72 8304 1 8809
491 67 2967 1 3021
492 11 18574 2 18806
493 62 9368 2 9700
494 72 8648 1 8939
495 63 422 1 533
496 54 2161 4 2476
497 13 4571 4 4740
498 11 1698 2 2160
499 20 10064 2 10395
500 11 15746 3 16268
501 17 8239 1 8257
502 67 13792 1 14530
503 72 15737 3 16141
504 21 1907 2 2420
505 50 9521 1 9995
506 24 5158 2 5398
507 70 17186 1 17655
508 38 15746 5 16236
509 70 9549 3 9919
510 24 10658 4 11186
511 33 13366 3 13691
512 17 16497 3 16528
513 53 1751 1 1875
514 12 3905 1 4406
515 3 479 1 665
516 70 19251 3 19706
517 63 18764 3 19277
518 70 2820 3 3009
519 3 215 1 738
520 31 11775 2 12126
521 53 826 2 1366
522 11 346 5 435
523 16 7836 1 7990
524 62 4441 1 4732
525 54 7182 4 7647
526 54 12172 2 12709
527 73 14581 4 14643
528 33 7960 1 7991
529 70 4088 1 4547
530 3 3188 1 3781
531 20 5466 5 5613
532 43 855 1 862
533 31 19088 1 19119
534 72 14048 1 14922
535 20 6426 1 6881
536 62 3795 1 4005
537 54 2710 1 3032
538 20 14475 5 14756
539 37 14266 4 14352
540 11 6011 1 6031
541 54 765 4 803
542 70 670 1 812
543 40 13371 1 13853
544 54 15354 1 15744
545 63 7522 1 7538
546 70 18350 2 18390
547 17 6185 6 6502
548 54 9962 3 10071
549 19 2185 1 2693
550 66 12062 4 12289
551 70 1961 3 2232
552 43 14337 2 14453
553 62 19475 1 19717
554 61 10388 2 10627
555 67 19920 2 20022
556 50 473 1 478
557 70 9962 1 10400
558 38 3 1 459
559 24 1006 5 1365
560 53 16452 2 16880
561 50 12271 1 12753
562 67 16141 1 16369
563 41 15060 1 15376
564 30 10940 2 11485
565 12 14338 1 14463
566 39 16407 1 16922
567 62 8976 2 9353
568 27 16712 1 16986
569 67 4906 4 5417
570 53 11345 2 11591
571 70 14873 1 15048
572 31 9962 1 10136
573 30 13205 1 13682
574 43 13666 4 13827
575 73 11981 4 12173
576 36 13130 4 13634
577 67 2102 1 2819
578 68 602 4 1095
579 19 18647 2 18681
580 24 10456 1 10798
581 72 10510 2 11192
582 61 13325 2 13404
583 31 5489 1 5560
584 38 10673 1 10793
585 9 18172 2 18485
586 17 10040 6 10409
587 38 4310 1 4649
588 57 5161 1 5215
589 20 4705 6 4969
590 53 4846 7 5199
591 39 2161 2 2439
592 66 5363 4 5823
593 29 8315 3 8781
594 53 15970 2 16253
595 30 11837 1 12337
596 27 13130 2 13335
597 26 3347 1 3694
598 63 1513 1 1612
599 45 18172 1 18654
600 33 10673 3 10914
601 54 12625 1 13179
602 33 8597 2 8920
603 70 7129 4 7514
604 30 9803 2 10306
605 70 8017 4 8362
606 50 2621 1 3024
607 50 15228 3 15478
608 33 1789 1 1891
609 37 18172 2 18283
610 50 16007 1 16205
611 30 7510 2 7531
612 17 2269 1 2452
613 28 17371 6 17450
614 70 4140 2 4651
615 54 9176 2 9415
616 73 9075 1 9326
617 70 10044 2 10515
618 54 11714 2 11779
619 43 1513 4 2046
620 67 2958 1 3284
621 70 14566 3 14608
622 68 18172 2 18657
623 43 6958 4 6977
624 54 5039 4 5059
625 45 1626 1 2115
626 9 15852 2 15974
627 73 16782 1 17271
628 43 14473 3 14682
629 11 12297 1 12720
630 26 3024 1 3157
631 43 4449 3 4864
632 13 19101 1 19415
633 72 15435 1 15790
634 29 19920 1 19936
635 6 7040 1 7375
636 61 15196 2 15403
637 51 6060 1 6504
638 20 14410 5 14774
639 43 10208 1 10349
640 48 15280 5 15461
641 20 1513 1 3943
642 51 14343 1 14547
643 66 19585 2 19656
644 67 18539 1 18926
645 70 13130 1 13199
646 5 3388 7 3736
647 13 653 2 1079
648 20 18172 4 18196
649 63 1513 1 1613
650 47 19093 2 19269
651 53 12506 1 12941
652 3 7762 2 7771
653 39 13583 1 13867
654 62 19475 1 19634
655 30 9327 1 9656
656 55 11970 1 12285
657 67 5739 6 5969
658 20 12576 5 12780
659 50 15039 2 15073
660 12 8242 1 8272
661 39 528 4 966
662 27 1513 4 1963
663 66 3106 3 3623
664 61 12763 1 13213
665 11 19731 5 20189
666 55 18539 1 18551
667 53 328 4 868
668 70 6695 1 7003
669 62 1513 1 2244
670 28 19393 2 19540
671 10 19939 2 20012
672 27 14684 2 15165
673 72 15450 1 15551
674 53 5252 1 5794
675 70 12339 3 12609
676 53 16864 4 16927
677 50 3565 2 3807
678 11 11714 3 12206
679 54 9075 1 9169
680 70 4555 1 4724
681 33 2524 3 2939
682 43 13130 2 14054
683 17 3943 1 4308
684 54 6102 2 6537
685 26 1513 1 1531
686 27 391 2 698
687 17 17269 6 17505
688 29 8187 3 8313
689 33 3943 2 4262
690 31 4436 1 4754
691 53 11714 3 11740
692 53 14545 2 14929
693 54 12062 1 12129
694 15 15128 2 15491
695 15 3627 1 3970
696 62 676 2 1151
697 43 18583 2 18734
698 24 14517 2 14656
699 70 18539 1 19250
700 9 7347 1 7897
701 39 18180 1 18225
702 27 8762 4 9038
703 31 8115 1 8206
704 70 7062 1 7492
705 29 1513 1 2045
706 72 9852 1 10364
707 54 1866 6 2042
708 71 4787 2 5128
709 61 5638 1 5821
710 62 17597 1 17919
711 31 2843 1 3258
712 3 17 2 430
713 31 17552 2 17946
714 29 8619 1 8968
715 38 4948 1 5414
716 72 10500 1 10834
717 70 6105 6 6610
718 60 19731 1 19977
719 20 7081 1 7337
720 51 17246 2 17273
721 63 19549 3 19828
722 50 10537 3 10550
723 19 1513 3 1537
724 30 12862 3 13191
725 13 4414 3 4868
726 57 2059 2 2501
727 51 11341 4 11519
728 43 15965 5 16053
729 53 4846 1 4879
730 43 8178 3 8673
731 12 14979 1 14986
732 63 11092 1 11241
733 61 4216 5 4381
734 63 9374 1 9566
735 12 5117 2 5395
736 27 19165 1 19357
737 43 4365 3 4800
738 67 5362 2 5679
739 30 10718 1 11009
740 27 6233 1 6249
741 30 17319 3 17414
742 54 1000 2 1256
743 73 18539 1 18985
744 29 12664 2 13144
745 30 13583 2 13852
746 68 3571 1 3591
747 63 2924 1 3134
748 26 3943 2 4164
749 43 13960 1 14406
750 62 5163 1 5612
751 67 16329 1 16646
752 13 18172 2 18610
753 20 6805 1 6882
754 70 4337 1 4586
755 61 4491 1 4733
756 70 11970 3 12457
757 72 2779 1 3464
758 61 18172 1 18235
759 11 467 2 899
760 33 11093 4 11117
761 68 10645 5 10806
762 6 18623 3 18701
763 12 4728 1 4794
764 72 13373 1 13645
765 20 16151 1 16553
766 55 1000 1 1260
767 70 13130 2 13609
768 70 19007 1 19106
769 38 4661 2 4774
770 72 16732 3 16813
771 52 5963 3 6293
772 70 18278 1 18459
773 16 5052 1 5451
774 50 15940 1 16385
775 24 17235 3 17718
776 54 8413 2 8468
777 29 12506 1 12654
778 17 1076 2 1571
779 43 6411 1 6906
780 38 14068 1 14298
781 53 1513 6 1793
782 67 9456 1 9795
783 12 19137 2 19519
784 40 13235 1 13280
785 62 49 1 648
786 50 14346 6 14882
787 50 17150 4 17450
788 54 803 1 819
789 50 2059 2 2394
790 63 14714 2 14964
791 37 14468 1 14840
792 54 3844 1 4295
793 20 6633 1 6793
794 67 9075 5 9423
795 43 7219 2 7536
796 47 6055 1 6255
797 36 18172 2 18583
798 62 5957 1 6142
799 48 13130 5 13142
800 37 19263 4 19531
801 12 14901 6 15301
802 28 4678 2 4773
803 49 18881 1 19131
804 39 3943 2 4479
805 33 4681 2 4954
806 58 4567 1 4686
807 54 13184 3 13644
808 39 2710 1 2747
809 46 13169 1 13611
810 70 2524 1 2732
811 58 9456 2 9850
812 43 7023 3 7250
813 27 7433 4 7473
814 53 8546 5 8654
815 54 12769 1 13306
816 31 8824 3 9257
817 45 5335 2 5732
818 12 3188 2 3345
819 63 17690 1 18018
820 12 11970 1 12509
821 62 2710 1 3155
822 43 7733 1 7919
823 43 18853 1 19251
824 72 390 1 554
825 48 7764 1 8284
826 37 11970 4 12383
827 3 4441 4 4763
828 66 14104 4 14281
829 27 4899 1 4912
830 6 11714 1 12041
831 31 16447 2 16801
832 58 9880 1 10350
833 33 16329 4 16820
834 3 13583 1 13890
835 38 6669 2 6693
836 30 5435 4 5798
837 61 2710 1 2822
838 50 12172 1 12569
839 45 11369 2 11378
840 72 1613 1 1749
841 70 13233 1 13639
842 24 6058 1 6502
843 48 1513 2 2016
844 43 2852 5 3106
845 17 1751 5 1793
846 13 11714 1 12089
847 9 15039 1 15524
848 74 14717 3 15082
849 31 9246 2 9470
850 67 16706 1 17166
851 70 2468 6 2793
852 15 7772 4 7911
853 67 7337 1 7878
854 15 191 1 356
855 62 7944 1 8291
856 5 3844 7 4393
857 72 18172 2 18188
858 63 7984 4 8443
859 11 7803 5 8010
860 43 6288 1 6722
861 53 14160 2 14191
862 61 6034 1 6732
863 15 13583 5 13984
864 54 18350 2 18625
865 20 8132 1 9441
866 53 3185 6 3687
867 38 3844 1 4116
868 14 3657 2 3760
869 53 890 1 1173
870 73 2216 3 2561
871 27 13865 1 14109
872 43 3844 2 4040
873 33 12062 2 12455
874 20 17169 1 17946
875 29 19760 2 19816
876 72 2714 2 2779
877 62 19006 2 19475
878 30 7821 2 7934
879 31 17020 1 17438
880 50 1123 1 1536
881 27 745 1 1411
882 24 11714 2 12032
883 38 12062 2 12559
884 66 2415 2 2769
885 72 11114 1 11970
886 31 5264 1 5569
887 54 2257 1 2576
888 50 17791 1 17996
889 36 10834 1 11024
890 43 12221 4 12643
891 50 5662 3 5907
892 36 2779 2 3263
893 63 5594 1 5634
894 66 2059 2 2300
895 3 11714 1 11969
896 67 16869 1 17276
897 50 1000 1 1489
898 58 437 1 583
899 38 18449 1 18721
900 3 5698 1 5878
901 21 18574 4 19069
902 54 1513 4 1701
903 20 19090 1 19378
904 12 2415 1 2524
905 62 17033 1 17341
906 70 17715 2 18227
907 3 9783 2 10212
908 3 6718 1 7729
909 3 9673 1 10033
910 31 11117 2 11468
911 31 8053 3 8599
912 12 9401 1 9718
913 43 9177 4 9363
914 15 9575 1 9657
915 50 4216 5 4261
916 70 16329 1 16861
917 67 19731 1 20067
918 74 1513 4 2014
919 43 6126 1 6570
920 72 14078 1 14531
921 74 15085 1 15168
922 63 798 1 1024
923 39 18350 1 18834
924 72 3781 1 3892
925 67 3375 4 3820
926 29 19956 1 20175
927 39 18172 4 18505
928 31 10691 2 10806
929 61 5888 1 5934
930 72 17552 1 17787
931 57 19094 1 19121
932 28 11714 2 12067
933 61 9113 1 9150
934 72 4831 1 5345
935 70 14873 1 15172
936 14 12086 1 12101
937 53 4929 1 5055
938 11 3389 1 3534
939 27 3627 1 3669
940 9 17380 1 17586
941 63 8463 2 8486
942 27 18670 1 18884
943 43 12781 2 13035
944 57 11074 1 11302
945 3 7752 2 7895
946 21 3653 1 3718
947 60 2710 1 3034
948 27 17126 1 17431
949 20 15746 1 16144
950 67 6999 1 7340
951 72 14534 1 14612
952 67 6692 1 6964
953 37 3375 3 3743
954 29 3653 5 3726
955 66 2269 3 2548
956 51 326 1 663
957 11 1000 2 1466
958 19 18635 1 18793
959 68 11714 4 12130
960 70 14352 2 14600
961 20 532 1 1298
962 31 19475 1 19788
963 73 5317 1 5646
964 43 16053 3 17021
965 11 11347 2 11369
966 30 13822 4 14148
967 72 16329 3 16508
968 63 7974 1 8072
969 27 17497 1 18054
970 29 720 6 790
971 66 13597 5 13871
972 19 3869 1 4051
973 43 16053 2 16601
974 11 18172 3 18378
975 62 10181 1 10553
976 14 19965 2 20179
977 66 14354 2 14440
978 27 19475 1 19688
979 50 17475 1 17745
980 20 19378 1 20146
981 62 18175 1 18397
982 24 9308 1 9720
983 31 9075 2 9116
984 27 6871 2 6948
985 13 2269 2 2365
986 70 5423 1 5617
987 55 15483 1 15693
988 27 18947 1 19392
989 53 17481 1 17754
990 13 4015 1 4540
991 46 11981 2 12037
992 63 19934 1 20052
993 38 5938 2 6606
994 62 15542 1 15798
995 63 3106 3 3358
996 68 17349 5 17820
997 28 10076 5 10319
998 54 11970 1 12280
999 12 19990 3 20319
1000 39 11785 1 12161
1001 30 5372 1 5412
1002 24 7433 1 7864
1003 39 19009 1 19258
1004 70 5279 2 5777
1005 27 11323 1 11341
1006 67 12062 1 12308
1007 14 14175 2 14194
1008 68 13147 3 13643
1009 72 375 2 749
1010 20 13130 3 13371
1011 31 18635 1 19010
1012 72 755 2 1297
1013 27 10453 3 10653
1014 20 13391 2 13837
1015 68 6307 2 6731
1016 51 13311 3 13746
1017 21 6929 4 7081
1018 37 3905 3 4041
1019 61 19412 2 19568
1020 14 3653 3 3738
1021 68 18874 1 19098
1022 60 3110 1 3185
1023 70 9075 1 10037
1024 12 17552 3 18024
1025 50 13507 2 13966
1026 24 1513 4 1530
1027 45 15800 1 15965
1028 58 639 1 1116
1029 21 101 1 610
1030 43 870 1 1178
1031 72 3464 2 4377
1032 55 9164 3 9262
1033 63 19291 3 19544
1034 50 8415 1 8896
1035 33 714 1 731
1036 43 7347 2 7732
1037 17 18172 1 18462
1038 41 216 1 338
1039 71 3755 1 3909
1040 53 7939 2 8041
1041 52 3983 4 4346
1042 47 7347 3 7500
1043 50 3024 1 3366
1044 50 18172 1 18486
1045 30 2269 2 2306
1046 70 11299 6 11539
1047 70 1000 2 1115
1048 43 6674 1 7186
1049 68 18172 4 18264
1050 63 6583 2 6695
1051 50 19201 3 19741
1052 70 17126 1 17181
1053 60 2415 4 2530
1054 26 5414 2 5859
1055 61 1000 1 1444
1056 63 12074 1 12688
1057 39 4565 2 4911
1058 46 14207 2 14598
1059 31 5538 2 5721
1060 53 2710 7 2729
1061 31 14000 2 14769
1062 31 15746 1 16609
1063 43 2710 1 3032
1064 50 12702 1 13130
1065 70 8792 3 9168
1066 73 7777 3 8293
1067 43 8099 1 8529
1068 36 8365 3 8495
1069 12 18172 1 18752
1070 31 19920 1 20480
1071 67 1513 1 1628
1072 67 8025 2 8400
1073 67 7347 5 7593
1074 67 9464 2 9692
1075 54 1513 1 1651
1076 50 16945 1 17090
1077 20 11714 2 11744
1078 50 14061 5 14168
1079 53 9673 1 10207
1080 24 3625 3 3930
1081 62 14680 1 15213
1082 74 18635 4 18842
1083 31 5861 1 6232
1084 43 5286 1 5757
1085 28 4218 1 4640
1086 72 17372 1 17633
1087 66 12318 3 12461
1088 70 18463 4 18539
1089 53 100 2 297
1090 1 2031 2 2367
1091 24 17624 1 18168
1092 43 7186 1 7347
1093 43 19798 1 20748
1094 26 12163 1 12692
1095 50 18172 1 18635
1096 17 136 3 632
1097 3 14606 3 15145
1098 9 6715 2 7189
1099 37 6521 2 7039
1100 53 15000 8 15130
1101 38 6738 4 6763
1102 50 9441 4 9532
1103 54 7347 1 7673
1104 63 1000 2 1242
1105 13 19010 1 19249
1106 26 11030 2 11058
1107 70 11256 1 11375
1108 31 16548 1 16704
1109 8 4527 2 4666
1110 9 12281 2 12729
1111 16 1513 2 1786
1112 6 2059 2 2253
1113 15 11981 6 12430
1114 53 16343 1 16421
1115 24 2269 4 2657
1116 27 1219 1 1320
1117 60 18426 1 18550
1118 9 10504 1 10829
1119 24 11981 1 12398
1120 43 12163 1 12542
1121 72 3375 1 3713
1122 70 1698 1 1751
1123 26 19251 1 19331
1124 43 8407 1 8573
1125 43 2082 1 2476
1126 27 2031 1 2286
1127 62 8788 2 8933
1128 31 18543 1 19071
1129 33 7958 2 8457
1130 5 11272 4 11659
1131 51 19274 1 19751
1132 67 4534 2 4624
1133 43 19308 6 19798
1134 15 12702 1 12861
1135 61 15467 1 16109
1136 33 13823 4 14068
1137 38 19661 2 20636
1138 67 6560 2 6934
1139 60 13761 1 14051
1140 63 4796 1 5019
1141 72 5376 1 5967
1142 63 5756 2 6278
1143 12 6615 5 6903
1144 26 7928 1 8033
1145 43 18882 2 19326
1146 57 15509 2 15659
1147 33 18192 2 18666
1148 29 13130 2 13517
1149 43 17487 1 17920
1150 57 6980 2 7008
1151 50 203 6 377
1152 54 14704 2 14895
1153 50 12789 2 12824
1154 24 15881 2 15892
1155 3 10108 1 10617
1156 70 9075 3 9229
1157 41 7047 5 7511
1158 14 19051 1 19272
1159 29 12506 2 12728
1160 70 15431 4 15733
1161 63 14444 2 14724
1162 17 2102 2 2151
1163 12 7347 1 9600
1164 54 2185 1 2197
1165 9 13376 1 13400
1166 27 4736 1 5158
1167 21 11017 2 11527
1168 27 5040 1 5080
1169 63 8488 1 8530
1170 63 13346 1 13666
1171 72 12257 1 12787
1172 17 18673 4 19067
1173 62 8278 1 8798
1174 38 2031 2 2558
1175 73 5402 3 5733
1176 26 10490 2 10765
1177 61 19731 1 19891
1178 31 14615 2 15039
1179 13 12257 2 12537
1180 12 7629 5 7730
1181 54 14242 3 14683
1182 45 8184 1 8648
1183 43 18172 1 18189
1184 50 16936 1 17515
1185 31 11714 2 11775
1186 61 12172 2 12632
1187 31 4188 2 4626
1188 54 10109 1 10540
1189 43 2185 2 2813
1190 43 19798 1 19843
1191 70 18172 1 18225
1192 50 6501 1 7279
1193 51 3986 2 3991
1194 67 3746 4 4230
1195 50 12696 1 12847
1196 39 16711 1 17104
1197 73 7347 2 7373
1198 71 4489 1 4774
1199 66 16150 2 16270
1200 54 6298 1 6387
1201 20 7484 6 7957
1202 33 809 2 1244
1203 53 9397 2 9600
1204 70 2232 1 2452
1205 33 11714 2 11794
1206 73 16853 2 17389
1207 58 16460 2 16565
1208 12 2524 3 2924
1209 73 18574 1 18979
1210 50 10905 2 11118
1211 58 1513 1 1714
1212 50 6976 4 7433
1213 43 5302 1 5385
1214 30 2102 4 2301
1215 6 5689 3 5967
1216 3 9515 1 9727
1217 72 1205 2 1303
1218 53 14873 2 15117
1219 27 11981 1 12002
1220 20 16329 2 16596
1221 54 3024 1 3653
1222 70 6211 2 6463
1223 30 6413 1 6947
1224 60 4068 1 4182
1225 13 252 4 445
1226 63 13647 1 13991
1227 19 14873 2 14916
1228 20 14013 2 14537
1229 1 746 1 1147
1230 31 13426 1 13514
1231 38 700 3 1521
1232 70 17006 1 17436
1233 47 211 1 293
1234 53 16552 3 16718
1235 24 17791 4 18242
1236 54 10579 1 10723
1237 43 18237 1 18783
1238 37 7691 4 7822
1239 37 15746 3 16175
1240 5 8084 6 8302
1241 13 5928 2 6231
1242 26 15344 2 15641
1243 13 15509 6 15959
1244 70 18970 1 19305
1245 26 54 2 130
1246 55 17676 2 17864
1247 30 16097 3 16354
1248 37 17367 2 17484
1249 31 6464 1 6633
1250 31 7008 3 7550
1251 31 4713 4 5091
1252 13 3869 5 3989
1253 26 11714 1 11809
1254 29 12780 2 13020
1255 70 15440 6 15746
1256 12 17501 1 17552
1257 63 9599 2 10102
1258 28 17498 3 17877
1259 33 6223 1 6605
1260 33 10765 2 10812
1261 27 18634 3 18673
1262 62 18172 1 18659
1263 27 15746 1 16093
1264 41 2189 2 2423
1265 38 10946 5 11406
1266 55 18611 1 19099
1267 18 17276 6 17596
1268 62 13583 1 13688
1269 67 12517 2 12821
1270 63 4068 2 4366
1271 33 6493 1 6827
1272 67 12319 2 12510
1273 21 6513 6 6694
1274 62 3375 1 3795
1275 62 17347 1 17476
1276 30 16238 1 16441
1277 50 16370 3 16500
1278 70 2185 1 2402
1279 31 4812 2 5250
1280 3 18172 1 18350
1281 17 9685 2 9877
1282 17 10430 1 10887
1283 63 18503 1 19037
1284 68 6828 3 7235
1285 31 7742 1 8091
1286 63 10241 1 10762
1287 67 3653 2 3757
1288 61 16524 1 17053
1289 43 17022 1 17255
1290 9 3375 2 3481
1291 63 3358 1 4021
1292 11 10029 4 10435
1293 12 3419 3 3905
1294 43 9673 1 10206
1295 70 7526 2 7771
1296 72 16150 1 16294
1297 46 13684 2 14015
1298 12 6567 1 6640
1299 28 13130 2 13534
1300 9 14502 1 14526
1301 21 15746 3 15975
1302 19 1698 2 1900
1303 20 10288 2 10659
1304 3 1867 1 2553
1305 63 7067 1 7480
1306 16 17188 2 17572
1307 50 5279 1 5866
1308 3 7921 1 7958
1309 54 15447 1 15899
1310 40 8159 1 8202
1311 28 6119 1 6417
1312 13 3653 2 4040
1313 58 3110 1 3285
1314 3 12318 1 13035
1315 12 4746 1 5182
1316 61 227 2 667
1317 62 7347 1 7545
1318 3 5879 1 6675
1319 5 2102 3 2492
1320 27 9303 4 9561
1321 30 10108 2 10397
1322 50 13622 4 14004
1323 33 1513 1 1821
1324 53 2031 7 2209
1325 12 2251 4 2415
1326 33 27 5 537
1327 53 3457 1 3530
1328 48 12163 7 12323
1329 14 3746 1 4144
1330 31 3869 2 4151
1331 1 13453 1 13575
1332 50 14882 1 15767
1333 38 2710 1 3383
1334 31 19920 2 20389
1335 72 13132 1 13357
1336 12 7995 2 8205
1337 70 1626 1 2060
1338 53 19731 2 20243
1339 74 8212 1 8390
1340 72 4481 1 4746
1341 43 18172 2 18604
1342 53 3781 4 4216
1343 31 10831 4 10956
1344 11 6451 4 6820
1345 9 14612 1 14925
1346 67 1698 1 2400
1347 53 410 2 796
1348 70 6661 6 7204
1349 13 13365 2 13696
1350 62 11327 2 11484
1351 26 7466 1 7481
1352 54 8763 1 8799
1353 70 5270 2 5531
1354 33 7028 3 7066
1355 12 18172 5 18574
1356 43 18172 3 18452
1357 43 11003 2 11538
1358 70 6484 4 6802
1359 11 3763 3 3845
1360 38 13987 4 14437
1361 54 18574 3 18845
1362 38 8983 2 9264
1363 54 10194 5 10205
1364 14 16798 1 17013
1365 43 8797 2 9388
1366 6 18172 1 18377
1367 38 13583 1 14467
1368 5 13498 7 13767
1369 13 8218 5 8418
1370 43 5325 5 5871
1371 20 18574 3 18767
1372 6 12227 2 12340
1373 43 2524 1 2629
1374 72 12762 1 12832
1375 43 14002 2 14447
1376 51 6510 2 6913
1377 43 2253 1 2538
1378 15 10920 1 11262
1379 27 12521 1 12680
1380 12 5244 1 5412
1381 58 18172 1 18659
1382 61 17126 1 17216
1383 50 9600 2 10334
1384 30 12229 1 12730
1385 13 11346 4 11370
1386 53 12329 4 12873
1387 67 17272 1 17756
1388 30 10463 1 10655
1389 50 1815 1 2967
1390 63 3188 1 4267
1391 61 17579 2 18002
1392 48 16351 3 16547
1393 60 19798 1 20151
1394 11 1513 1 1638
1395 74 7687 2 7948
1396 46 526 2 699
1397 46 6012 2 6212
1398 51 1626 3 2120
1399 49 18945 1 19302
1400 70 14720 1 15660
1401 12 378 3 815
1402 50 7433 4 7638
1403 53 4363 1 4419
1404 70 11240 1 11714
1405 54 15716 1 16988
1406 15 18828 2 18859
1407 74 1218 7 1396
1408 61 8846 1 9092
1409 50 18635 1 19115
1410 31 94 1 823
1411 54 11038 2 11164
1412 30 12541 2 12680
1413 70 11714 1 11879
1414 53 11970 2 12286
1415 53 5064 1 5564
1416 66 18241 1 18561
1417 45 13862 1 14192
1418 29 13622 4 14120
1419 12 10439 1 11912
1420 66 12380 1 12387
1421 67 14534 1 14841
1422 43 16604 3 16942
1423 54 15951 1 16040
1424 53 2269 2 2566
1425 43 15181 1 15633
1426 53 8591 3 8652
1427 30 6206 4 6348
1428 6 10354 2 10657
1429 12 14529 2 14877
1430 38 15482 1 15585
1431 20 13368 1 13859
1432 72 13280 2 13739
1433 28 3188 2 3506
1434 70 15860 1 16329
1435 13 5494 3 5557
1436 67 4878 4 5096
1437 71 4338 6 4380
1438 54 11335 1 11854
1439 28 9145 3 9492
1440 56 4008 1 4271
1441 30 710 2 1232
1442 20 13928 2 13948
1443 45 10574 2 10614
1444 21 2826 2 3233
1445 12 6206 3 6583
1446 54 3375 2 4004
1447 62 4068 1 4440
1448 3 4662 1 5009
1449 67 10791 1 13022
1450 5 18191 6 18595
1451 45 13130 2 13516
1452 70 3964 2 4184
1453 31 16662 1 17967
1454 67 18574 2 18794
1455 50 1961 1 2689
1456 58 13130 4 13161
1457 50 9266 1 9375
1458 61 734 3 808
1459 70 1513 4 1749
1460 12 366 3 551
1461 27 102 1 639
1462 30 2161 2 2265
1463 27 703 1 1182
1464 61 11714 3 12070
1465 43 15067 4 15180
1466 63 2710 1 3077
1467 20 98 1 160
1468 58 17292 2 17580
1469 38 18172 2 18373
1470 15 13002 1 13357
1471 12 15888 1 16142
1472 13 18172 4 18497
1473 16 16594 2 16922
1474 61 7650 1 8297
1475 72 4748 1 4920
1476 27 11714 3 11981
1477 13 16093 1 16193
1478 67 14841 1 14873
1479 52 10707 4 10806
1480 70 8778 4 9075
1481 43 5659 4 5720
1482 27 12706 2 13108
1483 17 12318 4 12497
1484 62 3900 1 4068
1485 21 3627 2 3844
1486 30 7985 1 8440
1487 30 18539 1 18789
1488 26 2524 2 2578
1489 43 4104 1 4435
1490 68 3703 6 3901
1491 67 6044 1 6143
1492 62 19731 1 20476
1493 39 18975 1 19014
1494 17 10067 1 10104
1495 33 13130 2 13354
1496 45 425 4 656
1497 63 18172 1 18637
1498 31 15354 4 15403
1499 3 18918 3 19220
1500 51 16507 2 16596
1501 30 5718 1 6172
1502 54 17504 6 17663
1503 13 1000 1 1546
1504 67 8106 1 8375
1505 12 13338 1 14160
1506 12 4979 5 5450
1507 21 1151 4 1323
1508 43 15361 4 15893
1509 72 5699 2 6206
1510 50 10025 1 10262
1511 21 8078 2 8521
1512 9 496 1 751
1513 20 8806 1 9243
1514 27 11162 1 11483
1515 20 7944 1 8262
1516 43 4224 1 4398
1517 16 18172 1 18640
1518 5 5190 7 5594
1519 21 12506 1 12949
1520 31 16854 3 17012
1521 30 12922 2 12941
1522 61 11094 2 11133
1523 58 15746 4 15873
1524 39 13583 1 13816
1525 6 8728 2 8910
1526 3 10669 1 10681
1527 67 609 2 870
1528 61 6787 1 7529
1529 72 19654 1 19772
1530 72 15967 3 16140
1531 50 18971 1 19449
1532 12 4619 1 4943
1533 47 463 1 520
1534 17 19314 3 19490
1535 54 11785 2 12463
1536 39 2269 2 2773
1537 31 2710 1 2838
1538 43 17034 1 17126
1539 12 14247 6 14299
1540 27 5234 1 5676
1541 53 13130 1 13669
1542 70 2710 4 2792
1543 67 10014 3 10319
1544 50 10527 2 10816
1545 9 11301 2 11817
1546 67 11714 1 11994
1547 66 14075 4 14399
1548 11 19587 3 19597
1549 51 11714 1 11993
1550 67 15119 1 16195
1551 15 517 2 989
1552 33 11484 1 11559
1553 66 12172 2 12216
1554 50 19741 1 19968
1555 61 1513 1 1885
1556 63 19047 2 19291
1557 54 16686 1 17051
1558 21 12190 4 12387
1559 33 7347 4 7830
1560 50 11306 5 11580
1561 70 4590 1 4610
1562 50 5925 1 6249
1563 37 7944 1 8084
1564 12 15265 1 15414
1565 20 15746 1 16107
1566 12 5225 1 5960
1567 43 9919 1 9925
1568 70 836 1 1161
1569 27 7052 2 7363
1570 50 18932 1 19146
1571 27 3024 1 3627
1572 50 11714 1 12260
1573 63 16544 1 16656
1574 67 7597 1 7612
1575 47 12708 3 13121
1576 54 3964 3 4439
1577 70 15746 3 15859
1578 48 5238 2 5368
1579 12 6345 2 6523
1580 54 16150 1 16614
1581 63 8252 2 8736
1582 12 6807 1 7245
1583 43 12884 3 13219
1584 49 12243 1 12364
1585 55 3419 1 3760
1586 39 16190 2 16462
1587 72 8044 1 8074
1588 9 8706 2 8816
1589 30 15443 1 15986
1590 24 10417 3 10529
1591 6 16570 1 16916
1592 72 3297 1 3305
1593 9 2710 1 2756
1594 15 15746 5 15810
1595 54 13459 2 13755
1596 54 7217 1 7628
1597 15 7433 1 7485
1598 46 11714 2 11855
1599 41 15354 5 15666
1600 70 11837 1 12339
1601 14 13879 1 14315
1602 50 1513 2 1866
1603 63 7135 3 7420
1604 40 8141 1 8627
1605 37 16588 1 16767
1606 70 3106 5 3292
1607 6 15139 6 15556
1608 15 4377 6 4718
1609 63 19544 1 19951
1610 21 19920 1 20014
1611 45 6625 2 6633
1612 33 17006 1 17423
1613 20 16889 1 17169
1614 30 12396 2 12551
1615 54 14249 2 14735
1616 27 14997 2 15245
1617 21 5398 2 5496
1618 27 5744 3 6183
1619 9 11981 1 12247
1620 43 5770 1 6308
1621 68 14467 5 14648
1622 43 7250 1 7307
1623 13 18574 2 18974
1624 67 17791 1 17964
1625 1 18431 2 18598
1626 21 13184 1 13456
1627 12 8368 1 9258
1628 14 3813 1 4122
1629 26 4609 1 5018
1630 67 8412 2 8813
1631 31 8629 1 8960
1632 21 1513 1 1864
1633 72 16925 1 17091
1634 3 769 2 981
1635 15 16329 6 16630
1636 31 14873 1 15354
1637 43 9378 1 9645
1638 26 18172 2 18599
1639 50 11785 3 12227
1640 24 3943 1 4273
1641 70 18172 1 18463
1642 60 3964 4 4228
1643 3 2710 1 2805
1644 18 13237 5 13566
1645 9 6443 2 6671
1646 26 17335 1 17420
1647 27 13410 4 13473
1648 19 14395 2 14903
1649 31 823 4 1263
1650 62 16939 1 17278
1651 74 16833 3 16994
1652 30 9673 1 9795
1653 54 17005 1 17102
1654 61 22 2 132
1655 67 13397 1 13872
1656 62 13409 1 13727
1657 54 4130 1 4255
1658 62 15878 1 16250
1659 72 11714 2 11933
1660 38 9264 2 9543
1661 54 2269 2 2422
1662 68 9430 3 9922
1663 43 19731 1 20274
1664 21 4729 4 5269
1665 70 1751 2 1961
1666 70 15171 3 15390
1667 12 2532 4 2810
1668 39 4385 2 4390
1669 31 12163 1 12660
1670 54 16053 3 16593
1671 55 15734 1 15750
1672 37 1513 1 1629
1673 67 1199 2 1893
1674 19 3419 2 3469
1675 62 16549 1 16994
1676 12 1513 1 1825
1677 26 9501 1 10041
1678 3 19220 4 19731
1679 37 4321 2 4775
1680 10 19920 3 20026
1681 11 19251 4 19350
1682 54 15655 1 15679
1683 30 1698 2 1871
1684 3 8811 1 9156
1685 50 11981 1 12623
1686 70 10587 1 11051
1687 39 19513 3 19675
1688 54 19731 2 20483
1689 66 19544 5 19889
1690 46 16764 2 16907
1691 38 11714 1 12383
1692 27 12062 1 12484
1693 38 16332 2 16496
1694 53 19220 3 19574
1695 43 9388 1 9878
1696 27 16384 1 16539
1697 50 7433 1 7457
1698 20 15123 2 15342
1699 43 4068 3 4131
1700 12 19212 1 19729
1701 54 7728 1 7987
1702 7 1000 1 1095
1703 39 12542 4 12759
1704 43 1189 5 1736
1705 67 8452 1 8598
1706 15 5452 2 5984
1707 26 2781 2 2962
1708 63 19978 2 20458
1709 54 6446 1 6653
1710 62 1961 1 2269
1711 12 16424 1 17264
1712 27 13607 2 13955
1713 24 16875 3 17158
1714 50 4068 1 4345
1715 73 17552 2 17842
1716 72 9886 1 10134
1717 66 2556 1 2793
1718 27 5258 1 5405
1719 70 7679 2 7768
1720 68 6009 1 6306
1721 63 16587 1 17245
1722 70 9962 1 10093
1723 70 19997 1 20627
1724 43 12163 2 12506
1725 38 9973 4 9995
1726 16 11714 1 11785
1727 9 18574 2 18923
1728 70 14602 5 15050
1729 46 12172 1 12404
1730 53 18172 4 18301
1731 68 15941 2 16055
1732 63 8967 1 10574
1733 43 9939 5 10325
1734 11 6088 1 6372
1735 12 13189 2 13222
1736 43 3375 1 3829
1737 62 10716 1 11226
1738 16 11981 1 12086
1739 30 817 1 1086
1740 21 9432 6 9790
1741 43 14704 4 14725
1742 60 13689 4 13729
1743 20 16560 1 16872
1744 21 13767 1 14297
1745 12 5655 5 6034
1746 43 19475 1 19688
1747 38 10430 1 10589
1748 67 13530 4 13751
1749 50 11714 2 12172
1750 70 18245 6 18535
1751 48 17360 5 17792
1752 50 3869 1 4137
1753 24 4512 4 4648
1754 54 8943 2 9371
1755 3 17238 1 17424
1756 30 3653 2 3725
1757 6 6310 2 6486
1758 13 19251 3 19554
1759 13 15028 4 15504
1760 6 11037 6 11372
1761 36 1000 1 1399
1762 37 8804 4 9006
1763 45 4317 2 4704
1764 21 14059 1 14588
1765 39 15194 2 15236
1766 63 15941 1 16581
1767 24 15272 3 15319
1768 43 2059 1 2521
1769 21 16053 1 16595
1770 63 8723 1 8966
1771 50 18574 1 18916
1772 43 10939 3 11148
1773 31 6750 3 6904
1774 5 9278 7 9487
1775 73 2660 1 2954
1776 62 15354 1 15737
1777 72 15372 1 15447
1778 12 15746 1 15862
1779 12 15746 2 15929
1780 68 3625 4 4077
1781 3 17477 4 17581
1782 54 10748 1 11333
1783 30 12687 3 12904
1784 50 15881 2 16370
1785 14 18814 2 19052
1786 50 17802 2 17809
1787 72 7993 2 8147
1788 67 13130 4 13478
1789 67 11994 2 12706
1790 71 19932 4 20340
1791 54 340 3 390
1792 67 3284 1 3303
1793 58 13225 1 13771
1794 50 5437 1 5922
1795 50 16329 1 16433
1796 66 19138 1 19331
1797 12 3024 1 3188
1798 60 13640 1 14145
1799 12 15334 3 15390
1800 20 18957 5 19364
1801 54 3036 2 3370
1802 29 11981 1 12027
1803 67 2524 3 2960
1804 20 10985 3 11286
1805 67 17484 1 17764
1806 72 16896 1 17101
1807 63 264 1 776
1808 39 19378 2 19867
1809 29 8477 4 8772
1810 70 7041 1 7738
1811 27 88 2 381
1812 19 2059 1 2190
1813 67 3024 2 3204
1814 70 14258 1 14440
1815 63 18172 2 18398
1816 67 10859 1 11195
1817 9 15746 2 15801
1818 43 1976 4 2082
1819 53 7183 5 7542
1820 9 2031 1 2536
1821 30 8048 2 8375
1822 72 1513 3 2059
1823 20 7337 1 7582
1824 6 3110 3 3611
1825 66 15746 3 15878
1826 63 13772 3 13902
1827 50 486 1 834
1828 27 17080 3 17374
1829 21 4811 1 5188
1830 11 13583 2 14015
1831 30 9582 1 10087
1832 53 399 2 881
1833 63 5620 2 6136
1834 43 5799 5 6027
1835 67 6042 3 6361
1836 17 2059 6 2154
1837 60 3006 2 3266
1838 3 15178 1 15349
1839 70 732 1 1198
1840 63 17552 1 17873
1841 54 414 1 723
1842 43 2247 1 2605
1843 70 19437 1 19926
1844 33 3472 1 3824
1845 62 14963 1 15504
1846 39 3419 1 3786
1847 66 2031 4 2094
1848 72 3110 2 3239
1849 16 13583 2 14106
1850 51 14086 2 14275
1851 27 7971 1 8049
1852 66 15746 2 15806
1853 63 11970 1 12009
1854 26 16373 1 16627
1855 12 2059 1 2171
1856 33 9569 3 9788
1857 27 15338 2 15616
1858 50 10604 1 11292
1859 46 3943 1 4173
1860 53 10385 1 10907
1861 47 13437 4 13667
1862 24 7961 5 8219
1863 70 12506 3 12815
1864 38 7806 4 7838
1865 3 5051 3 5412
1866 61 14244 3 14537
1867 61 8315 1 8581
1868 63 8936 1 9304
1869 71 4231 2 4478
1870 13 8490 5 8995
1871 27 10473 1 10538
1872 50 10035 1 10254
1873 50 3464 1 3810
1874 45 8850 6 9115
1875 43 1751 4 1970
1876 63 2031 1 2825
1877 61 9168 2 9616
1878 30 368 1 794
1879 54 7742 1 8091
1880 51 8503 3 9048
1881 48 8549 7 8576
1882 9 14283 1 14321
1883 63 14045 1 14687
1884 31 5128 1 5526
1885 26 1000 2 1022
1886 67 7624 1 8019
1887 45 16816 1 17122
1888 43 13358 1 13519
1889 52 18174 3 18657
1890 3 18463 2 18895
1891 26 1698 1 2086
1892 20 10408 5 10870
1893 63 13130 1 13340
1894 47 13130 3 13297
1895 61 11196 3 11518
1896 43 6817 1 7002
1897 6 19293 4 19386
1898 33 1893 2 2215
1899 50 6611 5 6952
1900 50 17126 1 17578
1901 63 17410 1 17472
1902 54 585 3 1019
1903 28 233 2 283
1904 54 10402 5 10931
1905 63 1613 2 1911
1906 28 10460 6 10678
1907 30 19495 1 19786
1908 30 19038 3 19137
1909 43 7543 4 8028
1910 60 19979 2 20375
1911 17 13132 2 13658
1912 36 9610 2 9932
1913 24 5273 1 5406
1914 20 11211 1 11734
1915 38 14457 1 14720
1916 70 13290 1 13465
1917 21 2779 1 3315
1918 61 3653 4 4022
1919 39 3781 1 3812
1920 26 12834 1 13092
1921 12 19731 2 19892
1922 70 8243 1 8502
1923 57 13325 1 13777
1924 70 8364 3 8568
1925 54 14749 3 14877
1926 10 18635 4 18709
1927 62 2269 1 2710
1928 37 18374 1 18635
1929 41 4699 3 4834
1930 50 13130 2 13622
1931 31 18172 1 18661
1932 24 903 1 988
1933 20 9280 1 9823
1934 12 9600 2 9693
1935 38 6803 2 7117
1936 24 2059 1 2264
1937 41 15517 1 15684
1938 53 6834 3 7054
1939 9 3781 1 4065
1940 24 9450 1 9615
1941 43 8964 3 9083
1942 14 19654 3 19807
1943 62 3110 1 3689
1944 20 3943 1 4420
1945 29 19920 1 20171
1946 11 5273 1 5634
1947 70 15746 1 16204
1948 26 11970 1 12099
1949 71 19960 1 20493
1950 21 19577 1 19726
1951 20 16637 2 16883
1952 70 8154 1 8214
1953 20 7044 1 7208
1954 9 1151 1 1610
1955 11 4590 1 5135
1956 26 15844 1 16255
1957 20 13130 1 13324
1958 20 14873 2 15364
1959 33 15746 2 16019
1960 54 5678 2 5723
1961 13 11767 2 11998
1962 43 3110 2 3571
1963 27 7347 2 7553
1964 39 19129 2 19204
1965 67 12752 1 12951
1966 43 7337 1 7777
1967 5 5841 7 6198
1968 67 5995 1 6339
1969 5 18198 1 18519
1970 50 11026 1 11785
1971 51 18172 4 18545
1972 53 11038 1 11330
1973 70 13622 1 13649
1974 38 9673 3 9949
1975 19 3869 1 4224
1976 6 5151 1 5156
1977 67 7898 2 8101
1978 70 13404 2 13693
1979 39 1513 3 1733
1980 43 2710 3 2852
1981 3 17623 5 18094
1982 70 17436 5 17922
1983 47 17268 1 17626
1984 72 19731 1 20961
1985 70 14454 1 14768
1986 33 19490 2 19710
1987 61 8588 1 8724
1988 31 19028 2 19591
1989 43 14873 1 15402
1990 62 19642 1 20156
1991 6 3841 5 4340
1992 26 14422 1 14464
1993 31 11970 2 12422
1994 53 19993 1 20371
1995 63 4275 1 4536
1996 12 10468 5 10814
1997 21 7116 4 7422
1998 39 8301 3 8813
1999 62 4412 1 4937
2000 66 19731 1 20205
2001 67 1893 2 2102
2002 54 14856 4 14951
2003 39 1751 2 1888
2004 21 9075 1 9413
2005 67 870 1 1671
2006 63 15054 4 15402
2007 43 3625 1 4346
2008 74 12273 5 12799
2009 13 2710 7 3042
2010 70 12688 1 13278
2011 63 11268 1 11904
2012 72 1000 1 1187
2013 36 3653 1 3714
2014 73 16113 3 16573
2015 51 16622 2 16974
2016 30 6383 4 6390
2017 73 19920 2 20243
2018 74 1759 2 2296
2019 17 6504 3 6920
2020 11 8859 1 9185
2021 54 6708 3 7188
2022 20 15445 6 15900
2023 43 19920 3 20051
2024 31 2031 1 2581
2025 51 4576 2 4744
2026 43 12506 1 12868
2027 30 6333 2 6758
2028 63 286 1 405
2029 54 16329 2 16851
2030 41 1522 4 1856
2031 50 15826 2 15980
2032 31 15746 3 16211
2033 43 1151 1 1698
2034 24 8999 4 9399
2035 43 11714 5 12163
2036 50 10817 1 11003
2037 61 13471 1 13674
2038 12 1751 4 2422
2039 27 19688 1 19955
2040 63 10780 2 10896
2041 57 8677 2 8721
2042 27 13995 1 14241
2043 27 2916 1 2940
2044 19 19741 2 19979
2045 45 18858 1 19002
2046 43 1698 1 2185
2047 72 2059 2 2407
2048 73 7152 5 7517
2049 20 18172 5 18700
2050 38 1613 2 1963
2051 3 7913 1 8283
2052 67 5156 2 5310
2053 72 11970 2 12257
2054 70 12647 1 12855
2055 31 9573 2 9760
2056 11 13130 1 13423
2057 43 13643 4 13848
2058 67 8671 4 9209
2059 73 16535 1 17078
2060 57 11331 2 11416
2061 24 12660 3 13074
2062 36 1513 1 1639
2063 3 13130 1 13583
2064 67 18172 2 18510
2065 70 19117 1 19251
2066 20 19033 1 19066
2067 41 11150 3 11388
2068 14 13622 1 14074
2069 62 4068 1 4229
2070 9 13130 1 13274
2071 67 9135 1 9213
2072 66 1513 1 2046
2073 30 3375 1 3508
2074 53 5711 6 5941
2075 15 11280 7 11515
2076 50 19475 1 20011
2077 27 3627 1 4245
2078 72 15841 2 15908
2079 72 5606 1 5630
2080 31 2710 1 4403
2081 54 2056 6 2161
2082 67 4418 1 4800
2083 54 15746 1 16037
2084 62 9962 1 10260
2085 38 5414 1 5468
2086 10 15196 4 15619
2087 51 5077 1 5306
2088 33 11970 1 11999
2089 29 8090 2 8410
2090 29 13653 1 14102
2091 9 16539 1 16936
2092 50 6273 1 6619
2093 63 687 3 1000
2094 62 15746 1 16525
2095 54 5955 2 5969
2096 43 3043 1 3110
2097 12 217 2 580
2098 17 5960 3 6152
2099 58 19297 2 19357
2100 21 8717 2 8990
2101 3 10343 1 10872
2102 17 382 1 916
2103 3 4881 5 5085
2104 11 14294 1 14618
2105 11 3627 2 3691
2106 36 11837 6 12323
2107 19 8818 2 9269
2108 13 9295 1 9432
2109 43 17126 1 18583
2110 12 590 2 819
2111 31 13888 2 14273
2112 70 16553 1 16862
2113 27 8167 2 8431
2114 72 6817 2 6935
2115 54 18635 1 18829
2116 19 10149 2 10549
2117 43 15418 1 15610
2118 26 18663 1 19087
2119 31 12643 2 12819
2120 20 6206 1 6598
2121 53 16053 5 16489
2122 50 14473 1 15018
2123 6 5284 1 5463
2124 30 15234 1 15264
2125 54 3408 1 3694
2126 54 5005 1 6229
2127 54 16865 4 16970
2128 3 1513 3 1867
2129 54 19270 1 19940
2130 67 8505 1 9016
2131 43 3571 2 3625
2132 11 2415 1 2797
2133 43 5389 5 5627
2134 17 14506 4 14791
2135 55 10559 1 10582
2136 61 3024 1 3574
2137 29 6336 1 6768
2138 18 7794 7 8227
2139 43 9491 3 9748
2140 57 3627 1 3865
2141 70 7347 1 7864
2142 43 14734 3 14956
2143 6 17126 1 17674
2144 20 18574 3 19082
2145 67 18172 1 18463
2146 67 2710 1 3514
2147 21 3358 2 3534
2148 48 11714 2 11785
2149 26 13130 1 13609
2150 9 16053 1 16261
2151 30 13459 1 13754
2152 70 10893 5 10938
2153 51 15953 1 16295
2154 21 10037 1 10579
2155 54 3653 2 3844
2156 26 242 2 497
2157 72 2031 1 2131
2158 63 7433 1 7724
2159 62 6772 2 6957
2160 72 4585 1 5003
2161 61 5187 3 5714
2162 28 6452 6 6866
2163 12 14873 5 14942
2164 45 1513 2 1554
2165 13 290 2 650
2166 50 9075 1 10243
2167 20 4681 1 6231
2168 20 13979 1 14374
2169 39 4210 1 4322
2170 54 14492 1 14812
2171 31 95 1 469
2172 43 8021 1 8317
2173 24 19760 3 20297
2174 61 9626 3 10021
2175 62 10427 1 10523
2176 43 18776 1 18790
2177 63 11717 1 12008
2178 74 2046 4 2429
2179 67 10108 2 10587
2180 21 3284 3 3427
2181 26 2102 1 2144
2182 43 19551 1 19586
2183 49 18652 1 18787
2184 71 8302 4 8385
2185 50 394 1 1564
2186 68 14738 2 15071
2187 54 13808 4 14117
2188 33 5510 5 5972
2189 13 471 3 945
2190 39 3653 1 3755
2191 61 5937 1 5956
2192 56 16019 3 16249
2193 12 18574 3 19153
2194 54 16993 1 17460
2195 70 11837 1 12812
2196 58 2059 2 2539
2197 62 17470 1 17987
2198 11 17375 1 17731
2199 70 18754 3 18949
2200 9 4446 1 4691
2201 72 11266 1 11698
2202 50 9724 2 10099
2203 17 2817 1 3119
2204 45 10544 4 10943
2205 50 18635 2 18953
2206 39 19220 1 19490
2207 43 7337 2 7499
2208 67 14568 2 14759
2209 57 15746 1 15849
2210 24 12036 1 12333
2211 45 5902 1 6392
2212 12 13936 1 14434
2213 62 13163 1 13177
2214 9 4068 2 4389
2215 50 15081 1 15522
2216 21 11714 4 11773
2217 67 18813 3 18864
2218 24 10108 1 10126
2219 43 5873 2 6351
2220 11 16904 5 16945
2221 43 19251 4 19308
2222 50 17530 1 18172
2223 26 7435 2 7454
2224 12 7130 3 7490
2225 39 1151 5 1220
2226 30 16575 1 16949
2227 11 11089 3 11405
2228 53 9698 1 9903
2229 27 11981 2 12142
2230 57 16857 1 17010
2231 50 13947 2 14287
2232 50 12248 1 12530
2233 13 1513 1 1582
2234 28 16756 1 16804
2235 61 18583 2 18909
2236 11 15217 2 15420
2237 20 200 2 426
2238 54 18870 2 19255
2239 62 8460 1 8729
2240 39 8514 1 8618
2241 30 5812 5 5896
2242 8 3964 2 4427
2243 13 8086 1 8143
2244 17 11714 1 12158
2245 27 10183 3 10408
2246 11 10482 3 10982
2247 3 9237 5 9424
2248 16 11002 1 11063
2249 3 73 2 195
2250 73 3653 1 4062
2251 11 5920 3 5933
2252 20 16135 3 16192
2253 48 13275 6 13737
2254 61 18574 2 19334
2255 24 13130 1 13474
2256 20 11837 1 12347
2257 67 19138 1 21775
2258 30 5902 4 6298
2259 15 18904 5 19251
2260 43 9363 1 9673
2261 50 3807 1 3869
2262 63 2059 1 2177
2263 53 7433 4 7765
2264 6 13130 2 13542
2265 27 18172 4 18647
2266 31 15801 2 16033
2267 50 14041 1 14326
2268 50 3844 3 4216
2269 50 5240 3 5441
2270 28 13583 1 13610
2271 51 13130 6 13180
2272 72 18222 3 18354
2273 62 10467 1 10698
2274 62 6245 1 6508
2275 54 17177 1 17284
2276 53 4643 4 4824
2277 70 3375 2 3450
2278 53 19251 2 19363
2279 36 9075 2 9100
2280 67 6147 2 6367
2281 24 18938 3 19361
2282 15 5017 1 5375
2283 72 5258 1 5554
2284 54 11247 1 11572
2285 50 14989 1 15172
2286 24 13583 1 13763
2287 43 11976 1 12101
2288 17 3569 1 3823
2289 31 9365 4 9511
2290 37 13130 4 13665
2291 43 14473 1 14704
2292 21 7521 2 7773
2293 48 11981 3 12075
2294 48 18876 6 19012
2295 3 2820 1 3164
2296 58 5837 1 5894
2297 54 14443 4 14731
2298 9 8180 1 8245
2299 67 18172 3 18681
2300 31 9123 2 9195
2301 57 15915 1 16096
2302 55 19920 1 20191
2303 61 4068 2 4148
2304 48 3964 4 4076
2305 30 4824 1 5221
2306 66 3781 4 4169
2307 45 11837 4 12145
2308 48 13132 1 13501
2309 63 16180 1 16318
2310 54 13330 1 13433
2311 12 17552 2 17953
2312 3 3781 1 4392
2313 18 12062 6 12341
2314 43 829 2 1095
2315 63 5238 1 5756
2316 38 16687 2 17184
2317 30 18172 2 18505
2318 70 1151 2 1513
2319 36 3844 1 4275
2320 54 508 1 763
2321 30 288 1 319
2322 41 9019 1 9419
2323 67 18924 6 19018
2324 63 1911 1 2007
2325 17 10782 4 10813
2326 55 13130 3 13560
2327 57 7088 3 7637
2328 55 13621 1 13915
2329 11 19654 1 19676
2330 20 7218 3 7255
2331 43 6727 1 7001
2332 15 10295 5 10565
2333 67 13891 1 14061
2334 67 19731 1 19747
2335 45 7023 1 7525
2336 20 38 2 401
2337 63 5258 4 5373
2338 13 16732 1 16997
2339 50 2031 1 2059
2340 31 1513 1 2011
 调度评估结果
1. 任务等待评估 (Σ 等待×权重): 476806
2. 任务完成评估 (最大完成时间): 21775
3. GPU显存空闲评估 (平均空闲): 17199.50 GB/时间片
 额外统计
已调度任务               : 2340/2340
平均等待时间            : 46.62
各服务器任务分布      : 服务器1=6, 服务器3=60, 服务器5=12, 服务器6=22, 服务器7=1, 服务器8=3, 服务器9=40, 服务器10=6, 服务器11=41, 服务器12=75, 服务器13=41, 服务器14=14, 服务器15=28, 服务器16=13, 服务器17=39, 服务器18=4, 服务器19=24, 服务器20=71, 服务器21=43, 服务器24=44, 服务器26=38, 服务器27=71, 服务器28=23, 服务器29=26, 服务器30=69, 服务器31=83, 服务器33=43, 服务器36=18, 服务器37=22, 服务器38=45, 服务器39=41, 服务器40=5, 服务器41=12, 服务器43=139, 服务器45=25, 服务器46=13, 服务器47=15, 服务器48=17, 服务器49=4, 服务器50=122, 服务器51=25, 服务器52=7, 服务器53=69, 服务器54=118, 服务器55=16, 服务器56=2, 服务器57=17, 服务器58=23, 服务器60=17, 服务器61=50, 服务器62=73, 服务器63=83, 服务器66=33, 服务器67=108, 服务器68=21, 服务器70=130, 服务器71=12, 服务器72=81, 服务器73=25, 服务器74=12
