1 10 3685 2 4308
2 10 10251 2 10811
3 6 14498 1 14885
4 1 3685 1 4488
5 6 6877 1 8106
6 6 11415 2 11869
7 7 331 2 1021
8 5 15411 5 15558
9 6 10762 2 11414
10 1 13749 2 14215
11 1 13308 2 13749
12 1 7092 6 7333
13 1 12848 6 13308
14 9 14215 2 14846
15 6 54 5 764
16 1 6351 3 7052
17 11 6351 3 6457
18 1 8230 3 8783
19 9 9135 6 9699
20 10 13749 1 14528
21 5 13749 2 14189
22 1 0 1 726
23 11 14215 4 14496
24 4 7092 2 7734
25 6 0 1 54
26 5 7092 3 7210
27 12 11580 2 11961
28 1 7901 1 8230
29 6 11869 4 12195
30 5 14215 2 14437
31 1 10762 3 11415
32 11 10762 1 10876
33 5 14498 2 15050
34 1 7333 1 7722
35 4 13068 1 13573
36 1 14498 1 15411
37 7 6351 6 6439
38 4 15964 3 16338
39 11 11580 1 11932
40 1 4488 1 6351
41 10 13476 1 14351
42 6 14885 7 15577
43 9 10762 3 11298
44 1 0 1 3685
45 10 12848 1 13068
46 10 11580 1 12445
47 2 8783 3 9429
48 1 13308 2 13532
49 1 15411 6 15485
50 1 6877 2 7092
51 6 10251 1 10276
52 5 78 3 452
53 10 7092 1 8042
54 6 6351 3 6550
55 8 54 2 483
56 5 14437 2 14780
57 9 0 3 598
58 1 15964 5 15995
59 1 15485 2 15964
60 1 14215 1 14690
61 11 13308 8 13542
62 5 11580 3 12052
63 5 13476 3 14210
64 7 208 4 331
65 1 313 1 789
66 11 8783 3 9032
67 11 0 2 108
68 4 14437 1 15051
69 1 14215 1 14842
70 1 8783 1 10251
71 10 13068 1 13216
72 1 6351 2 6877
73 1 11580 3 11941
74 6 12195 1 13715
75 8 15964 1 16084
76 6 7092 3 7469
77 6 14136 1 14498
78 6 8230 7 8324
79 1 10251 3 10762
80 5 14215 1 14450
81 6 15964 3 16562
82 10 0 1 517
83 5 0 1 249
84 1 8783 1 9385
85 5 10762 4 11482
86 1 11415 2 11580
87 10 9135 1 9537
88 6 8783 1 9135
89 10 14437 1 16768
90 7 10762 5 11491
91 4 10762 1 10788
92 12 0 1 422
93 1 0 3 313
94 1 11580 1 12848
95 1 7333 5 7901
96 9 6351 6 6475
97 10 7333 1 8150
98 5 13068 1 13528
99 6 13715 4 14136
100 6 10276 4 10614
101 8 11580 2 12253
102 10 13216 2 13476
103 6 9135 3 9591
104 6 10276 1 10357
105 4 8230 2 8499
 调度评估结果
1. 任务等待评估 (Σ 等待×权重): 5041994
2. 任务完成评估 (最大完成时间): 16768
3. GPU显存空闲评估 (平均空闲): 3225.82 GB/时间片
 额外统计
已调度任务               : 105/105
平均等待时间            : 4643.24
各服务器任务分布      : 服务器1=31, 服务器2=1, 服务器4=6, 服务器5=13, 服务器6=20, 服务器7=4, 服务器8=3, 服务器9=5, 服务器10=13, 服务器11=7, 服务器12=2
