1 11 68562 7 68689
2 14 4096 6 4882
3 8 16549 7 16757
4 11 4222 8 5066
5 11 99041 7 99498
6 6 25332 6 26016
7 33 133965 8 134758
8 33 74878 7 75547
9 8 3032 7 3551
10 33 122953 7 123810
11 11 35829 7 36064
12 6 75335 6 76091
13 22 12517 6 12948
14 33 47245 7 47617
15 11 30705 7 31684
16 36 87200 7 87407
17 4 107961 6 108394
18 14 133401 7 133856
19 22 112727 6 113440
20 11 123925 6 124659
21 11 112426 8 113052
22 8 76242 6 77018
23 4 105216 7 106214
24 9 44287 7 45205
25 26 14266 6 14557
26 8 54534 7 55272
27 14 19637 7 20569
28 33 31684 7 31920
29 33 63074 8 63607
30 11 10841 8 11514
31 4 27122 7 28122
32 36 98860 8 99570
33 14 85586 8 86283
34 9 66608 5 66915
35 8 112727 8 112986
36 22 97145 7 97969
37 9 108764 6 109563
38 33 53960 7 54530
39 11 66900 8 67147
40 26 131928 7 132284
41 36 66538 6 67362
42 8 59030 7 59600
43 11 39585 8 40490
44 33 66711 7 67457
45 6 35829 6 36692
46 9 26093 6 26561
47 11 97080 6 98079
48 11 63074 7 63882
49 14 132902 7 133378
50 22 10627 6 11356
51 33 92498 6 93044
52 33 89434 7 90381
53 14 69447 7 69713
54 8 90964 6 91726
55 8 44834 6 45110
56 33 28871 7 29713
57 4 35829 8 36605
58 9 116504 5 116708
59 11 65588 6 66195
60 11 100875 7 101539
61 9 3755 5 4483
62 11 125965 5 126846
63 33 131500 6 131708
64 11 102208 7 102913
65 11 49194 7 49545
66 14 70350 8 71152
67 14 79554 8 79865
68 36 78256 7 79065
69 11 35097 8 35829
70 4 10280 6 10627
71 36 95556 8 96087
72 11 81288 6 81809
73 36 32953 6 33453
74 11 34549 7 35097
75 4 112426 6 113341
76 11 93968 6 94761
77 8 12517 6 12793
78 11 18217 7 18744
79 11 41924 5 42791
80 11 0 6 168
81 36 33453 7 34322
82 9 17495 7 17657
83 9 118759 7 119491
84 26 33187 7 34159
85 8 85417 6 85747
86 9 104291 7 104669
87 11 50443 6 51146
88 11 3676 7 4222
89 8 115737 7 116749
90 4 14266 6 14489
91 26 91636 7 92212
92 8 131040 6 131769
93 4 30433 8 30645
94 14 93968 8 94474
95 11 34142 8 34549
96 36 122953 7 123486
97 4 20030 8 20860
98 11 24045 6 24210
99 33 102208 7 103182
100 36 59210 7 60144
101 8 33187 8 33893
102 11 113052 6 114030
103 14 38650 7 38963
104 8 27634 6 28170
105 14 9058 7 9781
106 36 11066 7 11952
107 22 43419 6 44316
108 33 55164 8 56097
109 9 105216 5 106144
110 11 77550 8 78256
111 6 58283 5 58936
112 11 57697 8 58283
113 8 24837 6 25553
114 33 119444 6 119787
115 36 118759 7 119603
116 4 109909 6 110836
117 8 5139 7 5811
118 11 12517 6 13433
119 8 96873 8 97609
120 14 110409 7 111061
121 8 37455 6 38291
122 26 69477 7 70336
123 8 1055 8 1719
124 8 35829 6 36561
125 14 75256 7 75671
126 33 84963 8 85291
127 4 43025 7 43852
128 33 45648 6 46272
129 22 109138 7 109346
130 22 34964 7 35914
131 9 100118 7 100932
132 36 12517 7 12734
133 36 117578 7 118375
134 8 33893 7 34037
135 33 30288 7 30850
136 8 118759 7 119553
137 9 69053 6 69705
138 11 84965 6 85586
139 4 57087 7 57994
140 33 64706 6 64862
141 9 130186 7 130645
142 36 70350 8 71144
143 8 80407 6 80887
144 36 81288 6 81505
145 8 11241 8 12046
146 11 14978 8 15298
147 14 23212 6 23502
148 22 63675 7 64505
149 14 58406 7 59202
150 8 23508 7 23857
151 22 109565 5 110398
152 36 14978 7 15888
153 33 132418 6 132951
154 36 74536 7 75357
155 33 41199 7 42170
156 11 109565 8 109909
157 33 113341 7 113863
158 4 65588 8 65960
159 4 18937 6 20030
160 14 10308 8 11210
161 33 137075 6 137802
162 4 137788 6 138539
163 8 48650 8 49550
164 26 97080 7 97480
165 36 102208 7 103008
166 33 81786 6 82558
167 4 59210 7 60080
168 14 87328 6 87821
169 8 15507 8 16275
170 8 96000 6 96711
171 33 61948 8 62605
172 4 136861 7 137494
173 36 126846 8 127708
174 36 93506 8 94059
175 8 119723 8 119895
176 9 64706 6 65476
177 8 111377 6 111546
178 8 83145 8 83468
179 8 70454 6 71258
180 22 85700 7 86675
181 14 66825 7 67603
182 8 56846 6 57661
183 9 79554 6 80285
184 33 15298 5 16066
185 36 77122 7 77337
186 8 87328 5 88257
187 33 9350 8 10175
188 14 114154 7 115083
189 11 132418 5 133236
190 4 40072 8 40545
191 8 92778 7 93697
192 8 124656 6 125387
193 11 47245 6 47748
194 9 80429 6 81233
195 8 1719 7 2502
196 26 12681 7 13329
197 4 42102 7 42820
198 22 115176 7 115786
199 22 63074 7 63675
200 14 12517 8 12864
201 4 115176 7 115500
202 11 122953 8 123925
203 9 131776 6 132350
204 4 131185 7 131369
205 33 70113 8 70350
206 36 9350 7 9550
207 14 75671 8 76012
208 11 133236 6 133401
209 33 49545 6 50525
210 14 134149 8 135099
211 4 99041 7 99812
212 14 41199 6 41918
213 4 26530 5 27122
214 36 18244 8 18968
215 9 95556 5 95801
216 22 100491 7 101452
217 22 133651 6 134251
218 11 9504 8 10308
219 14 22157 8 22881
220 33 26150 7 26313
221 11 87546 8 88458
222 14 84938 7 85423
223 8 2828 8 3032
224 11 91212 7 91839
225 36 132514 7 133411
226 8 29576 7 29839
227 26 63074 7 63913
228 11 55158 6 56122
229 8 71258 8 71595
230 33 20911 7 21471
231 11 1323 6 2011
232 11 125165 5 125965
233 36 48294 7 48718
234 4 11611 7 11902
235 9 51281 6 51659
236 33 93968 7 94391
237 8 74536 7 75421
238 4 133401 6 134163
239 22 30887 7 31533
240 9 46372 6 46833
241 9 19906 6 20586
242 4 122056 6 122230
243 26 110409 7 111209
244 14 91212 7 92101
245 14 102208 7 102936
246 33 127293 7 128150
247 11 101539 6 102208
248 11 56122 6 56265
249 36 23475 8 24019
250 33 46372 7 47126
251 14 78256 8 79254
252 11 10483 6 10841
253 8 34195 6 35037
254 14 48021 7 48515
255 14 581 8 1505
256 6 87546 6 88197
257 33 60026 7 60440
258 22 129587 7 130342
259 4 33722 6 34345
260 8 13433 7 14448
261 8 100426 7 101224
262 9 136861 6 137268
263 36 135916 6 136798
264 6 100491 6 101253
265 36 136861 7 137791
266 11 11778 8 12517
267 33 108069 6 108418
268 6 46133 5 46649
269 11 94761 6 95291
270 11 90212 7 90964
271 33 70350 6 71045
272 9 10280 7 11153
273 8 110409 7 111377
274 11 133690 7 134151
275 33 36472 6 37173
276 8 59600 7 60589
277 14 112569 8 113403
278 11 70317 6 71255
279 4 31014 7 31860
280 11 38650 7 38834
281 22 105216 6 105402
282 6 99041 6 99954
283 33 98079 6 98222
284 8 132580 8 133275
285 11 23212 6 24045
286 8 49550 7 50367
287 22 22157 7 23038
288 11 126846 7 127571
289 33 135916 7 136465
290 4 135562 8 136405
291 11 44834 8 45648
292 33 77401 7 78183
293 4 106533 8 106904
294 11 64706 7 65588
295 36 64706 7 65416
296 33 44834 6 45419
297 36 112569 8 112832
298 8 88257 7 88910
299 22 88257 6 89006
300 11 96568 8 96873
301 6 47617 6 48206
302 11 92778 6 93506
303 14 30288 8 31030
304 8 55810 6 56846
305 8 113341 7 113518
306 4 89852 6 90910
307 36 133651 7 134484
308 8 128761 6 129659
309 36 131500 7 131781
310 9 32063 6 32592
311 33 3755 8 4431
312 11 15298 6 15751
313 36 46372 6 47296
314 11 75923 7 76295
315 26 72184 6 72655
316 14 44881 7 45099
317 33 114974 6 115775
318 4 81848 7 82581
319 9 70851 6 71717
320 14 109396 7 109520
321 22 41199 6 41433
322 11 13433 6 14179
323 4 51622 6 52438
324 26 105216 6 105988
325 22 54360 7 55154
326 36 19182 7 19940
327 11 60026 6 60555
328 26 129587 7 130186
329 8 105154 7 106195
330 8 45205 7 45376
331 11 136070 8 136861
332 11 130447 7 131180
333 36 73657 8 74402
334 33 42708 7 43419
335 4 47245 6 48156
336 4 69053 7 69937
337 11 51146 8 52142
338 36 105920 8 106598
339 14 106533 6 107169
340 26 42708 5 43569
341 26 10756 7 11111
342 11 77122 5 77550
343 36 17495 8 18074
344 33 37455 7 38156
345 14 64706 8 65282
346 9 88257 7 88678
347 11 71255 6 72184
348 33 99498 7 99762
349 14 63074 8 63415
350 4 113518 6 113923
351 4 59030 8 59210
352 11 108764 6 109565
353 33 34549 7 34964
354 22 74536 7 74808
355 11 7130 6 7872
356 26 134758 7 135474
357 8 10819 8 11241
358 11 73657 6 74536
359 8 26878 8 27634
360 8 114339 6 114542
361 8 84770 6 85047
362 36 104291 7 104681
363 8 4096 8 4865
364 8 9380 7 10293
365 4 92498 7 93027
366 11 95291 6 95556
367 11 119444 6 120136
368 33 128358 8 129169
369 36 112832 7 113423
370 11 118759 8 119444
371 11 27517 7 28114
372 4 23212 8 23569
373 14 48650 6 48871
374 33 64862 7 65256
375 4 9709 6 10280
376 6 131185 6 131500
377 11 85586 7 86371
378 33 32063 6 32880
379 26 61491 6 61968
380 9 12517 7 13061
381 33 122056 7 122869
382 14 74536 6 74948
383 11 22646 7 23212
384 4 90964 6 91843
385 8 119553 8 119723
386 33 88370 8 88757
387 36 135435 6 135871
388 33 61491 6 61948
389 4 119444 7 120185
390 33 57087 7 57858
391 8 39607 7 40577
392 4 115779 7 116486
393 11 57087 7 57697
394 9 72184 6 72317
395 22 30288 7 30887
396 33 104700 7 105547
397 14 92498 8 93043
398 11 38834 8 39585
399 9 38650 7 39531
400 36 581 8 1524
401 4 24474 6 25175
402 36 81809 6 82273
403 8 115176 7 115737
404 6 112832 5 113681
405 14 89236 8 90077
406 33 60440 7 61160
407 11 111813 6 112426
408 9 33620 7 34600
409 33 110605 7 111386
410 26 54534 7 55296
411 9 111540 6 111751
412 36 43162 6 44068
413 36 99570 7 100009
414 11 76849 7 77122
415 11 10308 6 10483
416 11 105282 8 105920
417 33 72514 7 73258
418 11 106533 8 106975
419 33 78256 7 78784
420 8 51146 7 51630
421 22 91212 7 91666
422 4 75335 8 75938
423 14 76012 8 76183
424 11 95556 8 96328
425 8 77122 7 78076
426 11 21308 5 21929
427 11 37455 7 37830
428 26 18244 5 18982
429 11 61491 8 62398
430 14 130186 7 130627
431 8 103893 7 104340
432 8 131928 6 132580
433 9 124659 6 125055
434 9 45648 5 46352
435 33 17834 7 18299
436 33 118759 7 119313
437 14 42102 7 42315
438 4 66195 7 66538
439 4 3755 6 4470
440 4 116486 6 116689
441 11 36064 8 36472
442 8 79554 7 80407
443 11 43162 8 44006
444 4 87200 6 88193
445 4 23569 7 24474
446 33 47617 6 48021
447 6 20395 6 21305
448 11 127571 8 128358
449 11 24210 6 25184
450 26 115737 5 116027
451 8 111546 8 112298
452 22 19906 7 20840
453 36 131185 7 131316
454 4 53005 8 53425
455 14 115176 8 116115
456 36 34549 8 35410
457 8 32953 8 33187
458 4 103893 6 104291
459 36 129345 7 129658
460 33 13433 6 14261
461 14 83145 7 84069
462 26 58283 6 58404
463 8 122953 6 123785
464 11 5066 5 5733
465 4 63882 6 64670
466 4 85700 6 85927
467 11 56265 7 57087
468 36 108764 7 109521
469 14 27678 7 28416
470 33 8614 5 9350
471 8 68562 6 69486
472 4 69937 8 70851
473 22 69477 6 70325
474 4 36605 8 37118
475 4 39585 7 40072
476 14 33893 8 34522
477 14 111540 7 112237
478 4 123785 7 124753
479 33 21471 8 22450
480 8 109909 6 110409
481 26 99752 7 100542
482 11 96328 7 96568
483 14 51281 6 51455
484 11 20395 6 20911
485 11 128761 5 129587
486 26 85417 5 85606
487 36 22646 7 23475
488 6 77122 6 77377
489 33 19182 7 19906
490 33 129169 6 129659
491 33 58283 7 59096
492 11 46372 8 47245
493 33 89050 8 89434
494 11 90964 8 91212
495 4 122953 7 123681
496 33 24883 6 25332
497 4 72184 8 72929
498 14 39736 7 40700
499 4 75938 7 76800
500 11 75256 8 75923
501 4 58283 6 58917
502 14 26878 7 27678
503 8 53005 8 53291
504 22 48650 7 49615
505 4 61491 7 62041
506 8 69486 6 70454
507 14 104936 6 105632
508 36 49545 7 50265
509 22 119723 5 120479
510 11 109909 7 110394
511 22 132514 7 133245
512 11 30288 6 30705
513 26 44834 6 45767
514 36 40490 8 40694
515 36 22301 7 22566
516 4 107445 6 107801
517 11 58283 8 59030
518 11 59030 6 59877
519 4 63074 6 63617
520 11 20911 7 21308
521 33 71045 8 71610
522 8 102208 7 103154
523 11 59877 8 60026
524 36 30471 8 31412
525 22 131270 7 132065
526 11 116433 7 117173
527 11 99698 5 99991
528 4 84040 7 84938
529 4 117173 6 118059
530 4 29576 7 30237
531 4 110836 6 111450
532 33 34964 7 35491
533 9 113518 6 113963
534 26 88486 6 89149
535 4 93968 7 94570
536 4 66980 7 67387
537 11 32063 6 32953
538 11 110558 7 111540
539 4 30645 7 30902
540 36 47617 7 48207
541 36 28871 7 29116
542 9 90964 6 91789
543 36 90964 8 91763
544 8 42708 7 43430
545 22 131040 7 131270
546 22 68562 6 69449
547 33 54534 7 55164
548 11 63882 5 64706
549 36 16549 5 17123
550 11 25184 7 26093
551 26 10627 7 10756
552 14 97145 7 97974
553 22 47617 6 47919
554 9 114154 7 114885
555 11 91839 7 92498
556 22 95556 6 95992
557 4 62041 6 62788
558 11 33974 7 34142
559 4 28122 8 29006
560 8 326 6 1055
561 6 15298 5 15930
562 4 53960 6 54330
563 9 27739 7 28498
564 11 133401 6 133690
565 4 102461 6 102936
566 14 23508 5 23672
567 36 116630 8 117091
568 36 3755 7 4465
569 9 43419 6 44287
570 22 99563 7 100421
571 4 32063 8 32569
572 22 33893 5 34557
573 4 1405 8 2157
574 4 34549 7 35102
575 4 51281 7 51622
576 14 17679 8 18115
577 33 110184 7 110605
578 11 107445 6 107961
579 26 52142 7 52688
580 9 35829 7 36403
581 26 130186 7 131041
582 11 54360 7 55158
583 4 88486 8 89151
584 6 31832 6 32086
585 4 125965 7 126616
586 4 99991 7 100821
587 4 74536 8 75335
588 11 47748 6 48352
589 33 109567 7 110184
590 9 39531 7 39855
591 36 105154 8 105637
592 33 14261 6 15015
593 8 75421 7 76242
594 26 75335 7 76164
595 33 18299 8 19077
596 6 135473 6 135941
597 11 106078 8 106533
598 4 16549 6 16778
599 4 0 8 198
600 33 113863 7 114805
601 6 114974 6 115430
602 8 57661 6 58406
603 4 132514 7 133280
604 14 43162 5 43788
605 4 79554 8 80429
606 8 30288 7 31014
607 9 75671 7 76307
608 6 85417 6 86232
609 4 134681 7 135562
610 22 116749 6 117720
611 33 16549 5 17178
612 4 126846 5 127846
613 8 114542 6 114919
614 14 117217 8 117959
615 22 130342 7 130748
616 11 2828 6 3676
617 8 119895 7 120878
618 11 53005 5 53960
619 11 99498 6 99698
620 11 110394 7 110558
621 26 112426 7 112977
622 11 100426 7 100875
623 33 134758 7 135518
624 26 66195 6 66756
625 33 30850 8 31050
626 14 131016 7 131552
627 4 32953 8 33366
628 4 25891 7 26530
629 8 78988 7 79501
630 14 124679 7 125033
631 33 100426 7 101306
632 36 134681 7 135042
633 9 74536 6 75418
634 14 60440 8 61196
635 26 11111 7 12030
636 8 48294 8 48450
637 8 85747 8 85962
638 11 74536 6 75256
639 22 134681 7 135435
640 36 48899 7 49379
641 9 98860 6 99229
642 33 125965 8 126377
643 11 116137 6 116433
644 11 114154 7 114974
645 36 61491 7 62194
646 4 94761 7 95497
647 11 48650 6 49194
648 11 62398 6 63074
649 14 119444 7 120143
650 22 105402 7 106105
651 11 43025 5 43162
652 33 27628 6 28083
653 6 30850 6 31121
654 36 117173 7 117373
655 8 81288 7 82359
656 8 55272 6 55810
657 8 48156 6 48294
658 26 99563 6 99752
659 26 31832 7 32477
660 14 104340 7 104662
661 11 16549 8 17495
662 4 68562 8 69053
663 33 35491 7 36298
664 9 26878 5 27739
665 14 15298 8 15831
666 8 133401 7 133831
667 14 108764 8 109266
668 11 80314 8 80494
669 14 34964 7 35735
670 33 96873 7 97145
671 11 42791 7 43025
672 4 81288 8 81848
673 22 60026 6 60835
674 11 135348 8 135643
675 11 6409 6 7130
676 33 107445 7 108069
677 11 114974 7 115176
678 8 47245 7 48156
679 9 99498 7 100118
680 4 93027 7 93710
681 8 126846 8 127310
682 8 107961 7 108213
683 11 69447 7 70317
684 36 41199 6 42187
685 33 126377 7 127293
686 8 26134 7 26865
687 4 113341 8 113509
688 8 17495 6 18334
689 33 69477 7 70113
690 11 60555 6 61491
691 4 66825 6 66980
692 4 129155 6 129345
693 11 31684 6 31832
694 22 37455 6 37896
695 4 86371 7 86881
696 8 19637 8 20561
697 11 28871 6 29576
698 8 117578 8 118576
699 26 34964 7 35764
700 14 54330 8 54920
701 22 111546 6 112259
702 33 119787 8 120244
703 6 134149 6 134482
704 11 14179 7 14978
705 8 106195 6 107212
706 4 12517 8 12681
707 11 44006 7 44834
708 14 37455 8 38293
709 4 25175 7 25356
710 33 133651 7 133876
711 36 100118 7 100916
712 8 19182 5 19379
713 8 4865 8 5139
714 9 85586 7 85742
715 33 23212 8 24004
716 11 102913 7 103893
717 33 95291 8 96230
718 8 35037 8 35798
719 11 32953 7 33974
720 22 27122 6 27888
721 8 38650 6 39607
722 4 20911 6 21342
723 11 111540 7 111813
724 4 44881 7 45643
725 14 120143 8 120743
726 22 75335 7 75979
727 4 33366 7 33722
728 9 106533 5 107331
729 9 21929 6 22320
730 33 131776 8 132269
731 9 32953 7 33620
732 22 84938 6 85675
733 8 61491 6 62423
734 4 17495 7 18244
735 36 58283 8 59088
736 4 18244 6 18937
737 4 10627 7 11149
738 4 21342 7 22197
739 4 64706 6 65006
740 6 35102 5 35628
741 4 4865 8 5497
742 9 47245 7 48214
743 22 15298 7 15878
744 11 53960 8 54360
745 8 135473 6 135916
746 22 66980 7 67736
747 26 35829 7 36633
748 6 27628 6 28120
749 36 92498 7 93069
750 9 92498 7 93460
751 9 31684 7 31921
752 8 104340 6 104887
753 33 112426 7 113104
754 26 132514 7 133084
755 36 111813 7 112501
756 8 95556 6 96000
757 8 127310 6 127789
758 8 14978 6 15507
759 8 3551 6 4096
760 8 134149 7 134557
761 22 27888 6 28618
762 33 19906 8 20848
763 8 34037 7 34195
764 4 108764 6 109396
765 36 29576 8 30471
766 11 84770 5 84965
767 22 135435 7 135794
768 4 118759 8 119102
769 14 17495 6 17679
770 33 48021 7 48899
771 33 56122 7 56550
772 11 36472 6 37455
773 11 89050 6 89236
774 11 2011 6 2828
775 33 74536 7 74878
776 11 37830 8 38650
777 33 33893 6 34265
778 22 110824 6 111520
779 4 25356 8 25596
780 33 108764 7 109567
781 33 99954 8 100390
782 26 45767 5 46681
783 11 40490 8 41199
784 8 41924 5 42708
785 11 107961 5 108764
786 33 39585 8 39831
787 11 21929 6 22646
788 36 44834 5 45722
789 14 116137 7 116379
790 4 115500 6 115779
791 11 29576 6 30288
792 8 116749 8 117578
793 11 31832 7 32063
794 36 67738 6 68111
795 6 99954 6 100491
796 6 115737 6 115857
797 36 119895 8 120416
798 11 17495 7 18217
799 9 56265 6 56709
800 11 67147 6 67738
801 11 18744 6 19637
802 9 115737 6 116228
803 14 126377 7 126681
804 36 35829 7 36822
805 11 98860 7 99041
806 11 26093 8 26878
807 33 254 6 811
808 33 26313 6 26793
809 9 97080 7 97328
810 33 25332 7 26150
811 26 22197 7 22348
812 8 31832 7 32591
813 4 77122 8 77899
814 33 130186 6 131016
815 11 114030 8 114154
816 33 32953 7 33723
817 9 15298 5 16290
818 36 27621 8 27982
819 4 88193 7 88486
820 36 84770 8 85002
821 4 2828 7 3698
822 9 122953 5 123731
823 11 82273 6 83145
824 11 124659 7 125165
825 6 38650 6 39393
826 4 98079 6 98978
827 14 21308 6 22157
828 14 116504 7 117217
829 36 25175 8 25469
830 33 59096 7 59538
831 11 72184 7 72944
832 26 4222 5 5100
833 8 22037 7 22797
834 26 1405 7 2175
835 4 41199 7 42102
836 4 128358 8 129155
837 14 99563 7 100506
838 8 36561 7 37294
839 33 1323 8 2052
840 11 98079 8 98860
841 4 38650 7 39077
842 4 48955 6 49765
843 8 41199 7 41909
844 33 87328 8 87463
845 33 12517 7 12685
846 8 25553 8 26134
847 11 106975 5 107445
848 4 37118 8 37901
849 11 92498 6 92778
850 26 66756 7 67128
851 33 28114 7 28586
852 14 132418 6 132902
853 33 131016 7 131369
854 6 59600 6 60505
855 26 116689 7 117494
856 9 95291 7 95525
857 8 109138 7 109812
858 36 63074 7 63920
859 11 67738 6 68562
860 8 10293 6 10819
861 11 93506 8 93968
862 11 136861 7 137788
863 11 131776 5 132418
864 11 79554 5 80314
865 14 59210 7 60088
866 26 25332 6 26275
867 6 9350 6 10132
868 26 60026 7 60306
869 11 134569 6 135348
870 4 95556 7 96314
871 14 24837 7 25760
872 33 124679 7 125563
873 9 107445 7 108096
874 33 10293 8 11122
875 9 134681 7 135596
876 8 66538 8 67213
877 9 54360 5 54655
878 11 83145 6 84040
879 33 24045 8 24883
880 4 66538 7 66825
881 8 108764 7 109138
882 22 87328 7 88060
883 33 123810 7 124679
884 8 63074 7 63217
885 4 581 7 1405
886 11 128358 7 128761
887 33 75923 7 76654
888 9 25175 7 26005
889 36 109909 6 110824
890 8 43430 7 44102
891 9 57661 7 58423
892 14 81809 6 82253
893 14 72184 8 72930
894 9 45205 7 45522
895 33 111540 6 112347
896 26 34195 7 34850
897 8 85047 8 85417
898 11 87328 6 87546
899 4 14978 7 15784
900 26 64706 7 65521
901 33 135518 7 135900
902 4 83145 7 83720
903 11 519 7 1323
904 22 114542 6 115054
905 36 21342 7 22301
906 26 30862 7 31443
907 9 109567 5 110412
908 4 8614 5 9058
909 33 63675 8 64592
910 8 64706 6 65349
911 4 12681 7 13226
912 6 131500 6 132311
913 4 80429 7 80861
914 8 21308 7 22037
915 36 110824 8 111632
916 4 198 7 581
917 8 112298 7 112569
918 8 123785 8 124656
919 33 66195 8 66711
920 11 76295 8 76849
921 6 116504 6 117225
922 11 15751 7 16549
923 33 72184 7 72514
924 8 130186 5 131040
925 11 5733 8 6409
926 9 59030 7 59792
927 14 126846 6 127221
928 14 103893 7 104334
929 11 120136 7 121065
930 33 17495 7 17834
931 22 76242 7 76412
932 8 98860 6 99563
933 8 0 6 326
934 4 54330 8 55276
935 4 25596 7 25891
936 33 40364 7 40871
937 8 45376 8 46365
938 33 78988 6 79611
939 36 10280 7 11066
940 14 48899 7 49730
941 33 103893 6 104700
942 33 98860 7 99133
943 11 78988 6 79554
944 11 19637 6 20395
945 36 60440 6 61277
946 26 15507 6 16292
947 6 54534 6 54797
948 33 116504 7 117213
949 9 132514 6 133234
950 6 22646 6 23478
951 11 28114 6 28871
952 9 131040 5 131325
953 33 81288 7 81786
954 33 22450 5 22876
955 36 96873 8 97523
956 8 72184 8 72851
957 14 61491 6 62440
958 26 38834 6 39736
959 8 8780 6 9380
960 11 26878 6 27517
961 8 134557 8 135473
962 4 114030 6 114349
963 11 87200 8 87328
964 9 48955 6 49807
965 33 68562 5 69477
966 11 52142 6 53005
967 8 89050 7 89480
968 36 31684 6 32526
969 11 49545 7 50443
970 33 811 8 1096
971 33 4431 7 5429
972 9 63074 7 64007
973 8 23857 8 24837
974 36 54330 6 55040
975 8 104887 7 105154
976 8 23212 8 23508
977 36 26878 7 27621
978 4 129345 6 129689
979 36 88543 7 88723
980 4 111540 7 112057
981 8 18334 6 19182
982 22 59600 6 59925
983 22 42102 7 42929
984 33 53005 7 53948
985 14 107961 7 108405
986 4 44287 6 44881
987 33 136861 8 137075
988 26 131185 7 131928
989 11 137788 8 138394
990 33 105547 7 106317
991 11 7872 7 8614
992 36 8614 5 8847
993 11 88458 7 89050
994 36 37455 6 37924
995 4 114349 6 114864
996 4 30288 8 30433
997 11 89236 7 90212
998 4 131500 7 131988
999 6 45376 5 46133
1000 8 125965 6 126573
1001 4 71036 7 72023
1002 11 66608 6 66900
1003 11 115176 7 116137
1004 14 32953 7 33765
1005 26 23508 7 24313
1006 6 130342 6 131143
1007 8 92498 7 92697
1008 9 112426 5 112842
1009 11 48352 7 48650
1010 8 31014 7 31680
1011 33 97145 6 97437
1012 36 38650 6 39440
1013 11 117173 6 117936
1014 36 76295 7 77070
1015 8 53960 5 54534
1016 22 25175 7 25635
1017 14 129345 6 129717
1018 11 122056 6 122953
1019 33 51146 7 51986
1020 36 20395 7 20529
1021 26 39736 7 40504
1022 22 76849 7 77437
1023 4 78256 7 79096
1024 4 11241 8 11611
1025 4 134163 7 134681
1026 33 2828 6 3755
1027 11 66195 7 66608
1028 9 811 7 1303
1029 26 133690 7 134252
1030 33 76654 8 77401
1031 36 75357 7 76113
1032 11 84040 6 84770
1033 8 8614 7 8780
1034 11 131180 5 131776
1035 33 0 8 254
1036 33 11122 7 12102
1037 11 105920 7 106078
1038 4 56122 7 56925
1039 33 56550 7 56987
1040 14 57661 8 58382
1041 9 23212 6 23819
1042 11 134151 7 134569
1043 4 48156 8 48955
1044 33 132951 7 133651
1045 33 26878 8 27628
1046 36 85047 7 85890
1047 11 11514 6 11778
1048 11 104152 6 104936
1049 4 22197 8 22655
1050 4 84938 7 85700
1051 4 50443 8 51281
1052 4 70851 8 71036
1053 4 104291 7 105216
1054 26 30288 6 30862
1055 4 102208 8 102461
1056 36 130186 6 131161
1057 9 30288 5 31199
1058 36 115737 7 116630
1059 9 60026 6 60731
1060 11 96873 8 97080
1061 4 116689 7 116940
1062 14 76654 8 77388
1063 4 45648 6 46118
1064 11 41199 6 41924
1065 8 136861 7 137739
1066 4 131988 6 132514
1067 4 109396 6 109727
1068 26 43569 7 44371
1069 33 83145 6 84024
1070 9 19182 7 19590
1071 11 72944 6 73657
1072 22 23212 7 23862
1073 14 57087 8 57371
1074 33 84040 6 84963
1075 14 135348 8 136167
1076 6 59210 6 59516
1077 14 35829 6 36637
1078 8 133831 5 134149
1079 4 125165 7 125458
1080 33 87463 5 88370
1081 11 99991 7 100426
1082 14 67738 8 68536
1083 8 135916 7 136348
1084 8 78256 7 78822
1085 33 80314 8 80973
1086 11 103893 8 104152
1087 11 8614 7 9504
1088 14 80494 7 80736
1089 33 117213 7 117949
1090 11 80494 6 81288
1091 36 87546 6 88543
1092 9 87546 6 87949
1093 4 96873 7 97864
1094 33 79611 7 79968
1095 11 81809 8 82273
1096 8 112569 8 112727
1097 4 60080 6 60960
1098 4 35102 8 35707
1099 4 9058 6 9709
1100 33 39831 7 40364
1101 26 90964 7 91636
1102 11 78256 7 78988
1103 11 45648 7 46372
1104 33 85291 7 86013
1105 11 135643 8 136070
1106 4 130186 7 131185
1107 22 33187 7 33893
1108 11 121065 7 122056
1109 8 113518 7 114339
1110 33 43419 8 43668
1111 9 81288 6 82109
1112 26 27628 7 28059
1113 8 99563 8 100138
1114 33 115775 7 116504
1115 9 133401 7 133965
1116 11 168 7 519
1117 14 88193 8 88742
1118 33 38650 7 39391
1119 4 67738 7 68122
1120 36 107961 6 108469
1121 11 104936 7 105282
1122 4 89151 7 89852
1123 22 115786 7 116726
1124 33 48899 8 49403
1125 36 80429 7 80645
1126 8 122056 6 122819
1127 8 58406 7 58768
1128 33 90964 7 91758
1129 4 13433 8 14266
1130 11 117936 8 118759
1131 11 86371 6 87200
1132 9 84770 7 85534
1133 9 9350 7 10276
1134 4 72944 7 73584
1135 11 68689 8 69447
1136 4 76800 7 77030
1137 22 8780 7 9405
1138 9 34964 5 35734
1139 36 25469 7 25948
1140 36 119603 8 119731
1141 9 133965 7 134460
1142 11 129587 6 130447
 调度评估结果
1. 任务等待评估 (Σ 等待×权重): 775727666
2. 任务完成评估 (最大完成时间): 138539
3. GPU显存空闲评估 (平均空闲): 5730.07 GB/时间片
 额外统计
已调度任务               : 1142/1142
平均等待时间            : 65527.25
各服务器任务分布      : 服务器4=169, 服务器6=34, 服务器8=155, 服务器9=83, 服务器11=224, 服务器14=95, 服务器22=62, 服务器26=57, 服务器33=161, 服务器36=102
