1 51 58667 1 59494
2 4 48923 1 49701
3 78 24543 1 24763
4 38 50351 1 50595
5 54 28703 1 29443
6 38 60734 1 61111
7 54 5378 1 6295
8 46 39565 1 40436
9 76 58667 4 59223
10 44 33735 3 34580
11 26 27632 1 27917
12 71 35711 1 35821
13 55 26956 1 27704
14 42 66065 2 66290
15 13 66911 3 67601
16 38 9892 1 10140
17 38 7232 1 8716
18 74 17611 2 18451
19 38 5343 1 5970
20 29 21549 1 22353
21 71 50920 3 51704
22 14 28161 1 28268
23 73 45578 1 46152
24 72 66627 3 67349
25 16 63629 1 64598
26 50 21721 1 22383
27 38 35711 2 36675
28 48 14608 2 14810
29 56 33735 1 33900
30 22 66627 4 66948
31 32 21549 1 21739
32 76 21719 2 22090
33 30 58072 1 58632
34 85 18548 1 18965
35 18 7232 1 8177
36 30 8123 1 8777
37 33 11932 1 12843
38 54 735 1 1639
39 29 60463 3 61308
40 38 30531 2 30992
41 7 23387 1 23746
42 47 24693 1 25126
43 48 19482 1 20456
44 38 36764 1 37050
45 13 5077 3 5950
46 10 35038 1 35811
47 70 50351 2 51249
48 28 40782 1 41535
49 82 36142 1 36909
50 15 24543 4 25538
51 40 48120 1 48838
52 55 62477 3 63093
53 50 48343 3 48925
54 20 33154 4 33744
55 35 2642 1 3328
56 18 67568 1 68418
57 75 37382 5 37871
58 69 30531 1 31448
59 13 9892 1 10874
60 70 21719 2 21939
61 30 51440 1 51974
62 85 50351 1 50578
63 83 66627 1 66951
64 23 32568 2 32824
65 59 52944 1 54680
66 82 64226 2 64601
67 12 56423 1 56664
68 27 15532 1 16082
69 26 44511 1 44981
70 85 18983 2 19134
71 38 58667 2 59245
72 45 7232 1 7546
73 3 35038 2 35376
74 28 28662 1 28917
75 17 31227 1 31321
76 4 18257 1 19037
77 18 42439 1 43770
78 33 935 1 1356
79 50 58667 1 58802
80 14 50351 1 50752
81 26 25299 1 26256
82 69 35038 1 35584
83 3 31227 4 31637
84 17 5077 1 5758
85 18 60734 1 60843
86 13 56575 1 57488
87 86 48120 1 48549
88 30 37988 1 38523
89 91 57594 1 58025
90 56 60435 1 61045
91 9 8947 2 9599
92 78 26989 1 27539
93 49 46884 1 46970
94 79 5167 4 5339
95 7 10700 1 11129
96 32 65734 2 66453
97 68 22061 1 22719
98 46 5229 2 5805
99 42 26710 1 27832
100 80 15532 1 16346
101 50 36507 1 36628
102 54 18420 1 19076
103 68 32568 1 32712
104 48 23991 1 24854
105 12 43964 2 44577
106 57 27632 1 28584
107 13 41623 3 41975
108 30 2642 1 3181
109 85 3729 2 4442
110 35 40255 1 41182
111 45 56873 1 57417
112 47 28827 1 29792
113 45 96 1 655
114 57 47470 1 47670
115 63 65278 1 66891
116 21 20526 1 20617
117 20 7232 4 7988
118 39 26710 5 27321
119 59 35711 1 36553
120 38 16544 2 17350
121 71 26956 3 27266
122 18 32568 1 32734
123 85 65433 1 65680
124 27 63133 1 64001
125 74 9892 1 10014
126 1 20880 1 21719
127 80 38152 1 38675
128 80 57594 1 58398
129 60 19482 1 20448
130 90 35038 1 35903
131 32 8182 2 9047
132 7 12228 1 12329
133 5 56423 2 57284
134 30 10700 1 11021
135 29 2642 4 2921
136 7 42920 1 43113
137 7 27632 1 28503
138 30 51440 1 52119
139 40 20214 1 20326
140 85 5077 1 5704
141 67 20880 1 21549
142 39 34184 5 34817
143 64 64226 3 64354
144 85 23991 2 24213
145 38 66065 1 66439
146 61 24693 2 24893
147 35 26282 1 27129
148 13 1157 1 1539
149 3 37988 2 38761
150 76 23991 2 24208
151 43 64226 2 64574
152 47 34104 2 34286
153 71 3115 1 4290
154 86 7232 2 7516
155 80 20880 2 20991
156 47 2642 2 3130
157 1 63133 1 63483
158 70 41128 1 41813
159 32 44609 1 45291
160 50 51953 2 52083
161 85 63625 5 63759
162 45 45426 1 46007
163 30 1647 1 1746
164 81 11295 1 11998
165 27 52255 2 52464
166 70 44511 1 44687
167 42 63133 1 63627
168 25 1157 2 1246
169 24 1128 1 1916
170 54 5167 4 5378
171 52 132 2 786
172 86 39851 1 40427
173 26 50235 1 51128
174 47 8182 4 8330
175 71 32568 1 33359
176 82 60463 1 61298
177 86 4758 4 5577
178 12 3729 2 4572
179 54 58697 1 59472
180 81 50351 1 51028
181 91 20880 1 21812
182 48 64226 1 64992
183 26 17611 2 18148
184 50 28827 2 29297
185 47 28161 3 28807
186 10 38152 1 39038
187 2 10045 2 10641
188 57 12289 1 12599
189 13 24543 1 24824
190 67 105 3 403
191 32 23387 1 23670
192 28 17611 2 18094
193 68 40131 2 40603
194 51 37340 1 38287
195 7 18881 1 19158
196 80 36020 4 36477
197 42 7232 1 7343
198 10 26956 1 27647
199 85 19639 1 20164
200 69 43370 1 44162
201 38 28161 1 28959
202 38 59779 3 60435
203 64 8947 1 9589
204 53 66065 3 66860
205 44 63133 2 63719
206 43 54709 4 55392
207 13 27632 2 28256
208 87 30992 3 31713
209 6 51953 3 52451
210 61 3729 1 4628
211 86 21330 1 21964
212 32 57594 2 57778
213 30 34851 3 35281
214 5 50184 2 50498
215 79 23387 3 23653
216 46 19684 1 20026
217 14 40131 1 40830
218 21 9892 1 10513
219 53 7232 1 7739
220 25 35038 1 35713
221 2 28161 2 28341
222 35 64226 1 64307
223 47 11295 1 12014
224 35 65278 1 66243
225 47 21424 4 21792
226 59 15532 1 15877
227 69 40830 2 41517
228 49 17024 1 17697
229 10 66065 1 66485
230 17 54709 1 55709
231 37 56895 2 57863
232 8 34543 1 35448
233 74 67568 1 67858
234 74 63133 1 63922
235 30 42439 1 42932
236 48 37429 1 37941
237 32 12154 1 12755
238 48 12154 1 12817
239 26 45426 1 46192
240 69 54081 3 55001
241 45 36112 2 36815
242 49 2143 1 2594
243 86 24317 3 24441
244 48 26710 1 26979
245 42 21865 2 22075
246 34 10700 1 11595
247 71 38459 3 38929
248 24 3729 2 3825
249 26 64226 1 65075
250 3 42439 2 42947
251 54 18257 1 18420
252 6 36020 1 36983
253 54 61397 2 62364
254 64 20880 2 21483
255 28 64226 1 64854
256 70 7232 2 8183
257 74 8592 1 9343
258 61 43370 1 43506
259 59 43832 1 44238
260 70 36112 3 36921
261 64 63133 4 63795
262 4 43370 1 43676
263 59 40131 1 41031
264 18 43964 1 44700
265 26 735 2 1323
266 5 34104 2 34571
267 46 15532 2 16512
268 32 28161 2 28985
269 21 66627 1 67490
270 29 30992 2 31677
271 63 51953 1 53447
272 1 50235 1 50336
273 78 21330 1 21424
274 46 7343 1 8064
275 23 1912 1 3150
276 67 2642 1 3638
277 1 67568 1 67707
278 29 17018 1 17855
279 47 60734 3 61036
280 90 44511 4 44972
281 72 11932 1 12033
282 86 57704 1 58385
283 82 7232 1 7531
284 18 59335 1 59625
285 69 56423 1 57253
286 27 28161 1 29117
287 69 33154 1 33525
288 64 56873 3 57813
289 70 51953 1 52384
290 59 28827 3 29568
291 18 19482 1 20378
292 6 35038 1 35608
293 46 13556 1 14271
294 54 61397 2 61756
295 32 33735 1 34475
296 61 10700 1 11591
297 85 29567 1 30191
298 71 3 2 462
299 61 63133 3 64028
300 7 66065 1 66814
301 76 67007 1 67805
302 83 8182 1 8664
303 16 37340 1 37480
304 42 45578 4 46393
305 64 39565 3 40045
306 7 16424 1 16785
307 28 26282 2 27213
308 51 35711 1 36166
309 59 2143 3 2368
310 10 15535 1 16401
311 30 2642 1 3395
312 48 2143 1 2473
313 4 50955 1 51300
314 28 61362 2 61712
315 71 49256 1 50441
316 1 52944 1 53069
317 85 46884 1 47470
318 47 17611 1 17764
319 85 55231 1 56118
320 10 20214 2 20832
321 5 30531 1 31290
322 46 28593 1 29200
323 23 34104 1 35059
324 33 15943 1 16094
325 38 1320 2 2305
326 85 17484 1 17698
327 38 36112 2 36205
328 74 54081 3 54701
329 18 23387 1 24317
330 35 20880 1 21185
331 42 8182 1 8968
332 18 11295 1 12228
333 64 8123 3 9022
334 80 26282 2 26436
335 42 19482 1 20409
336 38 37988 3 38459
337 54 15843 1 16725
338 67 48923 1 49639
339 7 28827 1 29481
340 30 31227 1 32280
341 26 28703 1 29227
342 30 17640 3 17991
343 85 38152 1 39349
344 91 45211 1 45847
345 76 51953 1 52461
346 31 15519 1 16340
347 45 19684 1 20566
348 28 9892 2 10114
349 81 8947 1 9101
350 74 19639 2 19722
351 78 19639 1 20008
352 35 5229 1 5681
353 38 13556 1 13693
354 70 5167 1 5271
355 37 49256 1 49819
356 30 25299 1 25506
357 14 58208 1 58667
358 5 54081 1 54998
359 16 19076 1 19789
360 54 66065 2 66911
361 45 64516 1 65368
362 13 44511 1 45294
363 15 30992 4 31330
364 74 24317 2 24497
365 85 4440 1 4938
366 29 8123 4 8794
367 53 32568 1 33518
368 32 1157 2 1529
369 38 30992 1 31423
370 27 40255 1 40867
371 38 57594 1 58253
372 85 9892 1 10659
373 26 12289 1 13037
374 42 43174 2 43558
375 53 21549 3 21871
376 67 54081 1 54575
377 71 45211 1 46884
378 25 24543 1 25386
379 76 28593 2 28966
380 18 41128 1 41558
381 17 50351 1 50955
382 71 63133 3 63790
383 30 62477 1 62560
384 85 33057 1 33162
385 35 37340 1 38256
386 32 14608 2 14897
387 70 15532 3 15721
388 73 9892 2 10372
389 25 57594 2 58496
390 90 46884 4 47255
391 48 37988 2 38565
392 45 60175 1 60466
393 32 16458 1 17400
394 5 39851 2 40767
395 35 28161 1 28524
396 67 20164 1 20305
397 2 15535 2 15640
398 5 26710 1 27002
399 30 62162 1 63049
400 60 17611 1 18046
401 27 581 2 1067
402 15 5167 3 5457
403 56 7232 1 7440
404 10 64226 1 64967
405 85 20880 1 21330
406 5 59779 1 60375
407 26 16804 2 17611
408 29 48120 3 48776
409 69 28827 3 29624
410 54 37988 3 38945
411 72 10700 1 11157
412 74 63629 1 63913
413 18 26282 1 27361
414 43 42439 2 42866
415 17 25299 1 26099
416 4 8136 1 8308
417 45 14608 2 15223
418 54 9892 1 10190
419 26 60734 2 61225
420 35 67568 1 67995
421 27 16458 2 17427
422 50 1620 4 2560
423 85 39565 5 40282
424 54 43062 1 43465
425 79 49 4 572
426 71 19639 1 19802
427 43 46211 1 46642
428 3 56895 2 57754
429 73 18257 3 18542
430 25 40131 2 41033
431 8 43370 1 43851
432 26 63133 2 63258
433 38 41128 1 41569
434 27 21721 1 22541
435 48 44804 2 44966
436 80 45211 3 45725
437 42 57704 1 58400
438 23 36112 1 36741
439 71 7785 2 8313
440 32 35711 2 35925
441 17 28593 1 29049
442 67 62162 1 63075
443 1 7232 1 8141
444 38 18881 1 19431
445 45 11295 2 12077
446 90 62162 1 62422
447 17 13966 1 14437
448 24 11295 1 12003
449 48 56423 1 56902
450 85 22061 3 22913
451 54 43964 1 44368
452 27 35038 1 35677
453 83 37382 1 38360
454 38 20880 1 21416
455 28 50351 2 50626
456 30 34104 1 34184
457 4 11295 1 11463
458 28 45578 1 46896
459 34 42439 1 43169
460 30 17024 1 17631
461 70 44687 1 45605
462 77 21549 1 22097
463 29 3729 1 3940
464 54 50235 1 52397
465 71 462 1 847
466 47 16424 4 17329
467 1 50351 1 51251
468 49 36020 1 36983
469 38 26956 1 27149
470 38 66439 1 66989
471 39 57824 3 58153
472 83 65278 1 65523
473 63 60459 2 60780
474 70 42920 3 43217
475 25 43174 2 44030
476 78 13556 1 14504
477 23 50048 1 50705
478 59 62162 2 62785
479 60 25299 1 26295
480 7 15943 1 16215
481 83 38929 1 39517
482 14 735 1 935
483 26 49626 1 49909
484 13 52944 4 53861
485 7 37429 2 37735
486 8 45578 1 46241
487 77 48120 1 48272
488 38 40782 1 41819
489 13 37382 1 38095
490 85 62177 1 63133
491 86 1620 1 1890
492 28 44804 2 45359
493 63 40255 3 40484
494 1 21719 1 22174
495 42 56423 1 56543
496 85 35038 2 35508
497 71 59779 1 60134
498 70 21330 1 22325
499 29 36020 1 36745
500 26 58667 2 59108
501 38 45578 2 45684
502 26 36112 1 36535
503 43 37988 1 38427
504 1 37382 1 38013
505 7 54081 1 54543
506 25 19639 2 20262
507 77 23991 1 24396
508 73 50235 3 50800
509 56 42439 1 42617
510 68 66065 2 66582
511 30 56423 1 56873
512 54 62477 2 63249
513 26 43964 1 44647
514 10 67568 1 68409
515 2 64226 1 64746
516 27 18548 1 19260
517 13 9892 1 10484
518 87 17111 2 17728
519 42 36142 1 36808
520 69 40131 2 40542
521 24 32568 3 33365
522 33 18548 3 19449
523 27 58667 1 59409
524 45 5229 2 5651
525 63 24317 1 25510
526 10 12154 1 12323
527 63 56 1 1158
528 7 49256 2 49673
529 28 59779 1 60805
530 72 33735 1 33828
531 66 42439 1 43151
532 76 36142 2 36396
533 71 10700 1 10987
534 69 37988 1 38922
535 47 95 2 470
536 51 56873 1 57324
537 57 15532 2 16253
538 1 11932 1 12913
539 82 50184 1 51526
540 38 5167 1 5746
541 70 28827 4 29466
542 67 63133 1 64073
543 35 56423 1 56652
544 90 25299 3 25770
545 23 24322 1 25042
546 91 8692 3 9149
547 22 48923 3 49778
548 79 45426 3 45983
549 50 23387 1 24335
550 29 33735 1 34023
551 70 48343 2 48452
552 74 28827 1 29664
553 63 43832 1 43968
554 53 35038 4 35626
555 42 13556 4 13917
556 49 9 1 902
557 25 21549 1 22012
558 88 33154 2 33508
559 51 16839 1 17385
560 60 18257 1 18910
561 6 3729 1 4355
562 1 13556 1 14472
563 50 50351 3 51331
564 76 8182 1 8987
565 65 64516 1 64667
566 70 61397 2 61758
567 54 51953 1 54044
568 71 20880 1 21663
569 73 13556 1 13944
570 74 10045 2 10804
571 10 24322 4 25052
572 64 2143 4 2583
573 87 5229 1 5622
574 40 15943 2 16691
575 46 28161 3 28575
576 61 25299 1 26096
577 74 57594 3 57889
578 13 20214 3 20883
579 72 28827 1 29109
580 49 54081 1 54194
581 13 11548 4 12405
582 63 57594 2 58019
583 57 56423 1 57416
584 71 54709 1 55365
585 49 20164 1 20792
586 28 19639 4 19720
587 90 30531 3 31197
588 77 56423 1 56532
589 70 26710 1 26908
590 13 2642 1 3617
591 18 735 1 971
592 30 44511 2 44842
593 18 13556 1 14140
594 50 24597 3 24910
595 13 60459 1 61054
596 5 0 1 859
597 54 56423 1 56742
598 54 46211 1 46569
599 72 41623 1 41713
600 27 45992 1 46610
601 53 34104 2 34941
602 70 60175 1 60967
603 10 46884 1 47063
604 33 27632 2 28262
605 35 51953 1 52621
606 57 7232 1 7812
607 91 60799 1 61174
608 28 36764 1 37688
609 38 33735 1 33952
610 21 60799 1 61385
611 67 3739 1 3847
612 85 60463 1 60878
613 32 51953 2 52865
614 38 26710 1 27366
615 86 8123 1 8777
616 54 9892 1 10994
617 45 60783 1 61316
618 67 40782 1 41401
619 85 56895 1 57775
620 39 30992 5 31490
621 29 15943 2 16824
622 4 8592 1 9048
623 78 50396 1 50813
624 42 65680 1 66388
625 25 31227 2 31581
626 26 51953 2 52770
627 32 21865 1 22327
628 84 44511 1 45379
629 38 25299 1 26279
630 10 33154 1 33496
631 68 39851 3 39978
632 28 43964 1 44793
633 42 57594 1 58325
634 61 2642 1 2920
635 86 63133 2 63400
636 54 21865 1 22264
637 6 44609 3 45396
638 5 33154 1 33604
639 18 35711 1 36673
640 57 54081 1 54432
641 69 58667 2 59588
642 61 70 2 495
643 73 37988 1 38574
644 19 35038 4 35890
645 61 18257 1 19234
646 25 37340 1 37858
647 1 25299 1 25825
648 10 750 3 1016
649 38 47470 1 48007
650 74 51953 1 52926
651 18 28827 1 29306
652 67 16458 1 17051
653 50 10700 1 10853
654 30 44842 1 45769
655 30 35281 1 36020
656 48 34543 1 35111
657 4 46884 1 47482
658 85 64516 3 65293
659 68 45426 1 45722
660 54 11295 1 11399
661 85 65680 1 66491
662 30 17024 1 17796
663 48 43832 1 44804
664 80 2642 2 3077
665 85 23991 1 24686
666 78 33735 1 34345
667 28 56742 2 57486
668 45 17484 2 17575
669 79 64226 2 64910
670 67 64419 1 65416
671 49 27632 1 28463
672 10 4440 2 5116
673 71 36020 1 36117
674 29 65734 1 65971
675 30 9892 1 10595
676 38 13966 2 14608
677 55 29567 2 30501
678 23 13556 1 14395
679 85 8692 2 9487
680 29 66065 1 66986
681 68 46884 5 47477
682 85 65278 2 65572
683 17 29567 1 29766
684 85 63133 2 63625
685 7 56895 2 57420
686 51 28827 1 29357
687 72 30992 1 31831
688 29 56423 3 57305
689 38 55195 2 56423
690 70 44687 1 45641
691 74 12154 3 12889
692 38 12289 2 13556
693 55 41623 3 42623
694 51 26989 1 27111
695 29 64226 4 64861
696 17 62162 1 62827
697 30 1767 3 2633
698 24 60783 1 61200
699 51 8182 1 8795
700 86 43370 1 44098
701 38 30992 1 31290
702 73 65680 2 66119
703 13 58667 2 59024
704 45 89 1 219
705 14 20880 1 21458
706 28 13556 1 13775
707 85 8136 1 8288
708 64 9892 3 10100
709 35 25299 1 25836
710 83 22061 1 23032
711 49 8020 1 8753
712 86 10045 3 10482
713 25 50048 1 50370
714 48 8182 1 8590
715 33 26282 1 26569
716 61 54709 1 54988
717 18 56873 1 57504
718 69 27213 2 27478
719 23 1128 1 1495
720 14 1620 1 2097
721 10 56423 1 56974
722 48 41623 2 41930
723 20 51126 2 51840
724 74 3739 3 4544
725 67 43832 1 44511
726 17 1767 1 3214
727 57 8020 2 8467
728 40 41623 2 42374
729 85 20164 1 20603
730 46 24543 1 25372
731 12 64226 1 64603
732 60 40131 1 40739
733 69 63133 1 64050
734 44 48923 2 49474
735 1 28593 1 29281
736 38 45992 1 46912
737 85 63 2 879
738 74 7232 1 7344
739 52 50048 1 51025
740 20 11295 4 11749
741 22 37429 3 37620
742 5 66065 2 66209
743 70 27632 1 28171
744 5 38967 1 39832
745 85 20214 1 21140
746 1 2642 1 3336
747 23 3729 1 4677
748 10 50920 3 51664
749 5 29567 1 29730
750 70 17111 3 18026
751 5 2642 1 3288
752 14 36764 1 37382
753 85 60799 1 61177
754 1 49410 1 49598
755 68 48923 1 49730
756 63 28161 1 28425
757 82 57594 3 58392
758 7 50955 1 51064
759 20 57704 2 58520
760 68 54081 1 54264
761 78 27632 1 28161
762 69 36507 2 37183
763 86 8947 1 9908
764 29 34184 2 35122
765 13 64226 1 64511
766 26 34104 1 34990
767 21 66065 1 66972
768 44 42439 4 43431
769 54 66911 4 67568
770 87 63133 2 63552
771 71 47470 1 47821
772 85 18548 3 18983
773 72 32568 4 33505
774 85 62477 2 62941
775 63 59779 1 60212
776 14 61397 1 62023
777 38 581 1 1124
778 42 34104 3 34394
779 82 44511 5 45085
780 67 67568 3 68153
781 15 40131 4 40370
782 87 66627 1 66891
783 24 20880 1 21845
784 57 67007 1 67274
785 47 45211 1 45347
786 54 30992 4 31310
787 69 11295 3 11861
788 48 38929 2 39391
789 73 55201 1 55761
790 63 9892 2 10819
791 31 9892 1 10305
792 45 21865 1 22528
793 90 7232 3 7428
794 90 66627 4 67313
795 71 25299 1 26126
796 50 56895 1 57878
797 35 56782 1 57264
798 63 38459 1 38588
799 30 4520 3 5361
800 70 7232 2 7399
801 38 48120 1 48923
802 42 48923 3 49754
803 83 50351 1 50875
804 40 56423 2 57076
805 35 39851 1 40185
806 59 21719 3 22192
807 85 24213 3 24865
808 87 36764 1 37714
809 45 7232 1 7418
810 33 51953 3 52630
811 24 56423 3 57233
812 30 36837 1 38466
813 72 39302 1 39825
814 3 36897 3 37323
815 1 41623 1 41970
816 28 42439 1 42622
817 78 58072 1 58406
818 17 21865 1 22540
819 86 26710 1 27623
820 38 11932 1 12289
821 76 56423 4 56575
822 88 22061 4 22455
823 62 19482 3 20123
824 30 20880 1 21533
825 64 44687 2 45484
826 38 50304 1 50920
827 38 38459 3 39383
828 86 48 1 847
829 52 8123 2 9087
830 35 30992 1 31644
831 30 43062 1 43551
832 13 23387 2 24367
833 69 32568 2 32706
834 22 12228 3 12340
835 54 28593 1 28676
836 2 37340 3 37832
837 26 19936 1 20495
838 19 49665 2 49840
839 80 34184 3 34975
840 34 44511 1 44638
841 5 36020 1 37011
842 42 3040 2 4075
843 2 7232 3 7925
844 45 19684 1 20125
845 53 24543 4 25389
846 54 63629 3 64531
847 38 57824 1 58031
848 54 4677 1 5010
849 29 42920 1 43171
850 54 750 1 1647
851 39 41128 4 41305
852 45 51953 2 52189
853 69 18881 4 19468
854 74 19639 1 20143
855 87 57594 1 58316
856 38 14608 1 15896
857 85 21549 2 21681
858 25 60799 1 61284
859 61 28161 2 28920
860 21 38523 1 38963
861 54 43062 2 43840
862 13 56423 1 56544
863 86 48923 1 49788
864 28 23387 1 23697
865 46 48120 2 48859
866 73 15519 1 15878
867 38 47302 2 47552
868 13 51396 3 52257
869 47 43964 1 44394
870 26 14140 2 14695
871 28 45992 2 46119
872 59 38929 2 39748
873 10 52944 1 53639
874 80 11295 1 11625
875 74 36837 4 37480
876 17 39565 1 40131
877 82 14608 4 14967
878 74 30992 1 31953
879 35 67007 1 67204
880 54 58697 1 59205
881 30 36020 1 36142
882 15 43832 3 44079
883 14 62477 1 63002
884 64 16089 1 16401
885 90 54081 5 54251
886 32 33154 1 33661
887 1 1128 1 1213
888 86 50937 1 51204
889 50 26989 1 27748
890 59 7232 1 8104
891 55 11932 2 12587
892 26 48923 1 49602
893 64 60 3 233
894 38 50920 4 51652
895 85 4520 2 4686
896 27 5229 1 5812
897 36 56895 2 57336
898 70 59779 2 59860
899 76 24543 1 25246
900 67 10045 2 10669
901 44 55201 2 55605
902 13 43062 1 44047
903 15 13556 2 14348
904 7 43964 2 44356
905 13 15532 1 16519
906 40 45211 1 45703
907 27 30992 1 31850
908 43 9892 3 10368
909 67 30992 2 31843
910 35 10700 1 11234
911 18 50396 1 50738
912 14 64419 1 64569
913 13 54081 1 54411
914 30 71 2 1039
915 63 18257 1 18425
916 14 24543 1 24803
917 42 13966 1 14741
918 15 19482 4 19827
919 78 21424 1 21822
920 86 44511 3 45481
921 90 43832 2 44371
922 85 15519 2 15943
923 70 38152 1 38928
924 29 51953 3 52150
925 64 54709 2 55025
926 71 27632 1 28292
927 74 38152 1 38407
928 85 38929 1 39565
929 16 65680 1 66060
930 42 9892 1 10796
931 46 17111 2 17884
932 49 28827 1 29487
933 54 45992 1 46587
934 33 31227 2 31949
935 40 15535 2 15797
936 65 44700 1 45408
937 85 66911 4 67007
938 17 43062 1 43516
939 38 51953 3 52752
940 78 64394 1 65096
941 30 58122 1 58666
942 78 16839 1 17073
943 70 58667 1 59039
944 71 40449 1 40669
945 7 64226 1 64395
946 70 8136 1 8595
947 28 56423 2 56626
948 30 32568 2 33154
949 18 61216 1 61444
950 47 27632 1 28012
951 29 5343 1 5587
952 76 61397 1 62234
953 23 60734 1 61649
954 74 7343 3 8210
955 50 62162 1 62872
956 30 40131 1 40655
957 71 36020 2 36311
958 79 51953 4 52081
959 72 43832 1 44070
960 27 1912 1 2123
961 83 9088 1 9471
962 47 36142 1 36659
963 45 20880 2 21044
964 50 66911 2 67144
965 53 37340 5 38194
966 81 54081 1 54600
967 28 5077 1 5442
968 53 20880 5 21499
969 35 18548 1 19115
970 81 41128 1 41547
971 54 27632 3 28314
972 32 28593 1 29267
973 50 935 1 1466
974 38 37340 1 37848
975 71 34851 1 35711
976 2 66989 1 67394
977 17 49626 1 50332
978 8 43964 1 44179
979 40 60783 1 61241
980 12 17484 1 18366
981 1 20214 1 20538
982 26 65734 1 66493
983 54 10700 1 10856
984 68 57594 1 57835
985 13 67678 5 67902
986 86 10700 2 11505
987 67 51126 1 51980
988 27 10045 2 10477
989 61 9892 1 10092
990 57 65433 1 66029
991 29 54081 2 54546
992 18 40255 1 40883
993 1 51953 1 52143
994 70 33525 2 33773
995 53 27583 1 28369
996 73 17111 1 17214
997 22 54709 1 55586
998 22 11548 1 12130
999 17 7232 1 7785
1000 26 63133 1 64010
1001 54 8692 1 9251
1002 63 26282 1 26967
1003 13 7232 1 7991
1004 18 40131 1 40255
1005 38 54238 1 54709
1006 33 21424 1 21774
1007 30 33735 3 34009
1008 45 19684 1 19795
1009 79 3729 3 4079
1010 56 30531 1 30758
1011 80 24322 3 24791
1012 48 8947 1 9059
1013 79 63133 3 63885
1014 25 50920 1 51429
1015 64 2642 1 3091
1016 31 23387 1 23675
1017 38 43832 1 43964
1018 43 17018 4 17873
1019 42 735 2 1330
1020 54 46211 1 46819
1021 32 30992 2 31496
1022 55 51953 2 52782
1023 15 46211 3 46825
1024 46 11932 1 12306
1025 10 12 1 674
1026 26 9892 2 10349
1027 10 10700 2 10835
1028 36 58667 1 59549
1029 72 7960 1 8621
1030 82 11295 4 12068
1031 35 20169 1 20482
1032 23 65734 1 67109
1033 44 24543 2 25273
1034 70 15532 2 15905
1035 18 56423 1 56666
1036 86 30531 2 30683
1037 30 36897 2 37707
1038 71 36897 1 37429
1039 74 14140 1 14513
1040 14 41623 1 41822
1041 38 60435 1 61531
1042 37 48923 3 49098
1043 64 15532 1 15722
1044 85 57594 1 58072
1045 86 13966 2 14623
1046 45 21865 1 22688
1047 33 57594 2 58368
1048 79 54081 4 54446
1049 85 35038 1 35943
1050 44 41128 3 41861
1051 86 28161 2 28927
1052 23 56782 2 57695
1053 70 2143 1 2909
1054 87 21865 2 22660
1055 50 8182 3 9106
1056 85 15040 1 15235
1057 69 15532 5 15788
1058 77 33735 1 34276
1059 54 64531 1 65327
1060 13 30992 3 31857
1061 70 17024 1 17111
1062 38 65057 1 65878
1063 26 21549 1 22032
1064 23 39565 1 39929
1065 53 64516 1 65100
1066 23 34104 1 34246
1067 26 27149 1 27630
1068 29 62477 2 62927
1069 1 38459 1 38945
1070 68 63629 2 64184
1071 29 11295 1 12050
1072 38 10796 2 11271
1073 28 48120 1 48975
1074 85 50048 1 51002
1075 86 46884 3 47491
1076 42 32568 1 33168
1077 30 8947 2 9876
1078 56 50048 1 50990
1079 50 17111 1 17459
1080 54 44511 1 45317
1081 85 50184 1 50712
1082 71 65680 1 66828
1083 86 17018 1 17998
1084 35 36020 1 36911
1085 64 60459 3 61167
1086 85 13966 1 14284
1087 86 22325 3 23040
1088 17 49410 1 49626
1089 4 23991 1 24371
1090 47 64394 2 64500
1091 68 64516 2 65064
1092 67 43964 1 44238
1093 18 44700 1 45197
1094 54 38152 1 38291
1095 30 26282 1 26563
1096 55 8123 2 8693
1097 64 581 3 828
1098 64 58072 5 58958
1099 16 21330 1 22014
1100 17 32568 1 33768
1101 12 1128 1 2042
1102 38 27149 2 27331
1103 70 22325 1 22955
1104 65 62162 1 62828
1105 59 64394 1 64580
1106 86 20164 3 21045
1107 38 42439 2 42920
1108 87 34184 2 34378
1109 42 38523 1 38606
1110 38 1157 1 2062
1111 32 25299 1 25446
1112 90 2642 5 2873
1113 30 49665 1 50126
1114 21 45323 1 45688
1115 64 7232 1 8028
1116 56 56891 1 56980
1117 38 32942 4 33427
1118 68 14608 3 15544
1119 85 11295 4 11865
1120 18 18881 1 19266
1121 38 14608 3 15586
1122 23 36764 1 37389
1123 44 7232 2 7843
1124 46 63133 1 63874
1125 38 56423 1 56895
1126 65 35711 1 36171
1127 8 4105 1 4303
1128 38 41623 3 42439
1129 48 66065 2 66802
1130 12 44609 1 44708
1131 83 3729 1 4123
1132 70 54238 1 54965
1133 86 18257 2 18796
1134 51 21865 1 22309
1135 13 21719 3 22191
1136 30 45992 1 48507
1137 30 51126 2 51440
1138 7 29567 1 30552
1139 24 45323 2 45620
1140 10 3729 1 4184
1141 69 67007 1 67100
1142 17 15532 1 16550
1143 71 48343 2 48894
1144 13 38929 1 39785
1145 31 24597 1 24803
1146 46 34104 2 35047
1147 28 16424 2 17071
1148 7 21549 1 22071
1149 29 32568 2 32998
1150 14 58667 1 59101
1151 54 8020 4 8692
1152 29 57594 1 58282
1153 73 46884 2 47221
1154 45 17611 1 17707
1155 6 41623 3 42122
1156 14 9892 1 10445
1157 79 8947 4 9664
1158 31 4758 1 5176
1159 14 50937 1 51529
1160 46 65278 1 66188
1161 70 9892 2 10379
1162 69 41623 2 42575
1163 38 22061 1 23387
1164 26 15532 2 15636
1165 10 8592 4 9264
1166 54 26447 1 27025
1167 50 35038 1 35606
1168 85 51440 1 51953
1169 64 38459 3 38591
1170 88 48923 1 49364
1171 76 18983 1 19460
1172 52 19639 2 19767
1173 1 48120 1 48470
1174 42 56895 3 57692
1175 85 26989 2 27956
1176 6 56873 2 57591
1177 68 11548 1 12242
1178 85 61216 3 62202
1179 78 28827 1 29181
1180 82 13556 3 14150
1181 54 42439 1 43062
1182 54 56782 1 57542
1183 87 8209 1 8815
1184 72 35038 1 35547
1185 26 66065 1 66178
1186 38 11548 3 12246
1187 45 58667 1 58757
1188 42 4520 4 4806
1189 73 5229 1 5396
1190 6 21330 1 22324
1191 71 66911 2 67250
1192 4 40782 1 41525
1193 30 33154 1 33618
1194 12 8182 1 9088
1195 54 11295 1 11499
1196 29 67678 2 68662
1197 27 49410 1 49660
1198 24 64226 1 64533
1199 53 54081 1 54649
1200 64 50351 1 51119
1201 50 48 3 831
1202 48 33735 1 34022
1203 32 11295 2 11977
1204 38 21330 1 22126
1205 6 52944 1 53508
1206 54 24543 3 25492
1207 83 58667 1 58979
1208 3 62477 1 62971
1209 17 37988 1 38639
1210 32 55201 2 55763
1211 48 45211 1 45634
1212 26 31227 1 31568
1213 60 56423 1 57104
1214 27 11295 1 12052
1215 46 36112 1 37110
1216 12 2642 1 2998
1217 23 62162 2 63022
1218 71 44511 1 44609
1219 10 41623 2 42254
1220 57 59779 1 60532
1221 85 63629 2 64226
1222 80 34371 1 34687
1223 34 15532 2 15841
1224 29 66627 1 66754
1225 38 28827 1 29567
1226 17 18257 1 18636
1227 21 54081 1 54409
1228 54 36507 3 36655
1229 71 4520 1 5447
1230 54 36843 2 37212
1231 10 58208 1 59075
1232 81 19802 2 20510
1233 52 18548 2 19406
1234 46 43964 3 44534
1235 34 7232 3 7989
1236 72 20169 2 21099
1237 67 44804 1 45278
1238 71 46884 1 47256
1239 29 5229 2 5373
1240 10 13966 1 14181
1241 38 48120 1 48899
1242 61 64226 1 64777
1243 78 36020 1 36385
1244 35 34104 1 34513
1245 57 19639 1 20361
1246 27 3729 1 3935
1247 71 2143 2 3115
1248 54 30531 1 30940
1249 51 49609 1 50071
1250 49 24693 1 25307
1251 4 15535 1 16447
1252 64 11548 1 11738
1253 85 52944 1 53208
1254 63 56423 1 56947
1255 37 11295 2 11657
1256 54 13556 1 14194
1257 7 17611 1 18241
1258 71 48923 3 49088
1259 72 18 1 105
1260 54 27213 1 27597
1261 77 35038 1 35653
1262 69 42920 1 43055
1263 32 10700 2 11673
1264 67 5077 1 5607
1265 12 30992 1 31385
1266 38 8947 2 9892
1267 78 20526 1 21246
1268 7 14608 1 14933
1269 5 43964 1 44105
1270 52 28161 1 28590
1271 42 40131 2 40619
1272 27 32568 1 32712
1273 69 7232 2 7760
1274 49 15519 1 15724
1275 40 49626 1 50527
1276 43 36507 4 36930
1277 5 67007 1 67369
1278 71 64516 1 64623
1279 26 19684 1 19936
1280 38 11295 3 11548
1281 20 50351 2 51126
1282 34 43964 1 44408
1283 29 18257 2 18793
1284 55 735 3 857
1285 85 47470 3 48120
1286 12 44842 1 45521
1287 38 23387 1 23991
1288 18 58406 1 58784
1289 24 18881 1 19581
1290 85 67568 1 68565
1291 59 45323 1 45893
1292 14 16804 1 17572
1293 7 19639 2 19931
1294 72 21330 1 21470
1295 4 19482 1 20036
1296 32 2642 1 3354
1297 13 28827 2 29165
1298 32 67568 1 68024
1299 65 49626 1 49735
1300 38 26710 1 27632
1301 61 23991 1 24693
1302 26 56423 2 56745
1303 64 67007 4 67170
1304 42 51953 3 52723
1305 74 60435 2 61189
1306 71 44609 1 44951
1307 18 27583 1 28120
1308 83 35038 1 35826
1309 51 5229 1 6075
1310 35 15943 1 16201
1311 74 15532 3 15854
1312 78 58406 1 59259
1313 79 18736 3 18832
1314 67 44511 1 45098
1315 38 19684 2 19773
1316 70 2143 1 2908
1317 54 66627 1 66759
1318 28 54081 1 55046
1319 65 20880 1 21212
1320 18 34543 1 35038
1321 1 34851 1 35376
1322 13 26282 1 26880
1323 44 16424 1 17226
1324 86 3729 1 4174
1325 34 50351 2 51005
1326 54 3729 1 4514
1327 77 51396 1 52098
1328 18 33525 1 34026
1329 24 40255 3 41120
1330 42 54081 2 54846
1331 90 17611 1 18370
1332 30 59779 1 60734
1333 40 28161 1 29071
1334 72 3729 1 4698
1335 34 97 1 656
1336 32 52944 1 53443
1337 29 37988 3 38666
1338 24 34104 1 34685
1339 14 46884 1 47376
1340 85 27956 3 28904
1341 86 19076 1 20037
1342 29 35038 2 35744
1343 54 5343 1 6142
1344 65 55078 1 55960
1345 54 14608 4 14871
1346 74 3729 3 4403
1347 84 48923 1 49727
1348 54 20214 1 20606
1349 5 19639 2 20065
1350 32 15532 1 16161
1351 43 5229 1 5857
1352 64 51440 2 51755
1353 74 65278 2 66029
1354 73 60463 1 61160
1355 79 35038 2 35176
1356 40 36112 2 36316
1357 61 13556 3 14460
1358 31 43964 1 44522
1359 47 66065 1 66696
1360 1 64937 1 65612
1361 54 65734 1 65816
1362 14 21549 1 21935
1363 54 54513 1 55201
1364 18 20880 1 21454
1365 10 49665 1 50205
1366 17 18881 1 19204
1367 1 58031 1 59012
1368 50 26956 1 27809
1369 26 58208 1 58398
1370 36 8209 1 8827
1371 61 21549 1 22048
1372 72 11295 1 11553
1373 45 1445 1 1963
1374 31 66627 1 66739
1375 67 26956 1 27732
1376 29 23387 2 23838
1377 38 42439 1 43521
1378 3 8592 1 9039
1379 84 735 3 987
1380 15 20164 3 20694
1381 17 10700 1 11367
1382 42 48120 3 48336
1383 38 17484 1 17640
1384 71 37429 1 37530
1385 42 48343 1 48485
1386 86 26282 3 26536
1387 53 44687 1 44942
1388 27 26956 2 27123
1389 10 36112 1 36382
1390 18 48923 1 49227
1391 70 48120 1 48573
1392 61 62162 1 62863
1393 63 33154 2 34023
1394 5 10700 1 11584
1395 4 12289 1 13050
1396 17 65278 1 65545
1397 17 24543 1 24884
1398 32 5167 2 5970
1399 13 50955 1 51067
1400 63 46884 1 47281
1401 32 43964 1 44579
1402 47 1445 4 1798
1403 90 48343 1 48842
1404 63 19639 1 20294
1405 23 49256 2 49350
1406 26 50351 1 50775
1407 77 13556 1 13684
1408 5 5229 2 5919
1409 44 36020 3 36259
1410 69 5378 3 5586
1411 33 5229 1 6184
1412 54 33154 2 34083
1413 33 61397 3 62341
1414 56 37988 1 38885
1415 86 43174 1 43293
1416 85 58072 1 58526
1417 63 7960 1 8404
1418 74 58667 1 59357
1419 86 59779 1 60338
1420 42 50048 3 50782
1421 50 64226 1 64490
1422 85 67678 3 68233
1423 90 20526 1 21329
1424 65 49256 1 49419
1425 1 23991 1 24203
1426 59 5343 1 6097
1427 18 25299 1 25468
1428 85 52255 3 52975
1429 30 37 1 510
1430 79 41128 3 41319
1431 57 38459 1 38887
1432 70 57594 3 57867
1433 26 5229 1 5521
1434 38 28161 2 28593
1435 27 12289 1 13074
1436 31 3729 1 4110
1437 27 7232 1 8038
1438 67 58072 2 58441
1439 38 30531 1 30910
1440 14 935 1 1166
1441 7 37988 1 38116
1442 35 28827 1 29117
1443 68 8136 1 8852
1444 45 65680 2 66529
1445 35 58208 1 58805
1446 38 63133 1 63699
1447 85 49665 1 50691
1448 38 15943 1 16306
1449 49 8947 1 9693
1450 45 49256 1 49778
1451 2 15943 2 16542
1452 1 32568 1 32947
1453 30 23387 3 23734
1454 18 3729 1 4513
1455 83 45211 1 45682
1456 8 57594 1 57925
1457 50 42439 3 43030
1458 61 52944 1 53252
1459 53 14608 1 15452
1460 70 20214 1 21154
1461 30 11295 1 12930
1462 48 15532 1 16321
1463 71 51953 2 52782
1464 26 1323 2 1641
1465 54 20880 4 21183
1466 76 26989 2 27574
1467 33 48923 1 49594
1468 79 9892 2 10489
1469 72 34289 2 35024
1470 13 49665 1 49784
1471 82 30531 1 31061
1472 42 7343 3 7543
1473 70 32568 2 32819
1474 40 24317 2 25231
1475 32 16424 1 16621
1476 72 44511 5 45484
1477 68 24597 1 25586
1478 31 28161 1 28913
1479 57 39302 2 39502
1480 85 18983 2 19535
1481 52 39565 1 40294
1482 5 15943 1 16884
1483 8 32568 1 32847
1484 30 67568 1 68333
1485 67 28593 1 28998
1486 77 13966 1 14912
1487 26 33154 1 33725
1488 14 66065 1 66637
1489 13 16839 1 17443
1490 67 44511 1 44640
1491 74 51126 1 51423
1492 85 54709 1 55231
1493 73 8136 2 8345
1494 13 10700 4 11136
1495 15 1157 2 1251
1496 67 45211 2 45667
1497 28 28662 1 29067
1498 72 59779 2 60664
1499 74 10700 1 11543
1500 13 8020 3 8715
1501 30 14608 1 15532
1502 74 51440 2 51996
1503 64 20214 5 20425
1504 17 35038 1 35676
1505 50 22061 1 22719
1506 59 8947 1 9086
1507 74 65680 3 66312
1508 11 57704 1 58334
1509 4 30992 1 31345
1510 21 56895 2 57857
1511 38 5077 1 5167
1512 72 42439 1 43332
1513 85 14608 2 15040
1514 67 60799 1 61281
1515 67 56423 1 56778
1516 69 65278 1 66139
1517 2 39851 1 40139
1518 48 34184 2 34392
1519 72 26282 1 27166
1520 13 63133 2 63734
1521 61 50937 1 51570
1522 59 15040 1 15502
1523 86 51953 1 52721
1524 48 8136 2 8686
1525 80 60435 2 60582
1526 71 58667 1 59641
1527 67 49256 3 49371
1528 73 28662 1 28894
1529 56 42439 1 42755
1530 54 43961 1 44365
1531 54 14871 1 15843
1532 25 8182 1 9020
1533 47 7232 2 7469
1534 45 20164 2 20880
1535 2 34104 1 34425
1536 90 24597 4 25160
1537 85 21719 1 22061
1538 33 37340 1 37715
1539 24 58667 1 59197
1540 80 50955 2 51874
1541 68 21330 2 21637
1542 13 34104 2 34943
1543 27 54081 2 54575
1544 90 3729 1 4471
1545 4 48120 1 48204
1546 82 3729 3 4338
1547 32 42439 1 43077
1548 63 28827 2 29227
1549 38 67678 1 68437
1550 86 37382 2 38178
1551 78 43964 1 44082
1552 53 16424 1 17351
1553 32 3 2 109
1554 71 36507 1 38162
1555 26 11295 2 12235
1556 90 23387 2 23551
1557 22 67568 2 68320
1558 85 56423 3 56563
1559 85 43370 1 44229
1560 66 16839 1 17495
1561 86 1128 1 1636
1562 72 61397 2 61802
1563 90 58667 4 59091
1564 34 41128 3 42102
1565 38 54081 1 54238
1566 70 66627 1 66933
1567 38 15943 1 16590
1568 26 38459 1 38816
1569 38 54709 4 55078
1570 76 3729 4 4225
1571 77 50351 1 50860
1572 38 61216 1 61535
1573 48 36764 2 36883
1574 31 67568 1 68262
1575 29 8947 2 9307
1576 32 37340 2 37744
1577 85 48923 1 49679
1578 26 59335 1 60214
1579 67 63629 3 64413
1580 71 16839 1 17687
1581 17 8947 1 9819
1582 30 43832 1 44540
1583 10 56423 1 56823
1584 26 50920 1 51284
1585 38 25299 1 26282
1586 70 36764 1 36915
1587 42 19482 2 20350
1588 13 49410 4 49642
1589 8 14608 1 14846
1590 22 54465 3 54956
1591 10 54081 1 54686
1592 30 3729 2 4520
1593 42 36142 1 36344
1594 30 54081 1 54591
1595 63 40131 3 40221
1596 30 65278 1 66573
1597 74 50351 2 50626
1598 67 21549 3 22543
1599 53 60435 1 61142
1600 71 64226 1 64468
1601 68 7232 2 7552
1602 36 9892 1 10543
1603 69 22061 1 22931
1604 1 39565 1 40297
1605 50 49256 3 49646
1606 35 3729 1 4706
1607 55 25299 1 25886
1608 88 10045 1 10514
1609 12 20214 1 21040
1610 70 56423 1 57081
1611 31 17111 1 17854
1612 79 40782 3 41021
1613 15 57704 1 58382
1614 69 2642 3 2747
1615 71 40449 1 41281
1616 54 56742 3 56959
1617 52 49410 1 49772
1618 12 7232 1 8047
1619 26 15943 1 16804
1620 26 38929 1 39695
1621 29 50235 2 50430
1622 18 38152 1 38375
1623 45 8136 1 9004
1624 29 12289 1 12416
1625 48 22061 2 22347
1626 30 29567 2 29663
1627 59 25299 3 26016
1628 10 23387 1 24087
1629 42 879 1 1634
1630 35 43062 1 43616
1631 10 54709 1 55066
1632 6 50937 1 51408
1633 37 8182 1 8420
1634 30 63133 3 63346
1635 77 5343 1 6070
1636 18 14140 1 15243
1637 23 1620 2 1912
1638 30 581 3 1191
1639 27 36112 2 36591
1640 38 39428 1 39740
1641 18 57704 1 58400
1642 62 7232 1 7988
1643 71 61362 2 61940
1644 4 56423 1 56654
1645 36 61397 2 61958
1646 25 34104 2 34709
1647 6 30992 2 31360
1648 74 23387 1 23994
1649 23 19076 2 20467
1650 72 34104 1 34289
1651 49 40131 1 40407
1652 67 11295 1 12237
1653 85 2892 3 4062
1654 71 56423 1 56733
1655 30 33154 1 33896
1656 78 45578 1 46464
1657 64 50048 2 50186
1658 34 3729 1 4036
1659 3 21330 2 21728
1660 64 43370 4 44232
1661 85 10700 1 11000
1662 14 34543 1 35061
1663 26 40131 1 40230
1664 77 30992 1 31212
1665 45 60435 1 60548
1666 17 51953 1 52787
1667 17 65680 1 65798
1668 61 66627 1 67060
1669 27 41128 1 41907
1670 56 58667 2 58946
1671 81 48923 1 49915
1672 18 64394 1 64910
1673 50 18548 3 18998
1674 14 22061 1 22541
1675 70 60435 3 61370
1676 24 36020 2 36190
1677 68 31227 1 31789
1678 65 30992 1 31553
1679 53 22325 1 23253
1680 18 1620 1 2064
1681 49 63133 1 63506
1682 64 34157 5 34412
1683 38 58406 1 58661
1684 32 50048 2 50171
1685 75 57824 1 58490
1686 20 15943 5 16049
1687 26 18548 1 18955
1688 54 23387 4 23932
1689 33 28827 1 29596
1690 38 32568 1 32942
1691 18 22061 1 22820
1692 24 50048 1 50234
1693 2 63133 3 63342
1694 30 43174 2 44144
1695 38 20526 1 20812
1696 69 25299 2 26117
1697 14 10700 1 11312
1698 63 18548 4 19080
1699 83 64226 1 64836
1700 28 35711 1 36377
1701 42 16424 1 17351
1702 38 26282 1 26838
1703 74 45323 1 45725
1704 15 65680 3 66269
1705 46 29567 1 30166
1706 54 26282 1 26447
1707 71 24852 1 25565
1708 70 750 1 1128
1709 36 49256 1 50154
1710 35 60435 1 60992
1711 45 28161 1 28431
1712 30 19718 1 20169
1713 69 51953 1 52764
1714 12 33057 1 33981
1715 42 50184 1 50937
1716 54 37382 1 37996
1717 54 64226 1 64474
1718 39 35038 3 35976
1719 27 8123 1 9115
1720 5 15532 1 15637
1721 71 15535 1 16279
1722 71 41623 1 41838
1723 38 62162 2 62775
1724 33 63133 1 63262
1725 47 10700 1 10872
1726 73 56742 1 57366
1727 30 1320 2 1747
1728 74 15532 1 16033
1729 85 45992 1 46657
1730 25 48120 1 48592
1731 85 66627 1 66984
1732 13 20169 2 20626
1733 64 5343 2 5799
1734 68 56873 1 57188
1735 42 8182 3 9012
1736 82 28161 3 28319
1737 10 39428 2 40006
1738 67 34104 1 34391
1739 63 42439 2 42551
1740 43 23387 3 24176
1741 12 28 1 221
1742 71 11295 1 12418
1743 13 54709 2 55405
1744 14 5167 1 5771
1745 85 37988 2 38706
1746 85 38459 2 39426
1747 42 44511 2 45394
1748 36 34 1 793
1749 74 19076 1 19892
1750 12 11932 1 12291
1751 30 9892 2 10863
1752 67 32568 3 33462
1753 42 64226 2 64597
1754 74 65278 2 65401
1755 15 60435 2 60673
1756 85 58667 1 59335
1757 74 37988 1 38820
1758 23 63133 2 63610
1759 70 32568 1 33007
1760 45 67007 1 67161
1761 14 64226 1 64419
1762 6 56423 1 56827
1763 43 3729 2 4442
1764 68 1912 4 2645
1765 85 7960 1 8136
1766 44 46884 2 47840
1767 19 37429 5 37516
1768 54 7460 1 8020
1769 22 51126 4 51532
1770 45 14140 1 14342
1771 90 5229 4 5924
1772 38 46884 1 47833
1773 71 42439 1 42730
1774 86 21549 3 21808
1775 70 20526 1 20657
1776 69 16424 1 17314
1777 63 1445 3 2324
1778 13 62162 1 62493
1779 14 48923 1 49612
1780 4 20169 1 21074
1781 32 18983 1 19159
1782 85 54307 2 55217
1783 69 36020 5 36261
1784 85 57594 1 57876
1785 72 36897 5 37326
1786 15 66627 1 66737
1787 47 62477 3 63383
1788 71 62162 1 62960
1789 56 58072 1 58363
1790 47 50351 1 51317
1791 31 128 1 954
1792 70 735 3 1046
1793 80 48923 1 49891
1794 14 40830 1 41001
1795 38 51953 1 52717
1796 67 45992 1 46085
1797 36 50937 2 51204
1798 13 2642 1 3305
1799 47 23991 3 24191
1800 48 1128 2 2089
1801 44 5343 1 5459
1802 54 59335 1 59680
1803 13 57594 2 58423
1804 42 61397 1 61685
1805 14 49665 1 50199
1806 86 62162 2 62479
1807 68 18548 1 19205
1808 70 35711 1 36018
1809 25 36764 1 37309
1810 15 8182 4 8531
1811 69 64226 1 64577
1812 43 57704 4 58379
1813 3 38967 2 39466
1814 23 41703 1 42651
1815 73 54081 2 54237
1816 85 15040 1 15519
1817 30 36142 3 36765
1818 74 32568 3 33056
1819 90 38459 2 39007
1820 18 64226 1 64394
1821 23 55201 1 56193
1822 71 8592 1 9568
1823 70 40131 2 40703
1824 77 36142 1 36647
1825 28 935 4 1621
1826 28 27632 1 28208
1827 53 40282 1 40371
1828 59 48343 1 49307
1829 85 31227 2 32153
1830 85 40282 1 41014
1831 48 49410 1 50114
1832 32 49256 1 49847
1833 29 26956 1 27954
1834 64 37988 4 38209
1835 46 46884 3 47083
1836 54 17484 1 18151
1837 30 27583 1 28662
1838 3 581 1 897
1839 10 51953 1 52518
1840 17 43832 1 43986
1841 27 21549 1 22470
1842 26 41128 2 41737
1843 17 50955 1 51396
1844 48 32568 1 32904
1845 10 61362 4 61701
1846 4 50351 1 50432
1847 68 44511 3 45096
1848 74 21549 1 22151
1849 55 9892 1 10699
1850 72 27632 1 28298
1851 48 40131 1 40997
1852 42 6 2 735
1853 13 8947 1 9269
1854 64 4758 3 4942
1855 38 2143 1 2642
1856 18 62162 1 62855
1857 46 20214 1 20834
1858 13 66627 1 67492
1859 30 55078 1 55465
1860 68 3729 2 4222
1861 34 19076 1 19771
1862 59 67678 1 69024
1863 4 44994 1 45094
1864 87 19639 1 19748
1865 76 54465 3 54579
1866 86 2642 1 3376
1867 30 64226 2 64953
1868 30 16424 1 17024
1869 30 1157 3 1409
1870 81 34104 3 34818
1871 18 38459 1 39255
1872 71 43370 2 43746
1873 68 34104 4 34840
1874 4 17111 1 17476
1875 54 67568 1 68562
1876 5 64516 1 65300
1877 77 24597 1 25387
1878 7 17018 1 17375
1879 70 26282 2 26387
1880 5 57594 1 57782
1881 29 16424 1 16883
1882 61 12228 1 12893
1883 17 54081 1 54428
1884 7 48923 1 49217
1885 88 37340 2 38305
1886 3 1912 3 2095
1887 30 57594 1 57719
1888 1 43964 1 44600
1889 54 52944 1 53868
1890 25 63133 2 64065
1891 52 33154 2 33491
1892 61 32568 1 33080
1893 46 60734 1 61402
1894 53 18548 4 19251
1895 71 11295 1 12264
1896 42 47302 2 47537
1897 85 60783 1 61216
1898 1 36020 1 36338
1899 90 59335 4 60135
1900 61 935 1 1671
1901 34 26282 1 26993
1902 45 34184 1 35117
1903 13 3729 1 4318
1904 68 38152 4 38271
1905 23 22061 1 22502
1906 2 50351 3 51100
1907 32 27583 1 27996
1908 57 36112 1 36462
1909 7 58667 1 59314
1910 40 61397 2 62224
1911 24 15519 1 16004
1912 29 44511 2 45230
1913 91 23991 1 24893
1914 85 35711 2 36091
1915 42 20526 2 21171
1916 26 28593 1 28883
1917 68 52944 1 53044
1918 54 40131 1 40845
1919 17 61397 1 61674
1920 76 18257 2 18652
1921 86 15532 3 16226
1922 52 24213 2 24637
1923 50 19751 1 19848
1924 32 20214 1 20992
1925 38 18881 2 19657
1926 64 30992 1 31430
1927 50 64226 3 65103
1928 15 15532 1 15872
1929 82 26282 3 26726
1930 54 35711 4 36455
1931 17 57594 1 57763
1932 85 58406 2 59328
1933 71 34104 1 34838
1934 47 30992 2 31896
1935 73 39565 3 40509
1936 15 8592 2 9168
1937 4 35038 1 35219
1938 69 28161 3 28436
1939 29 58667 1 58958
1940 74 17611 1 17797
1941 79 44511 3 45032
1942 66 30531 1 30682
1943 21 11548 1 12024
1944 16 60783 1 61207
1945 59 34184 1 35051
1946 74 935 1 1101
1947 32 60175 1 60907
1948 54 12021 2 12359
1949 16 2642 1 3092
1950 2 43174 1 43523
1951 42 12154 3 12792
1952 33 43964 1 44859
1953 14 26989 1 27765
1954 15 29567 1 30064
1955 55 56895 2 57505
1956 83 30992 1 31237
1957 86 41623 2 42188
1958 27 50048 1 50669
1959 70 34851 1 34978
1960 4 3729 1 4670
1961 71 23991 3 24852
1962 29 14871 1 15825
1963 47 49256 1 49693
1964 33 58667 2 59628
1965 24 16424 2 17357
1966 23 25299 2 26471
1967 30 24543 1 25869
1968 38 43832 1 44370
1969 80 9892 2 10493
1970 54 32568 1 33112
1971 45 17611 1 18140
1972 72 37988 1 38558
1973 30 28662 3 29549
1974 22 38459 4 39438
1975 30 20169 1 20630
1976 85 26989 2 27690
1977 44 56423 2 56972
1978 22 57594 1 57863
1979 45 45317 1 45936
1980 72 7232 1 7934
1981 91 50351 1 51346
1982 10 60435 1 61362
1983 83 56895 1 57731
1984 83 26710 1 27366
1985 61 46211 1 46470
1986 87 56873 4 57395
1987 70 10700 1 11426
1988 85 44994 1 46017
1989 78 11548 1 12021
1990 85 19751 3 20252
1991 35 21330 1 22020
1992 14 57766 1 58057
1993 26 7232 1 8081
1994 70 34184 1 34919
1995 78 25299 1 25418
1996 38 64226 1 64607
1997 85 66065 2 66627
1998 63 2642 1 3703
1999 38 2642 3 3025
2000 36 21549 1 22421
2001 67 8182 2 8748
2002 76 17611 1 17980
2003 3 43370 4 43460
2004 91 9892 1 10441
2005 54 57594 1 58697
2006 73 17640 3 17794
2007 18 30531 1 31517
2008 72 2642 2 2758
2009 85 36112 1 36266
2010 23 16089 1 16842
2011 20 34104 4 34388
2012 18 2642 1 3091
2013 55 45317 2 45684
2014 50 60734 4 61443
2015 23 11295 1 11865
2016 77 58667 1 59280
2017 24 65278 2 65453
2018 11 18257 1 19179
2019 1 33735 1 34399
2020 85 48120 4 48438
2021 28 59779 3 60033
2022 79 36764 4 37493
2023 17 44511 1 45496
2024 29 28161 1 28988
2025 59 26447 1 27230
2026 69 57594 1 58340
2027 71 30992 1 31790
2028 71 935 1 1969
2029 63 28161 1 29088
2030 26 61397 2 62102
2031 74 10045 3 10950
2032 35 44511 1 44718
2033 91 48923 1 49683
2034 69 9892 5 10168
2035 28 45211 1 45616
2036 86 56423 1 56611
2037 54 38945 2 39302
2038 54 13556 3 14037
2039 68 51126 3 51620
2040 79 18548 3 18730
2041 34 60435 1 60833
2042 64 35038 5 35899
2043 54 62162 1 62477
2044 73 16424 1 16632
2045 26 44994 1 45993
2046 67 50955 3 51111
2047 14 56423 1 56826
2048 85 13556 2 14306
2049 4 32568 1 33313
2050 46 51953 2 52323
2051 31 54081 1 54854
2052 42 48343 2 48583
2053 48 10045 1 10461
2054 30 18257 1 19124
2055 70 3729 1 4034
2056 63 21549 1 22162
2057 28 26 2 750
2058 86 61216 2 61844
2059 64 40255 3 41146
2060 38 9892 1 10847
2061 27 16804 1 17300
2062 46 58072 1 58673
2063 54 45317 1 46211
2064 85 36112 1 38125
2065 40 39565 1 39737
2066 45 17024 2 17829
2067 38 55078 1 55195
2068 45 8947 1 9696
2069 27 60463 1 61009
2070 17 41623 1 42085
2071 26 48120 1 48378
2072 60 57594 1 58445
2073 27 14608 1 15329
2074 91 11295 1 11494
2075 38 21865 1 22566
2076 18 28161 1 28806
2077 85 61216 1 62177
2078 74 5229 1 5478
2079 2 33154 2 34025
2080 37 45323 2 45974
2081 43 51126 1 51800
2082 21 3739 1 3842
2083 38 5167 3 5343
2084 39 60463 5 60613
2085 50 5343 3 5846
2086 43 35038 3 35598
2087 54 32568 1 34104
2088 69 8123 2 9069
2089 28 19751 2 20327
2090 80 56423 2 57309
2091 85 21865 1 22642
2092 33 27213 1 27973
2093 54 60175 2 60463
2094 48 67007 2 67944
2095 14 63133 1 63546
2096 5 48120 2 48712
2097 29 35711 2 36627
2098 48 23387 1 23852
2099 23 40782 2 40966
2100 10 1620 1 2150
2101 50 11295 4 11868
2102 54 26447 1 27213
2103 76 38459 1 39395
2104 43 9 2 342
2105 85 16839 2 17644
2106 35 7232 1 7378
2107 68 26956 2 27564
2108 48 36020 2 36358
2109 12 61216 2 62191
2110 54 43832 1 44355
2111 90 34104 3 34511
2112 30 40131 2 40348
2113 34 37340 2 38204
2114 57 26710 1 27366
2115 69 48120 1 48433
2116 60 15532 1 16403
2117 25 14608 1 15383
2118 70 16544 1 16839
2119 73 20880 2 21517
2120 48 52944 2 53583
2121 33 735 1 882
2122 73 50920 1 51395
2123 77 10700 1 11062
2124 42 41128 4 41868
2125 81 27632 2 28612
2126 45 24597 1 25412
2127 22 57594 3 58103
2128 63 23387 1 23558
2129 28 33735 1 33887
2130 85 43964 2 44848
2131 38 65680 2 65873
2132 30 67007 1 67693
2133 38 35038 2 35718
2134 28 25299 1 25874
2135 35 27213 1 27887
2136 60 61397 1 61965
2137 4 9892 1 10680
2138 71 17484 1 18046
2139 18 21549 1 21732
2140 22 22061 4 22889
2141 68 38945 4 39509
2142 24 70 2 694
2143 80 30992 4 31704
2144 4 2143 1 2905
2145 29 65734 1 66076
2146 20 20214 1 20320
2147 87 48120 1 49067
2148 61 15535 1 16170
2149 50 14608 2 15191
2150 2 35038 1 35399
2151 23 56423 1 56782
2152 38 17640 1 18257
2153 24 7232 2 7780
2154 38 56895 1 57868
2155 73 36507 1 37163
2156 7 9892 2 10587
2157 35 39302 1 39501
2158 69 37340 1 37506
2159 63 67568 1 68657
2160 69 27632 1 27742
2161 68 36764 4 37193
2162 85 18257 1 18548
2163 63 50920 2 51674
2164 80 51953 1 52736
2165 69 60459 2 60825
2166 77 8182 1 9159
2167 57 24322 1 24818
2168 81 56895 1 57717
2169 68 67568 5 68410
2170 7 30992 1 31748
2171 53 6 1 586
2172 61 37988 3 38428
2173 30 23991 1 24377
2174 73 44842 3 45475
2175 64 62162 4 62792
2176 5 62162 2 62366
2177 77 31227 1 31536
2178 74 49410 4 50015
2179 33 51396 3 51938
2180 80 28827 2 28968
2181 71 18257 3 18736
2182 18 15532 1 16458
2183 27 57594 1 58133
2184 21 49626 2 50019
2185 52 36764 2 37529
2186 79 28161 4 29098
2187 64 34543 2 34642
2188 7 3729 2 3809
2189 78 19076 1 19639
2190 61 61397 1 62113
2191 29 42439 1 42589
2192 76 20214 2 20904
2193 73 23387 1 23975
2194 77 935 1 1872
2195 50 26710 3 26808
2196 59 15943 1 16777
2197 45 44511 1 45315
2198 63 1157 1 2124
2199 63 13556 1 14342
2200 38 50048 1 50304
2201 27 45317 1 46261
2202 89 45323 2 46223
2203 47 51440 3 52372
2204 71 43174 1 44009
2205 42 63629 2 64105
2206 10 57704 1 57998
2207 29 605 1 1105
2208 45 35038 1 36008
2209 54 8692 3 9262
2210 13 59779 1 60054
2211 10 9892 1 10363
2212 48 30992 2 31709
2213 48 48120 1 48840
2214 2 46884 3 47145
2215 80 33735 2 34101
2216 17 8182 1 8763
2217 85 50937 1 51614
2218 17 14608 1 15446
2219 43 52944 1 53837
2220 18 34104 1 34454
2221 4 57594 1 58125
2222 85 56891 1 57254
2223 72 16424 4 17134
2224 85 56891 3 57166
2225 38 20106 2 20526
2226 54 11295 2 11945
2227 78 40131 1 41039
2228 87 32568 3 33356
2229 52 9892 2 10216
2230 25 20526 1 21474
2231 18 33154 1 33525
2232 23 27583 1 28285
2233 43 15532 3 15767
2234 54 16424 1 16846
2235 7 35038 1 35944
2236 51 34184 1 34556
2237 30 66911 1 67243
2238 77 41128 1 41796
2239 28 62477 2 63278
2240 30 7232 1 8123
2241 85 32568 1 33057
2242 15 31 2 985
2243 30 14871 2 15249
2244 65 24597 1 25275
2245 54 106 1 925
2246 32 36764 1 36866
2247 64 21549 2 22307
2248 2 28827 2 29359
2249 4 32 1 271
2250 26 3739 1 3932
2251 29 20880 4 21486
2252 72 19076 2 19166
2253 57 48120 1 48585
2254 36 10700 1 11524
2255 7 45992 1 46750
2256 32 63133 1 63688
2257 54 20214 1 20872
2258 45 45992 1 46226
2259 85 15519 2 15826
2260 18 51953 1 52687
2261 80 44687 1 45037
2262 29 1620 1 2357
2263 26 24543 2 24666
2264 76 2143 3 3008
2265 77 21330 1 21449
2266 61 54238 1 54455
2267 47 36764 2 37513
2268 32 41128 1 41890
2269 57 8501 1 9464
2270 80 1157 1 1990
2271 79 7232 2 7603
2272 70 19639 1 20210
2273 71 57594 1 58108
2274 42 51440 2 51550
2275 7 67568 1 68028
2276 55 43370 1 44300
2277 11 20214 2 20794
2278 50 24597 1 25037
2279 32 38523 1 38918
2280 85 67007 1 67522
2281 63 30992 1 31936
2282 23 67007 1 67914
2283 12 54238 1 54654
2284 81 40282 1 40914
2285 47 58667 2 59224
2286 29 38459 1 39378
2287 78 54238 1 54755
2288 17 16839 1 17770
2289 5 7232 2 8215
2290 59 12228 2 12836
2291 74 30992 3 31116
2292 72 65278 1 65394
2293 32 50955 2 51491
2294 23 58667 2 58830
2295 76 54709 3 55271
2296 85 8136 1 8635
2297 17 27632 1 28331
2298 27 19482 1 20139
2299 10 18257 1 19104
2300 68 58 2 322
2301 23 26710 1 27473
2302 23 37988 2 38622
2303 82 35038 4 35679
2304 3 46884 1 47857
2305 33 33154 1 33365
2306 91 43964 1 44759
2307 23 48120 1 49020
2308 24 43832 1 44400
2309 77 19684 1 20080
2310 70 19639 1 20515
2311 42 36764 1 37490
2312 1 10700 1 11295
2313 30 17611 1 17691
2314 71 38929 1 39045
2315 10 16424 1 16677
2316 14 33525 1 34109
2317 77 23387 1 23842
2318 59 33154 1 34125
2319 6 750 2 1600
2320 24 10700 1 11240
2321 52 20164 1 20856
2322 71 3729 1 4557
2323 77 56873 1 57431
2324 28 57594 2 58420
2325 22 11295 1 11724
2326 7 67 1 845
2327 4 51953 1 52261
2328 21 61362 1 62145
2329 51 68 1 178
2330 46 935 1 1407
2331 29 44700 2 44958
2332 80 19482 1 19993
2333 8 24213 1 24627
2334 13 61216 1 62030
2335 32 36020 2 36290
2336 73 21719 1 22213
2337 27 63133 1 63297
2338 44 29567 3 30341
2339 13 40131 1 40846
2340 1 27632 1 28209
2341 15 10045 3 10501
2342 86 57594 1 57704
2343 56 60459 1 60696
2344 42 43964 3 44263
2345 5 18736 1 19065
2346 30 24213 1 24853
2347 44 57704 2 58370
2348 77 7960 1 8047
2349 63 64226 1 64544
2350 78 5343 1 6065
2351 64 65734 1 66148
2352 54 36764 1 36897
2353 42 25299 1 25512
2354 23 7232 2 7548
2355 78 36 1 988
2356 54 63133 2 63878
2357 34 8020 1 8769
2358 91 34184 1 34832
2359 48 25299 2 26035
2360 52 57704 1 58297
2361 29 14 2 459
2362 18 16804 1 17693
2363 60 43832 1 44466
2364 71 65278 1 65505
2365 55 20164 3 20389
2366 32 15943 1 16276
2367 43 18257 1 19070
2368 38 1157 1 1320
2369 71 41128 1 41471
2370 70 5077 3 5834
2371 30 30992 1 31227
2372 86 54709 1 55385
2373 29 33057 2 33199
2374 68 37429 4 38019
2375 51 735 1 1675
2376 42 65278 3 65898
2377 86 65680 3 66119
2378 43 39565 1 39905
2379 18 46884 1 47521
2380 54 23991 2 24482
2381 80 34104 1 34248
2382 38 36764 2 37340
2383 38 59335 1 59779
2384 38 735 2 1266
2385 61 44687 3 45248
2386 11 21549 1 21851
2387 25 45211 1 46086
2388 57 49609 1 50380
2389 86 42439 2 43323
2390 80 58667 1 59233
2391 2 4034 1 4706
2392 7 23991 1 24090
2393 48 3729 1 4643
2394 54 3739 4 4677
2395 42 59335 3 60227
2396 48 60783 1 61720
2397 83 20880 1 21654
2398 30 26710 1 27491
2399 30 38523 3 38967
2400 20 23991 5 24928
2401 34 9892 3 10687
2402 3 19639 4 20067
2403 70 11548 2 12099
2404 18 29567 1 30510
2405 82 8182 4 8588
2406 45 41128 1 41941
2407 64 38967 4 39441
2408 90 28827 4 29419
2409 23 28593 1 29795
2410 42 62477 1 62728
2411 18 4677 1 5184
2412 17 58667 1 58931
2413 29 9892 2 10383
2414 59 17484 3 18064
2415 69 26282 4 27183
2416 71 8501 1 8592
2417 53 48923 1 49366
2418 21 12289 2 13119
2419 33 10045 1 10197
2420 4 64516 1 64974
2421 38 29567 3 29731
2422 10 63133 3 63302
2423 91 40255 3 41071
2424 85 8288 1 9368
2425 46 33154 1 33894
2426 85 54081 1 54884
2427 28 10700 1 11310
2428 29 935 3 1613
2429 86 38152 4 38639
2430 38 20164 1 20711
2431 4 21721 1 22217
2432 64 17611 2 18589
2433 30 38967 1 39682
2434 38 62162 1 62932
2435 3 50920 1 51817
2436 50 44511 1 45311
2437 50 47302 4 47396
2438 48 82 2 242
2439 32 56742 1 57363
2440 35 16424 1 17309
2441 74 31227 1 32110
2442 3 7232 4 8212
2443 71 21865 1 22413
2444 83 67007 1 67598
2445 30 60734 2 61181
2446 67 38152 1 39120
2447 65 7960 1 8628
2448 18 10045 1 11065
2449 59 2642 1 3010
2450 85 46884 1 47079
2451 69 3729 3 4105
2452 63 40830 1 41793
2453 73 48120 1 48369
2454 3 17111 1 17656
2455 23 12154 1 12946
2456 91 66627 1 66883
2457 90 8020 2 8315
2458 28 24213 1 24467
2459 2 26710 3 27212
2460 71 57594 1 58196
2461 38 21549 2 21695
2462 38 19802 3 20106
2463 57 67568 1 68455
2464 24 12228 2 13119
2465 78 60459 1 61416
2466 61 36112 1 36370
2467 18 12228 1 13180
2468 59 36897 1 38718
2469 12 50048 1 50514
2470 85 50048 2 50184
2471 38 66 1 527
2472 56 16804 1 17082
2473 7 51126 1 51727
2474 40 59335 1 59803
2475 42 61397 2 62316
2476 87 23991 3 24990
2477 38 26282 1 26532
2478 78 56423 1 56965
2479 63 34104 1 34552
2480 46 52944 2 53340
2481 50 7232 1 7419
2482 72 67678 1 67975
2483 37 37429 4 37730
2484 70 67678 1 68425
2485 63 66911 1 67321
2486 38 19482 1 20239
2487 53 15943 4 16073
2488 71 67568 3 68472
2489 69 13556 1 14556
2490 12 43370 1 43564
2491 80 10700 2 11080
2492 18 35038 1 35573
2493 26 24213 1 24536
2494 40 51953 1 52372
2495 67 18881 4 18998
2496 61 59779 1 60142
2497 85 47302 1 47457
2498 74 21719 1 21898
2499 74 66627 1 67328
2500 30 44609 1 45250
2501 29 41623 2 41854
2502 59 44511 2 45323
2503 1 19482 1 20071
2504 30 66627 2 66962
2505 14 32568 1 32691
2506 72 54081 1 54600
2507 84 18548 3 18879
2508 48 58667 1 58986
2509 48 61397 1 61814
2510 70 31227 1 32020
2511 84 17111 1 17965
2512 29 38929 1 39732
2513 27 56563 1 56990
2514 85 44511 1 44994
2515 13 18548 1 19293
2516 54 30531 2 30910
2517 3 48343 4 48594
2518 4 34104 1 34283
2519 4 67007 1 67815
2520 3 15943 4 16590
2521 55 57594 3 57998
2522 57 46211 1 47059
2523 4 13966 1 14173
2524 55 49626 4 49927
2525 38 63133 1 64069
2526 84 8182 2 9167
2527 85 50920 2 51039
2528 28 17111 1 17587
2529 85 1620 1 2555
2530 71 21663 1 22562
2531 70 61362 1 61477
2532 38 5343 1 6175
2533 72 36112 1 36755
2534 54 41128 1 41339
2535 60 11295 1 12226
2536 46 66627 1 67303
2537 70 46211 3 46577
2538 86 39565 1 39820
2539 41 5167 2 5823
2540 30 23991 1 24076
2541 42 24213 1 24936
2542 85 36112 1 36507
2543 30 7232 2 7961
2544 31 58072 1 58970
2545 78 1157 1 2039
2546 40 28662 1 29308
2547 5 3729 2 4564
2548 23 8947 1 9762
2549 85 41128 1 42199
2550 40 67007 2 67745
2551 69 44511 3 45275
2552 4 42439 1 43280
2553 69 10700 1 10800
2554 59 56733 1 57556
2555 53 8020 1 8449
2556 61 38523 3 38683
2557 18 48120 1 48685
2558 46 48923 3 49760
2559 38 37340 1 37741
2560 89 10045 1 10756
2561 80 60734 3 61048
2562 61 21330 2 21525
2563 74 22061 3 22644
2564 32 1620 2 2527
2565 70 62477 4 62599
2566 23 13556 1 14141
2567 22 36764 3 36941
2568 30 42439 2 43172
2569 61 67678 1 68518
2570 82 41128 3 41365
2571 38 33427 1 33735
2572 17 40131 1 41516
2573 14 65680 1 65948
2574 32 17484 1 17712
2575 17 56423 1 57098
2576 34 1157 2 2083
2577 90 4520 3 4909
2578 57 39851 2 40123
2579 16 13556 1 13647
2580 50 3729 3 4117
2581 5 18548 2 18686
2582 69 40782 1 41635
2583 29 54709 2 55662
2584 54 16804 1 17018
2585 12 11295 2 11625
2586 54 38152 1 39062
2587 71 64226 1 64505
2588 85 49679 1 50890
2589 38 13556 3 13966
2590 54 60463 2 61397
2591 40 66065 1 66497
2592 51 3729 1 3882
2593 13 67568 3 67663
2594 77 43370 1 44188
2595 68 50351 1 51233
2596 85 51953 3 52255
2597 69 4105 3 4227
2598 54 55201 1 55522
2599 70 24 1 688
2600 21 67007 1 67767
2601 28 30531 3 31247
2602 80 63133 3 64084
2603 34 64531 1 64842
2604 14 2642 1 3526
2605 7 50048 2 50626
2606 38 7960 1 8857
2607 61 48120 1 49039
2608 42 50937 2 51735
2609 53 3729 3 4253
2610 85 56563 1 56891
2611 45 750 1 1157
2612 42 58667 2 58924
2613 1 54081 1 54974
2614 54 58 4 605
2615 15 2642 2 3013
2616 34 30992 1 31554
2617 45 61397 1 61723
2618 80 32568 2 32875
2619 2 581 2 1579
2620 86 30992 1 31154
2621 38 59779 1 60308
2622 16 19802 1 20708
2623 29 40 2 764
2624 74 63133 3 63427
2625 73 11295 3 11623
2626 45 7785 1 8721
2627 78 37429 1 37988
2628 60 41623 1 42205
2629 71 16424 2 16947
2630 77 60463 1 61430
2631 37 64226 1 64525
2632 40 51126 2 51226
2633 90 60435 5 61003
2634 63 49256 1 49868
2635 49 21865 1 22019
2636 78 50920 1 51027
2637 48 7232 1 7800
2638 46 45992 3 46575
2639 23 5229 1 6154
2640 67 19718 1 20155
2641 23 20880 2 21250
2642 74 16424 2 16602
2643 1 1 1 259
2644 52 54709 2 55359
2645 45 24597 1 25167
2646 7 36112 1 36389
2647 61 26447 1 26833
2648 60 3729 1 3898
2649 25 58667 1 59453
2650 3 49410 2 49858
2651 15 46884 4 47007
2652 30 63629 1 64087
2653 54 1128 1 3076
2654 2 17484 3 18222
2655 63 58406 3 59246
2656 10 32568 1 32798
2657 14 31227 1 31772
2658 50 60734 3 60929
2659 54 39302 1 39947
2660 4 37429 1 38368
2661 57 7 1 833
2662 29 46884 1 47760
2663 68 24213 2 24357
2664 42 34543 1 35173
2665 25 13556 1 14526
2666 72 50351 1 50905
2667 83 62162 1 63079
2668 40 58072 2 58761
2669 80 41623 1 42363
2670 50 30531 1 31350
2671 61 19751 2 20677
2672 30 34104 2 34827
2673 49 3729 1 3859
2674 31 20164 1 20675
2675 85 29567 2 29727
2676 39 36142 5 36612
2677 15 37340 4 38193
2678 29 37340 4 38041
2679 23 33154 2 34045
2680 70 13966 1 14675
2681 31 51126 1 52105
2682 29 66911 1 67155
2683 28 38929 1 39422
2684 72 57594 1 57739
2685 18 63133 1 63982
2686 2 57594 1 57803
2687 13 48923 3 49410
2688 77 57704 1 58483
2689 73 3729 1 4641
2690 21 8947 1 9316
2691 17 36966 1 37960
2692 23 38929 2 39465
2693 91 3729 1 3999
2694 30 40782 2 41623
2695 85 65278 2 65433
2696 34 35038 1 35197
2697 24 28161 3 28984
2698 50 11932 3 12111
2699 13 45317 1 45680
2700 38 56873 1 57615
2701 32 37988 1 38476
2702 63 32568 1 32914
2703 47 18548 5 19306
2704 44 54709 3 55148
2705 76 40449 4 40872
2706 85 60459 2 60799
2707 28 8947 4 9787
2708 5 42439 1 43374
2709 68 17111 1 17361
2710 42 60459 1 60949
2711 86 40131 1 40477
2712 38 44511 1 45475
2713 63 36112 1 38063
2714 20 21865 1 22284
2715 38 16424 1 16544
2716 12 9892 1 10727
2717 82 38459 2 39086
2718 27 42439 2 43295
2719 68 62477 1 63236
2720 85 50738 1 51404
2721 70 59893 2 60327
2722 5 46884 2 47507
2723 79 60799 4 60997
2724 17 59779 1 59893
2725 18 49665 1 50396
2726 23 2143 1 3060
2727 52 60734 1 61125
2728 23 54238 1 55180
2729 91 54081 2 54278
2730 38 43964 1 45028
2731 17 51396 1 51702
2732 42 10796 1 12154
2733 43 8947 2 9765
2734 38 4758 3 5109
2735 5 21549 1 21922
2736 70 35711 1 36327
2737 38 45992 1 46734
2738 27 10700 1 11140
2739 71 56733 1 57001
2740 38 34543 1 35245
2741 22 16804 3 17161
2742 37 34104 1 34290
2743 74 57704 1 58217
2744 23 41128 2 41703
2745 20 36897 4 37589
2746 35 4758 1 4868
2747 10 19639 1 20496
2748 70 49665 1 50496
2749 72 17018 1 17797
2750 85 43370 2 43961
2751 78 44511 1 45334
2752 1 8182 1 9091
2753 29 26282 1 26866
2754 30 56873 1 57465
2755 3 60783 2 61380
2756 52 64516 2 65101
2757 48 18257 1 18847
2758 42 62162 1 62964
2759 78 9892 1 10450
2760 49 20880 1 21541
2761 70 46884 2 47070
2762 45 1157 1 1445
2763 3 10045 4 10732
2764 10 34371 2 34688
2765 24 4758 1 5343
2766 72 51396 1 52369
2767 69 49256 2 49943
2768 48 13556 1 14474
2769 76 25299 2 25435
2770 18 66627 1 67195
2771 85 21549 2 21861
2772 56 935 1 1674
2773 59 19076 1 19849
2774 36 17611 1 18382
2775 17 1620 1 1767
2776 85 57594 2 58207
2777 69 15943 1 16420
2778 49 23991 1 24261
2779 54 29567 1 30376
2780 12 21330 1 21754
2781 90 10045 5 10133
2782 34 32568 2 33062
2783 23 46884 1 47845
2784 72 59335 1 59611
2785 28 51953 2 52814
2786 70 64394 1 65207
2787 83 10700 1 11295
2788 86 50048 3 50419
2789 45 16458 1 16893
2790 78 8947 1 9738
2791 83 10045 1 10671
2792 26 37988 1 38659
2793 38 39851 2 40653
2794 50 37988 2 38664
2795 76 37382 2 37885
2796 14 4758 1 4866
2797 79 43370 4 43561
2798 7 34104 1 34460
2799 2 22061 3 22186
2800 30 19482 3 19718
2801 71 28703 1 29020
2802 69 36507 1 36995
2803 90 41623 1 42098
2804 2 30531 1 30991
2805 10 8136 1 8581
2806 64 67678 3 68463
2807 17 60734 1 61326
2808 12 28161 1 28639
2809 42 18420 2 19233
2810 28 43062 1 43688
2811 14 38152 1 38330
2812 39 48923 4 49052
2813 31 59335 1 59836
2814 46 43 1 787
2815 63 62162 1 63081
2816 54 44511 1 45156
2817 8 935 1 1053
2818 26 54238 2 55143
2819 30 54709 1 55677
2820 10 7232 1 7830
2821 23 51953 1 52481
2822 54 41128 1 41871
2823 86 54081 1 54335
2824 70 42439 1 43348
2825 35 24543 1 24752
2826 85 20526 1 21310
2827 50 40449 1 40568
2828 15 2143 1 2288
2829 18 37988 1 38138
2830 54 36112 3 36804
2831 12 49609 1 49946
2832 35 11295 1 12139
2833 76 26710 3 26896
2834 47 37988 2 38746
2835 82 28827 3 29613
2836 70 43832 3 43942
2837 15 50920 4 51762
2838 28 58667 1 58854
2839 59 41128 2 41771
2840 50 16458 1 17438
2841 71 14608 1 15535
2842 78 63133 1 63420
2843 84 27632 3 27813
2844 85 36764 1 37937
2845 55 36764 3 37300
2846 4 35711 1 36143
2847 14 44804 1 45650
2848 79 26956 4 27472
2849 38 64937 1 65057
2850 14 8182 1 8584
2851 23 43370 2 43579
2852 72 16089 1 16476
2853 68 48120 1 48444
2854 11 37340 1 37621
2855 42 1620 1 2633
2856 71 15535 1 16656
2857 82 39851 5 40646
2858 70 24543 1 24722
2859 21 10700 1 11383
2860 32 59779 1 60101
2861 11 41128 2 41493
2862 13 18548 4 19235
2863 54 48120 1 48676
2864 72 56423 1 57266
2865 54 42439 3 42967
2866 47 54081 3 54446
2867 74 66065 1 66515
2868 22 58667 1 59617
2869 26 56873 1 57699
2870 23 64226 1 65734
2871 48 57594 2 58228
2872 5 50920 1 51808
2873 8 15535 1 15882
2874 78 12021 1 12433
2875 14 28827 1 29324
2876 68 1620 3 1904
2877 12 21865 1 22634
2878 59 27632 2 28151
2879 35 15040 1 15939
2880 38 52944 2 54081
2881 44 28593 1 28730
2882 63 45211 1 45578
2883 64 48923 3 49654
2884 45 50351 2 51211
2885 12 63133 1 63336
2886 59 19936 1 20285
2887 18 35 1 688
2888 3 63133 2 63389
2889 35 29567 1 30452
2890 74 8947 4 9638
2891 83 7232 1 8171
2892 82 32568 1 33718
2893 15 63629 3 64572
2894 85 58667 1 59077
2895 69 1128 1 1528
2896 38 67678 1 68517
2897 34 34104 1 34784
2898 80 54081 1 54423
2899 51 1912 1 2142
2900 40 3739 2 4489
2901 8 62477 1 63159
2902 8 21330 1 21945
2903 23 43832 1 44356
2904 42 28161 3 28561
2905 43 66627 1 67331
2906 44 37340 1 37639
2907 71 21330 2 21736
2908 74 59335 3 59802
2909 30 64516 1 65278
2910 42 30992 3 31595
2911 21 15040 1 15357
2912 38 41623 2 42214
2913 45 59779 1 60175
2914 40 20214 1 20781
2915 90 64419 1 64536
2916 30 21549 1 21721
2917 38 24543 1 25299
2918 69 45992 1 46087
2919 32 5343 1 5637
2920 71 60783 2 61222
2921 63 29567 1 30143
2922 27 1128 1 1787
2923 65 10045 1 10683
2924 22 8182 3 8533
2925 68 58667 1 59628
2926 14 43174 1 43936
2927 85 67007 1 68033
2928 61 49256 1 50176
2929 70 64226 2 64887
2930 73 57594 1 58438
2931 18 54465 1 55555
2932 18 36764 1 37559
2933 74 11295 1 11611
2934 11 8182 2 8275
2935 54 49609 2 50235
2936 15 7232 2 8174
2937 38 45211 1 45992
2938 69 7785 1 8726
2939 35 32568 1 32876
2940 57 10796 1 11015
2941 50 40782 1 41495
2942 53 11295 2 11811
2943 26 60435 2 60884
2944 2 36020 1 36131
2945 85 11799 1 12425
2946 54 37340 1 38104
2947 91 17111 2 18060
2948 45 56873 1 57013
2949 44 11295 1 11918
2950 34 62827 2 63819
2951 29 67007 1 67253
2952 64 28827 1 29792
2953 4 11548 1 12124
2954 54 25299 1 26124
2955 80 35038 1 35257
2956 13 13556 3 13964
2957 85 15943 2 16218
2958 26 38152 1 39149
2959 38 56423 3 56745
2960 65 57594 1 58264
2961 56 67568 2 68039
2962 74 64 3 278
2963 27 13556 1 14234
2964 25 65734 1 65999
2965 61 19482 1 19661
2966 91 18881 3 19325
2967 14 34184 1 34363
2968 74 5229 2 6087
2969 70 9892 1 10126
2970 30 57594 1 58109
2971 16 34184 1 34996
2972 32 50235 1 50317
2973 38 49256 2 50048
2974 29 48923 2 49678
2975 78 18548 1 19004
2976 77 28827 1 29736
2977 77 38152 1 39061
2978 22 56873 4 57283
2979 54 29567 1 30594
2980 80 3729 3 4538
2981 10 11295 2 11950
2982 70 59779 2 60040
2983 32 48923 1 49224
2984 61 8947 1 9658
2985 46 21330 2 21836
2986 7 44994 1 45762
2987 68 20880 3 21252
2988 72 60734 1 60933
2989 8 19751 1 19935
2990 4 1128 1 1999
2991 71 28593 1 28703
2992 69 19639 2 20519
2993 34 57594 1 57735
2994 39 17018 3 17201
2995 35 63133 1 63749
2996 85 17024 1 17978
2997 87 37988 4 38877
2998 42 41128 1 42044
2999 12 67007 1 67504
3000 76 34104 4 34688
3001 72 9892 3 10014
3002 8 46884 1 47099
3003 77 15519 1 16257
3004 48 48923 1 49092
3005 29 24543 1 24894
3006 85 25299 1 25627
3007 27 67007 2 67760
3008 10 57704 1 58011
3009 44 35038 1 35914
3010 43 8123 4 8556
3011 23 8182 2 8598
3012 48 2642 1 3393
3013 46 67568 2 68157
3014 32 9088 1 9804
3015 12 5077 1 5541
3016 14 8692 1 9463
3017 80 39302 4 40090
3018 56 5343 1 5987
3019 85 16424 1 17296
3020 74 56733 1 57636
3021 72 46884 1 47801
3022 90 50738 3 50996
3023 38 56895 2 57824
3024 72 14608 1 15583
3025 70 1128 1 1925
3026 87 11295 4 12097
3027 73 48923 1 49591
3028 35 23 1 732
3029 29 36764 2 37277
3030 68 19482 2 19755
3031 60 65278 1 65840
3032 35 47470 1 48195
3033 70 65680 2 66214
3034 80 5229 1 6151
3035 32 35038 2 35675
3036 7 7232 1 8075
3037 48 51953 2 52278
3038 69 47470 2 47598
3039 7 57594 2 57919
3040 88 63133 1 63258
3041 72 116 1 984
3042 26 10700 2 11256
3043 16 49256 1 49452
3044 4 7232 1 7600
3045 47 19751 1 20057
3046 74 27632 1 28400
3047 55 39302 4 39827
3048 53 26447 1 27202
3049 86 41128 1 41537
3050 51 13556 1 13841
3051 38 23387 1 23540
3052 50 21330 3 21748
3053 27 18257 1 18377
3054 85 63133 1 63571
3055 46 54709 3 55038
3056 76 63629 5 64595
3057 25 67678 1 68614
3058 80 8 1 986
3059 56 11295 2 12256
3060 59 23387 3 23597
3061 72 54709 1 55032
3062 15 45211 4 46122
3063 60 54081 1 54537
3064 50 8182 1 8741
3065 24 14608 2 14733
3066 48 28161 1 28381
3067 63 38929 1 40123
3068 45 19076 1 19684
3069 47 39565 5 40506
3070 51 57594 1 58079
3071 50 36112 3 36484
3072 42 28593 4 28791
3073 17 62827 1 63305
3074 50 57594 1 58265
3075 68 27632 1 28517
3076 74 50351 2 51002
3077 50 17640 3 17809
3078 51 10700 1 10921
3079 25 18548 1 19338
3080 23 18257 1 18987
3081 29 43370 3 44049
3082 80 43370 3 44227
3083 10 40131 3 41077
3084 7 15519 1 15935
3085 30 34184 1 34851
3086 54 15532 2 16226
3087 3 18257 3 18956
3088 8 5167 1 5913
3089 54 7232 1 7460
3090 80 50351 2 50511
3091 73 34157 3 34912
3092 54 37340 2 37923
3093 73 10700 3 10865
3094 57 21330 1 21776
3095 72 63133 1 64089
3096 33 50351 2 51158
3097 83 11548 1 12327
3098 57 4440 2 5154
3099 13 46884 1 47392
3100 32 47302 1 48212
3101 23 49609 1 50005
3102 27 34104 1 34756
3103 71 36142 1 36827
3104 46 3729 1 4257
3105 86 31227 3 31353
3106 68 750 1 1494
3107 5 20169 1 20302
3108 74 50955 1 51658
3109 14 56891 1 57766
3110 82 15943 3 16555
3111 64 46884 4 47596
3112 14 11548 1 12488
3113 27 64419 1 64536
3114 30 13556 1 14439
3115 85 879 1 1620
3116 79 61397 3 61878
3117 56 46884 1 47370
3118 17 47470 1 48169
3119 64 17024 2 17373
3120 1 63629 1 64527
3121 82 43370 2 43909
3122 67 57594 1 58039
3123 57 34104 1 34679
3124 61 33154 1 34097
3125 49 14871 1 14973
3126 10 44609 3 45078
3127 13 17611 2 18106
3128 37 31227 1 32136
3129 29 45426 2 45953
3130 26 39302 1 40051
3131 55 24543 3 24718
3132 15 56423 3 57306
3133 56 57704 1 58557
3134 28 18420 1 18583
3135 85 64226 1 64516
3136 67 7232 1 8032
3137 71 7232 1 7853
3138 48 28593 2 29476
3139 63 44511 4 44954
3140 13 36112 4 37064
3141 28 34104 1 35051
3142 86 58667 3 59456
3143 38 23991 1 24543
3144 10 16804 4 17769
3145 15 48120 2 48253
3146 23 15519 2 16089
3147 85 2143 1 2403
3148 35 33154 1 34013
3149 80 7232 1 8209
3150 85 2892 1 3502
3151 77 3729 1 4249
3152 83 48923 1 49914
3153 61 58667 1 59292
3154 23 58122 2 58527
3155 61 34104 1 34516
3156 46 50048 1 50930
3157 35 19639 1 19940
3158 23 22061 1 22414
3159 47 5229 5 5471
3160 13 47470 4 48402
3161 30 63133 3 63629
3162 59 13556 1 14880
3163 29 50920 3 51669
3164 69 62477 2 62874
3165 18 16458 1 16706
3166 23 14608 2 15339
3167 74 29567 1 30031
3168 48 46884 1 47596
3169 70 50937 2 51205
3170 67 56782 1 57594
3171 86 64226 1 64382
3172 26 22061 1 22784
3173 1 11295 1 11932
3174 91 58072 1 58865
3175 27 43370 1 43939
3176 70 4034 4 4924
3177 38 36020 2 36764
3178 28 61216 1 62830
3179 20 8136 2 8600
3180 17 4758 1 5077
3181 3 45578 2 45682
3182 38 33952 1 34854
3183 85 4758 2 5229
3184 69 38929 1 39083
3185 32 120 2 948
3186 50 15532 3 16516
3187 35 49256 1 49935
3188 68 41623 4 42077
3189 54 65278 1 66108
3190 50 37340 2 37438
3191 13 35038 3 35540
3192 45 60783 1 61504
3193 63 48120 2 49077
3194 74 64419 1 65292
3195 79 33735 2 33876
3196 16 26282 1 26452
3197 21 16424 1 16993
3198 27 38523 1 39376
3199 46 64226 1 64996
3200 70 39565 2 39893
3201 32 18548 1 18872
3202 15 49256 4 49845
3203 60 9892 1 10279
3204 36 3729 1 4241
3205 28 37988 2 38610
3206 4 5229 1 6019
3207 23 65278 1 65661
3208 22 71 3 559
3209 23 45211 1 46419
3210 10 47470 1 48097
3211 73 23991 1 24320
3212 50 54238 1 54388
3213 74 8020 1 8513
3214 63 27632 1 27765
3215 32 50184 1 50848
3216 15 19076 2 19209
3217 2 11295 1 11930
3218 26 44687 1 45416
3219 27 36837 1 37693
3220 17 40 1 1164
3221 13 27213 1 27447
3222 49 48120 1 49120
3223 26 37429 1 38055
3224 54 10700 1 11027
3225 72 39851 3 40236
3226 32 3729 2 3841
3227 12 36764 1 37690
3228 1 5229 1 5597
3229 72 13556 1 14365
3230 49 35038 1 35169
3231 43 49410 4 49622
3232 26 28161 1 28599
3233 74 18881 3 19145
3234 61 36764 2 37528
3235 38 64226 3 64937
3236 90 65278 3 66207
3237 47 56895 3 57223
3238 38 61362 1 61875
3239 80 35711 1 36002
3240 78 17640 1 18337
3241 54 2642 1 3413
3242 68 17611 1 18342
3243 50 36764 3 37210
3244 38 66989 1 67678
3245 29 63133 2 63422
3246 48 11295 2 11446
3247 54 48923 4 49609
3248 26 32568 1 33153
3249 72 1128 1 1905
3250 23 57704 1 58122
3251 87 11295 1 12038
3252 86 64394 2 65378
3253 85 52752 1 53287
3254 38 60435 1 61246
3255 16 67678 1 68101
3256 3 27583 4 28427
3257 38 29567 1 30531
3258 70 66627 1 67379
3259 49 67007 1 67742
3260 32 54081 1 54855
3261 36 26447 2 27004
3262 71 51953 1 52628
3263 85 37988 1 38384
3264 50 54238 2 55033
3265 31 49256 1 49945
3266 28 12154 2 12353
3267 26 40449 1 40939
3268 42 5343 1 5566
3269 32 48120 1 48211
3270 91 7343 1 8246
3271 55 17111 2 17210
3272 46 19076 2 19416
3273 67 41623 1 42501
3274 32 26282 2 27161
3275 71 9892 1 10320
3276 57 57594 2 58310
3277 15 16424 3 17154
3278 63 10700 1 10856
3279 80 20526 1 20736
3280 29 10700 1 11067
3281 49 34104 1 34807
3282 74 9892 1 10138
3283 70 26956 4 27490
3284 46 41128 1 42075
3285 70 40782 2 41556
3286 72 19639 1 19960
3287 72 5167 1 5566
3288 69 8947 1 9180
3289 7 63133 1 63290
3290 65 58667 1 58850
3291 90 20214 1 20385
3292 45 38152 1 39082
3293 76 9892 2 10029
3294 17 59893 1 60500
3295 29 19639 1 20256
3296 82 10045 3 10173
3297 74 15943 2 16755
3298 85 54081 1 54307
3299 42 33427 1 33951
3300 2 65680 1 66540
3301 40 48120 1 48516
3302 84 15943 1 16765
3303 38 64 1 581
3304 50 19639 3 19741
3305 7 38945 1 39458
3306 35 44804 1 45286
3307 15 28161 3 28967
3308 14 19639 1 19840
3309 45 34184 1 34858
3310 68 66989 1 67363
3311 26 56873 1 57779
3312 30 41623 1 41790
3313 63 20880 1 21335
3314 38 39851 1 40782
3315 14 36507 1 36683
3316 61 43832 1 44567
3317 54 10045 2 10628
3318 85 33735 1 34157
3319 47 41128 3 41778
3320 54 34543 2 35434
3321 60 581 1 1011
3322 54 36507 1 36843
3323 67 54238 3 54554
3324 29 24317 1 24598
3325 65 56895 1 57502
3326 14 54081 1 54626
3327 2 58406 3 59070
3328 50 32568 3 33301
3329 64 52255 2 52490
3330 86 56742 2 57413
3331 1 60435 1 60911
3332 15 36020 1 36476
3333 38 11295 1 11909
3334 77 39851 1 40050
3335 26 40782 1 41092
3336 10 50351 1 50517
3337 30 5361 1 6448
3338 76 48120 1 49097
3339 10 28593 2 29283
3340 44 38152 4 38973
3341 10 36764 1 37650
3342 71 54081 1 54482
3343 67 46884 3 47354
3344 67 15532 1 16329
3345 71 42920 1 43174
3346 74 750 1 843
3347 61 40131 1 40484
3348 45 21044 1 21865
3349 69 4677 4 5364
3350 75 48120 5 48694
3351 54 54238 2 54332
3352 37 24543 3 24786
3353 15 50048 3 50434
3354 42 67568 3 68543
3355 10 1128 2 1491
3356 34 16458 1 16821
3357 79 8182 3 8866
3358 15 21865 3 22809
3359 38 58031 3 58778
3360 63 43062 1 43520
3361 27 47470 2 48058
3362 10 62162 1 62432
3363 76 65278 3 65411
3364 71 8020 1 8501
3365 70 18881 1 19076
3366 38 67007 1 67374
3367 49 30992 1 31812
3368 72 39851 1 40348
3369 77 26710 1 27655
3370 54 4758 3 5285
3371 12 38152 1 38305
3372 14 43964 1 44768
3373 24 54709 1 54952
3374 15 1266 3 2131
3375 42 28827 4 29764
3376 81 46884 3 47822
3377 13 19684 4 20039
3378 22 44994 4 45234
3379 42 750 1 1365
3380 59 11295 2 11884
3381 54 50048 1 51673
3382 16 8182 1 8470
3383 30 52119 1 52656
3384 12 16424 1 16532
3385 33 8020 2 8923
3386 78 28161 1 28484
3387 32 13556 1 14107
3388 47 45426 1 46166
3389 3 54081 1 54637
3390 83 28161 1 29084
3391 85 66627 1 66872
3392 15 26956 3 27812
3393 45 38152 1 38234
3394 74 15943 1 16195
3395 76 1445 1 2120
3396 12 9088 2 9757
3397 59 46884 2 47659
3398 28 15943 1 16143
3399 10 58406 1 58826
3400 74 25299 2 26254
3401 54 60463 1 61192
3402 18 8182 1 8857
3403 54 17018 2 17123
3404 20 9892 3 10490
3405 70 41623 1 42448
3406 70 33154 2 33711
3407 54 11548 2 11821
3408 68 41128 1 41241
3409 28 2143 1 2566
3410 59 20880 3 21294
3411 28 65278 1 65819
3412 47 3729 4 4528
3413 64 3729 3 4461
3414 54 18881 2 19056
3415 34 40131 1 40633
3416 47 33154 1 33755
3417 20 3729 5 4660
3418 71 60175 3 60783
3419 23 17611 1 17820
3420 55 30992 4 31346
3421 17 3729 1 4623
3422 82 65278 1 66182
3423 45 57594 2 58590
3424 71 29567 1 30606
3425 61 60734 1 61121
3426 25 17640 1 17908
3427 77 44511 1 45250
3428 80 62162 1 62827
3429 70 12289 1 12905
3430 64 51126 4 51217
3431 7 40782 2 41108
3432 86 60435 2 60962
3433 21 54465 1 54569
3434 1 15535 1 16131
3435 51 41623 1 42062
3436 43 21330 1 21950
3437 22 3729 3 4325
3438 72 38929 1 39209
3439 24 48923 1 49597
3440 10 45211 1 45903
3441 27 3 2 572
3442 54 46884 3 47713
3443 39 8123 1 8812
3444 50 35711 1 36421
3445 40 11295 2 12165
3446 57 13556 1 14413
3447 30 26282 1 27583
3448 86 34104 3 34827
3449 38 2642 1 3729
3450 11 40449 1 41128
3451 59 50048 3 50699
3452 35 13556 1 14364
3453 71 38152 1 38309
3454 74 38929 4 39498
3455 30 58667 2 59478
3456 54 55201 1 55822
3457 42 39302 2 39788
3458 18 5229 1 5707
3459 44 1128 2 1987
3460 54 21549 3 21822
3461 7 1128 1 1603
3462 30 61397 1 62394
3463 30 61397 2 62139
3464 6 15532 2 16116
3465 3 3729 4 3855
3466 32 24213 1 25023
3467 26 15040 1 15418
3468 30 48923 1 50351
3469 14 7232 1 7444
3470 77 9892 1 10700
3471 35 750 1 1402
3472 32 41623 1 41801
3473 54 65680 1 65842
3474 16 33154 1 33857
3475 81 37382 1 38327
3476 47 46884 3 47075
3477 70 62162 1 62617
3478 42 7543 1 8182
3479 1 65680 1 66328
3480 47 16089 2 16399
3481 85 45211 1 45607
3482 35 35038 1 35915
3483 45 16839 1 17397
3484 18 66065 1 66161
3485 70 33735 1 34172
3486 73 19639 3 20294
3487 17 45992 1 46969
3488 90 15532 2 15825
3489 55 38 2 678
3490 21 67568 1 68013
3491 86 24543 1 24742
3492 79 11932 1 12775
3493 15 51953 4 52320
3494 50 46884 1 47196
3495 30 56873 1 57866
3496 63 26989 1 27525
3497 42 42439 1 43150
3498 85 21330 1 21523
3499 71 60799 1 61273
3500 49 57594 1 58261
3501 21 28161 1 28537
3502 54 17018 1 17661
3503 23 44511 1 45076
3504 30 29567 1 30061
3505 38 52752 4 52944
3506 83 39565 1 40440
3507 78 65278 1 66065
3508 7 41128 1 41915
3509 30 8136 2 8808
3510 76 27632 2 28409
3511 54 65680 1 65816
3512 73 43832 2 44809
3513 2 59779 1 60098
3514 29 30531 2 30825
3515 61 50351 1 50653
3516 63 54081 2 54650
3517 79 47302 4 48062
3518 61 15943 3 16804
3519 71 44511 1 45211
3520 33 63629 2 63891
3521 48 59779 2 60043
3522 3 29567 4 29869
3523 37 32568 3 33077
3524 79 60175 3 60613
3525 28 3729 1 4831
3526 24 31227 1 31698
3527 46 44687 1 45390
3528 71 58667 1 59970
3529 5 20880 1 21042
3530 37 15535 3 16237
3531 42 15040 1 16372
3532 68 52944 1 53941
3533 70 24543 2 24965
3534 63 7232 1 7351
3535 48 16424 2 17230
3536 10 1620 1 2198
3537 61 44609 1 45492
3538 13 20880 1 21623
3539 10 11932 1 12408
3540 18 50738 1 51076
3541 30 21721 1 22097
3542 84 5343 1 5604
3543 85 42439 5 43370
3544 70 48120 1 48293
3545 71 20880 1 21198
3546 53 50048 2 50501
3547 86 16424 1 16819
3548 85 19482 3 19751
3549 53 10045 1 10680
3550 7 11295 2 12182
3551 34 21719 1 22518
3552 28 49256 1 50188
3553 32 19482 1 20199
3554 71 4758 1 5109
3555 67 8501 1 9301
3556 2 51953 1 52123
3557 45 44511 1 45426
3558 28 7232 1 7618
3559 64 36020 4 36939
3560 78 35038 1 35434
3561 10 15519 4 16052
3562 25 11295 2 11460
3563 43 51953 3 52301
3564 55 3729 3 4373
3565 24 23387 2 24370
3566 39 22061 3 22975
3567 34 56873 2 56988
3568 46 9892 2 10409
3569 26 65278 1 66058
3570 69 1647 1 2550
3571 44 50937 1 51617
3572 4 61397 1 62386
3573 54 14140 2 14385
3574 77 11932 1 12841
3575 21 50351 1 50517
3576 32 40131 1 40916
3577 38 1266 1 2143
3578 54 19639 4 20214
3579 13 38152 2 38559
3580 51 11548 1 12343
3581 28 36764 2 37859
3582 8 47470 1 47728
3583 13 65680 1 66114
3584 26 1647 2 2438
3585 64 45992 2 46793
3586 38 52944 2 53514
3587 14 38967 1 39315
3588 63 45578 2 46240
3589 5 44511 1 45300
3590 63 61397 1 61865
3591 30 66627 1 66798
3592 45 1320 1 2217
3593 18 18257 1 18792
3594 71 26282 2 26956
3595 14 16 1 657
3596 38 39428 1 39851
3597 42 66627 4 67028
3598 12 57594 2 58500
3599 87 33 1 401
3600 35 43832 1 44423
3601 34 52255 2 53018
3602 86 35038 1 35747
3603 73 24597 1 24789
3604 1 18881 1 19482
3605 69 750 2 1413
3606 77 64226 1 65138
3607 53 63133 1 63687
3608 85 8592 1 8777
3609 63 35038 1 35423
3610 1 42439 1 43193
3611 34 20214 1 20302
3612 7 60783 1 61435
3613 22 22325 1 23204
3614 59 60175 3 61167
3615 4 28161 1 29063
3616 85 5704 1 7232
3617 16 28827 1 29328
3618 65 12228 1 12620
3619 57 2642 1 3633
3620 63 63629 2 64063
3621 29 18881 4 19557
3622 85 15943 1 16778
3623 54 37988 1 38152
3624 54 19076 1 19160
3625 29 36764 4 37502
3626 50 28161 4 28646
3627 42 23387 1 24173
3628 70 8692 1 9197
3629 64 24543 3 24900
3630 69 34104 1 34590
3631 85 9892 1 10811
3632 73 52255 1 52502
3633 73 2642 1 3559
3634 72 30531 1 30646
3635 14 15532 1 16310
3636 1 56423 1 56906
3637 45 38523 1 38901
3638 7 62162 1 63061
3639 67 36112 1 36781
3640 49 5077 1 5298
3641 85 51126 1 51830
3642 73 42439 2 43324
3643 54 41623 2 42375
3644 61 59335 1 59717
3645 17 7785 1 7903
3646 69 10700 2 11159
3647 30 50351 2 51126
3648 74 18257 1 18338
3649 78 15943 1 16676
3650 17 34104 1 34448
3651 63 63133 1 63407
3652 23 36897 1 37648
3653 72 64226 1 64981
3654 42 38929 2 39251
3655 68 5229 1 6119
3656 26 53 1 170
3657 42 34394 3 35117
3658 77 63133 1 63819
3659 91 28827 1 29170
3660 27 48120 2 48256
3661 69 37340 2 37704
3662 10 62477 1 63316
3663 38 48923 1 49256
3664 69 64226 1 64396
3665 59 10045 3 10578
3666 63 14608 4 15163
3667 59 58667 1 59009
3668 85 52255 1 52918
3669 70 48923 1 49665
3670 1 23387 1 23965
3671 85 5229 1 5406
3672 15 42920 2 43638
3673 54 28161 2 28853
3674 80 18548 1 19139
3675 85 66 1 1001
3676 53 15535 2 15881
3677 79 20164 4 20893
3678 90 28161 3 28243
3679 69 16804 1 17366
3680 54 24597 1 24835
3681 85 33952 1 35249
3682 2 54081 2 54318
3683 55 19482 2 20136
3684 8 48120 1 48558
3685 50 40282 1 40445
3686 12 48923 2 49036
3687 44 54081 3 54182
3688 72 23387 1 23867
3689 15 52944 1 53388
3690 18 45211 1 46156
3691 67 9892 2 10700
3692 15 44687 2 44914
3693 1 18257 1 18682
3694 46 56423 1 56953
3695 86 33057 1 33280
3696 85 36020 1 36112
3697 68 51953 2 52263
3698 23 39565 1 39858
3699 10 33735 1 34371
3700 17 9892 1 10103
3701 25 66627 1 67216
3702 3 5077 4 5227
3703 57 5343 1 6132
3704 70 58072 4 58186
3705 76 11295 1 11377
3706 53 56423 3 56886
3707 67 35038 1 35745
3708 69 64516 1 65213
3709 32 46884 1 47054
3710 23 9892 1 11211
3711 74 45323 2 45668
3712 26 67007 2 67088
3713 70 38929 1 39259
3714 27 44511 1 45469
3715 10 30992 1 31192
3716 67 64226 2 64938
3717 72 62162 1 62450
3718 26 67568 2 67994
3719 42 59779 1 59981
3720 70 43370 1 44270
3721 44 10045 3 10730
3722 55 17611 4 18247
3723 72 40449 1 40795
3724 31 5343 1 6205
3725 71 24543 3 24641
3726 78 10700 1 11474
3727 8 33735 1 34146
3728 78 37988 1 38977
3729 42 26282 1 26710
3730 46 32568 2 32717
3731 14 59779 1 60132
3732 70 20880 1 21434
3733 65 10700 1 11216
3734 6 37429 3 37540
3735 20 46884 2 47185
3736 74 16458 1 16833
3737 55 7232 3 7636
3738 85 2642 1 2892
3739 74 20214 1 21058
3740 91 62162 2 63156
3741 61 57594 1 58121
3742 28 18736 1 19394
3743 8 40131 1 40288
3744 78 8020 1 8947
3745 76 7232 1 8070
3746 54 20214 2 20332
3747 59 3 1 1178
3748 20 38459 1 38661
3749 73 67007 2 67237
3750 65 25299 1 26106
3751 31 7960 1 8614
3752 67 12289 1 12477
3753 23 16424 1 17306
3754 1 9892 1 10146
3755 17 36764 1 36966
3756 27 44511 1 44894
3757 69 13 2 485
3758 12 51396 1 52110
3759 35 61397 1 61814
3760 1 26710 1 27126
3761 38 54238 3 54497
3762 27 27632 1 27937
3763 67 17111 1 17929
3764 86 2143 1 2602
3765 71 65433 1 66808
3766 32 63133 2 63798
3767 7 32568 2 33542
3768 85 59335 2 60459
3769 69 21330 1 21785
3770 60 67007 1 67251
3771 35 57594 1 57854
3772 26 49609 1 49815
3773 10 59335 2 60171
3774 45 25299 1 25535
3775 90 37340 3 37566
3776 18 54081 1 54465
3777 85 64226 1 64605
3778 27 56733 1 57368
3779 84 36142 2 36417
3780 61 20880 1 21022
3781 54 59779 1 59931
3782 85 7232 1 7960
3783 55 63629 2 64066
3784 61 7232 1 8195
3785 18 65278 1 65841
3786 57 33154 1 33773
3787 15 34104 1 34858
3788 24 45992 1 46216
3789 10 43832 1 44571
3790 87 40282 5 40857
3791 74 18420 2 18818
3792 85 30992 1 32568
3793 29 7232 2 7918
3794 38 28593 1 28827
3795 51 29567 1 30057
3796 46 30531 2 31442
3797 23 31141 1 31461
3798 1 47302 1 47586
3799 54 54081 2 54513
3800 54 36897 1 37382
3801 15 32568 1 32776
3802 72 21549 1 22083
3803 77 67007 1 67698
3804 44 39565 4 40127
3805 23 50920 1 51731
3806 10 48120 3 48525
3807 59 51440 2 51932
3808 80 64226 2 64865
3809 49 7232 1 7408
3810 85 21865 1 21945
3811 85 11295 1 11799
3812 35 54081 1 54618
3813 29 3729 1 4127
3814 5 37340 1 37667
3815 64 1912 1 2056
3816 90 52944 3 53154
3817 54 49609 4 49865
3818 71 13556 2 14209
3819 70 33952 1 34780
3820 45 41128 1 42056
3821 90 49256 3 50243
3822 70 37340 3 37570
3823 23 40131 1 40437
3824 63 60799 1 61373
3825 18 51440 1 51830
3826 12 52255 1 53014
3827 70 16839 1 16997
3828 32 62162 1 62734
3829 18 52944 1 53352
3830 46 62162 3 62480
3831 6 50351 2 50786
3832 1 17111 1 17659
3833 17 48923 1 49293
3834 85 40282 1 40833
3835 57 40131 1 40523
3836 4 44511 1 44769
3837 6 5229 3 6081
3838 89 57704 2 58421
3839 21 14140 1 14761
3840 50 39565 3 40007
3841 61 46884 1 47844
3842 78 66065 1 66681
3843 33 16839 2 17621
3844 38 21424 2 21928
3845 42 3729 1 3826
3846 79 43964 2 44319
3847 81 45323 1 46235
3848 3 34157 1 34723
3849 85 10045 1 10312
3850 3 11295 3 12140
3851 32 32568 1 33552
3852 30 8020 1 8402
3853 32 16839 1 17764
3854 63 4520 1 5777
3855 78 51953 1 52060
3856 38 3729 4 4440
3857 71 18736 1 19133
3858 28 24543 2 24873
3859 42 2642 1 3040
3860 13 11295 2 11376
3861 31 39428 1 39783
3862 26 8209 2 9177
3863 20 26956 5 27228
3864 16 56423 1 56692
3865 28 2642 1 3536
3866 68 51440 2 52270
3867 16 35038 1 35269
3868 53 43370 3 44262
3869 74 11295 1 11560
3870 7 24543 1 25095
3871 2 61397 1 61511
3872 13 45992 4 46681
3873 86 67568 1 68497
3874 73 57704 1 57954
3875 32 64226 2 64611
3876 20 63133 4 63776
3877 38 38459 1 39428
3878 29 40255 2 41052
3879 10 26447 3 26777
3880 17 30531 1 31131
3881 42 46884 1 47302
3882 72 37429 4 37920
3883 34 45317 3 45478
3884 80 48343 1 48592
3885 14 3729 1 4193
3886 85 41128 1 42270
3887 80 8209 4 8808
3888 63 8947 1 9119
3889 36 45211 1 45977
3890 20 45323 2 46243
3891 50 51440 1 51753
3892 30 41623 1 42308
3893 2 56423 1 57196
3894 15 38929 3 39632
3895 8 28161 1 28773
3896 68 4758 1 5203
3897 38 9892 1 10226
3898 81 16424 1 17312
3899 54 34104 1 34543
3900 4 48343 1 48553
3901 70 62827 3 62968
3902 38 935 1 1037
3903 77 16424 1 17117
3904 54 18257 1 18392
3905 3 64226 4 65195
3906 56 49609 2 50048
3907 34 2642 1 2818
3908 59 48120 2 48285
3909 72 23991 1 24966
3910 35 9892 1 10051
3911 21 58667 1 59641
3912 38 4440 3 4758
3913 50 63133 1 64106
3914 30 34184 1 34414
3915 43 24317 1 24794
3916 69 17611 2 18321
3917 1 44994 1 45987
3918 26 41128 1 41703
3919 23 71 1 1066
3920 63 8947 1 10146
3921 54 605 1 1761
3922 86 935 1 1102
3923 50 43964 2 44355
3924 33 14608 2 15191
3925 46 57594 1 57677
3926 24 37988 1 38637
3927 90 23 3 175
3928 85 26282 1 26989
3929 7 8947 1 9311
3930 80 46211 2 46956
3931 28 21719 2 22593
3932 86 36112 2 36631
3933 5 51953 1 52942
3934 61 64937 1 65418
3935 57 23387 1 23812
3936 51 62477 1 62798
3937 1 16424 1 16914
3938 25 22061 2 22341
3939 28 39851 1 40277
3940 13 14608 1 15496
3941 28 14608 4 15569
3942 78 21865 1 22597
3943 72 62477 1 62640
3944 47 57594 2 58255
3945 20 18881 5 19172
3946 13 12 2 748
3947 63 50048 1 50533
3948 83 24543 1 25471
3949 30 15532 1 16424
3950 50 19076 1 19580
3951 81 735 3 1387
3952 18 39428 1 40119
3953 38 61216 2 62162
3954 61 39428 1 39801
3955 47 13966 4 14269
3956 18 9892 1 10045
3957 18 41623 1 42437
3958 71 19802 1 20449
3959 44 18548 3 19108
3960 21 11295 1 11953
3961 30 8692 1 9130
3962 87 35038 5 35172
3963 10 21330 1 22131
3964 36 28827 2 29143
3965 77 36837 1 37692
3966 85 43961 2 44200
3967 18 57594 1 57674
3968 85 1001 3 1564
3969 80 40131 1 40948
3970 76 59335 1 60310
3971 28 67007 1 67840
3972 32 58667 1 58921
3973 18 24317 1 25036
3974 40 38929 1 39198
3975 30 51953 1 53184
3976 74 36142 1 36837
3977 22 16839 4 17357
3978 67 3729 3 4340
3979 38 59335 1 59665
3980 21 14608 1 15316
3981 64 42439 4 43072
3982 85 8947 2 9282
3983 38 27632 3 27826
3984 14 35711 1 36507
3985 12 28827 1 29805
3986 42 36897 1 37809
3987 42 50937 1 51057
3988 38 16804 2 17484
3989 38 15532 3 16205
3990 63 11295 2 12292
3991 72 25299 1 26200
3992 50 20214 3 20513
3993 12 38459 1 38912
3994 38 42920 1 43832
3995 48 50351 1 51286
3996 34 54307 2 54951
3997 45 59335 1 59953
3998 80 21865 2 22493
3999 63 15532 1 17456
4000 46 2143 2 2854
4001 27 51440 1 52131
4002 74 935 2 1117
4003 85 5077 1 6012
4004 32 7232 1 8011
4005 35 22061 1 22202
4006 64 37429 2 37522
4007 42 37988 1 38496
4008 39 52944 3 53770
4009 80 27632 3 27828
4010 63 30531 2 30874
4011 63 3729 5 4101
4012 26 57704 1 58208
4013 51 11295 1 11518
4014 54 27213 1 28037
4015 21 38929 1 39141
4016 25 49256 1 49904
4017 30 24213 1 24384
4018 76 56575 4 57288
4019 7 58072 1 58405
4020 30 48923 1 49605
4021 71 48120 3 48343
4022 69 50048 1 51019
4023 77 15040 1 15422
4024 32 40782 1 41317
4025 83 1620 1 2215
4026 74 64516 2 65147
4027 82 61397 1 62477
4028 47 735 1 981
4029 72 48120 1 48853
4030 85 33057 2 33874
4031 3 41128 2 41556
4032 54 64516 3 64771
4033 82 24 4 629
4034 32 29567 1 30282
4035 71 62477 1 62694
4036 6 11295 2 11409
4037 13 1647 4 2427
4038 17 64226 1 64921
4039 44 3729 1 4402
4040 24 54081 1 54178
4041 71 39565 1 40449
4042 85 65680 1 65821
4043 48 4677 2 5655
4044 17 19639 1 20474
4045 63 44511 1 45461
4046 15 23991 4 24145
4047 77 40131 1 40565
4048 50 9892 2 10567
4049 72 58072 1 58895
4050 53 59335 1 59759
4051 10 5229 2 5659
4052 61 51953 2 52420
4053 78 47302 1 47652
4054 17 26282 1 26903
4055 1 24322 1 24597
4056 63 59335 1 59523
4057 27 40131 1 40232
4058 40 57594 1 57960
4059 67 10700 1 10804
4060 74 20214 3 21089
4061 13 21330 1 21644
4062 85 2642 1 3104
4063 77 7232 1 7719
4064 53 28827 1 29671
4065 38 33952 3 34412
4066 3 44700 2 45367
4067 24 8182 2 8278
4068 17 20880 1 21678
4069 63 8592 1 8932
4070 24 48120 1 48409
4071 61 56563 3 57326
4072 13 50048 2 50847
4073 30 25299 1 25778
4074 50 18 1 861
4075 1 24597 1 24732
4076 49 50351 1 50987
4077 21 29567 2 29718
4078 40 45211 1 45708
4079 85 34157 1 34944
4080 67 19718 1 20461
4081 53 41623 5 42488
4082 78 7232 1 7520
4083 23 30531 1 31141
4084 32 9892 1 10077
4085 54 1647 1 3739
4086 54 21549 1 22288
4087 18 49256 1 49463
4088 46 24213 1 24439
4089 7 59335 1 59660
4090 28 7960 1 8810
4091 23 23387 1 24322
4092 64 28161 4 28722
4093 3 2642 3 3333
4094 48 42439 1 43333
4095 53 11932 1 12924
4096 59 8136 2 8742
4097 74 42439 3 42912
4098 34 66627 1 67483
4099 7 2642 2 3045
4100 7 36764 1 37093
4101 42 36142 2 37109
4102 47 59335 2 60102
4103 41 35711 2 36645
4104 80 36897 3 37654
4105 1 1620 1 2022
4106 42 56563 2 56928
4107 69 27632 1 28488
4108 3 41623 2 42120
4109 31 8692 1 9487
4110 59 24543 1 25089
4111 28 750 1 873
4112 24 63133 3 63660
4113 85 12021 2 12756
4114 70 22061 3 22222
4115 82 48120 4 48482
4116 12 35711 1 36609
4117 59 45992 1 46499
4118 26 46884 1 47752
4119 87 14608 5 14713
4120 14 60799 1 61378
4121 76 12021 1 12998
4122 17 66065 1 67650
4123 54 64531 1 65499
4124 17 36112 1 36694
4125 38 18257 2 18881
4126 22 16424 4 16618
4127 39 56423 2 56769
4128 35 8123 1 8742
 调度评估结果
1. 任务等待评估 (Σ 等待×权重): 1296328864
2. 任务完成评估 (最大完成时间): 69024
3. GPU显存空闲评估 (平均空闲): 6922.61 GB/时间片
 额外统计
已调度任务               : 4128/4128
平均等待时间            : 31051.82
各服务器任务分布      : 服务器1=56, 服务器2=33, 服务器3=38, 服务器4=44, 服务器5=39, 服务器6=18, 服务器7=57, 服务器8=21, 服务器9=1, 服务器10=70, 服务器11=8, 服务器12=40, 服务器13=73, 服务器14=60, 服务器15=47, 服务器16=18, 服务器17=66, 服务器18=81, 服务器19=3, 服务器20=21, 服务器21=29, 服务器22=25, 服务器23=73, 服务器24=36, 服务器25=31, 服务器26=80, 服务器27=57, 服务器28=66, 服务器29=77, 服务器30=124, 服务器31=22, 服务器32=79, 服务器33=28, 服务器34=34, 服务器35=57, 服务器36=15, 服务器37=13, 服务器38=177, 服务器39=14, 服务器40=28, 服务器41=2, 服务器42=92, 服务器43=26, 服务器44=28, 服务器45=65, 服务器46=47, 服务器47=46, 服务器48=58, 服务器49=29, 服务器50=69, 服务器51=24, 服务器52=17, 服务器53=36, 服务器54=155, 服务器55=27, 服务器56=20, 服务器57=35, 服务器59=48, 服务器60=18, 服务器61=59, 服务器62=2, 服务器63=72, 服务器64=55, 服务器65=18, 服务器66=3, 服务器67=57, 服务器68=54, 服务器69=71, 服务器70=102, 服务器71=103, 服务器72=68, 服务器73=42, 服务器74=84, 服务器75=3, 服务器76=37, 服务器77=45, 服务器78=49, 服务器79=31, 服务器80=52, 服务器81=16, 服务器82=28, 服务器83=28, 服务器84=10, 服务器85=179, 服务器86=68, 服务器87=22, 服务器88=6, 服务器89=3, 服务器90=38, 服务器91=22
