1 5 55889 7 56209
2 25 13175 4 13193
3 33 9578 1 9862
4 14 22843 2 23036
5 5 31099 5 31308
6 42 10033 7 10333
7 15 76813 5 76862
8 81 34574 3 34605
9 23 70781 2 71015
10 70 27317 3 27421
11 3 56479 1 56856
12 45 75006 2 75269
13 49 72079 1 73158
14 30 41332 2 41543
15 49 40271 4 40506
16 38 58839 3 59465
17 40 41440 2 41709
18 69 77323 6 77535
19 13 26547 1 26847
20 69 84766 1 84976
21 44 26547 3 26880
22 4 17705 2 17780
23 66 28915 4 28962
24 42 40863 3 40944
25 75 23063 1 24006
26 24 28802 7 29735
27 15 75870 1 76138
28 42 82862 5 83060
29 75 74238 2 74637
30 40 44006 1 44216
31 14 809 1 900
32 75 46835 1 47100
33 8 49486 1 49612
34 6 20076 2 20190
35 33 56266 4 56505
36 54 75995 3 76300
37 61 63630 1 63766
38 61 56786 2 57021
39 25 12829 4 12858
40 8 76616 1 76801
41 12 9862 2 9922
42 81 11789 7 12528
43 61 70214 3 71076
44 28 28463 1 28517
45 70 54569 4 54581
46 20 27007 2 27037
47 15 20896 2 21212
48 77 78864 5 79113
49 81 35685 7 35888
50 59 1914 4 2176
51 37 69913 3 70890
52 74 10880 1 10996
53 58 31370 1 31483
54 86 9199 3 9335
55 57 8306 2 8430
56 27 16075 1 16336
57 67 6114 1 6397
58 77 26547 7 27393
59 70 43478 3 43798
60 38 1807 3 1879
61 81 84443 4 84584
62 11 81760 7 81857
63 54 73008 1 73315
64 11 7708 3 7973
65 9 7783 6 7861
66 38 57098 1 57161
67 77 52352 6 52510
68 41 22843 4 22912
69 74 19586 4 19730
70 13 37782 7 38022
71 20 74275 3 74435
72 85 61511 6 62430
73 25 22843 2 23144
74 34 72245 4 72383
75 92 24564 2 25386
76 81 73023 1 73034
77 36 19520 1 19842
78 62 59755 8 59964
79 77 75275 7 75312
80 52 16450 2 16647
81 49 44419 3 44700
82 35 9416 3 9478
83 75 40072 3 40271
84 40 52869 2 53133
85 27 31494 2 32347
86 40 8306 1 8651
87 84 27007 4 27717
88 2 11789 3 12076
89 15 16450 2 16465
90 69 6420 5 6434
91 77 39542 5 40382
92 52 43601 1 44593
93 84 14744 4 15025
94 5 15026 6 15363
95 33 69913 3 70214
96 40 75006 2 75099
97 28 20418 1 20535
98 2 7708 3 7782
99 38 64619 2 64936
100 77 74275 2 75037
101 14 20896 1 21202
102 75 7569 1 7708
103 41 37396 5 37680
104 33 27007 2 27124
105 81 28463 5 28550
106 25 37869 6 38202
107 81 54238 4 54298
108 14 56435 3 57206
109 9 72079 5 72354
110 28 44215 1 44511
111 13 70781 6 70811
112 54 76605 4 77536
113 53 45383 5 45518
114 40 30385 1 30713
115 33 16696 2 17001
116 38 11789 3 12120
117 61 38894 4 39104
118 33 14865 3 15477
119 28 24777 1 25021
120 54 434 3 722
121 7 43835 5 44561
122 55 32967 2 33301
123 41 20576 4 20869
124 9 52650 7 52940
125 58 20233 2 21152
126 1 24484 3 24723
127 82 35256 5 35570
128 10 70781 3 71013
129 61 58531 4 59435
130 14 52806 1 53119
131 32 41440 1 41679
132 16 401 7 705
133 86 32967 2 32981
134 81 6114 2 6228
135 38 40491 1 41462
136 60 8583 1 8736
137 14 72245 1 72893
138 1 5213 1 5256
139 76 27317 6 27328
140 59 47986 2 48048
141 64 82920 7 83859
142 49 52574 4 52689
143 59 24484 4 24809
144 44 39985 1 40281
145 3 32733 2 33385
146 70 34345 4 34498
147 3 33458 1 33555
148 77 84443 7 84707
149 12 35144 5 35321
150 59 31885 2 32021
151 33 39649 1 39819
152 28 73008 1 73142
153 84 6079 2 6308
154 4 30385 1 30431
155 14 59 4 176
156 48 57981 6 58657
157 4 52574 1 52666
158 75 77323 1 77617
159 25 14744 3 14799
160 45 64507 3 64749
161 2 41440 2 41539
162 52 15900 3 16195
163 67 22843 2 23142
164 73 69667 2 70291
165 81 77323 7 78003
166 75 72150 1 72536
167 86 6420 3 6747
168 33 7255 4 8054
169 35 10851 4 11158
170 19 16847 1 16865
171 14 40271 1 40516
172 82 58159 8 58309
173 43 60183 2 60361
174 3 7509 3 7947
175 14 32189 2 32322
176 31 19885 3 20154
177 49 32103 1 32241
178 87 24777 4 25749
179 38 19885 3 20234
180 29 9541 3 10359
181 4 18673 1 20076
182 14 48649 1 49223
183 81 26925 3 27219
184 86 75924 4 75939
185 14 10851 6 11075
186 33 17001 2 17241
187 73 5213 2 5423
188 86 83803 2 84097
189 13 34778 3 34935
190 80 14110 2 14334
191 25 9635 2 9839
192 50 39206 4 39499
193 15 34345 1 34572
194 86 56266 3 56545
195 15 13345 4 13440
196 84 23291 4 23383
197 37 52650 3 52997
198 6 23268 2 24097
199 82 8165 2 8223
200 10 18898 1 19597
201 25 20076 5 20356
202 33 1309 5 2137
203 33 77601 2 77689
204 14 52314 1 52478
205 86 46623 1 46708
206 72 19053 3 19158
207 75 15900 3 16184
208 42 39649 1 39939
209 1 14043 3 14243
210 39 40271 5 40615
211 12 20744 2 21512
212 80 60894 4 61038
213 61 16696 1 16864
214 41 51709 5 52386
215 44 76870 2 77196
216 81 44215 5 44301
217 81 359 2 1049
218 58 30385 1 30700
219 14 35256 2 36432
220 25 64466 1 64484
221 67 45799 2 46750
222 55 72079 3 72280
223 38 84786 2 84954
224 28 70781 1 71288
225 14 13268 1 14369
226 8 7708 2 9454
227 21 7694 3 7837
228 10 16075 3 16244
229 33 58337 1 58629
230 70 31494 7 31638
231 28 83803 1 84119
232 5 54238 8 54523
233 10 5213 2 5874
234 34 9839 5 10052
235 37 34345 3 34608
236 35 31370 1 31555
237 20 9416 3 10079
238 53 34345 5 35283
239 81 27962 1 28080
240 53 72079 4 72189
241 66 14343 4 14375
242 28 54375 1 55392
243 60 9501 2 9814
244 69 39542 4 40405
245 34 60966 1 61231
246 81 16696 4 16769
247 45 24777 4 24954
248 14 49486 1 51181
249 84 85135 4 85960
250 9 7509 5 7779
251 65 75164 7 75355
252 23 75870 3 76704
253 76 35256 2 35431
254 1 73610 2 74513
255 74 9501 2 9659
256 3 47587 3 47735
257 2 31494 3 31668
258 28 44430 1 44711
259 4 25570 2 25747
260 38 401 3 506
261 24 17001 7 17203
262 7 31099 4 31399
263 8 21078 3 21743
264 27 31099 1 31388
265 71 23291 7 24137
266 44 34345 1 34661
267 52 76723 4 77047
268 33 9587 2 9610
269 27 44215 1 44310
270 75 18898 4 19070
271 3 39173 1 39542
272 53 76813 5 77122
273 75 45383 3 46235
274 69 47657 5 47753
275 13 81760 3 81897
276 28 40559 1 40755
277 25 26547 6 26843
278 18 75870 2 75921
279 24 31370 6 32139
280 33 51829 2 51961
281 41 55889 6 55914
282 75 24484 2 24637
283 86 7509 2 7629
284 28 73998 1 74920
285 38 32638 2 32879
286 36 71917 1 72060
287 8 48649 1 48942
288 8 73008 2 73022
289 49 1795 5 2073
290 51 28463 2 28595
291 81 60026 1 60405
292 88 69667 7 69865
293 11 37869 8 37977
294 75 24230 4 25175
295 6 63785 1 63904
296 13 34345 4 34634
297 24 40111 8 40417
298 18 82862 3 83127
299 75 8337 4 8391
300 88 82176 8 83080
301 3 75006 2 75354
302 10 37980 3 38186
303 4 52314 1 52363
304 11 34345 7 34585
305 81 13086 6 13842
306 55 23291 5 23411
307 74 32638 5 32966
308 54 35256 4 35416
309 14 23475 2 24426
310 49 55556 6 56163
311 3 70781 1 70904
312 35 21078 3 21090
313 13 83803 8 84026
314 8 25570 1 25846
315 12 148 3 923
316 82 51181 5 51370
317 58 49946 3 50595
318 55 32103 5 32258
319 81 14110 5 14343
320 33 14027 1 14043
321 35 31809 4 32809
322 21 32638 3 32983
323 8 27007 1 27132
324 67 24230 1 24323
325 13 30385 6 30518
326 82 78805 7 79657
327 14 25570 2 26436
328 14 72706 3 72919
329 52 32103 4 32359
330 12 15900 4 16284
331 36 60894 1 60966
332 32 37600 1 38415
333 42 74238 2 74528
334 25 15900 6 16826
335 33 35256 2 36178
336 9 5213 5 6022
337 55 69913 3 70164
338 51 73023 2 73208
339 39 82326 5 82506
340 4 26925 1 28102
341 22 75870 5 76859
342 36 31099 3 31256
343 10 51666 1 52004
344 5 58337 1 58674
345 8 61511 2 61793
346 70 28716 3 29663
347 77 18673 5 18987
348 52 73724 3 74067
349 36 14027 3 14627
350 33 81760 2 81877
351 33 13356 3 13684
352 8 31099 2 31231
353 55 27317 5 27617
354 3 80159 2 80867
355 25 51190 6 51460
356 11 28948 6 29244
357 42 81341 1 81582
358 32 7708 2 8010
359 33 38894 3 39206
360 4 50214 1 50585
361 51 62310 1 63294
362 21 18673 2 18784
363 82 1807 5 2151
364 1 16739 2 16966
365 68 14027 1 14148
366 61 52650 1 52709
367 36 28747 3 29054
368 14 82326 3 82862
369 25 47986 3 48188
370 82 13300 5 13591
371 38 52650 3 52755
372 10 15930 1 16271
373 86 9839 2 10113
374 33 56937 2 57686
375 81 27691 4 27943
376 52 37537 3 37574
377 74 30460 3 31644
378 74 52314 5 52516
379 77 25570 1 25687
380 75 32967 1 33298
381 33 61797 3 61903
382 3 16450 1 16622
383 75 16847 6 16981
384 85 10851 5 11088
385 68 85135 1 85307
386 65 58667 7 58746
387 14 39649 3 39919
388 34 28267 1 28446
389 81 13838 8 14144
390 5 14110 7 14277
391 14 70979 2 71083
392 18 62068 5 62203
393 7 7509 4 7796
394 34 41440 3 41461
395 12 63294 4 63369
396 70 46799 6 47625
397 89 31370 3 31463
398 8 76112 2 76528
399 14 83146 3 83543
400 15 17705 4 18632
401 64 44215 6 44552
402 18 32638 5 32684
403 33 55150 4 55763
404 75 59 1 101
405 53 81643 5 81767
406 53 51829 5 51965
407 44 15026 1 15814
408 8 32638 3 32666
409 70 10033 2 10097
410 46 27007 1 27277
411 49 54238 2 54583
412 46 28463 5 28647
413 68 28747 1 29021
414 33 39934 1 40539
415 25 19640 4 19831
416 69 17705 6 18021
417 14 5414 1 6283
418 81 45380 1 45415
419 18 60894 4 61818
420 68 19628 2 19831
421 14 7894 4 8008
422 85 85135 6 85289
423 28 24230 1 24476
424 67 76813 1 77231
425 33 43747 2 43922
426 47 8071 3 8267
427 2 9839 2 10156
428 18 31809 5 32074
429 20 42185 3 42209
430 70 20896 4 21610
431 14 10179 2 10275
432 18 23183 5 23228
433 42 55556 3 55775
434 12 58785 5 58845
435 61 23229 2 23579
436 52 24484 3 24712
437 40 72079 1 72315
438 63 64466 7 64544
439 58 51496 2 51646
440 61 81148 2 81327
441 56 1 2 811
442 30 34345 2 35144
443 10 44419 3 45189
444 58 28948 2 28966
445 23 74275 2 74334
446 18 48099 3 48272
447 36 19951 1 20011
448 58 24484 2 24572
449 3 27873 1 28840
450 11 24484 5 24647
451 8 9199 1 9413
452 2 19041 4 19241
453 6 54569 1 54617
454 3 13215 3 13562
455 58 69913 3 70222
456 77 69667 3 69706
457 84 26547 3 26585
458 5 20233 8 20391
459 20 51496 2 51629
460 75 35067 1 35144
461 12 73534 1 73715
462 13 10851 1 10992
463 62 76983 8 77040
464 50 69913 1 70526
465 82 43601 5 43760
466 20 24484 2 25274
467 14 41332 1 42237
468 40 39206 2 39552
469 33 6535 3 6823
470 10 39985 1 40056
471 38 8071 2 8313
472 70 56497 7 57280
473 61 7783 2 7840
474 5 52535 3 52595
475 33 8306 1 9063
476 49 51181 6 51407
477 40 54464 2 54652
478 12 73472 4 73532
479 10 7509 3 8132
480 65 64466 4 64728
481 49 19053 3 19139
482 33 82920 1 83176
483 14 8314 6 8662
484 35 72192 2 73009
485 75 41213 5 41440
486 88 59690 6 59743
487 4 81535 1 81815
488 20 58690 3 59627
489 36 63630 3 64576
490 61 59690 2 60037
491 42 69667 6 69868
492 77 8306 8 8427
493 44 47239 2 47839
494 67 30385 1 30473
495 61 73724 4 73940
496 4 70214 2 70329
497 28 47912 1 48397
498 70 16696 2 16936
499 8 15900 1 16190
500 3 51496 2 53528
501 44 16450 3 16701
502 27 19041 1 19361
503 14 51829 2 51860
504 8 76870 2 77033
505 5 26547 5 26558
506 74 28915 1 29108
507 34 55150 5 55358
508 14 23036 4 23063
509 21 13345 1 13406
510 49 45383 2 45543
511 20 32967 2 33119
512 14 23229 1 23329
513 49 809 2 929
514 4 47657 2 47735
515 28 63630 2 63785
516 82 20076 1 20734
517 61 31099 4 31320
518 28 6502 1 6752
519 42 52650 3 52751
520 82 44961 6 45194
521 81 83803 8 83845
522 54 63630 4 64431
523 70 47986 3 48278
524 58 10851 1 11131
525 14 57686 3 57862
526 33 23169 2 24230
527 45 76813 1 77042
528 27 3427 2 3437
529 10 20140 4 20183
530 36 19053 3 19101
531 52 72706 5 72763
532 81 37653 2 37917
533 57 31370 1 31716
534 50 32322 5 32395
535 81 73472 1 75431
536 36 82176 3 82417
537 33 24375 1 24484
538 47 11789 2 11835
539 13 17705 7 17968
540 54 9416 4 9571
541 33 37537 2 37669
542 37 21202 3 21926
543 11 85135 8 85325
544 29 19101 2 19419
545 36 44215 3 44546
546 33 14630 5 14714
547 41 56266 1 56495
548 33 76112 1 76372
549 1 15026 3 15226
550 49 47799 5 47822
551 55 47587 3 47731
552 79 28948 1 29050
553 25 46623 2 46711
554 28 72706 1 72891
555 3 5213 1 5271
556 58 7894 3 8158
557 57 39173 2 39463
558 38 5976 2 6096
559 6 81873 1 81996
560 72 38520 3 39315
561 5 63630 5 63737
562 7 62068 8 62310
563 52 22843 2 22880
564 81 6228 2 6442
565 75 60183 2 60274
566 18 44215 3 44304
567 3 35256 1 35389
568 59 28463 2 28504
569 40 13086 2 13976
570 81 59755 2 59883
571 75 70381 2 70598
572 81 85135 1 85321
573 28 40967 1 41113
574 24 31099 6 31212
575 51 43601 1 43824
576 9 7255 3 7404
577 1 46623 3 47502
578 74 15026 2 15296
579 41 47587 5 47601
580 45 1807 1 2607
581 81 48649 2 48921
582 77 6079 1 6184
583 14 54623 1 55907
584 24 32967 5 33274
585 60 39649 2 39929
586 3 15930 1 16110
587 92 80159 2 80197
588 42 43478 5 43564
589 70 5976 7 6289
590 1 64466 1 64791
591 5 43601 8 43761
592 56 26547 2 26705
593 42 81873 3 82219
594 70 74275 2 74536
595 29 51709 1 51955
596 15 47587 5 47681
597 51 43835 1 43889
598 50 14714 3 15040
599 33 37600 1 38424
600 75 32638 1 32967
601 47 62068 5 62194
602 42 10851 5 11163
603 84 75006 3 75128
604 53 72192 2 72339
605 61 37396 1 37645
606 49 43478 1 43563
607 3 34537 3 34845
608 75 30735 2 30989
609 1 10851 1 11011
610 68 72079 2 72220
611 77 69913 6 70902
612 13 18932 5 19100
613 20 72194 3 72813
614 57 81873 2 81955
615 67 6420 1 6477
616 40 18932 2 19243
617 81 51606 1 51926
618 81 40863 1 41809
619 36 31494 1 31606
620 71 77323 7 78078
621 14 34345 2 35256
622 45 60894 3 60967
623 25 59883 5 60040
624 28 52650 1 52926
625 45 5213 1 5548
626 8 54238 1 55278
627 34 78586 1 78871
628 24 55889 6 56138
629 75 35144 1 35164
630 50 41099 5 41110
631 6 44215 1 44395
632 11 19520 5 19672
633 15 57098 4 57441
634 61 54238 4 54497
635 36 55889 4 55974
636 67 46835 2 46854
637 31 22843 5 23503
638 41 32255 5 32341
639 40 49486 2 49825
640 61 38424 1 38752
641 75 43204 1 44080
642 29 10851 3 10868
643 4 44215 2 45129
644 28 52926 2 53926
645 12 62068 3 62320
646 41 37092 5 37145
647 3 76112 3 76148
648 83 38424 5 39394
649 25 5976 6 6225
650 20 5213 1 5430
651 24 46623 1 46690
652 3 218 3 552
653 81 80159 3 80540
654 8 76813 3 76870
655 52 37396 5 37472
656 84 48485 3 48702
657 14 44430 1 44654
658 82 48649 5 48926
659 81 59883 1 60012
660 65 45380 8 45694
661 25 38520 5 38540
662 14 8008 4 8221
663 33 45741 1 46623
664 5 69667 2 69932
665 14 24484 3 25353
666 3 59983 1 60078
667 75 51709 1 51874
668 73 27873 2 28510
669 1 38424 3 38632
670 45 45380 2 45504
671 75 27317 1 27644
672 74 81148 1 81601
673 10 63630 2 64545
674 44 5976 3 6132
675 82 31370 4 31589
676 14 12829 3 13268
677 70 45383 6 45407
678 67 48099 1 48128
679 11 41332 3 42040
680 28 69667 2 69905
681 6 72245 1 72502
682 7 148 8 792
683 25 60966 2 61013
684 14 81567 1 81760
685 84 46835 2 47069
686 68 25570 1 25708
687 14 58245 1 58388
688 77 49708 6 49739
689 74 40863 1 40902
690 77 19520 3 20235
691 33 23183 2 23942
692 46 38520 3 38623
693 41 34778 5 34857
694 33 85135 1 85317
695 8 45166 1 45967
696 21 19520 3 20446
697 49 50471 6 50709
698 42 51496 3 51683
699 77 63630 3 63823
700 81 56786 1 56937
701 29 19015 3 19090
702 62 44643 6 44899
703 25 46799 6 47090
704 34 19129 4 19146
705 74 82326 1 82387
706 14 6420 4 6528
707 66 54464 2 54579
708 74 49946 5 50285
709 70 62310 3 62432
710 42 27873 4 28180
711 89 15026 5 15092
712 75 81643 1 81873
713 28 27007 2 27152
714 33 32103 1 32212
715 14 16696 1 20576
716 73 62171 3 62390
717 58 52836 2 53026
718 86 77323 4 77546
719 77 16696 5 16981
720 21 38894 1 39176
721 81 54780 2 55556
722 75 14027 1 14299
723 33 33458 2 33801
724 81 43478 2 43784
725 63 69667 3 69951
726 12 12080 1 12646
727 32 81643 1 82604
728 81 39649 3 39988
729 36 39985 4 40119
730 38 18673 1 18797
731 9 36178 4 36219
732 79 45383 3 45454
733 36 6282 1 6490
734 10 17705 3 18495
735 28 20233 1 20418
736 24 20140 6 20778
737 18 38446 4 38584
738 28 39649 1 40416
739 70 85135 7 85188
740 25 73724 6 73763
741 65 72706 8 73006
742 49 69884 2 70766
743 84 41440 4 41772
744 8 10179 1 10880
745 5 8071 1 8227
746 10 82920 2 83218
747 12 41440 2 41576
748 17 14027 7 14282
749 18 27873 4 28867
750 5 46623 4 46840
751 36 40863 1 41582
752 4 20076 1 20280
753 12 76983 7 77111
754 14 60183 5 60509
755 12 58845 5 58987
756 42 32967 4 33170
757 25 9199 4 9305
758 44 56786 1 57727
759 48 54618 6 54868
760 82 52926 1 53913
761 42 59690 7 59723
762 6 54464 1 55168
763 44 69667 3 69760
764 42 85135 5 85384
765 5 1807 3 1862
766 12 34345 2 34464
767 89 63785 4 64081
768 40 772 1 1408
769 34 44336 5 44401
770 58 70930 2 71201
771 44 81873 2 82003
772 81 48 2 148
773 58 32859 1 33206
774 36 37 3 202
775 75 35067 1 35082
776 19 51181 1 51464
777 12 72194 3 72934
778 12 80159 4 80477
779 23 7509 1 7639
780 34 51181 5 51230
781 28 37782 1 37830
782 75 13345 1 13574
783 17 82920 7 83258
784 71 70214 1 71088
785 40 19520 2 19640
786 65 54464 5 55195
787 38 69667 3 69913
788 75 73472 2 73694
789 44 19041 3 19916
790 67 8071 1 8354
791 65 62310 7 62659
792 80 58159 3 58209
793 28 13300 1 14231
794 58 58159 3 58925
795 28 14027 1 14308
796 70 30385 7 30735
797 33 58159 3 58337
798 9 70381 8 70637
799 71 7783 6 7827
800 3 14714 1 15930
801 17 50033 6 50304
802 47 19129 1 19795
803 3 39985 2 40269
804 3 63294 3 63479
805 33 27421 1 27708
806 3 22843 1 23885
807 33 37092 2 37396
808 54 13562 3 14302
809 14 51496 5 51829
810 3 7305 1 7341
811 54 54623 4 54667
812 14 75006 3 75275
813 6 37537 2 38442
814 14 75275 1 75544
815 68 9862 1 10006
816 14 1309 1 1795
817 86 33237 4 33361
818 25 8306 2 8359
819 47 60894 2 61021
820 10 41296 2 41982
821 3 49946 3 50033
822 24 34896 8 35131
823 65 51496 6 52435
824 52 58531 5 58628
825 67 15900 1 15932
826 86 24525 4 24719
827 52 42185 3 42327
828 19 26547 1 26894
829 28 58159 2 59120
830 45 82326 2 83104
831 39 5213 4 6102
832 28 43117 1 43412
833 12 43973 1 44253
834 21 60894 3 61046
835 50 45741 4 46488
836 42 55889 3 56171
837 75 24777 2 25135
838 55 31370 7 31717
839 75 14714 1 15026
840 27 51496 1 51661
841 8 9839 1 9913
842 38 56786 1 56846
843 14 69913 3 69975
844 8 37537 1 37703
845 38 15026 2 15118
846 8 41440 3 41569
847 3 5976 2 6032
848 79 39756 4 39971
849 22 41332 5 41543
850 12 14714 4 15017
851 10 7 3 903
852 14 163 2 231
853 44 13356 3 13440
854 12 49708 1 49988
855 81 54298 2 54569
856 75 77323 4 77454
857 89 38740 2 38925
858 45 32638 1 33447
859 36 15026 2 15946
860 77 19041 8 19081
861 3 69667 1 69729
862 71 28747 7 28889
863 48 44215 6 44323
864 14 63630 2 64377
865 27 46623 1 47234
866 19 18898 1 19228
867 82 83803 5 84027
868 75 10179 1 10495
869 67 40416 1 40502
870 10 20233 2 21114
871 31 5976 4 6138
872 3 30385 1 30627
873 33 6079 4 6282
874 58 72150 2 72342
875 33 51961 5 52127
876 92 52869 3 52905
877 27 30385 2 30609
878 81 51666 2 51864
879 49 51496 4 52143
880 75 54953 1 55081
881 36 38740 2 38969
882 12 8071 3 8321
883 71 9839 5 9934
884 56 8008 4 8221
885 12 31809 4 32757
886 75 72079 6 72150
887 42 70930 6 71032
888 61 80159 3 81144
889 44 18673 1 18687
890 14 43478 2 43973
891 40 78586 1 78806
892 75 73724 1 74621
893 68 44215 1 44419
894 4 52926 1 52959
895 52 16769 2 17037
896 75 16739 5 16792
897 38 74275 3 74415
898 82 85135 4 85189
899 36 34819 2 34902
900 15 76260 4 76491
901 74 55763 3 56670
902 70 38894 4 39243
903 81 64619 4 65584
904 33 63630 2 64466
905 42 60894 3 61121
906 7 37980 5 38290
907 3 5414 1 5812
908 44 35402 3 35684
909 38 28747 2 29368
910 25 1382 3 2334
911 84 32103 4 32444
912 33 18932 1 19113
913 70 24777 5 24970
914 70 54238 5 54467
915 54 24484 3 25141
916 25 37537 2 37737
917 21 75870 1 75884
918 70 10851 1 11134
919 25 18673 2 19379
920 44 48649 3 49627
921 2 47587 1 47873
922 14 82176 1 82326
923 35 32967 3 33116
924 28 81873 1 82218
925 3 35067 1 35255
926 33 5414 1 5612
927 52 57686 4 57833
928 59 5976 1 6009
929 81 54618 2 54780
930 42 72079 3 72091
931 33 8389 1 8695
932 15 27007 5 27352
933 33 8054 2 8146
934 43 74367 1 74683
935 75 81873 3 82089
936 14 60026 1 60696
937 23 75228 3 75870
938 75 48649 3 48840
939 49 70930 1 71256
940 14 1049 3 1786
941 75 10495 5 11468
942 45 25570 1 26287
943 40 39934 1 40219
944 74 41440 6 41635
945 82 56435 3 56513
946 82 47242 2 47302
947 3 63630 3 63872
948 61 20576 4 21429
949 33 13300 1 13393
950 67 17705 2 17963
951 54 15930 2 16121
952 10 49708 1 49975
953 55 28463 5 28789
954 25 63630 1 63946
955 14 5414 1 5792
956 6 36178 1 36500
957 81 10851 4 11789
958 18 45166 5 45990
959 61 17705 4 18563
960 77 72079 1 72299
961 67 83146 2 83361
962 52 30432 3 30499
963 10 31099 1 32069
964 51 41440 1 41533
965 30 5976 1 5996
966 36 78805 3 78959
967 38 57981 2 58083
968 72 69667 2 69972
969 33 21872 5 22843
970 3 24230 3 24424
971 1 85135 2 85306
972 40 43478 1 43748
973 33 36295 4 37092
974 77 60894 6 60997
975 14 1795 5 2098
976 54 7783 3 7833
977 36 27317 2 28255
978 38 9199 1 9356
979 75 63918 2 64106
980 41 19520 2 19599
981 12 52713 1 53394
982 49 82920 4 83086
983 44 38894 2 39587
984 75 31749 3 32063
985 33 43117 1 43364
986 10 28463 3 28612
987 59 31370 2 31478
988 58 9199 3 9447
989 9 64466 6 64800
990 4 59755 1 60058
991 38 28463 3 28595
992 40 16769 1 16833
993 75 81873 3 82053
994 38 22843 2 23018
995 81 52836 2 53075
996 47 38520 2 38759
997 33 56505 4 56786
998 50 9199 5 9394
999 25 9839 6 10073
1000 24 9199 4 9417
1001 12 50085 4 50304
1002 15 44419 3 44467
1003 81 31370 2 31751
1004 13 38424 7 38617
1005 9 1382 7 1417
1006 32 23329 2 23484
1007 74 58531 1 58838
1008 75 26925 5 26971
1009 75 512 1 623
1010 7 42185 7 42343
1011 77 61797 2 61989
1012 25 54238 2 54575
1013 54 69667 4 69817
1014 14 58034 6 58245
1015 52 1049 3 1827
1016 33 48113 4 48326
1017 14 54238 2 54350
1018 77 58667 6 58931
1019 52 47239 4 47347
1020 10 73008 3 73324
1021 38 44643 3 44867
1022 33 44321 4 44961
1023 25 40863 2 41557
1024 15 73022 3 73363
1025 83 6114 1 6272
1026 81 36178 5 36469
1027 41 69667 5 69921
1028 45 75870 2 76019
1029 33 72192 1 72354
1030 36 17705 1 17900
1031 15 51190 2 51387
1032 33 72502 4 72706
1033 6 34345 1 34693
1034 8 19628 1 20560
1035 36 48649 3 49327
1036 91 64507 4 64614
1037 81 23291 3 23488
1038 9 63630 1 64259
1039 55 27962 5 28285
1040 70 70381 6 70616
1041 23 73724 2 73919
1042 75 56266 1 56521
1043 9 56266 5 56334
1044 33 72079 3 72192
1045 23 27317 1 27366
1046 21 45799 1 45949
1047 18 17705 5 18023
1048 75 16764 1 16847
1049 10 46799 4 47499
1050 69 36178 6 36281
1051 75 8391 2 9180
1052 81 69667 3 69991
1053 64 9223 2 9472
1054 70 13701 5 13988
1055 18 19520 1 19618
1056 70 39649 5 39820
1057 36 45380 6 46068
1058 71 84443 7 84494
1059 67 44303 2 44544
1060 77 72706 5 72818
1061 70 23167 7 23504
1062 10 23063 1 23276
1063 84 32967 4 33132
1064 33 25570 4 25658
1065 4 34819 1 36705
1066 77 14714 3 14983
1067 2 46623 5 46916
1068 49 20744 3 20906
1069 81 52314 1 52351
1070 62 32909 4 33759
1071 55 51496 6 51519
1072 81 28550 2 29272
1073 75 32103 2 32859
1074 70 18898 5 19629
1075 20 57129 3 57859
1076 24 81341 8 81606
1077 3 6079 2 7070
1078 28 56812 1 57098
1079 82 52314 7 52504
1080 77 28747 3 28896
1081 12 27317 3 27587
1082 17 9199 4 9518
1083 75 57686 2 58063
1084 12 37396 5 37440
1085 35 34345 1 34504
1086 33 19423 1 19520
1087 14 75275 2 75323
1088 66 15900 3 15986
1089 8 40967 1 41435
1090 75 64466 6 65172
1091 3 75870 2 76013
1092 57 14299 2 14439
1093 54 9223 3 9372
1094 9 80159 8 80316
1095 69 9199 2 10058
1096 50 28716 5 28756
1097 33 359 2 428
1098 81 34345 2 34429
1099 8 38945 3 38964
1100 18 19640 3 19942
1101 12 5976 3 6087
1102 14 10063 2 10138
1103 34 84443 5 84628
1104 25 27421 1 28177
1105 52 75870 4 76572
1106 71 76983 5 77272
1107 62 84584 2 84787
1108 88 7935 6 8196
1109 13 72079 5 72246
1110 14 38520 1 39079
1111 84 83146 2 83271
1112 75 28747 1 28802
1113 62 14714 4 14776
1114 44 62310 3 62961
1115 45 28463 2 28689
1116 14 11789 2 12080
1117 68 15026 2 15366
1118 52 44711 2 45653
1119 6 20233 2 20280
1120 73 81535 1 81627
1121 11 59763 6 60048
1122 3 55889 1 56107
1123 67 49486 1 49581
1124 69 75275 6 75485
1125 81 46623 4 47524
1126 81 23488 8 24384
1127 2 19520 3 19685
1128 28 1914 1 1970
1129 68 20418 1 20683
1130 42 38424 1 38751
1131 62 64619 7 64951
1132 1 25570 1 25769
1133 81 63630 4 63815
1134 74 39985 2 40368
1135 33 17001 1 17621
1136 81 84584 1 84786
1137 40 31099 2 31357
1138 45 26547 4 26763
1139 66 38740 4 38836
1140 34 34345 3 34367
1141 79 76260 6 76394
1142 75 39934 1 39963
1143 15 7708 4 7925
1144 23 34345 2 35232
1145 32 72245 1 72547
1146 28 30385 2 30790
1147 67 6535 1 6862
1148 40 15026 1 15222
1149 14 14043 1 15945
1150 33 48485 4 48497
1151 10 37782 3 37897
1152 75 30385 1 30432
1153 28 36432 2 37537
1154 85 5213 4 6154
1155 75 62068 6 62944
1156 2 34537 4 34613
1157 14 44643 3 44935
1158 1 83803 2 84529
1159 29 6079 3 6154
1160 75 69884 1 70693
1161 44 28463 3 28739
1162 44 76723 3 76791
1163 33 32255 2 32506
1164 29 41296 1 41566
1165 75 33458 6 33539
1166 12 24230 3 24470
1167 33 48832 1 48900
1168 8 7255 1 7313
1169 29 40863 1 40885
1170 52 27317 3 27448
1171 11 17705 6 17821
1172 35 20535 2 20840
1173 14 73724 5 74559
1174 77 13356 4 13517
1175 75 51666 4 52317
1176 61 37782 1 38072
1177 24 27873 6 28012
1178 57 39649 1 39810
1179 49 64507 3 64795
1180 40 7255 1 7968
1181 14 428 1 564
1182 44 54255 1 54542
1183 12 59878 2 59920
1184 81 28550 4 29438
1185 86 13345 2 13369
1186 85 8071 4 8238
1187 20 49946 1 50240
1188 35 73022 2 73359
1189 33 18898 2 18932
1190 55 41440 2 41712
1191 51 44654 1 44688
1192 49 30385 2 30475
1193 3 48188 1 48921
1194 14 28463 1 29245
1195 77 45741 8 45910
1196 77 32967 7 33707
1197 3 74238 3 74275
1198 18 44643 1 44762
1199 9 9199 2 9381
1200 33 57686 2 57875
1201 13 56266 6 56280
1202 38 10851 3 10885
1203 39 434 6 538
1204 33 45383 2 45741
1205 31 82176 3 82804
1206 82 9199 3 9236
1207 72 11789 3 12732
1208 46 16075 3 16263
1209 33 21823 1 21872
1210 33 14714 4 14744
1211 70 27007 5 27191
1212 38 73724 3 74032
1213 8 73472 3 73610
1214 19 14744 2 15403
1215 29 28550 1 28617
1216 38 47657 2 48579
1217 36 24230 1 24558
1218 39 17705 4 17888
1219 61 20076 1 20219
1220 7 52926 8 52983
1221 9 59883 4 60172
1222 30 59690 1 59711
1223 49 76813 5 77624
1224 70 6420 6 6549
1225 15 46835 5 46945
1226 33 51496 3 51826
1227 4 9635 1 9898
1228 3 82920 1 83677
1229 65 59920 4 60178
1230 28 15900 2 16727
1231 55 1382 5 1545
1232 1 49486 1 49728
1233 29 13356 3 14345
1234 27 41440 1 41610
1235 36 76813 4 77017
1236 85 58245 4 58535
1237 13 5414 7 6326
1238 44 9501 1 9535
1239 36 36178 2 36289
1240 43 30385 3 30507
1241 33 24230 1 24375
1242 49 46623 5 47319
1243 40 58531 2 58821
1244 68 32909 1 33138
1245 75 8306 2 8338
1246 12 78864 1 79176
1247 36 1382 2 1527
1248 4 60894 1 61115
1249 81 1049 1 5213
1250 75 15026 1 15746
1251 27 37396 1 37722
1252 40 76112 1 76304
1253 82 51496 1 51586
1254 81 9635 8 9955
1255 25 50033 5 50225
1256 10 35256 3 35473
1257 10 36178 1 36407
1258 37 58531 1 58782
1259 14 40863 2 40967
1260 59 73472 4 73494
1261 25 13701 1 14671
1262 45 9199 3 9311
1263 9 38677 8 38899
1264 76 32363 7 33277
1265 37 27007 2 27163
1266 28 9199 2 10043
1267 12 59920 4 60105
1268 61 41332 2 42116
1269 14 77323 4 77976
1270 28 37537 1 37782
1271 5 81760 1 82696
1272 18 16696 3 17544
1273 81 15900 7 16001
1274 66 59755 3 60537
1275 9 14714 6 14758
1276 17 52713 4 52961
1277 25 80159 3 80228
1278 1 56786 2 57111
1279 91 702 4 880
1280 9 31370 4 31474
1281 85 19628 1 19935
1282 28 57686 1 58078
1283 70 81535 5 82378
1284 58 359 1 623
1285 75 8071 1 8337
1286 15 78864 4 78956
1287 20 81341 2 81517
1288 8 52869 1 53207
1289 45 31099 1 31242
1290 70 8071 5 8193
1291 55 73534 5 73716
1292 33 49708 3 49946
1293 85 44419 3 44525
1294 74 45166 5 45864
1295 89 6079 3 6980
1296 35 16113 4 16319
1297 29 62171 3 62326
1298 8 5976 2 6891
1299 11 81873 5 82556
1300 5 28948 4 29228
1301 33 10033 1 10131
1302 12 5213 5 5546
1303 49 26925 1 27873
1304 33 34778 1 34819
1305 14 52127 5 52779
1306 70 41099 5 41443
1307 45 20535 4 20717
1308 82 15026 4 15150
1309 77 47986 5 48094
1310 58 19101 2 19431
1311 54 72079 1 72420
1312 81 59883 4 60065
1313 34 74275 5 74926
1314 14 39079 2 40013
1315 30 6282 2 6479
1316 53 85135 5 85261
1317 82 50033 5 50203
1318 84 38424 4 38514
1319 70 8221 2 9041
1320 45 54623 5 54892
1321 33 64619 1 69667
1322 71 54238 7 54400
1323 81 84786 1 84910
1324 28 32638 1 33260
1325 75 52352 1 53679
1326 21 69913 2 70149
1327 13 75870 8 76021
1328 19 60894 1 61071
1329 86 9541 3 9655
1330 23 13300 3 13466
1331 82 7509 2 7834
1332 14 6535 2 6910
1333 10 28267 3 28357
1334 4 41440 2 41601
1335 56 70449 2 70558
1336 3 57981 1 59552
1337 86 38424 3 38618
1338 61 78586 3 78693
1339 23 27873 3 28140
1340 80 34819 5 35031
1341 33 27291 1 27349
1342 14 9704 5 10063
1343 6 20896 2 21119
1344 47 31749 2 32068
1345 10 9635 2 9818
1346 42 47239 2 47323
1347 33 64466 2 64507
1348 33 35067 4 35202
1349 4 76813 1 77011
1350 10 28915 4 29007
1351 25 73008 1 73057
1352 28 55889 1 55929
1353 28 51 1 1858
1354 28 5213 1 5814
1355 36 21202 1 21990
1356 18 31494 1 31594
1357 36 45166 5 45263
1358 52 69667 5 70629
1359 75 14630 2 14795
1360 59 45380 3 45446
1361 33 16450 3 16696
1362 81 26547 4 26780
1363 3 13086 3 13215
1364 81 207 1 251
1365 18 24484 4 24721
1366 14 76813 2 76983
1367 40 9223 2 9480
1368 81 81341 4 81367
1369 89 27421 5 28113
1370 14 73320 1 73472
1371 9 6079 7 7075
1372 34 81643 1 82549
1373 72 23291 3 24005
1374 88 428 5 759
1375 81 76605 1 76723
1376 82 15900 6 15975
1377 67 10851 1 10958
1378 8 30385 2 30847
1379 85 72194 3 72432
1380 82 16001 2 16014
1381 4 12829 1 13185
1382 38 13701 3 13998
1383 8 55556 1 55783
1384 85 52713 3 52847
1385 25 59690 1 59852
1386 4 8221 1 8427
1387 38 19586 2 19778
1388 82 37537 5 38198
1389 47 32103 2 32165
1390 24 1795 7 1860
1391 71 75228 7 75502
1392 2 43973 4 44889
1393 10 52713 1 53043
1394 18 57981 1 58304
1395 38 32967 3 33093
1396 69 59883 3 60172
1397 81 49486 1 50113
1398 11 8008 7 8234
1399 44 37600 1 38307
1400 62 14027 5 14193
1401 33 73724 2 73998
1402 37 5976 1 6746
1403 74 38520 7 38711
1404 10 32638 3 33441
1405 49 14110 5 14562
1406 18 38894 3 39166
1407 18 82326 5 82605
1408 77 56266 2 56977
1409 33 24777 5 24991
1410 40 28747 2 29606
1411 70 51496 1 52347
1412 75 51666 1 51709
1413 27 83803 1 84021
1414 82 71917 6 72137
1415 15 8583 5 9377
1416 53 6535 4 6616
1417 86 54238 4 54285
1418 4 10851 1 11778
1419 53 11789 3 12065
1420 2 7 2 259
1421 53 75870 2 76160
1422 40 44961 2 45020
1423 14 51860 1 52204
1424 11 54375 6 54561
1425 15 18898 3 19217
1426 65 39601 6 39661
1427 88 9416 7 9426
1428 8 72079 1 72725
1429 54 36673 3 36778
1430 34 77355 4 77655
1431 3 41440 2 41475
1432 42 44961 5 45770
1433 14 28463 1 29086
1434 74 31723 1 32571
1435 66 19520 3 19598
1436 89 16769 3 17117
1437 3 37396 1 38618
1438 4 14714 1 14992
1439 63 48649 8 48752
1440 59 63630 1 64247
1441 33 26547 3 26925
1442 75 19520 2 20351
1443 42 75870 2 76064
1444 77 16106 8 16331
1445 65 60966 5 61190
1446 38 85135 2 85876
1447 38 84443 3 84468
1448 8 8165 1 8402
1449 5 19640 1 19673
1450 51 72079 2 73017
1451 36 72536 5 73300
1452 76 45741 1 45999
1453 8 44419 2 45237
1454 12 43364 5 43391
1455 38 55889 1 56175
1456 19 30385 2 30599
1457 81 43835 3 43996
1458 67 32638 2 32656
1459 33 30385 5 30460
1460 34 55477 5 55519
1461 55 30432 4 30518
1462 89 15900 2 16176
1463 8 52713 1 52869
1464 42 56786 5 57000
1465 84 37974 4 38084
1466 12 81567 3 82529
1467 28 36178 1 36381
1468 54 14714 1 14948
1469 8 43357 2 43577
1470 81 82176 6 82196
1471 52 72079 4 72699
1472 31 31370 4 31553
1473 52 81535 5 81628
1474 9 81481 4 81770
1475 61 43601 4 43808
1476 23 44711 2 44913
1477 36 39542 2 39780
1478 33 14280 1 14630
1479 36 48099 4 48223
1480 62 37782 1 38512
1481 49 60894 1 61359
1482 39 81341 6 81402
1483 25 3235 2 3245
1484 60 76983 2 77064
1485 14 46623 1 46852
1486 17 19520 6 19662
1487 61 39985 4 40197
1488 18 9223 3 9935
1489 56 17705 2 17740
1490 75 38424 1 39173
1491 57 15026 1 15777
1492 81 38520 1 38641
1493 10 69667 2 69981
1494 39 73008 6 73772
1495 84 48188 3 48243
1496 80 37600 3 37620
1497 73 9223 2 9450
1498 33 73534 4 73669
1499 28 16727 2 16764
1500 3 59690 1 59983
1501 88 49486 6 49763
1502 25 32791 1 33128
1503 42 16696 6 16982
1504 3 74410 1 74501
1505 54 54238 1 54509
1506 13 7694 7 7971
1507 28 16764 1 17000
1508 62 35144 7 35284
1509 45 38424 5 39223
1510 68 19951 1 19979
1511 21 72079 1 72343
1512 69 20076 6 20115
1513 81 58690 6 58997
1514 77 54238 1 54326
1515 14 51961 2 52051
1516 75 27644 4 28005
1517 66 72150 2 72479
1518 4 63630 2 63925
1519 35 9199 4 9305
1520 33 18932 1 19015
1521 63 72192 7 72329
1522 5 39756 3 40373
1523 8 56266 1 56497
1524 75 76605 5 77245
1525 24 10851 4 11832
1526 75 52127 2 52352
1527 42 26925 1 27170
1528 82 59755 2 60643
1529 21 57098 1 57198
1530 81 18673 5 19019
1531 89 34345 3 34690
1532 12 40416 7 40615
1533 3 61511 1 62320
1534 50 27317 4 27365
1535 33 36178 2 36295
1536 73 51961 2 52145
1537 25 37396 5 37421
1538 81 35437 2 35685
1539 33 58159 1 58284
1540 40 51666 1 52472
1541 49 37600 4 38299
1542 75 36178 1 37974
1543 39 27317 4 27464
1544 28 47100 1 47796
1545 3 82176 2 82461
1546 15 16696 5 17390
1547 40 25570 1 25798
1548 33 71917 1 72079
1549 27 7458 1 7488
1550 49 81760 1 82366
1551 76 37974 7 38173
1552 81 9199 6 9331
1553 15 19640 2 19848
1554 81 44321 4 44657
1555 11 23036 7 23078
1556 59 14027 3 14900
1557 12 47587 2 47930
1558 75 37396 1 37423
1559 1 63630 2 63761
1560 51 28747 1 28977
1561 80 33458 4 33658
1562 50 43601 3 43830
1563 21 76870 3 77089
1564 54 6228 4 6464
1565 38 70930 2 71593
1566 14 7458 3 7554
1567 61 81341 2 81355
1568 30 20896 2 20912
1569 75 34345 3 35067
1570 14 46799 4 47437
1571 5 76605 6 76861
1572 33 49486 4 49708
1573 74 59690 6 60349
1574 15 28463 3 28560
1575 25 24525 2 24564
1576 14 55556 3 55922
1577 27 34345 1 34628
1578 40 20896 1 21135
1579 49 63630 1 63819
1580 65 58245 7 58476
1581 41 30385 5 30418
1582 23 6228 1 6388
1583 36 47986 4 48012
1584 44 57981 2 58300
1585 36 37396 2 38062
1586 33 30499 3 30617
1587 49 32638 2 32669
1588 20 56648 3 56765
1589 74 82920 1 83035
1590 40 69913 2 69969
1591 33 8165 1 8210
1592 24 59690 7 60576
1593 33 5976 4 6079
1594 2 9223 2 9932
1595 14 78586 1 78910
1596 75 17705 1 17769
1597 40 31370 1 32369
1598 33 83803 1 84766
1599 8 34345 2 34661
1600 12 72079 3 72175
1601 12 77323 1 78786
1602 45 73724 4 73952
1603 8 49946 1 50990
1604 36 5414 5 5582
1605 28 46623 1 46799
1606 20 69913 1 70202
1607 43 85135 3 85389
1608 89 60966 3 61212
1609 11 70381 3 70418
1610 3 56266 3 56479
1611 23 21202 1 21327
1612 19 72192 1 72250
1613 75 1914 6 2236
1614 2 83803 5 83954
1615 57 35144 2 35173
1616 28 20535 2 20744
1617 9 69667 2 69974
1618 20 7509 1 7793
1619 37 54255 3 54555
1620 3 36178 3 36488
1621 40 56266 1 56420
1622 12 60894 3 61575
1623 39 7783 4 8100
1624 70 9199 4 9438
1625 46 75417 1 75646
1626 18 19015 2 19068
1627 3 25570 1 25783
1628 14 58785 1 58839
1629 88 59878 6 59921
1630 61 64619 3 64832
1631 24 34345 7 34519
1632 3 34345 1 34537
1633 36 39206 3 39268
1634 61 56497 3 56522
1635 13 59690 6 59975
1636 4 11789 2 11873
1637 12 50471 2 50498
1638 56 81760 5 82086
1639 12 23329 4 23627
1640 42 64466 5 64619
1641 33 28716 2 29811
1642 3 39542 3 39985
1643 82 46623 5 46801
1644 36 58159 1 58389
1645 55 75275 6 76226
1646 14 6910 1 7255
1647 8 83146 1 83606
1648 75 69884 3 70024
1649 81 31099 8 31147
1650 9 35256 7 35544
1651 74 22843 6 22864
1652 38 16696 3 17003
1653 59 82862 3 83108
1654 25 40271 1 40507
1655 72 37869 1 37930
1656 65 80159 7 80426
1657 84 28463 2 28776
1658 62 31885 7 32587
1659 10 45799 3 46654
1660 8 28463 3 28784
1661 12 63630 4 63695
1662 14 21202 1 21743
1663 4 22843 1 23640
1664 14 15026 1 15560
1665 31 85135 3 85928
1666 8 52352 1 52367
1667 28 63785 1 64043
1668 42 22 3 150
1669 33 70449 1 70578
1670 81 51181 1 51496
1671 81 75870 5 76112
1672 64 8306 7 9054
1673 40 57098 2 57314
1674 33 22843 2 23026
1675 84 64619 2 64884
1676 75 39963 2 40007
1677 62 32638 5 32753
1678 81 78586 2 78864
1679 26 43478 2 43613
1680 48 70381 6 70420
1681 7 9587 6 9755
1682 57 85272 1 85474
1683 3 13562 1 13776
1684 36 57098 4 57168
1685 33 40559 1 41692
1686 1 31370 3 32002
1687 75 41702 4 41820
1688 60 81873 1 82196
1689 29 50471 3 50669
1690 33 59690 3 60674
1691 14 59690 3 60026
1692 12 18673 4 19030
1693 5 47100 3 47202
1694 3 34845 3 34994
1695 82 72150 2 72231
1696 10 56266 1 57145
1697 29 17705 3 17731
1698 77 51181 5 51272
1699 5 35067 3 35103
1700 10 43117 1 43388
1701 4 40559 2 41400
1702 3 73472 1 73664
1703 74 16696 7 16902
1704 75 30432 4 30545
1705 7 70930 2 71141
1706 47 19885 3 20662
1707 33 54462 1 54709
1708 59 38520 4 39161
1709 20 10880 3 11149
1710 75 75006 1 75995
1711 28 19982 1 20079
1712 49 58034 4 58145
1713 61 75870 3 76062
1714 38 37396 3 37445
1715 33 10033 1 10851
1716 7 17705 5 18591
1717 44 56435 3 56736
1718 64 62171 6 62325
1719 61 76723 3 76805
1720 46 54462 3 54809
1721 74 64466 7 64582
1722 38 75164 1 75896
1723 33 54255 4 54457
1724 58 34345 3 34494
1725 77 34896 5 34924
1726 3 83803 1 84796
1727 89 1807 5 2107
1728 69 16769 6 17705
1729 61 31809 2 32642
1730 20 20896 2 20961
1731 12 51181 6 51325
1732 72 8165 2 8277
1733 70 38424 2 38495
1734 74 40559 3 40726
1735 10 26547 2 26786
1736 33 70930 1 71917
1737 2 24525 2 24870
1738 36 33517 3 33771
1739 81 19520 1 19640
1740 14 5213 4 5319
1741 33 44303 1 44468
1742 46 60966 2 61202
1743 33 41702 1 41760
1744 8 38424 2 38943
1745 40 63630 2 64263
1746 63 24484 5 24795
1747 54 75275 2 75465
1748 3 20233 1 22824
1749 14 70214 5 70312
1750 10 72079 3 72978
1751 35 26547 4 26658
1752 75 5976 6 6101
1753 21 81873 1 81885
1754 6 16739 1 16831
1755 36 43747 3 44090
1756 8 6079 1 6991
1757 70 4 5 192
1758 28 43973 1 44122
1759 3 24777 1 24885
1760 71 69884 7 70585
1761 25 11789 5 11843
1762 5 80159 7 80282
1763 77 43601 1 43664
1764 36 59920 5 60005
1765 50 45166 5 45246
1766 77 41440 5 41789
1767 92 59690 3 59777
1768 45 15900 2 16802
1769 13 54623 6 54670
1770 21 14865 2 15489
1771 81 8583 2 9058
1772 14 45799 3 45927
1773 58 16769 1 17742
1774 33 37537 1 37578
1775 28 72150 2 72433
1776 53 52650 5 52722
1777 25 57098 1 57149
1778 40 38520 2 38834
1779 7 60894 3 61192
1780 15 6420 3 6551
1781 12 13215 5 13338
1782 77 11789 4 11918
1783 33 81974 1 83803
1784 63 48840 5 49061
1785 25 75924 4 76530
1786 28 20744 1 21290
1787 27 28463 2 28773
1788 71 434 8 462
1789 14 48099 1 48957
1790 87 9223 1 9382
1791 49 34994 3 35327
1792 4 57686 1 58660
1793 40 359 1 422
1794 67 11789 1 11956
1795 40 14630 2 14778
1796 62 19053 5 19201
1797 51 7783 1 8089
1798 24 39985 7 40084
1799 14 37980 2 38203
1800 75 51496 1 51666
1801 52 51181 5 51282
1802 54 28463 4 28532
1803 75 19101 1 20075
1804 4 12 1 356
1805 70 70781 1 71087
1806 39 11789 6 12077
1807 4 56266 1 56307
1808 38 62068 3 62098
1809 13 51496 7 51578
1810 49 76723 1 76778
1811 7 56266 5 56510
1812 28 28550 1 29281
1813 38 18898 2 19162
1814 40 19830 1 20061
1815 49 44961 1 45098
1816 85 14027 6 14889
1817 36 69667 5 70016
1818 3 1309 1 1586
1819 36 35256 3 35442
1820 84 58159 4 58311
1821 73 27317 3 27595
1822 33 39206 1 41056
1823 55 63630 6 63714
1824 40 82176 1 82326
1825 81 6228 6 6358
1826 59 33458 1 33669
1827 54 49946 4 50603
1828 75 9635 1 9730
1829 14 43973 1 44006
1830 25 19520 4 19624
1831 4 51181 1 51422
1832 10 1382 2 1693
1833 60 72079 1 72923
1834 87 8071 4 8089
1835 8 56497 2 57338
1836 25 70781 1 70903
1837 40 22843 2 22890
1838 35 69667 3 69912
1839 39 19520 6 20330
1840 81 76112 2 76173
1841 39 84786 6 84854
1842 5 70930 4 71666
1843 42 30385 1 31206
1844 38 76605 2 76816
1845 52 28915 4 29791
1846 70 7509 5 7749
1847 9 28915 5 28980
1848 6 58034 2 58050
1849 51 34345 1 34397
1850 28 76813 1 78012
1851 14 72245 5 72272
1852 53 31370 3 32180
1853 10 13300 1 13370
1854 73 75228 3 76146
1855 54 43117 3 43153
1856 75 28747 3 28789
1857 41 7980 4 8083
1858 45 24230 2 24505
1859 4 26547 1 26725
1860 33 772 1 1119
1861 38 5213 3 5377
1862 68 20076 1 20166
1863 81 56937 6 57212
1864 25 39601 5 39896
1865 89 41440 4 41576
1866 25 58034 2 58361
1867 74 84443 1 84761
1868 61 34845 3 34911
1869 57 75870 1 76184
1870 71 36295 8 37008
1871 63 27873 5 28206
1872 66 38424 4 38436
1873 36 52836 4 52953
1874 70 49708 4 49787
1875 4 32909 1 32999
1876 36 51181 3 51895
1877 14 73472 3 73724
1878 3 45741 1 46597
1879 75 73472 4 74081
1880 55 58159 7 58399
1881 85 37830 5 38015
1882 8 82862 1 82900
1883 75 82920 1 83137
1884 33 30460 1 30499
1885 8 14299 2 14442
1886 33 24484 2 24777
1887 33 28539 1 28716
1888 47 78586 2 78925
1889 18 13562 2 13769
1890 52 82862 4 82934
1891 28 14308 1 14954
1892 12 25570 2 25766
1893 19 39206 1 39867
1894 38 49486 3 50238
1895 75 82920 2 83186
1896 61 18898 3 19079
1897 34 45166 3 45782
1898 51 27873 2 28061
1899 18 69667 1 69714
1900 45 58690 4 58899
1901 29 23036 2 23134
1902 75 9564 2 9720
1903 23 15900 2 16782
1904 42 62310 1 62411
1905 17 61797 8 62086
1906 15 5213 4 5350
1907 18 59690 2 59889
1908 12 54462 3 54738
1909 75 45741 3 45812
1910 25 81481 2 81504
1911 33 73998 4 74238
1912 75 43357 1 44418
1913 3 28747 1 28915
1914 40 73724 2 73752
1915 60 58785 1 58821
1916 8 64466 1 64792
1917 12 82862 1 83052
1918 8 55889 1 56238
1919 53 10363 4 10515
1920 81 5213 7 6114
1921 8 19129 1 19586
1922 61 9223 3 9390
1923 75 23329 2 23526
1924 2 7509 1 7611
1925 21 23229 3 23243
1926 25 27007 3 27041
1927 86 62068 2 62088
1928 66 22843 1 23686
1929 73 51496 3 51543
1930 70 37396 5 38006
1931 33 54255 1 54464
1932 5 85135 7 86134
1933 4 78864 1 79015
1934 70 76870 2 77025
1935 9 76870 4 76976
1936 41 24484 4 24819
1937 75 46623 2 46835
1938 74 80159 1 80455
1939 18 46623 1 47447
1940 8 20896 1 21024
1941 44 19015 1 19041
1942 67 81148 1 81600
1943 28 55477 2 55806
1944 33 31885 4 32028
1945 75 59690 5 59763
1946 70 63630 5 63829
1947 39 59920 5 60811
1948 25 31809 4 32533
1949 18 84766 1 85055
1950 5 41702 2 42023
1951 67 69667 1 70215
1952 91 32338 3 32593
1953 16 20896 7 20911
1954 14 71917 2 72057
1955 89 40271 5 40488
1956 68 33517 1 33834
1957 81 52127 1 52368
1958 75 85135 1 85706
1959 15 10033 4 10952
1960 42 17705 1 18565
1961 8 27691 2 28014
1962 33 52127 2 52314
1963 81 27644 8 27691
1964 36 30385 2 30471
1965 15 23329 4 23437
1966 11 28463 5 28643
1967 14 54350 1 54623
1968 30 16113 2 16962
1969 15 55556 2 55877
1970 81 16001 3 16147
1971 42 77323 8 77437
1972 25 81760 4 82046
1973 37 37600 1 37682
1974 55 17705 3 17947
1975 28 23329 1 23810
1976 1 23229 3 23251
1977 38 43117 1 43815
1978 27 19520 2 19718
1979 35 7980 2 8148
1980 34 34778 3 34985
1981 40 73008 2 73345
1982 14 44006 1 44426
1983 65 47986 5 48006
1984 1 54569 2 54720
1985 9 31494 4 32302
1986 65 78586 4 78927
1987 33 32506 5 33458
1988 49 58159 1 58368
1989 12 58159 6 58384
1990 70 9635 3 9977
1991 3 34994 1 35462
1992 36 32638 3 32774
1993 28 44711 1 45647
1994 67 58531 1 58824
1995 80 56937 5 57693
1996 36 54238 2 54498
1997 58 27007 2 27985
1998 57 84766 2 84789
1999 70 45166 7 45363
2000 41 59755 3 60530
2001 3 14110 3 14411
2002 67 59690 1 60013
2003 14 40416 1 40765
2004 34 60183 1 60275
2005 70 75870 2 76193
2006 80 85135 3 85264
2007 14 72272 1 73008
2008 15 59755 5 60586
2009 42 51181 5 51339
2010 28 46799 1 46819
2011 18 73610 5 73742
2012 17 18898 7 19204
2013 18 5213 3 5449
2014 62 40416 8 40668
2015 41 33458 4 33524
2016 75 70930 1 71205
2017 70 14630 7 14715
2018 44 72706 3 72900
2019 77 7694 7 7853
2020 3 60894 2 61032
2021 21 70930 1 71661
2022 51 47799 2 48532
2023 14 57686 1 58034
2024 54 11789 4 11943
2025 6 59983 1 60072
2026 47 81341 5 82147
2027 8 37092 1 37336
2028 4 69667 2 70000
2029 18 72194 1 72525
2030 8 1807 1 1959
2031 70 82920 7 83149
2032 28 75924 1 76064
2033 18 41296 5 42160
2034 82 16696 5 16959
2035 14 15900 1 16056
2036 25 47912 2 47986
2037 58 39934 1 40236
2038 54 46835 2 47696
2039 45 44321 4 44516
2040 49 73724 5 73822
2041 31 59878 4 60228
2042 70 13988 6 13998
2043 55 81873 4 82860
2044 36 82920 1 83823
2045 54 19053 2 19293
2046 34 46623 3 47240
2047 19 44303 2 44606
2048 58 45166 2 45475
2049 3 47799 1 48143
2050 3 39 1 218
2051 82 82920 8 83172
2052 34 13838 2 13857
2053 52 34345 5 35332
2054 49 32909 2 33669
2055 75 82176 2 82870
2056 21 77323 3 77340
2057 58 28463 1 28714
2058 33 76813 2 76943
2059 14 69884 2 70002
2060 45 44654 2 44817
2061 47 20896 2 21037
2062 52 26925 4 27202
2063 28 83803 1 84698
2064 14 81341 4 81567
2065 11 47986 4 48256
2066 12 31494 2 31703
2067 34 75870 3 76138
2068 79 58034 4 58889
2069 70 39985 5 40277
2070 55 64619 7 64734
2071 54 39985 1 40327
2072 53 73724 3 73966
2073 24 69884 4 70114
2074 42 83803 8 84470
2075 38 35144 2 35922
2076 28 56435 1 56812
2077 12 51961 6 52032
2078 15 28948 3 29242
2079 8 21872 1 21984
2080 28 59690 2 59736
2081 33 60674 1 60894
2082 21 23475 3 24115
2083 38 23229 3 23404
2084 74 14110 5 14341
2085 62 24564 1 24868
2086 8 31494 2 31748
2087 60 85135 1 85262
2088 84 43747 3 44090
2089 42 37295 6 37433
2090 44 15900 2 16090
2091 42 32638 5 32839
2092 72 28463 3 28661
2093 49 59690 5 59782
2094 38 6420 2 6634
2095 75 85135 2 85406
2096 86 1807 2 2423
2097 53 38520 3 38689
2098 3 60183 1 60254
2099 84 63630 2 63783
2100 35 70930 4 70958
2101 1 56266 1 56449
2102 48 43747 6 43909
2103 49 57098 1 57724
2104 8 37396 1 37459
2105 5 30385 1 30601
2106 44 7509 2 7739
2107 46 56812 5 57115
2108 52 52574 4 52615
2109 77 9501 5 9679
2110 14 7255 1 7458
2111 75 71033 4 71139
2112 1 30385 2 30735
2113 86 35144 2 35387
2114 75 28539 4 28747
2115 65 58159 6 58209
2116 40 70930 1 71123
2117 81 85135 2 85305
2118 33 80159 2 81148
2119 1 13215 1 13335
2120 8 51181 1 51401
2121 36 84029 1 84101
2122 49 28915 5 28993
2123 77 80159 8 80396
2124 89 48099 3 48311
2125 4 51961 2 52262
2126 11 73724 8 73914
2127 8 61021 2 61308
2128 4 54238 1 54923
2129 33 54238 2 54255
2130 12 27873 3 28193
2131 75 9199 5 9520
2132 33 70239 1 70399
2133 81 6420 1 7247
2134 8 19586 1 19628
2135 81 54618 4 54713
2136 12 70781 4 70977
2137 45 17705 3 17719
2138 33 20744 2 20896
2139 68 48573 1 48899
2140 8 80159 2 80389
2141 35 76813 4 77072
2142 77 22843 5 23704
2143 38 24484 2 24703
2144 33 428 5 772
2145 24 5976 7 6022
2146 10 43747 1 44036
2147 71 40072 8 40330
2148 33 38641 3 38894
2149 33 58667 2 58688
2150 27 72079 1 72157
2151 77 10851 6 11194
2152 21 59690 2 59883
2153 12 41296 4 41344
2154 56 18898 2 19158
2155 55 85135 4 86053
2156 81 32909 1 33029
2157 10 6420 2 6487
2158 77 48649 4 48725
2159 20 54623 2 54796
2160 86 69667 4 69716
2161 45 58159 4 58225
2162 47 84766 5 84805
2163 14 76605 3 76813
2164 43 46835 1 47119
2165 45 39649 2 39734
2166 14 33237 1 33517
2167 44 24484 1 25138
2168 51 51496 1 52282
2169 3 56937 1 57292
2170 19 19423 2 20409
2171 41 76983 5 77043
2172 33 77355 2 78586
2173 12 10179 6 10249
2174 4 51666 2 51749
2175 14 10063 3 10363
2176 35 57686 4 58633
2177 81 31147 6 31370
2178 82 32638 6 32709
2179 13 16764 5 16977
2180 6 75924 1 75939
2181 55 43478 6 44147
2182 81 40863 6 41850
2183 28 62171 1 62393
2184 8 83803 3 84008
2185 28 26547 1 26826
2186 24 24777 4 25111
2187 33 22843 3 23169
2188 8 39934 2 39968
2189 18 19943 4 20230
2190 31 26547 3 26581
2191 31 55556 5 55632
2192 40 47587 2 47845
2193 8 73610 1 73664
2194 28 40416 1 40451
2195 89 7509 5 7843
2196 81 70381 1 70784
2197 14 62310 1 62559
2198 24 13086 5 13172
2199 67 82920 1 83081
2200 36 31748 5 32518
2201 75 434 2 512
2202 51 16113 2 16280
2203 25 61797 4 62058
2204 1 37600 2 37739
2205 28 43478 1 43681
2206 21 34345 3 34519
2207 18 43601 5 43828
2208 70 44961 2 45166
2209 74 37295 1 37857
2210 36 28267 4 28578
2211 42 15900 4 16001
2212 40 21823 2 21947
2213 10 6114 2 6246
2214 81 37980 1 38350
2215 24 5213 7 5490
2216 74 34994 1 35812
2217 14 38424 1 38905
2218 13 78805 4 79110
2219 33 33801 1 34778
2220 83 48099 5 48392
2221 27 16764 1 16848
2222 5 19053 3 19392
2223 55 19830 2 20681
2224 75 63630 2 63918
2225 14 70338 6 70554
2226 81 32791 4 32909
2227 20 58245 3 58261
2228 59 5213 4 5288
2229 8 73022 1 73469
2230 3 16696 2 17575
2231 77 73724 6 73833
2232 33 31749 3 31773
2233 8 40416 1 40757
2234 25 6420 1 6593
2235 28 51496 1 52506
2236 9 45166 8 45511
2237 81 27317 1 27574
2238 12 28267 8 28463
2239 44 44961 2 45247
2240 28 17705 1 18069
2241 77 32638 4 32746
2242 50 37396 6 37415
2243 75 55889 4 56001
2244 81 37092 1 37653
2245 52 51496 5 51625
2246 55 78864 2 78952
2247 88 24484 5 24547
2248 3 59763 2 59953
2249 36 23063 4 23140
2250 38 46835 3 47509
2251 10 24484 4 24523
2252 75 702 4 1382
2253 8 37869 1 38187
2254 36 20076 6 20998
2255 36 11789 4 12007
2256 68 9199 2 9476
2257 37 69667 2 69688
2258 40 47986 1 48092
2259 8 82176 3 82459
2260 45 72079 1 72114
2261 23 40559 3 40902
2262 7 38894 5 39202
2263 15 9839 5 10033
2264 42 76870 4 77094
2265 14 226 1 1236
2266 33 37396 1 37600
2267 8 77323 2 77686
2268 23 47657 1 47838
2269 51 26547 1 27431
2270 62 22843 7 23815
2271 4 43357 2 43396
2272 4 7509 1 7843
2273 40 35067 1 35397
2274 38 51961 3 52083
2275 40 59690 2 59728
2276 8 70930 3 71361
2277 84 73472 4 73655
2278 9 16769 1 16830
2279 9 44006 3 44134
2280 69 31370 4 31394
2281 52 56786 3 57103
2282 56 32967 3 33308
2283 88 28550 7 28703
2284 58 76983 1 77198
2285 27 69913 2 70153
2286 10 43478 2 43628
2287 34 7980 5 8098
2288 33 75006 1 75164
2289 6 0 2 158
2290 33 13838 3 14027
2291 81 39934 3 40261
2292 4 32638 1 32758
2293 59 19129 2 19288
2294 1 47587 2 47664
2295 49 24484 3 24780
2296 75 23183 2 23317
2297 3 81341 1 81768
2298 49 40863 2 40897
2299 49 27873 4 28781
2300 43 13215 2 13264
2301 74 83803 1 83979
2302 69 44215 4 44278
2303 42 5213 4 5438
2304 33 19283 1 19423
2305 81 32103 1 32338
2306 33 48497 4 49486
2307 81 72194 1 73023
2308 40 58159 2 58448
2309 60 15900 1 16179
2310 1 43117 3 43343
2311 28 8314 2 8705
2312 40 85135 1 85349
2313 9 16113 7 16303
2314 3 17705 2 17911
2315 74 70781 3 71033
2316 75 47986 1 48597
2317 69 8314 6 9199
2318 71 75995 6 76182
2319 15 21872 3 21946
2320 42 58159 1 58379
2321 68 44419 2 44444
2322 37 63630 3 63669
2323 65 32506 5 32545
2324 74 57686 5 57916
2325 12 57686 4 57981
2326 12 13086 3 13198
2327 33 74238 1 74367
2328 85 77601 5 77887
2329 13 81341 7 81502
2330 70 19640 4 19672
2331 10 1807 2 2121
2332 41 57686 5 57887
2333 89 31885 5 32226
2334 14 60894 2 61829
2335 75 55081 1 55477
2336 36 81148 2 81857
2337 9 26547 6 26679
2338 81 61797 1 62171
2339 75 56 2 401
2340 34 10851 5 11122
2341 70 61797 7 62057
2342 4 37537 2 39335
2343 85 24484 5 24551
2344 34 5414 3 5474
2345 47 44215 1 45019
2346 4 81341 1 81535
2347 81 16769 3 17008
2348 75 20076 2 21303
2349 50 54569 5 54647
2350 21 20896 2 21575
2351 89 78864 4 79090
2352 59 60674 2 61504
2353 38 27644 1 27881
2354 12 43478 7 43545
2355 8 82920 1 83015
2356 27 11789 2 12083
2357 61 40271 1 40587
2358 75 35402 1 35633
2359 84 7708 1 7982
2360 58 56266 3 56312
2361 67 27873 2 28822
2362 81 24484 5 24567
2363 25 14630 3 15502
2364 8 46623 1 47242
2365 13 32255 7 32423
2366 12 57981 8 58159
2367 12 57098 2 57129
2368 70 31370 3 31421
2369 49 74367 1 74423
2370 61 69667 2 69997
2371 61 57981 1 58180
2372 24 27007 4 27197
2373 74 5213 4 5549
2374 33 70381 1 70449
2375 10 55889 2 56177
2376 84 36178 2 36309
2377 21 47657 2 47753
2378 1 44419 3 44599
2379 3 56786 2 56924
2380 27 57686 2 57847
2381 81 78864 1 79014
2382 1 59690 2 59947
2383 49 56497 1 56802
2384 75 39173 5 39934
2385 46 19640 2 20328
2386 33 69913 1 69995
2387 77 59690 2 59737
2388 66 44643 3 44843
2389 15 49946 2 50572
2390 40 60026 2 60760
2391 49 16696 2 17825
2392 14 44654 2 44685
2393 67 85135 1 85578
2394 8 59690 1 60285
2395 12 75006 2 75624
2396 8 75228 1 75562
2397 47 52535 4 53191
2398 75 47100 1 47239
2399 33 55763 5 55889
2400 67 38424 1 38560
2401 24 15930 6 16095
2402 31 48099 3 48411
2403 17 69667 6 70433
2404 44 27873 3 27915
2405 59 10033 3 10167
2406 3 61032 1 61511
2407 47 13701 1 13882
2408 80 56266 5 56440
2409 37 72245 2 72440
2410 81 10033 1 10402
2411 36 56266 2 56584
2412 59 26547 1 26621
2413 54 48649 4 48873
2414 38 26547 1 26799
2415 48 75417 6 76197
2416 82 81535 1 81798
2417 42 75006 7 75756
2418 75 26547 2 26636
2419 53 55889 1 55965
2420 75 11789 2 11899
2421 6 28747 2 28927
2422 36 73472 3 74302
2423 28 59736 1 60042
2424 51 36673 2 36973
2425 73 44711 3 44997
2426 50 60966 1 61068
2427 49 11789 5 11984
2428 67 31370 2 32258
2429 82 37295 5 37430
2430 45 55556 5 55857
2431 59 57098 4 57260
2432 8 5414 1 5477
2433 4 5976 1 7285
2434 81 56266 2 56919
2435 27 9199 1 10054
2436 42 14744 2 15028
2437 40 34345 1 34660
2438 85 28463 3 28720
2439 33 81148 1 81341
2440 63 45166 8 45389
2441 70 38677 6 38787
2442 45 19053 2 19698
2443 89 19628 3 20334
2444 69 7708 5 8051
2445 12 28948 2 29639
2446 12 56648 2 56796
2447 8 12829 1 13920
2448 81 51961 3 52257
2449 54 218 4 429
2450 1 32506 1 32578
2451 23 434 1 532
2452 68 63785 2 64493
2453 1 43478 2 43629
2454 41 31099 2 31411
2455 44 63630 1 63860
2456 81 69667 2 69843
2457 54 27317 3 27484
2458 81 64466 3 64739
2459 39 75924 5 76219
2460 42 9199 5 9539
2461 18 48099 2 48809
2462 70 31749 2 32019
2463 81 62068 1 62150
2464 85 21823 1 22063
2465 9 83803 5 83911
2466 8 9454 1 9695
2467 84 69667 4 70555
2468 51 46623 1 46723
2469 3 81873 2 82161
2470 75 58034 4 58193
2471 86 64466 3 64687
2472 12 26547 4 26875
2473 19 27317 2 27369
2474 33 1049 2 1309
2475 21 5414 1 5637
2476 9 47587 5 47682
2477 85 76813 5 76854
2478 28 64619 1 65507
2479 65 15900 5 16035
2480 24 78895 7 79099
2481 41 72194 6 72387
2482 33 19520 4 19830
2483 1 39985 1 40011
2484 44 24564 1 24687
2485 81 14343 1 14638
2486 3 70930 1 71073
2487 15 31809 3 31865
2488 4 58667 2 59085
2489 12 22843 3 23004
2490 74 26547 6 26892
2491 77 38740 2 38950
2492 33 75264 1 75417
2493 42 58690 3 58828
2494 75 37974 5 38179
2495 3 38641 2 39083
2496 54 19943 4 20148
2497 77 43973 4 44121
2498 61 36673 4 36899
2499 54 9578 4 9909
2500 14 27007 4 27037
2501 70 19951 3 20270
2502 6 9416 2 9691
2503 14 24484 3 24672
2504 40 38424 1 38512
2505 62 52713 8 52938
2506 36 30385 3 30468
2507 74 42185 1 42683
2508 47 6535 4 6860
2509 71 69667 7 69884
2510 49 44711 2 44827
2511 3 1914 2 1980
2512 61 37092 1 37365
2513 24 6420 5 7342
2514 77 64466 2 64506
2515 56 14630 3 14697
2516 40 32859 1 33691
2517 51 63294 2 63630
2518 88 85135 7 85470
2519 42 1807 2 1849
2520 77 76723 3 76898
2521 8 16696 1 17664
2522 82 19830 6 19945
2523 14 47239 1 47587
2524 74 8314 2 8442
2525 15 74275 3 74942
2526 34 32909 4 32982
2527 81 31809 1 32009
2528 65 9223 5 9311
2529 10 58159 3 59125
2530 52 85135 2 85372
2531 28 63815 1 63881
2532 4 80159 2 80202
2533 75 16450 5 16550
2534 4 7980 2 8165
2535 76 72194 7 72237
2536 89 82326 4 82340
2537 34 19885 1 20203
2538 70 69667 5 69946
2539 86 27007 4 27101
2540 14 37980 4 38362
2541 65 52713 4 53025
2542 68 36178 2 36247
2543 9 75264 3 75368
2544 28 31099 1 32509
2545 36 44643 5 44868
2546 33 64619 3 65021
2547 28 84698 2 85502
2548 84 59878 3 60044
2549 70 58159 7 58807
2550 13 85135 4 85467
2551 25 44961 2 45248
2552 79 10851 3 11158
2553 28 51190 1 51413
2554 86 31370 3 31711
2555 18 11789 4 11875
2556 18 5976 4 6025
2557 85 8583 2 8835
2558 36 78586 3 78756
2559 70 13175 3 13370
2560 33 77323 1 77601
2561 40 5213 2 6207
2562 75 13701 1 14027
2563 8 26925 1 26979
2564 12 52352 1 52416
2565 20 34345 3 34647
2566 77 46623 3 46927
2567 20 26925 2 26996
2568 33 13356 1 13701
2569 77 14308 4 14409
2570 8 81873 1 81891
2571 81 58667 5 58690
2572 14 64466 1 64776
2573 25 75006 4 75660
2574 25 62310 3 62422
2575 8 17 1 1448
2576 3 24484 1 24588
2577 75 1795 4 1807
2578 1 7694 1 8034
2579 8 39649 2 39756
2580 46 81873 4 82611
2581 79 31370 3 31588
2582 18 32967 1 33767
2583 81 49946 1 50599
2584 44 9635 3 9882
2585 3 64466 1 64706
2586 49 1049 1 1342
2587 6 15930 1 16073
2588 40 40271 1 41168
2589 3 74275 1 74410
2590 12 72934 8 73225
2591 27 70930 2 71079
2592 24 7569 2 7609
2593 3 40967 1 41077
2594 36 84698 2 84884
2595 14 41296 2 41332
2596 89 59763 1 59845
2597 36 62171 6 62317
2598 77 15026 4 15679
2599 3 10851 1 11789
2600 2 58159 4 58961
2601 71 20233 7 20533
2602 81 81367 1 81794
2603 15 82862 2 83099
2604 81 14824 3 15900
2605 8 57686 1 58365
2606 77 12 2 186
2607 59 59690 1 59841
2608 36 72079 2 72397
2609 37 44426 2 44564
2610 15 51496 3 51651
2611 47 54618 1 54673
2612 85 69667 4 69999
2613 38 7255 1 7925
2614 37 40111 3 40230
2615 14 83803 5 84029
2616 42 73320 1 73563
2617 51 31885 1 32130
2618 13 54238 3 54525
2619 14 37295 1 37600
2620 5 55556 2 55693
2621 1 76813 3 76991
2622 25 9416 2 9550
2623 86 31099 4 31186
2624 10 59743 4 60681
2625 33 64507 3 64619
2626 36 49486 5 50467
2627 14 72079 1 72245
2628 27 51190 1 51411
2629 34 47912 4 48199
2630 28 82920 1 83241
2631 80 42185 5 42449
2632 74 15930 6 16206
2633 3 36673 1 37246
2634 33 75417 2 76107
2635 63 6420 8 6577
2636 25 7305 4 8026
2637 61 76983 3 77213
2638 1 81341 1 82328
2639 6 7509 2 7798
2640 84 44430 4 44673
2641 52 9862 1 10486
2642 47 15900 1 16074
2643 14 20576 4 20746
2644 40 27317 1 28038
2645 5 9199 7 9508
2646 81 83146 2 83507
2647 8 63630 2 63888
2648 60 83803 2 84039
2649 24 77323 5 77559
2650 33 61797 2 62685
2651 25 60183 3 60312
2652 56 51496 4 51635
2653 86 59690 4 59871
2654 75 7255 6 7569
2655 18 77323 4 77568
2656 3 43117 2 43357
2657 70 27421 6 27474
2658 38 60183 1 60270
2659 75 44215 3 44336
2660 28 10851 1 10937
2661 6 51496 1 51524
2662 68 50471 1 51240
2663 3 32638 1 32733
2664 42 54238 4 54321
2665 63 43478 3 43638
2666 29 83803 1 83969
2667 8 85135 1 85453
2668 12 54400 2 54462
2669 86 31809 3 32104
2670 41 10495 3 10724
2671 12 10851 6 11042
2672 81 38424 7 38520
2673 56 54464 1 55384
2674 70 30735 7 31070
2675 70 64466 1 64632
2676 12 30385 3 30991
2677 58 31809 2 32122
2678 45 33458 2 33476
2679 55 59690 5 59797
2680 81 48832 4 48985
2681 75 28941 6 29275
2682 25 58531 2 58764
2683 23 19129 3 19460
2684 79 61511 5 62137
2685 25 34345 1 34559
2686 64 38424 1 39232
2687 77 75417 5 76040
2688 54 40967 1 40985
2689 9 39173 3 39464
2690 81 23291 5 23418
2691 42 52535 6 52598
2692 52 61797 3 62068
2693 14 82862 3 82920
2694 27 64619 1 64931
2695 7 32909 6 33055
2696 28 81341 1 81825
2697 77 40863 7 41181
2698 44 20896 3 21195
2699 49 81341 3 81684
2700 10 60894 1 61150
2701 29 84443 1 84547
2702 92 38520 3 38600
2703 63 34896 7 35547
2704 8 54569 1 55451
2705 28 38424 2 38446
2706 4 31370 2 32290
2707 82 38424 3 38733
2708 58 60183 2 60424
2709 3 78586 1 79361
2710 14 26547 1 26700
2711 52 62310 5 62534
2712 33 58531 2 58667
2713 49 15900 1 16245
2714 81 14630 4 14824
2715 15 54953 2 55232
2716 81 51496 7 51606
2717 55 56266 5 56539
2718 4 34345 1 34591
2719 1 1795 1 1982
2720 92 85135 3 85449
2721 23 72706 2 72874
2722 75 13562 2 13867
2723 46 76723 3 77542
2724 70 55889 6 55916
2725 33 13701 2 13838
2726 61 31370 2 31696
2727 17 63785 7 64011
2728 25 69884 5 70807
2729 28 13086 2 13300
2730 15 81535 4 81786
2731 61 60894 2 61070
2732 53 23183 5 23229
2733 36 60966 5 61131
2734 33 76616 3 77355
2735 44 43478 1 44322
2736 88 64619 5 64702
2737 33 28463 1 28558
2738 44 76260 1 76389
2739 14 57686 2 57800
2740 70 5213 2 5976
2741 63 44961 4 44972
2742 42 57098 1 57445
2743 69 75924 6 76022
2744 41 40271 6 40422
2745 15 40072 4 40239
2746 10 61797 4 61892
2747 14 58839 4 59213
2748 74 70381 3 70534
2749 82 50471 3 50685
2750 42 28463 4 28489
2751 49 36178 2 37102
2752 21 5976 1 6790
2753 77 52535 5 53460
2754 13 56786 6 57411
2755 67 60894 1 61028
2756 8 28948 1 29654
2757 53 10851 5 11199
2758 33 48188 1 48485
2759 44 6228 3 6479
2760 14 84029 1 84932
2761 33 9635 4 9846
2762 33 43364 1 43478
2763 75 7708 1 7783
2764 6 7980 1 8282
2765 69 69667 4 70587
2766 33 46623 1 47799
2767 75 49819 4 50471
2768 58 81873 2 82220
2769 21 64466 3 64490
2770 25 83803 6 83914
2771 55 20896 3 21240
2772 75 54238 1 54542
2773 2 7783 3 8012
2774 5 73320 3 73394
2775 60 58690 1 58736
2776 52 20233 5 20479
2777 10 24525 4 24635
2778 89 9501 5 9807
2779 81 42185 1 42224
2780 33 54464 1 55150
2781 85 27007 5 27291
2782 8 36178 1 36457
2783 25 69667 4 69759
2784 33 58688 1 58949
2785 67 26547 1 27602
2786 20 46835 1 47801
2787 52 46623 4 46712
2788 49 19 1 479
2789 33 28267 1 28338
2790 58 55889 2 56060
2791 14 58531 1 58785
2792 85 83803 2 84073
2793 34 72079 4 72154
2794 12 49486 1 49594
2795 54 62068 4 62375
2796 75 5414 1 5560
2797 77 31885 4 32173
2798 10 27007 4 27346
2799 15 401 5 718
2800 10 51496 3 51607
2801 63 54953 7 54973
2802 70 27873 2 28155
2803 30 7694 1 7915
2804 74 23036 1 23214
2805 20 59690 1 59859
2806 5 60183 8 60394
2807 12 32859 1 32957
2808 36 80159 3 80429
2809 19 63785 2 63876
2810 40 46799 1 47065
2811 68 30385 1 30458
2812 3 1795 1 1855
2813 23 51181 1 51270
2814 44 27007 3 27120
2815 15 82176 4 82405
2816 61 44303 4 44394
2817 25 73472 1 73655
2818 74 78864 1 79024
2819 1 69667 2 69994
2820 11 58690 8 59376
2821 89 20896 3 21149
2822 14 31809 1 32189
2823 70 33458 4 33511
2824 52 1914 2 2183
2825 63 76605 7 76935
2826 14 36673 1 37295
2827 33 27873 1 27967
2828 21 81535 2 81865
2829 15 55889 5 56171
2830 38 16113 3 16198
2831 86 81873 1 81928
2832 63 81873 4 82147
2833 63 77601 6 77853
2834 14 62310 4 62490
2835 60 51666 2 52290
2836 52 15026 2 15131
2837 33 62068 1 62323
2838 24 64507 8 64604
2839 19 58159 2 58321
2840 25 48188 4 48518
2841 7 23167 6 23489
2842 39 27007 3 27078
2843 18 7509 4 8444
2844 14 7255 3 7402
2845 81 9587 2 9635
2846 77 21202 1 21220
2847 3 77323 1 77731
2848 55 16696 6 17454
2849 22 19520 6 19536
2850 52 20140 2 20176
2851 25 51496 5 51791
2852 33 60894 1 61797
2853 59 16696 2 16896
2854 27 7569 2 7918
2855 23 13086 1 13202
2856 14 40967 4 41296
2857 27 24525 1 24702
2858 50 52713 5 52975
2859 40 428 1 675
2860 30 44711 2 44813
2861 13 58531 5 58654
2862 14 14630 1 14938
2863 75 31723 2 32069
2864 34 39934 3 40641
2865 40 10851 1 11088
2866 81 22843 1 23183
2867 29 72192 1 72308
2868 12 19129 7 19464
2869 65 19015 7 19661
2870 33 44006 3 44327
2871 12 28463 8 28633
2872 81 33029 1 33065
2873 39 49486 2 49697
2874 33 72706 1 73534
2875 12 6535 5 7317
2876 45 48649 2 48850
2877 86 59878 3 60211
2878 3 13776 1 14110
2879 14 62068 2 62310
2880 14 76983 1 77315
2881 81 8071 2 8583
2882 3 43357 1 43447
2883 55 1807 4 2020
2884 3 57686 1 57766
2885 52 7458 2 8409
2886 52 60183 4 60389
2887 12 54238 5 54383
2888 60 31494 1 32190
2889 81 41296 1 45138
2890 3 9223 1 10797
2891 28 33458 1 35619
2892 77 5976 5 6057
2893 30 70554 1 70844
2894 12 60674 5 60803
2895 36 59690 4 59778
2896 15 70381 4 70555
2897 81 47587 1 48573
2898 68 60183 1 60523
2899 12 63785 5 64445
2900 28 43681 1 44430
2901 10 7255 2 7431
2902 89 19129 2 19355
2903 69 73724 6 74614
2904 3 32363 1 32615
2905 81 55556 1 56006
2906 13 9223 2 9528
2907 81 33458 1 33804
2908 45 10851 1 11011
2909 1 9199 1 9514
2910 81 76112 6 76263
2911 75 72536 6 73273
2912 28 11789 1 12159
2913 84 19520 2 19579
2914 29 40271 3 40437
2915 40 26547 1 26871
2916 81 38677 3 38905
2917 25 35256 5 35396
2918 18 75924 4 76050
2919 67 72079 1 72245
2920 14 44711 2 44810
2921 18 34345 1 34674
2922 42 56266 4 56443
2923 46 44430 4 44678
2924 23 58159 3 58305
2925 33 31749 1 31885
2926 33 52650 4 52713
2927 41 9704 6 9960
2928 3 19885 2 19951
2929 77 55889 7 56201
2930 7 20140 7 20259
2931 47 83803 5 84608
2932 38 17705 3 18581
2933 52 31370 2 31404
2934 6 34345 1 34505
2935 81 24567 2 25136
2936 53 37396 4 37736
2937 75 44336 3 44419
2938 40 57686 2 57761
2939 15 6114 2 6372
2940 8 78586 1 79513
2941 18 51181 4 51198
2942 81 56266 4 56349
2943 8 26547 2 26771
2944 18 58531 3 59477
2945 4 72079 1 72696
2946 12 33801 1 33818
2947 12 76605 2 76871
2948 4 43478 1 43600
2949 75 39985 1 40176
2950 61 48188 3 48335
2951 47 28267 2 28465
2952 7 76616 5 77249
2953 77 43835 6 43963
2954 40 61797 1 62103
2955 36 7255 5 7412
2956 81 23268 3 23291
2957 65 26925 8 27561
2958 35 81535 1 81650
2959 38 8583 2 8687
2960 67 83803 2 84209
2961 72 34345 2 34501
2962 47 34345 1 34370
2963 34 69667 3 70337
2964 33 19885 3 20620
2965 25 20744 5 21073
2966 33 32212 4 32255
2967 82 28463 5 28731
2968 14 45380 1 45799
2969 14 24777 5 25570
2970 28 39601 2 39649
2971 9 23475 6 23645
2972 25 82326 4 82553
2973 81 59690 2 59755
2974 81 40271 6 40597
2975 11 43478 7 43742
2976 36 38424 3 38736
2977 55 27007 3 27128
2978 77 30385 6 30432
2979 15 69667 5 69693
2980 9 59690 6 59785
2981 42 4089 6 4099
2982 55 51190 4 51418
2983 49 5213 1 6023
2984 27 1807 2 2102
2985 74 24525 3 24595
2986 49 73472 1 73569
2987 33 31494 3 31749
2988 74 52535 1 52858
2989 33 13838 2 13977
2990 25 70930 4 71274
2991 45 78805 1 79559
2992 54 38424 4 39196
2993 47 58531 4 58704
2994 54 61797 4 61845
2995 74 7694 8 7749
2996 24 39756 7 39778
2997 33 81535 4 81583
2998 33 19830 1 20032
2999 86 51709 2 51974
3000 75 54569 2 54953
3001 75 58531 3 58577
3002 1 34345 2 34570
3003 13 47657 5 47971
3004 19 56786 2 56885
3005 8 5213 1 5406
3006 52 75006 3 75266
3007 37 31809 1 32122
3008 70 11789 7 12556
3009 67 47799 1 48035
3010 10 47912 1 48659
3011 13 8314 6 8526
3012 60 30385 1 30452
3013 33 13175 1 13191
3014 10 19885 3 20140
3015 1 7509 3 7630
3016 14 82920 4 83146
3017 70 38641 3 38677
3018 38 60894 3 61205
3019 70 14027 5 14324
3020 9 40271 4 41191
3021 28 37830 1 38158
3022 24 70930 8 71753
3023 81 54569 7 54618
3024 13 69667 2 69733
3025 33 15900 3 16106
3026 55 38424 5 38687
3027 81 38641 4 38740
3028 75 32859 2 33067
3029 38 54238 2 54435
3030 75 82862 3 83542
3031 28 69913 1 70381
3032 8 7694 1 7956
3033 39 26547 6 26870
3034 18 19520 2 19692
3035 8 73724 1 75088
3036 70 7783 2 7796
3037 54 78805 1 79007
3038 8 19053 1 19129
3039 81 26925 1 27090
3040 14 47587 2 47912
3041 20 43478 3 43537
3042 18 8444 4 8675
3043 75 57686 4 58028
3044 27 24230 1 24357
3045 38 31370 2 31708
3046 33 78895 1 80159
3047 19 38424 1 38662
3048 13 32638 7 32812
3049 73 62068 3 62131
3050 12 73320 3 73387
3051 33 11789 2 11913
3052 33 37830 3 38046
3053 8 47242 1 47666
3054 3 44321 2 44364
3055 55 43117 5 43172
3056 5 11789 7 11919
3057 25 24564 3 25293
3058 69 73 2 165
3059 33 31370 3 31400
3060 8 81567 2 81676
3061 55 24777 6 25090
3062 52 809 3 866
3063 49 54618 3 54851
3064 70 22843 7 23167
3065 7 81341 5 81379
3066 75 81341 4 81643
3067 25 32638 5 32650
3068 41 44303 2 44587
3069 62 44430 5 44524
3070 82 16075 4 16164
3071 9 73472 5 73721
3072 54 41440 4 41732
3073 17 58159 7 58471
3074 41 14027 6 14171
3075 49 7255 6 7343
3076 36 43478 4 43579
3077 54 26547 1 26694
3078 61 85135 2 85349
3079 33 82176 2 82492
3080 77 76983 4 77710
3081 36 76605 5 76727
3082 25 55889 5 56060
3083 81 35144 2 35383
3084 75 1807 6 1914
3085 70 38520 3 38641
3086 4 83803 2 84005
3087 10 38520 3 39167
3088 61 46835 3 47129
3089 38 15900 1 16113
3090 10 52314 1 52495
3091 89 35256 4 35346
3092 25 47587 1 47839
3093 51 43601 1 43835
3094 42 44419 4 44458
3095 12 59690 4 59878
3096 61 19520 2 19755
3097 36 7458 4 8316
3098 33 9862 2 10622
3099 50 1049 4 1078
3100 82 11789 4 12452
3101 49 31809 3 31953
3102 13 33517 7 33624
3103 51 75870 2 75962
3104 18 6535 4 6723
3105 8 38894 1 38945
3106 42 401 3 662
3107 32 27317 2 27596
3108 28 26547 1 26855
3109 42 44215 4 44341
3110 14 9199 3 9704
3111 8 22843 1 24592
3112 75 9541 6 9564
3113 51 52713 1 52923
3114 8 27317 1 27500
3115 42 20896 5 21659
3116 75 18932 1 18951
3117 33 56786 1 57215
3118 75 58159 3 58341
3119 10 54464 1 54676
3120 65 81341 7 81602
3121 41 56786 1 57034
3122 81 35256 3 35437
3123 10 10851 4 11678
3124 81 38740 1 39901
3125 77 57686 6 57944
3126 3 54238 1 55815
3127 8 7255 1 7519
3128 14 41332 5 42716
3129 3 76605 1 77069
3130 13 76723 1 77442
3131 86 52713 2 52923
3132 19 37980 2 38213
3133 13 1049 8 1375
3134 77 51709 1 51933
3135 74 43117 2 43968
3136 40 56786 1 57008
3137 32 23229 1 23255
3138 7 1795 4 2067
3139 13 359 1 676
3140 56 27317 4 28157
3141 25 24230 4 24496
3142 75 45380 2 45541
3143 25 76870 6 77529
3144 47 40271 2 41235
3145 14 75870 3 76605
3146 36 10851 6 11066
3147 9 37396 6 37488
3148 33 14299 2 14549
3149 20 434 3 757
3150 56 58159 4 58891
3151 81 21078 2 21245
3152 42 46623 1 46966
3153 12 69667 5 70547
3154 82 10033 6 10993
3155 44 33517 3 33703
3156 51 69913 2 69989
3157 12 19041 1 19808
3158 75 16981 1 17074
3159 33 8165 1 8389
3160 33 13215 1 13356
3161 3 7458 2 7509
3162 42 62068 1 62258
3163 40 64466 1 65405
3164 55 7935 5 8025
3165 84 77601 3 77698
3166 81 7980 3 8068
3167 5 54623 3 55467
3168 52 6114 3 6247
3169 88 76723 7 77657
3170 3 73724 2 74190
3171 6 14744 2 14756
3172 3 28463 1 28592
3173 42 78805 2 79112
3174 70 32638 5 32969
3175 44 5213 1 5275
3176 51 1795 1 2648
3177 61 83803 4 83959
3178 20 85135 3 85252
3179 13 60966 2 61235
3180 8 31748 2 31915
3181 49 58531 2 59335
3182 44 19951 2 20878
3183 67 72245 1 72652
3184 77 6420 7 7227
3185 61 81873 4 81971
3186 4 16847 2 16889
3187 81 19830 2 19931
3188 47 69913 2 70864
3189 36 75870 3 76119
3190 81 34429 1 34574
3191 42 48649 3 48736
3192 12 33458 5 33580
3193 80 26925 4 27123
3194 12 48099 3 48370
3195 10 52535 2 52561
3196 21 39649 1 39937
3197 81 82920 1 83208
3198 4 75870 1 76055
3199 47 60183 4 60359
3200 49 14744 1 15127
3201 52 18898 2 19737
3202 49 24230 1 24337
3203 75 7894 1 8071
3204 33 45383 2 45477
3205 76 24777 7 24830
3206 54 70930 1 70970
3207 49 19423 5 19653
3208 2 15900 3 16035
3209 10 33517 4 33670
3210 14 83803 1 83935
3211 60 39934 1 40270
3212 13 39649 3 39790
3213 1 38894 2 39238
3214 82 51709 6 51908
3215 67 15026 2 15181
3216 62 81535 8 81776
3217 40 51181 1 51374
3218 92 1807 4 1997
3219 36 26547 6 26726
3220 59 57981 2 58751
3221 31 809 2 1026
3222 42 28267 4 28460
3223 88 75417 7 75652
3224 33 31099 1 31494
3225 24 26547 6 26886
3226 4 85135 1 85892
3227 52 62068 4 62152
3228 9 24484 3 24701
3229 45 62068 5 62203
3230 2 61797 5 62619
3231 18 43835 3 44033
3232 70 81341 3 81414
3233 67 44006 1 44122
3234 63 51496 7 51649
3235 7 26547 3 26697
3236 52 20744 2 21581
3237 81 30385 8 31099
3238 75 32322 2 32618
3239 44 59690 1 59812
3240 39 56648 4 56833
3241 3 7980 2 8306
3242 81 19885 2 19943
3243 42 8165 2 8362
3244 75 7783 2 7802
3245 67 73472 1 73822
3246 12 75870 3 75950
3247 58 23229 2 23337
3248 70 60894 7 61523
3249 27 40111 1 40425
3250 59 9223 1 9314
3251 42 54569 4 55536
3252 82 47986 4 48008
3253 81 34605 1 34896
3254 32 24567 2 24829
3255 75 44419 1 45357
3256 84 62310 4 62578
3257 14 16001 5 16075
3258 17 43478 6 44217
3259 14 27007 1 27317
3260 28 78805 2 79214
3261 74 24484 7 24525
3262 61 51181 2 51487
3263 77 7509 2 7565
3264 68 83803 2 84010
3265 62 28463 6 28733
3266 7 15026 2 15180
3267 75 35402 5 35694
3268 43 81341 2 81643
3269 86 73610 3 73927
3270 74 60894 1 61723
3271 44 28802 3 29058
3272 33 19015 3 19283
3273 52 38520 4 38822
3274 75 10033 2 10179
3275 2 85135 3 85923
3276 33 6420 1 7331
3277 79 46799 5 46847
3278 42 28550 2 29315
3279 7 77601 7 77819
3280 74 11789 1 11831
3281 70 36178 3 36297
3282 36 5976 3 6261
3283 81 63815 4 64024
3284 34 6114 4 6421
3285 33 37396 4 37459
3286 60 19520 1 19767
3287 61 14714 2 15040
3288 40 77323 1 77373
3289 14 81760 1 82066
3290 75 14299 4 14635
3291 18 31749 5 31785
3292 59 85135 2 85240
3293 61 15900 2 16123
3294 81 40072 1 41038
3295 14 16075 5 16107
3296 34 64466 1 64779
3297 67 77323 2 77579
3298 67 19520 1 19825
3299 52 23229 3 23334
3300 81 19423 6 19474
3301 14 12080 1 12829
3302 77 37396 4 37420
3303 73 51181 1 51334
3304 3 46623 2 47260
3305 9 20233 6 21153
3306 8 32103 2 32309
3307 50 61797 6 62112
3308 88 40559 6 40696
3309 58 60966 3 61236
3310 77 82920 7 83203
3311 29 20896 3 21202
3312 38 63815 3 63876
3313 36 32909 4 32949
3314 40 37537 1 37783
3315 45 30385 5 30464
3316 45 69667 1 70002
3317 36 85135 2 85331
3318 68 75006 2 75180
3319 28 60966 1 61882
3320 65 76983 8 77148
3321 12 43601 4 43761
3322 75 14824 2 14910
3323 77 38677 7 38690
3324 5 15900 5 16151
3325 64 51181 4 51326
3326 33 34819 1 35683
3327 18 30432 1 30769
3328 12 46623 1 46868
3329 77 85135 1 85179
3330 42 43117 4 43201
3331 45 56266 4 56559
3332 70 51181 4 51357
3333 38 34345 3 34602
3334 36 34345 3 34651
3335 54 37295 3 37373
3336 75 35144 5 35402
3337 65 16696 7 17300
3338 82 1049 7 1385
3339 70 28463 3 28733
3340 33 5213 3 5414
3341 33 9199 2 9416
3342 84 76605 1 76940
3343 81 44961 1 45288
3344 46 31370 4 31386
3345 75 76260 3 76453
3346 52 83803 1 84153
3347 49 40559 5 40831
3348 11 57098 4 57229
3349 13 45166 6 45362
3350 9 75870 7 76086
3351 75 50471 5 51190
3352 33 44430 2 45112
3353 81 23183 2 23268
3354 59 41332 4 41407
3355 8 34778 2 35114
3356 75 41099 4 41213
3357 74 69667 5 69907
3358 26 52574 1 52737
3359 79 16001 1 16100
3360 49 26547 3 26809
3361 81 27317 4 27528
3362 5 72079 5 72220
3363 14 56497 1 57140
3364 4 21823 1 21866
3365 84 52535 2 52720
3366 25 36178 4 36278
3367 85 34345 6 34525
3368 75 60894 3 61880
3369 6 58531 1 59445
3370 54 83803 3 84089
3371 82 54569 3 54851
3372 81 16450 6 16509
3373 10 39542 2 39839
3374 54 82176 4 82405
3375 31 54238 2 55192
3376 70 83803 5 84083
3377 29 69667 2 69907
3378 71 7894 7 7980
3379 11 75870 5 76005
3380 81 76723 1 77323
3381 70 20896 3 21652
3382 10 76813 1 77038
3383 44 9199 1 9501
3384 67 84698 1 84890
3385 85 46799 6 46880
3386 54 41099 2 41435
3387 49 75228 3 76134
3388 28 50085 1 50353
3389 12 20576 7 20709
3390 67 51190 2 51868
3391 4 82176 1 82210
3392 55 57686 4 57974
3393 33 70449 2 70781
3394 44 69913 2 70060
3395 55 19520 5 19786
3396 41 9199 5 9365
3397 49 20076 4 20337
3398 75 81760 1 81839
3399 70 16075 5 16424
3400 3 19951 1 20233
3401 81 57686 6 58570
3402 88 81341 7 82176
3403 37 48649 1 48854
3404 18 64507 1 64793
3405 74 75006 1 76356
3406 49 37396 3 37560
3407 17 30385 6 30550
3408 49 41702 2 42628
3409 50 37980 6 38030
3410 86 54618 4 54770
3411 56 41702 2 41713
3412 28 24525 1 24709
3413 14 23063 2 23229
3414 70 46623 5 46647
3415 2 40271 2 40488
3416 8 17705 1 17959
3417 70 38424 1 38506
3418 81 148 3 918
3419 36 81873 1 81953
3420 40 17705 2 17760
3421 7 35256 4 36035
3422 70 49946 3 50707
3423 62 9839 2 10091
3424 81 19640 1 19785
3425 25 30735 6 31502
3426 57 59883 1 60605
3427 62 13345 8 13402
3428 33 42185 3 43117
3429 92 59883 2 60182
3430 81 72079 2 72194
3431 47 76813 5 77107
3432 73 10033 1 10266
3433 12 24567 4 24762
3434 49 31099 1 31222
3435 70 7255 5 7410
3436 12 38424 4 39401
3437 33 52713 1 52912
3438 86 15026 3 15907
3439 14 45166 1 45380
3440 12 51496 4 51829
3441 19 48649 2 48936
3442 75 19053 2 19101
3443 10 35144 2 35199
3444 59 70930 3 71072
3445 23 55889 3 56064
3446 54 60674 4 61325
3447 81 27691 1 30385
3448 75 58667 2 58907
3449 44 43117 3 43436
3450 81 14714 2 14801
3451 67 60183 1 60346
3452 49 52535 1 52574
3453 15 8071 2 8337
3454 45 14824 5 14946
3455 34 19053 2 19096
3456 92 57686 4 58298
3457 10 82176 4 82334
3458 36 63630 3 63681
3459 5 47799 1 48737
3460 32 70002 1 70921
3461 8 39756 1 39921
3462 71 39173 8 39438
3463 81 9416 2 9587
3464 75 11789 1 13345
3465 60 69913 2 69980
3466 85 57686 1 58014
3467 53 27007 2 27666
3468 84 60894 1 61112
3469 67 9416 2 10567
3470 36 25570 1 25603
3471 33 70781 1 70930
3472 74 46623 3 47526
3473 44 81341 2 81520
3474 3 70381 1 70396
3475 61 57129 3 57144
3476 14 37869 4 37980
3477 28 32791 1 32864
3478 14 5213 1 5263
3479 35 47587 4 47888
3480 23 20896 3 21185
3481 8 24777 1 25102
3482 36 46623 2 46932
3483 10 16696 2 17031
3484 81 12829 2 13354
3485 23 38424 3 38625
3486 81 60183 1 60348
3487 9 31099 4 31257
3488 72 50471 3 50683
3489 60 64466 2 64779
3490 9 33029 6 33069
3491 86 5976 3 6107
3492 62 27962 2 28154
3493 62 75006 5 75049
3494 68 28463 1 28626
3495 18 19129 1 19267
3496 14 30385 1 31809
3497 52 58667 3 58867
3498 36 18673 3 19004
3499 40 23183 2 23200
3500 75 59763 1 60043
3501 3 26547 3 26890
3502 1 58 3 866
3503 45 40559 4 40589
3504 37 5213 3 5558
3505 45 52535 2 53279
3506 10 59690 1 59743
3507 19 63630 1 63715
3508 77 47587 6 47883
3509 3 1382 1 1532
3510 49 85135 2 85942
3511 56 73724 3 73907
3512 28 38446 1 39601
3513 51 40491 2 40748
3514 74 77601 1 78020
3515 9 39985 4 40122
3516 11 1807 6 2133
3517 38 40271 1 40443
3518 18 14299 3 14333
3519 8 43577 1 44043
3520 57 43601 1 43684
3521 6 45166 1 45467
3522 84 5213 3 6075
3523 33 7935 1 8165
3524 77 34345 4 34413
3525 33 6282 1 6533
3526 38 38424 2 38689
3527 75 41440 4 41702
3528 23 9839 2 10083
3529 81 62171 3 62695
3530 70 56266 3 56352
3531 33 14043 3 14280
3532 77 31370 5 31577
3533 14 60674 3 60872
3534 74 71033 3 71108
3535 5 36295 3 36412
3536 3 18898 1 19031
3537 70 35144 4 35431
3538 18 44321 4 44666
3539 70 1914 3 2217
3540 20 63630 1 63980
3541 75 59878 5 60183
3542 62 72079 1 72337
3543 54 45380 1 45525
3544 3 85135 3 86026
3545 84 10033 4 10086
3546 92 27317 2 27557
3547 18 80159 4 80246
3548 61 10063 3 10213
3549 8 74367 1 75080
3550 15 41440 4 41556
3551 42 69913 7 70193
3552 74 17705 2 17952
3553 15 85317 2 85396
3554 14 70002 1 70338
3555 33 27007 2 27291
3556 42 69667 1 69893
3557 52 30385 1 30396
3558 14 36432 3 36673
3559 75 51190 5 51300
3560 75 48840 1 49819
3561 59 34345 3 34576
3562 35 26925 4 27156
3563 75 6420 1 6709
3564 4 46623 2 46841
3565 45 6420 2 6630
3566 56 28550 4 28653
3567 42 13086 8 13297
3568 41 14714 6 14750
3569 84 22843 2 22994
3570 33 49946 4 50214
3571 18 57686 2 57811
3572 52 31749 4 31849
3573 14 52713 5 52806
3574 55 9541 6 9560
3575 3 51181 1 51212
3576 52 81760 5 82649
3577 55 46799 3 46852
3578 81 69913 4 70908
3579 42 7509 1 7722
3580 81 72150 2 72402
3581 3 69913 1 70128
3582 18 52836 2 53148
3583 8 10880 3 11165
3584 14 58245 5 58531
3585 58 26547 3 26831
3586 35 16847 2 17175
3587 9 19053 3 19902
3588 33 84766 1 85135
3589 27 54238 2 54966
3590 33 50471 3 50581
3591 40 59755 2 59841
3592 82 70930 7 70982
3593 86 40863 4 40944
3594 36 10363 3 10508
3595 20 26547 3 26869
3596 37 37782 3 37885
3597 50 20896 4 20968
3598 31 14714 4 14977
3599 36 26925 3 27006
3600 31 58159 3 58205
3601 74 27317 5 28100
3602 19 54255 2 54463
3603 46 24777 1 25113
3604 25 28267 1 29251
3605 85 48832 5 49503
3606 45 35067 5 35714
3607 33 72192 2 72502
3608 3 43747 1 44084
3609 8 61797 2 62797
3610 49 49486 5 49511
3611 85 20896 6 21027
3612 4 64466 2 64637
3613 14 74275 1 74445
3614 15 37600 5 38208
3615 52 43478 4 43511
3616 33 85317 4 85578
3617 3 50033 2 50355
3618 4 5213 1 5363
3619 47 31370 5 31704
3620 8 60894 1 61021
3621 18 28915 1 29774
3622 81 70930 5 71033
3623 10 54238 3 54452
3624 90 16696 1 17041
3625 28 41440 1 41545
3626 33 14744 5 14865
3627 86 84698 1 84881
3628 61 28267 4 28567
3629 67 33458 1 33580
3630 67 50033 1 50167
3631 61 5213 1 5444
3632 33 41296 1 42185
3633 67 80159 1 80488
3634 75 40271 1 41099
3635 33 52912 2 54238
3636 29 75870 3 76183
3637 23 32638 1 32755
3638 4 30432 2 30560
3639 33 55889 2 56266
3640 82 41332 4 41426
3641 14 33517 6 34345
3642 11 35144 7 35225
3643 12 28915 4 28948
3644 49 9199 4 9994
3645 12 11789 5 11808
3646 49 39206 6 40119
3647 6 46623 1 46692
3648 39 14714 5 14842
3649 40 34896 1 34957
3650 82 64466 7 64661
3651 49 60183 4 60323
3652 14 27962 4 28054
3653 81 20896 7 21078
3654 44 58531 2 58797
3655 81 19943 5 20834
3656 15 85135 2 85156
3657 55 69667 4 69871
3658 49 6079 1 6170
3659 75 1382 1 1416
3660 54 43601 2 43821
3661 41 34345 6 34503
3662 33 24991 1 26547
3663 27 81873 2 81915
3664 81 81873 1 82002
3665 3 59690 1 59736
3666 86 19520 4 20514
3667 75 28463 6 28539
3668 12 56266 1 56335
3669 58 7458 3 7547
3670 3 8306 2 9223
3671 33 46 4 359
3672 71 54400 8 54644
3673 58 15930 2 15974
3674 33 75870 3 76197
3675 13 35402 3 35466
3676 81 44215 7 44321
3677 18 60183 3 60362
3678 40 36278 1 36947
3679 24 62068 5 62358
3680 82 82196 2 82399
3681 14 85135 1 85272
3682 86 63630 3 63952
3683 70 73008 6 73245
3684 37 40416 1 40546
3685 88 34345 7 34540
3686 67 52535 1 53511
3687 81 26547 1 27044
3688 81 73320 1 73412
3689 5 57098 2 57165
3690 60 34345 1 34500
3691 33 69667 2 69913
3692 2 20418 2 20752
3693 68 81341 2 81519
3694 15 47799 1 47977
3695 74 47587 2 47700
3696 10 32103 4 32407
3697 14 44426 4 44643
3698 75 83803 1 84986
3699 12 27644 1 27821
3700 28 22843 2 22984
3701 36 42185 3 42852
3702 8 35144 1 35466
3703 11 56497 7 56700
3704 14 62 1 85
3705 40 48649 1 48898
3706 66 57686 4 58350
3707 18 10179 4 10450
3708 8 14043 3 14285
3709 19 33458 2 33535
3710 70 75006 7 75759
3711 65 28463 3 28716
3712 18 54238 5 54519
3713 14 23329 4 23475
3714 20 31885 2 32670
3715 24 44430 8 44472
3716 74 428 6 644
3717 4 13701 1 14049
3718 15 75164 4 75419
3719 33 76605 1 76616
3720 35 19982 4 20142
3721 88 39173 6 39226
3722 81 6420 5 6644
3723 54 10851 4 10901
3724 5 62068 5 62347
3725 2 24777 3 24810
3726 49 47986 2 48613
3727 82 73008 5 73097
3728 14 7694 4 7894
3729 82 76605 5 76852
3730 18 19885 1 20176
3731 77 35067 6 35199
3732 72 75006 3 75966
3733 38 13086 2 13231
3734 69 5213 2 5257
3735 36 16696 4 17037
3736 86 39934 2 40225
3737 12 31099 4 31398
3738 25 56266 4 56394
3739 89 85135 4 85470
3740 49 78864 5 78980
3741 3 12829 1 13086
3742 49 31370 1 31671
3743 3 31099 2 31356
3744 40 84443 2 84677
3745 33 44961 2 45086
3746 1 40559 2 40861
3747 25 82920 5 82951
3748 47 9416 1 10386
3749 8 31370 1 31465
3750 51 31370 2 31428
3751 51 84029 1 84853
3752 6 83803 1 84000
3753 14 85272 1 85626
3754 15 14299 5 14512
3755 12 7509 2 7858
3756 81 13356 2 13436
3757 25 60894 3 61114
3758 61 34345 2 34464
3759 10 9199 3 9438
3760 33 772 4 976
3761 8 47799 1 48638
3762 25 44215 6 44268
3763 61 56266 3 56407
3764 55 59920 5 60035
3765 8 18673 1 19053
3766 58 38641 2 38678
3767 89 48649 1 48983
3768 81 71033 1 71494
3769 82 35144 5 35231
3770 36 16001 1 16175
3771 36 5213 4 5372
3772 18 40271 1 40476
3773 28 13356 1 13605
3774 5 83803 1 84577
3775 1 51961 1 52155
3776 77 27873 1 28077
3777 67 39649 1 40326
3778 6 54618 1 54961
3779 25 72245 5 72909
3780 74 85135 5 85938
3781 3 19041 1 19470
3782 7 69913 8 70543
3783 49 75006 5 75228
3784 36 47799 2 47953
3785 30 28463 2 28728
3786 21 58245 3 58472
3787 6 38894 1 38949
3788 36 8391 1 8407
3789 12 36178 1 36397
3790 20 14027 1 14233
3791 81 32338 1 32638
3792 45 59690 4 60412
3793 60 7255 1 7436
3794 44 8583 3 8611
3795 25 74275 1 74602
3796 14 5976 3 6032
3797 1 35067 3 35106
3798 3 40271 2 40559
3799 15 28267 4 28332
3800 58 73008 3 73032
3801 81 52535 2 52836
3802 84 15900 4 15958
3803 28 7458 2 8264
3804 70 24230 5 24541
3805 14 51181 4 51374
3806 2 69884 2 70853
3807 8 73664 1 74318
3808 4 75417 1 75594
3809 81 74238 1 75287
3810 71 39649 7 39692
3811 71 55477 7 55818
3812 71 70781 7 71046
3813 81 7694 1 7937
3814 74 74275 3 74384
3815 21 18898 1 19057
3816 55 51709 6 51776
3817 81 19041 1 19291
3818 20 83803 1 83920
3819 61 82920 2 83691
3820 75 55556 1 56648
3821 21 10851 2 10911
3822 3 24885 1 25163
3823 42 47986 6 48254
3824 37 83146 3 83329
3825 46 9862 2 10665
3826 33 78586 1 78895
3827 4 43835 2 43908
3828 67 16450 1 16673
3829 38 39206 1 39498
3830 17 1795 4 1914
3831 11 73320 8 73629
3832 77 52127 4 52271
3833 81 39173 2 39504
3834 59 56266 4 56463
3835 4 13345 1 13453
3836 12 37600 2 38030
3837 44 51709 2 52025
3838 45 58531 1 58630
3839 36 58667 3 58954
3840 8 39985 2 40230
3841 33 11789 2 13175
3842 41 85135 4 85279
3843 20 35256 2 35389
3844 33 10179 1 10468
3845 38 14027 3 14656
3846 8 69667 1 70523
3847 81 37869 3 38095
3848 51 9223 1 9257
3849 15 36178 4 36307
3850 81 70930 1 71006
3851 14 24777 2 24954
3852 61 5976 4 6149
3853 27 85317 2 85364
3854 33 52713 3 52909
3855 8 75417 1 75638
3856 92 31370 2 31552
3857 81 60894 1 61915
3858 33 13086 3 13299
3859 27 72245 1 73054
3860 70 45741 7 45903
3861 28 19041 2 19982
3862 28 70381 2 70605
3863 67 37396 1 38139
3864 25 45380 2 45719
3865 66 16696 1 16741
3866 44 48099 3 48339
3867 18 56266 3 56581
3868 50 33458 5 34258
3869 36 13356 2 13473
3870 14 43117 1 43435
3871 33 38424 1 38641
3872 28 49946 2 50085
3873 82 40271 8 40501
3874 50 85135 5 85290
3875 54 37869 4 37914
3876 78 31749 1 32088
3877 52 40863 3 41771
3878 14 27317 3 27962
3879 17 37396 7 38335
3880 58 56786 1 57100
3881 28 50471 1 50847
3882 80 81535 3 82358
3883 75 20896 2 21274
3884 52 218 3 545
3885 36 70781 1 71393
3886 25 44303 2 44651
3887 33 27644 3 28267
3888 25 48649 4 48775
3889 38 77323 3 77337
3890 13 57686 1 57799
3891 53 82920 4 83174
3892 4 39649 1 40504
3893 1 28948 1 29167
3894 74 20744 8 21437
3895 27 43478 2 43731
3896 75 43117 5 43204
3897 17 76983 8 77287
3898 59 28747 4 28999
3899 24 63630 1 63926
3900 81 84029 2 84443
3901 40 51496 1 51590
3902 42 31370 2 32235
3903 21 58159 1 58183
3904 6 10033 2 10758
3905 70 72079 5 72270
3906 38 37600 3 37790
3907 67 32967 1 33177
3908 70 20418 5 20449
3909 75 5213 4 5253
3910 30 40967 2 41186
3911 28 57686 1 57833
3912 56 7509 4 7670
3913 44 1795 1 1961
3914 33 43601 2 44303
3915 75 26547 1 26603
3916 14 73008 2 73320
3917 36 43117 3 43396
3918 13 62068 5 62361
3919 8 51496 3 52280
3920 77 17705 7 18025
3921 27 20896 2 21215
3922 38 54780 1 55521
3923 33 75417 2 75716
3924 36 52352 2 52608
3925 25 30385 4 30599
3926 58 54400 3 54704
3927 13 64619 6 65450
3928 70 26547 4 26846
3929 87 46623 1 46724
3930 10 75870 2 76802
3931 21 82920 1 83246
3932 67 34896 1 35792
3933 42 19520 5 19601
3934 61 72079 3 73055
3935 54 7458 2 7729
3936 33 10851 1 11179
3937 21 9199 1 9314
3938 2 8071 1 8150
3939 28 6079 1 6502
3940 85 13 5 742
3941 28 57098 1 57444
3942 42 23229 1 23536
3943 61 46623 1 46814
3944 8 81148 1 81539
3945 67 40863 1 41199
3946 42 19943 6 20704
3947 71 7980 6 8899
3948 65 6420 8 6641
3949 42 24484 1 24623
3950 70 82176 1 82194
3951 74 9199 1 9350
3952 42 34778 7 35088
3953 33 26925 1 27007
3954 14 10363 2 10662
3955 65 32103 4 32337
3956 77 1049 1 1116
3957 5 35144 2 35275
3958 5 43117 1 43395
3959 49 69667 3 69863
3960 46 6079 3 6217
3961 11 5976 4 6889
3962 25 38641 4 38902
3963 70 43117 2 43350
3964 3 19520 2 19885
3965 43 6228 1 6573
3966 62 16696 2 16741
3967 30 13562 1 13702
3968 38 42185 3 42223
3969 28 75006 2 75924
3970 58 21872 1 22206
3971 58 69667 2 69729
3972 14 54623 1 55036
3973 17 81873 7 82044
3974 24 6079 4 6380
3975 8 39206 1 39531
3976 74 69913 3 70272
3977 23 69667 3 70502
3978 4 76605 1 76640
3979 5 81341 5 81652
3980 81 32638 7 32791
3981 15 24484 3 24537
3982 33 81481 1 81974
3983 77 6228 4 6389
3984 33 7458 1 7634
3985 67 57129 1 57291
3986 51 77323 1 77421
3987 15 81873 5 81956
3988 70 73320 5 74159
3989 61 8583 2 8877
3990 14 7458 3 7694
3991 4 77323 2 77608
3992 75 9839 2 9953
3993 49 70781 2 70823
3994 81 76260 2 76410
3995 75 401 1 434
3996 12 7935 2 7994
3997 28 73472 2 73807
3998 25 17705 3 18443
3999 12 81341 1 81487
4000 37 73008 3 73126
4001 5 51181 1 51438
4002 12 15026 2 15139
4003 69 54238 6 54988
4004 4 48099 2 48447
4005 67 75924 2 76062
4006 58 24991 1 25193
4007 38 26925 3 27087
4008 67 36178 1 36611
4009 55 44215 5 44538
4010 67 16769 1 17009
4011 6 32103 2 32253
4012 28 57098 1 57158
4013 25 43357 4 43402
4014 52 47587 5 48334
4015 33 76260 2 76614
4016 12 85135 4 85542
4017 23 31370 3 31477
4018 14 40072 1 40111
4019 25 23329 1 23381
4020 14 37600 5 37869
4021 27 45380 2 46166
4022 44 31099 3 31360
4023 79 8306 6 8374
4024 20 19640 1 20604
4025 33 74367 3 75006
4026 90 1914 2 2717
4027 82 22 4 311
4028 28 49708 2 49740
4029 5 32638 2 32807
4030 63 9223 8 9881
4031 69 22843 5 23105
4032 74 28463 1 28516
4033 33 45166 3 45383
4034 20 23291 1 23905
4035 3 31356 1 32363
4036 63 60183 8 60239
4037 3 72079 2 73431
4038 65 84766 5 84892
4039 51 63630 2 63837
4040 5 10363 5 10641
4041 77 48113 6 48444
4042 85 35144 5 35257
4043 81 48573 3 48832
4044 36 75417 3 75581
4045 52 28463 3 28556
4046 40 14110 1 14140
4047 77 54462 6 54633
4048 65 20418 4 21368
4049 70 428 2 464
4050 39 54623 6 55573
4051 33 81341 3 81481
4052 31 15900 4 16216
4053 25 15026 1 15176
4054 7 16696 5 17331
4055 36 31370 2 31471
4056 24 19041 8 19327
4057 8 58531 2 58718
4058 73 58785 3 59065
4059 36 9199 4 10118
4060 12 16847 5 17045
4061 80 75870 3 76078
4062 49 38520 1 39190
4063 36 428 1 568
4064 13 8444 2 8789
4065 33 52535 4 52650
4066 75 38446 2 38636
4067 42 49486 4 49765
4068 15 35256 2 35357
4069 70 59690 3 59953
4070 79 75417 6 76176
4071 11 401 8 476
4072 82 26547 3 26685
4073 33 16106 3 16450
4074 36 55556 4 55834
4075 81 82196 1 82382
4076 81 43117 1 43447
4077 10 34345 1 34503
4078 33 7694 1 7935
4079 33 77355 2 77590
4080 15 56786 3 57057
4081 13 47986 5 48176
4082 71 11789 7 12026
4083 74 76605 1 76702
4084 25 43478 4 44215
4085 39 9199 6 9505
4086 11 69913 3 70017
4087 92 20233 4 20387
4088 3 44215 1 45597
4089 58 83803 3 83989
4090 75 512 1 702
4091 11 22843 7 22934
4092 75 47657 2 48649
4093 27 38520 1 38755
4094 25 7255 4 7305
4095 25 85135 6 85196
4096 33 20896 4 21823
4097 3 702 3 809
4098 14 56266 1 56435
4099 34 5213 3 5242
4100 58 57129 1 57382
4101 84 359 4 461
4102 51 40271 1 40491
4103 2 49946 4 50171
4104 15 43478 2 44341
4105 27 19885 2 19949
4106 74 54238 6 55010
4107 50 38740 3 39039
4108 28 27317 2 28269
4109 82 34345 3 34633
4110 40 12829 1 13044
4111 33 17705 3 18673
4112 18 76605 4 76736
4113 57 7783 1 8010
4114 60 17705 1 17930
4115 67 76112 2 76201
4116 42 26547 4 26864
4117 65 41440 4 41489
4118 75 47239 2 47657
4119 47 17705 5 17942
4120 42 27317 2 27487
4121 81 9416 6 9564
4122 71 24375 6 24545
4123 14 39985 4 40072
4124 25 36278 6 36435
4125 40 15900 2 16667
4126 23 45380 1 46308
4127 47 27007 1 27230
4128 45 70930 2 71171
4129 7 48099 6 48717
4130 3 40559 1 40787
4131 2 38520 3 38601
4132 74 72079 2 72317
4133 3 28915 3 28995
4134 38 69913 2 70115
4135 44 81535 1 81671
4136 38 70381 1 70512
4137 33 5976 1 6012
4138 68 76260 1 76366
4139 16 24567 3 25217
4140 74 44419 1 44439
4141 52 40559 2 40795
4142 33 75164 4 75264
4143 27 47986 1 48219
4144 65 34896 8 35240
4145 33 47799 3 48113
4146 12 17705 1 17800
4147 60 24777 2 24880
4148 68 55889 2 55941
4149 14 6101 1 6535
4150 24 81873 6 81984
4151 74 39649 1 39830
4152 65 19982 2 20190
4153 38 57686 2 57949
4154 58 41440 1 42319
4155 54 57686 3 57979
4156 3 11789 1 12050
4157 56 1049 4 1340
4158 18 60674 2 60809
4159 75 16696 1 16739
4160 14 32322 6 33237
4161 49 83803 1 84106
4162 42 40271 7 40597
4163 75 38677 3 38985
4164 53 43835 4 43885
4165 33 58690 3 59690
4166 52 35402 1 35451
4167 58 35256 3 35505
4168 36 702 5 1377
4169 89 44215 5 44397
4170 1 52535 1 52714
4171 1 51496 2 51747
4172 48 32103 4 32858
4173 84 83803 4 84010
4174 21 54375 2 54442
4175 41 80159 5 80451
4176 75 28802 3 28941
4177 52 13 1 104
4178 33 43478 2 43601
4179 49 22843 1 24108
4180 42 60183 6 60509
4181 47 75870 4 76188
4182 28 54238 1 54375
4183 33 70214 1 70239
4184 3 49486 1 49786
4185 85 41702 5 41953
4186 36 40491 3 40811
4187 70 43835 3 44524
4188 75 6101 6 6420
4189 52 32909 5 33129
4190 75 54464 4 54730
4191 77 24230 6 24930
4192 3 809 1 1080
4193 74 58159 1 58383
4194 28 63785 1 63798
4195 24 69667 7 69689
4196 8 44215 2 44388
4197 11 82920 2 83211
4198 14 40111 1 40863
4199 81 10851 3 11087
4200 44 72079 3 72260
4201 75 9199 1 9541
4202 43 51961 3 52303
4203 70 52535 3 52729
4204 75 56648 1 57527
4205 12 83803 1 84878
4206 33 73472 1 73900
4207 81 17705 5 18018
4208 42 37537 4 37868
4209 64 24230 3 25229
4210 51 54462 2 54662
4211 75 75995 5 76260
4212 81 34896 1 35181
4213 33 9416 1 9578
4214 75 13356 4 13371
4215 33 43601 3 43638
4216 11 30385 2 30423
4217 75 58245 1 58973
4218 62 20744 4 20921
4219 75 55477 4 55705
4220 53 70381 4 70468
4221 20 37537 1 38293
4222 8 7509 1 7563
4223 55 9199 4 9425
4224 1 57686 3 58003
4225 10 5976 4 6024
4226 70 32103 5 32336
4227 49 56266 1 56409
4228 63 85135 8 85318
4229 49 61797 1 62914
4230 77 60183 5 60436
4231 54 34345 1 34597
4232 38 58159 3 58293
4233 52 58159 1 58219
4234 39 38894 4 39195
4235 78 48832 1 49106
4236 24 47657 5 47670
4237 81 56937 8 57278
4238 53 14714 5 14888
4239 8 75164 2 75386
4240 36 57981 1 58139
4241 89 23183 4 24153
4242 49 7509 1 9152
4243 20 77355 1 77590
4244 1 36295 3 36414
4245 40 46623 2 46653
4246 61 30385 4 30472
4247 70 78586 2 78716
4248 41 23229 5 23497
4249 42 71917 4 71976
4250 45 82196 2 82293
4251 81 9331 1 9383
4252 52 55889 4 55982
4253 28 23036 2 23316
4254 47 46623 4 46940
4255 9 44215 6 44339
4256 10 27691 1 27874
4257 13 22843 8 23707
4258 12 1795 4 1980
4259 8 32733 1 33700
4260 39 28550 5 28866
4261 77 58531 3 58574
4262 12 20076 3 20362
4263 3 50471 1 50898
4264 25 57686 4 57731
4265 24 38446 7 38556
4266 39 15900 4 16107
4267 34 20233 2 20262
4268 36 1795 2 2782
4269 85 70449 5 70720
4270 8 14630 3 14963
4271 75 78586 1 80490
4272 38 73008 1 73161
4273 81 81148 8 81235
4274 92 51709 1 51945
4275 33 18673 3 18898
4276 18 14714 2 15056
4277 12 9416 1 9610
4278 68 37974 2 38766
4279 92 75870 3 76502
4280 10 83803 4 84473
4281 74 1807 1 2528
4282 81 7255 1 7573
4283 33 52314 4 52535
4284 24 85272 6 85513
4285 46 30385 2 30569
4286 7 39649 6 39987
4287 10 15900 2 16010
4288 70 48649 3 48758
4289 75 31099 4 31723
4290 62 28915 5 29010
4291 71 60966 6 61021
4292 40 75417 2 75554
4293 67 62068 1 62082
4294 38 9416 3 9619
4295 38 59690 1 59788
4296 84 63815 3 63958
4297 86 76723 1 76996
4298 12 9199 1 9370
4299 44 32733 1 33431
4300 33 14865 1 15123
4301 75 22843 1 23062
4302 33 31809 1 32103
4303 75 39173 1 39205
4304 12 63630 4 63760
4305 10 76260 1 76380
4306 68 82176 2 82254
4307 20 39649 2 40343
4308 86 28915 3 29165
4309 3 43478 2 43747
4310 77 44711 1 45707
4311 28 56266 2 56349
4312 38 72079 3 72232
4313 14 70554 1 70979
4314 12 57129 7 57311
4315 27 80159 2 80938
4316 41 20076 1 20253
4317 28 78586 1 78805
4318 18 81760 2 81874
4319 33 20076 1 20867
4320 33 51181 2 51323
4321 55 10363 5 10376
4322 38 75006 3 75031
4323 70 57981 5 58008
4324 61 48840 4 48918
4325 69 58667 6 59004
4326 82 24484 6 24764
4327 37 76112 3 76853
4328 15 45380 1 46315
4329 15 58531 4 58755
4330 4 60183 1 60330
4331 14 8221 1 8314
4332 3 69667 1 70613
4333 67 34537 2 34580
4334 54 81341 1 82099
4335 7 75006 7 75353
4336 80 22843 3 22865
4337 9 34345 5 35130
4338 21 85135 2 85243
4339 59 54464 3 54791
4340 33 50214 1 51910
4341 44 41440 2 41678
4342 43 59690 3 59809
4343 5 75006 1 75334
4344 3 27007 1 27438
4345 75 9839 2 9934
4346 12 19885 1 20044
4347 4 28463 1 28557
4348 49 44215 2 44361
4349 49 10363 1 11425
4350 14 47912 4 48099
 调度评估结果
1. 任务等待评估 (Σ 等待×权重): 1532199141
2. 任务完成评估 (最大完成时间): 86134
3. GPU显存空闲评估 (平均空闲): 18820.35 GB/时间片
 额外统计
已调度任务               : 4350/4350
平均等待时间            : 34106.47
各服务器任务分布      : 服务器1=48, 服务器2=28, 服务器3=134, 服务器4=72, 服务器5=48, 服务器6=34, 服务器7=29, 服务器8=129, 服务器9=48, 服务器10=78, 服务器11=33, 服务器12=116, 服务器13=47, 服务器14=191, 服务器15=62, 服务器16=3, 服务器17=17, 服务器18=69, 服务器19=21, 服务器20=38, 服务器21=36, 服务器22=3, 服务器23=30, 服务器24=43, 服务器25=102, 服务器26=2, 服务器27=41, 服务器28=115, 服务器29=21, 服务器30=13, 服务器31=15, 服务器32=10, 服务器33=258, 服务器34=36, 服务器35=23, 服务器36=109, 服务器37=22, 服务器38=81, 服务器39=24, 服务器40=81, 服务器41=34, 服务器42=85, 服务器43=10, 服务器44=59, 服务器45=48, 服务器46=17, 服务器47=33, 服务器48=7, 服务器49=91, 服务器50=22, 服务器51=33, 服务器52=68, 服务器53=25, 服务器54=53, 服务器55=46, 服务器56=18, 服务器57=14, 服务器58=46, 服务器59=31, 服务器60=22, 服务器61=65, 服务器62=28, 服务器63=20, 服务器64=8, 服务器65=33, 服务器66=13, 服务器67=61, 服务器68=30, 服务器69=24, 服务器70=107, 服务器71=27, 服务器72=11, 服务器73=15, 服务器74=70, 服务器75=199, 服务器76=7, 服务器77=87, 服务器78=2, 服务器79=12, 服务器80=14, 服务器81=204, 服务器82=58, 服务器83=3, 服务器84=40, 服务器85=30, 服务器86=41, 服务器87=4, 服务器88=18, 服务器89=28, 服务器90=2, 服务器91=3, 服务器92=14
