1 66 131562 2 131815
2 84 122899 2 123142
3 84 51602 1 52030
4 9 59619 2 59798
5 71 135770 4 136408
6 58 122899 2 123227
7 4 238 4 415
8 19 4672 1 5055
9 28 38042 2 38485
10 40 143217 2 143562
11 12 96378 1 96960
12 40 52853 1 53397
13 14 97430 1 98119
14 40 31684 1 31827
15 51 70502 1 71015
16 82 94880 3 95133
17 7 99577 1 100141
18 38 53396 4 53440
19 21 71815 2 71888
20 21 37248 1 37542
21 40 57650 1 58143
22 4 114309 1 114340
23 84 113652 1 114851
24 59 20244 1 20697
25 58 100508 1 100775
26 22 94088 2 94110
27 84 75340 1 75485
28 15 126614 1 127004
29 58 109234 2 109674
30 2 70978 3 71595
31 59 133869 1 134308
32 7 18330 4 18464
33 2 2528 3 3021
34 55 6272 2 6850
35 40 51895 2 52431
36 45 121121 1 121323
37 2 123286 1 123330
38 72 114600 2 114771
39 67 16648 1 16749
40 84 95795 3 96450
41 73 122899 3 123363
42 81 31989 1 32209
43 40 122899 1 123286
44 59 492 1 855
45 58 10337 1 10384
46 84 12014 1 12120
47 66 23828 1 24392
48 7 23667 1 24032
49 47 19986 2 20562
50 64 39114 3 39752
51 58 41060 2 41276
52 40 2023 2 2134
53 65 98944 1 99644
54 51 52431 1 52916
55 73 66064 1 66383
56 21 40282 6 40618
57 40 108341 2 108764
58 2 39114 1 39372
59 84 76209 1 76768
60 59 121121 2 121181
61 58 134329 1 134780
62 14 2528 2 2886
63 47 8161 5 8738
64 84 4672 1 4816
65 81 73398 2 73691
66 67 55802 3 55894
67 67 8109 3 8303
68 2 65193 3 65789
69 40 70269 3 70502
70 40 79494 3 80231
71 34 761 2 1375
72 8 68489 2 68662
73 40 36196 4 36401
74 38 116945 2 117244
75 8 142264 1 142524
76 37 111699 1 112051
77 67 68815 1 69128
78 36 94389 2 94885
79 12 99693 3 99774
80 74 27283 1 27860
81 84 136712 1 136936
82 40 84612 1 85070
83 84 99577 2 99610
84 84 103313 1 103762
85 58 141345 2 142070
86 15 115222 1 115369
87 70 19626 1 20251
88 81 16698 2 16856
89 58 34267 1 34641
90 40 66314 2 66482
91 14 117752 1 117808
92 28 90716 1 91413
93 7 133134 1 133290
94 4 20244 2 20529
95 7 65184 2 65724
96 21 120230 3 120300
97 73 23667 1 24000
98 48 90716 1 90770
99 59 60927 2 61498
100 84 126183 1 126838
101 30 31684 3 32319
102 59 107177 4 107905
103 2 93969 2 94184
104 8 105085 3 105771
105 58 1854 1 4107
106 40 64482 1 64838
107 84 1854 5 2032
108 58 122899 1 123088
109 40 113078 2 113794
110 59 133869 1 134233
111 40 21157 2 21475
112 42 90166 1 90810
113 59 4567 1 5139
114 40 135700 1 135919
115 73 2023 2 2236
116 58 143217 2 143811
117 59 41630 1 42529
118 40 72182 1 72460
119 8 61554 1 62055
120 40 15813 1 17444
121 84 79494 4 79635
122 36 134329 1 134749
123 84 22058 1 22737
124 39 138858 2 139179
125 38 86514 4 86768
126 47 32725 2 32936
127 14 12014 1 12615
128 71 75340 2 75546
129 59 68489 1 71542
130 40 25676 1 26285
131 4 1854 2 2576
132 9 19042 2 19227
133 17 124022 2 124221
134 74 76768 3 77009
135 42 47684 1 48154
136 81 79350 1 79829
137 65 47224 2 47729
138 31 56816 2 56894
139 58 60248 2 60458
140 58 78421 2 78579
141 59 141722 2 142250
142 79 37164 2 37775
143 81 2528 1 2963
144 58 16197 1 16506
145 40 48930 1 50380
146 84 0 1 565
147 64 67143 4 67750
148 21 24682 6 24860
149 47 122899 6 123481
150 36 10337 3 10542
151 40 53929 7 54188
152 84 140911 1 142264
153 11 36452 4 36764
154 84 42939 1 43627
155 59 115746 2 116218
156 66 59871 3 60101
157 84 2528 1 3010
158 84 78175 2 78374
159 84 106859 1 107177
160 58 98944 1 99577
161 47 70502 2 70529
162 7 113652 1 113884
163 84 41060 3 41278
164 4 21157 3 21318
165 13 66872 3 67481
166 59 140629 1 140710
167 42 116639 3 117184
168 84 65184 2 65756
169 42 114851 1 115226
170 7 26217 1 26600
171 67 140490 1 140960
172 39 37228 1 37639
173 12 114309 1 114604
174 36 131562 1 131819
175 59 103231 2 103423
176 34 4567 2 4691
177 67 46048 1 46677
178 27 140922 8 141052
179 8 14251 2 14407
180 14 28074 5 28546
181 84 66712 2 67289
182 47 16698 1 17022
183 8 116349 4 116899
184 20 42303 2 42358
185 41 115211 3 115504
186 45 23158 1 23789
187 4 76209 2 76895
188 50 65833 1 65984
189 81 120230 3 120254
190 59 55474 1 55563
191 58 122162 1 122693
192 12 33647 1 34248
193 59 31684 1 32248
194 40 76768 1 78361
195 40 48930 1 49633
196 73 48236 2 48293
197 84 65833 1 65993
198 38 71815 2 71877
199 81 36401 2 36989
200 40 134329 1 134564
201 4 71510 1 71645
202 3 16162 2 16270
203 84 97929 4 98124
204 67 103296 3 103409
205 45 98494 3 98587
206 47 16162 1 16368
207 40 110623 1 111025
208 42 65193 1 65262
209 47 6272 2 7012
210 58 142133 1 142340
211 65 2032 1 2582
212 40 65833 2 66476
213 4 41861 6 42481
214 2 54596 3 54904
215 73 36401 2 36864
216 36 35798 5 36224
217 4 114600 1 114907
218 52 20530 1 20635
219 58 108620 1 108893
220 13 29043 2 29138
221 84 29514 1 30458
222 4 60248 2 60974
223 72 59619 2 60155
224 62 70269 4 70812
225 56 37066 2 37413
226 73 12014 2 12223
227 39 73022 2 73723
228 31 8965 1 9690
229 4 8838 1 9550
230 34 140911 2 141104
231 67 2528 1 2825
232 17 94376 2 94983
233 40 54596 1 55474
234 4 63379 1 64026
235 84 136203 1 136233
236 40 8109 1 8161
237 47 29514 7 29558
238 19 492 1 1026
239 53 2023 2 2224
240 8 93018 3 93268
241 7 2528 2 2806
242 2 15813 3 16090
243 47 73314 3 73591
244 82 64633 2 65361
245 34 66064 2 66448
246 58 109326 1 109880
247 40 136203 1 136712
248 84 31798 1 32374
249 36 57056 1 57320
250 47 37164 1 37274
251 55 54188 1 54430
252 84 122591 1 123130
253 55 26588 2 27076
254 14 85631 2 86348
255 17 85631 1 86191
256 17 73022 3 73473
257 4 55289 3 55833
258 42 59871 2 60013
259 34 75933 2 76609
260 8 91758 4 91904
261 84 66872 3 67143
262 26 43457 1 44116
263 58 107564 5 108274
264 84 50283 1 50752
265 84 102202 1 102396
266 61 18880 2 18952
267 42 105085 1 105152
268 52 13694 1 14060
269 47 71214 1 71388
270 13 13082 1 13586
271 13 12385 5 12650
272 47 31798 2 32432
273 52 47684 2 47876
274 20 103762 1 104473
275 40 42303 1 42906
276 84 55802 3 56174
277 11 68489 2 68539
278 66 33647 1 34147
279 8 114309 3 114651
280 2 91758 1 91804
281 58 94600 1 94760
282 1 115222 1 115455
283 59 90716 2 90758
284 41 109234 1 109883
285 84 115211 1 115304
286 14 62731 1 63032
287 4 111586 4 112030
288 67 59871 4 60028
289 7 84612 1 85073
290 7 70502 1 70717
291 65 37248 1 37674
292 1 73385 1 73945
293 58 47224 1 47440
294 74 59111 1 59332
295 81 33692 4 33752
296 40 41060 1 41630
297 61 4672 2 4966
298 40 52431 6 52554
299 70 68489 1 69015
300 58 135700 4 135770
301 58 74134 2 74343
302 59 43951 4 44100
303 12 95834 2 96172
304 18 76322 4 76931
305 22 112223 2 112999
306 58 118706 1 120154
307 84 133869 1 134969
308 84 78374 2 78421
309 66 59111 3 59499
310 58 115020 1 115383
311 38 90716 2 91219
312 36 47224 2 47952
313 84 54559 5 55289
314 40 33647 1 33692
315 65 61554 2 61797
316 84 104978 1 105528
317 40 238 2 492
318 84 113078 2 113652
319 84 105786 1 106081
320 13 14251 1 14286
321 62 33947 1 34571
322 40 95795 1 95834
323 13 124157 1 124211
324 4 59619 2 60246
325 1 62282 2 62859
326 40 22058 2 22189
327 11 1854 4 2114
328 12 39105 4 39813
329 73 94880 2 94914
330 73 17122 4 17671
331 66 29514 3 30130
332 34 135271 4 135919
333 27 83780 8 84016
334 84 71510 1 72685
335 20 65184 1 65868
336 84 71510 2 71815
337 34 6105 1 6301
338 67 79351 1 79449
339 17 93436 2 93734
340 58 52030 1 52321
341 59 72502 1 72882
342 58 136203 1 136657
343 66 37164 2 37909
344 4 122899 4 123244
345 84 78585 2 79494
346 40 113346 1 114309
347 45 134329 2 134646
348 73 52554 2 52867
349 4 39105 4 39654
350 58 76275 1 76927
351 40 42906 1 43251
352 56 94376 1 94665
353 36 56816 2 56990
354 2 51222 2 51335
355 84 67143 1 67682
356 42 142264 1 142904
357 2 110195 2 110624
358 4 32725 1 32897
359 26 111699 2 111964
360 19 113078 5 113553
361 40 43457 3 43925
362 14 116516 2 116643
363 21 33692 6 34386
364 40 81724 1 82039
365 26 37248 3 37826
366 59 75865 2 76322
367 84 135700 1 136344
368 40 95834 2 95922
369 12 59871 1 60529
370 84 25676 1 26285
371 14 116349 3 116854
372 81 94389 4 94691
373 47 103762 2 104011
374 84 117198 1 117752
375 21 62282 4 62979
376 84 98124 1 100319
377 12 43457 3 43671
378 17 38227 1 38705
379 47 76322 1 77044
380 40 131025 1 131544
381 40 23469 3 24267
382 4 66872 2 67558
383 4 12014 1 12599
384 4 118706 1 119218
385 48 103313 2 104037
386 59 59903 1 60308
387 36 64633 2 64938
388 84 48236 2 48804
389 1 20847 1 21417
390 6 33947 1 34479
391 84 44175 1 44522
392 4 123286 1 123989
393 40 56781 4 57300
394 40 14251 1 15018
395 8 10337 3 10759
396 84 52554 2 52853
397 81 143217 3 143342
398 4 39807 1 40523
399 40 79176 2 79413
400 41 66872 1 67025
401 15 135770 1 136285
402 64 135700 1 135732
403 58 10384 1 10934
404 84 8161 1 8743
405 2 90716 3 91434
406 59 12385 4 12715
407 2 105085 2 105824
408 8 84772 2 85374
409 67 84612 1 85307
410 58 103936 2 104685
411 4 32145 2 32893
412 26 94880 1 95264
413 84 105085 1 105737
414 17 93993 1 94306
415 84 52431 1 53123
416 55 18070 1 18429
417 66 19042 1 19184
418 19 115222 1 115550
419 17 12014 3 12379
420 42 108490 3 109104
421 62 109672 3 110106
422 40 45252 1 47224
423 46 111307 1 112054
424 9 124022 1 124337
425 42 67143 2 67467
426 84 110195 3 110557
427 18 107177 1 107329
428 9 126183 4 126429
429 65 105085 2 105252
430 17 103231 3 103643
431 52 90716 2 91237
432 8 16698 2 16943
433 27 52554 7 52636
434 59 102202 4 102660
435 12 118706 4 119199
436 36 140629 7 141276
437 36 126620 6 127169
438 36 91231 2 91886
439 40 15350 1 15813
440 12 47684 1 47819
441 73 38042 7 38676
442 47 31684 4 32218
443 40 31798 2 32023
444 2 103231 1 103888
445 40 70502 4 71108
446 7 28074 4 28629
447 84 143468 3 144082
448 84 24267 4 24682
449 3 126183 1 126499
450 81 71510 6 71784
451 52 52554 1 53136
452 84 140490 1 140911
453 74 78731 1 79063
454 36 140490 2 140578
455 58 23667 1 23828
456 58 66314 1 66768
457 85 33465 1 33813
458 7 108341 1 108558
459 18 115746 1 115993
460 58 141345 1 142133
461 40 97912 2 98589
462 36 15459 4 16198
463 26 81724 1 81751
464 14 37806 3 38353
465 67 95834 1 96299
466 81 140490 1 141142
467 83 86514 3 86916
468 47 136203 1 136771
469 3 10337 1 10421
470 59 104978 1 105012
471 27 19986 4 20326
472 2 27744 1 28313
473 40 27488 1 29043
474 59 136805 2 137495
475 40 127418 1 127484
476 65 102734 1 103206
477 30 134329 2 134980
478 67 90716 4 91203
479 40 44454 4 44849
480 42 110623 1 111212
481 9 74134 2 74410
482 40 66712 2 66872
483 40 60476 2 60560
484 58 24413 3 25288
485 81 37164 2 37510
486 17 10337 4 10496
487 62 26217 3 26903
488 4 18552 1 18921
489 59 59619 4 59903
490 47 90716 1 90798
491 62 70502 1 71054
492 66 33692 2 34340
493 14 31684 1 32145
494 45 59111 2 59406
495 84 93436 2 93756
496 85 94880 1 95421
497 40 18070 2 18847
498 84 123963 2 124157
499 59 93969 1 94565
500 8 71214 2 71503
501 58 29514 1 29755
502 47 97430 4 97932
503 59 4107 2 4340
504 73 120154 3 120607
505 40 54188 2 54596
506 52 66712 1 66832
507 27 8161 7 8839
508 42 90166 1 90824
509 4 16698 2 16850
510 58 42303 1 42505
511 36 73314 5 73475
512 67 122162 5 122700
513 84 64777 4 64885
514 47 94376 2 95087
515 73 116349 3 116974
516 2 75340 2 75574
517 7 72182 2 72920
518 19 57056 3 57487
519 31 18070 1 18478
520 7 19626 1 20333
521 22 75193 1 75888
522 9 133869 1 133974
523 8 135700 2 136363
524 34 107177 1 107468
525 73 50728 4 51463
526 40 13572 1 14251
527 2 88951 1 89118
528 18 65833 1 66086
529 58 43457 1 43829
530 81 31684 2 32426
531 58 113346 1 113545
532 40 116945 2 117195
533 65 110195 1 110444
534 28 116945 1 117136
535 27 100843 1 101344
536 40 64290 1 64337
537 1 42939 2 43002
538 8 2528 4 2941
539 4 37164 2 37392
540 47 115746 3 115841
541 40 93436 1 93969
542 81 90716 1 90990
543 59 124157 5 124795
544 81 103936 7 104594
545 41 42906 2 43564
546 34 31798 1 31917
547 58 123286 1 124018
548 81 121121 2 121323
549 53 40314 1 40381
550 14 492 1 859
551 1 70978 1 71678
552 72 13694 2 13819
553 1 37228 2 37624
554 15 29514 1 30160
555 72 94376 5 94604
556 40 91758 3 92354
557 42 65601 1 65977
558 42 31798 2 31989
559 47 59619 1 59963
560 14 42940 1 43115
561 36 122162 4 122369
562 71 10337 3 10731
563 4 31684 1 32319
564 40 118706 2 120100
565 59 61554 2 62193
566 51 68489 1 69074
567 69 4107 5 4323
568 45 44175 3 44392
569 31 37066 1 37723
570 84 123963 1 124087
571 58 117752 1 118138
572 12 93969 3 94548
573 23 94880 1 95224
574 73 81724 3 82196
575 71 65193 2 65677
576 81 96378 2 96459
577 2 117752 3 118199
578 81 110623 1 110973
579 58 24947 1 25524
580 67 41861 1 42187
581 58 88951 4 89560
582 40 33432 1 33647
583 9 39114 4 39817
584 81 127001 4 127681
585 4 94389 2 95079
586 72 84612 3 84692
587 40 111307 1 111560
588 65 94088 1 94244
589 28 492 1 989
590 14 33947 1 34187
591 40 21374 2 21426
592 62 140490 4 140955
593 41 14251 1 14546
594 58 6105 1 6326
595 36 20244 1 20381
596 85 90861 1 90983
597 84 74134 3 74428
598 2 4672 1 4840
599 73 21157 2 21711
600 84 31798 1 32030
601 34 52963 4 53631
602 14 14251 4 14570
603 40 103296 1 103460
604 58 55289 1 55439
605 1 75340 1 75793
606 52 71510 1 71762
607 84 16197 1 16648
608 71 98944 1 99192
609 8 90716 1 91409
610 40 2134 1 2705
611 40 110195 1 110623
612 45 16162 2 16294
613 58 72502 4 72668
614 59 20316 1 21006
615 8 81724 3 82239
616 81 64633 3 64914
617 59 65184 4 65559
618 84 99693 2 100388
619 40 94376 1 95163
620 84 133134 1 133411
621 58 59111 1 59619
622 40 20244 4 20830
623 84 135271 3 135700
624 59 53929 5 54420
625 48 40792 1 41458
626 62 85631 3 85754
627 85 111586 3 111725
628 72 50380 5 50511
629 73 133869 4 133962
630 84 164 2 1103
631 70 52853 1 53556
632 4 84612 3 84665
633 48 14944 2 15069
634 4 133134 2 133347
635 7 1854 1 2452
636 55 115211 4 115660
637 67 114600 1 115239
638 84 115746 3 115894
639 45 135700 2 136093
640 42 66872 1 67169
641 67 29514 1 29670
642 58 115894 2 116037
643 81 55474 2 55946
644 74 10507 1 10853
645 40 80231 2 81016
646 48 76322 1 76421
647 84 34267 1 34301
648 65 94376 1 94498
649 81 10384 3 10919
650 59 90166 1 90276
651 2 16162 1 16433
652 56 61723 5 62345
653 40 64885 3 65601
654 58 72182 4 72502
655 40 117752 1 118198
656 59 111586 3 112312
657 66 109672 1 109724
658 58 17662 1 18330
659 58 52030 3 52763
660 60 70502 3 70987
661 66 68692 1 68795
662 65 131025 1 131190
663 84 41861 1 42545
664 7 67402 2 68076
665 17 12014 2 12485
666 84 94389 3 94880
667 40 55474 1 56781
668 7 133869 1 134257
669 28 62282 1 62993
670 36 36452 1 36934
671 40 38877 1 39001
672 25 14251 1 14692
673 84 138761 1 138924
674 68 126614 3 126945
675 19 117752 3 118292
676 73 91758 1 92318
677 58 108620 1 109326
678 68 47253 1 47423
679 51 18409 1 18612
680 14 66064 2 66191
681 51 99577 1 99933
682 58 41630 1 43650
683 83 107177 6 107527
684 42 120852 1 121161
685 8 103313 2 103450
686 84 90166 1 90452
687 40 134329 3 134457
688 84 97430 2 97929
689 11 140629 1 141068
690 40 10507 3 11465
691 45 12014 3 12370
692 40 122899 1 123414
693 58 90166 2 90421
694 59 97430 2 98701
695 8 113078 4 113799
696 21 84646 2 85045
697 41 138761 2 139043
698 55 116349 5 116762
699 40 54596 3 54709
700 84 134329 1 134556
701 12 81724 4 82350
702 12 0 2 205
703 31 39114 1 39696
704 84 88951 1 90273
705 84 116947 2 117198
706 15 68489 1 68947
707 58 56781 1 56934
708 84 119510 2 119617
709 15 13694 1 14205
710 14 123286 4 123876
711 14 23469 2 23704
712 14 117752 1 118415
713 44 59871 1 60394
714 4 99577 1 99979
715 9 97430 2 97866
716 40 68815 1 68862
717 59 28074 2 28958
718 67 52431 1 52877
719 40 38877 1 39437
720 81 81016 2 81546
721 59 125560 3 126176
722 40 98003 1 98072
723 81 20316 3 20517
724 1 44175 1 44910
725 65 142264 1 142663
726 30 75340 3 75826
727 11 71815 2 72012
728 84 143468 2 144115
729 40 75933 1 76620
730 40 99693 1 100508
731 2 130701 1 131160
732 67 3428 1 3498
733 34 104672 2 105342
734 14 83166 2 83912
735 69 115211 1 115548
736 9 18552 2 19244
737 83 65184 1 65621
738 11 64885 2 64915
739 42 72528 2 73119
740 81 59871 3 60261
741 40 86514 1 86680
742 40 89571 3 90166
743 84 39807 1 40236
744 31 106330 1 106742
745 47 78374 6 78685
746 84 115894 4 116516
747 40 38877 1 39778
748 34 81724 5 82461
749 45 75193 3 75747
750 81 60476 2 61124
751 8 77274 2 78006
752 11 70599 2 71235
753 52 140490 2 141098
754 8 79351 2 79744
755 73 90716 1 91360
756 81 32725 2 32825
757 85 131025 1 131723
758 12 41630 3 41889
759 17 111699 1 112249
760 52 117752 2 118294
761 58 52554 1 52616
762 40 66872 1 67226
763 84 64290 2 64631
764 36 118706 3 118746
765 84 136805 1 138568
766 73 56816 4 57253
767 72 37228 1 37700
768 34 56781 1 56921
769 26 107905 1 108099
770 67 107564 4 107645
771 59 13694 1 13917
772 58 37066 1 39114
773 58 23667 3 23715
774 59 55802 1 56429
775 45 141345 1 141525
776 34 20244 1 20711
777 40 107629 1 107927
778 19 94880 1 95554
779 69 93436 1 93823
780 40 50380 2 51222
781 84 62108 2 62584
782 15 19817 1 20330
783 59 86514 1 87094
784 79 32755 2 33070
785 8 90716 1 91283
786 40 127001 3 127418
787 4 138104 1 138246
788 58 21157 2 21241
789 17 39114 1 39591
790 40 6105 2 6272
791 40 121121 1 121860
792 15 99577 1 100304
793 9 42906 2 43638
794 67 99577 5 100205
795 40 106330 1 107037
796 40 43951 3 44008
797 8 50752 1 51324
798 21 122899 1 123534
799 59 97430 1 98069
800 71 66064 2 66163
801 2 120852 2 121310
802 9 99577 1 99781
803 40 111586 1 111636
804 84 83166 2 83301
805 66 12014 2 12688
806 7 59619 2 59714
807 58 86514 1 87085
808 14 71214 1 71840
809 40 4177 2 4477
810 65 96378 1 97081
811 61 13694 2 14083
812 27 105085 4 105538
813 85 122899 1 123329
814 9 114309 1 114515
815 47 65833 2 66330
816 36 81724 1 81844
817 8 12385 2 12792
818 81 65193 3 65616
819 34 68489 1 69200
820 58 93018 1 93568
821 40 133134 1 133814
822 58 16698 2 16744
823 12 104978 1 105701
824 40 22737 1 23158
825 7 116349 1 116991
826 4 492 3 869
827 84 71214 2 71537
828 84 83780 1 85981
829 8 65193 4 65545
830 40 16698 2 17021
831 84 60476 1 61105
832 66 62678 2 63310
833 59 6272 2 6876
834 4 18880 1 19034
835 84 22737 1 22935
836 30 122899 2 123186
837 7 89096 2 89739
838 84 57067 2 57131
839 74 56781 2 56959
840 73 120852 4 120880
841 51 78374 2 78842
842 85 93969 1 94171
843 58 61723 1 62445
844 8 8965 2 9293
845 40 75193 3 75340
846 2 64838 1 64945
847 40 68489 1 68815
848 84 139852 1 140228
849 59 73314 1 73950
850 47 116776 2 116974
851 36 90716 5 90813
852 4 28074 2 28648
853 23 71396 1 71485
854 2 84404 2 84919
855 58 100508 4 100843
856 84 83070 3 83509
857 4 122162 1 122844
858 62 117198 1 117741
859 22 64290 4 64582
860 36 124022 2 124273
861 40 109539 2 110109
862 40 123286 2 123981
863 58 100843 1 100946
864 9 32755 1 33094
865 81 63379 6 64037
866 79 78175 1 78711
867 40 73022 2 73109
868 52 22058 2 22242
869 14 56816 2 57415
870 85 33647 1 34260
871 7 2023 3 2195
872 84 52268 2 52310
873 58 125560 4 125795
874 82 141345 4 141776
875 72 8161 2 8795
876 21 59619 1 59728
877 8 121121 2 121578
878 48 10507 1 11073
879 40 20244 1 20850
880 84 61554 1 61959
881 45 4107 3 4356
882 67 109672 5 109955
883 34 133869 1 134340
884 40 117752 1 118706
885 84 73398 1 73729
886 34 59317 5 59890
887 1 130701 2 131134
888 40 18409 4 18639
889 84 41630 1 42416
890 36 126775 1 127205
891 40 79439 1 79721
892 30 42939 2 43018
893 84 82957 3 83070
894 34 90716 3 91030
895 85 65193 2 65727
896 47 115222 4 115462
897 62 79351 4 79411
898 40 12014 3 12385
899 58 33947 1 34478
900 46 79439 3 80011
901 14 101953 5 102535
902 2 42940 1 43084
903 59 94880 4 95317
904 58 83070 4 83654
905 40 13694 1 13889
906 66 71214 4 71429
907 11 66872 1 67560
908 40 122899 2 123188
909 47 40314 5 40889
910 40 108764 1 110327
911 36 18409 5 18606
912 14 238 1 402
913 34 110623 1 111256
914 1 110623 1 111194
915 55 113078 3 113110
916 59 104133 3 104242
917 27 90716 8 91283
918 84 124697 1 125011
919 13 70502 1 70771
920 4 118706 4 118964
921 4 75865 1 76489
922 2 81724 1 82293
923 62 103762 1 103948
924 58 64633 2 64872
925 13 90716 3 91261
926 40 65193 1 65346
927 40 98494 1 98870
928 58 13694 2 13906
929 12 134329 4 134726
930 1 102734 1 103184
931 40 1854 1 2304
932 58 99577 3 99814
933 68 15150 2 15610
934 62 94088 1 94643
935 8 89571 2 89680
936 84 121121 1 121747
937 40 142736 1 143217
938 16 70599 1 70804
939 40 85631 2 86337
940 4 142744 1 142830
941 84 64290 1 64601
942 84 111586 1 111668
943 40 8587 1 10337
944 84 107037 1 107564
945 59 42545 2 43214
946 28 94088 2 94778
947 59 40282 1 41292
948 19 75933 2 76466
949 9 108490 1 109081
950 9 109672 1 109961
951 40 104133 3 104337
952 67 60248 2 60467
953 40 40314 1 40738
954 79 66064 3 66478
955 74 126183 1 126641
956 40 17444 1 18070
957 14 492 1 918
958 36 60476 2 60720
959 58 64838 4 65342
960 2 109234 2 109861
961 85 42303 3 42802
962 40 111699 2 112632
963 59 143217 3 143922
964 36 123286 1 123912
965 2 6272 1 7019
966 39 123286 1 123887
967 11 136203 2 136513
968 42 70502 3 70631
969 40 15018 3 15350
970 12 10337 1 10695
971 66 4567 1 5268
972 4 22058 1 22436
973 2 70978 1 71291
974 84 15813 1 16267
975 59 94376 1 95070
976 62 111981 1 112670
977 40 139852 2 139889
978 8 18552 2 18989
979 66 65193 1 65249
980 2 81016 2 81135
981 34 62731 4 63071
982 85 115211 3 115282
983 73 37164 1 37617
984 84 42906 2 42940
985 2 5435 1 6113
986 15 43951 1 44277
987 84 5435 3 5977
988 84 16162 2 16631
989 66 140911 3 141359
990 47 83780 1 84243
991 30 115211 2 115812
992 71 76768 1 77152
993 14 66314 3 66478
994 70 23594 1 24316
995 28 126614 1 127177
996 4 103231 3 103507
997 40 33647 1 34548
998 57 98003 4 98325
999 47 26217 5 26881
1000 4 143217 1 143912
1001 84 124697 1 125413
1002 71 33692 1 33802
1003 59 71214 3 71609
1004 83 111586 1 111740
1005 51 97912 1 98605
1006 61 2528 1 2997
1007 14 110623 1 111327
1008 31 43673 2 44107
1009 40 93436 4 93786
1010 58 32725 4 33093
1011 40 101953 1 102986
1012 13 5135 3 5658
1013 28 66872 1 66988
1014 15 37066 1 37409
1015 59 37806 4 38227
1016 53 138104 1 138336
1017 84 122899 3 123098
1018 52 81016 2 81393
1019 2 29514 1 30113
1020 58 79350 1 80646
1021 7 31684 2 31999
1022 25 22058 1 22124
1023 69 1854 1 2030
1024 59 18070 2 19042
1025 27 62282 4 62411
1026 9 31684 3 32178
1027 20 36452 1 36683
1028 66 14251 1 14499
1029 84 56609 1 56713
1030 73 62282 3 62615
1031 73 126838 3 127432
1032 36 142264 1 142392
1033 40 31756 1 31826
1034 8 47684 4 47929
1035 8 36401 1 36658
1036 8 94376 1 94556
1037 73 76768 1 76993
1038 34 72668 2 72974
1039 40 93969 2 94088
1040 9 91758 3 92127
1041 58 26217 3 26588
1042 40 115020 1 116349
1043 58 62678 1 63323
1044 40 136203 3 136278
1045 40 23158 1 23469
1046 74 124022 1 124752
1047 21 143217 1 143656
1048 23 102202 1 102792
1049 8 0 1 265
1050 12 18847 2 19160
1051 4 62108 1 62753
1052 7 83780 2 84328
1053 84 126620 1 127942
1054 59 22058 3 22571
1055 42 13694 2 14346
1056 14 123142 1 123480
1057 17 62282 1 62747
1058 40 140490 1 140922
1059 65 136712 1 137339
1060 36 32725 2 33011
1061 31 15813 1 16381
1062 58 18330 3 18944
1063 38 110195 1 110551
1064 36 85981 1 86088
1065 40 50380 1 50616
1066 85 120230 3 120496
1067 40 40471 2 40896
1068 21 123142 6 123883
1069 81 13694 1 14225
1070 58 75933 2 76248
1071 34 98494 5 98540
1072 45 86514 1 86759
1073 40 90716 1 91181
1074 40 13082 1 13572
1075 65 64290 1 64427
1076 84 12385 1 12437
1077 84 55289 2 55927
1078 70 16197 6 16804
1079 71 109672 1 109859
1080 81 14251 7 14287
1081 81 19986 1 20177
1082 14 120230 1 120474
1083 4 57056 2 57728
1084 36 65184 2 65896
1085 58 106859 1 107407
1086 40 62282 1 62551
1087 84 50752 1 51234
1088 7 126183 4 126896
1089 40 32755 1 33386
1090 58 93969 5 94197
1091 59 33692 4 34338
1092 41 98944 1 99546
1093 42 19626 1 20018
1094 84 52030 2 52268
1095 70 126183 3 126898
1096 36 71815 4 72147
1097 14 75340 1 75882
1098 84 103762 1 105085
1099 58 114309 1 114550
1100 58 492 1 1208
1101 58 71396 1 71730
1102 81 79635 3 80263
1103 4 70502 1 71008
1104 85 130992 4 131216
1105 40 131544 1 133043
1106 34 76768 2 77289
1107 84 12014 2 12430
1108 7 81016 1 81749
1109 59 103762 1 103898
1110 40 57300 1 57437
1111 28 110623 2 110774
1112 28 108341 2 108725
1113 65 44454 1 44680
1114 58 4107 4 4223
1115 42 66314 2 66678
1116 17 18880 3 19319
1117 40 62731 2 63101
1118 57 131025 3 131775
1119 55 123286 8 123740
1120 58 70269 1 70978
1121 62 64290 1 64476
1122 2 62282 2 62362
1123 84 36452 2 36737
1124 76 66314 2 66828
1125 58 105137 1 105550
1126 12 52554 2 52822
1127 84 19817 1 20421
1128 59 33465 1 33606
1129 46 90166 1 90569
1130 11 142264 2 142904
1131 71 121121 2 121625
1132 11 75933 3 76379
1133 14 116516 2 116874
1134 40 116349 2 116776
1135 58 108341 4 108620
1136 4 31684 5 31837
1137 4 6105 3 6347
1138 34 13694 2 14088
1139 59 73022 1 73740
1140 14 76275 1 77022
1141 48 52431 2 53026
1142 72 2023 3 2183
1143 42 94112 3 94195
1144 72 116947 3 117519
1145 26 118706 1 118991
1146 59 131726 2 132361
1147 84 83070 2 83782
1148 58 143217 2 143387
1149 85 29514 2 30072
1150 18 113078 5 113294
1151 9 2528 3 2814
1152 10 8965 1 9502
1153 59 120218 1 121027
1154 59 76322 1 77101
1155 47 90166 1 90359
1156 7 4567 1 5149
1157 84 61723 2 61748
1158 59 71730 5 72378
1159 59 109672 1 109812
1160 40 142133 1 142277
1161 58 32181 1 32290
1162 58 44939 2 45385
1163 18 115746 1 116430
1164 67 108490 1 109199
1165 52 19986 1 20571
1166 11 109234 1 109267
1167 59 74134 2 74392
1168 84 2032 1 2528
1169 36 97519 1 97721
1170 17 20244 2 20824
1171 12 116349 1 116913
1172 56 65833 3 66108
1173 84 19042 2 19068
1174 59 65722 1 65882
1175 40 96378 3 96687
1176 40 134564 1 134610
1177 40 134329 1 134762
1178 40 33692 1 35798
1179 40 125560 1 125746
1180 40 103296 1 104058
1181 58 40471 2 41060
1182 76 4107 2 4353
1183 41 12385 1 12590
1184 55 31684 5 32280
1185 17 19817 1 20081
1186 1 100508 1 100735
1187 8 136712 1 137374
1188 69 122162 1 122325
1189 18 8161 2 8787
1190 34 123142 1 123474
1191 79 65601 1 65853
1192 84 100843 2 101006
1193 73 143217 2 143305
1194 62 116639 3 116777
1195 82 115020 3 115430
1196 47 18070 1 18281
1197 40 133134 1 133869
1198 8 62731 2 63026
1199 7 59317 1 59575
1200 17 0 1 112
1201 4 110623 1 110838
1202 59 136203 1 136239
1203 84 75485 3 75702
1204 84 122162 2 122689
1205 58 2023 2 2194
1206 4 112513 1 112726
1207 65 43457 2 43890
1208 58 57056 1 57726
1209 59 66872 1 66994
1210 84 93969 1 94112
1211 55 70599 2 70912
1212 34 47684 2 48425
1213 3 107177 3 107820
1214 9 111699 1 112075
1215 66 116349 2 116686
1216 8 142744 1 143210
1217 73 19626 1 20241
1218 40 122162 1 122642
1219 73 105085 4 105782
1220 73 98975 1 99215
1221 14 135700 2 136113
1222 58 71730 1 72212
1223 51 59871 3 60501
1224 40 13082 1 13500
1225 84 96378 2 96676
1226 40 99232 2 99693
1227 84 131977 1 133134
1228 84 72182 2 72467
1229 85 39807 3 40456
1230 6 18880 1 19316
1231 4 63379 1 63498
1232 72 116349 1 116380
1233 81 116516 3 117178
1234 58 83780 2 83825
1235 12 42545 1 42782
1236 34 31798 1 32192
1237 59 13082 2 13567
1238 13 31684 5 31915
1239 70 16698 2 17009
1240 84 30206 1 30334
1241 51 44454 1 44706
1242 40 93018 1 93342
1243 73 143468 3 143942
1244 36 135904 3 136334
1245 58 23594 1 23667
1246 14 93018 1 93633
1247 67 68692 4 68793
1248 85 142736 3 143484
1249 68 68692 1 68890
1250 40 31134 1 31756
1251 40 75933 1 76890
1252 59 122162 1 122393
1253 1 38877 3 39241
1254 84 35798 1 36296
1255 4 24682 3 24973
1256 48 16162 1 16368
1257 4 14251 1 14344
1258 84 48930 1 50283
1259 11 133869 3 134456
1260 8 115222 2 115267
1261 14 51222 2 51485
1262 7 15018 2 15263
1263 1 76275 3 76758
1264 59 6272 4 6739
1265 28 115211 1 115461
1266 15 14251 1 14675
1267 70 75865 6 76103
1268 40 64290 1 64482
1269 47 138104 5 138454
1270 53 66314 4 66941
1271 40 109234 1 109539
1272 81 10337 4 10596
1273 2 38227 2 38831
1274 45 133134 2 133687
1275 1 36196 1 36726
1276 34 27283 3 27468
1277 85 32755 5 33331
1278 26 70599 2 70828
1279 30 39105 5 39430
1280 58 64885 1 65337
1281 59 93018 1 93814
1282 12 141722 1 142413
1283 42 94389 1 94706
1284 31 86514 1 86693
1285 14 39114 2 39599
1286 1 83780 3 84487
1287 73 110623 2 110902
1288 40 124022 1 125560
1289 40 65184 4 65209
1290 72 104978 5 105340
1291 58 66872 2 67540
1292 18 71214 4 71920
1293 18 71510 2 71762
1294 8 18552 2 19251
1295 8 26217 2 26799
1296 40 23158 2 23232
1297 47 83780 6 83964
1298 79 2528 1 2870
1299 40 52763 1 53159
1300 14 41630 1 41970
1301 4 65184 1 65730
1302 58 75340 1 76275
1303 34 63379 2 63411
1304 45 59619 1 59664
1305 4 135700 4 136155
1306 14 10479 2 11213
1307 1 84612 3 85104
1308 58 31684 1 31853
1309 81 127418 1 127479
1310 31 62282 1 62537
1311 14 40471 2 41084
1312 58 39807 1 40408
1313 6 26217 1 26366
1314 42 105085 1 105418
1315 47 81724 4 81770
1316 8 16162 2 16334
1317 40 70269 1 70385
1318 15 88951 1 89634
1319 47 116349 1 116660
1320 81 127418 1 127654
1321 65 97519 1 98245
1322 7 31134 1 31245
1323 2 50380 3 51032
1324 40 77274 3 77484
1325 15 86514 1 86796
1326 84 81724 3 81941
1327 77 116349 2 116950
1328 73 42940 1 43460
1329 79 94376 1 94990
1330 84 41861 2 41941
1331 12 102396 1 102580
1332 40 44008 1 44175
1333 15 122899 1 123390
1334 45 2023 4 2245
1335 58 60404 3 60828
1336 4 35798 3 36300
1337 84 52853 1 53595
1338 40 78175 2 78501
1339 2 35798 2 36015
1340 84 91107 2 91231
1341 14 90716 3 91288
1342 73 24682 2 24797
1343 38 10479 3 11192
1344 40 134610 1 135663
1345 47 77274 5 77300
1346 58 140490 1 141291
1347 19 94376 1 94764
1348 19 108341 2 108611
1349 40 111699 1 113346
1350 51 142264 1 142526
1351 13 110500 5 110825
1352 26 59871 1 60500
1353 59 23469 3 23710
1354 4 100508 3 101206
1355 36 81724 2 82396
1356 70 97519 4 97932
1357 53 13572 2 14310
1358 40 27283 2 27965
1359 2 14944 1 15210
1360 40 8669 1 8838
1361 58 40282 1 40471
1362 45 114309 1 114759
1363 58 74134 2 74873
1364 67 112513 1 113205
1365 58 102202 2 102666
1366 40 67402 3 68489
1367 17 20244 2 20627
1368 17 8109 1 8363
1369 65 40314 2 40999
1370 84 131562 2 131977
1371 84 55289 1 55708
1372 34 67402 1 67676
1373 48 12014 2 12382
1374 65 26217 2 26790
1375 3 47224 1 47598
1376 58 5043 1 5467
1377 40 131025 1 133628
1378 84 133869 1 134459
1379 15 78731 1 78831
1380 28 136203 1 136925
1381 1 0 1 311
1382 14 32145 1 32828
1383 58 4567 2 5561
1384 40 60927 1 61554
1385 40 105230 2 106330
1386 56 116349 5 116580
1387 67 111586 1 111965
1388 58 43673 3 44315
1389 83 86514 2 86541
1390 9 105137 2 105570
1391 39 95834 1 96391
1392 30 97912 3 97945
1393 22 33947 2 34263
1394 45 130701 3 130721
1395 50 64633 1 65282
1396 84 64633 1 64777
1397 65 122162 2 122530
1398 22 94389 1 94624
1399 19 75865 2 76267
1400 58 133134 1 133297
1401 54 63379 6 63918
1402 47 73314 4 73378
1403 58 78464 1 78879
1404 40 100843 1 101563
1405 17 2528 1 2555
1406 84 56781 1 56816
1407 27 36196 1 36482
1408 14 107564 2 108192
1409 84 47338 2 48236
1410 41 66064 2 66677
1411 45 115020 3 115490
1412 73 12385 2 12641
1413 84 114851 1 115211
1414 84 76768 5 77274
1415 58 111586 3 112513
1416 14 70269 4 71008
1417 18 115894 2 116463
1418 40 52554 5 52619
1419 84 121121 1 121454
1420 73 136712 1 137220
1421 84 14251 3 14518
1422 14 115211 2 115648
1423 34 76275 2 76853
1424 40 68815 2 69104
1425 13 75933 3 76493
1426 59 20847 1 21174
1427 84 70978 2 71460
1428 40 8161 1 8669
1429 40 26217 1 26543
1430 2 67402 1 67892
1431 8 42906 1 43078
1432 46 118893 1 119556
1433 8 31684 1 32333
1434 40 116349 3 116472
1435 9 20847 1 21444
1436 2 5561 1 5800
1437 15 56609 1 57327
1438 59 100321 3 100654
1439 8 66064 2 66188
1440 31 79350 1 79469
1441 81 23469 2 23600
1442 1 20847 1 21548
1443 40 123286 1 124022
1444 42 66872 3 67093
1445 13 75865 2 76122
1446 84 122162 1 122591
1447 40 141345 1 141722
1448 36 55474 2 55732
1449 58 103231 1 103520
1450 40 37248 1 38042
1451 40 24947 2 25676
1452 84 111699 3 111981
1453 40 4567 1 5135
1454 41 37066 2 37668
1455 73 75933 3 76060
1456 81 70978 2 71050
1457 13 76275 2 76757
1458 58 126183 1 126832
1459 51 104978 1 105332
1460 21 120230 2 120343
1461 4 105085 3 105616
1462 9 16698 1 17230
1463 4 133869 4 134213
1464 84 73385 4 73825
1465 7 16197 2 16793
1466 7 66314 1 66973
1467 66 57437 2 58098
1468 58 102734 1 103298
1469 84 59111 2 59871
1470 14 74134 5 74581
1471 36 136203 1 136461
1472 67 98494 1 98678
1473 58 75340 1 75375
1474 58 0 1 46
1475 2 74134 1 74515
1476 81 62731 5 63023
1477 8 110623 1 111060
1478 62 26217 1 26421
1479 4 29514 1 29619
1480 40 53476 2 53853
1481 79 140490 1 140706
1482 8 106859 2 107457
1483 59 8587 1 9298
1484 73 103231 6 103512
1485 84 103231 2 103794
1486 73 133869 1 134349
1487 17 19817 1 19954
1488 26 114600 1 115173
1489 52 31798 1 32367
1490 45 74134 1 74861
1491 59 142264 2 142682
1492 36 103231 1 103598
1493 5 19626 1 20272
1494 26 47253 1 47830
1495 53 59871 4 60569
1496 84 138761 1 139364
1497 19 9344 3 10011
1498 73 57650 1 57781
1499 59 63379 2 64194
1500 7 14251 1 14780
1501 34 64633 2 65148
1502 40 71483 2 72182
1503 9 65184 1 65313
1504 40 78585 1 78731
1505 65 4256 2 4750
1506 34 42545 1 43108
1507 73 84612 5 84772
1508 31 27283 1 27372
1509 11 20847 3 21253
1510 58 72668 1 73551
1511 4 8965 2 9561
1512 84 57300 2 57690
1513 58 133869 1 134477
1514 73 0 7 619
1515 6 29514 1 29578
1516 14 130701 4 131168
1517 56 18552 5 19256
1518 58 39114 1 40193
1519 2 141722 3 141911
1520 26 84772 3 85458
1521 25 78792 2 79221
1522 8 1854 1 2454
1523 58 0 2 282
1524 14 136712 2 137462
1525 8 138761 3 139010
1526 84 91758 1 92392
1527 58 94376 2 95091
1528 40 36452 1 37228
1529 65 76163 2 76244
1530 71 44175 3 44751
1531 45 110623 1 111158
1532 9 96378 1 96775
1533 58 61554 1 61723
1534 74 116947 1 117302
1535 42 21157 1 21369
1536 8 90166 3 90697
1537 8 90166 1 90557
1538 47 135700 2 135875
1539 58 81016 2 81449
1540 84 65833 3 66595
1541 34 97430 4 97742
1542 84 52431 1 52775
1543 73 114600 3 115183
1544 7 31798 1 32221
1545 36 120100 4 120172
1546 34 47224 1 47401
1547 8 56781 2 57385
1548 58 102202 1 102783
1549 69 83070 4 83648
1550 40 15150 1 15512
1551 36 72528 1 72955
1552 40 141722 1 142736
1553 62 33947 1 34392
1554 84 103231 2 103420
1555 74 37066 3 37610
1556 40 8669 1 8970
1557 74 26217 2 26572
1558 50 110623 1 110850
1559 64 64885 2 65537
1560 40 83166 3 83780
1561 40 492 2 761
1562 7 99577 2 99837
1563 1 86514 1 87231
1564 55 103231 1 103289
1565 13 120230 5 120477
1566 14 143217 1 143581
1567 36 110623 1 111096
1568 45 122899 2 123622
1569 28 131025 1 131724
1570 15 105085 1 105336
1571 59 131025 1 131726
1572 40 138761 1 139852
1573 19 67289 1 67314
1574 8 65601 1 66255
1575 55 143217 3 143790
1576 4 18070 3 18322
1577 59 96378 3 96653
1578 40 44175 2 44939
1579 21 71815 2 72123
1580 21 122899 3 123050
1581 71 116947 2 117515
1582 7 10337 3 10406
1583 70 96378 2 96721
1584 58 44175 2 44727
1585 42 23469 2 23916
1586 17 65184 2 65370
1587 4 107564 3 107809
1588 15 64096 1 64691
1589 41 55802 1 56082
1590 58 40471 2 40516
1591 72 2528 2 3078
1592 83 0 6 374
1593 59 36196 2 36574
1594 62 93993 2 94238
1595 12 40314 3 40480
1596 47 90166 2 90512
1597 16 105786 2 106122
1598 74 39114 3 39156
1599 14 46048 2 46179
1600 39 111586 1 112304
1601 84 12014 1 12182
1602 52 103313 2 103771
1603 34 23667 2 23815
1604 81 71815 2 72252
1605 31 121371 2 121975
1606 84 130701 1 130992
1607 13 97929 3 97989
1608 36 139852 6 140372
1609 40 67402 2 68079
1610 42 94376 1 95009
1611 59 52554 1 52984
1612 84 14944 1 15459
1613 42 109539 1 110226
1614 81 47253 5 47552
1615 7 140922 1 141253
1616 70 59317 3 59874
1617 58 16197 1 16698
1618 58 88951 1 89096
1619 40 25676 2 25875
1620 84 97929 1 98687
1621 9 0 2 105
1622 55 108341 4 108750
1623 71 62282 6 62377
1624 40 111025 3 111079
1625 29 90765 1 91360
1626 9 26588 4 26970
1627 27 65193 5 65326
1628 73 39114 2 39261
1629 36 66872 1 67439
1630 48 47224 1 47436
1631 8 141722 1 142255
1632 59 47224 1 47277
1633 52 66872 2 66925
1634 65 109539 1 110095
1635 40 122162 2 122899
1636 84 100508 2 100644
1637 81 136805 1 137519
1638 73 38042 1 38679
1639 10 107564 1 107691
1640 36 13694 5 14289
1641 58 2528 1 2823
1642 7 37228 2 37346
1643 59 19042 2 19608
1644 66 135700 2 136096
1645 2 20847 2 21422
1646 59 116945 4 117412
1647 84 83780 1 84157
1648 84 18552 3 18958
1649 66 115211 1 115456
1650 40 101953 1 102734
1651 36 114600 2 114644
1652 81 86514 4 87052
1653 72 19626 2 20352
1654 14 19986 1 20198
1655 9 55802 1 56520
1656 40 67402 2 68108
1657 59 37066 1 37657
1658 17 65833 4 66508
1659 9 116947 3 117410
1660 18 94376 2 94739
1661 20 6272 1 7003
1662 4 52030 3 52256
1663 84 94376 1 94851
1664 40 44939 1 45252
1665 36 31684 2 31852
1666 81 71730 3 72254
1667 40 761 1 1551
1668 4 46048 5 46080
1669 13 64633 2 65210
1670 58 19042 4 19321
1671 18 761 5 848
1672 58 126838 1 127025
1673 84 74134 1 74634
1674 8 73022 1 73141
1675 58 116349 1 117015
1676 84 109234 1 109821
1677 34 116349 2 117001
1678 38 94376 3 94399
1679 84 107177 1 107548
1680 47 61723 3 62012
1681 66 31684 2 31993
1682 52 10337 1 10448
1683 67 57056 5 57440
1684 40 41861 1 41979
1685 8 109672 2 109764
1686 56 78731 7 79152
1687 2 73022 1 73748
1688 34 64838 1 64894
1689 71 28074 4 28740
1690 74 93018 1 93661
1691 8 492 2 984
1692 47 36452 3 36618
1693 14 31684 1 31816
1694 62 8965 1 9036
1695 62 39807 3 40503
1696 62 492 4 1084
1697 36 57300 1 57748
1698 1 123963 3 124157
1699 14 103296 3 103429
1700 67 37228 1 37674
1701 40 72460 1 72528
1702 2 16698 2 17134
1703 59 38227 1 39165
1704 59 142598 1 143330
1705 83 66064 3 66222
1706 40 42303 5 42390
1707 58 68692 2 69442
1708 13 26217 1 26639
1709 81 70978 1 71517
1710 67 110195 1 110511
1711 17 71214 1 71714
1712 40 94088 1 94376
1713 4 115211 1 115910
1714 40 113346 4 113718
1715 34 126620 1 126744
1716 2 47277 3 47332
1717 1 138104 1 138695
1718 42 43457 2 44142
1719 84 68815 1 69240
1720 26 116947 2 117414
1721 84 5977 1 6331
1722 67 24682 2 24811
1723 40 65193 2 65769
1724 84 8838 2 9344
1725 38 117198 2 117877
1726 81 65833 2 66436
1727 84 89096 2 89479
1728 2 37164 2 37833
1729 73 8161 1 8764
1730 9 50283 3 50540
1731 58 112513 1 113261
1732 42 97430 1 97725
1733 41 84612 1 85089
1734 18 59871 4 59926
1735 84 103313 1 103454
1736 9 83780 1 83876
1737 26 90716 1 91002
1738 40 73022 1 73307
1739 18 65184 2 65691
1740 40 60174 5 60907
1741 84 36296 1 37066
1742 28 36196 1 36590
1743 7 13694 1 14413
1744 42 20244 1 20421
1745 84 2528 4 3257
1746 58 26588 1 26914
1747 58 31798 1 32181
1748 58 94376 1 94600
1749 84 108620 1 109060
1750 40 12385 1 13082
1751 7 143217 1 143703
1752 84 84404 1 85054
1753 51 71815 1 72087
1754 8 27283 2 27565
1755 84 5043 3 5435
1756 12 18070 3 18230
1757 74 35798 1 36076
1758 73 53929 2 54288
1759 40 120230 2 121121
1760 84 61959 1 62108
1761 84 59871 3 60476
1762 84 57300 1 57971
1763 40 62678 2 63128
1764 66 2528 2 2789
1765 34 107905 2 108517
1766 40 68815 2 70269
1767 59 103936 3 104133
1768 30 14251 4 14980
1769 65 102202 1 102386
1770 47 90716 2 90892
1771 53 127418 1 128000
1772 84 40282 1 40792
1773 13 70978 2 71606
1774 1 32725 3 32862
1775 73 66872 7 67364
1776 18 116349 1 116770
1777 84 4256 2 4672
1778 70 59871 1 59968
1779 70 40282 2 40957
1780 1 44454 2 44666
1781 2 126620 3 127168
1782 47 14251 5 14516
1783 9 82957 2 83427
1784 52 126838 1 127131
1785 40 5135 3 5649
1786 40 62551 2 62731
1787 40 73314 1 75193
1788 45 94376 1 94977
1789 47 78374 1 78629
1790 30 80463 4 81181
1791 56 114309 1 114544
1792 84 32374 1 32725
1793 40 40282 2 40314
1794 34 78731 1 79053
1795 36 120852 2 120882
1796 73 73022 5 73682
1797 14 38227 1 38582
1798 26 138761 1 139255
1799 34 37066 5 37203
1800 81 126775 3 126871
1801 18 54188 4 54331
1802 21 37248 2 37371
1803 85 31684 1 32063
1804 9 97912 1 98614
1805 34 33692 3 34326
1806 14 43951 1 44457
1807 40 71108 5 71214
1808 38 47277 1 47507
1809 8 97430 4 97828
1810 84 43673 4 43951
1811 66 72698 1 73426
1812 67 33692 2 33947
1813 84 109326 1 109672
1814 19 15813 1 16280
1815 4 84772 1 84843
1816 40 134564 1 134890
1817 58 83780 3 83856
1818 40 1854 6 2023
1819 1 59871 1 60503
1820 84 106330 2 106859
1821 82 95834 4 95916
1822 58 50728 1 51627
1823 59 59619 1 60524
1824 73 31684 1 31796
1825 40 107564 2 108310
1826 40 73385 2 73746
1827 51 30458 2 31160
1828 27 81016 1 81725
1829 6 122162 1 122780
1830 14 71214 1 71940
1831 30 40314 2 40698
1832 58 120154 2 121024
1833 48 122162 1 122371
1834 25 116349 3 116793
1835 13 63379 1 63840
1836 57 138761 6 138880
1837 8 142264 2 142946
1838 40 83780 3 84404
1839 18 70269 2 70898
1840 36 107564 2 108223
1841 12 66314 2 66620
1842 2 39807 1 39915
1843 71 76163 2 76251
1844 9 81724 1 81860
1845 17 56781 1 57321
1846 68 13694 3 13998
1847 64 120852 1 121461
1848 9 13572 4 14281
1849 52 37164 2 37213
1850 66 120230 1 120574
1851 53 13694 1 13837
1852 40 98589 4 98944
1853 84 101953 1 102172
1854 34 29514 2 30071
1855 9 64838 2 65100
1856 15 42939 1 43216
1857 36 88951 3 89112
1858 58 15459 2 16162
1859 38 94600 1 94802
1860 59 52030 3 52528
1861 40 126183 2 126614
1862 73 107564 1 108283
1863 71 109672 1 110044
1864 12 64885 4 65481
1865 64 131025 3 131535
1866 2 71815 3 71975
1867 72 113652 5 114171
1868 58 90716 1 91644
1869 9 47277 3 47786
1870 48 29514 4 29931
1871 40 126614 1 127283
1872 18 122162 1 122872
1873 58 20847 1 21047
1874 12 19626 1 20260
1875 7 25676 2 25892
1876 47 122162 1 122315
1877 17 115211 4 115766
1878 84 120100 2 120233
1879 58 142744 1 143071
1880 81 126775 3 127119
1881 58 84646 1 84772
1882 40 31989 1 32442
1883 14 99577 2 100007
1884 45 94088 2 94137
1885 65 56828 2 57260
1886 73 93436 1 93725
1887 59 14251 3 14799
1888 25 59111 1 59504
1889 4 79635 1 80104
1890 59 140490 4 140629
1891 40 103231 1 103358
1892 30 18330 1 18360
1893 67 118706 1 118787
1894 85 135700 4 136354
1895 84 20530 1 21157
1896 73 93969 1 94518
1897 16 104978 2 105701
1898 84 22935 2 23907
1899 64 76275 1 76457
1900 40 16698 3 16793
1901 84 43951 4 44454
1902 8 68815 1 68888
1903 84 74428 1 74487
1904 19 126620 3 126793
1905 13 60476 2 60773
1906 40 37228 1 37248
1907 57 127418 6 127913
1908 30 103231 2 103960
1909 40 238 2 295
1910 58 124697 1 125015
1911 40 0 3 559
1912 73 91758 1 91814
1913 73 126614 1 126681
1914 9 56609 2 57168
1915 81 13694 3 13742
1916 5 15813 1 16353
1917 58 131025 1 131567
1918 59 10337 3 10479
1919 13 79351 1 79917
1920 58 130701 3 131067
1921 34 79351 5 79529
1922 67 15459 2 16164
1923 27 94376 2 94856
1924 8 115211 4 115783
1925 9 56781 1 57424
1926 84 34204 2 34267
1927 58 14944 2 15422
1928 84 116516 2 116639
1929 55 8587 3 9038
1930 66 111586 1 111897
1931 67 105085 3 105831
1932 84 16648 1 17856
1933 81 492 5 1092
1934 57 97929 1 97978
1935 85 62731 2 63113
1936 36 125560 2 126200
1937 14 8965 2 9351
1938 74 31798 1 31934
1939 70 51234 7 51592
1940 40 33692 1 34176
1941 30 111699 4 112209
1942 31 141722 1 142345
1943 85 139852 3 140056
1944 16 52030 1 52628
1945 55 84612 6 84736
1946 67 111025 2 111394
1947 34 111699 3 112035
1948 58 126838 1 127432
1949 12 20530 2 21179
1950 14 135700 1 135797
1951 39 64885 1 65433
1952 59 77274 1 77376
1953 40 94376 2 94476
1954 58 238 2 312
1955 84 68776 1 69429
1956 40 114600 2 115015
1957 4 116349 1 116565
1958 30 126838 4 126965
1959 67 8587 1 9218
1960 85 70502 4 70584
1961 40 79350 2 79634
1962 8 70502 1 70716
1963 65 65184 1 65756
1964 40 47574 1 48930
1965 58 110623 2 111190
1966 40 6105 4 6375
1967 17 34267 2 34574
1968 21 94088 1 94832
1969 38 85631 1 85661
1970 59 3428 2 3753
1971 40 52528 1 53222
1972 84 118893 2 119510
1973 8 47224 1 47334
1974 58 54596 1 55211
1975 40 109539 3 110195
1976 40 16162 1 16344
1977 19 94389 2 95012
1978 67 23469 1 23919
1979 84 109234 1 109431
1980 12 97912 1 98517
1981 84 40792 1 41061
1982 2 114600 2 115294
1983 40 28074 3 28447
1984 67 64885 2 65430
1985 12 8965 2 9438
1986 52 95834 2 96118
1987 40 123963 3 124646
1988 58 51234 1 51373
1989 53 110623 1 111217
1990 40 62731 1 63186
1991 55 114309 3 114550
1992 31 75193 1 75433
1993 27 70502 2 70598
1994 45 15150 1 15600
1995 1 103231 1 103741
1996 40 70502 2 70566
1997 9 102734 3 103020
1998 73 4567 6 5275
1999 14 142264 4 142889
2000 12 15350 2 16008
2001 59 95834 2 96378
2002 8 42939 1 42992
2003 14 120154 4 120348
2004 54 135700 6 136050
2005 40 761 1 1854
2006 36 40471 1 40599
2007 40 10337 1 10472
2008 39 109234 1 109962
2009 40 16698 2 16754
2010 9 93969 2 94355
2011 40 41861 2 42303
2012 2 5043 1 5510
2013 85 37164 1 37770
2014 40 91181 1 91758
2015 41 13694 3 13772
2016 62 44454 2 44862
2017 85 20244 3 20389
2018 14 71396 2 71580
2019 21 13694 2 14008
2020 40 62282 3 62377
2021 4 89096 4 89128
2022 40 103936 1 104672
2023 40 19986 1 21374
2024 2 116349 1 116980
2025 10 0 1 151
2026 79 71730 1 72457
2027 14 97912 1 98504
2028 85 94376 2 94518
2029 7 53929 2 54342
2030 6 66064 1 66459
2031 8 19986 2 20452
2032 28 105085 1 105566
2033 40 105230 3 105484
2034 58 96378 1 96700
2035 12 103296 1 103497
2036 84 28074 1 28379
2037 12 62282 2 62608
2038 36 31684 1 32379
2039 40 10507 1 12014
2040 4 97430 1 98052
2041 12 5435 1 6024
2042 59 70599 2 70741
2043 47 56828 1 57065
2044 34 115746 3 116076
2045 84 90765 2 90861
2046 40 492 3 1105
2047 16 18847 2 19578
2048 15 12014 1 12634
2049 8 71396 1 71657
2050 17 39114 2 39402
2051 42 60248 1 60870
2052 47 492 3 1218
2053 84 29514 1 30206
2054 67 133134 4 133425
2055 52 59111 1 59311
2056 9 70978 1 71133
2057 58 69429 2 70000
2058 34 15459 2 16176
2059 40 59619 2 60143
2060 31 29514 1 29755
2061 40 6272 3 6591
2062 84 138104 2 138474
2063 58 105137 1 106367
2064 21 44175 2 44252
2065 8 1854 4 2525
2066 55 44939 1 44970
2067 66 76275 3 76501
2068 55 78792 3 79416
2069 42 122899 1 123035
2070 48 110195 3 110367
2071 40 37639 1 37954
2072 73 39807 4 40505
2073 58 31684 2 31788
2074 36 93436 3 94168
2075 14 98944 1 99535
2076 36 138761 1 139268
2077 58 123286 2 123709
2078 40 93993 1 94028
2079 58 115222 3 115573
2080 40 102734 5 103296
2081 59 30458 2 30886
2082 16 19986 2 20061
2083 36 53476 1 53854
2084 58 117198 1 118476
2085 58 33432 2 34095
2086 29 39114 1 39684
2087 65 143217 1 143628
2088 59 50380 2 50916
2089 4 98494 1 98886
2090 74 95834 2 95927
2091 8 111586 1 111632
2092 65 52431 2 52908
2093 8 12014 2 12245
2094 38 37164 4 37460
2095 47 80231 4 80432
2096 14 70599 2 71248
2097 14 94389 2 94512
2098 15 116349 1 116443
2099 21 33947 1 34617
2100 84 70502 3 70855
2101 73 71815 1 72529
2102 58 54188 1 54781
2103 68 14251 1 14712
2104 84 136712 1 137027
2105 12 62731 3 63273
2106 40 6591 1 8109
2107 40 40792 2 41196
2108 84 77274 1 78175
2109 40 75340 1 75865
2110 73 74134 1 74747
2111 81 31684 1 31950
2112 73 62731 2 62917
2113 53 71214 2 71397
2114 40 133869 1 134039
2115 69 130701 2 131367
2116 25 60248 3 60497
2117 58 19626 1 20847
2118 58 27283 1 28133
2119 25 141722 3 142171
2120 47 100508 1 101072
2121 40 29043 1 31134
2122 40 107037 1 107629
2123 12 67289 1 67742
2124 29 116349 2 116866
2125 8 94389 2 94540
2126 58 103762 2 104451
2127 3 74134 2 74756
2128 7 62731 1 62852
2129 59 79176 2 79820
2130 7 64290 2 64354
2131 45 122162 2 122323
2132 40 88951 1 89571
2133 9 88951 1 89268
2134 40 57437 1 57861
2135 10 10337 1 10416
2136 34 43457 1 43807
2137 67 66064 2 66742
2138 27 90716 1 91037
2139 34 122162 4 122631
2140 59 136239 1 137258
2141 59 53397 1 53534
2142 84 76163 1 76209
2143 30 26217 1 26704
2144 84 32725 5 33465
2145 40 75193 2 75218
2146 67 93969 1 94548
2147 17 41630 1 42232
2148 84 73398 1 74134
2149 31 83070 2 83663
2150 40 138104 1 138761
2151 14 94112 5 94780
2152 42 10337 2 10708
2153 70 39114 1 39714
2154 34 112513 2 113224
2155 42 29514 1 29698
2156 84 136805 1 137001
2157 17 89096 5 89662
2158 8 78374 1 79013
2159 25 118706 2 119401
2160 8 70978 1 71071
2161 84 105085 1 105786
2162 70 140490 3 141203
2163 40 2705 1 3428
2164 59 91758 1 91930
2165 71 126838 2 127186
2166 14 33947 1 34300
2167 4 4107 1 4388
2168 22 44454 2 44717
2169 25 32181 2 32292
2170 40 91181 2 91534
2171 81 238 3 360
2172 84 139741 2 140490
2173 57 70502 3 71114
2174 65 98494 1 98655
2175 58 110195 1 110500
2176 59 117752 2 118753
2177 40 35798 2 36196
2178 10 65601 1 66116
2179 84 23632 1 24822
2180 40 66872 1 67402
2181 71 117195 1 117406
2182 45 136805 1 137356
2183 84 31684 5 31798
2184 84 47253 1 47684
2185 25 44939 2 44999
2186 55 113346 4 113903
2187 25 36196 3 36644
2188 81 98975 5 99509
2189 40 70599 1 71763
2190 67 38042 5 38255
2191 81 140490 2 141084
2192 59 105085 1 105757
2193 52 122899 1 123522
2194 40 38042 3 38877
2195 74 22058 2 22644
2196 53 75933 1 76469
2197 2 60248 2 60421
2198 84 24682 1 26217
2199 59 84612 2 85000
2200 40 78175 2 78585
2201 36 96378 1 96437
2202 12 6105 2 6337
2203 22 84612 1 84687
2204 13 36196 4 36602
2205 84 46048 3 46199
2206 1 108620 3 108773
2207 69 22058 3 22359
2208 4 78175 2 78734
2209 59 126183 1 126775
2210 67 123142 2 123444
2211 9 71510 2 72204
2212 58 41861 2 41976
2213 84 30458 1 31231
2214 84 3428 2 4256
2215 16 31684 1 31910
2216 59 67402 1 67652
2217 40 91231 1 91538
2218 34 60248 3 60769
2219 59 12385 1 12472
2220 58 84612 1 84646
2221 27 23469 1 23921
2222 14 64633 1 65283
2223 84 124157 3 124697
2224 68 66064 1 66757
2225 4 42906 2 43462
2226 84 111307 1 111928
2227 59 64633 2 65118
2228 71 94088 2 94167
2229 36 12014 4 12453
2230 58 110500 1 111586
2231 45 109234 1 109922
2232 80 66872 1 67399
2233 40 143217 4 143548
2234 40 32374 2 32755
2235 52 32725 1 33026
2236 84 136712 2 136805
2237 84 44454 1 46048
2238 17 116349 1 116980
2239 15 108341 1 108363
2240 59 12014 1 12123
2241 67 19042 2 19071
2242 12 136712 1 137383
2243 84 26217 1 27283
2244 1 116349 2 116896
2245 27 74134 6 74376
2246 4 47253 1 48003
2247 85 76163 2 76448
2248 58 32725 1 32992
2249 84 79494 1 80463
2250 45 66064 2 66130
2251 36 121121 1 121414
2252 14 121121 4 121341
2253 79 71510 1 71717
2254 4 47684 3 48286
2255 52 64633 1 65371
2256 17 94880 1 95115
2257 59 83780 1 84180
2258 2 40282 3 40367
2259 73 93018 1 93126
2260 38 109234 2 109484
2261 31 127418 1 127747
2262 13 24682 4 24825
2263 2 44454 1 44475
2264 84 130992 2 131543
2265 8 94600 2 94941
2266 40 10337 2 10507
2267 14 107564 1 107611
2268 12 110711 2 111304
2269 36 136712 4 136834
2270 2 91758 2 92110
2271 2 10337 1 10370
2272 26 68489 1 68547
2273 31 90716 1 90751
2274 58 55289 2 55543
2275 20 126183 2 126507
2276 59 99693 1 99937
2277 48 83780 1 84480
2278 84 47684 1 47787
2279 4 90166 2 90759
2280 40 72668 4 73356
2281 40 63424 3 63602
2282 58 117198 1 117311
2283 85 103762 2 103880
2284 27 27283 8 28002
2285 58 131067 1 131548
2286 40 91758 1 93018
2287 84 141345 1 141933
2288 8 100508 4 100687
2289 58 60476 1 60514
2290 6 70978 1 71665
2291 62 94376 1 94609
2292 67 130701 1 131196
2293 85 57300 1 57853
2294 45 75865 2 76011
2295 62 78731 4 79351
2296 12 57056 2 57603
2297 9 131562 2 131599
2298 4 74134 2 74367
2299 58 95834 1 96524
2300 58 121121 1 122233
2301 34 133134 1 133525
2302 4 64838 3 65391
2303 40 57437 2 57650
2304 59 109672 1 110175
2305 36 81016 6 81592
2306 84 85981 1 86542
2307 73 124697 3 125384
2308 40 105230 1 106214
2309 59 2528 3 2922
2310 58 97430 1 98119
2311 59 126775 1 128601
2312 85 120230 2 120350
2313 56 59903 4 60236
2314 59 19817 3 20244
2315 41 17662 1 18379
2316 40 136203 2 136339
2317 40 43251 1 43974
2318 73 140490 1 140974
2319 27 13694 2 13771
2320 39 97519 2 98010
2321 53 32725 1 32897
2322 14 114600 5 114723
2323 40 60404 1 60810
2324 19 90716 4 91060
2325 16 90716 2 91041
2326 62 94389 1 94502
2327 30 54188 3 54669
2328 40 108490 1 109453
2329 58 126183 3 126766
2330 58 65342 3 66314
2331 84 75193 1 75385
2332 59 66064 1 66728
2333 58 132262 2 132920
2334 73 36196 1 36334
2335 8 94880 1 95270
2336 85 136805 1 137526
2337 40 116776 1 116945
2338 7 71510 4 72067
2339 42 115746 1 116487
2340 84 21157 1 22338
2341 70 71396 3 72047
2342 73 43214 1 43279
2343 26 104978 3 105557
2344 30 44454 2 45198
2345 72 18880 4 19612
2346 59 21374 1 21972
2347 11 2705 1 3354
2348 84 116639 4 116947
2349 84 28074 3 28713
2350 47 6272 1 6979
2351 74 42939 1 43082
2352 4 19986 2 20421
2353 13 37164 1 37345
2354 59 107905 1 108220
2355 64 65184 3 65861
2356 52 118706 2 119386
2357 40 59619 2 59705
2358 2 97912 3 98024
2359 67 4256 3 4750
2360 73 122162 1 122460
2361 34 28074 5 28417
2362 4 126620 1 127052
2363 84 138761 2 139741
2364 47 1854 4 1915
2365 8 71510 3 72122
2366 52 62551 1 62859
2367 36 26217 4 26297
2368 58 116945 2 117047
2369 45 32725 1 33157
2370 40 50283 1 50794
2371 40 38227 1 38617
2372 84 9344 1 10670
2373 84 72698 2 73340
2374 84 138104 2 138641
2375 66 75193 1 75644
2376 36 19986 5 20372
2377 2 10507 2 10556
2378 71 59903 4 60229
2379 65 55289 1 55656
2380 40 97519 1 97912
2381 57 78731 6 78901
2382 65 86514 1 86624
2383 4 1854 2 1903
2384 52 81724 2 81938
2385 58 60927 1 61661
2386 40 32725 1 33226
2387 20 39114 1 39719
2388 47 111586 2 111623
2389 45 38877 2 39312
2390 23 1854 1 2338
2391 40 53397 1 53476
2392 14 40314 1 40875
2393 12 76209 1 76670
2394 59 108341 5 109056
2395 40 100508 1 100567
2396 73 71510 1 72214
2397 53 23469 2 23745
2398 84 121000 1 122217
2399 2 95834 2 95877
2400 40 26588 1 27136
2401 58 89096 1 89582
2402 40 71214 1 71393
2403 7 8965 2 9580
2404 84 67289 1 67612
2405 84 17662 1 18409
2406 12 15018 4 15286
2407 85 94880 3 95242
2408 13 115020 1 115605
2409 20 2528 2 2571
2410 21 13694 2 13764
2411 40 121371 6 121828
2412 2 78374 2 78595
2413 83 136239 1 136759
2414 59 102734 5 103230
2415 40 52554 1 53396
2416 45 110195 1 110493
2417 30 81724 2 82274
2418 4 47224 1 47635
2419 2 111699 1 111733
2420 4 83780 1 84217
2421 26 20530 3 21245
2422 84 42545 1 42939
2423 40 90716 3 91013
2424 41 56781 1 57456
2425 64 238 1 500
2426 7 117752 3 117809
2427 74 47224 3 47682
2428 36 90166 1 90559
2429 14 71815 4 71835
2430 31 14251 2 14532
2431 12 36401 4 36755
2432 84 20316 1 20530
2433 73 86514 6 87185
2434 66 78374 1 78905
2435 30 141345 1 141720
2436 28 37164 1 37494
2437 62 103313 1 104044
2438 8 140490 2 140647
2439 58 164 1 219
2440 9 761 4 899
2441 18 124022 1 124478
2442 40 75865 1 75933
2443 17 136805 2 137205
2444 84 56174 1 56609
2445 58 52963 1 54567
2446 84 78731 3 79066
2447 81 107177 2 107815
2448 58 98494 2 98832
2449 72 41861 5 42179
2450 8 116945 1 116982
2451 45 12385 4 12559
2452 72 4567 5 5069
2453 40 41630 3 41861
2454 65 23469 1 23676
2455 45 41630 3 42360
2456 34 140490 5 140649
2457 58 111586 1 111779
2458 58 5561 1 6763
2459 36 90166 1 90654
2460 66 40471 3 41053
2461 13 134329 2 134435
2462 59 68692 2 69108
2463 59 47277 1 47822
2464 8 33692 1 33797
2465 84 113346 5 113611
2466 38 138858 3 139137
2467 42 6272 1 6948
2468 29 110623 3 111210
2469 73 67402 7 67647
2470 20 71214 1 71468
2471 34 94376 3 95126
2472 84 78464 4 78585
2473 17 26217 1 26417
2474 34 43951 4 44009
2475 73 98944 6 99092
2476 40 63379 1 64096
2477 36 122162 1 122581
2478 67 73022 1 73680
2479 45 103936 1 104351
2480 58 63424 1 64811
2481 34 120852 1 120921
2482 20 30458 1 30837
2483 67 40282 4 40877
2484 34 138761 3 139383
2485 58 99577 2 100197
2486 84 91231 2 92731
2487 12 102734 2 103068
2488 2 80231 1 80438
2489 13 28074 4 28511
2490 81 110623 1 110987
2491 4 2528 1 2770
2492 74 13694 2 14329
2493 81 141345 3 141752
2494 65 76275 2 76968
2495 25 238 3 334
2496 8 76768 2 77319
2497 55 111307 2 111635
2498 58 50380 1 50591
2499 2 122162 2 122457
2500 7 122162 3 122558
2501 59 66994 1 67021
2502 84 50752 1 51045
2503 9 116349 3 116726
2504 58 13694 2 13820
2505 40 8838 1 9400
2506 20 142264 2 142614
2507 21 115211 5 115359
2508 67 117752 5 117839
2509 55 93993 5 94607
2510 2 33947 3 34526
2511 36 98944 2 99060
2512 55 59903 3 60573
2513 34 109234 2 109465
2514 84 78792 1 78848
2515 21 94880 3 95442
2516 40 95834 1 97519
2517 53 78175 4 78564
2518 82 39114 3 39773
2519 73 140490 1 140759
2520 42 65184 2 65667
2521 8 103296 2 103348
2522 40 72528 2 73022
2523 12 139852 4 140312
2524 59 65184 1 65722
2525 34 97912 3 98225
2526 52 61723 2 62221
2527 73 32725 1 32996
2528 9 90166 2 90911
2529 8 492 2 919
2530 36 24682 1 24919
2531 15 111699 1 112094
2532 71 136203 1 136877
2533 59 116349 1 116648
2534 40 127418 1 130180
2535 58 6105 3 6361
2536 9 8109 2 8272
2537 73 105085 1 105227
2538 67 113652 1 114324
2539 34 126838 2 127330
2540 40 85981 1 86514
2541 8 84612 2 85317
2542 84 7135 1 8965
2543 13 56781 1 57209
2544 83 101953 5 102624
2545 14 39114 2 39737
2546 42 32755 1 32932
2547 40 64096 2 64290
2548 67 13694 2 14153
2549 58 140490 1 141154
2550 40 47224 1 47574
2551 73 131977 1 132264
2552 26 42303 3 42776
2553 41 29514 3 29564
2554 84 135700 2 135916
2555 52 97430 1 97921
2556 47 125560 2 125857
2557 74 136712 1 136969
2558 5 110623 1 111197
2559 84 142264 1 142598
2560 8 70502 2 71115
2561 40 70269 1 70747
2562 9 4567 3 5265
2563 40 103762 3 103936
2564 85 71510 4 72017
2565 8 26217 2 26754
2566 59 0 1 454
2567 84 142264 1 142744
2568 4 124022 1 124595
2569 65 16648 1 16803
2570 66 122899 2 123158
2571 84 90716 2 90765
2572 84 72698 1 73398
2573 45 46048 2 46723
2574 14 59871 3 59962
2575 59 8109 2 8587
2576 79 116349 3 116804
2577 71 93993 2 94275
2578 25 12014 3 12084
2579 40 88951 1 89128
2580 27 70502 6 71115
2581 30 62678 2 63291
2582 4 4567 3 4660
2583 17 31134 3 31696
2584 19 66064 4 66237
2585 65 19986 2 20398
2586 85 100508 4 100738
2587 84 120852 4 121095
2588 79 18409 3 18680
2589 1 78175 2 78336
2590 67 63379 2 64025
2591 85 31798 1 32262
2592 70 90166 2 90704
2593 40 114309 1 114600
2594 4 120154 4 120485
2595 85 71214 1 71849
2596 53 135700 1 136200
2597 14 57056 1 57761
2598 65 18070 1 18708
2599 84 142744 1 143468
2600 58 8109 1 8168
2601 2 13694 1 14311
2602 62 115211 1 115903
2603 4 78792 1 79259
2604 81 31684 3 31959
2605 58 25524 3 26215
2606 84 63379 3 64121
2607 9 20244 1 20343
2608 25 111586 1 112047
2609 3 66314 3 67022
2610 8 71108 2 71333
2611 42 33692 3 34222
2612 40 33692 1 34236
2613 4 65833 5 66120
2614 59 67143 1 67801
2615 12 37164 1 37521
2616 58 84772 1 84893
2617 81 8669 1 9102
2618 40 19626 2 20099
2619 66 94389 2 95123
2620 19 62282 4 62475
2621 40 24267 2 24947
2622 84 75485 1 76044
2623 25 32725 3 33191
2624 42 126614 1 127274
2625 62 112513 1 112760
2626 14 41630 1 42077
2627 25 75933 1 75996
2628 73 100508 7 100616
2629 84 4672 1 5043
2630 67 20847 2 21462
2631 2 136203 1 136648
2632 67 135700 2 136317
2633 84 142598 2 142744
2634 65 111586 1 112115
2635 7 8109 2 8358
2636 11 14944 2 14971
2637 17 31684 1 31807
2638 40 37228 4 37639
2639 52 110623 1 111074
2640 27 41630 6 42155
2641 58 16162 4 16197
2642 50 140490 2 141111
2643 17 23158 3 23769
2644 40 86514 1 86825
2645 71 44175 1 44452
2646 52 164 1 686
2647 34 70269 1 70799
2648 17 44454 2 44746
2649 52 29514 1 29876
2650 40 0 4 238
2651 40 25524 1 25881
2652 65 95834 1 96202
2653 34 90716 1 91076
2654 21 123286 1 123792
2655 40 120100 1 120230
2656 67 7135 2 7693
2657 40 86514 1 88951
2658 7 141345 1 141906
2659 28 97912 2 98352
2660 48 110623 4 110766
2661 59 135770 1 135856
2662 56 19986 6 20663
2663 42 107177 3 107292
2664 59 114309 1 114981
2665 36 78175 1 78426
2666 84 62678 1 63462
2667 58 134610 2 135239
2668 51 36196 1 36722
2669 40 65601 1 66064
2670 4 72668 3 72870
2671 67 123286 2 123521
2672 40 71396 2 72094
2673 34 76163 1 76265
2674 59 32725 4 33094
2675 19 122162 3 122754
2676 56 18070 1 18645
2677 26 95834 1 96427
2678 65 35798 1 36293
2679 38 110623 1 110850
2680 26 91758 1 91851
2681 8 122162 1 122206
2682 15 20847 1 21077
2683 20 60248 2 60842
2684 7 64290 2 64913
2685 40 90166 1 90716
2686 42 142264 2 142799
2687 8 21157 1 21708
2688 17 139852 2 140020
2689 8 29514 2 29987
2690 34 84612 2 84813
2691 59 761 2 896
2692 36 238 3 388
2693 84 90765 2 91467
2694 40 93342 3 93993
2695 40 56781 1 57433
2696 43 73314 1 73776
2697 7 0 1 739
2698 55 136203 1 136266
2699 66 136203 4 136935
2700 40 64290 1 65013
2701 84 65184 1 65323
2702 2 5977 1 6029
2703 62 103313 1 103499
2704 1 66712 2 67170
2705 10 23594 1 23969
2706 4 83166 2 83353
2707 18 8965 6 9403
2708 84 115211 2 115746
2709 14 112513 4 113228
2710 40 15018 2 15150
2711 2 114309 3 114581
2712 31 14944 1 14966
2713 66 62108 1 62551
2714 47 103231 2 103398
2715 81 63379 1 63608
2716 9 122899 1 123599
2717 67 111586 1 112150
2718 40 61554 6 62282
2719 58 90716 2 91440
2720 7 131025 3 131538
2721 40 94880 1 95334
2722 70 70502 1 70972
2723 72 143217 3 143688
2724 40 40314 3 41047
2725 40 135700 4 136203
2726 40 26285 3 27285
2727 40 17662 5 18354
2728 53 4256 1 4789
2729 40 76049 5 76791
2730 8 59871 2 60039
2731 65 8965 2 9399
2732 84 19817 2 20316
2733 4 8965 1 9563
2734 36 70978 2 71525
2735 67 96378 1 96903
2736 73 121000 1 121737
2737 58 78792 5 79350
2738 81 103296 2 103404
2739 73 107564 1 107817
2740 84 67289 3 67910
2741 8 78731 2 78996
2742 68 102734 1 103117
2743 56 138104 2 138216
2744 40 63186 5 63379
2745 10 126614 1 127319
2746 13 7135 4 7677
2747 42 61723 1 62108
2748 84 140490 1 141242
2749 8 32725 4 33439
2750 38 135700 4 136062
2751 66 18409 1 18589
2752 84 33465 1 34204
2753 58 70978 1 71164
2754 84 120218 3 120852
2755 2 23667 1 23837
2756 2 36196 2 36250
2757 6 81016 1 81081
2758 40 103936 1 104443
2759 40 73356 4 73385
2760 40 121121 1 121371
2761 58 117752 1 117801
2762 73 62282 4 62843
2763 39 29514 1 30081
2764 40 84612 1 85631
2765 40 62731 1 63276
2766 67 39105 5 39449
2767 40 47224 1 47960
2768 38 64885 1 65581
2769 2 36296 2 36603
2770 40 71214 3 71483
2771 36 16162 1 16600
2772 14 31989 2 32143
2773 34 117198 3 117842
2774 45 66314 2 66875
2775 59 52528 1 53489
2776 73 4107 6 4389
2777 11 42906 2 42939
2778 73 66064 3 66250
2779 85 103313 2 103932
2780 73 90166 3 90237
2781 64 107564 2 107801
2782 85 66314 1 66346
2783 81 23469 4 23664
2784 38 126775 3 126971
2785 59 135700 1 136792
2786 55 115020 6 115078
2787 38 4256 2 4732
2788 36 54188 6 54914
2789 26 78374 3 78896
2790 59 62282 2 62978
2791 66 90166 1 90507
2792 14 65833 1 65865
2793 84 5977 1 6679
2794 11 139852 1 140498
2795 67 139852 1 140028
2796 84 78421 2 78464
2797 9 59111 1 59320
2798 42 69429 1 70055
2799 84 66872 2 66945
2800 27 138761 8 139246
2801 49 126838 2 127382
2802 59 36574 1 37285
2803 52 141345 2 141474
2804 77 56781 1 57453
2805 65 141722 2 142130
2806 37 27283 1 27309
2807 40 31134 1 31369
2808 58 106859 3 107535
2809 40 2134 2 2798
2810 62 130701 1 130750
2811 58 130701 2 130846
2812 7 18880 3 19571
2813 9 36196 1 36875
2814 40 108490 2 109081
2815 36 39114 2 39309
2816 1 761 1 817
2817 40 136712 2 138104
2818 81 19986 1 20419
2819 66 111586 1 111636
2820 40 4177 3 4567
2821 56 81016 2 81522
2822 61 35798 5 35974
2823 40 72182 2 72318
2824 38 118893 1 118945
2825 24 50380 1 51046
2826 45 71730 2 72442
2827 67 34267 2 34533
2828 85 103313 3 103715
2829 27 122162 7 122515
2830 67 116945 3 117350
2831 36 492 2 1131
2832 17 32725 4 33123
2833 40 94376 1 95795
2834 15 32725 1 32824
2835 79 43951 2 44336
2836 12 130992 1 131100
2837 84 117752 1 118774
2838 13 57300 5 57960
2839 73 64885 4 65596
2840 17 70269 2 70508
2841 26 0 3 180
2842 58 138761 1 138858
2843 52 68692 2 68753
2844 1 142133 1 142389
2845 84 57067 1 58131
2846 85 107564 2 107628
2847 59 55289 3 55802
2848 34 44454 1 44801
2849 14 97430 4 97686
2850 58 42906 1 43444
2851 81 136805 2 137031
2852 5 2023 2 2151
2853 59 44454 1 45142
2854 74 98494 1 99180
2855 84 94389 1 95044
2856 40 78731 3 78792
2857 12 126183 3 126904
2858 40 78374 2 78777
2859 58 55474 1 57056
2860 51 62551 1 62930
2861 3 15813 1 15902
2862 74 138761 2 139474
2863 59 7135 2 7169
2864 40 59317 1 60174
2865 36 120100 1 120540
2866 84 37806 1 37891
2867 13 66314 1 66566
2868 40 2528 1 2775
2869 40 43251 1 43363
2870 12 86514 3 86712
2871 84 19626 4 20250
2872 12 64633 1 64702
2873 73 66314 2 66488
2874 53 74134 4 74863
2875 13 68489 4 68776
2876 55 39105 5 39457
2877 67 136712 3 137328
2878 73 47224 6 47774
2879 40 73109 2 73314
2880 84 130992 3 131562
2881 84 67910 1 68776
2882 58 68489 4 68692
2883 58 10384 1 10877
2884 56 47338 1 47652
2885 66 59317 2 59393
2886 73 98494 2 98536
2887 58 131562 4 132262
2888 80 55289 1 55894
2889 84 42939 1 43457
2890 46 140490 2 140574
2891 58 33432 3 33947
2892 15 62108 1 62752
2893 7 142264 4 142492
2894 71 75340 2 75879
2895 17 59619 2 60195
2896 58 16197 1 17122
2897 67 114309 2 114578
2898 84 118774 2 118893
2899 84 69429 1 71080
2900 12 73022 4 73307
2901 84 38227 1 38248
2902 40 116945 1 117977
2903 9 65833 1 66346
2904 40 81724 2 81856
2905 84 59903 1 59963
2906 59 23828 1 24456
2907 67 56781 1 56907
2908 40 82957 2 83166
2909 15 102202 1 102857
2910 67 113652 3 114071
2911 52 41861 2 42103
2912 34 27744 4 27824
2913 9 81016 2 81533
2914 84 94112 2 94389
2915 58 114600 2 115222
2916 17 109234 2 109939
2917 85 31684 1 31959
2918 67 36401 5 36510
2919 39 65722 3 66348
2920 2 83780 1 84314
2921 40 3428 1 4177
2922 36 18409 2 18725
2923 59 10479 2 11149
2924 84 2032 2 2406
2925 85 60248 3 60347
2926 67 19626 5 20138
2927 84 115020 2 115559
2928 68 110623 1 110696
2929 59 16162 2 16370
2930 79 2032 2 2415
2931 67 120852 2 121391
2932 11 95834 4 96021
2933 13 117198 2 117752
2934 71 10384 1 11037
2935 81 107564 1 107953
2936 42 111586 2 111692
2937 4 96378 1 96482
2938 14 55289 4 55606
2939 59 111586 1 111781
2940 2 41861 1 42463
2941 25 84612 1 85305
2942 67 141722 5 142394
2943 81 55802 1 56153
2944 7 110195 2 110296
2945 84 37164 1 37806
2946 81 101953 1 102106
2947 79 140490 1 141225
2948 21 66064 5 66718
2949 85 66064 1 66682
2950 84 31134 2 31684
2951 28 71214 1 71351
2952 59 98944 1 99611
2953 29 66872 2 67432
2954 55 62282 1 62851
2955 84 142264 2 142309
2956 45 31684 1 31862
2957 58 23828 1 24413
2958 60 131562 1 132007
2959 40 78374 1 78411
2960 39 4567 1 5287
2961 25 71214 2 71365
2962 58 70978 1 71275
2963 67 0 3 515
2964 40 71815 1 72288
2965 58 36296 1 36864
2966 74 111586 1 111866
2967 67 78374 5 79081
2968 40 2705 1 3347
2969 26 2528 1 2765
2970 47 32725 1 33052
2971 39 39807 1 39875
2972 59 84404 4 84455
2973 58 19626 1 20492
2974 84 27283 2 27744
2975 67 62731 5 63325
2976 84 123142 1 123963
2977 55 37228 2 37521
2978 8 73385 2 73416
2979 74 33692 1 34057
2980 64 492 4 1242
2981 34 14251 4 14776
2982 65 117752 1 118097
2983 1 12014 2 12501
2984 84 93436 3 93521
2985 66 53397 1 53865
2986 4 122162 6 122855
2987 47 72460 5 72699
2988 42 16162 2 16290
2989 4 33692 1 33831
2990 40 107564 1 107682
2991 58 102202 1 102785
2992 40 101953 1 102578
2993 42 40792 3 41224
2994 65 32725 2 33152
2995 8 39105 3 39265
2996 82 143217 4 143739
2997 65 62282 1 62329
2998 40 64838 1 65193
2999 47 64838 1 65551
3000 26 23469 3 23609
3001 58 71108 2 71396
3002 18 115222 4 115807
3003 84 13082 1 13694
3004 47 66064 1 66388
3005 19 70502 5 70619
3006 58 68692 1 69350
3007 12 16698 1 17124
3008 84 112223 1 113078
3009 58 59871 3 60174
3010 62 71815 4 72508
3011 65 16162 2 16586
3012 40 36401 2 36452
3013 20 110711 1 110832
3014 71 66064 2 66701
3015 40 51222 3 51895
3016 50 12385 1 12624
3017 70 107564 1 108048
3018 79 135271 1 135869
3019 73 28074 3 28690
3020 58 75485 1 76173
3021 40 135271 3 135774
3022 42 65833 1 66473
3023 76 32755 1 33188
3024 40 126614 1 127001
3025 84 107564 1 109234
3026 58 104978 1 105137
3027 84 113078 2 113131
3028 58 100843 3 100969
3029 40 81016 1 82957
3030 73 14251 1 14883
3031 34 115211 5 115572
3032 52 141722 2 141889
3033 85 41861 5 42531
3034 83 68692 2 68862
3035 40 121828 1 122162
3036 36 98944 1 99549
3037 40 84404 1 84612
3038 72 97430 2 97482
3039 81 78374 1 79059
3040 81 57067 3 57098
3041 40 53396 3 53929
3042 4 142133 1 142660
3043 62 94376 1 94807
3044 58 116349 2 116878
3045 84 126183 4 126620
3046 84 18409 1 18552
3047 59 90765 3 91305
3048 40 104978 1 105230
3049 8 15018 1 15223
3050 17 492 4 843
3051 14 126838 2 126874
3052 84 98944 1 99091
3053 65 54596 1 55159
3054 17 14251 2 14882
3055 67 116945 1 117425
3056 2 107629 1 107927
3057 14 20316 4 20759
3058 40 83780 1 84038
3059 84 120852 1 121000
3060 73 33692 1 33756
3061 2 90166 2 90200
3062 7 113078 4 113218
3063 66 143217 1 143960
3064 84 18880 1 19817
3065 58 84646 3 84757
3066 42 135271 1 135363
3067 34 113652 1 113928
3068 53 57437 1 57865
3069 34 5043 1 5530
3070 58 55802 4 56066
3071 84 125011 3 125601
3072 73 64633 5 64728
3073 36 135700 2 135824
3074 48 94376 2 95028
3075 40 130701 3 131025
3076 84 62108 1 62678
3077 84 13082 1 13702
3078 4 107037 2 107209
3079 45 90716 2 91354
3080 7 52030 2 52340
3081 58 121121 1 121294
3082 14 13694 3 13983
3083 30 121121 4 121426
3084 36 75933 5 76458
3085 40 107037 1 107476
3086 84 94880 1 96209
3087 7 115746 1 115819
3088 58 107629 1 108120
3089 40 114600 1 115020
3090 58 142264 4 142962
3091 68 134610 1 135043
3092 67 14251 1 14585
3093 17 121121 2 121163
3094 58 17122 1 17662
3095 1 110623 1 111307
3096 52 127418 1 128133
3097 51 91758 3 92260
3098 51 47224 1 47263
3099 56 47277 3 47419
3100 58 127418 2 127925
3101 3 83780 3 83827
3102 84 39105 2 39807
3103 40 125560 1 126183
3104 26 70978 3 71087
3105 83 115211 6 115904
3106 42 134329 3 134999
3107 4 136203 6 136651
3108 40 140490 1 140674
3109 40 19626 1 19986
3110 18 74134 2 74313
3111 40 143217 1 143600
3112 40 133869 1 134329
3113 45 120852 1 121004
3114 40 111025 1 111699
3115 73 37164 2 37786
3116 84 102202 3 102319
3117 7 64838 1 65040
3118 2 2023 2 2162
3119 47 66872 2 67216
3120 70 62282 3 62395
3121 14 15150 2 15609
3122 73 95834 3 96391
3123 84 51234 2 51602
3124 51 8838 3 9050
3125 58 103231 4 103415
3126 4 34267 1 34659
3127 58 52763 1 52963
3128 7 97430 1 97462
3129 40 78731 1 79439
3130 40 18847 1 19626
3131 1 90166 3 90211
3132 4 86514 1 87255
3133 84 115211 1 115648
3134 81 74134 2 74411
3135 73 111981 1 112603
3136 53 140629 4 140865
3137 4 109539 2 109916
3138 84 111981 3 112223
3139 84 90716 2 91010
3140 84 110623 1 111322
3141 40 97912 2 98600
3142 4 93969 2 94102
3143 4 139852 1 140238
3144 81 75865 1 76376
3145 14 33692 1 34436
3146 66 115746 1 116290
3147 59 5561 4 6150
3148 40 60174 1 60404
3149 84 75865 2 76163
3150 36 40314 6 41040
3151 81 12385 4 12409
3152 8 52528 1 52664
3153 73 138761 1 139072
3154 47 115746 1 116358
3155 14 73398 1 73869
3156 8 36196 2 36913
3157 40 39105 2 39210
3158 59 24682 1 24825
3159 82 29514 4 29549
3160 29 70502 2 71024
3161 1 127418 2 127841
3162 15 117752 1 118280
3163 54 63379 2 63650
3164 40 88951 6 89124
3165 59 109234 3 109516
3166 45 18409 1 18703
3167 59 56781 1 56828
3168 8 76275 3 76591
3169 40 81016 2 81132
3170 38 76322 2 76353
3171 40 34267 2 34685
3172 34 77274 1 77655
3173 84 37710 2 39105
3174 40 94088 2 94191
3175 11 72182 1 72221
3176 67 62282 5 62546
3177 12 31798 4 32489
3178 59 110711 1 111115
3179 40 117195 1 117700
3180 84 71108 1 71510
3181 84 27744 1 28074
3182 84 29043 1 29514
3183 59 110623 2 110711
3184 84 79635 1 79946
3185 40 16162 1 16410
3186 14 115746 2 116399
3187 40 141722 1 141836
3188 47 122899 1 123367
3189 56 94880 6 95160
3190 4 138761 4 139331
3191 47 84612 2 85322
3192 84 31798 2 32028
3193 27 38227 2 38496
3194 84 102396 2 103231
3195 52 66064 1 66300
3196 1 111307 1 111627
3197 84 66064 1 66782
3198 30 114600 3 115322
3199 81 8965 2 9106
3200 58 135904 4 136594
3201 28 6105 1 6310
3202 7 52763 4 52941
3203 6 84612 1 84637
3204 59 59111 1 59239
3205 84 93018 5 93436
3206 4 12385 1 12606
3207 81 70599 2 70621
3208 40 98975 2 99232
3209 2 75865 2 76036
3210 34 70978 1 71209
3211 9 41861 1 42091
3212 40 57650 1 59111
3213 8 37164 1 37538
3214 65 94880 1 95583
3215 2 18552 1 19011
3216 14 98494 1 99211
3217 42 76768 2 76871
3218 40 5435 2 6105
3219 39 63379 1 63950
3220 84 10670 1 12524
3221 17 98944 1 99026
3222 73 117752 1 118252
3223 74 108620 1 109294
3224 56 114309 1 114457
3225 62 84612 2 84876
3226 84 13694 1 14944
3227 40 99693 2 100397
3228 84 37066 1 37710
3229 61 47277 1 47722
3230 31 70502 2 71179
3231 1 78731 3 79094
3232 59 1854 4 2041
3233 36 60927 5 61437
3234 41 15018 2 15315
3235 11 74134 2 74707
3236 14 105230 1 105427
3237 40 108341 1 108490
3238 84 80463 1 81724
3239 58 62551 1 63424
3240 4 83780 4 84108
3241 47 66872 1 67411
3242 47 136805 2 137033
3243 20 32725 2 33268
3244 65 3428 1 3474
3245 40 130180 1 130701
3246 68 110623 2 110856
3247 14 76768 3 76931
3248 40 139852 2 141009
3249 39 78792 1 79240
3250 84 18552 2 18880
3251 45 79494 2 79786
3252 84 115746 1 115783
3253 10 81724 1 82349
3254 58 135770 1 135904
3255 85 62282 1 62826
3256 84 131562 3 131789
3257 40 66064 3 66712
3258 84 37066 1 37164
3259 66 56781 1 57318
3260 84 43457 4 43673
3261 36 28074 7 28151
3262 70 78792 6 79059
3263 40 75340 1 75586
3264 43 23667 3 24308
3265 45 131726 1 131912
3266 84 120218 1 120907
3267 84 109672 1 110565
3268 21 71730 2 72005
3269 84 16698 3 16746
3270 40 32755 1 32919
3271 59 31684 1 32416
3272 12 63379 2 63585
3273 68 115211 3 115363
3274 8 40314 1 40688
3275 56 65193 1 65856
3276 8 97929 4 98031
3277 59 31134 4 31517
3278 68 32725 3 33463
3279 84 96676 4 97430
3280 2 78175 1 78356
3281 81 71214 5 71384
3282 42 54188 3 54247
3283 4 120852 2 121165
3284 17 85631 1 85962
3285 58 36196 1 36717
3286 81 110623 4 110864
3287 4 36401 6 36945
3288 84 53929 3 54559
3289 4 62282 2 62900
3290 85 13082 4 13709
3291 40 102734 1 103339
3292 84 61723 1 61768
3293 66 114600 1 114713
3294 73 23469 2 24019
3295 1 65601 2 65653
3296 84 62678 2 63135
3297 36 2528 2 2877
3298 25 74134 1 74195
3299 47 109234 1 109472
3300 42 47253 2 47692
3301 14 29514 1 29723
3302 17 110195 3 110717
3303 84 84772 3 85475
3304 40 32725 1 33432
3305 84 39114 1 39182
3306 59 115211 1 115659
3307 42 15813 1 16460
3308 64 10507 4 11243
3309 58 8965 1 10092
3310 84 42940 1 43372
3311 40 70566 1 70599
3312 26 102396 3 103110
3313 47 103936 2 104164
3314 40 39778 1 40282
3315 59 96653 4 97251
3316 47 492 3 1207
3317 84 47224 1 47338
3318 67 47684 3 48105
3319 73 75865 3 76534
3320 58 133869 1 134099
3321 73 64885 3 65592
3322 58 86514 1 86654
3323 84 90861 1 91107
3324 12 135700 3 136218
3325 12 111586 1 112155
3326 14 97912 1 98609
3327 40 98944 3 98975
3328 84 46048 1 47253
3329 50 71108 2 71355
3330 40 31684 1 31989
3331 84 74428 2 75277
3332 40 14251 2 14508
3333 40 107629 2 108341
3334 84 110623 1 111866
3335 2 59111 2 59684
3336 84 39807 1 40217
3337 17 140490 2 141123
3338 40 21374 2 22058
3339 59 0 1 21
3340 36 116349 7 116693
3341 84 56609 3 56933
3342 14 25524 1 25659
3343 9 131025 2 131384
3344 47 126620 2 127200
3345 17 110500 1 110923
3346 27 111699 7 111988
3347 11 15813 2 16024
3348 36 66872 5 67558
3349 52 60927 1 60992
3350 8 133869 2 134373
3351 59 56828 1 57037
3352 58 50283 5 50728
3353 4 141345 2 141378
3354 59 115746 3 115909
3355 11 133134 2 133498
3356 84 33465 1 33874
3357 40 27283 1 27488
3358 17 14251 1 14575
3359 84 6331 1 7135
3360 17 64885 2 65311
3361 84 8965 2 9119
3362 30 65184 1 65649
3363 84 118893 1 120218
3364 82 31798 4 32209
3365 84 110623 2 110906
3366 81 20847 1 21085
3367 20 50380 1 50566
3368 4 68692 2 69427
3369 66 90716 4 91387
3370 84 56713 2 56814
3371 14 136712 5 137126
3372 62 47277 2 47551
3373 58 8168 2 8869
3374 51 83780 1 83863
3375 15 36452 1 36957
3376 40 60248 3 60927
3377 26 110195 2 110770
3378 17 61554 2 62274
3379 36 130701 2 131446
3380 84 8965 1 9031
3381 65 133869 2 134502
3382 57 122162 7 122708
3383 84 44454 2 44488
3384 58 66314 1 66983
3385 58 761 1 892
3386 2 78792 1 79028
3387 81 55474 1 55514
3388 41 93436 1 93971
3389 84 64885 3 65184
3390 4 105786 1 106038
3391 84 133869 3 134252
3392 47 36196 1 36644
3393 36 111586 6 111636
3394 34 65184 1 65309
3395 58 59619 1 60248
3396 84 56816 2 57067
3397 30 46048 2 46076
3398 58 136712 3 137435
3399 9 140490 1 140744
3400 68 38227 1 38598
3401 85 143217 1 143956
3402 23 143217 2 143588
3403 45 73398 2 74053
3404 34 109539 1 110287
3405 40 140922 2 141345
3406 40 97912 3 98003
3407 65 59619 2 60218
3408 4 15813 4 16332
3409 67 70502 1 70949
3410 4 132262 6 132537
3411 58 97519 2 98195
3412 4 117198 3 117441
3413 84 73022 3 73356
3414 40 127418 1 127954
3415 67 71510 5 72102
3416 76 14251 2 14828
3417 58 138858 1 140131
3418 65 68815 1 69136
3419 74 96378 1 96872
3420 58 96378 2 96976
3421 51 93436 2 94081
3422 2 108341 1 108858
3423 46 108341 1 108490
3424 65 120100 2 120798
3425 59 86514 4 86625
3426 81 6272 1 6761
3427 67 14944 2 15066
3428 59 133134 1 133280
3429 17 4567 3 4649
3430 51 0 2 566
3431 8 25524 1 25830
3432 4 110623 5 110864
3433 24 59619 1 60074
3434 2 66872 1 67374
3435 4 3428 1 3539
3436 47 104978 6 105486
3437 42 44454 1 44962
3438 34 54188 2 54614
3439 70 100321 1 100753
3440 72 23667 5 24106
3441 40 59111 4 59317
3442 47 94376 1 94775
3443 40 104672 1 104978
3444 84 71815 1 72698
3445 31 109672 1 110045
3446 4 56816 5 56860
3447 52 77274 1 77833
3448 18 67143 3 67746
3449 73 26217 3 26843
3450 40 22058 5 22744
3451 40 75933 4 76049
3452 71 66314 1 66779
3453 70 31798 8 32265
3454 42 90716 2 91442
3455 13 94389 1 95015
3456 58 98195 1 98494
3457 55 90166 3 90275
3458 59 238 1 318
3459 14 8109 1 8197
3460 84 134329 1 134410
3461 47 0 5 249
3462 14 70269 2 70431
3463 55 13694 1 14284
3464 58 109234 1 109282
3465 17 102202 3 102261
3466 4 8109 2 8455
3467 2 19817 1 20103
3468 84 134556 1 135271
3469 30 31684 1 32322
3470 34 103762 1 104105
3471 59 41861 1 42539
3472 84 99577 1 100321
3473 9 35798 1 35830
3474 59 43214 1 43609
3475 84 42303 1 42854
3476 73 115211 3 115857
3477 84 64096 1 64633
3478 25 98975 1 99281
3479 45 62282 2 62490
3480 34 84612 1 85124
3481 65 110623 1 111341
3482 73 112513 3 112740
3483 84 15459 2 16151
3484 84 100321 1 102202
3485 59 27283 2 27873
3486 10 115746 1 116027
3487 40 78792 2 79176
3488 67 75865 2 75909
3489 40 16698 1 17177
3490 55 105085 3 105192
3491 9 29514 1 29784
3492 59 123286 1 123860
3493 56 94376 6 94827
3494 15 98003 1 98457
3495 12 4177 1 4497
3496 34 95834 5 96401
3497 58 23469 1 23594
3498 47 67289 3 67917
3499 58 39807 2 40294
3500 42 29514 2 29824
3501 40 100508 2 101953
3502 59 133134 1 133482
3503 41 111586 1 111878
3504 84 65184 2 65833
3505 47 124022 6 124283
3506 39 75340 4 75755
3507 7 38877 4 39316
3508 68 65833 3 66292
3509 14 89096 1 89767
3510 58 94880 2 95597
3511 8 126620 3 127063
3512 59 122899 2 122967
3513 9 62282 3 62818
3514 84 126838 2 127202
3515 70 91107 3 91287
3516 84 0 2 164
3517 13 6272 4 6706
3518 7 109234 1 109692
3519 36 78731 5 79439
3520 9 19986 1 20322
3521 84 23158 2 23632
3522 12 16162 2 16235
3523 84 103231 3 103313
3524 30 118706 5 119045
3525 39 13694 1 14441
3526 17 26217 3 26846
 调度评估结果
1. 任务等待评估 (Σ 等待×权重): 2317379824
2. 任务完成评估 (最大完成时间): 144115
3. GPU显存空闲评估 (平均空闲): 15324.10 GB/时间片
 额外统计
已调度任务               : 3526/3526
平均等待时间            : 63986.26
各服务器任务分布      : 服务器1=40, 服务器2=85, 服务器3=9, 服务器4=121, 服务器5=4, 服务器6=9, 服务器7=63, 服务器8=103, 服务器9=62, 服务器10=9, 服务器11=23, 服务器12=59, 服务器13=36, 服务器14=99, 服务器15=30, 服务器16=8, 服务器17=58, 服务器18=23, 服务器19=21, 服务器20=15, 服务器21=26, 服务器22=8, 服务器23=5, 服务器24=2, 服务器25=20, 服务器26=28, 服务器27=25, 服务器28=19, 服务器29=6, 服务器30=27, 服务器31=23, 服务器34=81, 服务器36=88, 服务器37=2, 服务器38=22, 服务器39=17, 服务器40=442, 服务器41=19, 服务器42=59, 服务器43=2, 服务器44=1, 服务器45=47, 服务器46=6, 服务器47=74, 服务器48=16, 服务器49=1, 服务器50=6, 服务器51=21, 服务器52=39, 服务器53=19, 服务器54=3, 服务器55=30, 服务器56=19, 服务器57=8, 服务器58=258, 服务器59=172, 服务器60=2, 服务器61=6, 服务器62=33, 服务器64=12, 服务器65=54, 服务器66=45, 服务器67=83, 服务器68=15, 服务器69=8, 服务器70=25, 服务器71=27, 服务器72=21, 服务器73=99, 服务器74=27, 服务器76=4, 服务器77=2, 服务器79=16, 服务器80=2, 服务器81=81, 服务器82=9, 服务器83=11, 服务器84=380, 服务器85=46
