1 13 4342 1 4908
2 30 1621 1 2148
3 9 9968 1 10569
4 8 10762 3 11271
5 34 3021 2 3061
6 24 17568 3 18033
7 16 10378 3 10689
8 35 16975 3 17045
9 16 1952 7 2482
10 4 3341 1 3768
11 17 3276 1 3283
12 14 9442 2 9806
13 16 11630 1 11869
14 33 1601 2 1664
15 18 13566 2 14007
16 12 15831 5 16278
17 6 5798 1 6162
18 36 3365 2 3845
19 34 8855 2 9325
20 13 11630 1 11861
21 18 14208 1 14426
22 27 1346 2 1758
23 5 1952 1 2078
24 4 17614 1 18092
25 22 9442 5 9476
26 36 5798 5 6208
27 26 4032 1 4353
28 18 5609 1 5662
29 4 5556 3 5837
30 4 11288 3 11441
31 27 4032 4 4424
32 4 16608 1 16637
33 13 1346 2 1601
34 26 14208 1 14750
35 32 2602 6 2738
36 17 11630 3 11676
37 15 1621 1 1756
38 23 16777 1 16907
39 9 15288 2 15569
40 26 13566 3 13763
41 34 16470 4 16797
42 26 7930 1 8006
43 14 12824 6 13112
44 6 9442 1 9637
45 24 13666 3 13914
46 26 8855 1 9160
47 6 6955 2 7187
48 34 4353 2 4678
49 32 8381 1 8411
50 11 15288 4 15778
51 15 11122 1 11148
52 23 14685 1 15159
53 13 11134 1 11197
54 32 15288 3 15356
55 26 5798 2 5848
56 26 3021 2 3305
57 32 6362 2 6376
58 34 9442 2 9583
59 36 9442 2 9504
60 8 2873 3 3296
61 26 15288 1 15406
62 7 7696 5 8119
63 16 14839 1 15164
64 22 8305 5 8662
65 14 6113 2 6169
66 27 10691 1 10821
67 17 11630 2 12017
68 5 466 2 576
69 26 10378 3 10810
70 3 466 1 743
71 13 4105 2 4342
72 19 17614 6 17960
73 34 3597 1 3949
74 7 11958 2 12367
75 17 11122 3 11489
76 7 6362 4 6879
77 4 3365 1 3813
78 24 10810 1 10899
79 26 11122 1 11399
80 5 699 1 781
81 30 3294 1 3719
82 15 4342 2 4655
83 40 1816 1 2269
84 27 6362 1 6878
85 35 4032 2 4441
86 24 466 2 500
87 24 3597 3 4024
88 12 4353 1 4775
89 26 3341 2 4030
90 32 3341 6 3621
91 35 11122 4 11420
92 14 16397 3 16543
93 14 13136 3 13347
94 9 6955 1 9192
95 13 3341 1 3538
96 7 13666 1 13720
97 25 11674 8 12060
98 14 4353 1 4572
99 13 5164 1 5173
100 26 12481 1 12734
101 16 8075 1 8111
102 9 16347 2 16535
103 14 3021 1 3550
104 9 16347 1 16830
105 25 15679 1 15987
106 4 10513 4 10693
107 12 10378 3 10732
108 4 8075 2 8615
109 34 3341 4 3558
110 4 5857 1 6393
111 35 13099 1 13151
112 4 11362 1 11757
113 32 10513 3 10746
114 25 8075 5 8502
115 26 15543 1 16397
116 13 16975 1 17506
117 34 17506 2 17520
118 26 12824 1 13339
119 28 10691 3 10926
120 26 16975 1 17561
121 26 14208 1 14317
122 26 14317 2 14407
123 26 2138 2 2602
124 26 6729 2 6765
125 26 17561 2 18251
126 26 11674 2 11958
127 25 13136 1 13600
128 26 14343 1 14893
129 7 10378 3 10767
130 35 13566 4 13881
131 35 13666 2 13884
132 14 9968 1 10223
133 30 14685 1 15127
134 9 12824 1 13049
135 27 7861 2 8402
136 13 15543 1 15679
137 15 6792 6 7286
138 13 13566 1 13731
139 13 2138 1 2475
140 26 6955 1 7377
141 14 10460 2 10810
142 26 17561 2 17657
143 18 14850 1 15379
144 26 1574 1 1582
145 32 5556 3 5573
146 12 6362 6 6680
147 26 13815 1 14343
148 34 2012 4 2177
149 30 14208 2 14540
150 25 2241 1 2248
151 13 13566 1 13825
152 14 15679 1 16112
153 33 13566 2 14026
154 5 6955 1 7300
155 7 16347 1 16472
156 27 5798 1 5945
157 13 11197 1 11630
158 13 6846 2 7696
159 27 17614 4 18085
160 26 12824 1 13099
161 17 5798 3 6229
162 36 13666 4 13890
163 13 5556 2 5854
164 36 8075 5 8553
165 32 8075 5 8349
166 13 10460 1 10691
167 8 1621 2 2103
168 34 8075 3 8523
169 26 147 2 601
170 34 1477 1 1897
171 28 17614 5 17645
172 13 2475 1 2873
173 16 17506 1 17614
174 15 16470 5 16586
175 16 9442 2 9584
176 13 17568 1 18072
177 7 3215 2 3223
178 27 9442 2 9891
179 32 11122 4 11571
180 4 699 2 987
181 13 16470 1 16980
182 18 11288 1 11478
183 17 259 4 773
184 4 16470 2 16790
185 40 16397 1 16440
186 7 18072 4 18170
187 18 4143 2 4557
188 32 14208 2 14754
189 18 114 2 579
190 27 17506 3 18048
191 27 3341 1 3606
192 11 11122 1 11266
193 30 13566 1 13603
194 13 8362 1 8728
195 40 5556 1 5619
196 4 8075 1 8236
197 8 13136 1 13362
198 28 11958 1 12313
199 30 568 1 1002
200 2 115 1 613
201 27 1816 1 2299
202 26 2602 1 3021
203 24 1346 5 1773
204 32 18072 1 18388
205 12 5857 3 6193
206 35 15288 3 15517
207 16 8855 1 8963
208 40 15288 2 15581
209 15 17506 4 17939
210 30 11958 2 12344
211 27 784 1 885
212 26 10762 2 11288
213 35 3341 2 3659
214 8 1191 2 1603
215 34 238 1 571
216 5 6362 1 6779
217 24 8381 1 8887
218 16 10691 2 11099
219 24 2602 4 2666
220 34 11375 2 11385
221 28 1477 2 1925
222 14 11122 3 11304
223 32 5330 1 5412
224 23 568 1 957
225 25 17614 3 17766
226 30 16975 2 17217
227 13 13136 1 13666
228 30 9442 1 9920
229 26 5857 1 6223
230 26 9968 2 10762
231 7 14641 2 14949
232 24 9442 2 9928
233 26 4908 1 5439
234 22 1952 1 2028
235 26 2012 2 2031
236 13 6792 1 6846
237 18 3341 1 3733
238 6 1816 3 1930
239 4 6488 1 6823
240 27 2602 1 2934
241 26 9442 1 9547
242 7 10378 1 10392
243 22 3294 4 3356
244 26 784 2 1191
245 13 10691 1 11122
246 5 10810 3 10959
247 7 5857 4 6020
248 9 2138 1 2460
249 30 1711 1 2145
250 35 1477 2 1512
251 13 15288 1 15835
252 7 2652 1 2777
253 5 10810 2 11261
254 13 5723 1 5731
255 32 17506 1 17748
256 3 11674 1 11689
257 5 11122 3 11443
258 34 4105 2 4445
259 35 2602 3 2802
260 26 15288 3 15831
261 34 17561 1 17776
262 26 4908 1 5193
263 8 17506 3 17943
264 18 6846 2 7039
265 40 17614 1 18015
266 13 14850 1 15543
267 12 16470 3 16511
268 18 15288 1 15344
269 28 1477 4 1844
270 4 6362 1 6828
271 26 11111 1 11118
272 5 1601 4 1952
273 13 141 1 194
274 23 6362 1 6824
275 16 17614 4 18071
276 18 8075 1 8102
277 15 4559 1 4714
278 16 11958 3 12330
279 12 8075 1 8244
280 27 2873 1 2902
281 30 3021 1 3485
282 4 16975 1 17280
283 13 17506 1 17568
284 32 86 4 362
285 13 16347 2 16470
286 28 11958 5 12152
287 35 2602 3 2909
288 26 2652 3 2884
289 16 14208 1 14222
290 13 16470 1 16777
291 12 4996 1 5210
292 32 1601 4 2029
293 34 6792 4 7093
294 40 4996 3 5337
295 33 13136 2 13384
296 36 5556 2 5621
297 13 1621 1 3170
298 4 14656 6 15136
299 13 12824 1 13346
300 29 9442 1 9621
301 13 10513 1 11134
302 13 9442 1 9645
303 22 1816 1 2055
304 25 5556 4 5815
305 4 11958 3 12507
306 13 8855 1 9159
307 26 5330 3 5857
308 13 8075 1 8099
309 13 13825 1 14000
310 13 7861 1 8381
311 26 5556 1 5700
312 27 10460 1 10569
313 23 6362 1 6616
314 36 4996 1 5172
315 13 15679 1 16112
316 7 14248 1 14464
317 9 9442 1 9656
318 23 5556 1 5594
319 4 4353 1 4863
320 21 8075 1 8465
321 15 1621 4 1915
322 22 15288 4 15363
323 4 2138 2 2672
324 12 8362 3 8666
325 24 8362 3 8473
326 26 466 1 678
327 27 16347 3 16566
328 27 14839 1 14894
329 27 14208 1 14740
330 7 10762 1 10995
331 4 17614 4 18002
332 5 14317 1 14641
333 16 16347 5 16608
334 7 15288 5 15400
335 26 7930 2 8075
336 2 14839 2 15057
337 27 20 3 403
338 26 3021 1 3294
339 18 8362 2 8460
340 6 5798 1 5859
341 13 14317 1 14850
342 22 7696 4 8156
343 18 10691 1 11171
344 13 14248 1 14308
345 16 14208 3 14723
346 26 3672 1 5556
347 28 5798 2 6097
348 26 10810 2 10898
349 32 10378 1 10412
350 24 11630 5 12025
351 25 2602 1 2684
352 16 5798 3 6222
353 35 2138 1 2414
354 30 5798 1 6228
355 7 8362 2 8664
356 32 18072 5 18605
357 4 4996 2 5313
358 27 12824 3 13164
359 13 11958 1 12670
360 7 1816 1 2287
361 9 5330 2 6102
362 13 2873 1 3597
363 7 11122 2 11362
364 34 6362 3 6558
365 5 8362 1 8703
366 30 4908 1 5323
367 16 18 1 287
368 12 18072 5 18268
369 7 5798 1 6192
370 7 6955 5 7324
371 27 466 1 681
372 27 5556 3 5692
373 4 8075 1 8437
374 5 15288 2 15782
375 13 18072 1 18786
376 18 2652 1 2949
377 2 11630 1 11948
378 9 13566 1 13725
379 35 17614 6 17725
380 13 16777 1 16971
381 26 15831 2 16347
382 28 5798 1 6243
383 18 2012 1 2390
384 3 14317 1 14817
385 40 6955 1 7230
386 26 11958 2 12481
387 4 4353 2 4770
388 24 4415 4 4424
389 18 16470 2 16603
390 4 9442 3 9715
391 35 1816 5 2341
392 4 16470 2 16525
393 15 9442 1 9982
394 17 15288 1 15432
395 5 16397 1 16860
396 32 8075 1 8130
397 26 11630 2 12068
398 15 14839 1 14884
399 26 5609 1 5798
400 8 10460 4 10636
401 16 6362 2 6802
402 40 4143 2 4566
403 16 17004 7 17544
404 26 8362 2 8751
405 36 10378 3 10395
406 24 5798 3 5975
407 16 11362 6 11821
408 9 15288 1 15647
409 26 11288 1 11340
410 30 16397 1 16430
411 5 6362 2 6707
412 40 11197 1 11353
413 14 10841 2 11002
414 17 1816 1 2356
415 16 4032 2 4550
416 8 14248 1 14600
417 5 1621 1 1951
418 30 15288 2 15334
419 34 10810 3 11263
420 15 4032 2 4316
421 7 568 1 726
422 26 2652 1 3365
423 26 16347 1 16887
424 26 3294 2 3672
425 28 10513 2 11054
426 8 11674 2 11958
427 13 18072 1 19092
428 14 17614 1 18086
429 13 4342 1 4817
430 26 8362 1 10295
431 5 121 1 363
432 27 6955 3 7503
433 13 8381 1 9253
434 7 2138 1 2319
435 14 10810 1 11067
436 18 11958 2 12119
437 14 6362 1 6716
438 7 14317 5 14685
439 13 5556 1 6055
440 14 3597 3 4015
441 32 9968 1 10199
442 9 1477 2 1908
443 33 14248 1 14594
444 7 3597 1 3752
445 17 17568 1 17584
446 3 13566 2 13772
447 30 1689 1 1711
448 17 9442 1 9661
449 15 568 2 964
450 35 8381 6 8920
451 7 14839 2 15172
452 16 15288 1 15450
453 8 6362 1 6594
454 12 287 5 628
455 14 8075 5 8592
456 26 1816 1 2316
457 13 13666 1 14208
458 9 10691 1 10841
459 7 2602 2 2882
460 16 13099 7 13431
461 3 2602 2 2858
462 5 2138 2 2386
463 27 14685 1 15089
464 24 14208 3 14513
465 4 466 4 699
466 7 3021 1 3064
467 16 16975 1 17004
468 14 65 4 459
469 26 6362 2 6778
470 16 1477 1 1818
471 13 199 1 969
472 13 969 1 1346
473 40 13099 2 13256
474 36 8075 1 8285
475 22 3597 4 3876
476 17 3672 1 3917
477 7 7930 2 8174
478 3 4996 1 5362
479 32 4559 4 5079
480 23 1621 1 2045
481 13 10378 1 10460
482 26 17568 1 17971
483 30 10810 1 11243
484 26 16347 4 16857
485 16 4908 2 5454
486 3 4032 2 4414
487 7 8362 1 8633
488 30 1477 1 1689
489 2 3365 4 3906
490 24 5798 1 5896
491 30 13725 1 13768
492 4 2138 1 2501
493 33 6362 2 6490
494 26 4353 2 4682
495 30 8362 2 8899
496 7 16975 4 17313
497 40 10810 3 11162
498 30 5556 1 5872
499 13 6488 1 6792
500 17 1346 1 1461
501 30 8075 1 8328
502 8 14685 3 14908
503 22 14839 2 15021
504 22 13566 7 13899
505 2 1477 2 1497
506 26 13339 1 13815
507 18 16608 1 16694
508 26 8855 2 9442
509 27 5609 1 5960
510 30 2602 1 2755
511 33 15288 1 15659
512 16 5556 1 5769
513 26 6955 1 7465
514 18 13136 1 13515
515 34 699 3 844
516 35 9442 2 9979
517 26 7930 3 8202
518 5 11362 1 11833
519 12 1621 6 1760
520 30 10378 2 10521
521 4 1621 3 1999
522 26 11362 1 11674
523 25 6792 1 6894
524 22 3365 3 3914
525 36 17561 2 18011
526 13 3597 2 4105
527 30 16347 1 16641
528 40 14685 2 14809
529 26 6362 1 6979
530 27 2475 2 2781
531 4 3365 2 3417
532 34 4996 1 5065
533 7 3597 1 3758
534 21 16777 3 17198
535 26 8075 1 8260
536 27 15288 3 15835
537 4 11958 1 12397
538 5 6362 1 6416
539 26 4682 1 4786
540 5 14685 3 15140
541 26 4032 2 4143
542 40 11362 2 11493
543 13 17506 1 17657
544 29 13566 1 13904
545 40 9442 2 9718
546 15 9442 1 9944
547 7 9442 3 9506
548 25 11122 6 11493
549 13 194 1 749
550 4 5857 1 6242
551 5 8381 1 8707
552 4 1477 4 1621
553 26 969 1 1024
554 4 15288 1 15592
555 4 8855 1 9109
556 21 13725 1 14078
557 7 11362 3 11878
558 8 16397 1 16624
559 33 121 1 473
560 26 4559 2 5005
561 9 4908 3 5330
562 4 14208 4 14593
563 7 10460 2 10759
564 35 6362 4 6682
565 25 15288 1 15424
566 26 13566 1 13984
567 36 11122 1 11298
568 34 13136 1 13642
569 13 3294 1 3341
570 8 6792 3 7228
571 4 16777 4 17117
572 26 1601 2 1935
573 27 4908 1 5232
574 34 13566 1 13609
575 27 16777 1 17056
576 30 11362 1 11787
577 7 67 1 568
578 32 4032 4 4246
579 32 13099 2 13406
580 7 10691 3 10819
581 32 11674 2 12190
582 4 9442 2 9841
583 4 2602 1 2642
584 27 16975 3 17371
585 40 3021 2 3131
586 13 5143 1 5164
587 26 1191 1 1477
588 30 784 2 1126
589 32 16347 2 16696
590 15 4105 1 4387
591 4 12481 2 12633
592 26 1952 1 2010
593 17 17614 3 17649
594 4 15288 2 15822
595 36 1816 1 1903
596 34 2602 4 3021
597 32 6792 1 7147
598 34 15288 4 15492
599 14 12 2 542
600 27 16347 1 16874
601 13 6362 2 6407
602 30 466 1 739
603 7 17004 2 17530
604 26 14656 1 14839
605 30 11362 1 11502
606 25 1621 5 2160
607 7 3294 1 3642
608 13 1601 1 2138
609 25 3365 1 3670
610 15 17506 2 17743
611 25 1816 2 2165
612 22 6362 4 6542
613 22 17506 3 17794
614 32 4342 2 4548
615 34 5556 1 6014
616 9 6362 1 6488
617 26 11958 1 12432
618 13 14208 2 14248
619 26 13099 2 13566
620 22 16347 2 16698
621 26 7534 1 7544
622 7 4342 1 4457
623 24 13136 1 13304
624 5 14641 1 15000
625 32 466 1 847
626 13 14248 1 14702
627 16 11122 2 11180
628 22 6792 1 7121
629 26 9968 1 10378
630 26 1477 1 1816
631 32 8305 1 8657
632 5 16777 2 17227
633 3 8075 1 8210
634 26 7696 3 7863
635 26 3672 1 4032
636 27 11362 1 11713
637 13 5330 1 5684
638 7 13815 5 14031
639 16 466 1 723
640 15 9968 3 10283
641 7 14685 3 14822
642 27 9968 4 10383
643 21 11362 3 11448
644 4 8362 3 8794
645 7 3021 1 3434
646 7 6729 3 7155
647 13 7696 1 7715
648 5 8855 1 9075
649 4 10841 1 10919
650 14 13566 4 13821
651 24 14248 3 14639
652 39 5857 2 5915
653 30 6362 1 6500
654 26 5005 1 5541
655 13 11122 1 13136
656 35 3672 5 3809
657 4 1621 2 2057
658 4 10460 1 10607
659 30 13666 1 14000
660 5 16975 1 17395
661 5 3597 2 3700
662 9 14685 2 15241
663 34 17004 2 17457
664 13 4996 1 5143
665 26 8075 2 8362
666 17 4996 2 5348
667 4 2652 1 2756
668 5 14343 2 14629
669 21 1191 1 1659
670 26 1191 2 1574
671 4 499 2 913
672 8 10810 1 11348
673 26 784 3 836
674 26 10810 1 11192
675 8 4996 3 5071
676 16 784 4 977
677 26 12734 1 12824
678 7 3021 2 3198
679 14 2602 1 2762
680 35 7861 6 8359
681 26 14839 1 15288
682 18 4996 1 5537
683 27 3341 1 3814
684 4 14208 1 14656
685 16 3294 2 3668
686 32 7696 2 7780
687 22 1621 2 1819
688 26 5556 2 5609
689 22 14208 2 14284
690 30 4559 2 4632
691 17 1477 2 1740
692 3 15831 1 16277
693 13 4996 1 5509
694 34 8075 2 8118
695 9 69 1 761
696 32 15679 2 15763
697 5 3597 2 3690
698 40 13725 2 14101
699 8 23 1 99
700 8 2602 1 2753
701 30 2602 1 3064
702 8 5556 3 5996
703 3 12734 2 13067
704 16 7696 1 7947
705 3 6362 2 6694
706 30 11134 1 11355
707 15 7696 4 7721
708 26 152 3 466
709 16 12824 1 12979
710 2 8260 2 8631
711 29 11362 1 11801
712 4 4996 2 5223
713 22 11362 2 11628
714 4 10762 1 11097
715 13 5857 1 6113
716 35 5556 3 5983
717 23 4996 1 5193
718 4 3597 3 3755
719 7 17561 1 17940
720 4 8362 2 8595
721 30 15288 2 15735
722 27 10841 3 11231
723 5 194 1 709
724 22 10810 2 11146
725 33 2138 2 2425
726 26 9442 3 9968
727 26 2475 1 2652
728 7 15288 1 15827
729 7 8855 1 9398
730 13 15831 1 16306
731 35 12824 1 13153
732 32 13566 2 14065
733 40 3021 1 3537
734 9 10841 1 11968
735 7 17506 2 17737
736 36 6362 2 6559
737 7 6362 1 6726
738 26 466 1 784
739 16 16608 1 17141
740 30 4143 2 4402
741 26 6792 1 6955
742 5 5857 2 6303
743 5 11288 1 11752
744 26 15679 1 15720
745 27 8855 1 9248
746 17 1346 1 1381
747 33 14839 2 15072
748 15 3597 3 4059
749 27 3021 2 3330
750 16 12481 1 12726
751 26 16397 1 16975
752 25 5798 4 6022
753 2 13666 2 13798
754 16 5857 1 6286
755 9 6488 2 6820
756 14 14839 3 14876
757 34 11630 2 11960
758 7 16397 3 16756
759 7 1346 3 1739
760 32 15831 1 16033
761 26 9442 1 9850
762 34 14685 1 15057
763 13 6113 2 6577
764 26 5848 2 6729
765 24 4908 5 5184
766 26 1816 1 2012
767 26 15288 2 15354
768 16 13566 4 13886
769 10 15543 7 15797
770 7 10378 2 10816
771 24 6846 1 7063
772 15 4143 2 4600
773 34 9968 2 10350
774 15 13666 4 14064
775 13 4908 2 4996
776 13 14839 1 14927
777 27 11958 4 12016
778 33 17568 1 18113
779 27 13566 1 13880
780 7 10810 1 11267
781 33 2652 1 3136
782 7 10841 2 11386
783 30 8075 1 8467
784 26 8260 1 8305
785 7 1601 3 1982
786 21 2652 1 2671
787 8 13566 3 13699
788 7 1477 2 1731
789 5 8075 2 8102
790 26 1952 1 2271
791 30 14685 1 14959
792 14 4908 1 5142
793 26 5857 2 6362
794 5 7696 3 7878
795 32 9442 1 9960
796 7 10513 1 10541
797 9 2602 1 3379
798 18 6362 2 6497
799 40 14208 2 14588
800 9 17004 1 18100
801 7 3597 1 3711
802 32 14839 1 15111
803 25 6955 5 7391
804 34 13666 1 14200
805 6 3341 3 3546
806 21 10513 3 10880
807 4 969 1 1245
808 9 13725 3 14657
809 4 17614 1 17665
810 26 4143 2 4559
811 26 8305 1 8855
812 8 17004 1 17324
813 17 11958 1 12302
814 35 14839 2 15123
815 5 2138 1 2382
816 4 10513 5 10841
817 24 6955 2 7159
818 32 2138 2 2459
819 14 1601 2 1745
820 14 11674 3 12141
821 32 2873 2 3002
822 24 16470 6 16734
823 32 487 1 492
824 33 1346 1 1390
825 21 8362 2 8824
826 26 3365 1 3580
827 15 13666 1 13768
828 14 5798 3 6075
829 36 1621 2 1668
830 13 7696 1 7861
831 3 4908 2 4939
832 32 16777 1 17288
833 5 9442 4 9647
834 26 7465 1 7930
835 34 14208 2 14501
836 7 9442 2 9759
837 5 11958 1 12365
838 5 5798 1 6332
839 8 15831 2 16295
840 35 10378 4 10500
841 35 15543 5 15566
842 24 2138 1 2255
843 40 568 2 687
844 26 11288 2 11660
845 13 9442 1 10513
846 4 18072 1 18237
847 7 4143 3 4391
848 16 8362 6 8465
849 36 13136 4 13195
850 13 5798 1 6074
851 9 3672 1 4617
 调度评估结果
1. 任务等待评估 (Σ 等待×权重): 17175981
2. 任务完成评估 (最大完成时间): 19092
3. GPU显存空闲评估 (平均空闲): 7449.72 GB/时间片
 额外统计
已调度任务               : 851/851
平均等待时间            : 2889.73
各服务器任务分布      : 服务器2=7, 服务器3=12, 服务器4=56, 服务器5=37, 服务器6=6, 服务器7=60, 服务器8=21, 服务器9=23, 服务器10=1, 服务器11=2, 服务器12=12, 服务器13=76, 服务器14=26, 服务器15=21, 服务器16=37, 服务器17=17, 服务器18=21, 服务器19=1, 服务器21=8, 服务器22=19, 服务器23=8, 服务器24=22, 服务器25=16, 服务器26=112, 服务器27=39, 服务器28=9, 服务器29=3, 服务器30=38, 服务器32=38, 服务器33=12, 服务器34=32, 服务器35=24, 服务器36=15, 服务器39=1, 服务器40=19
