1 6 7042 3 7843
2 6 917 1 1166
3 6 596 1 917
4 7 917 3 1336
5 6 5217 2 5434
6 7 5695 5 5823
7 1 917 4 1203
8 4 284 1 321
9 5 443 3 987
10 7 7625 2 7731
11 6 5781 3 6312
12 6 356 2 596
13 6 2993 1 3286
14 7 8160 1 8391
15 1 3620 5 3848
16 6 2993 3 3620
17 5 177 1 294
18 5 119 4 382
19 2 1129 1 1488
20 5 7625 2 7790
21 6 8081 1 8562
22 6 7377 1 7625
23 6 151 3 340
24 5 5781 2 6133
25 6 3620 1 3731
26 7 5217 2 5670
27 2 3620 1 3763
28 2 8035 5 8572
29 6 6981 1 7377
30 3 917 2 1266
31 4 3620 1 4125
32 6 6981 1 7042
33 6 596 4 1129
34 6 4785 1 5217
35 6 1129 1 2993
36 6 7731 1 7886
37 4 6981 1 7001
38 6 399 1 839
39 6 6537 2 6981
40 6 8175 1 8760
41 7 3620 7 3652
42 6 3620 1 4785
43 6 8035 3 8160
44 7 3620 1 4191
45 6 5217 1 5695
46 7 7731 3 8262
47 5 1129 4 1422
48 5 7625 2 8068
49 5 3620 4 4034
50 6 8081 1 8500
51 6 7625 1 8035
52 1 8035 1 8343
53 6 5984 1 6537
54 7 5781 1 6157
55 6 7886 2 8081
56 1 5984 3 6255
57 6 113 3 558
58 4 378 7 416
59 6 7625 1 7641
60 7 5217 2 5308
61 5 18 1 471
62 6 5695 4 5781
63 6 8160 4 8175
64 6 4785 1 5984
65 5 8035 1 8099
66 2 917 1 1344
67 1 346 2 685
68 7 406 4 761
 调度评估结果
1. 任务等待评估 (Σ 等待×权重): 1892154
2. 任务完成评估 (最大完成时间): 8760
3. GPU显存空闲评估 (平均空闲): 1455.74 GB/时间片
 额外统计
已调度任务               : 68/68
平均等待时间            : 3036.37
各服务器任务分布      : 服务器1=5, 服务器2=4, 服务器3=1, 服务器4=4, 服务器5=10, 服务器6=33, 服务器7=11
