1 34 35 1 245
2 63 3381 1 3519
3 67 24941 1 25521
4 71 11380 2 12057
5 51 15430 1 16050
6 56 3672 2 3884
7 66 35777 3 36357
8 51 17190 1 17304
9 44 14416 2 15224
10 43 27906 1 28055
11 62 16216 1 16735
12 22 35125 5 35378
13 41 20938 2 21714
14 45 34076 1 34311
15 66 14102 2 14647
16 35 819 4 1640
17 7 21826 1 22281
18 40 21615 1 22183
19 4 17531 1 17695
20 49 25257 1 25467
21 4 18565 1 19201
22 45 33188 1 33987
23 21 20236 1 21720
24 41 3680 2 4019
25 3 10768 1 10906
26 31 28482 2 28950
27 40 28397 2 28768
28 33 28397 1 28864
29 57 5811 1 6554
30 4 35125 1 36088
31 22 35406 1 36973
32 35 28397 1 28979
33 19 29268 4 29980
34 36 8658 1 8861
35 5 2626 3 3022
36 18 22500 1 23055
37 2 31452 1 31890
38 17 18903 1 19650
39 73 7610 1 8577
40 2 7175 3 7560
41 28 33818 1 34192
42 7 27005 1 27717
43 11 12057 2 13032
44 42 4202 2 4949
45 1 4216 3 4413
46 38 6098 1 6255
47 56 15938 1 16213
48 50 28397 1 28858
49 7 10579 1 10844
50 35 15430 1 16259
51 19 31452 3 31762
52 73 20678 2 20820
53 71 6098 1 6758
54 18 20678 1 21258
55 15 27005 1 27106
56 15 13641 1 14152
57 19 18903 2 19394
58 18 1612 2 2587
59 45 3347 1 3540
60 71 25257 1 26159
61 72 26159 1 26488
62 49 33463 2 33838
63 8 35125 1 35840
64 63 10744 1 10869
65 35 3680 2 4278
66 34 35406 1 36007
67 20 9736 1 9886
68 34 26596 1 26856
69 34 3994 1 4462
70 64 11380 3 11736
71 9 15938 1 16801
72 24 33696 1 34616
73 5 7175 3 8097
74 58 11297 2 11420
75 1 18849 1 19233
76 68 33135 3 33374
77 50 7995 1 8950
78 49 26596 1 27250
79 2 28397 3 29383
80 6 15430 1 15818
81 61 35125 4 35521
82 43 33524 2 33756
83 49 9600 2 9948
84 67 20236 1 20421
85 63 6026 1 6919
86 33 14416 4 15065
87 64 7547 2 8357
88 70 5711 1 7131
89 44 5310 3 5849
90 21 1184 1 1907
91 63 15938 1 16705
92 8 29824 2 30350
93 67 28444 1 29375
94 50 23497 1 23853
95 36 13492 1 14498
96 8 18954 1 19309
97 46 32221 5 32711
98 49 9263 3 9712
99 58 4744 1 5524
100 8 35843 1 36171
101 29 28444 1 28608
102 61 34315 1 35026
103 68 29159 3 29459
104 56 9948 1 10604
105 44 15430 2 16238
106 43 16700 1 17136
107 61 32221 2 32720
108 70 23078 1 23296
109 27 35375 4 36060
110 30 17190 2 17478
111 35 27906 4 28406
112 2 12057 4 12887
113 13 35636 1 36124
114 49 6730 1 7342
115 42 10579 1 11498
116 24 25257 1 25764
117 63 14139 1 14992
118 60 9736 3 9858
119 65 16531 1 17263
120 57 11228 1 11320
121 11 16216 1 17072
122 52 21826 1 22144
123 3 30012 5 30965
124 30 12057 1 12175
125 57 14416 1 14833
126 1 23714 2 23844
127 34 24784 1 25447
128 43 669 1 1377
129 49 23078 3 23165
130 67 23998 1 24654
131 50 26090 1 27032
132 49 26090 1 26438
133 73 16700 2 16895
134 34 444 1 1369
135 51 26596 2 27057
136 8 26596 1 26951
137 63 72 1 810
138 64 5310 4 6124
139 71 10744 2 11179
140 36 20938 1 21105
141 52 29288 1 29628
142 2 18212 4 18455
143 53 27906 1 28635
144 56 112 2 339
145 18 12730 1 13227
146 49 14416 1 14580
147 12 28200 2 28370
148 4 1832 1 2526
149 11 15938 1 16751
150 23 21332 1 21760
151 65 12941 1 13710
152 15 23078 3 23682
153 45 25809 1 26467
154 64 28858 2 29196
155 52 4467 3 5102
156 52 7175 1 7656
157 31 17234 1 17748
158 44 23078 3 23566
159 64 1612 1 2258
160 67 10768 2 11133
161 49 21615 1 22072
162 60 7175 1 8000
163 6 4467 1 5090
164 45 7360 2 8164
165 45 18814 1 19593
166 34 5700 1 6527
167 49 5711 1 6998
168 51 31452 2 31595
169 40 11228 1 11968
170 18 6730 2 7447
171 21 24337 2 24740
172 18 28397 1 29281
173 53 25257 1 25512
174 28 8861 1 9500
175 66 6730 2 7179
176 19 33135 4 34037
177 16 10579 2 11052
178 36 30012 1 30638
179 3 33188 1 33556
180 62 47 1 830
181 28 15430 1 16104
182 5 27005 1 27898
183 39 11297 1 12121
184 69 13609 1 14366
185 17 11380 1 12015
186 45 21303 1 22066
187 22 20245 5 21132
188 45 1612 2 2245
189 2 4893 1 5436
190 1 3107 1 4010
191 69 16700 1 16837
192 58 7175 1 7418
193 56 17190 3 18015
194 19 26596 2 27427
195 28 4202 1 4707
196 36 1184 2 1612
197 26 15430 1 16162
198 50 2997 1 3264
199 33 20245 3 21045
200 65 3107 2 3834
201 57 10714 1 10996
202 1 25487 2 25818
203 46 29288 4 29539
204 15 14416 1 14905
205 67 23714 2 23941
206 4 28858 1 29043
207 71 15942 1 16099
208 61 38 1 299
209 64 29824 2 30048
210 72 27542 4 28298
211 50 21853 1 22500
212 46 35375 4 35609
213 40 23078 2 23853
214 55 8658 2 9510
215 69 9263 1 10224
216 21 6098 1 6794
217 34 27496 1 27757
218 36 21615 1 22153
219 61 16578 4 17475
220 65 27906 1 28076
221 71 33135 1 33979
222 8 9783 1 10191
223 62 20946 1 21050
224 45 35375 1 36074
225 62 28858 1 29581
226 8 27906 1 28356
227 40 24337 2 24951
228 65 23941 1 24405
229 42 3680 3 3828
230 49 32848 1 33463
231 40 25257 3 25750
232 42 9736 2 10388
233 8 24618 1 25300
234 1 18565 1 18800
235 29 34315 1 34966
236 72 6026 2 6637
237 53 7610 1 7696
238 51 25359 2 25487
239 47 5447 3 5881
240 62 33135 2 33776
241 32 29268 1 29906
242 24 15430 1 16231
243 5 30012 4 30404
244 6 1832 1 2321
245 11 15430 2 16196
246 65 35375 2 36195
247 65 12057 1 12341
248 36 25995 1 26708
249 17 8488 1 8750
250 65 6730 1 7270
251 53 14416 1 15393
252 33 26090 1 26484
253 65 15430 1 16531
254 58 32848 2 33264
255 53 4893 1 5828
256 1 5310 3 5947
257 11 34315 2 34797
258 31 27005 1 27935
259 57 9263 1 10017
260 41 32221 2 32587
261 18 30012 1 30103
262 50 35375 1 35603
263 45 669 2 930
264 15 29288 1 29537
265 1 6026 4 6562
266 36 908 2 1184
267 7 34315 1 35802
268 58 12057 1 12822
269 22 16041 4 16229
270 64 23714 3 24704
271 27 19876 5 20154
272 71 7952 1 8528
273 1 669 1 1600
274 33 35125 1 35777
275 9 8136 1 8879
276 62 1829 1 2665
277 18 21332 1 21604
278 15 22517 1 23212
279 63 10876 1 11299
280 52 25257 1 25552
281 70 13173 1 13655
282 24 21714 1 22396
283 62 19876 2 20591
284 28 23078 1 23320
285 49 4895 1 5843
286 65 33696 1 33912
287 22 25809 5 26317
288 52 18903 1 19035
289 49 12057 1 12410
290 71 23078 1 23714
291 41 9736 1 9978
292 18 27467 2 28194
293 43 21853 3 22764
294 25 18212 1 19073
295 41 8861 1 9089
296 64 6730 1 7484
297 25 24618 1 24765
298 65 3313 1 3994
299 58 30012 1 30285
300 32 22375 1 22894
301 50 15942 1 16487
302 72 5700 3 5926
303 44 30454 2 30855
304 32 5310 1 5815
305 5 13609 1 13760
306 71 23714 1 23796
307 50 35656 2 36604
308 45 28397 2 29315
309 42 13641 3 14332
310 45 5310 2 5946
311 64 20245 1 20596
312 7 11228 1 11422
313 36 16578 1 17241
314 1 27467 1 28231
315 60 19580 1 20165
316 23 12057 1 12563
317 67 13707 1 13849
318 69 15430 1 16091
319 29 20938 1 21623
320 64 9621 1 10290
321 41 5 1 393
322 28 27005 1 27597
323 17 20938 1 21816
324 44 3313 2 4104
325 56 5811 1 6475
326 60 11228 2 12194
327 8 25339 1 26266
328 39 1829 1 2821
329 31 18212 1 18784
330 36 9948 1 10744
331 19 7610 3 7818
332 32 28858 1 30295
333 11 18565 2 18766
334 60 15430 3 16218
335 32 19876 1 20754
336 63 29494 1 29921
337 21 3994 2 4448
338 19 8136 4 8323
339 21 30454 2 30850
340 1 21826 2 22072
341 13 27005 3 27613
342 60 20236 1 20967
343 30 7995 3 8544
344 49 23714 1 24138
345 16 32848 1 33452
346 37 16700 2 16897
347 29 8658 1 9263
348 29 18814 1 19174
349 9 33135 1 33780
350 31 33463 2 33858
351 34 1612 1 1694
352 23 29288 1 29511
353 52 17469 1 17824
354 33 33524 3 34393
355 50 2108 1 2684
356 19 7360 1 7462
357 17 15430 1 15561
358 55 33912 4 34335
359 12 26596 2 27221
360 11 28827 2 29763
361 17 33696 2 34623
362 29 23714 1 24136
363 5 14102 1 14868
364 8 12057 1 12666
365 29 35375 1 36363
366 20 70 1 204
367 29 30686 1 30937
368 36 11228 1 12089
369 11 27005 4 27244
370 41 14530 2 15220
371 9 32221 1 32768
372 62 33463 1 34315
373 18 32848 2 33557
374 60 25627 2 26123
375 65 5394 2 5744
376 8 29268 2 29824
377 26 12135 1 12249
378 15 11380 2 11714
379 29 13707 1 14749
380 39 25339 1 25859
381 61 10579 2 10732
382 68 7175 5 7892
383 39 33696 1 33801
384 73 15938 2 16334
385 67 75 1 702
386 65 19365 1 20249
387 28 12057 1 13005
388 73 29159 1 29702
389 30 33188 2 33386
390 31 2997 1 3129
391 41 14102 1 14530
392 62 22375 1 23371
393 50 10579 1 10988
394 30 1612 1 2588
395 43 2279 1 3225
396 57 0 1 444
397 46 26596 3 27012
398 15 14102 3 14782
399 2 25257 3 25525
400 18 673 1 1174
401 8 19365 2 20245
402 11 24680 1 25005
403 24 19876 1 20111
404 63 5341 1 6026
405 55 12921 1 13173
406 49 26596 2 26799
407 35 8136 4 8500
408 28 17190 1 17797
409 19 56 2 243
410 43 20938 4 21398
411 29 19876 1 20476
412 5 33696 1 33847
413 72 1184 1 2035
414 65 14102 2 15054
415 11 17722 2 18565
416 25 20678 1 21061
417 17 4216 1 4934
418 29 26090 1 26895
419 46 1184 2 1850
420 8 28827 1 29163
421 44 25257 1 26012
422 57 12135 3 12649
423 43 11454 3 12228
424 65 13173 1 13561
425 22 6431 1 7104
426 51 12135 1 12608
427 73 12921 4 13569
428 22 22153 4 22481
429 64 35125 3 35280
430 55 35125 4 35941
431 40 1856 4 2599
432 9 3994 1 4102
433 31 9263 2 9672
434 43 17190 1 17856
435 22 5447 1 6431
436 9 10714 1 11341
437 49 27005 1 27665
438 64 24792 1 25145
439 11 28397 1 29093
440 41 25257 2 26200
441 7 18565 1 19153
442 34 27906 1 28280
443 58 12921 1 13548
444 57 32848 1 34606
445 34 17190 1 17703
446 6 10714 1 10905
447 51 18565 3 18779
448 51 14416 2 15177
449 32 4467 2 4795
450 44 21853 2 22390
451 33 16578 1 17203
452 45 4202 1 4934
453 22 17722 3 18035
454 49 12135 1 12844
455 73 33188 4 33677
456 16 27467 2 27788
457 50 12135 2 13010
458 65 24291 2 25072
459 63 17722 1 18137
460 44 33135 3 33563
461 56 4895 1 5660
462 46 23929 5 24055
463 32 2279 2 2562
464 52 31452 1 31971
465 67 35125 1 36125
466 39 32221 1 32893
467 33 35125 1 35361
468 71 3994 2 4939
469 62 8658 1 8884
470 7 23998 1 25384
471 63 31452 1 32221
472 57 18212 2 19020
473 32 17190 1 17520
474 71 6730 1 7663
475 29 3672 1 4480
476 5 17190 2 17378
477 35 33188 5 34136
478 43 17190 3 17492
479 58 31452 2 32346
480 68 13173 4 13642
481 58 33463 2 34055
482 16 16578 1 16913
483 49 15430 1 15543
484 62 27005 1 27841
485 65 4895 1 5104
486 45 26596 1 27361
487 24 19438 1 19657
488 18 24291 1 25066
489 1 9736 1 10564
490 71 2108 1 2677
491 7 19438 1 20146
492 53 645 1 1050
493 10 2279 1 2546
494 41 23929 1 24435
495 45 9736 1 10302
496 58 27906 2 28164
497 40 32221 4 33100
498 65 12057 1 12730
499 17 23941 3 24204
500 49 21256 1 21597
501 26 9263 1 9980
502 34 33696 1 33840
503 12 1856 1 2809
504 50 5700 2 5823
505 71 6026 1 6657
506 7 4893 1 5083
507 51 1612 1 2163
508 49 34315 1 34469
509 53 22500 1 22969
510 65 21618 1 22048
511 15 21433 3 22110
512 36 25627 1 25995
513 68 66 5 603
514 5 25257 1 25372
515 9 34315 1 34661
516 26 7360 1 8164
517 15 8658 1 9415
518 52 27005 1 27158
519 29 1829 1 2045
520 26 21433 1 21747
521 24 9948 1 10589
522 35 4216 1 4472
523 65 28482 1 28908
524 17 21714 3 21966
525 33 32848 1 33267
526 72 2997 1 3683
527 24 22500 1 23391
528 32 15942 1 16045
529 44 35125 3 35376
530 67 28070 2 28377
531 60 10876 1 11086
532 50 14416 2 14827
533 60 3499 2 4403
534 34 22239 1 23190
535 22 28827 1 29054
536 11 29159 2 29553
537 50 3672 2 4528
538 6 14139 1 14535
539 39 30012 1 30568
540 73 27906 1 28162
541 1 12730 4 12930
542 22 31452 2 31842
543 35 11454 4 11978
544 57 24291 2 24529
545 8 23929 1 24618
546 28 19580 1 20310
547 51 34315 1 34796
548 8 14102 1 14267
549 58 23078 2 23270
550 69 4216 1 4373
551 51 23714 2 24189
552 9 645 1 1636
553 7 9263 1 10054
554 49 12730 3 13591
555 2 30454 3 31137
556 2 20678 3 21001
557 18 15430 1 15696
558 36 24437 1 25339
559 32 18565 2 18728
560 57 28827 2 28981
561 70 7175 1 7952
562 1 4895 1 5045
563 23 26090 1 26298
564 18 17190 2 17426
565 3 21332 1 21839
566 18 12057 1 12694
567 16 23714 1 24019
568 51 7610 3 7842
569 45 8658 1 8952
570 35 12135 1 12809
571 47 22332 4 23186
572 50 19580 1 20088
573 2 23078 4 23655
574 69 26596 1 27581
575 62 21050 3 21728
576 66 2004 2 2701
577 5 20938 1 22350
578 34 12730 1 13689
579 20 18212 3 18300
580 8 8488 1 9783
581 24 8488 1 8855
582 70 33135 1 33219
583 30 29288 3 30249
584 11 22169 1 23078
585 70 3680 1 4565
586 57 13492 1 14374
587 71 27906 2 28827
588 11 9736 1 10714
589 26 35406 1 36222
590 51 25487 4 26323
591 27 33135 3 33335
592 72 21826 2 21924
593 64 21714 1 22566
594 63 13492 1 13590
595 22 27467 2 28199
596 62 10714 2 11411
597 26 33135 1 33510
598 6 27005 1 27147
599 63 33696 1 33818
600 45 18212 1 18541
601 21 19580 1 19670
602 44 4 3 308
603 29 24337 1 24834
604 32 1829 1 2116
605 53 28858 1 29803
606 2 6026 4 6175
607 11 673 1 1027
608 19 14129 3 14469
609 40 15942 1 16059
610 45 10579 1 11394
611 44 12730 1 13147
612 65 33912 2 34398
613 33 6098 2 6548
614 49 6431 2 6529
615 33 7738 3 7961
616 53 27005 1 27623
617 30 10579 3 11015
618 45 2245 2 3217
619 50 26596 2 27080
620 44 13492 3 14317
621 71 24337 1 24899
622 62 20678 2 20768
623 57 1612 1 1832
624 58 11454 1 11774
625 44 32221 3 32768
626 4 20938 1 21436
627 35 29494 2 30128
628 17 1612 4 2446
629 27 24291 2 24790
630 64 33696 1 33949
631 67 29159 1 29494
632 50 113 1 515
633 11 19438 2 19768
634 11 10714 3 11531
635 17 12730 1 13585
636 13 4898 1 5432
637 8 3313 1 3877
638 7 20678 1 21340
639 58 10316 1 11236
640 42 17531 2 18399
641 49 4202 1 4493
642 37 21045 1 21876
643 63 16705 1 17517
644 52 15430 1 15814
645 61 20946 2 21362
646 12 121 2 221
647 45 444 1 900
648 17 9263 1 9354
649 58 33 2 632
650 5 10876 2 11061
651 63 4744 1 5341
652 56 5700 1 5879
653 65 17263 1 18939
654 45 28024 1 28280
655 69 22153 1 22868
656 14 22239 2 22397
657 28 22169 1 22550
658 52 3672 1 3863
659 50 11454 2 11753
660 50 13707 1 14365
661 24 61 1 635
662 1 14102 1 14655
663 7 17722 1 18442
664 12 17190 3 17488
665 2 9736 1 10582
666 56 1856 1 2821
667 5 9263 1 10063
668 33 19131 2 19486
669 3 1856 3 2204
670 57 21948 1 22615
671 17 29288 1 30091
672 2 15942 2 16560
673 52 12921 4 13147
674 51 4467 1 4842
675 69 18565 1 19431
676 5 8658 1 8821
677 9 25257 1 25926
678 6 12921 1 13847
679 49 1029 1 1528
680 6 12057 1 12826
681 21 70 1 373
682 19 23929 2 24887
683 44 26596 2 27243
684 18 21714 2 22291
685 11 20946 3 21541
686 56 1612 1 2529
687 51 21045 3 21874
688 70 14102 1 14341
689 3 5700 2 5905
690 32 10579 1 11085
691 63 1612 1 1856
692 39 20938 1 21909
693 41 12135 2 12286
694 35 5811 2 6525
695 67 30454 2 30723
696 59 10579 3 11075
697 64 3994 2 4753
698 50 30454 2 30636
699 63 35125 1 36327
700 34 27005 1 27425
701 22 12730 1 13627
702 72 645 1 1133
703 32 20938 1 21036
704 53 2108 1 3030
705 11 24291 1 24680
706 65 5916 2 6634
707 46 2279 3 2859
708 33 29159 1 29342
709 3 25755 4 25894
710 42 23929 3 24351
711 4 3 1 859
712 64 8488 3 9477
713 22 18212 5 18470
714 62 33858 1 34544
715 42 28858 1 29627
716 4 12730 1 13362
717 11 13173 2 13555
718 43 7799 1 8790
719 43 24437 1 25408
720 61 27005 1 27319
721 68 12057 4 13018
722 12 13735 2 14658
723 61 30686 2 31671
724 15 21256 2 21480
725 46 13609 5 13977
726 58 9600 1 9833
727 5 2108 1 2572
728 49 8136 2 8241
729 58 27005 1 27638
730 47 12921 5 13871
731 8 6730 1 7175
732 67 34113 1 35080
733 67 20678 2 20844
734 32 2626 2 3559
735 70 33524 1 34218
736 9 5310 1 5655
737 22 29159 1 30130
738 51 23078 1 23757
739 36 20236 1 20737
740 36 15942 1 16578
741 33 35777 2 36643
742 9 2626 1 3333
743 67 26674 1 27056
744 41 13255 2 13817
745 1 23929 1 24488
746 11 23078 3 24003
747 49 9948 1 10937
748 39 7360 1 8189
749 11 5721 1 6442
750 50 24337 2 24941
751 41 10579 2 11381
752 26 33696 1 33936
753 41 35375 2 35911
754 2 32848 2 33657
755 22 669 1 1179
756 21 12057 1 12568
757 8 11297 1 11877
758 6 16216 1 16874
759 36 26090 1 27251
760 51 60 1 736
761 63 24680 1 24784
762 51 19017 2 19188
763 2 25809 4 26290
764 45 15430 1 15556
765 55 34398 4 34588
766 67 18212 2 18805
767 20 16700 1 17560
768 71 28827 2 28910
769 33 6098 1 6997
770 33 3347 1 5121
771 39 5811 1 6704
772 36 14498 1 15930
773 11 13609 1 14129
774 39 4202 1 4338
775 41 12730 1 12929
776 34 33135 1 33372
777 26 21853 1 22024
778 32 25809 1 26090
779 25 7175 1 7338
780 4 7738 1 8354
781 71 34113 1 34201
782 1 2108 3 2844
783 13 3107 2 3309
784 66 33912 1 34446
785 32 14102 1 15020
786 13 15430 1 16372
787 2 11228 1 11485
788 49 237 1 793
789 58 18814 1 19130
790 13 34315 1 34452
791 41 5310 1 6202
792 66 30454 2 30638
793 43 9783 1 10586
794 62 32221 2 32586
795 62 18212 1 18731
796 56 33696 2 34297
797 49 35636 2 36215
798 41 669 1 1533
799 71 21045 2 21247
800 33 15430 4 15512
801 42 15430 1 15551
802 50 11454 1 11597
803 44 8658 2 8926
804 62 27906 2 28549
805 52 11454 4 12228
806 49 29494 2 29933
807 51 18903 2 19693
808 12 27221 3 27870
809 39 112 1 1068
810 28 14416 1 14902
811 32 6730 2 7128
812 11 32848 4 33696
813 60 18212 1 18863
814 55 5700 1 6192
815 30 3313 2 3407
816 57 3347 1 4156
817 12 7175 3 7996
818 33 11380 2 12063
819 8 3994 2 4908
820 29 15938 1 16095
821 56 14129 3 14615
822 71 21332 2 21957
823 64 33463 2 34116
824 39 33912 1 34631
825 26 10579 1 11380
826 17 28397 1 28842
827 9 7175 1 7402
828 7 23497 1 23911
829 26 30454 1 31104
830 22 35406 1 36083
831 53 8658 1 9604
832 22 7175 1 7799
833 41 18903 2 19889
834 35 20678 2 21336
835 56 669 1 1488
836 36 27542 1 28173
837 19 27542 3 28158
838 72 444 2 1313
839 61 28397 3 28502
840 11 17531 1 18488
841 65 6026 1 6730
842 56 25809 2 26687
843 60 24792 1 25410
844 39 28482 1 28864
845 62 26596 1 26777
846 17 20678 2 21633
847 17 7610 2 8360
848 61 14416 1 15206
849 21 7175 1 8015
850 41 7738 1 8444
851 43 29288 1 29454
852 2 27467 1 28160
853 55 5394 2 5594
854 69 18212 1 18430
855 1 27005 4 27458
856 72 22239 1 22488
857 44 10579 3 11480
858 36 8861 1 9736
859 57 13173 4 13397
860 61 10744 1 11482
861 61 3994 2 4966
862 40 33524 2 33669
863 52 30454 1 31372
864 51 29159 3 29655
865 36 1612 1 1832
866 19 25257 1 25582
867 67 645 2 1236
868 2 8658 1 9285
869 21 28397 1 29320
870 22 18814 1 18960
871 26 32221 1 33069
872 23 22239 1 22855
873 22 8861 3 9708
874 49 8658 1 8892
875 57 21332 3 21544
876 58 26090 1 26935
877 47 21256 4 22048
878 63 23078 1 23998
879 21 33135 1 33473
880 58 34315 2 35143
881 62 23078 2 24215
882 65 15430 1 15927
883 7 33135 1 33490
884 38 10744 1 11571
885 52 22169 3 22682
886 36 33818 1 33922
887 8 13173 1 13811
888 50 27906 2 28195
889 5 23078 2 23691
890 60 12730 1 13065
891 2 23929 1 24016
892 15 28444 1 29064
893 57 9600 4 9985
894 33 29159 1 29915
895 36 1832 1 3381
896 49 29288 1 29512
897 66 1029 2 1327
898 72 4898 4 5028
899 49 7175 1 7360
900 58 5711 1 6258
901 1 32848 1 33032
902 28 24337 1 24669
903 57 444 4 524
904 66 21433 3 22178
905 8 7610 1 8488
906 56 13255 2 13858
907 36 12921 1 13333
908 69 7547 1 8060
909 64 16216 3 16579
910 8 6026 1 6977
911 5 1829 2 2006
912 8 23929 1 24603
913 12 33463 2 34033
914 28 14139 1 14308
915 7 3994 1 4495
916 22 33912 1 34374
917 66 27005 3 27173
918 8 10316 2 11297
919 52 4895 1 5145
920 45 30686 1 31143
921 13 21853 3 22441
922 28 35125 1 35799
923 50 4589 1 5422
924 52 24291 2 25213
925 70 10714 1 11624
926 18 3680 2 3858
927 1 11297 3 11736
928 65 17263 1 17920
929 70 24792 1 25259
930 58 8658 1 8954
931 45 24680 1 24792
932 8 27005 1 27672
933 29 11228 1 12061
934 17 9736 1 10369
935 2 14129 1 14517
936 22 19438 1 20219
937 41 16700 1 17178
938 2 35125 1 35252
939 8 23078 1 23757
940 18 11454 2 11570
941 56 12135 1 12561
942 2 10744 3 11056
943 64 18212 1 18767
944 20 20938 3 21356
945 64 29288 2 29927
946 62 15430 3 16069
947 1 33858 1 34318
948 58 1029 1 1909
949 31 12730 1 13677
950 12 32221 1 33050
951 33 27467 1 28426
952 30 16578 1 17007
953 35 4589 2 4706
954 36 20678 1 20946
955 35 12730 4 13037
956 29 3313 1 3565
957 72 3107 2 3476
958 50 14102 2 14321
959 5 12730 3 13520
960 64 34585 1 35085
961 7 33696 1 34293
962 51 3107 1 3972
963 71 19876 1 20825
964 29 12135 1 12476
965 22 25257 1 25339
966 5 10579 1 10876
967 22 17190 1 17722
968 67 7175 1 7323
969 9 22169 1 22374
970 31 18814 1 19332
971 8 33135 1 33570
972 41 27467 1 28164
973 4 14416 1 15069
974 5 3313 1 3816
975 32 25257 1 25768
976 13 645 1 1427
977 45 25634 1 26536
978 68 2004 3 2834
979 50 25487 1 26087
980 36 19131 1 20236
981 69 16216 1 16653
982 67 12730 3 12834
983 24 26596 1 27212
984 22 28200 1 29138
985 72 18903 1 19432
986 49 23929 2 24291
987 30 18814 1 18944
988 70 4589 1 5479
989 73 12057 3 12866
990 68 35636 5 36321
991 17 12057 2 12568
992 34 20938 1 21899
993 44 33696 2 34377
994 13 9736 3 10277
995 23 11228 1 11783
996 53 12057 1 12380
997 23 13492 1 13591
998 43 18212 1 19072
999 8 14498 1 15041
1000 18 4202 2 5114
1001 10 444 1 1355
1002 24 18212 1 18417
1003 35 1829 1 2484
1004 12 22239 2 22775
1005 62 14139 1 14643
1006 26 28444 1 29694
1007 55 6431 2 6950
1008 66 15938 3 16586
1009 6 33463 1 33971
1010 9 12135 1 13021
1011 45 24792 2 25634
1012 24 13492 1 13806
1013 60 26596 1 27278
1014 45 35125 1 35959
1015 43 12921 2 13317
1016 16 8658 3 9205
1017 21 35375 1 35489
1018 52 28827 1 29177
1019 22 4467 1 4893
1020 36 17531 1 17958
1021 46 23078 5 23178
1022 66 32221 1 32526
1023 67 32221 1 33195
1024 53 6431 1 6732
1025 37 28397 1 28737
1026 49 1829 1 2279
1027 35 17190 1 17340
1028 51 20678 2 20842
1029 70 178 1 389
1030 23 1856 1 2659
1031 33 8136 1 8747
1032 67 18814 1 19703
1033 69 1612 1 2148
1034 27 26596 5 26769
1035 57 23497 2 24150
1036 67 15430 1 16221
1037 60 13173 3 13752
1038 26 19876 1 20678
1039 26 20851 1 21433
1040 51 9736 1 10034
1041 15 12057 3 12289
1042 40 13173 1 14125
1043 64 8658 1 9470
1044 41 26596 2 27395
1045 42 34585 1 35516
1046 44 20245 3 20820
1047 55 20678 1 21027
1048 20 18903 1 19076
1049 23 5811 1 6351
1050 70 17234 1 17358
1051 8 23078 1 23929
1052 56 23078 2 23222
1053 21 19876 1 20105
1054 15 26090 1 26983
1055 2 4202 1 4670
1056 26 34720 1 35406
1057 52 23941 1 24062
1058 36 32221 1 32600
1059 55 32326 4 32808
1060 43 14139 1 14260
1061 50 27496 2 27722
1062 6 22169 1 22293
1063 23 35375 1 35823
1064 46 8658 3 9433
1065 71 22239 1 23077
1066 21 32345 1 32738
1067 21 25809 1 26074
1068 29 10579 1 11228
1069 31 16700 3 17095
1070 17 30454 1 31263
1071 36 29288 1 31082
1072 51 8658 4 9513
1073 36 4202 1 4553
1074 55 10579 4 11246
1075 22 36 1 669
1076 72 33463 1 34277
1077 12 13173 1 13419
1078 1 20851 1 20956
1079 60 21045 1 21493
1080 7 23078 1 23436
1081 68 20678 5 20900
1082 22 7799 2 8667
1083 61 22169 1 22830
1084 46 27906 5 28706
1085 3 4467 3 4691
1086 23 18212 1 18620
1087 35 30454 1 31078
1088 24 12921 1 13186
1089 62 3313 1 4000
1090 42 40 3 273
1091 69 23714 1 24705
1092 60 5916 2 6877
1093 4 8658 1 9417
1094 8 32326 1 33482
1095 49 19438 1 20717
1096 35 2626 2 3194
1097 56 10579 1 11303
1098 49 17722 1 17966
1099 67 25257 1 25877
1100 8 20245 1 20907
1101 45 3672 2 4202
1102 43 33858 2 34252
1103 6 35636 1 36603
1104 5 34234 2 34819
1105 11 20678 1 20929
1106 6 20938 1 21371
1107 4 24792 1 25404
1108 5 18814 2 19580
1109 33 22102 3 22573
1110 70 20245 1 20722
1111 65 27263 1 27496
1112 36 18814 2 19131
1113 6 17190 1 17888
1114 33 10579 3 11362
1115 72 10876 2 11147
1116 2 1612 4 2295
1117 27 31452 4 32409
1118 61 24792 2 25772
1119 63 18212 1 19177
1120 65 22169 1 22687
1121 49 25487 2 26220
1122 22 14102 1 14777
1123 1 18212 5 18511
1124 4 4589 1 5034
1125 36 88 1 736
1126 63 3994 1 4744
1127 18 24291 1 25018
1128 43 27005 1 27180
1129 18 2626 1 3492
1130 1 15430 2 15530
1131 56 444 1 1404
1132 19 3313 4 3841
1133 45 9621 1 10825
1134 71 19876 1 20174
1135 30 32221 1 33054
1136 53 12730 1 13342
1137 9 20245 1 21138
1138 23 24792 1 25683
1139 73 28397 1 28484
1140 66 18212 3 18478
1141 31 20938 1 22104
1142 51 23929 1 24262
1143 28 444 1 743
1144 62 18903 1 19661
1145 57 4202 2 4898
1146 43 27542 3 27858
1147 62 1612 1 1796
1148 45 13641 1 13888
1149 17 16578 1 17201
1150 1 1829 1 2074
1151 65 11 1 1029
1152 41 4216 1 5114
1153 70 12135 1 12885
1154 37 34585 2 35522
1155 32 3672 2 4396
1156 29 25257 1 25655
1157 31 444 1 808
1158 55 4202 4 4755
1159 62 34585 2 34760
1160 33 1856 2 2306
1161 46 34315 3 35089
1162 53 11297 1 11644
1163 44 3107 1 3215
1164 50 1856 2 2108
1165 30 27005 2 27529
1166 63 25257 1 26378
1167 24 32848 1 33615
1168 71 44 2 443
1169 12 21853 3 22234
1170 18 31452 1 31988
1171 50 3347 1 4170
1172 55 88 2 694
1173 63 9621 1 10582
1174 47 19438 2 20186
1175 11 25809 1 26676
1176 17 32346 1 32956
1177 36 3107 1 3672
1178 51 2108 3 2375
1179 49 25487 1 25639
1180 58 9263 1 9532
1181 36 32221 1 32460
1182 27 27005 3 27556
1183 41 1856 1 2521
1184 51 28397 2 28618
1185 67 28397 1 29117
1186 36 21303 1 22153
1187 32 12921 1 14318
1188 19 10744 2 11333
1189 9 23929 1 24038
1190 7 5 1 752
1191 73 10579 2 11005
1192 70 12921 1 13066
1193 64 14102 1 15014
1194 23 33818 1 34556
1195 70 3313 1 3680
1196 19 8488 4 8865
1197 53 1184 1 1901
1198 67 19876 1 20047
1199 51 12730 2 13050
1200 43 14416 1 15054
1201 36 4589 1 4887
1202 49 16578 1 16700
1203 58 673 2 856
1204 32 23497 2 23754
1205 60 3313 1 3499
1206 44 28858 2 29497
1207 36 34076 2 34780
1208 70 28858 1 29034
1209 18 7738 1 8442
1210 51 24337 2 25192
1211 56 27906 2 28124
1212 1 1612 1 1953
1213 31 15430 2 15853
1214 27 22517 3 23415
1215 8 11454 1 12371
1216 45 22239 1 23238
1217 52 17190 2 17628
1218 8 4908 1 5310
1219 31 25257 1 25693
1220 21 17190 2 18306
1221 57 17190 4 17809
1222 61 12135 1 12718
1223 6 34720 1 35361
1224 21 13707 1 14170
1225 37 10768 1 11535
1226 65 9263 3 9600
1227 5 645 1 830
1228 16 24792 2 25072
1229 69 31452 1 32308
1230 13 130 3 631
1231 21 25257 1 25467
1232 53 15942 1 16556
1233 72 12135 2 12318
1234 51 21874 2 22109
1235 41 15430 1 16091
1236 12 4898 1 5637
1237 65 20678 1 21618
1238 57 28397 2 28927
1239 28 1856 1 2584
1240 17 35406 1 35867
1241 38 12921 1 13774
1242 73 28 1 708
1243 10 32326 1 32653
1244 6 23078 1 23788
1245 16 34315 3 34567
1246 6 31452 1 31917
1247 21 3107 1 3731
1248 36 28200 2 29159
1249 41 22239 2 22484
1250 28 23929 1 24167
1251 52 26596 1 26779
1252 62 4202 1 4622
1253 66 25257 1 25964
1254 69 23078 1 23651
1255 73 35777 1 36661
1256 73 22153 2 22849
1257 65 25487 1 25755
1258 20 33524 1 34029
1259 9 18212 1 18691
1260 11 19438 1 19925
1261 16 29824 3 30741
1262 68 32221 2 32481
1263 47 23497 1 23698
1264 27 45 2 858
1265 49 32221 1 32720
1266 18 30454 1 30841
1267 53 3381 1 4287
1268 34 7175 1 7492
1269 45 949 1 1371
1270 34 11228 1 12168
1271 32 15430 1 16236
1272 36 12057 1 12878
1273 43 4467 3 5186
1274 56 28858 2 29462
1275 4 27496 1 28010
1276 66 10579 2 11275
1277 32 6730 2 7087
1278 49 3107 1 4228
1279 2 33858 2 34729
1280 26 17190 1 17742
1281 15 13173 1 13405
1282 35 13173 2 13646
1283 49 7360 2 8136
1284 25 12730 1 13297
1285 42 12057 1 12773
1286 70 3107 1 3214
1287 65 25257 1 26526
1288 22 4893 1 5447
1289 6 20678 1 20905
1290 51 35375 4 36033
1291 32 30012 1 31561
1292 10 27005 1 27703
1293 27 14129 1 14696
1294 50 645 1 1051
1295 57 16700 2 17158
1296 52 32221 3 32965
1297 2 18565 2 19261
1298 17 14102 2 14766
1299 69 29494 1 30218
1300 33 29824 1 30240
1301 57 34720 3 34948
1302 49 23165 1 23886
1303 34 32221 1 32962
1304 49 4589 1 4895
1305 8 14416 1 15430
1306 20 10579 1 11284
1307 9 14102 1 14392
1308 21 15938 1 16056
1309 25 92 1 536
1310 58 16531 1 16787
1311 5 3994 1 4669
1312 72 18565 3 19153
1313 73 18814 4 19665
1314 45 6026 1 7297
1315 11 17241 1 17619
1316 8 7175 1 7610
1317 21 4589 2 4753
1318 22 22517 2 22830
1319 12 16578 1 17365
1320 22 12057 1 12648
1321 25 15430 1 15600
1322 5 15942 2 16638
1323 24 23929 1 24773
1324 71 26159 2 26470
1325 32 28454 1 29214
1326 26 20678 1 20851
1327 45 32848 1 33452
1328 8 35656 1 35843
1329 22 29824 1 30836
1330 52 30454 1 30808
1331 65 13609 1 14102
1332 64 39 1 727
1333 13 1856 2 2338
1334 45 13641 1 14139
1335 51 22239 1 22694
1336 17 33135 1 33323
1337 50 34315 2 34915
1338 60 35406 1 36246
1339 50 28858 1 29797
1340 61 3680 1 3868
1341 65 18903 1 19946
1342 49 12921 3 13104
1343 13 25359 1 25916
1344 5 35375 1 35888
1345 28 10579 1 11050
1346 8 28200 1 28817
1347 27 15430 5 16325
1348 52 17190 2 17302
1349 5 32848 1 33481
1350 23 20946 1 21251
1351 49 13173 2 13609
1352 50 15430 2 15886
1353 17 5447 1 5972
1354 58 14416 1 15574
1355 54 5823 4 6685
1356 70 35375 1 36097
1357 36 20946 1 21521
1358 36 21132 1 21273
1359 45 22153 1 22377
1360 22 9736 2 10726
1361 43 6026 1 6138
1362 50 12135 1 12477
1363 49 16216 3 16348
1364 66 7360 1 8180
1365 40 34585 2 34788
1366 50 9263 2 9848
1367 51 28444 1 28568
1368 26 12249 1 13098
1369 69 29159 1 29349
1370 31 1832 2 2541
1371 52 23714 4 23905
1372 22 15938 1 16776
1373 66 23929 3 24731
1374 8 27005 1 27724
1375 60 645 1 956
1376 22 16578 2 16962
1377 22 23078 1 23497
1378 7 5310 1 6424
1379 72 15942 3 16763
1380 65 26596 2 26959
1381 9 18814 1 19020
1382 65 30454 3 31026
1383 33 28482 2 28940
1384 70 7 1 178
1385 32 34076 1 34591
1386 57 4898 2 5771
1387 65 23714 1 24012
1388 8 18212 1 18832
1389 32 26090 2 26675
1390 19 12730 2 12978
1391 62 9736 2 10276
1392 18 32221 1 32376
1393 32 18814 1 19168
1394 11 11228 1 12163
1395 26 18814 1 19017
1396 53 33858 1 34250
1397 27 16700 3 17492
1398 35 17531 3 18231
1399 37 27005 2 27927
1400 58 7775 1 7994
1401 5 26596 2 26740
1402 50 116 1 652
1403 64 10579 1 11305
1404 8 3313 1 3987
1405 63 27467 1 28108
1406 70 15430 1 15590
1407 18 13735 1 14173
1408 21 5310 2 6073
1409 58 3672 1 4478
1410 58 7995 1 8226
1411 4 18212 1 18426
1412 45 18565 1 18849
1413 9 444 1 643
1414 36 10579 1 10802
1415 28 793 1 1061
1416 1 32221 1 32409
1417 29 21623 1 22466
1418 63 1856 1 2187
1419 51 20938 1 21685
1420 7 29824 1 31852
1421 18 31 1 522
1422 33 1856 1 1970
1423 67 20938 3 21256
1424 44 1612 1 1733
1425 66 27467 3 28106
1426 35 6098 2 6278
1427 11 12730 1 13558
1428 40 27263 1 28089
1429 50 27542 1 27864
1430 22 24291 1 25201
1431 11 22169 1 22759
1432 9 27005 1 27391
1433 7 3347 1 3870
1434 23 3672 1 4551
1435 53 21045 1 21170
1436 21 10579 1 11857
1437 33 1029 3 1855
1438 29 645 1 1829
1439 33 52 1 940
1440 11 8658 4 9480
1441 60 2626 4 2950
1442 73 15430 2 15617
1443 15 7547 3 8191
1444 11 4467 1 4795
1445 49 19876 1 20642
1446 50 35656 1 36013
1447 2 3313 2 3525
1448 47 16700 3 16809
1449 15 669 2 1378
1450 33 27005 1 28345
1451 32 28 1 939
1452 49 6026 1 6270
1453 49 35528 1 36284
1454 69 7 1 648
1455 22 1612 2 1850
1456 20 5394 2 5938
1457 8 28397 1 28965
1458 71 20245 1 20902
1459 22 15430 3 16041
1460 46 7952 4 8353
1461 9 22500 1 23423
1462 8 24680 1 25188
1463 18 35125 1 35769
1464 65 15938 2 16377
1465 61 8658 1 8772
1466 36 18212 1 18333
1467 67 22206 1 23233
1468 28 3680 1 4079
1469 6 32221 1 33014
1470 62 13492 2 14342
1471 66 18565 3 19418
1472 49 29824 1 30186
1473 32 23929 2 24130
1474 22 3815 2 4467
1475 5 32221 1 32725
1476 58 32346 1 32580
1477 40 7738 1 8293
1478 49 4895 1 5711
1479 53 13609 1 13809
1480 52 8658 1 8856
1481 51 33696 1 34413
1482 71 12730 1 13253
1483 11 23929 1 24355
1484 50 9621 1 10084
1485 7 32221 1 33080
1486 31 32848 1 33277
1487 71 12057 1 12524
1488 2 19438 1 19715
1489 28 7175 1 8062
1490 46 20678 2 21037
1491 63 20678 1 21615
1492 17 25487 1 25660
1493 28 10 1 442
1494 44 27906 3 28726
1495 33 15942 3 16192
1496 49 22153 1 22710
1497 19 15430 2 16336
1498 46 33524 2 33648
1499 12 28397 2 28486
1500 11 13492 1 13872
1501 45 16578 1 17218
1502 16 25257 4 25840
1503 19 34315 2 35279
1504 8 22169 1 23015
1505 27 17531 4 18431
1506 44 35636 3 35963
1507 23 33188 1 33495
1508 36 10876 1 11758
1509 58 21826 2 22662
1510 40 27005 2 27250
1511 12 5700 1 6606
1512 65 28482 1 29611
1513 35 32221 1 32338
1514 42 2626 3 2731
1515 36 22153 2 22332
1516 64 20678 2 21587
1517 27 33858 4 34447
1518 55 21256 2 21547
1519 18 26596 2 27291
1520 15 5811 3 6448
1521 60 28397 1 29138
1522 71 20236 1 20703
1523 26 19017 1 19876
1524 53 9621 1 10338
1525 63 26596 1 27434
1526 65 27496 2 27711
1527 5 72 1 462
1528 71 34398 1 34747
1529 43 19580 3 20375
1530 35 15938 1 16607
1531 4 5711 1 5939
1532 22 32848 1 33135
1533 63 32848 1 33208
1534 17 26596 4 27364
1535 11 30454 1 30791
1536 7 1029 1 1959
1537 69 34076 1 34676
1538 51 6730 2 7015
1539 22 33135 1 33858
1540 56 123 1 646
1541 11 27906 1 28045
1542 4 9833 1 10708
1543 20 3680 1 4213
1544 73 23998 1 24351
1545 67 2626 1 3161
1546 35 72 3 819
1547 69 21158 1 21490
1548 26 11380 1 12135
1549 32 5823 1 6692
1550 33 13173 1 14119
1551 6 23929 1 24480
1552 8 5916 1 6479
1553 53 10579 1 11041
1554 6 24784 1 25398
1555 33 16216 4 16505
1556 33 12135 2 12525
1557 53 35125 1 35265
1558 65 24437 1 24606
1559 70 18212 1 18401
1560 12 17531 2 18293
1561 50 9948 1 10420
1562 36 35125 1 36062
1563 32 949 2 1700
1564 2 26596 3 27451
1565 29 13255 1 13707
1566 71 32326 1 33179
1567 52 28397 1 28710
1568 26 5811 1 6503
1569 52 10579 1 10979
1570 30 5447 2 5915
1571 42 20946 3 21770
1572 28 24941 1 25027
1573 11 25257 1 26105
1574 60 8658 1 9455
1575 62 25634 1 26848
1576 29 2108 1 2637
1577 56 18903 1 19894
1578 73 1029 1 2010
1579 53 15430 1 15608
1580 36 4216 1 5351
1581 49 10579 1 11441
1582 1 67 1 551
1583 36 27263 1 27542
1584 73 33696 4 33780
1585 18 23714 2 24003
1586 22 18565 1 19501
1587 69 33188 1 34038
1588 73 14102 1 14718
1589 32 26 1 877
1590 32 16578 2 17234
1591 63 23998 1 24506
1592 42 19876 1 20749
1593 36 12135 1 12934
1594 37 7799 1 7953
1595 28 9783 1 10344
1596 51 908 2 1652
1597 8 100 2 949
1598 65 25257 1 25408
1599 29 19438 1 19746
1600 65 3994 3 4589
1601 67 8658 3 9339
1602 46 33858 4 34120
1603 70 645 1 854
1604 29 12730 1 12994
1605 70 21853 1 23007
1606 41 18234 2 18510
1607 33 21303 3 22102
1608 24 12730 1 12813
1609 49 9736 1 10457
1610 36 9948 1 10358
1611 36 27005 1 27816
1612 36 12921 1 13806
1613 49 18814 1 19438
1614 32 18212 2 18522
1615 60 16578 3 17211
1616 69 25257 1 25576
1617 5 30454 2 30753
1618 49 28397 1 29294
1619 53 21256 1 21513
1620 57 645 1 1347
1621 8 34585 1 35005
1622 33 12730 2 13041
1623 70 27263 1 28117
1624 33 5341 1 6098
1625 52 15430 1 16023
1626 17 28 1 1009
1627 46 15430 4 16028
1628 33 21303 1 21456
1629 22 13609 2 13900
1630 44 17190 3 17634
1631 11 24792 1 25725
1632 69 3313 1 4216
1633 37 25257 1 25861
1634 18 9736 1 9948
1635 16 669 1 1389
1636 17 32221 1 32945
1637 8 29159 1 29268
1638 29 33188 1 33524
1639 5 29288 2 30012
1640 33 23078 2 23288
1641 65 8658 1 9110
1642 39 4589 1 5334
1643 33 18565 2 18825
1644 12 12921 1 13091
1645 15 3680 2 3853
1646 73 11228 3 11549
1647 2 32221 2 32805
1648 64 27467 1 28434
1649 64 12730 1 13220
1650 18 19017 2 19927
1651 63 15430 1 15938
1652 44 12057 2 12573
1653 43 96 1 542
1654 8 13492 1 14416
1655 70 25809 1 27263
1656 68 10579 4 11491
1657 73 27263 1 27935
1658 22 26090 4 26596
1659 11 15430 1 16004
1660 13 8658 2 9195
1661 8 32221 1 33076
1662 45 14139 2 15151
1663 65 9600 2 10579
1664 8 17469 1 17870
1665 33 9263 1 9621
1666 15 16705 2 17285
1667 22 21853 2 21987
1668 50 5700 1 6306
1669 57 24941 1 26028
1670 15 35406 2 35963
1671 33 32221 2 32460
1672 11 26596 2 27005
1673 11 56 1 673
1674 49 18212 1 18338
1675 44 2108 2 2456
1676 50 5823 1 6733
1677 1 29288 3 29953
1678 65 32221 1 32889
1679 18 13492 2 13685
1680 36 6730 1 8072
1681 43 12135 1 12727
1682 69 30454 1 30628
1683 55 7175 4 7812
1684 2 35375 1 35640
1685 69 819 1 1310
1686 40 35406 1 35525
1687 21 27542 1 28173
1688 19 17190 1 17522
1689 34 2108 1 2680
1690 34 34315 1 34720
1691 22 7799 2 8784
1692 7 28858 1 29742
1693 71 33463 1 34182
1694 33 2997 3 3347
1695 51 28858 2 28948
1696 62 12921 3 13463
1697 65 34076 1 35026
1698 27 3994 2 4649
1699 67 27221 1 28070
1700 23 14102 1 14686
1701 36 33188 1 33719
1702 6 27542 1 28297
1703 50 20946 1 21811
1704 23 9600 1 10096
1705 4 30454 1 31443
1706 29 26895 1 27763
1707 11 4895 1 5721
1708 11 33696 3 33948
1709 17 15938 1 16221
1710 64 16578 1 16846
1711 71 32326 1 32724
1712 64 2279 4 2989
1713 19 30454 2 30975
1714 42 35843 1 36433
1715 28 26090 1 26622
1716 67 14102 2 14893
1717 36 19580 1 20209
1718 65 29159 1 30019
1719 46 19876 2 20048
1720 69 10714 1 11631
1721 47 23078 1 23687
1722 11 3381 3 4273
1723 38 21045 1 21717
1724 45 11394 2 11494
1725 65 11297 1 11705
1726 65 21433 1 21585
1727 64 18814 3 18900
1728 50 13173 1 13657
1729 18 14416 2 15234
1730 17 33463 1 33632
1731 18 10579 2 11450
1732 3 24618 1 24707
1733 5 1612 1 1817
1734 37 15430 2 15711
1735 32 20851 1 21560
1736 30 33858 3 34756
1737 29 23078 1 23488
1738 23 15430 1 16196
1739 21 23078 1 23937
1740 65 25755 2 26139
1741 7 7360 1 7507
1742 44 4202 2 4299
1743 5 24291 2 24888
1744 40 33696 1 34075
1745 43 1829 3 1963
1746 66 5310 1 6086
1747 66 17190 1 18051
1748 26 24337 1 25284
1749 15 27467 1 28211
1750 19 18212 2 18317
1751 33 35375 2 35772
1752 21 22239 1 22850
1753 11 32221 1 32533
1754 73 20938 1 21482
1755 18 34315 1 34653
1756 51 5447 1 5737
1757 1 10579 3 10747
1758 8 30454 2 31532
1759 34 15430 1 16304
1760 55 13173 4 13390
1761 68 23929 4 24276
1762 27 25809 4 26247
1763 29 13173 1 13255
1764 72 21045 1 21826
1765 65 35636 1 37482
1766 38 34393 1 34769
1767 21 31452 1 32099
1768 57 32221 1 32681
1769 11 21618 2 21786
1770 50 22500 1 23173
1771 5 19580 3 19903
1772 50 6730 1 6835
1773 51 4895 2 5381
1774 16 17190 4 17532
1775 43 25487 1 26226
1776 57 11380 1 12088
1777 12 27906 1 28397
1778 35 15430 1 15931
1779 45 32221 1 33177
1780 49 30454 2 30779
1781 13 5447 1 6264
1782 36 4893 1 5700
1783 67 12057 1 12454
1784 8 17190 2 17469
1785 45 29494 1 30437
1786 33 30686 1 31724
1787 62 12057 1 12502
1788 29 22517 1 22636
1789 8 18212 1 18954
1790 30 30454 1 31023
1791 24 5310 1 5719
1792 42 2997 2 3614
1793 12 25339 3 26022
1794 67 3313 2 4086
1795 27 18814 4 19163
1796 52 13707 2 14689
1797 41 21853 1 21949
1798 45 34393 2 34589
1799 37 14129 1 14749
1800 19 28482 2 28598
1801 62 35375 1 36569
1802 33 25257 4 25822
1803 69 12057 1 12401
1804 2 7 1 628
1805 72 26596 2 27362
1806 64 13609 1 13934
1807 69 17190 1 17804
1808 21 2004 1 2605
1809 66 24 1 406
1810 15 4202 3 5104
1811 3 20946 1 21295
1812 1 16216 1 16380
1813 69 20678 1 21158
1814 15 28397 1 28790
1815 66 35125 1 35469
1816 18 18212 1 18943
1817 22 25487 2 25944
1818 49 24291 1 25193
1819 7 28045 1 28691
1820 64 32221 4 33010
1821 58 23929 1 24286
1822 12 15938 1 16043
1823 72 22239 2 22420
1824 71 14291 2 14563
1825 70 20938 1 21835
1826 23 444 1 858
1827 55 15430 4 15668
1828 60 33696 3 34316
1829 56 5447 1 5717
1830 19 9833 3 10632
1831 49 8136 1 8715
1832 8 35125 1 35656
1833 18 9948 2 10305
1834 11 28045 3 28444
1835 65 33188 1 33569
1836 44 6098 3 6547
1837 40 9833 1 10387
1838 64 25257 1 25486
1839 70 2626 1 3014
1840 43 32221 1 32780
1841 2 33696 1 33811
1842 57 8488 3 9335
1843 15 32326 1 33311
1844 43 5823 1 6352
1845 34 29288 1 30061
1846 67 11297 1 11637
1847 31 1 2 430
1848 21 12730 1 13635
1849 50 24941 2 25417
1850 11 21256 1 21949
1851 22 2626 4 3215
1852 20 32221 1 32586
1853 50 10579 2 10845
1854 34 2997 1 3517
1855 65 34398 2 35375
1856 67 13609 1 14984
1857 73 35406 3 35655
1858 9 28397 1 28635
1859 28 34315 1 34946
1860 45 19876 1 20830
1861 72 32326 4 32976
1862 71 9621 2 10592
1863 22 12730 1 13456
1864 40 18903 4 19836
1865 11 35375 2 35791
1866 71 645 1 1399
1867 9 32848 1 33005
1868 56 22169 1 22753
1869 45 17190 1 17620
1870 35 7175 3 7670
1871 58 24291 1 24397
1872 36 10744 1 11142
1873 16 26596 4 26819
1874 52 19580 3 20206
1875 28 18212 1 19084
1876 8 12730 1 13094
1877 9 19131 1 19904
1878 63 11394 1 12297
1879 30 24680 3 25647
1880 23 17190 1 17809
1881 71 645 1 1117
1882 8 17469 1 18212
1883 11 4895 3 5570
1884 32 27531 1 28454
1885 52 7799 3 8561
1886 71 25257 1 26098
1887 15 21948 1 22477
1888 27 1856 3 2396
1889 70 25339 1 25527
1890 62 21853 1 22353
1891 56 20938 1 21113
1892 8 9783 1 10316
1893 6 25809 1 26028
1894 33 7547 1 7805
1895 67 23941 1 24654
1896 72 3680 2 4146
1897 42 16578 1 17332
1898 43 23078 4 23982
1899 66 3994 2 4313
1900 60 9948 1 10783
1901 22 33858 4 34167
1902 2 7610 3 8561
1903 16 24291 3 24517
1904 17 3347 1 3666
1905 45 34589 1 35221
1906 41 34393 2 35306
1907 73 30454 4 30735
1908 36 14498 1 15823
1909 65 22517 2 23503
1910 61 33135 4 34011
1911 30 23078 3 23675
1912 62 35125 1 35583
1913 8 1612 1 1764
1914 32 33188 1 33927
1915 57 27496 1 28182
1916 8 18954 1 19365
1917 53 17531 1 18044
1918 11 28444 2 28720
1919 6 18565 1 19125
1920 1 24680 3 25341
1921 61 24291 1 24624
1922 30 23714 1 24529
1923 21 16216 1 16932
1924 49 3107 1 3513
1925 18 33818 1 33939
1926 22 23497 1 24025
1927 40 9783 3 10131
1928 35 27005 1 27906
1929 57 7175 1 8153
1930 52 3107 1 3658
1931 70 7952 1 9391
1932 33 9621 4 9913
1933 56 25339 1 26334
1934 2 12921 1 13419
1935 36 22332 2 23142
1936 15 16700 1 17237
1937 1 22206 3 22513
1938 66 3107 1 3492
1939 28 20851 1 21748
1940 27 21332 3 22287
1941 45 13173 1 13641
1942 70 35125 1 35319
1943 64 3107 1 3630
1944 19 26090 3 26408
1945 15 25339 1 25613
1946 22 32221 1 32610
1947 61 29824 3 30482
1948 7 25487 1 26721
1949 36 27906 1 28200
1950 73 7360 3 7481
1951 3 104 2 445
1952 65 32221 1 32555
1953 50 13492 1 13795
1954 36 5700 1 6972
1955 42 32221 2 32440
1956 58 35375 1 36589
1957 49 20938 1 21220
1958 5 6098 4 7021
1959 8 7610 1 8127
1960 26 27467 1 28375
1961 63 32221 1 32360
1962 65 4589 2 5236
1963 62 24680 1 25497
1964 33 7360 3 7547
1965 17 3994 1 4208
1966 50 4202 1 4403
1967 45 23714 1 24614
1968 55 11380 4 12048
1969 49 28397 1 29263
1970 33 23714 1 25257
1971 69 4589 1 5453
1972 4 12057 1 12560
1973 72 25487 3 25918
1974 65 7995 2 8592
1975 15 18212 1 18903
1976 53 41 1 517
1977 9 32 1 395
1978 8 32221 1 32326
1979 63 12730 1 13373
1980 42 33524 2 34283
1981 38 25339 1 26314
1982 32 12057 1 12833
1983 39 19580 1 19837
1984 64 18903 1 19232
1985 28 28397 1 29279
1986 70 18814 1 19554
1987 66 20938 3 21285
1988 17 10579 1 10862
1989 9 26090 1 26783
1990 24 17190 1 17583
1991 51 5847 1 6522
1992 49 2279 1 3107
1993 34 23929 1 24667
1994 62 9621 1 10189
1995 50 17722 1 17905
1996 21 15430 1 15558
1997 58 2004 2 2788
1998 3 22239 1 22357
1999 65 7799 1 7995
2000 22 3313 3 3815
2001 45 30454 1 32088
2002 27 34585 4 34841
2003 15 5310 1 5623
2004 21 8488 1 9282
2005 63 24784 1 24963
2006 24 27221 1 27962
2007 49 34585 1 35528
2008 33 34585 4 34788
2009 22 26596 4 27337
2010 64 27005 1 27294
2011 6 1184 1 1735
2012 11 2245 1 2921
2013 20 34076 2 34631
2014 18 5447 1 5861
2015 27 25339 3 25622
2016 1 21045 5 21738
2017 49 84 1 237
2018 49 793 1 1256
2019 34 7738 1 8676
2020 70 9621 1 10704
2021 52 1829 1 2637
2022 17 22102 1 22517
2023 29 6 1 645
2024 17 24337 1 25101
2025 57 30012 1 30743
2026 34 3680 1 3898
2027 39 30686 1 31018
2028 32 9621 2 10155
2029 55 5310 2 5394
2030 50 2626 2 3400
2031 64 15430 1 15958
2032 28 30454 1 31046
2033 7 7610 1 8145
2034 50 32221 3 33049
2035 18 8658 1 9415
2036 52 27906 1 28510
2037 16 32221 3 32628
2038 72 3313 1 4112
2039 24 1184 1 1687
2040 53 14102 1 14216
2041 32 19365 2 19811
2042 8 1829 1 2626
2043 9 3347 1 3926
2044 17 17722 3 18719
2045 55 16216 2 16939
2046 11 19876 1 20721
2047 40 83 1 403
2048 9 15430 1 15755
2049 35 10714 1 11109
2050 44 18212 2 19139
2051 71 22239 1 23218
2052 71 1612 1 1999
2053 51 13609 1 14381
2054 58 3313 1 3670
2055 62 11454 1 11606
2056 65 10579 3 10935
2057 29 4895 1 5611
2058 45 21714 1 22239
2059 73 35656 2 36545
2060 49 30012 1 30500
2061 29 16216 1 16997
2062 39 9783 1 10607
2063 68 30454 5 30811
2064 26 25809 1 26247
2065 24 11228 1 12197
2066 49 32221 1 32848
2067 27 8658 4 9091
2068 51 33524 2 34205
2069 65 1029 3 1397
2070 61 8861 3 9841
2071 44 7175 1 7987
2072 72 13609 3 13784
2073 33 2108 1 2997
2074 51 27467 1 28390
2075 32 17234 1 17856
2076 22 25339 2 25710
2077 31 29494 2 30257
2078 36 33696 1 34076
2079 69 35125 1 35988
2080 36 9736 2 9948
2081 22 10726 4 11562
2082 8 949 1 2004
2083 68 14102 5 14823
2084 27 12135 1 12388
2085 26 34076 1 34720
2086 20 2004 1 2673
2087 57 20678 4 21332
2088 60 108 2 494
2089 49 15430 2 16216
2090 36 89 1 908
2091 12 12135 1 12921
2092 33 30454 1 30686
2093 17 25257 1 26237
2094 60 23929 1 24277
2095 46 21045 2 21875
2096 56 10744 3 11491
2097 33 14129 1 14217
2098 16 1856 1 2833
2099 9 21256 1 21899
2100 1 7610 4 8473
2101 30 20946 3 21722
2102 19 32221 2 32380
2103 58 9833 2 10084
2104 50 24437 1 24785
2105 2 3672 2 4096
2106 40 21045 1 21359
2107 32 7175 1 7758
2108 27 28397 5 28528
2109 4 16700 1 16988
2110 63 22153 1 22853
2111 52 33188 1 34048
2112 1 17190 1 17916
2113 24 7360 1 8154
2114 58 28397 1 29100
2115 53 23941 1 24437
2116 15 18903 5 19151
2117 67 5310 1 6211
2118 34 16700 1 17159
2119 50 669 1 1169
2120 49 8658 1 9502
2121 31 35406 1 35960
2122 12 5823 1 6420
2123 24 20678 1 21667
2124 60 32848 1 32972
2125 15 19438 1 19949
2126 4 23941 1 24280
2127 26 27294 1 27467
2128 72 33135 4 34111
2129 73 26596 2 27228
2130 21 18814 1 19520
2131 7 16578 1 17467
2132 50 18212 1 19094
2133 67 33696 1 33958
2134 35 21826 2 22630
2135 36 5700 1 5942
2136 34 19580 1 19936
2137 28 29494 1 29908
2138 8 25257 1 26314
2139 9 1829 1 2151
2140 15 14102 1 14597
2141 32 11380 1 11619
2142 7 15430 1 15983
2143 71 1184 1 2026
2144 8 33696 2 34113
2145 45 27361 1 28024
2146 17 27906 4 28348
2147 62 24291 3 24419
2148 58 20946 1 21394
2149 21 4893 1 5194
2150 8 21332 1 21948
2151 19 1856 4 2464
2152 39 26596 1 26958
2153 8 21948 1 22625
2154 8 5310 1 5916
2155 49 33524 1 33852
2156 29 7775 1 8456
2157 65 27221 1 28176
2158 26 16216 1 16671
2159 36 23714 1 25627
2160 57 15430 1 16271
2161 44 793 1 1338
2162 35 24337 1 24455
2163 32 12921 1 13432
2164 70 30454 1 31206
2165 15 12921 2 13421
2166 16 21303 1 21663
2167 25 31452 1 31819
2168 34 14102 1 14688
2169 62 23497 1 24079
2170 57 21826 1 21948
2171 19 35528 4 36445
2172 64 17469 1 17676
2173 65 33135 1 33561
2174 53 16700 1 17509
2175 49 17531 1 17670
2176 11 35125 2 35872
2177 1 19876 5 20800
2178 32 24337 2 25213
2179 33 34393 1 34489
2180 67 29494 3 29936
2181 28 33135 1 33656
2182 20 27263 2 28051
2183 69 30686 1 31254
2184 31 25809 3 26028
2185 3 7799 1 8578
2186 45 12057 1 13046
2187 47 15942 1 16265
2188 67 4202 2 4504
2189 28 25257 1 25965
2190 9 30012 1 30482
2191 71 13492 2 14291
2192 17 24337 1 24947
2193 44 13173 1 13348
2194 9 13173 1 13925
2195 40 3994 1 4166
2196 11 21853 2 22086
2197 73 33858 1 34800
2198 71 35125 2 35636
2199 34 31452 1 32071
2200 57 35125 1 36159
2201 21 26596 1 27156
2202 4 33188 1 33460
2203 61 21853 4 22093
2204 9 30686 1 31019
2205 3 27467 1 28401
2206 51 17531 1 18261
2207 62 7360 1 8273
2208 9 35125 1 35765
2209 49 27263 1 27719
2210 15 23 2 529
2211 57 35656 1 36136
2212 8 12371 1 12575
2213 67 21256 1 22206
2214 9 28827 1 29111
2215 13 17190 1 17971
2216 36 25339 1 25921
2217 33 21045 2 21303
2218 8 2004 1 2570
2219 15 9783 2 10376
2220 44 34585 2 34684
2221 21 9600 2 9737
2222 71 5310 1 6005
2223 65 12730 3 12941
2224 23 27906 1 28049
2225 72 25339 1 26316
2226 52 91 2 617
2227 53 32221 1 32348
2228 60 4589 2 5579
2229 51 29824 3 30734
2230 21 33524 1 33763
2231 55 13492 1 14461
2232 26 23078 1 24337
2233 16 4467 5 4547
2234 67 12921 3 13358
2235 71 18212 2 18617
2236 44 4589 2 4690
2237 1 15942 3 16852
2238 35 14102 2 14510
2239 32 23078 1 23235
2240 31 5447 1 6956
2241 1 33696 4 33798
2242 49 22169 1 22750
2243 35 24792 3 25567
2244 31 7738 1 8290
2245 31 33858 3 34837
2246 11 1829 1 2317
2247 49 33858 3 34315
2248 32 7775 2 8741
2249 20 29494 1 29699
2250 67 30454 1 31070
2251 19 16700 3 16850
2252 55 29824 1 30717
2253 51 25257 1 25359
2254 28 27906 1 27996
2255 26 13173 1 13735
2256 51 10714 1 10865
2257 32 32221 1 33188
2258 32 27005 1 27531
2259 56 21826 1 21938
2260 1 8658 2 9394
2261 33 15942 1 16222
2262 51 11297 2 11608
2263 31 32221 2 32638
2264 19 28827 2 28918
2265 2 24291 3 24904
2266 45 15942 1 16756
2267 3 3347 2 3451
2268 65 21714 2 22401
2269 1 28397 2 29248
2270 60 22169 1 22424
2271 19 20678 3 21023
2272 9 17190 1 17721
2273 12 15938 2 16762
2274 33 17234 2 17535
2275 11 18814 2 19260
2276 39 5394 1 5564
2277 44 23714 1 24338
2278 65 6730 2 7668
2279 52 8861 1 9134
2280 15 33696 2 34220
2281 57 1832 1 2338
2282 5 4893 1 5883
2283 71 2026 1 2562
2284 57 23078 1 23490
2285 62 1029 1 1225
2286 56 18565 2 18764
2287 46 22102 4 22592
2288 45 68 2 345
2289 51 4898 1 5847
2290 73 25339 2 26145
2291 65 2626 1 3288
2292 11 14129 1 14585
2293 67 4589 2 5174
2294 46 10714 5 10824
2295 1 7738 1 8405
2296 51 17531 3 18436
2297 63 7610 1 8455
2298 2 23714 3 23893
2299 7 2279 1 3196
2300 57 2338 2 2791
2301 57 12730 1 13042
2302 31 15942 2 16655
2303 58 19365 1 20357
2304 36 19131 1 19526
2305 72 127 3 640
2306 31 22206 1 22296
2307 22 1856 4 2510
2308 66 31452 2 32053
2309 46 3313 2 4286
2310 36 3672 1 4216
2311 7 8658 1 8888
2312 63 13609 1 13755
2313 19 3994 2 4880
2314 45 17722 1 18426
2315 67 41 1 615
2316 2 35656 3 36526
2317 40 3347 1 4028
2318 31 8658 1 8914
2319 35 28827 1 28920
2320 53 20678 1 20969
2321 49 27719 1 28250
2322 4 1029 1 1810
2323 62 30454 2 31358
2324 30 25755 1 25940
2325 18 25257 2 25501
2326 18 23078 2 23436
2327 26 25339 1 25809
2328 9 4467 1 5016
2329 65 1612 1 2531
2330 69 8658 1 8751
2331 5 28397 3 28505
2332 29 33524 1 33935
2333 29 7360 1 7775
2334 67 33463 3 33550
2335 64 27005 3 27437
2336 2 21045 3 21548
2337 26 105 1 3927
2338 52 27496 2 28035
2339 5 27906 1 28277
2340 30 9 1 937
2341 72 1829 1 2624
2342 65 35125 1 35300
2343 23 4893 1 5800
2344 12 5447 1 6132
2345 35 4893 2 5757
2346 26 22102 1 22668
2347 21 21826 1 22169
2348 9 7995 1 8081
2349 19 444 2 976
2350 26 13735 1 14521
2351 22 34585 1 35125
2352 61 29159 1 29763
2353 36 2108 1 2936
2354 20 14139 2 15109
2355 22 34315 3 34544
2356 52 3994 1 4405
2357 35 11454 1 11822
2358 45 18849 1 19693
2359 66 1612 2 1885
2360 12 14139 1 15018
2361 41 23078 2 23373
2362 63 2626 1 3073
2363 45 23078 1 23434
2364 45 21132 1 21453
2365 6 29159 1 29329
2366 65 1829 1 2634
2367 65 20236 1 21189
2368 64 4893 1 5191
2369 27 20938 2 21294
2370 8 2626 1 3313
2371 8 34113 1 34585
2372 53 30454 1 31061
2373 31 26596 1 26763
2374 29 32221 1 32877
2375 25 8658 1 9476
2376 66 29824 2 30315
2377 22 1856 3 2352
2378 64 34393 3 34507
2379 2 15430 2 15654
2380 65 18954 1 19345
2381 65 28397 1 28482
2382 60 33135 2 33256
2383 8 13492 1 14469
2384 34 18814 1 19543
2385 67 25634 1 26045
2386 55 23714 1 24284
2387 51 16578 1 17055
2388 62 4893 3 5502
2389 58 25257 2 25765
2390 62 19017 1 19715
2391 67 7738 1 8658
2392 12 19017 1 19233
2393 3 12730 5 13160
2394 68 24437 4 24556
2395 67 16578 1 17649
2396 50 23929 1 24073
2397 70 15938 1 16431
2398 37 28 2 475
2399 6 40 1 921
2400 66 33188 1 33748
2401 71 7175 1 7872
2402 65 23078 1 23940
2403 58 17531 1 18134
2404 34 33858 1 34039
2405 73 3313 1 3755
2406 60 1612 1 2306
2407 53 23078 1 23565
2408 49 3680 1 3892
2409 55 21874 4 22280
2410 1 33135 5 33646
2411 50 12730 1 13462
2412 65 14102 1 14555
2413 53 22169 1 22301
2414 36 7175 1 7969
2415 49 20946 2 21621
2416 67 26090 1 26674
2417 73 9783 1 10202
2418 24 3313 1 4214
2419 71 35636 2 35718
2420 32 21615 1 22375
2421 70 1612 1 2497
2422 28 32221 1 32475
2423 57 29288 4 29514
2424 31 23497 1 24337
2425 43 3381 3 4372
2426 53 7952 1 8182
2427 69 28200 1 28935
2428 5 15430 1 15797
2429 41 21714 1 21794
2430 32 35125 2 35905
2431 30 6026 2 6131
2432 66 15430 3 15848
2433 62 14416 1 14733
2434 50 33696 3 33987
2435 61 5310 1 5890
2436 44 20938 2 21710
2437 21 2626 1 3836
2438 41 33135 1 33930
2439 58 13609 2 14265
2440 63 33818 1 34722
2441 56 35125 2 35413
2442 71 24680 1 25196
2443 39 12135 1 12384
2444 8 20678 1 20938
2445 49 13609 3 14288
2446 29 9263 1 10157
2447 45 33463 1 34315
2448 70 32221 1 32348
2449 56 28397 2 28551
2450 13 33696 3 34236
2451 44 19438 2 20206
2452 17 17241 1 17470
2453 31 4467 2 5414
2454 58 16216 1 16394
2455 49 25809 1 25972
2456 53 24437 1 24713
2457 41 17722 2 18234
2458 49 21826 1 22169
2459 6 5700 1 6390
2460 5 11228 1 12174
2461 35 12921 1 13792
2462 65 7360 1 7738
2463 7 12135 1 13002
2464 21 32221 1 32345
2465 28 5310 1 5857
2466 49 16700 1 17531
2467 36 29159 1 29288
2468 33 26596 1 26867
2469 67 1612 1 2586
2470 9 23714 1 23868
2471 2 21826 4 22822
2472 65 18212 2 18872
2473 32 14416 1 15074
2474 36 17241 1 18758
2475 19 21853 4 22707
2476 15 23929 3 24889
2477 60 29268 4 30045
2478 23 88 1 347
2479 41 28397 1 28717
2480 67 7360 1 7655
2481 53 33135 1 33492
2482 18 16216 1 17053
2483 4 21853 1 22275
2484 46 14129 4 14485
2485 53 18565 1 19052
2486 30 19438 1 20091
2487 63 30012 1 31452
2488 64 16700 2 17399
2489 9 9263 1 9805
2490 32 30454 1 30804
2491 35 3381 3 4017
2492 50 25809 1 26556
2493 56 18212 1 18351
2494 2 16700 4 17508
2495 50 11228 1 11454
2496 33 18903 1 19691
2497 49 17531 2 18267
2498 58 20678 1 21053
2499 17 15430 3 15551
2500 64 30012 2 30559
2501 36 7775 1 8692
2502 15 21045 1 21147
2503 55 3107 1 3855
2504 21 35656 1 35773
2505 72 14139 2 14531
2506 49 11228 2 12125
2507 36 3381 1 4148
2508 5 34076 1 34234
2509 19 11394 2 12242
2510 67 10579 1 10768
2511 41 3313 1 3616
2512 26 16700 1 16811
2513 62 11606 1 11799
2514 39 18565 1 18650
2515 34 9783 1 10520
2516 43 29824 1 29926
2517 42 23078 1 23472
2518 65 27005 1 27115
2519 11 5711 3 6213
2520 19 5310 4 5875
2521 71 12921 1 13492
2522 51 30012 1 30583
2523 57 26596 1 27607
2524 68 33696 5 34003
2525 64 12057 1 12226
2526 67 9736 1 9936
2527 41 11381 1 12074
2528 8 20938 1 21332
2529 22 29159 1 29604
2530 30 12921 3 13572
2531 71 30454 1 31132
2532 17 27467 1 27751
2533 66 12921 3 13025
2534 22 21132 2 21853
2535 51 32221 2 33125
2536 70 34315 1 34790
2537 70 23714 1 23924
2538 61 669 3 1544
2539 46 12057 3 12628
2540 72 2108 2 3038
2541 28 13173 1 13832
2542 71 24337 1 24603
2543 18 29288 2 29713
2544 21 9783 1 10257
2545 69 12921 1 13506
2546 65 5394 1 5868
2547 52 20851 3 21568
2548 17 22517 1 23380
2549 12 444 2 805
2550 45 20938 1 21268
2551 63 21615 1 22126
2552 42 27906 1 28667
2553 52 5394 1 6160
2554 65 7738 1 9099
2555 26 26596 1 27294
2556 57 26596 3 27421
2557 36 18565 1 18814
2558 49 1832 1 2261
2559 64 25995 3 26727
2560 8 13173 1 13359
2561 7 13707 1 15094
2562 21 33858 1 34981
2563 69 14416 1 15019
2564 63 28200 1 28882
2565 65 29824 1 30454
2566 8 15430 1 17190
2567 12 444 1 662
2568 30 7175 1 7447
2569 62 6098 2 6279
2570 26 3994 1 5811
2571 33 15430 1 15942
 调度评估结果
1. 任务等待评估 (Σ 等待×权重): 404167857
2. 任务完成评估 (最大完成时间): 37482
3. GPU显存空闲评估 (平均空闲): 5198.41 GB/时间片
 额外统计
已调度任务               : 2571/2571
平均等待时间            : 15194.37
各服务器任务分布      : 服务器1=43, 服务器2=43, 服务器3=16, 服务器4=24, 服务器5=41, 服务器6=28, 服务器7=34, 服务器8=78, 服务器9=41, 服务器10=4, 服务器11=61, 服务器12=30, 服务器13=16, 服务器14=1, 服务器15=39, 服务器16=18, 服务器17=44, 服务器18=45, 服务器19=36, 服务器20=16, 服务器21=44, 服务器22=64, 服务器23=24, 服务器24=25, 服务器25=9, 服务器26=38, 服务器27=25, 服务器28=37, 服务器29=39, 服务器30=25, 服务器31=30, 服务器32=54, 服务器33=61, 服务器34=35, 服务器35=38, 服务器36=75, 服务器37=11, 服务器38=6, 服务器39=21, 服务器40=24, 服务器41=36, 服务器42=22, 服务器43=33, 服务器44=38, 服务器45=60, 服务器46=24, 服务器47=9, 服务器49=88, 服务器50=62, 服务器51=54, 服务器52=42, 服务器53=40, 服务器54=1, 服务器55=25, 服务器56=33, 服务器57=46, 服务器58=45, 服务器59=1, 服务器60=33, 服务器61=26, 服务器62=48, 服务器63=42, 服务器64=46, 服务器65=82, 服务器66=31, 服务器67=54, 服务器68=16, 服务器69=36, 服务器70=40, 服务器71=51, 服务器72=32, 服务器73=32
