1 2 11339 3 11354
2 4 9280 4 9493
3 8 7342 2 7709
4 4 7945 2 8005
5 10 5055 1 5300
6 10 193 1 492
7 10 7463 2 7730
8 6 11950 1 12020
9 7 5233 1 5275
10 6 11182 2 11411
11 1 3234 1 3746
12 7 10678 1 11180
13 6 8139 1 8204
14 7 9289 1 9611
15 2 5559 1 6050
16 2 746 3 1296
17 2 4464 3 4573
18 6 5566 1 5942
19 1 1562 3 1705
20 11 1856 4 2092
21 13 8571 1 8745
22 10 3487 1 3784
23 4 8795 4 9134
24 16 4104 1 4469
25 6 477 4 827
26 6 4863 1 5433
27 3 6898 2 7082
28 2 3634 1 4060
29 1 4810 1 5162
30 1 10222 3 10349
31 10 570 1 590
32 7 10551 1 10913
33 7 5485 2 6031
34 16 10101 2 10646
35 4 4667 2 5025
36 10 5744 6 6053
37 2 9389 2 9894
38 10 924 4 983
39 8 9459 3 9733
40 7 10945 1 11224
41 7 1226 2 1418
42 7 5794 1 6312
43 7 5698 4 6181
44 2 611 1 1112
45 2 8101 2 8535
46 1 8137 2 8970
47 2 5900 1 6159
48 14 6690 2 7047
49 16 3282 3 3625
50 1 6503 2 6930
51 1 11816 1 11887
52 10 3173 1 3263
53 8 11580 2 11836
54 6 2927 1 3015
55 4 7200 1 7508
56 10 3588 3 3676
57 1 9620 1 10094
58 4 3125 2 3159
59 6 845 1 1188
60 2 4192 2 4362
61 2 2433 2 2658
62 1 218 1 919
63 9 6169 3 6281
64 10 5167 2 5679
65 4 2076 1 2547
66 14 6321 1 6760
67 10 7736 1 8304
68 7 929 2 1258
69 8 2244 1 2450
70 11 9327 5 9748
71 2 9202 3 9233
72 13 7271 1 7335
73 7 10115 1 10652
74 2 6084 2 6278
75 13 9300 1 9366
76 8 1634 1 1667
77 11 2634 7 3025
78 13 1220 7 1389
79 7 11293 2 11378
80 2 11003 4 11145
81 1 6819 1 6864
82 14 6695 1 7191
83 6 6042 3 6300
84 4 10043 5 10345
85 4 1090 1 1391
86 4 319 5 577
87 7 4806 1 5127
88 7 11287 3 11734
89 10 6069 3 6248
90 1 7386 2 7774
91 1 10730 1 11189
92 7 1972 1 2071
93 8 6219 3 6304
94 14 5848 4 6320
95 9 6741 1 6892
96 2 2567 1 2725
97 1 2309 1 3216
98 1 5215 2 5764
99 14 6120 2 6381
100 2 9248 2 9405
101 12 5428 5 5434
102 10 2134 3 2257
103 1 2124 2 2324
104 8 6711 3 7166
105 4 5900 1 6901
106 10 5879 1 5911
107 10 10949 2 11239
108 2 492 5 746
109 2 1097 1 1435
110 2 8884 3 9259
111 10 6035 1 6481
112 6 3623 4 3689
113 9 8991 2 9149
114 2 8690 1 9375
115 4 1136 2 1479
116 4 3281 1 3820
117 1 3348 3 3755
118 8 9824 3 10067
119 13 8285 2 8533
120 4 1571 3 1965
121 4 10977 4 11448
122 10 8686 4 9144
123 4 8133 2 8324
124 10 2744 6 2872
125 3 7699 2 7851
126 10 3401 2 4235
127 7 10635 1 10877
128 3 9362 3 9510
129 4 8471 1 8823
130 8 2530 2 2608
131 13 6377 1 6745
132 2 10399 3 10925
133 1 11916 1 12117
134 8 8525 1 8796
135 6 1285 4 1458
136 6 5900 2 5970
137 2 8050 1 8241
138 2 8360 3 8724
139 13 2531 4 2955
140 10 2944 1 3309
141 1 1740 1 1928
142 1 11710 1 11780
143 2 4119 2 4202
144 13 10802 4 10977
145 6 961 3 1030
146 4 5280 1 5702
147 2 9409 1 10066
148 13 3306 1 3646
149 8 10498 1 10829
150 9 11800 1 12346
151 1 2822 2 2853
152 7 9319 1 10589
153 10 300 3 833
154 10 8675 1 9093
155 7 4505 1 5628
156 7 9040 1 9566
157 2 9274 1 9499
158 8 1579 1 1957
159 2 1934 3 2104
160 2 637 2 1059
161 9 7160 3 7663
162 7 4297 2 4761
163 6 4879 1 4970
164 2 1617 1 2326
165 2 4694 1 4855
166 13 11841 4 12137
167 4 687 1 1120
168 2 5819 1 5903
169 14 6440 1 6612
170 2 4463 1 4903
171 2 2123 2 2540
172 2 10231 3 10712
173 4 3948 3 4203
174 6 7496 2 7808
175 2 5464 6 5900
176 4 11663 2 12177
177 10 11276 1 11629
178 7 955 1 991
179 4 10554 3 10929
180 7 11116 1 11501
181 10 9446 1 9975
182 2 4079 1 4341
183 1 7428 1 7510
184 1 11220 1 11626
185 16 1533 3 1686
186 8 11881 3 12053
187 13 7379 3 7596
188 10 8505 3 8588
189 4 7254 1 7644
 调度评估结果
1. 任务等待评估 (Σ 等待×权重): 178
2. 任务完成评估 (最大完成时间): 12346
3. GPU显存空闲评估 (平均空闲): 3191.13 GB/时间片
 额外统计
已调度任务               : 189/189
平均等待时间            : 0.28
各服务器任务分布      : 服务器1=22, 服务器2=36, 服务器3=3, 服务器4=23, 服务器6=15, 服务器7=22, 服务器8=13, 服务器9=5, 服务器10=25, 服务器11=3, 服务器12=1, 服务器13=11, 服务器14=6, 服务器16=4
