1 43 23080 6 24037
2 43 2826 5 3081
3 58 62557 6 63259
4 35 56318 7 56564
5 71 114654 7 115412
6 78 48508 4 48674
7 58 43831 6 44649
8 48 75547 7 75682
9 10 133110 7 133840
10 71 13584 6 13990
11 46 84507 8 85196
12 3 126518 5 127234
13 44 110119 6 110656
14 13 58584 7 59246
15 49 95964 6 96095
16 48 35228 7 35903
17 46 161403 8 162306
18 13 19859 6 20013
19 30 26441 8 27225
20 43 43993 6 44513
21 30 2066 8 2656
22 30 37451 6 38370
23 83 3569 6 4089
24 58 120178 7 120952
25 10 155052 7 155745
26 77 5996 6 6934
27 67 42997 7 43224
28 3 69853 6 70035
29 16 117555 8 117986
30 64 110828 6 111724
31 46 93179 5 94053
32 77 150597 7 151054
33 67 106381 5 107104
34 46 132456 6 133280
35 48 132470 7 133377
36 10 16498 7 17269
37 77 90871 7 91514
38 3 110828 5 111382
39 30 136609 8 136918
40 19 52396 7 53386
41 16 22325 6 22979
42 46 61408 7 62263
43 35 124169 8 125013
44 64 100704 5 101438
45 58 145505 7 145868
46 10 61403 6 61927
47 48 115082 6 116010
48 78 114236 5 115016
49 13 144868 7 145305
50 48 126456 7 126713
51 71 56552 6 56766
52 30 111644 8 112147
53 77 133850 5 134611
54 44 103415 6 104094
55 76 152690 5 153532
56 77 157964 6 158911
57 46 46779 4 47564
58 10 130762 5 131521
59 13 92272 7 93206
60 67 114901 6 115082
61 10 141923 6 142818
62 3 80712 5 81519
63 58 115398 4 116330
64 67 152690 4 153163
65 76 118528 6 118772
66 71 148705 7 149409
67 78 162552 5 163282
68 46 78148 6 79081
69 43 58730 6 59410
70 16 6613 7 7326
71 30 54394 6 54521
72 67 35433 4 36209
73 46 144572 7 144958
74 78 124169 6 124932
75 18 32032 8 32284
76 10 13493 6 14299
77 16 156975 7 157269
78 43 12598 7 13111
79 3 64924 5 65740
80 10 67170 6 68035
81 13 123567 7 124029
82 16 62057 7 62891
83 71 7752 7 8734
84 78 68090 5 68548
85 67 102528 6 103415
86 10 41216 7 41453
87 46 157964 8 158728
88 48 100569 7 101446
89 13 4501 7 4665
90 49 86267 5 86944
91 3 73123 6 73948
92 46 149747 6 150476
93 71 60495 7 60764
94 16 79000 5 79259
95 44 22325 5 23002
96 49 48839 5 49430
97 19 88134 7 88941
98 3 153879 6 154679
99 18 47548 8 47989
100 3 118048 4 118981
101 67 9763 5 10041
102 76 58081 5 58971
103 10 144007 7 144416
104 43 57317 5 57865
105 10 117252 7 117709
106 46 129575 4 130188
107 46 157099 8 157235
108 3 146459 5 146716
109 49 30069 5 31049
110 19 21632 7 22248
111 78 1333 5 1580
112 46 80508 6 81251
113 43 38759 5 39752
114 43 119045 6 119943
115 64 80712 7 81643
116 13 66753 6 67543
117 35 74750 7 75610
118 43 36268 4 37126
119 76 160423 5 160618
120 3 98832 6 99277
121 64 38411 7 39124
122 77 136609 7 137087
123 67 27271 5 28028
124 49 79751 6 80643
125 18 71632 7 72471
126 43 145505 6 146263
127 77 138252 5 138844
128 71 150810 6 151575
129 43 75648 4 76513
130 16 48556 6 49335
131 58 56318 4 57079
132 49 105897 4 106921
133 30 32134 7 32352
134 43 58584 6 58730
135 64 21632 8 22325
136 3 42313 6 43258
137 64 33876 8 34706
138 49 89918 4 90323
139 18 131493 7 132225
140 46 73824 5 74750
141 76 39843 6 40376
142 16 87535 8 87960
143 10 136565 7 137425
144 16 76386 7 77089
145 3 45722 5 45881
146 19 108629 7 109473
147 77 120727 6 121240
148 58 30977 7 31675
149 3 11242 4 11488
150 35 13584 8 14034
151 10 50049 7 50915
152 43 143714 6 144581
153 13 25849 7 26198
154 71 147248 6 147996
155 83 98976 5 99975
156 30 34795 5 34932
157 71 80712 5 80977
158 71 39843 7 40563
159 35 66753 7 67311
160 3 158843 5 159764
161 64 69853 8 70073
162 77 128793 6 129317
163 78 63662 5 64426
164 67 142675 5 143446
165 35 88134 8 88886
166 71 73123 6 74051
167 48 32171 6 32634
168 64 157983 8 158527
169 76 73123 6 73740
170 18 136210 8 136710
171 64 92782 7 93604
172 78 69853 5 70611
173 46 135305 8 135844
174 43 107386 5 107965
175 67 44356 5 44719
176 3 83851 6 84602
177 78 5451 5 6404
178 71 156210 6 156517
179 30 16636 5 17480
180 76 127613 6 127813
181 71 93418 6 93877
182 67 18473 5 19228
183 46 4543 8 4785
184 46 10562 7 11067
185 76 25224 6 25401
186 78 42814 5 42971
187 58 65504 6 66019
188 43 117120 7 118088
189 46 121146 8 121799
190 64 151346 8 151628
191 48 52020 6 52972
192 44 49243 6 49546
193 67 78301 5 79000
194 16 16698 8 17489
195 76 106730 6 107592
196 67 149078 7 150034
197 49 27271 5 27757
198 49 98382 5 99371
199 58 38033 7 38862
200 3 130913 5 131594
201 3 100605 5 101059
202 64 95145 6 96037
203 49 99929 5 100712
204 58 64172 7 65166
205 71 113149 6 113779
206 16 33199 7 33532
207 71 53846 7 54497
208 67 29194 7 30041
209 71 57505 6 58499
210 3 147871 6 148055
211 67 107104 6 108035
212 77 135085 6 135323
213 46 33725 6 34433
214 43 118412 7 119045
215 35 93418 7 94256
216 46 11649 7 12492
217 13 41359 7 42172
218 71 106381 6 107091
219 49 45524 5 46353
220 64 42910 8 43474
221 58 160617 7 161456
222 76 111717 4 112663
223 58 118048 7 118413
224 67 164903 7 165608
225 76 31706 5 32443
226 64 56002 8 56169
227 19 73740 6 74198
228 77 23080 7 23884
229 49 134423 6 135199
230 49 118413 4 118899
231 30 56002 8 56688
232 13 146459 7 147392
233 10 81251 6 82162
234 78 104633 4 104994
235 67 114236 5 114838
236 3 152944 6 153764
237 78 92126 6 92842
238 35 157983 7 158432
239 3 93418 6 94177
240 23 14455 5 15272
241 58 71481 7 72273
242 46 29883 8 30260
243 10 74717 6 75566
244 49 110828 6 111486
245 35 65903 7 66651
246 58 1448 6 1928
247 43 81908 6 82555
248 49 100712 5 101451
249 35 73678 6 74205
250 77 1258 7 2218
251 83 107965 5 108685
252 43 43114 4 43869
253 67 118896 6 119040
254 30 40287 5 40814
255 76 34795 6 35417
256 49 33683 4 34590
257 16 98382 6 99059
258 43 24037 7 24181
259 67 68983 7 69243
260 10 104202 7 104959
261 3 82916 6 83752
262 16 79259 6 79433
263 67 101071 6 101933
264 10 70770 6 71141
265 58 3569 6 4694
266 10 97376 6 98227
267 3 48839 5 49228
268 44 32634 6 33015
269 43 26335 7 27060
270 3 137015 5 137262
271 67 133320 4 134423
272 67 58612 7 59435
273 30 35213 6 36039
274 71 162219 7 162540
275 16 83851 6 84690
276 77 86267 7 87183
277 3 116395 5 116996
278 16 18681 5 19593
279 67 46545 7 47441
280 3 43658 4 44511
281 76 154117 5 154943
282 78 66568 4 67368
283 35 60495 6 61251
284 77 126256 7 126628
285 3 71330 6 72089
286 30 143024 7 143828
287 44 5242 6 6079
288 67 24367 7 24614
289 77 80712 7 81430
290 35 163115 8 163337
291 58 162219 6 162660
292 13 155502 7 156210
293 3 29120 6 29930
294 16 24865 4 25849
295 35 134526 7 135144
296 18 21632 6 21945
297 49 34885 4 35678
298 67 71795 5 72433
299 10 39843 6 40655
300 67 92954 7 93084
301 43 115359 7 116340
302 64 160473 6 161229
303 58 88479 6 88917
304 71 2846 7 3502
305 43 53182 7 53457
306 46 64230 4 64607
307 3 30069 5 31006
308 3 127613 6 128087
309 67 134423 7 135085
310 44 47548 6 48381
311 64 25887 8 26015
312 35 54394 7 55190
313 44 154691 6 155446
314 76 24367 6 25053
315 3 161403 6 162174
316 46 8608 4 8734
317 77 35228 7 35953
318 46 30977 6 31186
319 16 155451 6 156068
320 43 15265 6 16100
321 18 106573 8 107165
322 67 99832 6 100748
323 18 35316 8 36075
324 10 126682 5 126922
325 83 15365 5 16222
326 76 89308 4 89923
327 67 63662 7 63990
328 43 40584 6 41051
329 19 15265 7 16034
330 48 146459 7 147385
331 3 14149 5 14876
332 48 65355 5 66156
333 48 21632 5 21972
334 30 107871 8 108638
335 16 26182 6 26859
336 19 164231 7 164411
337 67 62174 5 62899
338 49 111486 6 112128
339 3 56002 6 56930
340 19 7752 7 8390
341 10 149747 6 150426
342 43 60351 4 61403
343 35 51679 6 52431
344 77 162149 6 162865
345 46 136443 8 136565
346 76 44673 5 45437
347 46 10150 8 10562
348 10 133850 7 134650
349 18 49798 5 50439
350 30 138209 8 139046
351 43 95964 7 96226
352 35 73123 8 73278
353 71 74448 6 75067
354 44 156210 5 156486
355 48 108638 5 109419
356 10 80643 7 81196
357 3 166020 5 166432
358 64 106573 8 107381
359 43 98559 6 99409
360 19 114901 7 115105
361 16 134496 4 135469
362 48 137308 7 137647
363 71 117120 6 117320
364 58 69853 7 70746
365 13 157545 7 158408
366 77 114641 6 115535
367 43 34891 7 35669
368 43 54559 4 55348
369 78 157235 5 157740
370 13 133110 7 133266
371 83 100409 5 100777
372 77 25114 6 25938
373 49 51484 6 52246
374 77 108921 7 109906
375 58 138520 6 139477
376 58 32171 4 33270
377 64 97833 7 98130
378 30 49316 8 49701
379 58 72433 7 73427
380 19 24367 6 24658
381 18 129575 7 129889
382 78 123567 5 124040
383 67 6384 7 7043
384 78 93415 4 94154
385 35 79757 8 80536
386 48 60212 7 60420
387 43 64172 6 64960
388 78 127071 4 127733
389 35 46779 6 47376
390 30 30977 6 31684
391 71 19593 6 19926
392 49 32859 6 33683
393 23 2645 5 3490
394 10 163933 6 164908
395 49 159555 6 160473
396 78 76019 5 76780
397 3 113763 6 114508
398 64 9763 8 10732
399 64 145553 7 146253
400 83 13584 6 14068
401 35 155161 7 156031
402 77 43658 6 44360
403 19 55348 7 56052
404 67 72433 6 72580
405 58 80611 7 81359
406 46 16498 6 17228
407 18 129951 8 130711
408 58 22020 7 22299
409 30 19684 7 20426
410 16 129423 8 129953
411 49 16061 5 16560
412 10 102556 6 102707
413 67 160378 4 161257
414 58 63968 6 64133
415 30 166020 6 166671
416 64 126311 6 127074
417 78 30638 5 31601
418 3 94564 5 95409
419 3 96533 5 96890
420 43 106730 6 107386
421 46 160815 8 161403
422 44 141932 6 142211
423 48 70596 6 71022
424 43 59410 6 59624
425 44 56002 5 56707
426 3 95644 6 96389
427 35 97376 8 98210
428 23 100550 6 100856
429 67 4803 6 5451
430 76 13584 6 14519
431 77 139694 7 140432
432 35 28821 8 29055
433 23 144868 6 145732
434 49 164650 5 165454
435 49 153581 5 154394
436 13 148705 7 149495
437 71 97718 7 97889
438 76 66753 6 67186
439 77 26795 5 27574
440 43 55348 5 56318
441 67 110529 7 111164
442 67 52061 6 52697
443 30 127613 7 128610
444 46 60212 5 60781
445 77 166020 6 166895
446 49 489 6 1316
447 16 3569 7 4325
448 77 160815 5 160992
449 46 31186 6 31409
450 16 27792 6 28034
451 76 124360 5 125136
452 43 38411 6 38759
453 19 44343 7 44521
454 35 2846 7 3421
455 71 124432 6 124832
456 48 76308 6 76905
457 30 139694 8 139926
458 3 66108 6 66959
459 30 43185 8 44017
460 30 159908 8 160339
461 76 18645 6 19518
462 44 110828 5 110975
463 58 107965 7 108862
464 10 19859 7 20390
465 43 119943 4 120165
466 76 128793 6 129605
467 10 132225 6 132370
468 19 64172 5 64683
469 10 89918 7 90882
470 76 113763 5 114010
471 77 124360 6 125198
472 3 162552 6 163053
473 78 11713 6 12566
474 71 95342 7 95784
475 35 163933 7 164743
476 35 77368 8 78192
477 78 26495 6 27414
478 76 85648 6 85936
479 78 108035 6 108588
480 16 8184 8 8475
481 67 159908 6 160378
482 76 149868 6 150436
483 67 84507 7 85412
484 3 163115 6 163971
485 49 22325 6 23164
486 3 133110 5 133608
487 49 82916 4 83549
488 77 3569 6 4336
489 23 15365 6 16342
490 78 12704 6 13500
491 43 41051 5 41771
492 64 137972 6 138920
493 78 26112 4 26495
494 16 11786 5 12655
495 18 15886 8 16328
496 78 150476 6 150621
497 77 144868 5 145369
498 43 47056 6 47264
499 43 58281 5 58584
500 43 3569 5 4501
501 13 97376 7 98058
502 67 77368 7 78301
503 18 41051 6 41909
504 16 154733 5 155451
505 43 112388 6 113149
506 43 22325 6 23080
507 3 108519 6 109284
508 78 88134 6 88818
509 49 156631 6 156950
510 43 163115 4 164198
511 13 0 6 489
512 3 10150 4 10579
513 46 137972 8 138500
514 58 57986 4 58260
515 71 10858 5 11712
516 77 47778 7 48689
517 77 89918 6 90867
518 49 90871 6 91810
519 35 79000 7 79283
520 83 43831 6 44322
521 78 139694 5 140166
522 43 130188 5 131119
523 58 48086 5 48508
524 16 128793 8 129423
525 30 117203 8 117484
526 71 64976 5 65772
527 3 38921 4 39468
528 67 88134 5 88479
529 18 83851 8 84480
530 78 99786 6 100569
531 44 107015 6 107526
532 48 78301 7 79165
533 71 89099 7 89381
534 67 5451 7 6384
535 19 5242 6 6075
536 16 114654 8 115554
537 58 124169 7 124432
538 71 72580 7 72973
539 78 136787 6 137281
540 3 5313 4 6171
541 18 12704 8 13437
542 43 27060 7 27803
543 71 156631 7 157580
544 49 150810 5 151680
545 77 161456 6 162029
546 10 85196 6 86049
547 18 34885 8 35316
548 64 157349 7 157983
549 48 163115 6 163780
550 43 51331 6 52257
551 67 136036 6 136210
552 76 130913 5 131513
553 49 7722 4 8754
554 58 155052 7 155905
555 71 103984 7 104862
556 46 24367 6 25114
557 43 489 7 1317
558 83 24367 5 25135
559 43 73678 6 74408
560 13 50827 7 51256
561 58 57308 7 57986
562 78 33398 5 34235
563 77 82236 7 83126
564 16 156210 7 156975
565 10 6363 6 6811
566 67 70770 6 71559
567 30 152690 7 153587
568 44 11541 6 12329
569 16 91742 8 92368
570 71 4803 6 5480
571 30 149868 8 150558
572 35 76848 8 77157
573 16 45722 7 46649
574 64 48226 5 48441
575 3 85196 5 85360
576 78 2826 5 3147
577 16 1129 7 2097
578 64 8583 8 9431
579 77 152690 6 153649
580 48 99329 7 99505
581 10 64529 6 64665
582 30 95057 7 95907
583 3 41791 6 42308
584 58 96922 7 97523
585 43 14149 6 14743
586 30 110828 6 111590
587 16 15365 8 15629
588 58 18212 6 18771
589 18 37451 8 37917
590 16 81003 7 81611
591 46 25870 8 26142
592 19 140465 7 141279
593 48 153581 6 154404
594 58 1258 5 1448
595 78 152690 6 153589
596 67 143714 7 144445
597 64 93944 6 94221
598 43 121799 5 122686
599 35 7676 6 8627
600 64 57317 7 58234
601 46 97303 7 97949
602 77 116257 7 116971
603 64 62011 6 62393
604 76 159555 5 160423
605 77 16498 7 17256
606 16 108705 7 109478
607 43 32859 6 33346
608 35 69853 7 70309
609 3 132225 4 132468
610 18 30638 8 31153
611 16 138209 6 139013
612 35 48839 8 49440
613 43 47264 5 47938
614 78 145505 5 146388
615 10 28350 5 29318
616 46 46139 6 46779
617 83 21795 6 22522
618 35 82436 8 83228
619 67 30906 6 31829
620 16 49910 7 50155
621 78 135844 5 136609
622 35 29782 7 29969
623 46 155161 5 155339
624 71 54559 6 54719
625 44 41216 6 42128
626 19 141310 7 141859
627 44 21632 6 21942
628 76 67347 4 67955
629 67 120727 5 120988
630 3 57308 6 58082
631 58 154141 7 155009
632 58 36263 6 36876
633 58 6613 6 7330
634 16 110119 7 110828
635 3 74448 6 75062
636 35 158728 6 158876
637 49 6363 6 6734
638 67 46103 6 46545
639 46 112160 6 112526
640 16 13584 8 14513
641 49 21795 6 21917
642 76 34089 5 34393
643 30 145553 6 146265
644 78 31706 6 32389
645 44 65355 5 65478
646 78 20426 5 21144
647 46 82105 7 82916
648 67 16636 6 17447
649 49 71330 6 72313
650 67 90089 6 90803
651 67 99205 7 99832
652 43 29782 5 30638
653 58 160017 5 160470
654 58 11541 5 12072
655 67 73613 7 74448
656 30 62728 5 63325
657 35 130188 8 131041
658 49 3569 5 4358
659 30 8229 8 8623
660 49 25874 6 26857
661 67 38411 5 39310
662 13 32295 6 32722
663 78 91742 6 91886
664 83 66753 6 66913
665 46 153893 7 154141
666 77 87855 7 88716
667 18 86531 7 87434
668 30 8734 5 8936
669 76 145375 6 145861
670 46 42660 7 42840
671 48 143714 6 144524
672 49 107015 5 107414
673 43 114641 7 115359
674 67 113763 7 114128
675 19 132225 7 133122
676 83 97406 6 97653
677 3 44513 5 45335
678 78 127925 6 128559
679 44 66597 6 67087
680 67 93944 4 94564
681 35 22020 8 22367
682 16 8583 6 8956
683 10 36366 7 36701
684 13 53182 6 53929
685 10 49294 6 49943
686 64 48839 8 49323
687 19 50827 7 51766
688 76 103370 6 103658
689 78 149289 6 150259
690 10 20426 7 21159
691 18 99832 7 100539
692 78 28821 6 29555
693 19 32496 5 33304
694 77 148969 6 149806
695 58 133850 5 134710
696 10 59410 7 60233
697 19 71559 7 72427
698 58 120952 7 121882
699 58 39843 7 40356
700 76 2066 4 2693
701 46 110403 6 111227
702 10 88789 6 89533
703 18 73824 8 74012
704 48 68983 6 69584
705 67 56768 6 57505
706 78 112388 5 112779
707 58 106381 6 107015
708 10 158776 7 159481
709 71 14455 5 15255
710 18 162149 8 162552
711 3 32295 6 33171
712 46 26802 5 27488
713 58 38862 5 39318
714 58 87284 6 88027
715 16 151346 7 152336
716 30 88522 7 89216
717 83 4803 6 5550
718 16 45117 5 45457
719 77 69853 7 70696
720 3 107965 6 108519
721 10 135844 7 136336
722 78 141923 6 142750
723 77 156953 7 157322
724 16 164903 7 165645
725 58 163115 4 163877
726 49 90323 5 90714
727 16 55199 5 55347
728 58 35228 7 36263
729 49 136443 5 137308
730 67 151179 6 151829
731 49 144572 6 145069
732 3 106381 5 107091
733 46 126350 8 127093
734 67 80874 6 81626
735 30 49724 7 50530
736 67 119879 6 120598
737 77 78301 7 78490
738 16 53846 7 54607
739 16 32859 8 33199
740 35 16698 8 17655
741 3 119330 6 120126
742 35 111649 8 112452
743 35 104202 8 104804
744 78 96181 6 96958
745 46 115445 8 116257
746 64 129575 7 130372
747 67 117113 7 117505
748 67 123567 6 124309
749 76 113066 5 113358
750 67 61608 7 62174
751 71 109268 7 110253
752 58 66019 7 66625
753 16 68090 8 68915
754 48 27792 6 28079
755 16 40005 6 40754
756 3 137281 5 138252
757 10 52020 5 52822
758 46 109683 8 110119
759 19 16698 6 17547
760 71 118640 6 119427
761 78 32496 6 33398
762 16 18212 7 18681
763 3 78301 4 78566
764 16 90606 5 91011
765 71 133074 6 133977
766 83 26859 6 27629
767 46 101724 6 102666
768 16 104907 5 105051
769 35 102556 8 103090
770 3 59624 5 60495
771 10 14584 6 15287
772 43 158776 6 159089
773 78 90803 6 91522
774 78 115215 5 115896
775 71 64172 7 64903
776 35 153581 6 154532
777 3 139694 4 139896
778 16 159555 8 160311
779 67 94564 7 95368
780 46 82916 6 83851
781 43 79106 5 80081
782 78 48839 6 49798
783 30 24727 6 25666
784 3 77368 6 78185
785 58 18771 4 19684
786 58 79081 6 79751
787 43 148790 5 149289
788 76 131513 5 132084
789 30 144720 7 145542
790 35 34221 7 34486
791 16 121799 4 122782
792 67 74824 5 75547
793 67 108035 7 108830
794 67 124309 7 125038
795 10 51096 6 51901
796 35 99205 8 100088
797 71 82916 7 83416
798 64 71632 7 72001
799 19 51908 5 52219
800 49 18650 6 19555
801 3 133850 6 134640
802 13 106628 7 106799
803 46 145602 6 146459
804 46 33351 7 33725
805 78 39692 4 40598
806 64 154827 6 155071
807 67 132470 6 132750
808 3 6927 6 7717
809 58 141923 7 142884
810 77 59410 7 59606
811 10 73678 5 74452
812 67 82436 7 83407
813 13 83980 6 84456
814 78 85349 6 85690
815 49 14149 5 14875
816 58 118413 5 118640
817 44 14455 6 15194
818 43 46298 7 47056
819 16 92368 7 93273
820 71 26112 6 26747
821 43 152690 5 153130
822 67 15265 7 16085
823 78 131642 6 132358
824 30 92126 6 92821
825 67 10150 7 10597
826 10 87855 6 88699
827 58 46298 4 46574
828 77 68872 7 69235
829 58 135068 7 135523
830 76 54394 5 55269
831 76 29194 5 29969
832 77 55348 7 55619
833 78 150718 5 151098
834 58 159555 5 160017
835 43 106573 5 106730
836 46 109084 7 109683
837 13 95145 5 95965
838 76 38411 6 39428
839 10 98539 7 99310
840 16 107871 7 108701
841 67 54394 4 55199
842 76 100139 6 100550
843 13 47778 7 48489
844 30 149398 6 149832
845 58 84507 7 85250
846 77 24037 7 24844
847 49 67347 6 68081
848 3 121799 5 122645
849 46 9381 7 10150
850 23 132456 6 132959
851 49 60994 4 61559
852 49 145553 6 146458
853 71 5996 7 6152
854 30 23478 7 23664
855 48 57986 7 58323
856 19 126256 7 127024
857 46 90987 8 91742
858 83 153535 6 153894
859 44 113917 6 114842
860 77 65903 7 66221
861 16 34433 6 34891
862 3 88134 6 88481
863 10 65166 6 66128
864 64 55348 6 55790
865 44 34433 6 35156
866 43 162219 5 162596
867 43 28091 7 28762
868 30 156210 7 156880
869 77 105897 6 106135
870 30 23688 6 24509
871 3 154827 6 155635
872 78 86921 5 87760
873 67 125038 6 125471
874 78 25224 6 26065
875 10 111717 7 112516
876 76 41791 6 42148
877 64 24181 8 25095
878 16 106381 7 107070
879 71 69853 7 70405
880 83 11527 6 11986
881 35 71559 8 72266
882 19 154691 6 154850
883 46 50827 5 51474
884 64 14513 7 15473
885 35 18212 7 18742
886 49 53182 6 53976
887 30 63968 8 64731
888 78 34433 5 34820
889 13 106381 7 106628
890 83 110119 5 110879
891 46 35571 7 35754
892 43 13584 5 14149
893 13 134600 7 135083
894 13 16061 7 16592
895 76 26441 6 27275
896 18 110119 7 110384
897 16 143122 7 144007
898 3 114641 5 115417
899 16 35754 7 36366
900 43 99409 6 100253
901 78 154117 5 154845
902 35 115710 8 116185
903 67 20238 4 20527
904 77 140465 7 141258
905 76 147920 5 148186
906 78 151098 6 151233
907 48 9050 6 9640
908 78 125434 6 126208
909 78 143903 5 144921
910 49 62815 6 63555
911 18 154141 8 154971
912 18 145375 7 146076
913 3 165044 6 165867
914 35 126785 5 127547
915 48 68548 7 68781
916 16 80124 8 81003
917 58 97525 7 97718
918 58 96274 4 96922
919 35 12704 8 13436
920 19 106381 5 106848
921 10 100409 7 100687
922 49 41791 6 42054
923 78 24438 4 25224
924 76 20815 5 21795
925 48 88826 6 89619
926 78 117113 6 117931
927 19 103370 7 104328
928 77 118896 7 119670
929 30 41051 8 41778
930 13 32859 7 33457
931 44 57505 6 58463
932 18 2645 7 3551
933 10 7752 7 8040
934 16 130188 7 130762
935 49 118088 6 118311
936 58 147804 7 148570
937 3 37451 6 37985
938 49 97376 6 98269
939 43 64976 5 65903
940 49 57308 5 58168
941 10 8157 6 8410
942 77 151098 5 151835
943 35 76130 6 76258
944 83 55348 5 56117
945 76 125434 6 126336
946 44 65791 6 66538
947 44 46298 6 47192
948 67 146459 7 147020
949 76 95644 6 96194
950 67 136855 7 137403
951 46 85349 7 85804
952 43 165044 7 165804
953 83 1333 6 1786
954 46 4785 6 5210
955 18 82436 8 82693
956 76 123567 5 123965
957 43 57865 6 58129
958 30 91578 8 92004
959 19 146459 7 146760
960 30 70770 5 71136
961 67 47441 7 48226
962 16 2645 7 3524
963 64 151861 7 152786
964 30 157964 7 158205
965 48 163780 6 164735
966 76 164231 5 164995
967 13 98832 7 99786
968 67 156210 7 156953
969 67 32295 7 33151
970 46 44204 6 44465
971 16 158189 6 158843
972 16 41051 7 41541
973 19 92272 6 92931
974 58 118640 5 119156
975 64 83462 8 83922
976 49 55199 5 56187
977 46 123150 6 123567
978 3 76848 4 77071
979 43 62011 6 62557
980 67 14455 6 15190
981 16 81908 7 82678
982 35 47548 8 48384
983 67 101933 7 102528
984 16 66568 5 67362
985 46 141923 7 142997
986 10 48839 6 49246
987 67 39310 6 40034
988 46 138500 6 138630
989 83 109268 6 110062
990 76 117986 6 118528
991 46 73123 7 73824
992 64 47264 7 48145
993 76 117252 5 117877
994 58 117555 6 118048
995 30 98382 6 99046
996 19 107015 7 107321
997 43 157964 6 158776
998 83 96226 5 96736
999 43 72003 7 72772
1000 64 162219 8 162380
1001 18 95342 7 96054
1002 58 20426 7 20964
1003 77 33398 7 34104
1004 35 10858 8 11671
1005 16 30906 5 31912
1006 16 73123 8 73870
1007 46 133850 8 134600
1008 46 120727 8 121146
1009 46 17228 5 18212
1010 13 113561 6 114372
1011 16 135844 8 136621
1012 67 36209 6 36996
1013 43 113149 6 113917
1014 78 166020 5 166546
1015 76 4785 6 5256
1016 43 27803 5 28091
1017 43 118088 7 118412
1018 3 143714 6 143847
1019 35 35754 7 36111
1020 46 103436 6 104212
1021 46 130188 8 130537
1022 77 111644 5 112368
1023 77 85648 7 86201
1024 48 16328 6 17048
1025 49 107965 6 108814
1026 76 9050 6 9748
1027 46 32496 7 33351
1028 71 132225 6 132530
1029 58 95084 6 95387
1030 43 85476 5 86010
1031 13 137972 6 138278
1032 48 165044 7 165792
1033 18 51474 8 52194
1034 67 115082 6 115618
1035 77 62728 7 62912
1036 46 14584 6 15450
1037 49 133850 5 134072
1038 18 28350 8 29268
1039 46 113066 5 113561
1040 16 69984 7 70771
1041 58 137972 7 138520
1042 48 126785 7 127508
1043 49 117555 5 117907
1044 30 38579 6 39258
1045 58 22325 7 23062
1046 58 93182 6 93531
1047 13 164903 7 165193
1048 19 124029 7 124905
1049 18 32495 8 32954
1050 78 110741 6 110965
1051 78 158776 6 159044
1052 49 58260 5 58936
1053 16 123567 7 124360
1054 46 142997 7 143714
1055 30 132456 7 133406
1056 16 50155 6 50976
1057 71 81009 7 81484
1058 16 50976 4 51908
1059 71 146459 6 147141
1060 49 2066 5 2846
1061 77 49724 6 50283
1062 46 129022 6 129575
1063 19 41216 7 42161
1064 46 114236 8 114527
1065 58 68090 6 68811
1066 67 122534 7 123186
1067 19 46139 7 46715
1068 78 161807 5 162363
1069 58 10150 6 10604
1070 10 17489 7 18251
1071 10 93415 6 94308
1072 71 91359 5 92128
1073 78 82236 5 83149
1074 30 46103 7 47000
1075 43 9186 7 9953
1076 13 21632 5 22468
1077 67 31829 6 32295
1078 43 132225 6 133110
1079 48 58735 6 59642
1080 18 58129 7 58716
1081 67 21795 6 22738
1082 78 140166 6 141152
1083 76 139694 5 140384
1084 76 50191 6 50798
1085 16 97406 8 98320
1086 46 134600 7 135305
1087 46 124736 7 125434
1088 18 97376 7 98232
1089 71 15365 7 16140
1090 49 128087 6 128949
1091 71 99786 7 100189
1092 67 8801 6 9050
1093 46 1529 7 2066
1094 71 98559 7 98976
1095 43 156210 5 156762
1096 58 14149 7 14745
1097 16 103370 5 103893
1098 67 136210 5 136855
1099 77 126682 7 127328
1100 48 50155 7 50791
1101 43 69862 7 70268
1102 71 24073 7 24199
1103 3 72433 5 72942
1104 58 81908 5 82837
1105 43 109268 6 110056
1106 16 111649 5 112739
1107 76 30995 5 31706
1108 49 16976 6 17947
1109 46 155339 7 155682
1110 48 124360 7 125141
1111 83 88910 5 89034
1112 64 6135 8 6331
1113 77 58025 7 58960
1114 3 111644 5 112538
1115 64 66753 8 67630
1116 48 89918 7 90218
1117 58 51500 7 51679
1118 16 95145 4 95784
1119 77 489 6 1008
1120 3 62011 4 63028
1121 67 34795 7 35433
1122 43 11742 7 12598
1123 18 98539 8 99331
1124 43 24181 6 24727
1125 58 112388 4 113402
1126 67 50122 6 50300
1127 18 45722 8 46125
1128 83 10562 6 11127
1129 13 9763 7 10573
1130 43 97376 7 97525
1131 18 151098 8 151925
1132 64 41051 7 41691
1133 78 93056 6 93415
1134 44 60212 6 60804
1135 67 7043 5 7876
1136 46 489 5 1333
1137 78 489 4 1318
1138 30 25870 5 26441
1139 48 98382 6 98813
1140 49 148996 6 149868
1141 13 88917 7 89051
1142 30 86226 7 86767
1143 46 111227 6 112160
1144 48 69853 6 70560
1145 18 89308 7 90253
1146 3 25114 5 25728
1147 67 104633 5 105560
1148 64 96194 7 96996
1149 83 60597 6 61161
1150 71 141932 7 142170
1151 16 20442 7 21229
1152 13 36263 7 36977
1153 48 11541 7 12338
1154 67 145808 5 146290
1155 3 1129 5 2115
1156 67 24186 7 24367
1157 67 75547 7 76308
1158 77 87434 6 87854
1159 78 136609 4 136746
1160 18 16976 8 17872
1161 43 140307 7 141016
1162 30 127071 5 127609
1163 18 10858 7 11629
1164 67 103415 5 104255
1165 77 71559 6 72390
1166 58 113944 7 114664
1167 35 43831 7 44385
1168 48 49294 7 50108
1169 13 76130 7 76977
1170 35 98382 8 99062
1171 19 155052 7 155991
1172 58 127071 7 127245
1173 77 153879 7 154411
1174 46 119772 5 120727
1175 71 143714 7 144437
1176 43 159862 7 160223
1177 46 35754 8 36482
1178 48 99786 7 100558
1179 48 135844 7 136161
1180 30 66568 7 67225
1181 49 47778 4 48672
1182 78 43831 6 44831
1183 78 108588 5 109382
1184 46 117879 7 118515
1185 49 88910 5 89411
1186 67 48226 6 48691
1187 46 20426 8 20815
1188 43 149961 5 150711
1189 67 79997 5 80874
1190 76 129951 5 130913
1191 76 79270 6 80102
1192 77 59767 6 60636
1193 35 15265 8 15935
1194 71 46298 7 47046
1195 43 6153 6 6363
1196 76 157983 6 158942
1197 43 113917 7 114641
1198 71 112388 6 112619
1199 49 138209 6 138957
1200 78 21144 4 21891
1201 19 74750 7 75210
1202 78 120952 6 121835
1203 46 53182 5 54027
1204 35 114901 8 115710
1205 43 52257 7 53182
1206 46 51474 4 52396
1207 67 126208 7 126456
1208 18 104081 7 104945
1209 43 48839 7 49079
1210 10 139694 6 140375
1211 78 15265 5 15987
1212 30 28028 7 28521
1213 48 162149 7 162863
1214 48 66753 7 67550
1215 49 152690 6 153525
1216 58 119847 5 120178
1217 10 31912 6 32894
1218 49 141923 5 142889
1219 30 52959 6 53189
1220 83 34795 6 34941
1221 78 35213 4 35581
1222 30 118944 8 119313
1223 46 83851 5 84507
1224 19 69853 7 70596
1225 49 93084 5 93910
1226 49 109683 4 110241
1227 77 102556 6 103175
1228 67 51096 7 51751
1229 78 159555 5 159884
1230 18 69853 7 70294
1231 67 119040 6 119879
1232 35 84652 6 85549
1233 43 104907 7 105881
1234 76 98765 6 98895
1235 67 92366 6 92536
1236 18 57308 8 58074
1237 43 153130 5 153535
1238 49 135844 5 136393
1239 46 116257 7 117252
1240 58 124736 6 125551
1241 43 88789 6 89308
1242 48 10174 7 10647
1243 18 114641 7 115061
1244 48 139694 6 140113
1245 64 98382 6 99329
1246 48 92272 7 92501
1247 19 23688 7 24303
1248 49 69853 5 70614
1249 49 147188 6 147470
1250 49 88134 6 88910
1251 46 5210 7 5996
1252 77 12492 6 12905
1253 10 69190 7 70005
1254 13 68983 6 69246
1255 30 116340 8 117203
1256 78 129423 6 129964
1257 30 155161 8 155673
1258 10 24186 5 24431
1259 67 154037 6 154951
1260 67 127613 7 128365
1261 46 34433 8 34795
1262 67 86267 6 87244
1263 46 150597 5 151088
1264 77 15265 6 16015
1265 48 2846 7 3352
1266 19 20238 7 20590
1267 64 74824 8 75171
1268 58 5242 6 6060
1269 16 24037 7 24865
1270 78 16698 6 17687
1271 3 128087 4 128396
1272 78 13584 5 13747
1273 43 93993 5 94713
1274 16 86531 6 87535
1275 30 121799 6 122549
1276 10 1258 6 1408
1277 19 65355 7 65895
1278 23 49294 6 50038
1279 83 47898 6 48611
1280 78 54394 5 55206
1281 58 52020 5 52959
1282 64 86921 7 87753
1283 76 55348 6 55603
1284 76 99305 6 100137
1285 19 153879 7 154651
1286 16 164231 7 164745
1287 64 35213 7 35830
1288 49 101451 6 102246
1289 64 108921 8 109773
1290 3 63259 4 64350
1291 19 70596 6 71373
1292 78 126208 6 127035
1293 49 160473 5 161228
1294 35 28028 6 28546
1295 46 89918 8 90189
1296 30 97303 8 98175
1297 10 30069 7 30792
1298 16 118944 8 119689
1299 46 112526 7 113066
1300 19 31829 7 32344
1301 46 136565 7 137177
1302 3 115618 5 116395
1303 3 142805 4 143489
1304 77 84652 6 85207
1305 78 110403 6 110525
1306 46 34795 8 35267
1307 71 88134 6 89099
1308 77 41129 7 41484
1309 64 146459 7 147184
1310 71 144445 7 144842
1311 43 63092 4 64172
1312 67 53497 7 54266
1313 19 117555 6 118320
1314 58 79751 6 80611
1315 48 47548 6 47896
1316 10 11528 7 12050
1317 30 103370 8 103737
1318 3 23080 4 24056
1319 49 8801 5 9232
1320 64 99329 6 99497
1321 78 29782 6 30488
1322 77 132225 6 132481
1323 71 75547 7 76391
1324 76 96194 4 96721
1325 35 87284 8 88026
1326 58 9050 6 9779
1327 76 78147 5 79010
1328 30 83407 8 83749
1329 49 86944 5 87291
1330 10 156210 5 156876
1331 35 29120 8 29739
1332 35 68090 8 68854
1333 76 98382 6 98765
1334 67 4543 5 4803
1335 13 52020 7 52319
1336 76 106381 5 106683
1337 35 5996 8 6153
1338 67 1258 6 1709
1339 35 89918 8 90869
1340 18 141932 8 142478
1341 67 85412 5 85648
1342 49 126785 6 126950
1343 35 129423 6 130141
1344 83 7752 6 7899
1345 35 86531 6 87284
1346 30 110119 8 110417
1347 58 86208 7 86735
1348 16 72003 7 72811
1349 77 95145 7 95920
1350 46 8734 6 8927
1351 10 56002 5 56869
1352 13 15629 5 15789
1353 83 136210 5 136969
1354 35 110828 7 111626
1355 46 131493 8 132456
1356 49 31845 5 32774
1357 71 129951 7 130739
1358 43 4501 7 4801
1359 16 82916 8 83462
1360 13 158937 7 159555
1361 44 26859 6 27258
1362 67 112583 7 113569
1363 35 68872 8 69228
1364 13 161456 6 162348
1365 77 92126 7 92932
1366 13 137177 7 137964
1367 78 22325 5 23163
1368 67 157116 6 157349
1369 78 103461 5 104337
1370 46 77368 8 77649
1371 18 47989 8 48798
1372 19 161403 6 162178
1373 78 89918 5 90483
1374 58 126472 6 126872
1375 49 113149 5 113909
1376 16 10858 5 11786
1377 78 3569 6 4419
1378 30 4501 6 4710
1379 35 149060 7 149773
1380 67 91578 7 92366
1381 3 27757 6 27928
1382 49 94829 6 95865
1383 76 41051 6 41370
1384 58 86921 7 87057
1385 19 57308 7 57862
1386 49 79290 5 79468
1387 46 118515 4 118896
1388 76 163115 5 164006
1389 3 21795 6 22155
1390 16 88134 8 88973
1391 48 123150 7 123870
1392 76 9763 4 10020
1393 43 106381 7 106573
1394 13 127613 7 128294
1395 49 121799 5 122700
1396 58 139694 5 140395
1397 78 42971 6 43831
1398 46 114527 7 115445
1399 35 110403 8 110569
1400 46 164929 5 166020
1401 58 74448 6 75307
1402 78 39279 6 39692
1403 30 3569 7 4330
1404 30 29120 8 29577
1405 67 43658 6 44356
1406 58 146459 7 147266
1407 76 137984 4 138846
1408 46 52396 6 53182
1409 78 34885 5 35213
1410 58 93056 7 93182
1411 35 53497 8 54223
1412 83 46103 5 46514
1413 71 121799 7 122723
1414 48 111227 5 111354
1415 30 42313 5 42976
1416 77 29194 7 30170
1417 10 152690 6 153352
1418 23 50300 6 51003
1419 43 28762 5 29782
1420 64 142884 8 143613
1421 30 99786 8 100526
1422 19 85648 7 86311
1423 49 26859 4 27095
1424 67 156953 6 157116
1425 49 126256 5 126785
1426 46 76130 6 76707
1427 58 142884 5 143860
1428 83 79081 5 79804
1429 10 95145 7 95946
1430 67 117555 5 117688
1431 77 48839 6 49540
1432 43 5313 5 6153
1433 16 103893 7 104081
1434 58 54394 7 55094
1435 46 57922 8 58735
1436 49 99786 4 99929
1437 10 151233 5 151617
1438 76 15265 4 16203
1439 43 131119 7 131976
1440 19 114654 7 114886
1441 78 50367 4 51351
1442 46 76707 7 76848
1443 46 160227 7 160815
1444 13 59253 6 60063
1445 58 51096 5 51500
1446 16 68915 6 69743
1447 44 15265 6 16134
1448 58 37451 7 38033
1449 30 39318 8 40031
1450 35 113066 8 113595
1451 3 92272 6 92699
1452 67 59645 6 60655
1453 16 136621 8 137050
1454 77 143024 7 143859
1455 76 140465 5 141482
1456 35 135144 8 135340
1457 43 80081 4 81009
1458 77 9050 6 9691
1459 18 126256 8 127247
1460 76 62011 5 62728
1461 18 7722 7 8470
1462 58 61550 6 61940
1463 78 107104 5 108004
1464 10 153478 5 154175
1465 3 79757 4 80564
1466 67 104255 7 104633
1467 16 29888 7 30859
1468 64 85648 6 86035
1469 46 99842 5 100139
1470 67 144868 7 145808
1471 78 45117 4 45310
1472 30 69853 7 70180
1473 67 111644 6 111942
1474 71 79000 7 79353
1475 64 11541 7 12090
1476 10 2066 6 2792
1477 58 66713 5 67585
1478 3 41216 6 41664
1479 16 144007 6 144720
1480 16 9763 8 10580
1481 35 106381 8 106932
1482 43 83980 7 84389
1483 16 17489 6 17710
1484 78 83851 5 84194
1485 10 163621 7 163886
1486 58 100751 6 100911
1487 58 17122 6 17910
1488 67 26441 5 27271
1489 78 116257 6 117013
1490 49 85349 6 85879
1491 64 28028 8 28350
1492 46 47564 5 48548
1493 30 126208 6 126988
1494 67 74448 5 74824
1495 49 142889 5 143637
1496 49 28028 5 28517
1497 77 79000 7 79579
1498 58 147266 5 147470
1499 43 147804 6 148790
1500 76 32495 5 33030
1501 77 143903 7 144849
1502 16 15629 5 16404
1503 83 104255 6 104997
1504 30 79259 6 79987
1505 43 133110 6 133483
1506 18 64172 8 64924
1507 49 109084 6 109490
1508 71 24367 7 24657
1509 19 134283 5 134747
1510 64 127925 7 128583
1511 67 10858 7 11807
1512 67 153879 7 154037
1513 83 117555 5 118363
1514 43 66713 6 67610
1515 30 112160 6 113040
1516 46 66597 4 67347
1517 67 16085 7 16636
1518 16 139694 7 140097
1519 71 164198 6 165114
1520 77 83407 7 83862
1521 43 135844 7 136831
1522 48 489 6 1307
1523 35 141923 7 142833
1524 71 77649 6 77790
1525 67 51908 6 52061
1526 64 103370 7 104088
1527 64 43831 7 44378
1528 18 15738 7 15886
1529 46 13998 8 14584
1530 18 9763 7 10643
1531 3 58260 4 59205
1532 46 75602 7 76130
1533 46 146978 6 147185
1534 30 4785 8 5266
1535 64 35830 6 36592
1536 13 101071 7 101401
1537 71 86418 6 86571
1538 46 68927 5 69190
1539 76 100550 5 101265
1540 19 66568 7 67321
1541 43 116340 6 117120
1542 43 10354 6 10858
1543 43 37573 7 38411
1544 49 37573 6 37805
1545 35 36263 5 37007
1546 19 90803 7 91198
1547 23 66568 6 67119
1548 76 44343 6 44650
1549 46 60781 8 61408
1550 30 140666 8 141325
1551 77 163621 5 164245
1552 30 9763 6 10583
1553 46 54027 8 54394
1554 64 30977 6 31375
1555 64 12492 6 12894
1556 13 110529 6 110721
1557 78 56002 5 56693
1558 77 66568 6 67346
1559 3 139896 6 140684
1560 10 71330 7 72289
1561 76 103893 6 104770
1562 43 86979 4 87855
1563 16 157545 5 158173
1564 16 104202 7 104732
1565 3 149273 5 149665
1566 76 51908 5 52508
1567 77 30638 7 30945
1568 18 21945 7 22164
1569 64 118515 8 119411
1570 43 107965 7 108271
1571 67 150034 5 151179
1572 10 9763 6 10753
1573 76 43658 4 44343
1574 3 31706 5 32032
1575 46 7676 6 8608
1576 49 11067 5 11254
1577 46 56682 5 57308
1578 67 140543 5 140925
1579 30 123567 8 124479
1580 58 107015 7 107955
1581 43 56318 7 57317
1582 35 118412 8 119138
1583 64 159555 7 160341
1584 71 129022 7 129764
1585 43 120727 5 120926
1586 16 67362 7 68090
1587 46 156631 6 157099
1588 43 18941 6 19859
1589 19 162219 5 162625
1590 58 161456 6 162216
1591 19 138209 6 138863
1592 46 86921 8 87543
1593 23 154845 6 155755
1594 58 136787 6 137784
1595 48 128069 6 128190
1596 64 92272 6 92454
1597 67 50300 6 51096
1598 43 147248 7 147804
1599 43 78147 7 79106
1600 83 141932 5 142767
1601 76 18212 5 18645
1602 58 73427 4 74059
1603 35 48384 8 48712
1604 43 47938 6 48839
1605 78 6613 6 7360
1606 64 135068 8 135220
1607 44 7876 6 8245
1608 49 74717 6 75681
1609 3 489 6 1064
1610 13 34089 7 34365
1611 67 95368 5 96339
1612 49 6927 6 7722
1613 43 8458 5 8801
1614 64 33138 8 33876
1615 67 93084 5 93944
1616 67 129951 5 130703
1617 77 100409 7 100665
1618 16 56133 4 57063
1619 3 86921 6 87913
1620 76 6927 5 7752
1621 10 53497 6 54326
1622 43 25538 5 26335
1623 77 137177 7 137456
1624 46 162306 8 163115
1625 78 58730 5 59127
1626 46 12492 7 13493
1627 67 96672 5 97140
1628 77 130762 6 130896
1629 48 17048 5 17721
1630 49 56552 5 57121
1631 43 81009 4 81908
1632 58 65166 6 65504
1633 49 157964 6 158937
1634 58 140465 7 141138
1635 46 29120 7 29883
1636 67 157349 7 158189
1637 58 110529 7 111425
1638 46 87543 8 88522
1639 18 34064 8 34885
1640 83 150711 6 151255
1641 46 139694 8 140465
1642 16 489 7 1129
1643 3 148161 6 149008
1644 78 0 4 362
1645 35 147871 8 148211
1646 35 121799 8 122600
1647 43 41791 6 42626
1648 46 101071 8 101724
1649 46 164231 7 164929
1650 35 138500 8 138944
1651 35 50827 7 51671
1652 64 2846 7 3267
1653 58 124432 5 124607
1654 49 154679 5 155502
1655 18 6613 7 7321
1656 3 67347 6 68140
1657 49 76019 6 76507
1658 46 41129 6 41359
1659 78 105051 5 105853
1660 76 92782 6 93538
1661 18 39843 7 40559
1662 58 157235 7 158024
1663 30 96194 5 96921
1664 83 28106 6 28929
1665 77 119943 6 120112
1666 43 125481 5 126256
1667 77 9763 7 10741
1668 3 3569 5 4250
1669 76 149398 6 149802
1670 67 147185 6 147920
1671 58 4785 7 5242
1672 30 33929 6 34654
1673 43 159555 7 159862
1674 46 39843 8 40115
1675 10 157964 7 158634
1676 77 14513 7 14896
1677 3 124309 6 124808
1678 77 42040 7 42436
1679 67 48691 7 48956
1680 16 100409 8 101363
1681 83 62011 6 62729
1682 10 114641 7 115409
1683 76 122160 5 122670
1684 46 56002 8 56682
1685 67 19228 6 19386
1686 43 123650 7 124555
1687 43 19859 7 20281
1688 71 11786 7 12657
1689 71 33398 6 33542
1690 83 92272 6 92407
1691 67 33151 5 33929
1692 71 134496 7 134914
1693 16 43185 5 43785
1694 46 40115 5 40287
1695 16 120727 7 121028
1696 44 32295 6 32494
1697 67 33929 6 34643
1698 78 101351 5 102222
1699 19 28106 7 28886
1700 35 162149 8 162840
1701 64 89918 8 90755
1702 77 46103 7 46262
1703 64 58735 7 59731
1704 49 158937 6 159117
1705 67 147920 7 148650
1706 64 114236 8 115041
1707 44 109268 6 109411
1708 16 75399 7 76386
1709 77 96533 6 97056
1710 19 34089 7 34851
1711 76 81908 6 82739
1712 46 30260 7 30977
1713 49 61559 5 62057
1714 30 57308 7 57613
1715 58 150718 6 151442
1716 46 166020 8 166211
1717 67 111942 6 112583
1718 58 114664 4 115398
1719 58 160473 5 160617
1720 67 97140 5 97833
1721 71 34089 7 34731
1722 19 13584 7 13943
1723 49 118944 6 119330
1724 48 122160 7 122423
1725 78 37573 4 37911
1726 77 103370 6 104218
1727 46 86531 6 86921
1728 13 11786 7 12663
1729 16 113763 8 114654
1730 64 107965 8 108921
1731 48 32634 6 32951
1732 58 108921 5 109585
1733 19 22325 7 23090
1734 30 77368 7 77736
1735 71 135844 7 136580
1736 3 46298 5 47272
1737 13 117718 7 117947
1738 13 8801 7 9138
1739 58 131612 5 132134
1740 35 96226 7 97159
1741 43 20426 7 21093
1742 43 133850 5 134283
1743 78 133850 4 134526
1744 76 47118 4 47508
1745 18 144007 8 144867
1746 58 136036 6 136787
1747 64 42040 7 42359
1748 58 13584 7 14079
1749 35 37451 7 37623
1750 77 22325 7 23025
1751 13 78301 6 79118
1752 78 47548 6 48240
1753 10 149398 5 149604
1754 46 105447 6 105897
1755 64 77368 7 78012
1756 43 74717 7 75648
1757 43 161807 7 162190
1758 19 95145 7 96073
1759 10 34891 6 35253
1760 43 93366 7 93993
1761 3 140684 6 141544
1762 49 63555 6 64236
1763 43 134283 4 134988
1764 76 23688 6 24054
1765 46 19182 7 20145
1766 71 139694 5 140673
1767 46 121799 8 122331
1768 10 9050 6 9733
1769 58 76019 7 76924
1770 58 50122 6 50840
1771 83 132358 6 132993
1772 64 62728 7 63371
1773 83 89308 6 89817
1774 67 489 7 1258
1775 46 62982 7 63519
1776 71 107871 5 108093
1777 43 164198 5 165044
1778 76 30260 6 30995
1779 64 123150 8 123648
1780 43 122686 6 123650
1781 10 161228 7 162128
1782 58 63259 6 63968
1783 3 145222 5 146193
1784 16 14513 6 15342
1785 30 14455 7 15217
1786 43 62557 7 63092
1787 49 13584 5 13870
1788 49 59410 6 60068
1789 43 50788 7 51331
1790 49 78301 5 79290
1791 83 155161 6 155839
1792 76 118896 5 120002
1793 78 111164 5 111973
1794 3 144581 5 145222
1795 77 97376 5 97802
1796 35 2066 7 2814
1797 43 24727 7 25538
1798 16 42040 6 42719
1799 3 126311 6 126518
1800 35 20442 8 21236
1801 19 78147 7 79085
1802 10 46139 6 46461
1803 78 135220 4 135626
1804 43 160223 6 161091
1805 48 159908 7 160749
1806 23 55174 6 55644
1807 19 118944 5 119706
1808 19 37573 5 38067
1809 3 18212 5 18575
1810 18 18212 8 18508
1811 58 100409 5 100751
1812 3 100409 5 100605
1813 16 23080 5 24037
1814 46 69190 5 69853
1815 13 89308 7 90118
1816 46 95798 7 96574
1817 35 6363 6 6828
1818 19 50300 7 50493
1819 58 42910 6 43628
1820 18 90871 7 91625
1821 46 59253 7 60212
1822 78 144921 6 145499
1823 71 65903 7 66082
1824 49 120952 6 121737
1825 76 0 6 451
1826 76 22020 5 22415
1827 18 79259 8 79887
1828 58 144572 5 145460
1829 16 43831 7 43993
1830 64 132225 7 133148
1831 77 34221 6 35054
1832 43 110741 5 111649
1833 48 112583 7 113022
1834 48 81251 7 81952
1835 13 61424 6 61628
1836 78 147293 5 148161
1837 3 149747 5 150552
1838 16 104081 7 104202
1839 43 149289 6 149961
1840 10 118896 6 119156
1841 16 126682 6 126947
1842 30 150718 7 151394
1843 78 59253 5 60110
1844 49 12492 6 13204
1845 46 104212 4 104709
1846 43 53457 5 53846
1847 76 161403 6 161909
1848 48 130188 7 130811
1849 44 162219 5 163009
1850 30 1333 7 1540
1851 71 159908 6 160290
1852 16 127071 6 127346
1853 76 126336 4 127186
1854 58 121882 5 122544
1855 13 7752 6 8047
1856 46 21632 5 22549
1857 71 127613 7 127874
1858 13 156953 6 157545
1859 30 54559 7 55389
1860 13 136210 7 136751
1861 19 113763 7 114343
1862 10 78301 7 79147
1863 77 161091 7 161450
1864 16 99059 8 99532
1865 35 132225 5 133149
1866 3 16636 6 17538
1867 71 80124 5 80286
1868 46 154141 5 155161
1869 64 28350 8 29228
1870 49 148705 6 148996
1871 18 107965 7 108705
1872 48 133377 6 134180
1873 67 76453 5 77014
1874 77 73123 6 73846
1875 49 47441 5 47778
1876 49 1333 6 1607
1877 19 85349 7 85484
1878 58 119156 7 119847
1879 16 149747 6 150497
1880 43 86010 7 86979
1881 78 18575 6 19415
1882 13 10858 7 11565
1883 43 161091 7 161807
1884 43 45722 6 46298
1885 46 148969 7 149747
1886 58 88917 5 89321
1887 58 39318 6 39615
1888 76 25870 6 26100
1889 58 123150 7 123368
1890 19 38411 6 39243
1891 43 4801 7 5313
1892 19 53497 7 53992
1893 16 103178 7 103316
1894 46 11067 8 11649
1895 35 55199 6 55955
1896 76 89923 6 90906
1897 43 14876 7 15084
1898 64 104202 7 104924
1899 23 104081 6 104527
1900 35 137177 8 137995
1901 67 2066 7 2784
1902 18 74750 8 75307
1903 78 57308 4 58137
1904 43 82555 7 83214
1905 3 110529 6 110669
1906 30 104709 8 105613
1907 3 81908 5 82858
1908 49 27757 5 27903
1909 43 100704 4 101394
1910 77 154679 6 155586
1911 71 161403 6 162169
1912 76 56002 5 56714
1913 67 98539 6 99205
1914 43 91359 7 92126
1915 46 62263 8 62982
1916 78 98382 6 99221
1917 18 56002 7 56637
1918 77 112583 7 112840
1919 19 137308 7 137616
1920 58 34221 5 35228
1921 77 28028 6 28472
1922 71 126256 6 127193
1923 16 160311 6 161284
1924 18 117718 8 117935
1925 3 35754 5 36618
1926 16 85349 7 85563
1927 19 96095 6 96654
1928 43 65903 6 66713
1929 46 94053 5 94825
1930 58 26795 6 27786
1931 71 85196 7 86055
1932 46 85196 7 85349
1933 49 44151 4 44699
1934 46 22549 7 23478
1935 35 61403 7 62171
1936 76 73740 6 74285
1937 30 75399 7 76398
1938 64 22325 8 22851
1939 71 34795 6 35449
1940 76 132225 6 132872
1941 48 29782 6 30002
1942 78 71632 4 72461
1943 67 135085 5 136036
1944 76 74448 6 75422
1945 43 74408 7 74717
1946 19 107871 7 108465
1947 78 84507 5 84995
1948 58 44673 4 45604
1949 83 2846 5 3435
1950 46 136278 8 136443
1951 18 101724 7 102151
1952 46 54394 8 55174
1953 46 36760 8 37603
1954 58 99305 7 100086
1955 13 994 7 1843
1956 77 57308 5 57701
1957 48 26859 6 27544
1958 67 85648 6 86267
1959 77 31675 7 31970
1960 67 59435 6 59645
1961 16 63679 4 64529
1962 76 157349 6 157974
1963 16 148670 7 149451
1964 10 119330 7 120185
1965 3 9050 5 9756
1966 3 50122 5 50663
1967 46 135844 8 136278
1968 16 121146 7 121730
1969 48 125598 5 125754
1970 30 11565 7 12376
1971 30 2846 7 3314
1972 76 133110 5 133838
1973 78 164607 6 165282
1974 16 126311 6 126682
1975 49 163115 4 163670
1976 19 10858 6 11627
1977 64 10858 8 11536
1978 58 489 7 1212
1979 3 38411 5 38921
1980 77 54394 7 55184
1981 43 76513 5 77026
1982 10 101451 6 102269
1983 10 57865 7 58557
1984 49 124736 6 125681
1985 78 68548 6 69344
1986 43 95342 6 95964
1987 46 37603 7 38579
1988 76 80124 6 80712
1989 19 11807 6 12777
1990 71 35571 7 36358
1991 76 45437 6 46351
1992 10 62011 6 62233
1993 46 74750 7 75602
1994 76 92272 5 92782
1995 46 48548 5 49303
1996 30 41791 6 42139
1997 18 158189 7 158934
1998 10 76848 7 77670
1999 64 162552 8 162883
2000 43 21093 4 22167
2001 46 140959 5 141310
2002 46 23478 5 24367
2003 67 154951 7 155627
2004 76 72003 6 72812
2005 67 28327 4 29194
2006 43 9953 6 10354
2007 78 77368 6 78084
2008 83 130762 6 131645
2009 13 159555 6 160276
2010 43 142071 5 142805
2011 10 35267 5 36081
2012 19 86418 7 87362
2013 43 100409 6 100704
2014 43 92383 6 93366
2015 10 107871 5 108196
2016 16 37451 8 38346
2017 46 18452 5 19182
2018 64 32171 6 33138
2019 43 154117 7 154691
2020 76 49945 5 50191
2021 71 163115 7 164056
2022 71 58730 7 59526
2023 49 92126 5 92887
2024 43 90871 7 91359
2025 13 14513 7 15327
2026 49 115710 6 116521
2027 58 92126 7 93056
2028 18 166020 7 166875
2029 19 125481 7 126252
2030 46 106381 8 107021
2031 78 119689 4 120668
2032 30 147920 8 148847
2033 49 24727 4 25690
2034 78 159908 4 160668
2035 58 68872 7 69307
2036 67 43224 5 43658
2037 76 17048 4 17639
2038 83 122534 6 122819
2039 13 85412 7 85751
2040 35 59435 8 60096
2041 30 90606 7 91452
2042 3 24367 6 24953
2043 35 65380 8 65664
2044 67 115618 7 116340
2045 76 48956 6 49724
2046 76 77368 6 77939
2047 3 53182 5 53870
2048 64 64172 8 64824
2049 35 31706 8 32647
2050 77 32171 7 32998
2051 35 58260 7 59063
2052 13 124029 7 125004
2053 3 150597 6 151374
2054 48 75307 6 75499
2055 49 93910 6 94829
2056 58 132225 5 132810
2057 16 0 7 139
2058 30 154141 6 154570
2059 49 155502 5 156602
2060 64 121799 6 122543
2061 67 126456 4 127286
2062 3 88826 5 88982
2063 78 115016 5 115215
2064 78 60110 6 60869
2065 19 121799 6 122591
2066 71 26859 7 27845
2067 16 79433 5 80124
2068 77 88910 7 89388
2069 46 18212 8 18452
2070 46 144958 7 145287
2071 19 116340 7 116544
2072 19 47099 6 47886
2073 18 146459 7 147148
2074 71 166020 7 166925
2075 46 163621 7 164231
2076 16 48171 5 48556
2077 77 70770 6 71533
2078 46 69853 7 70596
2079 3 11067 6 11242
2080 67 13584 6 13882
2081 13 30977 7 31692
2082 76 133850 5 134570
2083 10 109268 6 109444
2084 48 106573 7 106749
2085 35 158937 8 159657
2086 77 4803 7 5557
2087 71 49798 7 50786
2088 76 108035 5 108629
2089 43 128793 6 129282
2090 48 7752 7 8745
2091 76 101265 6 101760
2092 64 0 8 310
2093 83 156975 6 157645
2094 77 91742 7 91969
2095 67 133074 6 133320
2096 3 34089 5 34368
2097 46 20815 6 21632
2098 46 64607 8 64976
2099 67 69853 6 70770
2100 78 2066 5 2774
2101 67 2784 7 3727
2102 19 57986 7 58536
2103 76 114236 4 115278
2104 48 141923 6 142631
2105 58 101071 5 102034
2106 18 26112 8 26484
2107 49 139694 6 140666
2108 3 103893 4 104368
2109 76 149060 6 149398
2110 49 43185 4 44151
2111 67 141855 6 142675
2112 76 33199 6 33816
2113 19 136210 6 137193
2114 46 42840 6 43624
2115 19 139694 7 140137
2116 83 69853 6 70610
2117 77 75547 7 75900
2118 10 116257 7 116841
2119 78 62726 5 63631
2120 10 18575 6 19397
2121 49 41051 6 41606
2122 58 97718 7 98173
2123 58 116330 7 116639
2124 64 6363 7 6874
2125 58 130188 7 130383
2126 71 100409 5 101400
2127 46 137177 8 137972
2128 46 127093 7 128069
2129 18 157116 7 157827
2130 3 143903 6 144580
2131 10 43831 5 44021
2132 58 29743 6 30586
2133 16 117986 7 118944
2134 10 47118 7 48001
2135 58 129061 7 129981
2136 83 52396 6 52565
2137 77 50788 6 51489
2138 43 8157 5 8458
2139 49 44719 6 45524
2140 35 9763 8 10597
2141 58 14745 5 14950
2142 16 124360 8 125040
2143 43 44513 4 44673
2144 3 9763 5 10122
2145 35 160227 6 160965
2146 46 91742 7 92272
2147 67 62899 7 63662
2148 18 100539 7 100722
2149 16 60212 7 60994
2150 78 95057 5 95595
2151 30 60068 7 60708
2152 58 10858 7 11541
2153 10 148109 7 148730
2154 76 115445 6 115785
2155 76 147188 6 147864
2156 16 70771 7 71298
2157 77 21632 7 22254
2158 35 25407 6 25578
2159 43 61403 6 62011
2160 71 21632 7 22180
2161 18 138252 7 139116
2162 3 55348 4 55927
2163 67 7876 7 8801
2164 64 37573 8 38340
2165 10 2846 7 3410
2166 10 162149 6 162291
2167 43 68090 7 68927
2168 35 70770 8 71519
2169 43 124555 7 125481
2170 49 103370 4 104224
2171 10 38759 7 38949
2172 76 137015 6 137984
2173 30 110529 8 110760
2174 46 39227 7 39843
2175 78 122576 5 123488
2176 35 100088 8 100909
2177 46 150476 5 150597
2178 77 41791 7 41977
2179 43 101394 5 102556
2180 43 94713 7 95342
2181 71 71330 7 72162
2182 3 59410 4 59568
2183 16 163115 6 163882
2184 10 150711 6 151046
2185 58 93531 6 94300
2186 78 35754 6 36637
2187 78 52411 6 52776
2188 46 35267 8 35571
2189 83 14513 5 15140
2190 10 124432 7 125245
2191 58 9779 5 10059
2192 46 98943 7 99842
2193 76 143024 6 143782
2194 78 151233 6 151933
2195 10 57308 6 57573
2196 19 149868 7 150480
2197 49 123150 6 123700
2198 16 88973 5 89403
2199 78 129964 5 130127
2200 18 66597 5 67241
2201 3 89918 6 90362
2202 64 153581 8 154531
2203 16 137177 5 138085
2204 10 112583 6 113053
2205 46 55174 6 56002
2206 30 76453 8 77241
2207 49 9763 6 10729
2208 67 158189 6 158994
2209 46 8927 8 9381
2210 76 68872 6 69860
2211 49 81421 5 82245
2212 76 150915 6 151642
2213 43 135068 6 135628
2214 44 79081 5 79775
2215 43 6363 7 6613
2216 58 7330 6 8214
2217 58 89918 7 90682
2218 10 38411 6 38640
2219 43 90128 4 90871
2220 13 86418 7 87343
2221 71 117555 7 117908
2222 3 117203 6 117644
2223 48 98832 7 99211
2224 30 118515 8 118771
2225 48 134600 7 135513
2226 30 156953 8 157747
2227 16 150597 4 151346
2228 3 36760 5 37446
2229 77 156210 7 156662
2230 3 129423 6 129618
2231 58 15265 7 15981
2232 19 25407 6 26272
2233 10 82436 5 83335
2234 30 21632 8 21910
2235 43 2066 5 2826
2236 71 137177 6 137395
2237 30 27488 6 27616
2238 18 96194 7 96948
2239 78 102556 5 103461
2240 67 41791 6 42313
2241 46 107021 5 107871
2242 46 156210 5 156631
2243 76 86921 6 87616
2244 18 127925 7 128779
2245 19 129423 7 130396
2246 76 102556 5 103281
2247 78 78301 5 78430
2248 49 31049 6 31845
2249 78 156210 6 157023
2250 16 58025 6 58526
2251 18 122534 7 122826
2252 46 15450 7 15590
2253 58 12072 7 13054
2254 46 13493 8 13998
2255 10 26335 5 27075
2256 64 90871 6 91636
2257 43 110119 6 110741
2258 76 136787 6 137015
2259 18 149398 8 150358
2260 78 118413 6 119376
2261 46 38579 7 39227
2262 67 11807 6 12704
2263 10 10858 5 11528
2264 46 125598 6 126350
2265 43 6613 6 7318
2266 48 92782 6 93576
2267 13 69853 6 70554
2268 67 96339 7 96672
2269 64 26100 7 26351
2270 58 164607 5 165406
2271 64 79106 8 79367
2272 18 124309 8 125244
2273 77 17447 7 18341
2274 30 96922 6 97086
2275 18 155451 7 156072
2276 58 130762 7 131584
2277 3 32032 6 32280
2278 67 148650 6 149078
2279 16 117252 7 117555
2280 13 156210 7 156709
2281 64 73678 8 73901
2282 67 140925 6 141855
2283 58 123567 7 124169
2284 10 159908 6 160710
2285 78 130188 6 130343
2286 43 8801 5 9186
2287 19 81003 6 81631
2288 83 65355 6 66060
2289 30 19182 5 19646
2290 64 1333 7 1761
2291 46 26142 6 26802
2292 78 146459 6 147293
2293 49 46545 5 47429
2294 76 75602 5 76581
2295 78 14149 6 14796
2296 18 47118 8 47548
2297 49 161228 6 161912
2298 64 75602 6 76241
2299 16 154117 7 154733
2300 46 146595 6 146978
2301 78 157964 6 158677
2302 16 12704 5 13584
2303 16 102556 7 103178
2304 64 5451 7 6135
2305 3 156210 5 157011
2306 46 81251 5 82105
2307 67 56427 6 56768
2308 44 115398 6 116225
2309 78 80561 5 81333
2310 64 64924 7 65815
2311 76 146459 5 147188
2312 43 144581 5 145505
2313 46 147185 8 148013
2314 58 2066 6 2708
2315 76 86418 6 86774
2316 16 33532 6 34387
2317 35 41051 6 41451
2318 13 100139 6 100923
2319 49 28821 5 29763
2320 64 110119 6 110696
2321 83 139694 6 140055
2322 10 37573 6 37982
2323 16 141923 7 142064
2324 67 163621 6 163961
2325 30 103893 5 104394
2326 43 139694 7 140307
2327 35 85648 8 85922
2328 58 95387 6 96274
2329 43 70596 7 71330
2330 76 150436 5 150915
2331 67 163115 6 163391
2332 3 147185 4 147840
2333 76 26100 6 26261
2334 46 79081 5 79735
2335 3 101071 6 101961
2336 43 151544 7 151919
2337 16 130762 8 131459
2338 48 14519 7 15365
2339 49 73678 6 74490
2340 77 110119 7 111013
2341 78 52846 5 53802
2342 46 25114 5 25870
2343 16 152944 6 153661
2344 19 2066 7 2824
2345 77 10858 6 11824
2346 78 121835 6 122576
2347 67 117718 5 118694
2348 30 57865 7 58423
2349 58 27786 5 28011
2350 48 138252 7 138773
2351 10 0 6 312
2352 78 18212 6 18491
2353 43 33346 6 33771
2354 71 115554 7 116056
2355 43 154691 6 155052
2356 10 122160 7 122955
2357 78 58260 4 58683
2358 43 92126 6 92383
2359 43 97525 6 98382
2360 78 42040 5 42814
2361 46 67347 7 68268
2362 10 27488 7 28260
2363 23 64976 6 65742
2364 18 65355 7 65845
2365 48 9779 7 10174
2366 19 34891 5 35685
2367 16 64529 8 65355
2368 78 94713 5 95057
2369 35 109268 8 109434
2370 46 143903 6 144572
2371 16 46779 6 47352
2372 43 153535 7 154117
2373 30 128793 7 129583
2374 30 29782 8 30722
2375 77 117120 7 117370
2376 16 147427 4 147871
2377 49 162149 6 162991
2378 16 7326 4 8184
2379 18 1333 7 1810
2380 44 134496 5 135453
2381 35 156631 7 157326
2382 3 19859 5 20635
2383 3 20815 4 21645
2384 43 1333 7 1761
2385 18 84652 8 85611
2386 48 152690 7 153581
2387 3 47778 5 48773
2388 64 87855 8 88353
2389 64 104924 7 105702
2390 35 34795 6 35540
2391 64 51908 8 52828
2392 30 161228 7 162064
2393 77 133074 7 133522
2394 76 134570 6 135265
2395 35 39279 6 39801
2396 58 51679 7 52020
2397 13 152690 6 153656
2398 3 60495 5 60945
2399 35 30638 8 31261
2400 10 86267 7 87235
2401 43 83214 5 83980
2402 67 111387 6 111644
2403 3 90803 6 91021
2404 3 25870 6 26073
2405 48 97376 7 98190
2406 13 22468 7 23346
2407 16 162149 7 162561
2408 77 98976 7 99721
2409 64 36760 7 37573
2410 10 110741 7 111280
2411 49 133074 6 133779
2412 48 161403 7 162005
2413 58 104212 7 104456
2414 35 156210 8 156351
2415 48 157032 6 157872
2416 77 39843 6 40523
2417 78 99221 6 99750
2418 30 130188 6 131028
2419 67 48956 7 49243
2420 64 18212 6 18681
2421 67 68090 7 68983
2422 76 62728 4 63079
2423 58 47898 7 48086
2424 16 59410 8 60117
2425 30 62011 7 62316
2426 64 7752 5 8583
2427 19 115398 7 116003
2428 64 83922 8 84920
2429 71 16698 6 17043
2430 48 158189 7 158625
2431 30 108638 8 109415
2432 67 137972 6 138744
2433 43 31721 4 32859
2434 64 115398 6 115887
2435 3 26112 6 26451
2436 3 54394 5 55205
2437 46 94825 7 95644
2438 13 126785 7 127613
2439 3 120727 5 121485
2440 76 116340 5 116552
2441 58 83407 4 84291
2442 67 55807 6 56133
2443 3 11488 6 11826
2444 46 108551 6 109084
2445 30 87855 7 88225
2446 76 143903 6 144132
2447 71 41051 7 41798
2448 18 162552 8 162701
2449 76 68090 6 68231
2450 19 79270 7 79390
2451 49 117113 6 117389
2452 78 45310 6 45953
2453 30 113066 8 113385
2454 58 19684 7 20409
2455 30 65848 8 66286
2456 46 70596 8 71047
2457 44 100550 6 101329
2458 58 33270 5 34221
2459 58 85648 5 86208
2460 49 131513 6 132507
2461 76 6363 4 6720
2462 16 28919 7 29888
2463 3 117718 6 118026
2464 16 65355 7 66345
2465 46 113561 5 114236
2466 71 153535 7 154012
2467 10 4803 7 5509
2468 58 25114 5 25874
2469 77 79757 7 80112
2470 3 18575 5 19390
2471 71 143122 5 143329
2472 35 107871 7 108725
2473 49 18212 4 18650
2474 64 49323 8 50317
2475 46 76848 7 77368
2476 78 27488 5 28417
2477 77 64529 7 65385
2478 10 15886 6 16077
2479 18 5451 7 5630
2480 30 122686 8 123556
2481 10 46779 7 46915
2482 76 108629 5 109653
2483 78 4801 6 5424
2484 18 16328 8 16976
2485 58 113763 5 113944
2486 67 110119 5 110529
2487 58 77649 6 78448
2488 67 67170 7 67990
2489 16 109478 8 110052
2490 3 93056 6 93418
2491 16 71298 7 71546
2492 3 75602 5 76411
2493 67 30041 6 30906
2494 48 10858 6 11539
2495 16 60994 6 61923
2496 46 107871 7 108551
2497 46 123567 7 123863
2498 35 143122 7 143346
2499 16 93366 6 94298
2500 46 88522 5 89099
2501 13 98539 5 98708
2502 30 74448 5 74839
2503 76 84507 4 84652
2504 30 47898 8 48497
2505 10 127925 7 128585
2506 18 133074 8 133719
2507 43 141932 6 142071
2508 67 40034 7 40825
2509 16 89918 8 90606
2510 43 126256 7 127071
2511 30 58612 7 59605
2512 71 66108 6 66877
2513 77 20426 7 21126
2514 67 139694 7 140543
2515 77 104907 7 105077
2516 10 43185 5 43597
2517 48 25870 7 26269
2518 46 157235 6 157964
2519 19 59968 7 60807
2520 46 90189 4 90987
2521 49 20145 4 20433
2522 3 79000 6 79757
2523 78 64976 5 65799
2524 49 54394 5 55165
2525 58 104456 7 105198
2526 76 10150 5 10605
2527 78 138209 6 139071
2528 77 107015 6 107753
2529 64 139694 7 139920
2530 67 88479 5 89469
2531 16 34891 8 35665
2532 78 47099 6 47538
2533 67 87284 6 88134
2534 35 101363 7 102178
2535 46 133280 4 133850
2536 46 151088 5 151931
2537 3 125038 6 125678
2538 30 102528 7 102915
2539 10 33876 7 34808
2540 3 164231 5 164805
2541 43 103984 4 104907
2542 46 64976 8 65848
2543 46 140465 6 140959
2544 78 46103 6 47099
2545 46 92272 7 93179
2546 46 65848 7 66597
2547 58 109585 7 110506
2548 46 89099 7 89918
2549 78 137281 4 137978
2550 46 97949 7 98943
2551 30 154691 7 155064
2552 71 108519 7 108994
2553 71 32171 6 32868
2554 78 134526 5 135044
2555 46 102666 7 103436
2556 35 45477 8 45890
2557 46 6927 5 7676
2558 83 162219 6 162756
2559 46 32134 6 32496
2560 58 23080 4 24073
2561 16 58526 8 59385
2562 43 146459 6 147248
2563 78 148161 4 149116
2564 67 66753 5 67170
2565 64 34795 7 34917
2566 30 32495 7 33443
2567 35 14455 8 15265
2568 49 72433 6 72822
2569 43 7318 6 8157
2570 76 2846 6 3456
2571 3 61608 6 62000
2572 30 92821 8 93576
2573 30 86979 6 87669
2574 76 84652 6 85593
2575 58 49294 7 50009
2576 77 18452 7 19195
2577 23 47778 5 48203
2578 18 64924 8 65343
2579 44 98382 6 99182
2580 67 45419 5 46103
2581 19 158189 7 158756
2582 49 129951 6 130908
2583 71 30041 6 30445
2584 46 68268 6 68927
2585 43 141016 6 141932
2586 78 85804 4 86418
2587 64 117113 8 117902
2588 71 43831 5 44504
2589 35 62174 6 62408
2590 77 123150 5 123672
2591 49 96095 4 97103
2592 43 68927 5 69862
2593 48 118896 6 119698
2594 67 89918 5 90089
2595 16 144720 7 145454
2596 83 118640 6 119473
2597 43 42626 4 43114
2598 49 66165 5 66950
2599 18 25407 7 25928
2600 76 79081 6 79270
2601 78 41051 6 42040
2602 77 93993 7 94696
2603 16 36366 5 37451
2604 19 68090 6 68967
2605 18 13584 7 14030
2606 67 125471 6 126208
2607 30 10858 7 11565
2608 18 142805 7 143519
2609 67 9050 6 9551
2610 3 152690 5 152818
2611 71 9763 7 10636
2612 18 87434 8 87924
2613 43 18212 5 18941
2614 67 0 7 291
2615 49 149868 5 150810
2616 3 12598 6 13069
2617 78 161091 4 161806
2618 49 65355 5 66165
2619 58 163933 6 164607
2620 76 52508 5 53273
2621 76 148186 6 149060
2622 78 15987 4 16345
2623 3 6363 4 6642
2624 46 57308 7 57922
2625 46 2645 8 3481
2626 71 90803 6 91202
2627 76 121799 5 122160
2628 76 19859 6 20528
2629 67 92536 5 92954
2630 49 143714 5 144402
2631 30 6363 8 6851
2632 43 59624 6 60351
2633 44 49724 6 50494
2634 3 7722 6 8806
2635 58 59767 4 59968
2636 76 88134 5 88990
2637 49 147871 4 148109
2638 3 4785 5 5286
2639 77 38759 7 39745
2640 76 83407 6 83929
2641 46 86226 6 86531
2642 46 31409 6 32134
2643 35 24073 8 24595
2644 19 76386 7 77353
2645 19 156210 5 156803
2646 67 26112 5 26408
2647 49 68090 6 68872
2648 16 96533 7 97406
2649 16 140097 6 141025
2650 58 98382 5 99305
2651 3 154679 5 154827
2652 43 150711 6 151544
2653 43 49079 7 50049
2654 16 116463 6 117237
2655 16 31912 5 32574
2656 49 29782 4 30069
2657 83 75602 6 76422
2658 46 104709 6 105447
2659 46 58735 6 59253
2660 78 142884 5 143778
2661 76 27757 6 27941
2662 78 70770 5 71632
2663 30 89308 8 90075
2664 19 93056 6 93328
2665 30 153879 5 154052
2666 46 152690 4 153478
2667 83 86418 6 86971
2668 71 28028 7 28595
2669 43 127925 6 128630
2670 49 4803 6 5510
2671 3 46103 5 46225
2672 19 81908 7 82336
2673 3 135844 6 136908
2674 58 0 7 268
2675 49 76507 6 76699
2676 43 72772 6 73678
2677 76 64172 5 65166
2678 46 63519 6 64230
2679 77 164607 6 165381
2680 71 2066 6 2805
2681 83 163115 6 163660
2682 58 41051 5 41447
2683 16 49335 5 49841
2684 19 62057 7 62960
2685 77 125481 6 126233
2686 64 16636 7 17484
2687 43 156762 5 157609
2688 46 15738 5 16498
2689 58 46779 6 47722
2690 64 65815 6 66520
2691 77 26112 5 26641
2692 77 37573 6 38473
2693 30 117484 8 118286
2694 30 143903 6 144623
2695 58 102556 5 103297
2696 71 155052 6 155890
2697 35 21795 7 21937
2698 71 157983 7 158846
2699 44 2846 6 3411
2700 71 92272 7 93214
2701 3 26451 6 27311
2702 16 131493 8 131927
2703 10 44343 6 44852
2704 30 113561 8 113896
2705 35 80996 6 81956
2706 30 93944 7 94606
2707 76 489 6 1330
2708 30 51679 8 52444
2709 49 113909 6 114387
2710 49 39293 6 40136
2711 46 3569 8 4543
2712 76 162149 6 162276
2713 3 85648 6 86569
2714 64 148790 7 149490
2715 18 22164 8 22626
2716 43 111649 5 112388
2717 46 118896 8 119772
2718 30 158728 5 159650
2719 13 99786 7 100028
2720 3 34795 6 35672
2721 30 85196 7 85394
2722 13 489 6 994
2723 3 88481 4 88826
2724 16 62891 5 63679
2725 64 156210 6 157168
2726 77 141923 7 142621
2727 13 81003 7 81928
2728 16 142064 6 143122
2729 30 13584 6 13934
2730 10 92272 6 93033
2731 18 43831 7 43994
2732 48 37573 7 38415
2733 77 61403 7 62288
2734 76 47898 6 48581
2735 46 123863 6 124736
2736 43 35754 7 36268
2737 58 59056 7 59767
2738 43 88065 7 88789
2739 49 40287 6 40442
2740 13 150597 6 150981
2741 13 163933 7 164768
2742 35 95342 8 96158
2743 71 37573 7 38433
2744 30 134423 7 135298
2745 78 81421 6 82236
2746 10 157116 6 157432
2747 16 25849 7 26182
2748 35 86010 6 86440
2749 16 115554 8 116463
2750 19 14149 7 14818
2751 16 69853 6 69984
2752 67 166020 6 166142
2753 18 62057 8 62899
2754 35 9050 8 9699
2755 3 15265 5 16146
2756 44 132358 6 132816
2757 58 103370 5 104209
2758 67 23688 7 24186
2759 76 14519 6 15105
2760 46 96574 6 97303
2761 23 79106 6 79994
2762 78 51351 5 52411
2763 58 28821 7 29743
2764 77 93056 7 93927
2765 43 30638 5 31008
2766 78 75602 5 75739
2767 78 86418 6 86570
2768 78 7676 6 8636
2769 58 48508 5 49294
2770 16 133074 8 133918
2771 67 66108 7 66753
2772 46 85804 8 86226
2773 49 123700 5 124633
2774 43 16100 6 16698
2775 46 15590 6 15738
2776 35 92272 6 92802
2777 58 70770 7 71481
2778 43 120926 6 121188
2779 78 163933 5 164607
2780 43 129423 7 130052
2781 16 39231 7 40005
2782 64 155161 7 155917
2783 58 62057 7 62529
2784 78 73123 5 74000
2785 77 46779 5 47630
2786 3 33199 5 33943
2787 67 159555 5 159908
2788 35 57505 6 58196
2789 19 80124 7 80601
2790 76 57308 6 58081
2791 78 88818 4 89691
2792 67 63990 7 64842
2793 16 55348 6 56113
2794 30 129951 5 130160
2795 76 22415 6 23255
2796 35 88917 7 89652
2797 78 113149 5 113921
2798 16 38411 6 39231
2799 3 99305 5 100126
2800 77 129423 6 130051
2801 16 132225 8 133050
2802 3 49294 5 50018
2803 43 14743 7 14876
2804 19 99832 6 100797
2805 18 117120 8 117718
2806 67 108921 7 109610
2807 67 13882 7 14455
2808 23 34795 6 35744
2809 30 64976 8 65429
2810 46 5996 7 6927
2811 78 74448 6 74870
2812 35 22549 7 23494
2813 77 106381 7 107013
2814 30 31706 6 32077
2815 64 82436 8 83004
2816 77 127613 5 128407
2817 19 149060 7 149830
2818 58 15981 6 16224
2819 71 12704 7 13502
2820 64 15987 5 16458
2821 64 111724 8 112047
2822 35 143346 8 144191
2823 30 82436 6 83389
2824 46 71047 6 71793
2825 78 4543 6 4791
2826 35 76308 5 76791
2827 78 53846 6 54012
2828 77 147920 7 148727
2829 16 125434 7 126311
2830 19 97376 7 98345
2831 16 145454 6 145953
2832 76 61424 5 61698
2833 35 129061 7 129214
2834 46 36482 7 36760
2835 49 23878 6 24599
2836 49 2846 6 3259
2837 35 83980 8 84284
2838 48 149060 7 149613
2839 77 7752 6 8666
2840 48 136278 6 136961
2841 76 104907 5 105662
2842 78 49798 5 50367
2843 76 144868 4 145375
2844 18 111649 8 112403
2845 83 37603 6 38563
2846 43 50049 5 50788
2847 78 55348 6 55488
2848 78 105897 6 106085
2849 30 48548 6 49316
2850 18 139694 7 139976
2851 19 43224 7 43925
2852 49 156950 6 157864
2853 19 89918 7 90691
2854 49 140666 4 141243
2855 43 31008 7 31721
2856 16 110828 7 111592
2857 67 52697 7 53497
2858 76 23478 5 23681
2859 77 159555 7 160184
2860 13 65355 6 65861
2861 18 32295 8 32495
2862 18 66019 8 66273
2863 77 45477 7 45851
2864 67 65791 4 66108
2865 67 25407 7 26112
2866 3 141923 6 142763
2867 76 37573 5 38015
2868 49 112388 5 112610
2869 76 7752 6 8467
2870 67 163961 4 164903
2871 30 71330 8 72170
2872 23 21795 5 22011
2873 16 113149 7 113763
2874 67 22738 7 23688
2875 58 158189 4 159284
2876 3 52020 6 52986
2877 67 76308 6 76453
2878 19 87434 6 87841
2879 58 31675 7 32171
2880 16 9050 5 9763
2881 43 87855 5 88065
2882 3 123150 6 124141
2883 30 79000 8 79219
2884 10 54394 7 55152
2885 46 148013 6 148969
2886 3 104368 5 105165
2887 67 90803 7 91578
2888 43 16698 6 17646
2889 10 24727 7 25619
2890 71 116395 7 116728
2891 49 49430 6 50414
2892 77 19386 7 20064
2893 67 42313 6 42997
2894 46 117252 5 117879
2895 76 71484 5 71690
2896 18 26802 8 27561
2897 76 35417 6 36377
2898 16 42719 6 43185
2899 43 77368 5 78147
2900 64 20426 7 21133
2901 49 145069 6 145553
2902 76 8583 5 8963
2903 58 152690 5 153565
2904 44 130188 6 130469
2905 18 70770 8 71559
2906 71 55174 7 55407
2907 49 35754 6 36481
2908 78 10858 5 11713
2909 16 147871 7 148670
2910 18 14513 5 15198
2911 78 9763 4 10674
2912 43 103370 5 103984
2913 46 43624 8 44204
2914 76 10858 6 11564
2915 77 130913 6 131206
2916 77 135844 7 136589
2917 46 41359 8 41791
2918 64 85196 7 85471
2919 43 136831 6 137647
2920 30 80124 6 80999
2921 43 58129 6 58281
2922 19 141932 5 142552
2923 67 18212 6 18473
2924 16 54607 5 54988
2925 46 130537 5 131493
2926 77 163115 7 163487
2927 3 13584 5 14062
2928 19 45722 7 46121
2929 78 38411 5 39279
2930 48 85349 7 86102
2931 64 135220 8 136180
2932 19 88973 7 89516
2933 35 65082 8 65380
2934 18 52194 7 52901
2935 18 108705 8 109304
2936 30 137015 7 138001
2937 16 133918 5 134496
2938 58 58260 7 59056
2939 10 23478 7 23699
2940 49 11254 6 11527
2941 10 66753 6 67102
2942 83 71330 6 72140
2943 10 30906 7 31054
2944 30 12492 8 12706
2945 71 42814 7 43751
2946 19 157116 7 157655
2947 30 51474 7 51606
2948 13 151861 6 152690
2949 44 122331 6 123323
2950 58 156631 5 157156
2951 64 86418 7 86699
2952 58 111649 4 112311
2953 16 51908 8 52846
2954 67 128793 6 129951
2955 30 124555 6 124878
2956 30 47118 7 47898
2957 30 53497 7 54208
2958 30 106381 7 107101
2959 18 134526 8 135174
2960 35 128087 7 128861
2961 46 72218 8 73123
2962 13 49724 7 50375
2963 35 32859 7 33370
2964 67 60781 5 61608
2965 30 83851 5 84654
2966 18 48956 8 49765
2967 19 26795 7 27780
2968 30 22325 7 23076
2969 35 64374 8 65082
2970 16 43993 8 44775
2971 78 79735 5 80561
2972 58 50840 7 51004
2973 3 2645 4 3569
2974 76 109683 4 110387
2975 19 101363 6 102106
2976 16 99786 7 100409
2977 43 44673 7 45286
2978 30 141923 7 142656
2979 46 95644 8 95798
2980 3 138252 6 139084
2981 35 44513 7 44868
2982 30 81009 7 81835
2983 77 146459 7 147456
2984 71 48839 6 49382
2985 46 110119 8 110403
2986 18 163115 8 163817
2987 58 60781 7 61550
2988 18 143714 8 144007
2989 76 156210 6 157064
2990 43 102556 7 103370
2991 67 130762 5 131612
2992 16 163933 4 164187
2993 46 45477 5 46139
2994 43 53846 7 54559
2995 58 20964 5 22020
2996 78 62011 5 62726
2997 18 135174 8 136023
2998 49 87291 5 87545
2999 64 134526 5 135068
3000 76 12704 6 13038
3001 83 38579 6 39344
3002 18 92272 8 92861
3003 71 47778 5 48677
3004 78 72580 5 72905
3005 35 26335 7 27078
3006 67 71559 7 71795
3007 58 90987 7 91630
3008 67 55199 6 55807
3009 49 114641 6 115507
3010 35 126256 8 126683
3011 3 0 4 443
3012 67 24614 4 25407
3013 78 153879 6 154112
3014 3 65791 5 66088
3015 3 28028 5 28451
3016 46 105897 8 106381
3017 16 74717 6 75399
3018 30 28762 7 28885
3019 43 98382 6 98559
3020 16 52846 6 53757
3021 16 158843 6 159054
3022 67 19386 4 20238
3023 30 114641 6 115575
3024 19 73123 7 73563
3025 71 130762 6 131535
3026 67 72900 7 73613
3027 58 75307 5 76019
3028 16 127925 6 128793
3029 35 63662 7 64374
3030 78 132358 4 133303
3031 77 51908 7 52458
3032 48 15365 6 16315
3033 10 117718 6 117850
3034 43 155052 7 155892
3035 18 115082 7 115710
3036 58 149747 5 150718
3037 49 42313 4 43180
3038 67 121799 5 122534
3039 35 994 6 1887
3040 16 85196 6 85330
3041 83 32171 6 33136
3042 71 17048 7 17841
3043 76 142064 6 143024
3044 43 71330 7 72003
3045 46 77649 6 78148
3046 67 83407 7 84007
3047 19 163115 7 163682
3048 46 145287 5 145602
3049 77 117555 7 118135
3050 49 163933 5 164650
3051 3 159908 5 160800
3052 67 72580 5 72900
3053 35 38411 7 39221
3054 49 20815 5 21738
3055 43 142805 5 143587
3056 48 41359 7 42221
3057 76 11565 6 12377
3058 71 127925 6 128246
3059 58 16698 7 17122
3060 77 74448 7 75323
3061 76 135844 6 136691
3062 30 50827 6 51050
3063 77 77368 5 78220
3064 49 146459 5 146839
3065 16 57308 7 58025
3066 35 139694 5 140033
3067 43 33771 4 34407
3068 67 111164 5 111387
3069 16 101363 5 102147
3070 30 99046 7 99197
3071 77 130188 7 130378
3072 46 20145 8 20426
3073 16 166020 7 166944
3074 30 21945 7 22167
3075 58 2826 7 3517
3076 67 77014 6 77275
3077 67 97833 7 98539
3078 13 151088 7 151861
3079 76 76707 4 77213
3080 64 13493 7 14212
3081 64 124029 7 124829
3082 10 55174 7 55987
3083 13 111649 6 112559
3084 78 65815 4 66568
3085 67 12704 7 13457
3086 48 107965 7 108553
3087 46 125434 5 125598
3088 43 84507 7 85476
3089 76 59624 6 60436
3090 30 100605 7 100780
3091 67 57505 4 58612
3092 58 128793 7 129061
3093 10 110119 7 110508
3094 30 163933 7 164836
3095 49 129423 6 129628
3096 83 48956 6 49725
3097 10 123567 7 124279
3098 35 83407 6 83859
3099 44 119330 5 119584
3100 49 60068 6 60939
3101 71 3569 7 4387
3102 3 50788 4 51499
3103 67 79779 7 79997
3104 13 133320 7 134050
3105 67 161403 7 162244
3106 77 76130 5 76895
3107 64 141923 8 142383
3108 46 40287 7 41129
3109 30 18212 6 18644
3110 30 146459 8 147438
3111 16 26859 7 27792
3112 76 96922 6 97557
3113 46 79735 6 80508
3114 10 146459 7 147315
3115 48 106749 7 107731
3116 19 39843 7 40167
3117 3 41051 5 41216
3118 76 63079 4 63989
3119 13 112583 6 113295
3120 3 112538 5 113267
3121 67 81908 7 82436
3122 71 51908 7 52739
3123 71 137984 7 138399
3124 49 15265 5 16061
3125 78 23478 6 24438
3126 67 37451 5 38173
3127 16 83462 6 83797
3128 64 88826 8 89324
3129 48 109419 7 110227
3130 77 56002 7 56686
3131 78 60869 5 61826
3132 46 2066 8 2645
3133 3 157964 5 158407
3134 35 116340 7 117169
3135 30 68090 6 68962
3136 46 141310 6 141923
3137 44 136278 6 137238
3138 46 28106 6 28821
3139 16 85648 5 86336
3140 13 160473 6 161266
3141 16 77649 6 78587
3142 43 11426 7 11742
3143 16 4501 7 5343
3144 64 99832 7 100623
3145 46 27488 7 28106
3146 77 2645 7 3554
3147 35 114641 7 114901
3148 46 146459 8 146595
3149 16 47778 8 48171
3150 64 489 7 1267
3151 16 28106 7 28919
3152 10 489 5 1182
3153 83 133850 5 134684
3154 78 100569 6 101351
3155 19 98382 6 99161
3156 58 143860 7 144286
3157 76 155052 5 155771
3158 76 127925 6 128744
3159 76 49724 4 49945
3160 76 42313 6 43234
3161 18 58735 8 59514
3162 77 107871 6 108639
3163 46 159555 6 160227
3164 58 85349 5 85512
3165 18 15198 8 15678
3166 64 147185 6 147995
3167 76 33876 4 34089
3168 78 95644 5 96181
3169 67 49243 7 50122
3170 78 22020 5 22301
3171 76 110828 6 111717
3172 13 114641 7 115610
3173 76 71298 6 71484
3174 18 12492 8 12700
3175 19 2826 7 3166
3176 35 90871 7 91784
3177 46 49303 6 49910
3178 58 128069 7 128551
3179 48 156631 5 157032
3180 49 137308 5 138209
3181 10 75648 7 76570
3182 58 42040 6 42910
3183 67 131612 6 132470
3184 64 26351 8 27120
3185 71 70770 7 71075
3186 30 5313 6 6192
3187 16 19593 7 20442
3188 3 109478 5 110308
3189 30 72433 7 73244
3190 43 89308 6 90128
3191 78 130762 5 131642
3192 19 49079 5 49736
3193 44 92272 6 92975
3194 48 56002 7 56675
3195 10 129951 6 130437
3196 67 17447 7 17676
3197 78 106381 6 107101
3198 76 65931 5 66734
3199 16 71559 6 71914
3200 49 105051 5 105185
3201 58 125551 6 126472
3202 76 46545 6 47118
3203 13 116463 7 117128
3204 30 15265 6 16096
3205 13 108035 7 108943
3206 83 93910 6 94682
3207 35 136210 7 136940
3208 49 56318 6 56552
3209 43 120165 7 120667
3210 46 153478 5 153893
3211 16 119689 6 120580
3212 3 39843 4 39973
3213 30 135844 7 136606
3214 76 94713 6 95541
3215 64 25114 7 25887
3216 16 146459 7 147427
3217 76 50827 4 51523
3218 58 52959 6 53964
3219 19 3569 7 4386
3220 16 123150 7 123552
3221 76 5313 5 6185
3222 64 68548 8 68962
3223 16 161403 7 162149
3224 46 44465 7 45117
3225 48 154951 7 155752
3226 16 74448 6 74700
3227 46 158728 5 159312
3228 30 45437 7 45892
3229 76 60597 5 61424
3230 76 60436 5 60597
3231 77 150034 7 150222
3232 46 122331 8 123150
3233 46 138630 5 139694
3234 30 162149 7 163121
3235 30 7752 8 8229
3236 64 136210 7 136744
3237 44 108035 6 108955
3238 46 28821 6 29120
3239 19 994 5 1914
3240 67 153163 7 153879
3241 43 96226 5 97376
3242 83 88134 6 88821
3243 35 11786 8 12681
3244 48 25407 7 25865
3245 13 117203 6 117371
3246 3 89308 6 89532
3247 49 52257 6 52599
3248 77 53846 7 54362
3249 49 148109 6 148705
3250 71 141310 7 141869
3251 83 129575 6 130364
3252 58 133074 7 133382
3253 3 102556 4 103660
3254 58 25874 5 26795
3255 46 163115 8 163621
3256 30 131612 7 132453
3257 76 65166 6 65931
3258 78 8801 6 9229
3259 78 79081 5 79455
3260 13 96226 7 96858
3261 67 100748 7 100885
3262 43 108271 7 108943
3263 3 149008 6 149273
3264 67 116340 6 117113
3265 49 11527 6 11919
3266 83 111649 6 112420
3267 49 38411 5 39293
3268 49 50788 4 51484
3269 76 80712 5 80996
3270 35 4803 7 5530
3271 49 80643 6 81421
3272 46 128069 7 129022
3273 77 121799 5 122625
3274 78 154845 4 155625
3275 43 137972 6 138874
3276 58 24073 7 24927
3277 58 94564 7 95084
3278 46 100139 6 101071
3279 76 1333 6 1563
3280 58 28028 7 28625
3281 19 6363 6 6671
3282 16 95784 7 96533
3283 67 28028 7 28327
3284 67 41051 7 41315
3285 67 44719 7 45419
3286 16 152690 6 152944
3287 16 105051 5 105973
3288 58 8229 6 8968
3289 46 71793 7 72218
3290 18 132225 8 133074
3291 83 97718 6 98129
3292 64 39310 6 40158
3293 46 45117 6 45477
3294 3 97833 5 98832
3295 67 56133 6 56427
3296 19 9763 6 10631
3297 49 68872 6 69587
3298 16 21229 4 22212
3299 44 28327 5 29196
3300 49 23478 5 23878
3301 35 150711 8 151571
3302 43 39843 5 40584
3303 76 80996 4 81289
3304 49 83851 5 84834
3305 46 143714 8 143903
3306 35 117203 5 117963
3307 64 161403 6 162219
3308 10 128793 5 129611
3309 10 138252 7 139189
3310 18 109419 7 109574
3311 67 79000 6 79779
3312 3 129951 6 130510
3313 13 163115 7 163933
3314 35 127613 8 127978
3315 77 36263 7 36948
3316 16 94298 7 95145
3317 76 93910 6 94605
3318 43 127071 7 127925
3319 43 108943 6 109268
3320 78 109585 6 110402
3321 58 59968 4 60661
3322 3 68872 4 69272
3323 78 97303 5 98210
3324 58 122544 4 123013
3325 76 144572 6 144766
3326 58 148570 6 149436
3327 10 108271 7 108920
3328 64 54394 7 55226
3329 3 157032 5 157789
3330 46 41791 8 42660
3331 49 119330 4 120300
3332 46 1333 8 1529
3333 10 106381 6 107225
3334 46 49910 5 50827
3335 43 45286 6 45722
3336 18 24367 7 25144
3337 19 123150 7 123802
3338 67 20815 5 21795
3339 10 21632 7 22520
3340 83 137281 6 137652
3341 67 64924 5 65791
3342 13 49323 6 49544
3343 71 98976 7 99453
3344 67 144445 6 144868
3345 10 93056 6 93229
3346 35 150034 7 150303
3347 43 10858 6 11426
3348 18 33151 8 34064
3349 77 145505 7 145893
3350 49 62057 6 62815
 调度评估结果
1. 任务等待评估 (Σ 等待×权重): 2598199663
2. 任务完成评估 (最大完成时间): 166944
3. GPU显存空闲评估 (平均空闲): 9240.71 GB/时间片
 额外统计
已调度任务               : 3350/3350
平均等待时间            : 77244.22
各服务器任务分布      : 服务器3=187, 服务器10=139, 服务器13=91, 服务器16=214, 服务器18=117, 服务器19=118, 服务器23=17, 服务器30=173, 服务器35=149, 服务器43=235, 服务器44=46, 服务器46=266, 服务器48=94, 服务器49=185, 服务器58=209, 服务器64=134, 服务器67=239, 服务器71=124, 服务器76=191, 服务器77=160, 服务器78=197, 服务器83=65
