1 35 8420 2 8781
2 25 11280 1 11561
3 21 5963 1 6084
4 14 10034 2 10453
5 20 6084 2 6297
6 33 4395 1 4416
7 21 9699 4 10003
8 16 9847 1 10243
9 32 7211 1 7858
10 21 869 1 1366
11 32 7940 5 8255
12 25 3944 5 4408
13 35 2521 1 2798
14 7 12090 1 12720
15 24 2014 1 2073
16 34 10704 2 10806
17 11 2678 3 3129
18 7 9000 3 9198
19 21 1061 2 1184
20 20 3606 1 4153
21 12 7004 4 7034
22 7 11088 1 11604
23 4 6547 1 6667
24 33 9847 2 10049
25 15 12148 1 12524
26 16 2521 2 2648
27 25 11963 1 12650
28 14 8420 3 8496
29 15 6041 3 6312
30 28 9258 1 9509
31 1 1665 2 1851
32 25 10339 1 10602
33 21 7940 1 8421
34 35 6084 1 6237
35 5 1325 2 1816
36 32 10339 1 10382
37 34 9000 1 9115
38 20 591 2 844
39 18 10034 2 10117
40 20 8232 1 8487
41 14 2790 1 3065
42 8 11963 2 12035
43 16 2136 1 2301
44 22 4395 1 4726
45 14 9258 1 9460
46 18 2911 2 2962
47 3 300 3 828
48 21 6084 4 6596
49 35 7598 1 8260
50 33 538 1 978
51 33 9198 2 9360
52 27 11963 6 12040
53 18 1165 1 1622
54 12 9000 4 9325
55 6 7211 1 7744
56 21 869 1 1359
57 16 4337 1 4370
58 14 1204 1 1670
59 5 2970 1 3501
60 20 9699 2 10187
61 16 1926 1 2328
62 16 9683 1 9875
63 12 1390 4 1579
64 33 10339 1 10619
65 18 8420 1 8595
66 8 2780 1 3198
67 3 10680 2 10989
68 5 39 1 448
69 22 2100 1 2214
70 24 8183 2 8294
71 17 5339 5 5358
72 32 7940 2 8617
73 19 4337 3 4826
74 14 539 2 868
75 28 11088 6 11638
76 3 9884 2 10041
77 7 3481 1 3822
78 22 3317 1 3757
79 28 1896 6 2005
80 28 10453 5 10706
81 34 9000 1 9475
82 3 7211 5 7245
83 24 4395 1 4610
84 13 6547 2 6963
85 34 6547 3 6728
86 25 1551 2 1934
87 2 7004 2 7125
88 28 4958 3 5472
89 23 12090 2 12624
90 33 6547 3 6676
91 35 5279 1 5741
92 15 10957 1 11156
93 8 10453 2 10634
94 34 3944 4 4321
95 25 2025 1 2590
96 15 5339 1 5510
97 14 334 2 532
98 20 7004 1 7537
99 34 6714 1 7124
100 6 9198 2 9303
101 15 11088 2 11264
102 3 6547 1 7089
103 34 8420 1 8750
104 24 2521 1 3010
105 15 2898 1 3150
106 4 3211 1 3253
107 18 4958 3 5266
108 3 10034 1 10085
109 5 12051 3 12098
110 16 10339 1 10680
111 15 5158 1 5196
112 27 1384 5 1890
113 33 2014 1 2440
114 24 4958 2 5193
115 16 9000 1 9337
116 1 7211 2 7596
117 34 7598 2 7921
118 32 4958 4 5391
119 7 677 1 1146
120 32 1934 2 2341
121 21 11166 1 11263
122 8 4395 2 4693
123 25 8041 1 8657
124 16 1987 2 2103
125 18 11756 3 11821
126 32 6041 1 6714
127 25 2671 3 2846
128 21 10453 4 11166
129 16 4395 1 4414
130 34 10957 1 11236
131 3 7598 5 7625
132 18 6041 2 6339
133 32 7598 5 7940
134 11 956 2 1226
135 3 2758 6 3290
136 21 3606 1 4447
137 18 545 2 977
138 35 2671 1 3174
139 11 370 2 821
140 15 7004 2 7428
141 15 5158 1 5196
142 15 11963 1 12213
143 13 10559 4 10982
144 35 334 1 809
145 21 1939 1 2071
146 8 850 1 1037
147 18 5279 6 5408
148 18 9258 1 9779
149 34 8420 2 8930
150 16 6084 2 6603
151 16 6547 1 7004
152 15 11963 1 12012
153 14 2230 1 2449
154 8 2194 1 2201
155 4 2861 1 2902
156 16 12135 2 12202
157 35 10957 1 11392
158 15 1925 1 1933
159 25 2521 2 2790
160 18 3630 1 3974
161 2 11756 2 12209
162 16 9198 1 9683
163 9 4337 2 4539
164 16 9198 3 9254
165 25 7211 4 7645
166 3 1227 2 1582
167 16 7004 1 7302
168 6 8420 3 8658
169 3 9300 1 9836
170 29 11280 1 11662
171 2 10339 1 10494
172 6 12148 1 12450
173 14 10453 1 10602
174 21 6547 1 6777
175 25 6714 5 7074
176 34 8232 3 8419
177 11 4395 3 4602
178 7 360 1 833
179 8 818 2 1037
180 13 4395 4 4762
181 32 698 1 915
182 13 7940 1 8034
183 27 9198 6 9476
184 4 8617 3 9050
185 24 7598 2 7843
186 16 7598 1 7634
187 30 10034 3 10177
188 16 8562 1 8680
189 32 5470 3 5987
190 7 10453 1 10974
191 33 6084 1 6514
192 21 3308 2 3712
193 33 8487 3 8628
194 24 1427 1 1942
195 32 1789 1 2146
196 8 332 1 601
197 21 8421 3 8660
198 35 1129 1 1663
199 28 1164 4 1327
200 15 7211 1 7238
201 21 4337 2 5102
202 3 9683 1 9857
203 32 11963 1 12096
204 3 9847 1 9860
205 30 3219 1 3235
206 32 4204 1 4395
207 20 8041 2 8232
208 16 12051 1 12495
209 16 1678 1 1974
210 24 970 1 1387
211 24 53 1 384
212 28 11756 4 12215
213 7 6547 2 6677
214 25 11756 1 11788
215 4 4337 1 4365
216 2 330 2 354
217 11 7211 2 7475
218 7 5806 1 5963
219 13 10453 1 10531
220 35 10453 1 10540
221 18 10339 4 10475
222 11 1622 1 2028
223 7 1909 1 2205
224 7 2266 1 2481
225 33 7004 3 7172
226 32 6714 2 7211
227 28 11166 5 11237
228 16 2944 1 3153
229 14 11854 1 11929
230 7 9198 1 9515
231 28 2671 5 3131
232 20 12135 2 12211
233 19 7211 1 7738
234 16 8680 1 9022
235 23 11280 1 11469
236 16 827 1 1349
237 15 3084 1 3511
238 18 11854 2 12163
239 24 7004 2 7293
240 19 846 2 978
241 7 5279 3 5806
242 2 1103 2 1465
243 34 12148 2 12681
244 3 11963 6 12039
245 25 547 1 710
246 16 1384 3 1482
247 25 6084 1 6547
248 21 10034 1 10077
249 21 3822 3 4143
250 19 10453 3 10794
251 24 6547 2 6778
252 14 10453 3 10866
253 22 10339 1 10455
254 3 4958 2 5464
255 15 8421 3 8809
256 8 10878 1 11351
257 20 10453 2 10823
258 3 4395 1 4671
259 2 4395 2 4663
260 14 3822 2 4117
261 3 10453 3 10735
262 16 3178 1 3310
263 21 9683 8 9699
264 27 5339 5 5887
265 30 775 2 816
266 25 4213 2 4738
267 21 1384 4 1895
268 11 9847 1 9957
269 2 2521 3 2544
270 8 9683 1 10015
271 16 10034 1 10262
272 11 8617 2 8990
273 16 1642 1 1739
274 16 8487 1 9174
275 16 8232 1 8688
276 32 11756 1 12262
277 32 2575 2 2671
278 32 4958 2 5405
279 32 8420 1 9300
280 20 10475 2 10512
281 21 1295 1 1697
282 22 11756 2 11907
283 11 7598 3 7953
284 35 3606 1 3725
285 16 9258 2 9767
286 13 4958 2 5352
287 33 7598 2 8127
288 25 2068 1 2444
289 16 10453 1 11455
290 21 10034 2 10319
291 9 9198 1 9624
292 32 11280 1 11382
293 34 157 2 508
294 18 7598 1 8090
295 20 7598 2 8041
296 7 519 4 601
297 7 1384 1 1909
298 9 10453 2 10769
299 23 11963 1 12403
300 8 3309 1 3586
301 6 319 4 768
302 32 9884 2 10339
303 22 6547 3 6855
304 33 356 1 525
305 22 2521 5 2757
306 16 3606 1 4213
307 9 4958 3 5294
308 5 4395 1 4886
309 25 7598 1 8063
310 20 1427 1 2264
311 24 3084 2 3433
312 32 2671 1 3240
313 33 8232 3 8447
314 20 4958 1 5887
315 4 7342 3 7347
316 35 11756 2 11921
317 22 11166 2 11610
318 11 9258 1 9481
319 13 9683 3 9894
320 9 1384 2 1647
321 21 5339 1 6174
322 27 12051 4 12532
323 24 9699 1 9734
324 16 707 2 1204
325 18 6084 1 6378
326 32 5405 5 5470
327 25 10680 1 10778
328 30 12051 2 12405
329 19 9198 1 9658
330 3 11263 3 11514
331 10 10475 2 10734
332 35 9198 1 9258
333 18 1651 1 2038
334 33 3266 1 3449
335 15 11263 2 11707
336 16 9875 1 10559
337 32 973 1 1333
338 24 9198 1 9592
339 15 10957 1 11420
340 19 1153 1 1420
341 22 11854 3 11875
342 35 10453 2 10944
343 35 4958 1 5232
344 35 1981 1 2414
345 32 9300 1 10161
346 7 8420 1 9000
347 32 3723 3 4036
348 33 11963 3 12393
349 14 3084 3 3185
350 25 4958 2 5462
351 34 11756 1 12148
352 22 2831 3 3188
353 19 3439 2 3830
354 24 8420 2 8500
355 21 738 2 839
356 33 474 1 1004
357 22 1531 7 1898
358 33 10680 1 11035
359 7 4958 2 5136
360 6 6547 1 7022
361 18 3202 2 3555
362 21 2731 3 3067
363 3 2304 1 2651
364 16 5470 1 6041
365 14 4337 2 4603
366 16 8483 1 8562
367 6 8041 4 8069
368 21 654 1 996
369 21 9000 2 9479
370 1 5279 2 5492
371 32 3606 1 3723
372 22 5158 3 5575
373 19 2671 1 2904
374 18 11166 1 11546
375 11 9000 2 9232
376 12 11088 1 11331
377 32 10957 3 11280
378 34 2671 4 2735
379 21 1746 2 2046
380 14 7940 1 8013
381 2 1482 2 1658
382 24 9000 1 9097
383 2 7598 2 8004
384 32 1625 1 1737
385 2 11280 4 11294
386 14 3293 2 3805
387 25 11088 1 11263
388 21 11263 1 11596
389 16 5279 1 5564
390 35 3084 1 3944
391 24 10339 1 10763
392 32 4395 1 4717
393 19 6041 2 6550
394 19 7940 1 8489
395 1 1535 1 2054
396 11 11756 2 11854
397 18 9884 3 10262
398 15 10453 1 10973
399 33 5470 1 5782
400 20 2545 1 3087
401 5 11280 1 11592
402 20 10878 2 11296
403 32 895 2 1204
404 2 1815 2 2358
405 3 12051 2 12580
406 8 661 1 849
407 11 10878 1 11582
408 32 9198 2 9847
409 25 10778 1 10878
410 8 6084 2 6307
411 24 11263 1 11552
412 24 11756 1 12271
413 1 11166 3 11525
414 7 9198 3 9531
415 1 5470 1 5896
416 25 8183 1 8420
417 30 11963 1 12357
418 22 6547 5 7061
419 7 3822 1 4763
420 25 6547 3 6692
421 34 11963 1 12141
422 25 10878 3 11088
423 8 1640 1 2037
424 19 2930 1 3230
425 21 11756 1 12183
426 21 9847 4 10034
427 8 11963 1 12174
428 20 9244 1 9556
429 33 1060 2 1574
430 12 395 4 585
431 34 11280 2 11577
432 34 4395 2 4914
433 22 1076 3 1457
434 7 8421 1 8908
435 3 10339 4 10571
436 14 10957 2 11170
437 1 10034 5 10303
438 28 1609 3 1836
439 34 10034 1 10396
440 11 8183 1 8525
441 24 468 1 861
442 28 7004 4 7331
443 35 11963 1 12467
444 32 1000 1 2525
445 16 4958 1 5158
446 16 10704 1 12051
447 35 7004 1 7257
448 22 1912 1 2232
449 14 11963 3 12200
450 10 3086 1 3455
451 11 4958 2 5325
452 18 7211 2 7566
453 16 2823 2 3606
454 7 10680 1 11187
455 16 1208 2 1384
456 16 5158 3 5279
457 3 993 6 1135
458 27 10453 7 10513
459 18 10475 2 10657
460 21 2698 2 2973
461 5 7598 4 7735
462 32 3723 3 4204
463 7 11263 1 11640
464 7 9683 1 10052
465 35 9258 2 9884
466 7 11756 3 11963
467 25 7645 2 8046
468 16 4213 2 4337
469 34 680 1 1149
470 1 10339 1 10868
471 17 11280 5 11673
472 16 2289 1 2521
473 22 11963 6 12111
474 15 4395 1 4910
475 22 2671 2 2802
476 13 11963 3 12150
477 15 2813 1 3084
478 34 9683 3 9856
479 12 10453 1 10691
480 19 11166 1 11553
481 7 5158 1 5736
482 7 2671 1 2927
483 34 10453 4 10588
484 18 4395 1 4752
485 18 1280 3 1625
486 9 1025 3 1302
487 22 10957 2 11289
488 9 6547 4 6857
489 30 4958 3 5068
490 20 4337 1 4791
491 21 11280 3 11539
492 14 11280 3 11592
493 32 2521 6 2586
494 16 7598 2 7961
495 3 8232 4 8479
496 16 10559 1 10704
497 1 4395 1 4697
498 34 9198 3 9473
499 8 1842 1 2049
500 16 6041 1 6069
501 3 9875 3 9995
502 7 7598 1 8016
503 8 4958 2 5403
504 34 4958 1 5367
505 34 7940 2 8153
506 18 10680 1 11021
507 20 6547 1 6564
508 7 889 1 1162
509 10 36 1 524
510 11 6547 2 7006
511 20 11756 1 12135
512 24 3953 2 3963
513 3 10034 1 10418
514 19 9699 2 9998
515 18 3084 4 3381
516 21 7598 3 7890
517 32 8617 5 9132
518 24 3660 2 3875
519 18 9884 2 9918
520 32 1384 2 1451
521 15 5279 2 5511
522 19 10957 1 11058
523 22 10475 1 10596
524 32 10957 1 11336
525 5 2521 1 2596
526 32 7211 2 7598
527 16 8183 2 8483
528 11 11854 1 12475
529 16 9884 1 9927
530 35 10034 1 10061
531 23 9699 4 9716
532 34 5158 1 5391
533 6 8041 2 8098
534 24 10680 1 10914
535 13 1164 1 1600
536 20 4337 1 4531
537 35 3944 1 4400
538 34 4958 2 5066
539 27 6547 3 6563
540 34 11756 1 11939
541 15 8617 2 8871
542 23 11963 1 12053
543 6 10339 2 10670
544 16 2521 1 2877
545 19 1042 1 1403
546 34 7598 1 8144
547 7 3018 6 3481
548 20 5158 1 5837
549 9 7598 7 7697
550 33 4958 1 5064
551 34 1473 2 2007
552 25 11263 1 11659
553 25 9198 4 9345
554 27 12135 1 12502
555 21 8421 1 9449
556 8 9198 1 9391
557 14 8232 1 8645
558 20 8487 2 8834
559 21 7211 2 7692
560 6 2521 4 2586
561 30 11280 1 11584
562 21 4958 1 5122
563 6 4395 3 4753
564 24 10957 1 11418
565 14 6547 2 7094
566 35 820 1 864
567 26 10034 1 10211
568 13 2906 3 3453
569 14 6041 1 6384
570 7 7211 4 7295
571 6 4958 4 5421
572 6 9884 2 10249
573 25 3493 1 4117
574 15 11280 1 11809
575 21 5279 3 5339
576 28 8420 1 8670
577 11 2135 1 2538
578 9 10878 2 11021
579 25 4410 1 4418
580 21 8232 5 8260
581 33 9699 1 9940
582 3 11116 1 11126
583 6 1384 1 1585
584 10 11263 1 11578
585 3 11166 1 11591
586 1 9884 1 10264
587 7 5963 1 6459
588 33 4958 3 5413
589 3 10878 3 11063
590 22 7211 3 7353
591 6 11263 3 11705
592 16 11963 2 12128
593 6 11756 5 12085
594 3 5158 2 5400
595 5 8420 2 8915
596 3 6714 4 7089
597 20 11453 1 11650
598 20 7211 1 7397
599 14 5339 1 5782
600 32 1384 1 1541
601 16 10339 1 10372
602 11 10339 2 10484
603 4 11963 6 12046
604 2 5158 3 5550
605 35 6547 2 6905
606 32 1507 2 1584
607 25 11854 1 12279
608 34 7211 1 7237
609 33 11088 2 11564
610 16 3084 1 3259
611 9 11756 1 12262
612 22 4958 3 5436
613 14 9000 3 9137
614 35 10540 1 10923
615 7 7598 1 8183
616 28 6547 6 6899
617 25 8420 5 8819
618 13 11280 2 11374
619 7 11963 1 12496
620 21 3723 1 4253
621 22 79 1 523
622 32 4395 1 4556
623 10 1055 1 1299
624 11 7598 3 7640
625 14 1761 1 2037
626 18 3000 3 3186
627 21 6596 3 6639
628 5 3781 3 3786
629 10 7211 1 7738
630 12 11963 1 12372
631 2 3084 3 3573
632 21 7211 5 7445
633 25 9683 1 9917
634 25 4958 1 5792
635 16 2671 2 2742
636 21 8420 1 8805
637 27 11280 2 11342
638 7 11963 7 12090
639 6 781 2 1211
640 34 11088 2 11117
641 18 6547 1 6770
642 25 3705 6 3881
643 10 9884 1 10425
644 15 10339 2 10868
645 16 11854 1 11963
646 32 9847 1 10229
647 34 7004 4 7442
648 2 7211 2 7449
649 8 1384 1 1833
650 22 6041 8 6525
651 2 9198 1 9426
652 16 10680 1 11507
653 14 10704 1 11134
654 16 11756 1 11935
655 2 6547 2 6896
656 25 6041 2 6518
657 7 8183 2 8283
658 16 4337 1 4958
659 25 10034 1 10259
660 14 946 3 1014
661 16 7645 3 8183
662 30 11263 2 11373
663 14 7598 2 7776
664 32 10453 1 10957
665 19 428 1 680
666 25 1126 1 1506
667 13 1964 3 2129
668 11 1396 1 1453
669 16 11756 1 11959
670 18 2521 1 2872
671 16 7004 1 7399
672 35 9884 1 10086
673 33 1892 3 2348
674 21 11356 1 11756
675 9 2020 1 2056
676 20 9198 2 9244
677 19 11756 2 12098
678 14 4958 1 5339
679 21 9000 4 9340
680 32 10339 4 10453
681 2 4958 3 5095
682 23 10475 1 10913
683 20 3522 2 3973
684 25 10034 2 11264
 调度评估结果
1. 任务等待评估 (Σ 等待×权重): 1950482
2. 任务完成评估 (最大完成时间): 12720
3. GPU显存空闲评估 (平均空闲): 7767.67 GB/时间片
 额外统计
已调度任务               : 684/684
平均等待时间            : 455.04
各服务器任务分布      : 服务器1=10, 服务器2=17, 服务器3=29, 服务器4=7, 服务器5=10, 服务器6=17, 服务器7=35, 服务器8=19, 服务器9=11, 服务器10=7, 服务器11=21, 服务器12=7, 服务器13=12, 服务器14=29, 服务器15=24, 服务器16=61, 服务器17=2, 服务器18=29, 服务器19=17, 服务器20=26, 服务器21=44, 服务器22=23, 服务器23=6, 服务器24=24, 服务器25=38, 服务器26=1, 服务器27=9, 服务器28=13, 服务器29=1, 服务器30=8, 服务器32=44, 服务器33=24, 服务器34=33, 服务器35=26
