1 50 36771 2 37026
2 20 8081 3 9081
3 69 13035 6 13257
4 19 8603 2 8825
5 60 67760 2 68106
6 50 57255 2 57501
7 65 70390 3 70718
8 55 19375 6 19409
9 49 57255 3 57353
10 17 33477 1 33559
11 49 30101 1 31949
12 17 34725 2 35625
13 67 50136 2 50293
14 37 9725 1 10410
15 69 43338 4 44102
16 48 37400 1 37588
17 27 54346 4 55311
18 26 14312 1 15050
19 30 6647 3 7600
20 1 47920 1 48165
21 20 50287 4 50487
22 13 47605 4 47731
23 50 13094 1 13326
24 1 6168 2 6242
25 37 37400 1 37543
26 63 53925 3 54029
27 39 5365 3 5494
28 30 13035 3 13384
29 68 11176 4 11807
30 50 22066 2 23036
31 49 12467 3 12658
32 37 47947 3 48029
33 27 3362 5 3455
34 21 14637 4 14780
35 49 37511 1 38528
36 69 12080 2 12181
37 35 50484 4 50768
38 27 51290 4 51363
39 33 48917 1 49545
40 37 65405 3 65735
41 34 41547 1 41941
42 21 60259 4 60434
43 30 27650 2 27851
44 49 47617 1 47694
45 4 54400 3 54659
46 37 32202 4 32491
47 10 43123 6 43392
48 18 8603 3 8924
49 52 22066 2 22356
50 59 39965 3 40051
51 63 41941 3 42160
52 30 53350 3 53553
53 37 44025 3 44325
54 46 59663 4 59952
55 65 6647 3 7398
56 39 59718 2 59745
57 53 8603 3 8753
58 49 47444 1 47617
59 48 3830 3 4117
60 37 31949 4 32019
61 18 41941 4 42737
62 52 46382 3 46525
63 66 63626 3 63678
64 33 19828 4 19953
65 29 64966 3 65181
66 49 32972 1 33702
67 17 4120 3 4193
68 19 4384 3 4651
69 56 67036 4 67247
70 36 42582 4 43551
71 32 27749 3 28074
72 12 19953 1 20274
73 50 6647 1 7153
74 43 10145 3 11102
75 49 45078 1 46035
76 56 4403 3 4569
77 20 29224 1 29561
78 32 1718 4 2356
79 56 17500 3 17574
80 50 5725 2 5907
81 34 42582 1 42758
82 18 35710 3 36024
83 67 38528 2 38741
84 66 54003 2 54961
85 66 29550 4 29674
86 62 43360 3 44112
87 57 47605 3 47694
88 1 31949 7 32239
89 51 34605 1 34769
90 55 55303 3 55412
91 5 65068 6 65758
92 34 18655 2 19375
93 50 16542 1 16708
94 56 46714 2 46871
95 37 33098 4 33230
96 60 34468 2 34605
97 1 51166 4 51829
98 37 276 4 339
99 1 35836 3 36717
100 33 42758 3 42783
101 25 65354 7 65415
102 14 6168 6 6308
103 68 28166 3 28237
104 14 8081 3 8368
105 10 42551 2 42723
106 26 10145 1 10481
107 37 12744 6 13074
108 39 39238 4 39362
109 46 11176 3 11334
110 50 7592 2 8495
111 30 11355 1 11654
112 34 6242 1 6530
113 20 19375 6 19409
114 18 3067 4 3142
115 58 52098 3 52333
116 1 13219 3 14171
117 24 26326 3 26407
118 13 53657 3 53851
119 67 4502 2 4723
120 29 15713 5 15875
121 42 10145 3 10283
122 23 897 4 1545
123 20 10040 2 10388
124 27 64268 5 64580
125 45 33098 3 33266
126 56 6647 3 6862
127 73 35016 5 35154
128 52 52125 5 52909
129 5 9757 6 9773
130 49 54003 1 54280
131 39 52259 5 52574
132 4 28166 5 28925
133 27 70459 1 70761
134 26 45057 2 45730
135 50 2776 1 3076
136 51 33640 1 33720
137 51 7592 5 7618
138 17 63626 1 64043
139 27 67329 6 68314
140 17 2776 1 3215
141 14 25315 5 25652
142 33 58581 1 58758
143 49 67036 1 67331
144 12 14312 3 14335
145 48 12143 3 12231
146 15 14986 5 14996
147 17 28166 1 28468
148 54 39568 1 39631
149 45 897 5 1163
150 51 49852 4 49871
151 52 61601 1 61712
152 56 69366 4 69553
153 17 3682 1 3858
154 36 39422 3 39738
155 6 25104 2 25434
156 24 67479 2 67815
157 1 10145 1 10309
158 54 52759 1 53481
159 49 62627 1 62932
160 45 25232 3 25355
161 56 6242 4 6454
162 58 7592 1 7615
163 56 70459 2 70530
164 49 29708 1 30101
165 56 35016 1 37081
166 20 58927 2 59251
167 54 51166 1 51375
168 57 57813 2 58080
169 58 27876 4 28181
170 31 45057 3 45235
171 34 63532 1 63754
172 6 126 1 146
173 74 51166 3 51223
174 4 65818 4 66531
175 20 12143 3 12334
176 52 66138 1 66295
177 10 15548 2 15790
178 28 26273 2 26342
179 30 29372 5 29508
180 15 33225 3 33499
181 19 42584 4 42628
182 50 47586 1 47864
183 62 26958 2 27593
184 62 3913 5 4230
185 8 62947 4 63038
186 52 35016 3 35179
187 30 47444 4 47471
188 1 41547 2 42399
189 27 49852 4 50135
190 20 27749 3 28007
191 72 26727 4 26945
192 65 65722 1 66603
193 13 8081 2 8316
194 8 28340 4 28472
195 34 496 1 858
196 49 42863 1 43338
197 4 25232 4 25364
198 63 32202 5 32416
199 43 25104 1 25388
200 10 55036 6 55255
201 48 50880 5 51798
202 36 6862 4 6952
203 54 8603 2 8615
204 25 18766 7 19543
205 1 49852 4 50200
206 61 62947 6 63066
207 32 6454 4 7096
208 9 62971 2 63002
209 32 52259 2 52308
210 1 12080 6 12154
211 68 3507 3 4401
212 33 9725 2 9820
213 49 64268 2 64359
214 39 69610 2 69635
215 19 64676 1 64905
216 31 54422 6 54580
217 63 70369 5 70685
218 49 11883 2 12143
219 56 27258 2 27889
220 1 46407 1 46704
221 63 14312 1 14637
222 67 52098 3 52252
223 17 3858 4 3913
224 49 42196 1 42661
225 17 8849 1 9222
226 27 41041 4 41155
227 52 55824 2 56116
228 37 26326 1 26598
229 19 23261 3 23361
230 50 897 1 1320
231 31 43360 6 43562
232 17 11741 1 11864
233 18 1718 2 1833
234 32 50200 2 51150
235 17 57255 2 57301
236 67 897 2 1860
237 60 68392 1 68629
238 62 59279 3 59554
239 12 36771 1 37563
240 21 43123 2 43878
241 74 62971 3 63277
242 58 26727 3 26903
243 50 64627 2 64676
244 49 26396 1 26727
245 71 34468 7 34486
246 49 28166 1 28246
247 15 55036 5 56011
248 20 41941 3 42231
249 53 65195 2 65337
250 63 26098 3 26326
251 72 33225 5 33389
252 65 5536 3 5794
253 34 63178 2 63356
254 27 65818 2 65975
255 56 32202 1 32370
256 72 13035 3 13119
257 20 63178 5 63212
258 63 39959 2 40758
259 55 6168 6 6363
260 1 26727 1 26878
261 18 10431 5 11401
262 49 23355 1 24503
263 32 39016 4 39044
264 48 47444 7 48400
265 36 222 4 1132
266 48 10145 3 10316
267 45 59718 2 60652
268 30 15976 1 16074
269 65 61601 4 61833
270 32 41041 4 41880
271 71 46714 7 47000
272 21 8849 4 8954
273 10 26326 3 26462
274 18 50880 4 50906
275 36 42196 2 42386
276 23 47444 4 47770
277 20 16708 2 16831
278 36 63626 5 63746
279 51 4265 3 4532
280 13 50040 2 50130
281 51 25104 4 25258
282 41 20124 1 20423
283 60 42863 2 42968
284 48 15903 5 16801
285 52 16314 2 16634
286 14 13035 7 13237
287 2 50146 1 50405
288 26 62471 1 62523
289 64 60088 2 60243
290 48 10410 5 11240
291 12 28615 3 29550
292 20 4571 3 4843
293 48 52960 3 53173
294 45 35016 5 35151
295 17 53364 1 54207
296 65 59288 5 59907
297 31 67752 2 67910
298 49 34725 3 35016
299 14 3507 6 3715
300 39 57501 3 57566
301 51 25315 5 25455
302 71 61601 6 61894
303 1 3412 2 3596
304 51 11883 2 12678
305 50 41366 1 41777
306 55 29372 4 30146
307 51 28615 3 29393
308 50 21648 1 21697
309 49 50986 3 51335
310 56 17056 3 17289
311 20 41366 5 41398
312 30 7919 4 8008
313 30 4632 3 4667
314 68 26593 3 26719
315 17 45057 2 45356
316 52 65818 3 65856
317 27 47444 6 48101
318 65 14879 1 14923
319 50 33640 1 33714
320 52 55303 2 55334
321 37 4592 4 4643
322 21 51166 5 51478
323 65 32202 2 32298
324 71 11176 4 11273
325 49 35886 1 36136
326 63 26326 4 26807
327 39 66762 1 67067
328 37 42863 2 42964
329 51 32202 2 32505
330 45 51166 2 51290
331 60 47920 2 47947
332 1 6647 5 6857
333 37 58051 4 58113
334 17 69366 3 70023
335 27 64627 3 65576
336 63 42758 1 43397
337 37 26326 4 26976
338 50 27 2 357
339 49 58880 1 59151
340 65 29372 3 29511
341 50 11176 1 11355
342 33 41041 2 41266
343 2 29224 3 29357
344 72 54422 4 54498
345 18 6647 2 6894
346 18 39016 3 39298
347 54 57813 1 58025
348 52 57933 3 58114
349 28 14734 2 14875
350 37 36771 3 36982
351 54 11741 1 12082
352 46 57508 3 57770
353 18 15748 3 15805
354 37 53925 1 53939
355 1 15634 5 15920
356 10 29224 2 29434
357 37 3362 6 4108
358 46 54400 5 54699
359 56 56575 3 56800
360 36 36771 4 36862
361 45 5365 1 6266
362 67 25104 4 25196
363 48 60067 1 60157
364 62 59718 5 60531
365 36 46533 3 46837
366 27 43338 1 43633
367 1 33640 4 33653
368 63 39016 1 39422
369 26 43360 1 43422
370 42 50040 5 50237
371 45 36771 3 37079
372 34 65576 2 65661
373 65 67752 2 67994
374 38 383 2 709
375 51 63178 3 63300
376 63 65405 1 66215
377 50 65024 2 65399
378 17 52125 1 52337
379 41 60088 3 60153
380 56 34468 4 34608
381 37 70685 4 71347
382 10 67479 4 67523
383 67 45057 5 45088
384 53 1809 4 1979
385 13 38733 5 38974
386 38 35016 3 35080
387 18 4248 6 4530
388 64 45057 2 45105
389 48 35016 3 35194
390 48 69610 4 69654
391 51 55824 5 55867
392 1 54176 5 54457
393 7 1718 2 1968
394 51 60067 2 60314
395 29 33716 2 33869
396 33 53816 2 53990
397 1 55824 1 56153
398 36 28166 1 28454
399 4 19375 5 19561
400 33 35710 1 35748
401 39 64169 5 64407
402 33 5536 3 6245
403 24 41941 5 41954
404 53 51829 1 52119
405 63 8081 1 8239
406 62 3362 2 3652
407 51 41547 3 41665
408 36 6242 5 6422
409 19 65195 1 65316
410 64 25104 1 25738
411 27 37067 6 37695
412 51 55303 2 55484
413 36 41041 5 41219
414 50 47980 1 48279
415 33 45057 4 45903
416 29 29372 1 29454
417 67 13035 3 13209
418 63 8603 1 8990
419 37 64966 6 65157
420 56 17026 3 17056
421 20 38528 4 38710
422 35 51290 3 51582
423 36 26727 4 26812
424 62 11741 3 11926
425 60 37400 1 38424
426 26 58581 1 58717
427 65 50104 4 50389
428 1 57255 4 57536
429 34 45720 1 46387
430 34 41366 2 41385
431 50 14614 1 14950
432 11 9757 2 10721
433 27 31949 2 32007
434 38 18655 3 18980
435 34 60157 2 60353
436 51 6647 5 6831
437 50 32202 1 32529
438 34 55824 1 55960
439 49 50040 1 50543
440 52 11176 2 11324
441 36 3362 1 3455
442 27 22066 2 22688
443 66 67760 3 68097
444 50 43123 1 43375
445 72 41366 4 41446
446 42 22066 2 22222
447 68 41041 1 41167
448 50 66138 2 66795
449 11 2776 2 3664
450 49 64268 1 64850
451 20 50104 1 50268
452 67 22066 2 22919
453 39 32202 3 32262
454 15 65068 4 65386
455 50 51166 1 51806
456 49 41547 1 42157
457 45 39568 2 39787
458 63 10040 6 10301
459 34 69366 2 69610
460 54 683 1 897
461 65 4248 3 4293
462 27 18766 2 18874
463 51 383 1 666
464 65 31949 1 32111
465 41 65405 3 65612
466 38 42278 1 42569
467 33 19953 2 20324
468 51 13035 1 13371
469 20 54003 3 54078
470 68 42196 4 42335
471 23 60157 6 60408
472 30 8603 1 8685
473 5 50262 4 50276
474 69 63762 5 63934
475 9 29372 1 29703
476 17 57787 2 58051
477 1 47920 6 48647
478 33 47605 1 48228
479 49 57787 1 58412
480 37 45057 6 45128
481 39 22066 4 22243
482 17 26915 2 26934
483 56 65195 3 65315
484 17 33098 2 33477
485 50 18655 1 18766
486 27 63178 4 64099
487 39 1809 5 1928
488 30 63411 4 63506
489 12 46714 3 46773
490 49 68148 1 70134
491 37 15478 3 15741
492 34 94 1 222
493 62 4384 1 4666
494 17 47617 3 47840
495 52 51799 2 52060
496 60 58927 2 60192
497 8 11741 5 11783
498 26 64169 2 64241
499 34 58581 2 59416
500 7 42551 1 42660
501 63 42631 3 43798
502 1 12467 2 12582
503 63 22066 7 22249
504 14 87 5 229
505 63 62409 4 62436
506 56 52098 1 52157
507 18 63178 1 63462
508 31 26915 6 26936
509 51 15634 3 15697
510 56 68322 2 68486
511 1 7592 1 8081
512 63 58880 5 59866
513 17 18766 2 19373
514 1 26231 1 26401
515 1 2575 4 2807
516 48 52835 6 52912
517 68 11883 2 11936
518 27 9757 3 10521
519 36 65068 3 65271
520 63 21648 2 21825
521 21 49852 5 49873
522 33 43338 1 43518
523 1 32239 5 32290
524 1 34468 6 34535
525 65 62971 1 63302
526 30 8081 4 8330
527 49 39568 2 39606
528 49 62932 2 63125
529 62 13035 3 13127
530 63 33640 4 33902
531 18 39606 5 40290
532 60 50262 2 51177
533 60 63626 3 63886
534 23 41547 6 41716
535 1 69708 1 69915
536 22 16314 3 16511
537 62 9757 3 9772
538 66 3362 4 3446
539 17 64966 1 65249
540 49 37400 1 37511
541 12 45078 3 45419
542 1 63411 4 63532
543 46 33098 5 33296
544 46 16314 5 16341
545 18 748 4 1082
546 36 2575 4 2805
547 49 12143 1 12467
548 63 50040 6 50377
549 56 26410 2 27072
550 39 28615 1 28730
551 37 2776 5 3067
552 4 119 2 319
553 49 67331 1 67752
554 48 56575 3 56693
555 48 42551 1 42616
556 57 33702 4 33840
557 60 22066 3 22097
558 60 58581 1 58821
559 36 65354 3 65664
560 40 70390 5 70627
561 63 57508 4 58109
562 1 63626 1 65722
563 14 57813 6 58108
564 56 897 1 997
565 52 19375 3 19513
566 7 10410 2 10598
567 64 68322 1 69271
568 60 58412 2 58576
569 60 3215 1 3501
570 1 1718 4 2454
571 17 67036 1 67241
572 55 36750 1 36826
573 35 7929 3 8004
574 14 20124 7 20139
575 60 33098 1 34317
576 17 54400 3 54578
577 56 1656 2 1862
578 13 21648 3 21749
579 18 26915 4 27766
580 14 63626 5 64559
581 1 10581 1 11471
582 43 4248 1 4277
583 50 11355 1 11460
584 50 26326 2 26615
585 49 9176 1 9934
586 37 43338 3 43621
587 69 52098 5 52270
588 1 8657 1 8768
589 1 16038 3 17026
590 53 10145 4 10454
591 12 4384 2 4589
592 74 15634 4 16485
593 41 29372 3 29699
594 62 76 6 414
595 1 23261 2 25104
596 49 41041 1 41270
597 20 14646 3 15470
598 39 62947 5 63207
599 37 55036 4 55824
600 17 67329 3 68392
601 45 70390 2 70420
602 31 65405 2 65753
603 49 25232 3 25255
604 38 50104 2 50188
605 15 57501 2 57527
606 72 51166 2 51866
607 27 39568 3 39723
608 51 53925 2 54103
609 21 41547 2 42460
610 15 3067 4 3095
611 62 11176 6 11303
612 56 11741 2 11883
613 65 39238 5 39588
614 5 8849 4 8863
615 49 7729 1 8532
616 45 4226 2 4436
617 14 67329 3 67354
618 54 14312 1 15000
619 30 14312 4 14513
620 16 2776 2 2945
621 17 8081 3 8401
622 15 14312 3 14463
623 17 22066 1 22332
624 63 29224 1 29299
625 31 383 6 549
626 56 14312 2 14643
627 54 58581 2 58893
628 43 3830 3 3915
629 49 65711 1 67362
630 35 42196 3 42465
631 8 69610 5 69628
632 39 51335 3 51622
633 37 35710 4 35809
634 31 52960 7 53124
635 54 3507 2 3813
636 63 57330 4 57445
637 53 50880 3 51595
638 30 63178 2 63369
639 45 26915 2 27081
640 17 61601 4 61883
641 30 34468 4 34580
642 60 39645 1 40009
643 71 26727 8 26965
644 48 9048 2 9298
645 49 15713 1 16038
646 52 20020 4 20273
647 23 34468 4 34759
648 62 33640 4 33722
649 23 42584 6 42801
650 54 29224 2 30182
651 63 6171 7 6934
652 52 29372 3 30298
653 30 6 4 237
654 66 46382 3 46642
655 1 37400 2 37526
656 67 70459 1 70568
657 69 67479 4 67600
658 1 32923 2 33098
659 51 50880 3 51200
660 66 15713 2 15877
661 27 32202 6 32372
662 21 50136 1 50319
663 49 39238 3 39568
664 39 8849 4 8906
665 37 1718 1 1824
666 27 58581 5 58890
667 10 18766 4 18923
668 63 29372 3 29470
669 33 25104 1 25583
670 39 13326 5 13624
671 32 53925 2 54033
672 32 3830 3 4102
673 17 55824 4 56050
674 19 67036 2 67325
675 18 50136 2 50482
676 56 28615 3 28658
677 33 26915 3 27806
678 18 13035 2 13046
679 10 70685 6 70761
680 37 38528 5 38784
681 44 16314 6 16614
682 15 897 6 974
683 49 52759 3 53145
684 17 64676 2 64885
685 50 7153 1 7409
686 46 52835 1 53082
687 53 748 4 914
688 45 48917 1 49566
689 13 41041 6 41812
690 67 65405 3 65657
691 67 42551 3 42599
692 45 9725 3 10072
693 6 57501 1 57603
694 50 64676 1 65024
695 18 32923 6 33136
696 17 4248 3 4502
697 63 748 3 759
698 56 3362 3 3771
699 37 33098 1 33259
700 49 19828 3 20124
701 33 41941 4 42218
702 56 10145 2 10580
703 33 57255 3 57352
704 50 67036 1 67325
705 60 46382 2 46596
706 20 64676 1 65017
707 10 53925 4 54028
708 1 33716 1 33834
709 30 34605 3 34766
710 49 53363 1 53816
711 31 52125 6 52374
712 1 62409 1 62623
713 50 28340 1 29565
714 65 42758 2 42826
715 36 32923 5 33171
716 10 39550 3 39611
717 37 48917 1 49158
718 49 63125 1 63646
719 48 5365 6 5607
720 36 55036 3 55295
721 57 2776 3 2885
722 32 48917 4 48930
723 54 50104 1 50200
724 68 29224 3 29379
725 18 63646 4 63846
726 1 67036 1 67329
727 29 46644 3 46824
728 36 70134 2 70396
729 54 16038 2 16218
730 36 39965 7 40219
731 17 40174 1 40233
732 48 67752 4 67872
733 50 29565 2 30679
734 36 52964 4 53646
735 30 3913 4 4247
736 63 25104 1 26098
737 35 8081 2 8431
738 56 38528 1 38782
739 37 62971 5 63131
740 43 11176 3 11366
741 1 8081 1 8231
742 60 63944 3 64169
743 58 70459 3 70473
744 50 27650 1 27835
745 33 55036 5 56074
746 52 7929 2 8616
747 1 66762 1 67036
748 12 43360 3 43496
749 51 33098 3 33287
750 56 55303 1 56073
751 17 15548 4 15748
752 49 62409 3 62471
753 50 62471 2 62799
754 18 65405 3 65616
755 21 13035 2 13893
756 45 64676 1 65008
757 60 38528 2 38618
758 15 11741 3 11800
759 62 70685 3 70741
760 12 13094 3 13769
761 31 68392 8 68485
762 17 46714 2 46984
763 30 31949 2 32871
764 49 3362 1 3738
765 19 42157 3 42501
766 39 65405 3 65525
767 65 52259 1 52471
768 60 6242 1 6535
769 63 7592 4 7933
770 12 54640 3 55365
771 66 70134 5 70424
772 56 4120 4 4403
773 49 26273 1 26396
774 12 41366 3 42264
775 49 18836 1 19697
776 56 27919 2 28167
777 34 62947 1 62971
778 5 58581 5 58643
779 17 35710 3 36386
780 13 60259 5 60308
781 39 67329 4 67375
782 27 2067 4 2152
783 23 50986 4 51034
784 16 48917 6 49852
785 17 8603 1 8616
786 1 52759 1 52792
787 32 35710 2 36540
788 37 55824 6 55967
789 56 66138 1 66163
790 27 48917 5 49065
791 49 23261 3 23355
792 49 27919 1 28166
793 13 70134 3 70211
794 17 43671 1 43763
795 60 29372 2 29696
796 27 46644 1 46904
797 50 39550 1 40059
798 50 14312 2 14614
799 62 64169 3 64350
800 54 1809 1 2509
801 37 8849 6 9725
802 16 15478 5 15555
803 68 39965 3 40275
804 19 36771 3 36949
805 59 41041 3 41072
806 52 50040 2 50053
807 25 7929 3 8242
808 1 58927 1 59049
809 49 8730 1 9102
810 6 10145 1 10308
811 15 34605 4 34682
812 49 7592 1 7729
813 35 59718 2 59793
814 20 11176 6 11447
815 49 14646 1 14879
816 52 3913 3 4249
817 48 14312 4 15193
818 17 71060 1 72198
819 20 7592 1 7607
820 63 13326 3 13598
821 12 8849 3 9176
822 37 65157 7 65201
823 49 36750 1 36946
824 36 7224 4 7540
825 13 4265 3 4455
826 1 36750 6 36771
827 51 10581 1 10676
828 65 53816 3 54065
829 59 38733 6 38831
830 67 47980 5 48129
831 49 33702 3 34468
832 50 16038 2 16053
833 56 8849 2 9485
834 13 38528 3 38616
835 50 70685 1 71731
836 20 22066 6 22214
837 6 47605 1 47932
838 62 2880 2 2890
839 51 66356 1 66655
840 34 55303 1 55338
841 33 63626 5 63837
842 38 55340 3 55676
843 62 52759 1 52998
844 48 53925 6 54163
845 49 3362 2 3648
846 1 25104 7 25315
847 63 1718 5 1809
848 56 11883 4 12292
849 45 38528 1 38654
850 30 683 5 735
851 63 70685 1 71060
852 18 70390 4 71379
853 71 52098 5 52234
854 39 15713 1 15885
855 14 52125 6 52155
856 60 7929 1 8596
857 17 51799 1 52125
858 50 4464 1 4595
859 64 27919 1 28698
860 1 9725 2 9759
861 49 52259 3 52463
862 26 31949 1 32063
863 72 50262 1 51025
864 37 39568 5 39838
865 31 22066 5 22126
866 63 67760 3 68022
867 72 25104 1 25273
868 32 26727 4 26996
869 39 2248 4 2423
870 29 7729 2 8672
871 49 2575 1 3320
872 7 3362 2 3609
873 32 46382 3 46666
874 49 14312 2 14549
875 48 62947 3 63827
876 49 71060 1 71268
877 48 58880 4 58968
878 36 26273 4 26476
879 36 18849 4 18956
880 4 59151 3 59485
881 17 29224 3 29628
882 68 22066 4 22403
883 54 45057 1 45201
884 27 15634 2 15901
885 51 29379 2 30059
886 42 67752 2 67775
887 30 57255 3 57269
888 72 42551 2 43381
889 50 18849 1 19993
890 5 9048 3 9091
891 18 67760 4 68567
892 54 71060 1 71151
893 17 26273 2 26350
894 50 61098 1 61430
895 56 26098 3 26351
896 50 55303 1 55335
897 62 46714 2 46979
898 27 19375 3 19418
899 59 47444 3 47594
900 30 66762 4 67041
901 52 69610 3 69881
902 34 67329 1 68426
903 1 41041 6 41378
904 17 3913 4 4047
905 58 3067 3 3097
906 25 28166 7 28426
907 34 33640 1 33697
908 18 59663 4 59803
909 29 3507 2 3574
910 54 64627 2 64875
911 67 8849 2 8937
912 63 68148 3 68322
913 13 6454 2 7400
914 67 4384 4 4475
915 34 64250 1 64553
916 49 26958 3 27258
917 63 29470 2 29692
918 36 3913 4 4075
919 54 69610 1 69899
920 49 5365 3 5536
921 35 4248 4 4553
922 26 47444 2 47508
923 55 45057 2 45372
924 59 8081 4 8952
925 30 15634 4 15786
926 17 51290 3 51562
927 32 46714 4 46909
928 30 42709 2 42935
929 52 33098 4 33207
930 64 15548 2 15813
931 31 33098 1 33913
932 54 39915 2 40117
933 63 33225 4 33347
934 62 41777 3 42411
935 20 45057 3 45406
936 21 39965 2 40220
937 21 2575 1 2884
938 54 40174 2 40332
939 1 70134 2 70390
940 1 138 6 1095
941 29 7224 4 7487
942 23 10145 1 10185
943 36 32202 3 32513
944 49 55824 1 56575
945 74 62409 3 62657
946 23 51829 3 52057
947 68 66138 2 66163
948 49 44025 1 44045
949 52 59151 4 59273
950 37 18655 5 18965
951 19 3362 3 3662
952 67 67036 4 67755
953 31 7592 3 7627
954 20 70390 2 70660
955 31 46714 4 46870
956 23 26231 3 26395
957 56 37400 2 37630
958 17 38528 1 39965
959 1 59663 1 60067
960 72 42196 1 42483
961 65 13326 5 13436
962 1 33477 5 33640
963 52 3362 1 3485
964 34 15903 1 16823
965 14 897 3 989
966 11 50880 3 51188
967 33 67036 2 67399
968 49 57508 2 57687
969 17 6981 3 7317
970 5 50880 7 50978
971 17 70685 1 71014
972 6 22066 2 22411
973 7 47617 2 47655
974 50 58927 2 59030
975 7 21648 1 21721
976 51 54640 5 54901
977 37 41777 1 41927
978 31 7929 3 8067
979 30 57501 1 58294
980 1 46382 4 46407
981 36 70685 2 70884
982 15 47920 4 48847
983 51 47605 3 47872
984 68 65818 2 66138
985 64 53280 1 53386
986 65 54640 2 55328
987 34 59663 1 59949
988 33 10145 2 10451
989 19 53925 3 54172
990 22 59288 3 59481
991 57 50136 2 50223
992 40 37400 1 38101
993 63 53816 2 53925
994 50 58880 1 58927
995 52 15634 5 15777
996 20 25104 1 25412
997 36 67752 7 67867
998 36 63178 7 63324
999 25 42758 4 43068
1000 21 58051 3 58981
1001 63 43798 4 44027
1002 59 71060 3 71214
1003 31 17500 5 17580
1004 31 58880 3 59550
1005 21 3507 3 3553
1006 50 46714 1 46956
1007 62 40174 5 40416
1008 50 13035 1 13094
1009 36 69610 7 69860
1010 60 46714 2 46932
1011 18 64268 5 65144
1012 48 57501 4 57785
1013 1 18836 4 18997
1014 32 62947 2 63081
1015 50 69366 2 69784
1016 1 50880 4 51166
1017 17 15748 4 16614
1018 63 51166 2 51290
1019 50 39422 1 39550
1020 53 64676 1 64892
1021 48 65693 4 65828
1022 48 15478 2 15753
1023 1 71060 1 71388
1024 1 39073 5 39915
1025 8 26396 6 26443
1026 39 48917 2 49606
1027 65 46533 2 46550
1028 10 9757 3 9869
1029 36 15976 3 16740
1030 45 57501 1 57620
1031 20 68322 3 68558
1032 27 8849 2 8950
1033 30 47961 3 48074
1034 17 7919 4 8054
1035 30 38528 2 38582
1036 37 383 3 655
1037 52 41366 2 42263
1038 60 17056 2 17475
1039 49 5536 2 5834
1040 54 13035 2 14019
1041 39 15634 2 15700
1042 49 35710 2 36750
1043 33 2776 3 3427
1044 23 11176 5 11190
1045 60 36750 2 36967
1046 45 55036 5 55822
1047 17 46714 1 47444
1048 40 67036 4 67131
1049 62 40000 3 40064
1050 49 20124 1 21648
1051 27 60145 1 60259
1052 46 46382 2 46571
1053 54 127 2 252
1054 49 383 3 683
1055 58 67036 3 67121
1056 63 11741 2 12074
1057 30 14936 3 15250
1058 30 46533 3 46854
1059 54 63626 1 64419
1060 18 47444 4 47781
1061 30 27990 5 28212
1062 71 1366 8 1376
1063 5 33098 7 33224
1064 19 47444 2 47737
1065 21 67329 3 67607
1066 48 39016 4 39766
1067 1 17500 2 17805
1068 9 8081 1 8832
1069 50 4529 1 5477
1070 69 29224 4 29365
1071 64 43671 1 44348
1072 14 48917 3 49070
1073 67 26326 2 26653
1074 21 65354 6 65436
1075 65 42196 4 42483
1076 52 31949 2 32554
1077 39 41777 3 42018
1078 67 43338 3 43632
1079 22 11883 3 12660
1080 19 65405 3 65729
1081 51 46714 1 47391
1082 18 42758 3 42821
1083 49 43671 1 44025
1084 67 11883 3 11962
1085 37 4384 5 4571
1086 10 1718 6 1850
1087 29 6168 2 7030
1088 63 60145 6 60157
1089 27 1656 5 2003
1090 60 43360 1 43593
1091 32 3215 2 3561
1092 20 52098 5 52156
1093 17 13183 1 13492
1094 15 58927 6 59060
1095 18 46382 4 46707
1096 63 63762 5 63944
1097 50 52835 2 52964
1098 10 26727 5 26744
1099 37 3067 4 3362
1100 39 26326 2 26350
1101 67 41777 1 42013
1102 17 55340 4 55368
1103 1 39016 4 39073
1104 37 26727 2 26817
1105 1 65722 4 66018
1106 26 40000 2 40706
1107 15 48917 2 49700
1108 33 40174 2 40501
1109 74 57501 4 58272
1110 10 3830 5 4571
1111 42 64627 5 64942
1112 31 28615 8 28642
1113 26 67760 1 68069
1114 39 62623 3 62933
1115 56 7729 2 7755
1116 64 48917 2 49537
1117 17 33702 1 34725
1118 49 5834 1 6787
1119 26 28615 1 28698
1120 4 3830 3 4450
1121 36 60067 7 60149
1122 18 60067 3 60333
1123 71 11883 6 12061
1124 33 29224 1 29376
1125 14 49852 2 49991
1126 12 26273 3 27167
1127 50 42959 2 43123
1128 49 57353 1 57787
1129 1 14646 1 14927
1130 33 251 1 2670
1131 27 61601 4 62360
1132 30 37400 3 37498
1133 39 38528 1 38652
1134 62 47444 4 47616
1135 5 3507 5 3681
1136 65 52835 2 52981
1137 69 53925 5 53983
1138 33 14549 6 14644
1139 65 15976 2 16974
1140 56 29224 2 29240
1141 30 65354 4 66178
1142 12 53657 3 53981
1143 17 10431 3 11405
1144 1 63532 3 63626
1145 37 63626 2 63737
1146 41 22066 2 22273
1147 49 25315 3 26273
1148 63 19828 3 20020
1149 38 58927 1 59264
1150 50 63532 1 64316
1151 17 50986 1 51346
1152 48 48917 5 49651
1153 49 13035 1 13183
1154 24 5834 7 6755
1155 35 60088 2 60139
1156 63 26915 7 26958
1157 37 54346 2 55036
1158 21 16708 2 16837
1159 36 15009 6 15117
1160 30 897 2 1205
1161 62 50986 5 51303
1162 39 50880 1 51149
1163 49 2248 1 2575
1164 23 41041 5 41360
1165 34 43360 1 44241
1166 42 12744 2 12897
1167 30 35016 2 35055
1168 52 42551 3 42885
1169 50 37681 1 37797
1170 27 11741 3 11884
1171 1 17026 1 17248
1172 60 3830 1 3983
1173 62 20045 4 20179
1174 26 6647 2 6910
1175 26 683 1 956
1176 51 70390 2 70718
1177 43 31949 3 32270
1178 31 8849 6 9039
1179 26 51166 1 51211
1180 50 53657 1 54303
1181 19 35710 3 36023
1182 65 15748 2 15856
1183 13 2776 6 3043
1184 37 60067 5 60365
1185 17 19375 1 20045
1186 15 42160 1 42385
1187 60 19375 3 19713
1188 18 50986 3 51195
1189 10 41366 1 41564
1190 60 52098 1 52224
1191 49 10410 1 10467
1192 65 14637 2 14708
1193 52 3067 4 3197
1194 71 3412 7 3512
1195 56 19828 3 20084
1196 24 22066 1 22158
1197 50 27990 1 28137
1198 37 29550 2 29824
1199 1 55303 1 55331
1200 15 9176 4 9393
1201 17 4226 2 4248
1202 2 67331 1 68258
1203 34 4384 1 5791
1204 60 20045 3 20278
1205 39 20020 2 20162
1206 68 36771 4 37041
1207 65 51290 4 51410
1208 36 10040 3 10124
1209 16 43338 3 43470
1210 35 55303 4 55646
1211 17 4193 1 4226
1212 48 26326 3 26541
1213 12 52259 3 52482
1214 48 33640 4 33972
1215 34 71060 2 71119
1216 62 63178 2 64003
1217 49 4265 1 4592
1218 73 35710 4 35782
1219 48 43360 3 43643
1220 13 71342 3 72270
1221 34 38528 2 38691
1222 5 14312 4 14520
1223 17 4502 3 4615
1224 1 8603 1 8657
1225 48 54176 3 54408
1226 53 26727 3 26893
1227 31 50136 3 50235
1228 19 11741 4 12651
1229 7 57787 2 57958
1230 63 71060 1 71315
1231 39 5536 5 5754
1232 17 59208 3 59279
1233 17 48917 1 49087
1234 67 28166 2 28273
1235 16 52125 5 53107
1236 4 57813 5 58074
1237 34 41041 2 41262
1238 58 51166 2 51209
1239 26 3215 1 3356
1240 27 14734 4 14877
1241 54 36750 2 37575
1242 27 14312 5 14462
1243 28 6647 2 6821
1244 20 65354 3 65578
1245 43 13035 1 13336
1246 53 41366 2 41980
1247 62 7224 3 7517
1248 29 46714 2 47062
1249 24 33098 5 33309
1250 66 34468 4 34804
1251 18 57255 4 57522
1252 45 62471 2 62485
1253 22 232 3 387
1254 4 11883 2 11908
1255 44 65722 6 65946
1256 31 62947 6 63184
1257 35 41547 3 41797
1258 48 65354 4 65690
1259 33 70134 5 71044
1260 49 59208 2 59258
1261 54 28340 1 29145
1262 6 64966 1 65130
1263 17 41366 2 42186
1264 34 58505 2 58568
1265 72 64627 6 64675
1266 42 8081 4 8356
1267 6 50040 1 50378
1268 27 2575 2 2901
1269 46 14312 4 14508
1270 52 26915 4 27025
1271 27 25232 3 25395
1272 54 46382 2 46508
1273 39 14312 1 14494
1274 63 27876 2 28033
1275 5 49852 5 49912
1276 63 9757 4 10040
1277 49 49207 2 50077
1278 48 21648 5 21985
1279 12 51178 3 51349
1280 63 46382 2 47605
1281 39 8906 3 9183
1282 65 18766 2 19000
1283 32 37511 4 37844
1284 50 8906 1 9144
1285 27 62971 2 63153
1286 45 51335 4 51637
1287 15 16314 4 16574
1288 41 50880 1 50929
1289 56 48917 1 51995
1290 17 58581 1 58761
1291 10 46644 6 47537
1292 61 22066 5 22128
1293 15 53816 3 54072
1294 20 27258 6 27344
1295 49 32923 2 32972
1296 37 6454 1 7112
1297 1 34535 1 34832
1298 44 52098 6 52426
1299 62 67760 3 67918
1300 39 36771 3 37617
1301 52 60067 2 60174
1302 62 19375 4 19558
1303 21 8603 3 8698
1304 18 5536 5 6208
1305 33 35016 2 35337
1306 27 10581 3 11482
1307 67 2776 1 3097
1308 2 26350 3 26630
1309 63 50553 6 50810
1310 35 67760 2 67779
1311 50 35710 1 35863
1312 51 42196 5 42266
1313 20 34468 6 35120
1314 45 18655 3 18793
1315 37 27650 3 27878
1316 62 48917 3 49027
1317 26 39568 1 39707
1318 50 59718 1 59995
1319 57 46714 1 46860
1320 62 14312 5 14540
1321 39 46714 5 47004
1322 49 65387 1 65540
1323 35 46382 3 46729
1324 12 15976 1 16175
1325 39 45057 3 45372
1326 23 4464 2 4476
1327 62 8849 3 9006
1328 31 25232 3 25522
1329 49 52098 1 52259
1330 43 48917 3 48967
1331 49 29224 2 29372
1332 60 17500 1 18396
1333 52 60259 2 60342
1334 30 60088 2 60237
1335 56 43798 1 44134
1336 72 19375 3 20026
1337 37 15903 7 15994
1338 62 38528 4 38625
1339 56 9725 2 9924
1340 51 10145 3 10494
1341 30 14734 1 14802
1342 35 1656 4 1823
1343 49 62471 2 62627
1344 63 62947 1 63159
1345 50 50104 2 50287
1346 1 61601 8 61621
1347 71 66138 8 66415
1348 7 54640 2 54734
1349 48 0 3 200
1350 1 4384 6 4632
1351 1 46714 6 47030
1352 33 67752 3 67803
1353 17 68392 4 69084
1354 56 72 2 403
1355 21 4464 4 5226
1356 67 54346 2 54618
1357 54 1718 1 1796
1358 64 57813 2 58137
1359 67 39959 2 40240
1360 16 10145 1 10237
1361 47 42582 1 42788
1362 55 32923 5 32999
1363 6 60145 1 60430
1364 1 29224 3 29550
1365 67 14734 4 15590
1366 48 2067 7 2096
1367 67 35710 3 35868
1368 66 28615 2 28712
1369 38 52098 2 52233
1370 60 65354 2 65663
1371 24 35016 7 35259
1372 34 7592 2 8778
1373 49 26727 2 26946
1374 67 49207 1 49476
1375 40 64169 3 64262
1376 20 3507 5 4460
1377 63 26958 4 27876
1378 62 47920 6 47951
1379 23 43338 3 43482
1380 52 10410 2 10508
1381 39 54346 2 55241
1382 30 43360 4 43399
1383 1 70685 6 70971
1384 14 50287 6 50586
1385 17 70459 1 73670
1386 18 15903 3 15988
1387 27 45720 1 46373
1388 17 36750 1 38031
1389 36 54003 7 54014
1390 27 62471 6 62497
1391 26 34725 2 34907
1392 63 60088 5 60145
1393 13 46714 4 46842
1394 37 9725 6 9872
1395 49 54422 2 55303
1396 49 11741 1 11880
1397 39 61601 3 61765
1398 30 50856 1 50915
1399 33 6647 1 7638
1400 9 27876 1 28513
1401 29 8849 2 9775
1402 34 897 2 974
1403 26 63762 1 63905
1404 36 46382 4 46428
1405 39 41366 2 41616
1406 65 10145 3 10312
1407 27 5365 2 6157
1408 55 57501 5 57518
1409 43 57501 3 57694
1410 16 54400 4 54667
1411 49 17026 1 17262
1412 41 64676 3 64987
1413 39 4384 5 4675
1414 19 63762 1 64036
1415 63 23261 5 23526
1416 36 41547 3 41872
1417 33 8532 3 8820
1418 48 40174 3 40258
1419 42 47920 3 48906
1420 7 63178 2 63518
1421 26 64676 1 64969
1422 18 47920 1 48208
1423 11 6674 4 6951
1424 37 22066 3 22124
1425 16 391 4 498
1426 12 6242 2 6502
1427 60 41547 1 42313
1428 30 26273 2 26353
1429 63 71060 4 71342
1430 21 22066 5 22833
1431 50 6168 1 6187
1432 17 26350 2 26410
1433 19 42631 2 42780
1434 37 34605 4 34908
1435 30 35886 2 35986
1436 50 11741 2 12225
1437 1 36771 3 36795
1438 50 54400 1 54688
1439 43 28615 2 28857
1440 50 27835 1 27990
1441 72 56074 4 56239
1442 15 10410 3 10717
1443 54 415 2 561
1444 45 6647 4 6684
1445 1 26958 1 27749
1446 72 70459 5 70516
1447 58 897 5 1145
1448 21 52960 4 53248
1449 37 36771 3 36819
1450 21 26326 3 26429
1451 37 46714 5 46879
1452 23 102 5 777
1453 42 19375 3 19487
1454 66 59208 3 59253
1455 45 42584 1 42926
1456 29 45720 5 45889
1457 54 3362 1 3442
1458 63 19375 1 19828
1459 35 236 4 263
1460 20 7224 4 7350
1461 63 37400 2 37681
1462 46 35710 6 35785
1463 66 62623 5 62911
1464 62 67329 1 67631
1465 57 11741 3 12659
1466 56 67752 2 67842
1467 45 3412 1 3500
1468 4 27650 3 27737
1469 51 1718 2 1860
1470 18 63532 4 63566
1471 42 65068 5 65351
1472 63 532 1 1444
1473 56 70134 4 70410
1474 13 34535 3 34843
1475 48 36750 1 36814
1476 36 61098 6 61387
1477 34 48917 1 49833
1478 33 46938 3 47199
1479 13 32202 4 32379
1480 16 8849 4 9733
1481 62 55824 4 56035
1482 10 3362 5 3375
1483 18 3830 2 3973
1484 32 26326 3 26404
1485 3 26 2 237
1486 27 50287 4 50608
1487 38 3362 1 3494
1488 45 22066 5 22264
1489 17 3215 1 3358
1490 63 42278 1 42551
1491 19 60088 3 61088
1492 31 18655 2 19641
1493 36 68322 7 69009
1494 48 51799 4 51950
1495 30 69366 5 69516
1496 39 42582 5 42751
1497 33 32202 3 32936
1498 48 55303 4 55515
1499 11 46714 3 46960
1500 18 16314 3 16400
1501 72 64676 3 65561
1502 30 45681 2 45924
1503 1 3830 2 4120
1504 1 48917 3 49259
1505 35 498 3 558
1506 20 1656 3 2590
1507 1 59151 1 59247
1508 33 3507 4 3776
1509 58 57508 3 57741
1510 30 50040 3 50386
1511 30 41547 3 41560
1512 4 34605 3 35258
1513 17 693 1 923
1514 19 50104 3 50340
1515 20 46533 2 46733
1516 33 42783 3 42896
1517 34 2575 1 3024
1518 49 58581 1 58880
1519 62 14646 5 14901
1520 33 64676 6 64800
1521 37 6647 2 6775
1522 30 29224 2 29248
1523 39 6862 5 6889
1524 33 66138 4 66255
1525 57 9757 1 9972
1526 50 70134 1 70459
1527 63 15634 6 15976
1528 60 65818 1 67373
1529 8 41547 6 41613
1530 52 50136 3 50212
1531 63 6934 4 7061
1532 48 22066 5 22297
1533 65 7592 4 7616
1534 1 26098 3 26231
1535 32 67329 4 67540
1536 4 16314 5 16379
1537 4 6647 4 6797
1538 58 18509 2 19126
1539 36 58880 7 59052
1540 58 64627 4 65457
1541 30 40174 4 40349
1542 37 41547 3 41875
1543 20 13094 5 13124
1544 33 65024 2 65254
1545 1 46027 1 46382
1546 37 29372 4 29465
1547 10 66762 3 66783
1548 42 50553 4 50656
1549 32 51829 1 52090
1550 60 5834 1 6083
1551 72 58927 1 59245
1552 39 50104 5 50432
1553 37 13094 3 13370
1554 52 47444 5 47619
1555 39 25104 1 25388
1556 27 52098 5 52427
1557 15 66138 3 66883
1558 11 4592 4 4739
1559 9 50040 1 50298
1560 49 45057 1 45078
1561 18 7592 5 7650
1562 32 63626 3 64312
1563 44 26396 6 26664
1564 34 52098 2 52425
1565 30 59663 4 59740
1566 51 42863 4 43166
1567 18 70134 1 70347
1568 18 57813 4 58042
1569 16 498 2 605
1570 17 59279 1 60935
1571 68 6647 2 6820
1572 63 59866 4 59971
1573 62 70134 1 70196
1574 69 383 5 1031
1575 10 17026 7 17218
1576 1 4120 2 4384
1577 49 50104 2 50856
1578 51 51335 2 52121
1579 50 2248 2 2374
1580 11 6454 3 6575
1581 63 28166 2 28340
1582 45 54422 1 54618
1583 29 41777 1 41919
1584 35 43360 1 44128
1585 30 13386 1 13453
1586 24 748 4 1560
1587 34 33702 1 33883
1588 60 383 3 626
1589 43 95 3 215
1590 48 1656 5 2006
1591 61 897 5 1107
1592 54 50553 1 50889
1593 36 34535 4 34756
1594 43 1656 1 1944
1595 34 17026 1 17366
1596 18 54400 2 54598
1597 4 33702 4 33921
1598 33 11883 5 12197
1599 28 46932 3 47071
1600 33 56074 5 56689
1601 21 189 5 437
1602 27 26273 6 27155
1603 1 25315 5 25341
1604 20 11864 3 12097
1605 50 39016 1 39066
1606 72 69610 4 69720
1607 73 7592 5 7769
1608 56 6454 1 6507
1609 60 62627 1 62680
1610 59 65354 3 65579
1611 16 42863 2 42930
1612 10 39016 4 39158
1613 37 748 4 805
1614 17 58051 2 58287
1615 18 3215 6 3457
1616 6 1718 1 1966
1617 45 50880 1 50939
1618 63 47605 2 47920
1619 34 69610 2 70514
1620 48 6862 4 7169
1621 45 55824 5 56172
1622 74 4529 2 4750
1623 35 53816 4 54068
1624 17 54346 2 54400
1625 5 60088 4 60405
1626 1 69366 7 69691
1627 33 16038 3 16205
1628 30 17026 2 17856
1629 37 50104 4 50979
1630 26 26326 1 26405
1631 38 3830 2 3984
1632 33 46714 1 46938
1633 51 41041 5 41173
1634 55 50880 5 50956
1635 17 25104 1 25450
1636 1 39946 2 41041
1637 34 41941 1 42388
1638 18 51 3 365
1639 58 33098 1 33395
1640 17 6674 1 6981
1641 23 9048 6 10033
1642 34 68392 1 68606
1643 1 50484 6 50720
1644 66 14936 1 15229
1645 52 37681 3 37722
1646 63 55303 3 55562
1647 63 51290 1 51993
1648 66 10145 5 10366
1649 49 54176 2 54284
1650 1 50200 4 50484
1651 1 70390 1 70497
1652 51 15748 2 16748
1653 24 32202 2 32294
1654 62 36750 2 37505
1655 54 42551 1 43294
1656 20 47605 4 48431
1657 31 1718 4 2015
1658 60 31949 3 32660
1659 60 32923 1 33033
1660 31 3830 6 3861
1661 17 52960 2 53364
1662 17 26934 3 26953
1663 50 32529 1 32781
1664 31 748 8 969
1665 62 70390 2 70594
1666 52 70134 4 70208
1667 34 50856 1 52017
1668 34 3215 1 3238
1669 67 57813 5 58078
1670 24 33702 3 33794
1671 1 33653 2 33716
1672 65 26915 2 27139
1673 56 45057 1 45899
1674 30 10040 1 10992
1675 12 42631 2 42848
1676 33 42959 4 43021
1677 34 45681 1 45720
1678 30 48917 4 49124
1679 56 2575 3 2900
1680 10 16038 5 16353
1681 42 897 4 945
1682 1 60145 1 61601
1683 55 9048 6 9266
1684 45 29550 1 30346
1685 49 17500 3 18509
1686 68 59151 2 59457
1687 14 41366 5 42077
1688 68 34605 4 34950
1689 62 33098 4 33361
1690 30 51829 4 52116
1691 66 41366 3 41558
1692 1 10431 1 10581
1693 17 41366 2 43017
1694 10 14734 3 15026
1695 13 26593 4 26708
1696 17 50146 1 50205
1697 36 8849 6 9539
1698 49 16708 1 17500
1699 65 58581 1 59233
1700 6 55303 1 55396
1701 65 33716 2 34677
1702 48 46382 4 46624
1703 33 42551 4 42640
1704 69 33098 6 33953
1705 12 22066 3 22340
1706 53 13386 2 13433
1707 1 63125 5 63411
1708 63 15478 3 15634
1709 13 69366 3 69644
1710 20 14312 3 14494
1711 17 17026 2 17254
1712 1 5834 4 6168
1713 16 50287 4 50537
1714 56 10145 1 10426
1715 63 68322 2 69076
1716 54 5365 1 5662
1717 63 45720 2 46027
1718 65 19375 1 19480
1719 49 53145 1 53280
1720 17 65354 2 65693
1721 54 57501 1 57689
1722 29 897 1 1025
1723 34 64169 2 64250
1724 12 4632 3 4974
1725 30 70134 2 70473
1726 4 51290 4 51391
1727 66 1809 1 2102
1728 18 9048 6 9793
1729 15 1809 3 1942
1730 33 57508 3 57555
1731 62 10410 4 10729
1732 20 33640 2 33873
1733 60 2575 2 2904
1734 60 50136 2 50262
1735 17 383 3 693
1736 63 65354 6 65405
1737 1 57933 1 58102
1738 18 53657 5 53830
1739 48 50484 3 50498
1740 7 12744 1 12852
1741 17 2067 2 2776
1742 62 21648 3 22426
1743 30 39016 4 40007
1744 17 1718 4 2067
1745 58 63762 4 63899
1746 50 383 2 748
1747 37 67329 4 67459
1748 17 47840 1 48227
1749 49 16038 2 16118
1750 54 57255 2 57308
1751 27 9176 5 9472
1752 15 18766 3 19052
1753 21 51829 2 51952
1754 31 70369 3 70706
1755 68 54640 2 55526
1756 17 57301 2 57524
1757 63 20020 4 20444
1758 55 64627 3 64903
1759 17 3362 1 3682
1760 14 32202 3 33074
1761 10 57501 5 57663
1762 10 31976 1 32905
1763 48 6454 4 6518
1764 60 13219 1 13449
1765 21 683 5 1457
1766 67 59663 5 60659
1767 48 41777 3 42048
1768 45 37681 2 37709
1769 67 42758 5 43031
1770 26 46714 2 46979
1771 64 29224 2 29513
1772 18 62471 4 62696
1773 51 22066 2 22881
1774 48 60157 3 60457
1775 63 34468 1 35112
1776 51 17500 1 17754
1777 60 28615 2 28942
1778 45 15634 5 15805
1779 19 65354 3 65396
1780 34 29372 1 30251
1781 73 50986 2 51336
1782 1 58102 2 58825
1783 52 43338 1 43399
1784 10 13219 5 14047
1785 63 3507 1 3830
1786 63 70685 3 70834
1787 63 25232 5 25369
1788 27 45078 2 45402
1789 37 10145 4 10259
1790 21 19375 3 20217
1791 5 6454 2 7323
1792 17 13035 1 13143
1793 16 49852 4 50016
1794 65 13094 4 13127
1795 49 67752 1 68148
1796 56 62947 4 63685
1797 45 7592 2 7856
1798 56 11176 3 11431
1799 30 1718 4 2492
1800 10 55824 6 56166
1801 63 14637 1 15478
1802 62 18836 4 18995
1803 19 58927 2 58959
1804 22 41777 4 41945
1805 36 12143 1 12255
1806 65 28615 4 28867
1807 15 11883 3 12554
1808 67 29372 5 29550
1809 5 53925 4 54274
1810 52 26396 3 26537
1811 11 55303 4 55998
1812 37 4571 3 4785
1813 6 7224 2 8196
1814 43 39568 3 40550
1815 62 10145 4 10336
1816 30 46938 1 46963
1817 39 65024 4 65206
1818 18 3507 6 3819
1819 56 59224 3 59663
1820 2 52759 3 52816
1821 12 60088 3 60280
1822 37 37067 2 37400
1823 1 66356 1 66762
1824 34 65354 2 65524
1825 67 13219 2 13464
1826 49 61098 1 62409
1827 39 59866 2 60120
1828 23 55824 4 56608
1829 36 11176 3 12025
1830 60 47947 3 48230
1831 27 8603 4 8803
1832 2 52098 3 52173
1833 35 32202 2 32494
1834 17 60088 3 60320
1835 63 46027 2 46139
1836 19 39606 3 39697
1837 48 4248 3 4362
1838 27 41385 1 41515
1839 52 10040 1 10235
1840 62 41366 2 41716
1841 52 62947 3 63859
1842 37 748 2 1656
1843 53 383 1 518
1844 49 21648 2 22066
1845 49 41366 1 41429
1846 31 11176 6 11296
1847 65 22066 2 22991
1848 34 39238 2 40439
1849 30 33225 2 33533
1850 7 29470 2 29517
1851 42 10431 3 10711
1852 48 28615 2 28937
1853 43 42709 1 42730
1854 27 12626 3 12636
1855 67 34605 3 34663
1856 35 48917 2 49247
1857 38 41547 3 41715
1858 45 498 4 638
1859 45 14734 2 14839
1860 37 48917 6 49207
1861 22 65405 3 65635
1862 51 65818 4 65872
1863 54 4265 2 4531
1864 56 53816 2 54620
1865 67 67760 1 67819
1866 5 47444 6 47697
1867 63 36750 4 36952
1868 30 2776 5 3106
1869 17 57501 2 57699
1870 67 49852 4 49905
1871 31 39016 7 39357
1872 17 46984 2 47261
1873 9 8849 2 9066
1874 18 21648 4 22343
1875 34 65693 1 65818
1876 13 43360 4 44136
1877 63 35710 3 35746
1878 54 6168 1 6311
1879 1 27650 3 27769
1880 55 46938 3 47282
1881 26 2248 2 2543
1882 20 50856 5 51190
1883 19 8231 2 8573
1884 27 42758 4 42852
1885 50 42160 2 42542
1886 24 36771 7 36971
1887 23 13035 5 13140
1888 34 62471 1 62860
1889 72 53925 3 54155
1890 20 498 3 517
1891 17 20045 4 20117
1892 21 1656 4 1767
1893 17 28615 1 29133
1894 49 29372 2 29708
1895 34 57508 1 58114
1896 52 67479 3 67697
1897 50 5477 2 5725
1898 10 34535 4 35510
1899 54 46714 1 46843
1900 63 5929 1 6171
1901 50 64316 2 64627
1902 51 26326 3 26416
1903 54 47444 1 47767
1904 44 4632 6 4657
1905 26 19375 2 19644
1906 42 16038 4 16296
1907 6 211 2 383
1908 15 29224 3 29851
1909 26 50104 2 50880
1910 56 52759 1 53428
1911 17 142 2 298
1912 35 35886 4 36541
1913 56 66762 2 66899
1914 63 54422 2 55192
1915 6 14312 2 14654
1916 49 46644 1 47049
1917 37 5365 4 6196
1918 1 45681 8 45823
1919 46 53925 3 54067
1920 15 11176 2 11314
1921 20 13035 4 13089
1922 37 52759 3 52805
1923 6 4384 2 4659
1924 36 57301 4 57531
1925 15 10145 4 10365
1926 37 14879 4 15616
1927 50 4632 1 4895
1928 34 15478 2 15787
1929 45 10410 2 10550
1930 60 15976 1 16208
1931 30 28615 2 28808
1932 74 25104 3 25385
1933 49 6821 1 7444
1934 21 6647 3 6795
1935 49 28615 1 28911
1936 63 16314 1 17846
1937 63 12744 7 13027
1938 33 65405 4 65458
1939 15 63125 4 63348
1940 15 64627 3 64862
1941 56 496 2 574
1942 52 9725 3 9948
1943 30 22066 4 22187
1944 1 60067 2 60143
1945 36 59208 2 59404
1946 67 68322 5 68646
1947 66 19953 3 20194
1948 52 5365 4 5525
1949 49 2041 2 2248
1950 39 42758 2 42991
1951 33 31949 4 31965
1952 36 6454 7 6680
1953 53 55824 2 55838
1954 14 26273 2 27086
1955 34 10581 2 10626
1956 49 32202 3 32923
1957 37 21648 3 21778
1958 27 65576 6 65624
1959 37 63944 3 64058
1960 18 28615 5 28899
1961 48 7919 2 8124
1962 36 25104 4 25362
1963 30 383 1 582
1964 49 59288 3 59718
1965 63 71342 4 71712
1966 72 3067 4 3793
1967 60 9048 2 10180
1968 21 6821 1 7698
1969 17 70459 3 70674
1970 1 42551 1 42569
1971 46 27258 1 27389
1972 49 69366 1 69856
1973 14 62932 5 63068
1974 33 54422 4 54767
1975 13 50553 4 50658
1976 5 11176 5 11510
1977 65 51166 2 51261
1978 1 6281 4 6305
1979 26 226 1 275
1980 20 26727 6 26858
1981 39 47961 4 48235
1982 51 27919 4 28155
1983 49 51335 1 51799
1984 1 28166 2 28329
1985 60 54346 1 54559
1986 17 49852 3 49918
1987 60 64676 1 64772
1988 14 22066 7 22259
1989 34 67036 2 67253
1990 59 14312 4 14323
1991 49 53350 3 53363
1992 33 34468 1 34651
1993 52 2776 3 2994
1994 1 52960 1 53924
1995 6 62623 1 62635
1996 54 19375 2 19399
1997 62 55303 5 55333
1998 62 5536 1 5569
1999 65 11176 2 11334
2000 1 8849 3 9085
2001 24 25104 5 25806
2002 56 46932 2 46990
2003 30 55303 5 55916
2004 52 48917 3 48985
2005 21 47605 3 48400
2006 38 26727 3 26837
2007 2 4384 3 4994
2008 34 14734 2 14757
2009 34 37400 2 38004
2010 39 49852 4 50032
2011 49 64627 2 64903
2012 48 3067 6 3770
2013 60 46932 1 47284
2014 49 51799 1 52184
2015 21 9048 3 9325
2016 1 38733 4 39016
2017 2 21648 1 21908
2018 49 47617 1 47905
2019 50 46382 1 47248
2020 43 70390 3 70708
2021 1 14312 4 14646
2022 65 7929 4 8266
2023 72 46644 4 46834
2024 20 57508 1 57618
2025 52 23261 1 23358
2026 42 47444 3 47731
2027 34 17500 1 17598
2028 15 59663 3 60302
2029 27 55824 1 56614
2030 60 47617 3 47652
2031 52 68322 3 68645
2032 15 69366 4 69642
2033 62 15634 3 15950
2034 65 63626 2 63790
2035 36 22066 5 22130
2036 13 19375 4 19675
2037 72 47444 6 47725
2038 36 66138 4 66419
2039 74 64676 3 65676
2040 64 61601 1 61624
2041 27 35710 2 35898
2042 62 35710 3 36471
2043 63 64627 2 64966
2044 50 4384 2 4439
2045 1 53925 1 54176
2046 49 35016 1 35287
2047 43 748 1 1049
2048 34 47444 1 47961
2049 42 2776 2 3641
2050 45 4502 2 4534
2051 34 21648 2 21955
2052 54 34468 1 35301
2053 43 52125 2 52237
2054 13 70459 5 70474
2055 11 65354 3 65433
2056 32 4502 2 5450
2057 23 70459 4 70769
2058 52 748 4 920
2059 49 48917 2 49108
2060 19 14312 3 14503
2061 30 45057 1 45260
2062 1 52259 1 52397
2063 72 7592 5 7611
2064 18 53145 2 53256
2065 2 32202 1 32502
2066 49 34468 2 34645
2067 51 54422 1 54640
2068 68 10145 3 11135
2069 32 33225 1 33532
2070 21 55303 5 55645
2071 56 21648 1 22027
2072 34 3362 2 3707
2073 49 70134 1 70369
2074 27 45057 5 45076
2075 50 31949 2 32136
2076 50 47920 1 47980
2077 51 40174 3 40251
2078 6 6647 1 6995
2079 62 68322 5 69207
2080 19 51335 4 51541
2081 43 27749 1 27795
2082 39 6647 2 6714
2083 27 62947 2 62959
2084 17 47444 1 47523
2085 30 36750 3 36837
2086 30 16314 1 16554
2087 10 50880 6 51228
2088 1 42709 4 43126
2089 38 33098 2 33271
2090 39 70134 4 70172
2091 56 63944 1 65195
2092 12 9176 3 10145
2093 43 44025 1 44060
2094 1 6934 1 7224
2095 20 53280 5 53400
2096 16 15634 5 15794
2097 41 41777 3 42631
2098 68 70685 2 70902
2099 38 4529 3 4601
2100 49 65046 3 65387
2101 57 64676 3 64925
2102 68 66356 4 66527
2103 53 4529 4 4837
2104 45 1656 4 1806
2105 42 57813 3 57949
2106 48 26593 5 26907
2107 41 8849 3 9520
2108 36 52098 3 52281
2109 1 6242 5 6281
2110 56 33098 1 33548
2111 17 27862 3 28110
2112 34 65818 1 66254
2113 72 50136 7 50190
2114 19 8849 4 9193
2115 63 28615 4 29224
2116 56 46533 1 46689
2117 35 22066 2 22352
2118 48 57813 3 57997
2119 15 35016 2 35080
2120 27 42196 2 42497
2121 52 27650 3 28543
2122 16 4384 4 4718
2123 18 32239 4 32549
2124 14 65354 6 65409
2125 52 59288 5 59458
2126 53 7592 2 7607
2127 31 9176 7 9252
2128 12 51166 3 51178
2129 50 45057 2 45726
2130 37 6862 2 6993
2131 13 31949 3 32085
2132 48 61601 3 61704
2133 30 41041 3 41364
2134 49 39606 2 40694
2135 55 683 1 695
2136 50 42551 2 42829
2137 34 32923 1 33170
2138 13 15548 4 16312
2139 30 41366 1 41515
2140 1 67329 1 69366
2141 20 60157 2 60338
2142 30 3830 3 3892
2143 26 65405 2 65749
2144 19 41547 2 41627
2145 26 6454 1 6525
2146 37 8818 5 8849
2147 18 45057 5 45989
2148 53 62947 2 63239
2149 45 41547 1 41730
2150 47 63178 5 63249
2151 36 4120 4 4421
2152 50 48917 1 49238
2153 68 125 3 292
2154 69 36771 5 37024
2155 60 62409 1 62551
2156 19 70459 3 70646
2157 27 36771 3 36943
2158 53 23261 4 23388
2159 54 57330 1 57358
2160 18 62971 4 63089
2161 42 45057 3 45387
2162 49 47920 3 48917
2163 20 20020 1 20205
2164 31 11883 3 12202
2165 17 45720 4 46054
2166 66 7592 3 7714
2167 54 897 1 991
2168 49 1809 1 2041
2169 10 16542 6 16800
2170 73 67329 5 67578
2171 49 43338 2 43671
2172 11 39965 4 40670
2173 26 51211 2 52043
2174 34 34605 1 36470
2175 27 4226 2 4548
2176 49 4592 1 5365
2177 62 16314 3 16623
2178 59 41547 4 41797
2179 17 10145 3 10431
2180 39 57255 1 57389
2181 31 26326 4 26345
2182 54 20045 1 20250
2183 2 8081 3 8874
2184 42 46407 4 46472
2185 20 41547 3 41775
2186 48 32202 4 32454
2187 66 13035 2 13125
2188 36 26958 5 27080
2189 51 67752 3 68051
2190 39 7592 4 8337
2191 69 51924 6 51936
2192 48 37681 3 38676
2193 44 46714 6 46877
2194 56 70685 3 71089
2195 46 11741 3 11920
2196 67 17500 2 17616
2197 37 32202 3 32410
2198 39 3362 3 4355
2199 1 51829 1 51924
2200 64 13183 2 13479
2201 30 42157 5 42286
2202 43 26098 1 26844
2203 12 241 1 1212
2204 48 67329 3 67604
2205 30 51166 1 51353
2206 37 14312 6 14362
2207 39 47444 4 47754
2208 38 68322 1 68594
2209 50 13386 1 14142
2210 50 60259 1 60643
2211 49 13275 1 14312
2212 50 33098 2 33249
2213 1 45057 1 45121
2214 37 61601 5 61913
2215 1 27749 1 28780
2216 49 11176 2 11741
2217 18 14734 5 15045
2218 56 59663 3 60844
2219 15 39965 4 40043
2220 27 25104 3 25134
2221 50 35886 1 36696
2222 17 26410 3 26712
2223 11 26231 4 26277
2224 39 41385 3 41409
2225 60 26273 3 27117
2226 21 36771 4 37617
2227 39 65576 5 66269
2228 32 68322 3 68436
2229 1 34832 1 35059
2230 51 63944 2 63977
2231 63 32923 5 33225
2232 52 58581 5 58921
2233 17 4632 1 5756
2234 37 52098 2 52238
2235 62 65195 3 66078
2236 56 18655 3 18714
2237 62 66138 4 66289
2238 48 49852 4 49956
2239 67 5791 2 5981
2240 1 4632 1 5808
2241 37 51166 4 51361
2242 49 59718 1 61098
2243 6 52759 1 53547
2244 63 18655 5 18807
2245 50 25315 2 26070
2246 24 3362 2 3449
2247 32 51335 3 51361
2248 1 37681 2 37793
2249 56 67329 3 67362
2250 39 35710 2 36019
2251 41 52759 2 52886
2252 31 39 6 176
2253 30 21648 5 21821
2254 74 46714 5 46803
2255 56 42160 1 42582
2256 64 14734 1 14937
2257 56 29372 3 29417
2258 31 42863 6 43209
2259 15 53280 5 53542
2260 15 32202 4 32427
2261 63 33347 2 33568
2262 63 63944 4 64583
2263 19 9222 3 9256
2264 34 52759 1 55046
2265 54 32202 2 32254
2266 30 20124 2 20278
2267 62 41041 5 41223
2268 37 63411 6 63506
2269 39 383 3 564
2270 7 8849 2 8925
2271 12 43123 1 43360
2272 60 55036 2 56479
2273 10 50136 2 50410
2274 10 63125 3 63287
2275 20 36771 1 37453
2276 54 35886 2 36062
2277 10 60067 3 60825
2278 52 4464 2 4653
2279 67 6862 1 7602
2280 18 67036 5 67717
2281 66 39568 1 39804
2282 41 33098 3 33153
2283 63 50484 1 50553
2284 50 65399 2 65711
2285 34 11176 2 11993
2286 63 67479 1 67760
2287 65 57508 5 57540
2288 19 18655 1 18818
2289 41 4384 1 4630
2290 31 29224 3 29239
2291 25 46984 6 47253
2292 13 5725 4 5960
2293 50 67329 2 67479
2294 50 49852 1 50104
2295 37 10410 6 10494
2296 35 28340 2 28955
2297 56 47444 1 48121
2298 68 26273 3 26593
2299 12 38528 3 38643
2300 30 8849 3 8915
2301 63 31949 4 31976
2302 1 1656 6 1718
2303 54 26915 1 27024
2304 21 63626 3 64499
2305 51 58412 1 58706
2306 48 52759 4 52805
2307 39 14879 2 15198
2308 16 2776 4 3699
2309 30 9176 5 9329
2310 34 63804 2 64042
2311 27 27919 6 28245
2312 60 39238 2 39493
2313 43 55303 3 56132
2314 51 35710 2 35744
2315 49 27258 1 27650
2316 27 60088 2 60101
2317 49 25104 1 25232
2318 19 29372 2 29662
2319 26 42551 2 43177
2320 7 7592 2 7815
2321 13 36771 4 36963
2322 63 52098 5 52218
2323 69 10145 6 10179
2324 56 34608 1 34657
2325 27 77 1 1051
2326 20 21648 1 21789
2327 68 4529 1 5372
2328 65 67329 4 67530
2329 33 7929 1 8155
2330 63 65068 2 65200
2331 62 29224 3 29381
2332 33 26098 3 26353
2333 32 19375 2 20100
2334 18 8264 1 8293
2335 30 37681 5 37933
2336 63 62647 2 62947
2337 56 2014 3 2318
2338 31 8081 1 8355
2339 17 65693 1 66752
2340 59 29372 6 29649
2341 18 16038 2 16178
2342 49 22066 1 23261
2343 39 27876 5 28033
2344 38 33640 2 33826
2345 10 13035 3 13150
2346 36 64268 2 64359
2347 74 11176 5 11332
2348 63 41547 2 41650
2349 15 39568 3 39801
2350 49 54346 3 54422
2351 26 7729 1 7890
2352 71 67329 8 67475
2353 4 47920 4 48786
2354 65 55824 2 56137
2355 52 33225 2 33329
2356 71 63626 7 63816
2357 46 42863 6 43163
2358 54 7592 1 7920
2359 1 42582 3 42709
2360 50 13326 1 13386
2361 43 39016 1 39053
2362 36 35016 4 35121
2363 9 4226 2 4540
2364 74 60088 5 60177
2365 19 26727 3 26933
2366 20 32202 2 32425
2367 66 47920 2 48269
2368 66 37400 1 37685
2369 49 14549 2 14740
2370 33 49852 1 50630
2371 49 7919 2 7938
2372 34 25104 1 25330
2373 50 62947 1 63209
2374 27 50146 4 50266
2375 68 29379 2 29570
2376 39 58927 5 59255
2377 63 9725 2 9757
2378 27 3830 2 4006
2379 36 33702 2 34499
2380 50 57813 1 57933
2381 31 60088 3 60361
2382 34 63762 1 63804
2383 63 3830 3 4464
2384 12 47444 1 47741
2385 24 7919 3 8199
2386 43 54422 2 54543
2387 1 19375 1 20213
2388 33 21648 1 22039
2389 43 8081 3 8282
2390 41 67760 3 68470
2391 35 6242 3 6549
2392 15 19375 6 19512
2393 26 48917 1 49094
2394 36 43 6 186
2395 36 64316 3 64461
2396 4 41366 3 42279
2397 30 59151 5 59347
2398 29 26915 4 27021
2399 30 64627 1 64908
2400 38 40000 1 40170
2401 18 11741 5 11865
2402 49 18509 2 18836
2403 1 47444 1 47785
2404 45 37400 1 37557
2405 60 1718 1 1834
2406 27 66356 6 66679
2407 35 14646 1 14981
2408 50 8603 2 8906
2409 50 40174 2 40731
2410 68 383 3 637
2411 1 69691 1 69708
2412 50 54422 1 55161
2413 12 5834 3 6178
2414 30 15478 2 15602
2415 49 10581 1 10813
2416 63 55824 1 56144
2417 33 63125 1 63179
2418 63 42551 3 42584
2419 16 6934 4 7191
2420 66 11741 3 12019
2421 63 38528 1 38993
2422 52 59030 4 59073
2423 37 655 7 670
2424 39 68392 3 68581
2425 45 158 2 435
2426 74 9048 4 10006
2427 21 33714 5 33925
2428 34 5791 2 6020
2429 39 43360 2 43649
2430 30 53657 4 53844
2431 56 5791 2 6107
2432 58 16038 3 16277
2433 1 13035 8 13219
2434 27 28615 6 29554
2435 39 40000 4 40206
2436 56 3830 2 3973
2437 43 6168 3 6249
2438 18 59151 3 59444
2439 42 51829 3 52773
2440 33 38528 1 39463
2441 12 51829 2 51964
2442 27 46382 4 46394
2443 36 54176 5 54485
2444 62 42584 1 42900
2445 33 61601 3 61746
2446 33 3830 4 4682
2447 65 8849 3 9122
2448 12 748 1 787
2449 12 14734 1 14991
2450 15 7592 3 8214
2451 62 54400 2 54689
2452 38 37681 2 37741
2453 59 47617 5 47900
2454 56 61601 3 62281
2455 30 25104 3 26104
2456 42 16314 4 16353
2457 12 253 2 425
2458 15 2776 3 3037
2459 49 38528 2 39238
2460 37 64627 6 64675
2461 62 57330 4 57355
2462 67 9757 4 9947
2463 50 9757 1 9895
2464 62 57501 5 58102
2465 62 6168 6 6848
2466 56 12744 4 13050
2467 68 60067 2 60241
2468 33 41366 1 41715
2469 20 63532 5 63813
2470 11 19953 3 20261
2471 32 32202 3 32368
2472 21 33098 2 33229
2473 1 39915 3 39946
2474 65 3215 3 3844
2475 11 60088 2 60436
2476 49 45078 1 45201
2477 34 13035 1 13827
2478 15 50880 5 51065
2479 49 31949 1 32038
2480 56 46382 2 46533
2481 37 47947 4 48215
2482 48 55824 5 56046
2483 50 59184 1 59431
2484 54 50287 2 50474
2485 10 11741 6 12412
2486 15 47605 3 47825
2487 20 3362 2 3468
2488 57 66356 3 66603
2489 27 53816 1 53851
2490 4 33098 3 33125
2491 53 5834 2 6592
2492 31 34832 7 35568
2493 40 39568 3 40308
2494 62 31949 3 32040
2495 33 14734 1 15009
2496 2 54003 3 54103
2497 52 51290 2 51536
2498 60 54640 3 54899
2499 6 39568 1 39828
2500 63 54346 4 55184
2501 37 16 5 122
2502 63 41547 2 41705
2503 1 7224 6 7274
2504 31 64676 3 64924
2505 37 57255 3 57453
2506 17 39965 2 40000
2507 30 5365 4 5653
2508 50 16708 1 16729
2509 20 35710 5 35961
2510 36 23355 7 23676
2511 1 15009 2 15355
2512 45 66356 5 66576
2513 63 28340 2 28615
2514 61 69366 5 69646
2515 35 37400 1 37526
2516 23 29224 5 29461
2517 50 37400 1 37528
2518 49 58412 1 58505
2519 13 3913 6 4024
2520 36 29224 8 30158
2521 1 21648 1 21889
2522 42 67036 4 67354
2523 37 26915 2 27061
2524 49 63646 1 64268
2525 12 59151 2 59201
2526 34 41385 1 41529
2527 63 42160 5 42278
2528 16 29379 5 29438
2529 37 1656 6 2014
2530 21 64676 1 64844
2531 74 12143 5 12430
2532 12 46027 3 46369
2533 63 1809 4 2154
2534 50 67479 2 68436
2535 54 65354 1 65619
2536 48 66356 4 66367
2537 62 59030 3 59216
2538 63 69610 4 69694
2539 27 50856 2 51119
2540 51 11176 1 11836
2541 42 70134 4 70446
2542 7 22066 1 22138
2543 63 41041 3 41366
2544 21 59866 4 59939
2545 17 20124 3 20326
2546 48 50287 2 50446
2547 20 6168 5 6360
2548 12 7729 2 8649
2549 15 67329 4 67675
2550 39 3215 5 3277
2551 24 65711 7 66035
2552 67 47586 3 47863
2553 12 11176 3 11301
2554 18 15634 3 15727
2555 62 58927 4 58959
2556 26 15548 1 16539
2557 40 25104 3 25417
2558 62 23261 4 23943
2559 30 11864 5 12734
2560 33 33098 5 33919
2561 63 41366 5 41547
2562 60 14646 1 14834
2563 65 41777 3 42089
2564 63 48917 6 50040
2565 36 51166 2 51412
2566 34 1656 1 2187
2567 39 33098 5 33234
2568 33 7729 2 7929
2569 37 68392 5 68619
2570 51 50104 3 50259
2571 50 10431 2 10781
2572 25 8849 5 8864
2573 34 19375 1 19421
2574 19 63125 3 63280
2575 18 26326 1 26459
2576 21 29224 6 30201
2577 21 47444 1 47565
2578 19 39965 2 40708
2579 48 41041 1 41747
2580 63 39645 1 39959
2581 9 401 2 654
2582 54 65818 1 65934
2583 53 32202 4 32361
2584 2 255 1 588
2585 56 18836 4 19478
2586 46 47605 1 47830
2587 17 21648 3 21827
2588 42 60067 5 60327
2589 12 32202 3 33145
2590 49 58505 2 58581
2591 48 68322 3 69292
2592 66 26727 3 27487
2593 31 65024 6 65332
2594 48 25104 3 25128
2595 50 748 1 849
2596 17 14312 4 15102
2597 29 64676 1 64833
2598 37 55340 3 55504
2599 56 6862 1 7155
2600 14 46382 6 46516
2601 65 47617 3 47700
2602 1 51924 1 52170
2603 1 43360 1 44209
2604 19 13035 4 13312
2605 5 65818 4 66112
2606 32 58581 2 59340
2607 15 35710 4 35942
2608 31 41547 7 41766
2609 15 9725 4 10068
2610 1 33098 2 33279
2611 45 63411 1 64092
2612 10 65157 2 66067
2613 51 8603 3 8694
2614 20 55824 2 56648
2615 51 683 2 1031
2616 18 41041 3 41253
2617 74 67479 3 67726
2618 60 683 2 1006
2619 62 27919 6 28713
2620 29 64268 3 64578
2621 1 29550 1 31245
2622 38 47444 2 48317
2623 56 683 4 896
2624 17 5834 4 6674
2625 63 37681 4 37791
2626 62 25104 2 25447
2627 1 8231 1 8264
2628 39 23261 4 23445
2629 13 17500 4 17818
2630 24 13035 4 13085
2631 27 57255 4 58002
2632 65 65354 1 65443
2633 1 66138 1 66356
2634 27 7592 1 8252
2635 37 54176 4 54346
2636 60 5536 1 5680
2637 29 16038 4 17011
2638 36 58581 3 58854
2639 39 42196 4 42545
2640 27 67036 3 67204
2641 34 62971 2 63178
2642 62 8603 4 8697
2643 60 51799 1 52098
2644 43 33098 1 33203
2645 27 15903 2 16731
2646 62 5834 2 6040
2647 51 65354 2 65661
2648 65 383 2 531
2649 45 28615 5 29542
2650 50 50880 1 50918
2651 65 68392 1 68528
2652 46 65405 6 66010
2653 31 13094 2 13264
2654 43 46714 1 46936
2655 38 897 2 1659
2656 34 3913 2 4285
2657 17 50205 1 50526
2658 38 57255 2 57551
2659 34 28166 1 28521
2660 36 4464 7 4542
2661 54 66356 1 66596
2662 58 15634 1 15743
2663 67 33098 1 33265
2664 34 9725 1 10414
2665 63 2575 2 3507
2666 1 22066 1 22356
2667 52 57501 2 57727
2668 33 63411 1 63564
2669 72 33640 4 33725
2670 34 50136 1 50487
2671 27 13035 1 13281
2672 39 13035 1 13301
2673 50 34468 2 34735
2674 54 6647 2 6956
2675 21 45057 5 45079
2676 12 55824 3 56099
2677 33 11741 4 11851
2678 65 51799 4 51942
2679 71 26326 7 26436
2680 49 70369 2 71052
2681 36 50104 7 51100
2682 33 23261 2 23652
2683 20 51829 5 52057
2684 12 67479 3 67682
2685 54 62471 2 62706
2686 72 7919 3 8913
2687 48 26915 4 27200
2688 59 63178 5 63502
2689 49 15548 3 15713
2690 67 226 4 298
2691 52 6647 4 6712
2692 65 35710 2 35736
2693 63 4632 2 4904
2694 49 14936 1 15548
2695 18 37400 5 38113
2696 17 9725 2 9840
2697 17 50104 3 50146
2698 30 62947 1 63064
2699 67 41041 1 41163
2700 10 32923 6 32934
2701 51 21648 2 21976
2702 50 65711 1 65992
2703 63 29692 2 29899
2704 35 15548 4 15847
2705 51 64676 5 64740
2706 21 5791 2 6137
2707 1 48917 2 49237
2708 37 8603 3 8818
2709 67 8081 5 8202
2710 36 2067 8 2154
2711 33 18766 3 19401
2712 52 1718 4 2450
2713 27 65354 1 65510
2714 63 62471 3 62647
2715 14 60067 6 61059
2716 6 26326 1 26420
2717 34 33347 1 33633
2718 50 53350 1 53657
2719 50 70459 1 70618
2720 63 51993 1 52030
2721 12 2067 3 2180
2722 32 51799 2 51819
2723 48 62471 6 62603
2724 68 42584 3 42925
2725 37 897 3 1585
2726 46 63532 6 63860
2727 34 27258 1 27900
2728 30 32923 1 33008
2729 36 19375 3 20089
2730 45 70459 4 70630
2731 33 46382 2 46558
2732 50 26727 1 27004
2733 46 57255 6 57370
2734 50 52964 2 53226
2735 46 41547 4 42199
2736 1 8264 3 8603
2737 45 26326 5 26636
2738 18 19375 2 19685
2739 27 44045 1 44124
2740 66 10431 5 10561
2741 57 138 3 339
2742 54 3067 1 3301
2743 49 6787 1 6821
2744 26 29550 1 29589
2745 69 50040 3 50964
2746 34 45057 1 45681
2747 17 26958 4 27862
2748 58 1718 1 1980
2749 18 33347 2 33524
2750 14 3067 4 3414
2751 2 42584 3 42836
2752 1 11741 1 12080
2753 4 65354 4 65481
2754 63 60067 1 60088
2755 30 33098 2 33168
2756 39 53657 2 53926
2757 34 26273 1 26915
2758 48 215 3 1002
2759 46 55303 6 55521
2760 43 38528 2 38663
2761 51 38528 2 39438
2762 60 11176 3 11273
2763 62 34725 4 35414
2764 26 17500 1 17818
2765 19 32202 3 32372
2766 19 46382 4 46645
2767 15 41547 6 41789
2768 49 50856 3 50986
2769 50 41777 1 41964
2770 18 51799 4 52750
2771 54 26410 1 26678
2772 34 42758 1 43163
2773 46 12080 2 12410
2774 30 52259 3 53043
2775 52 13035 4 13367
2776 49 13183 1 13275
2777 33 65458 4 65649
2778 32 65354 4 65582
2779 37 42758 3 42809
2780 15 46382 5 46728
2781 65 70134 1 70164
2782 66 42551 3 42644
2783 49 12744 1 13035
2784 17 64169 3 64328
2785 68 33098 3 33721
2786 60 18655 2 18824
2787 9 3913 2 3949
2788 52 15976 4 16184
2789 46 13035 4 13227
2790 60 166 3 364
2791 40 33714 2 33744
2792 72 41041 6 41097
2793 34 33225 2 33306
2794 1 28340 2 28363
2795 20 9176 1 9313
2796 9 52098 2 52421
2797 63 9176 4 9389
2798 49 44045 1 45057
2799 63 31976 1 32202
2800 35 16038 4 16228
2801 49 683 1 1049
2802 39 17500 1 17531
2803 26 26593 1 26630
2804 20 15634 1 15721
2805 35 58880 4 59561
2806 72 70685 2 70771
2807 50 33714 2 33732
2808 54 65068 2 65350
2809 50 57933 2 58694
2810 62 34605 5 34677
2811 62 26273 3 26597
2812 56 33702 1 34192
2813 17 31949 1 32285
2814 68 14312 4 14431
2815 21 28615 5 28668
2816 1 35710 1 35836
2817 54 43338 2 43457
2818 48 70459 4 71069
2819 45 57813 3 58131
2820 56 65354 3 66138
2821 34 8849 1 9236
2822 65 20020 2 20756
2823 63 57255 1 57330
2824 37 8081 3 8137
2825 31 45720 7 45817
2826 62 66762 5 66871
2827 20 33098 4 33343
2828 7 748 1 1622
2829 50 3362 2 4230
2830 50 6242 2 6316
2831 54 6454 1 6530
2832 50 17500 2 18655
2833 29 18655 5 18831
2834 35 29372 3 30168
2835 13 1718 2 2028
2836 63 35710 4 36641
2837 15 52098 5 52373
2838 27 51799 4 51987
2839 65 11741 4 12074
2840 21 14312 3 14512
2841 1 38528 1 38733
2842 61 57501 4 57776
2843 37 15634 2 15903
2844 19 28615 3 28701
2845 51 26727 2 26950
2846 21 35836 1 36077
2847 38 65354 3 65975
2848 63 12143 1 12744
2849 45 47947 1 47966
2850 69 54346 1 55279
2851 52 26350 3 26365
2852 12 68392 1 68625
2853 1 6454 1 6647
2854 68 41385 3 41724
2855 49 9048 2 11176
2856 23 63178 4 63493
2857 59 897 6 1169
2858 30 6168 2 6277
2859 38 41041 3 41115
2860 65 60067 2 60215
2861 37 36819 1 37067
2862 21 23261 3 23449
2863 56 32202 1 32283
2864 27 60259 6 60505
2865 56 57255 2 58306
2866 22 29224 6 29467
2867 7 49852 2 50195
2868 63 42584 1 42631
2869 30 54400 3 54646
2870 48 64627 3 64748
2871 34 6647 1 7527
2872 73 47961 5 48251
2873 17 23261 1 23471
2874 34 28615 1 29220
2875 39 70390 1 71173
2876 24 65354 1 65519
2877 31 51166 4 51210
2878 40 42582 5 43465
2879 52 18655 3 18825
2880 8 9757 6 9923
2881 37 2014 5 2704
2882 60 64169 1 64327
2883 39 67752 2 68041
2884 13 25104 3 25446
2885 16 145 4 211
2886 12 50287 2 50895
2887 20 10581 1 10654
2888 56 4592 1 5716
2889 27 38528 2 39511
2890 41 31949 2 32256
2891 32 51166 4 51324
2892 65 37400 4 38117
2893 15 70459 1 70793
2894 33 27876 5 28705
2895 48 6647 5 6846
2896 10 33225 5 33569
2897 46 50040 3 50302
2898 53 4265 4 4295
2899 33 17500 6 17582
2900 56 39606 1 42047
2901 37 49207 5 49927
2902 15 5536 4 5705
2903 50 18766 2 18849
2904 17 64169 1 65114
2905 50 42829 1 42959
2906 31 4464 5 4549
2907 39 57813 3 58045
2908 49 42709 1 42863
2909 30 26410 5 27366
2910 34 26915 1 27042
2911 67 339 2 373
2912 36 10145 4 10492
2913 7 4384 1 5360
2914 35 70685 3 70847
2915 55 26915 3 27165
2916 71 15548 6 15823
2917 35 39915 2 40079
2918 13 39959 3 40161
2919 48 58581 2 58856
2920 39 748 2 1594
2921 58 26326 2 26482
2922 54 26231 2 26324
2923 63 39422 2 39645
2924 17 62409 3 63303
2925 67 63178 3 63222
2926 10 69610 2 70262
2927 24 59151 3 59403
2928 39 64627 5 64709
2929 37 7224 5 7409
2930 33 15009 3 15044
2931 53 50287 4 50376
2932 58 41547 4 41871
2933 2 59208 3 59544
2934 12 18655 3 18850
2935 27 17026 5 17305
2936 49 55303 2 55650
2937 72 34468 3 34711
2938 35 62947 4 62979
2939 63 47920 2 48270
2940 21 54346 3 54564
2941 10 25104 5 25331
2942 49 64966 1 65046
2943 37 29372 3 29507
2944 49 42863 2 43044
2945 56 39568 2 39582
2946 30 3362 5 3547
2947 49 59258 1 59288
2948 10 8081 6 8223
2949 68 67329 2 67340
2950 20 28615 3 28909
2951 49 53816 1 54003
2952 24 41366 7 41592
2953 42 5791 3 6683
2954 66 48917 5 49770
2955 1 3067 1 3412
2956 49 46382 2 46644
2957 48 4384 2 5330
2958 53 9176 2 9262
2959 15 4529 6 4551
2960 34 222 2 496
2961 33 58880 4 59505
2962 11 67752 2 68352
2963 33 59663 1 60310
2964 59 13326 6 13420
2965 49 59151 1 59208
2966 56 7592 3 7627
2967 72 18655 1 19373
2968 7 6647 2 6768
2969 44 748 6 876
2970 62 9222 6 9505
2971 9 63178 2 63240
2972 32 47605 2 48541
2973 60 62947 1 63606
2974 45 15976 1 16713
2975 31 36771 7 37003
2976 30 42582 1 42634
2977 51 39568 4 39843
2978 48 8849 3 8970
2979 63 10410 3 10487
2980 13 67760 4 68003
2981 36 45078 6 45278
2982 49 42157 2 42196
2983 34 20045 1 20311
2984 34 3067 1 3158
2985 63 64966 3 65068
2986 12 10145 3 10178
2987 64 55303 1 55559
2988 45 46533 4 47375
2989 50 57501 1 57813
2990 32 60067 2 60397
2991 1 18655 2 18834
2992 69 58581 2 59230
2993 21 63125 4 63348
2994 50 47605 1 47753
2995 34 46938 1 46993
2996 26 36750 2 37613
2997 42 41366 4 41523
2998 26 58051 2 58329
2999 39 51166 4 51330
3000 65 38528 3 38698
3001 58 39606 5 39840
3002 19 33702 1 34010
3003 1 26410 5 26440
3004 56 58927 3 59224
3005 16 33225 5 33370
3006 39 26934 4 27554
3007 54 63411 2 63558
3008 54 4632 1 4709
3009 49 53280 3 53350
3010 18 27876 2 28025
3011 54 48917 2 49884
3012 63 63626 2 63762
3013 50 16314 2 16542
3014 49 27650 3 27919
3015 52 130 1 200
3016 33 39965 1 40116
3017 20 62947 4 63150
3018 46 29550 6 29882
3019 64 41777 2 42017
3020 42 37400 4 38142
3021 33 65818 2 65872
3022 48 50040 1 50204
3023 10 339 6 1003
3024 37 35016 1 35710
3025 34 32202 1 32241
3026 34 64627 1 65354
3027 60 3067 2 3151
3028 30 11741 2 11832
3029 49 65387 1 66612
3030 63 60157 3 61200
3031 54 9048 1 9256
3032 69 62623 2 63454
3033 21 46382 2 46613
3034 56 14734 1 15028
3035 44 55824 6 56783
3036 26 29470 1 29548
3037 13 55303 4 55360
3038 50 50287 1 50548
3039 27 32923 2 33191
3040 60 4384 3 5350
3041 32 14734 3 15473
3042 8 36771 4 37080
3043 17 41041 4 41359
3044 60 69366 2 70806
3045 52 66762 4 67099
3046 49 16314 1 16944
3047 60 53925 2 54190
3048 69 40000 3 40347
3049 68 70459 3 70731
3050 45 53280 3 53622
3051 12 42863 2 43137
3052 39 54003 3 54066
3053 49 56575 1 57255
3054 33 42 5 242
3055 19 57501 1 57675
3056 60 57255 2 57435
3057 69 27919 5 28855
3058 48 13035 2 13077
3059 56 3215 1 3281
3060 50 51829 1 52835
3061 17 46382 2 46714
3062 10 46382 5 46442
3063 49 66762 2 66970
3064 65 41366 2 41578
3065 33 52259 2 53059
3066 19 41366 4 41467
3067 49 14879 3 14936
3068 60 8849 3 9048
3069 72 22066 6 22186
3070 72 57255 1 57923
3071 49 8 2 330
3072 30 67752 5 67852
3073 4 10145 4 10474
3074 1 62623 1 63118
3075 31 35836 3 36110
3076 63 15976 2 16314
3077 66 4464 3 4747
3078 59 45681 3 45905
3079 37 339 2 383
3080 27 6647 4 6795
3081 38 4248 3 4529
3082 56 25104 2 25236
3083 19 7729 2 7935
3084 37 15009 2 15095
3085 16 55303 5 56292
3086 63 5834 1 5929
3087 59 6981 5 7319
3088 10 2014 7 2836
3089 20 67752 2 68026
3090 63 51993 1 52759
3091 57 58927 4 59542
3092 48 52098 5 52274
3093 30 61098 1 61119
3094 39 51829 2 52117
3095 58 53816 4 54630
3096 18 50040 2 50105
3097 61 9048 7 9311
3098 34 14312 1 14734
3099 69 26326 4 26453
3100 17 9222 3 9681
3101 56 16314 4 16453
3102 12 70685 1 70900
3103 26 50880 2 51020
3104 49 6862 1 7592
3105 37 63178 6 63420
3106 67 3362 5 4045
3107 43 62623 1 62709
3108 21 15903 3 15980
3109 36 5834 2 6049
3110 56 29550 2 29642
3111 50 35863 1 35886
3112 56 42582 3 43580
3113 36 47617 5 48409
3114 49 3830 1 4265
3115 54 47920 1 48210
3116 62 655 2 842
3117 39 55824 2 56711
3118 23 33098 5 33153
3119 67 69610 3 69851
3120 4 42783 4 43130
3121 39 86 3 240
3122 50 59030 1 59184
3123 56 16038 1 16192
3124 65 12744 5 13000
3125 33 64169 2 64482
3126 67 50880 4 51027
3127 50 47444 1 47586
3128 32 65818 4 66658
3129 39 11741 3 12628
3130 69 38528 6 38829
3131 27 59151 2 59361
3132 17 40000 1 40174
3133 62 50146 4 50218
3134 27 71060 3 71172
3135 63 18836 1 18999
3136 17 7592 2 7919
3137 15 15478 3 15588
3138 48 33098 5 33162
3139 27 59030 6 59132
3140 18 36750 2 37022
3141 31 47947 6 48119
3142 72 6168 2 6963
3143 17 52759 3 52960
3144 63 52759 3 53425
3145 48 45057 3 45365
3146 34 50104 1 50136
3147 38 46533 2 47150
3148 51 64316 3 64662
3149 21 26727 3 26938
3150 33 65354 3 65378
3151 54 42196 2 42461
3152 33 50856 1 51052
3153 17 4632 1 4897
3154 43 53350 3 53687
3155 30 68322 5 68351
3156 51 67329 5 67455
3157 27 40000 4 40234
3158 67 46714 1 46824
3159 14 11741 3 12067
3160 62 7729 2 8036
3161 37 6242 6 6541
3162 50 15634 2 15755
3163 17 55303 2 55340
3164 21 7919 1 8061
3165 28 163 2 250
3166 19 59151 3 59980
3167 52 14734 3 15401
3168 32 55824 3 55961
3169 49 10145 1 10179
3170 17 11864 2 12730
3171 49 8532 1 8730
3172 34 33653 1 34060
3173 26 8603 1 8948
3174 1 57787 5 57920
3175 72 15548 3 16458
3176 60 34605 2 34681
3177 34 47961 1 48043
3178 71 70134 8 71026
3179 74 46407 3 46489
3180 45 33702 2 33818
3181 63 4464 3 4623
3182 59 33098 3 33121
3183 68 54422 1 54453
3184 34 57255 1 57508
3185 63 235 1 532
3186 37 43338 2 43558
3187 59 51166 6 51787
3188 2 33098 2 33185
3189 30 4384 4 4598
3190 65 26410 3 26555
3191 34 22066 1 22148
3192 51 57508 1 57837
3193 30 5725 5 6050
3194 52 46714 2 46925
3195 68 4464 1 4566
3196 46 4384 2 4556
3197 50 1809 1 2215
3198 42 18509 4 18665
 调度评估结果
1. 任务等待评估 (Σ 等待×权重): 916760181
2. 任务完成评估 (最大完成时间): 73670
3. GPU显存空闲评估 (平均空闲): 14970.43 GB/时间片
 额外统计
已调度任务               : 3198/3198
平均等待时间            : 27424.22
各服务器任务分布      : 服务器1=143, 服务器2=15, 服务器3=1, 服务器4=22, 服务器5=17, 服务器6=20, 服务器7=18, 服务器8=8, 服务器9=11, 服务器10=44, 服务器11=14, 服务器12=47, 服务器13=34, 服务器14=25, 服务器15=49, 服务器16=21, 服务器17=123, 服务器18=68, 服务器19=43, 服务器20=63, 服务器21=51, 服务器22=7, 服务器23=22, 服务器24=19, 服务器25=7, 服务器26=41, 服务器27=85, 服务器28=5, 服务器29=19, 服务器30=98, 服务器31=48, 服务器32=36, 服务器33=79, 服务器34=97, 服务器35=32, 服务器36=71, 服务器37=105, 服务器38=25, 服务器39=82, 服务器40=8, 服务器41=14, 服务器42=28, 服务器43=30, 服务器44=8, 服务器45=51, 服务器46=25, 服务器47=2, 服务器48=79, 服务器49=171, 服务器50=125, 服务器51=60, 服务器52=66, 服务器53=22, 服务器54=65, 服务器55=14, 服务器56=93, 服务器57=12, 服务器58=21, 服务器59=18, 服务器60=71, 服务器61=6, 服务器62=76, 服务器63=137, 服务器64=16, 服务器65=62, 服务器66=28, 服务器67=51, 服务器68=34, 服务器69=21, 服务器71=15, 服务器72=33, 服务器73=6, 服务器74=15
