1 58 12540 3 13099
2 43 9975 1 10137
3 52 12540 1 12899
4 6 4471 4 4595
5 8 21926 2 22665
6 40 16074 1 16742
7 24 20409 1 21558
8 59 5525 1 6051
9 53 22119 1 22865
10 27 14546 1 15374
11 6 22119 2 22624
12 35 10866 1 11199
13 18 8924 4 9910
14 55 14546 5 14648
15 53 13905 2 14131
16 51 20509 1 20891
17 35 1525 1 1833
18 21 6715 1 6821
19 29 16074 2 16454
20 55 988 4 1538
21 21 9975 4 10149
22 51 19322 1 20268
23 21 5311 1 5660
24 19 18046 1 18948
25 12 850 1 1367
26 8 11600 1 12466
27 33 10933 2 11095
28 50 1950 1 2251
29 8 16871 2 17480
30 37 10298 1 11110
31 36 16074 2 16241
32 7 21555 3 22474
33 54 8051 3 8474
34 33 5311 2 6157
35 21 6147 1 6732
36 20 4988 1 6235
37 30 10933 2 11737
38 37 4031 1 5331
39 20 45 1 283
40 29 16572 2 17196
41 41 14546 1 15438
42 24 2630 1 3271
43 32 478 1 1412
44 18 19322 1 20291
45 8 8051 1 8275
46 51 9342 2 9923
47 14 9855 1 10260
48 9 11651 1 12146
49 16 3247 1 4037
50 32 19322 1 20060
51 33 12689 2 12958
52 26 19564 1 20317
53 27 5525 1 5873
54 58 169 2 945
55 18 13064 1 13633
56 47 10634 1 11609
57 20 21240 1 21801
58 7 16074 2 16320
59 10 8413 1 8606
60 39 3038 1 3511
61 42 12063 1 13047
62 29 18046 1 18137
63 24 478 2 988
64 43 20036 1 20308
65 16 11799 1 12475
66 17 17460 1 18409
67 15 3247 1 3661
68 52 1131 1 1793
69 54 10931 1 11087
70 9 10933 2 11717
71 28 19322 1 20931
72 4 15125 1 15630
73 44 122 1 1090
74 21 7709 1 7992
75 35 16074 1 16419
76 19 10298 1 10597
77 28 18046 1 18765
78 14 8413 1 8538
79 19 5525 1 5653
80 36 18509 1 18984
81 8 3617 1 3878
82 28 1516 4 1922
83 9 22119 1 22626
84 25 1950 1 2405
85 57 4471 1 4934
86 4 10298 1 10634
87 41 18046 1 18873
88 57 10866 1 11550
89 28 13905 1 14977
90 53 6367 1 6791
91 5 7709 4 7985
92 9 4471 1 5336
93 57 8924 1 9855
94 39 21240 1 21937
95 11 14114 1 14915
96 6 11600 1 12540
97 32 18148 1 18330
98 57 7442 1 8220
99 6 12540 2 12763
100 8 13064 1 13377
101 43 4471 2 5467
102 10 13905 1 14728
103 11 16074 1 16938
104 15 1341 2 1840
105 11 8413 2 9319
106 20 12373 1 12754
107 44 21240 1 21446
108 1 9855 2 10183
109 57 21921 1 22452
110 8 13905 1 15213
111 20 13905 1 14160
112 8 672 1 926
113 24 21921 1 22374
114 5 19322 3 19867
115 28 8413 1 8659
116 36 16871 2 17653
117 31 12063 1 12296
118 57 16933 1 17258
119 9 19322 1 20077
120 12 13905 2 14138
121 58 8413 3 8857
122 43 20818 2 21669
123 21 19564 1 19897
124 38 18509 2 18723
125 22 4922 1 5702
126 35 9975 1 10727
127 49 20082 1 20166
128 32 13064 1 13905
129 10 7343 1 7957
130 44 9975 1 10544
131 56 16572 2 16846
132 54 9659 2 9836
133 50 6538 1 7459
134 59 13905 1 14124
135 10 10298 2 10735
136 39 6740 2 7629
137 16 19322 1 19790
138 8 10866 2 11703
139 7 23045 2 23517
140 59 12689 1 13036
141 13 6367 1 6818
142 4 59 1 769
143 7 14546 2 15286
144 37 20036 1 20503
145 59 1583 1 2027
146 49 20036 1 20325
147 9 4922 1 5313
148 51 16933 2 17154
149 37 11600 1 12383
150 32 18046 1 18364
151 49 157 1 237
152 25 4471 1 4855
153 12 5311 1 5943
154 39 11600 2 11867
155 8 8413 2 9975
156 25 18402 1 19024
157 55 16572 3 17480
158 19 11600 1 12067
159 28 17038 2 17408
160 41 8413 2 8910
161 56 2630 1 3617
162 59 850 1 1583
163 13 13905 1 14106
164 41 9975 1 10696
165 38 1274 3 1739
166 31 3247 1 3740
167 6 13064 1 13292
168 3 90 1 750
169 15 14546 2 15366
170 19 16572 2 16790
171 35 20818 1 21677
172 37 2630 3 3476
173 3 20509 1 20776
174 3 12540 1 13322
175 58 19322 1 19908
176 44 20509 1 21222
177 20 10298 1 10951
178 44 19322 1 20227
179 55 23045 3 23421
180 56 12540 1 12656
181 40 22119 1 23056
182 57 988 1 1165
183 59 19322 1 20818
184 19 4031 1 4571
185 18 12979 1 13074
186 49 4471 1 5435
187 56 21921 1 22420
188 18 4438 1 5864
189 56 16074 1 16934
190 57 12734 1 13510
191 38 1950 1 2735
192 32 16074 2 16442
193 15 19322 1 19416
194 54 19322 1 19502
195 56 9855 1 10293
196 44 13905 1 14690
197 55 13905 1 14059
198 6 4988 3 5868
199 18 16074 1 16995
200 58 11651 2 11770
201 7 19564 2 20337
202 8 19322 1 20036
203 21 11015 2 11608
204 27 122 1 256
205 26 9975 1 10870
206 21 20036 3 20669
207 34 4471 4 5463
208 20 13377 1 14128
209 27 9659 1 10089
210 33 6715 1 7749
211 58 6715 2 7577
212 9 8413 1 8970
213 24 6367 2 7343
214 39 12063 1 13002
215 56 14546 1 15524
216 44 17460 1 17959
217 10 9975 1 10189
218 11 5311 1 5452
219 36 3038 2 4005
220 37 6367 1 7291
221 32 6538 1 7020
222 21 6367 1 6570
223 31 1131 1 1525
224 59 21921 1 22700
225 1 18364 2 18649
226 1 19322 1 19750
227 15 19564 1 20552
228 56 20036 1 20214
229 8 4031 3 4896
230 35 1131 1 1248
231 57 2630 4 3020
232 18 20036 1 20439
233 36 21240 2 21721
234 24 3617 1 4032
235 18 12734 1 12979
236 9 3617 1 4588
237 29 12958 1 13577
238 34 4922 1 5352
239 55 9855 1 10624
240 54 9975 3 10524
241 5 3617 1 4136
242 46 8413 2 8686
243 43 18046 2 18675
244 52 7442 1 8413
245 15 12734 1 13298
246 56 10933 2 11529
247 36 10298 1 10565
248 42 5525 1 6516
249 12 23045 1 23635
250 31 10298 1 10697
251 47 18262 2 19194
252 50 13905 1 14378
253 19 200 3 553
254 28 13905 1 14081
255 28 19322 1 21232
256 37 22119 2 22638
257 56 13064 1 13865
258 4 20036 1 20418
259 21 19322 2 19564
260 4 4471 1 5648
261 38 20509 2 21417
262 16 21921 1 22827
263 21 21921 3 22587
264 24 14658 1 15810
265 5 20086 4 20194
266 27 1950 1 2072
267 20 713 1 1254
268 44 4922 1 5179
269 29 3617 1 3721
270 58 11651 1 12231
271 56 19322 3 20057
272 43 9975 1 10460
273 4 18046 1 18972
274 29 9659 2 9881
275 39 6367 4 6538
276 14 6367 1 6515
277 41 16074 1 16523
278 4 23045 1 24021
279 55 12734 1 13691
280 33 1341 2 1538
281 10 5311 1 6252
282 28 9659 1 10193
283 56 16074 2 16212
284 14 21240 1 21954
285 24 3271 1 4438
286 49 9398 1 9872
287 4 21555 1 21822
288 39 5525 1 5624
289 54 22119 3 22984
290 33 11600 2 11844
291 18 4922 1 5868
292 42 7343 1 8025
293 11 11651 1 11835
294 8 20036 1 20351
295 20 9975 2 10857
296 19 11600 1 12192
297 24 22119 1 23045
298 4 13905 1 14071
299 8 9975 2 10134
300 41 4922 1 5279
301 37 4031 1 4979
302 59 4922 1 5098
303 2 12915 1 13785
304 55 12063 1 12225
305 11 4471 1 5305
306 28 18046 1 19008
307 15 713 1 1332
308 31 16572 1 17106
309 16 21240 1 21870
310 29 13905 1 14116
311 46 16074 1 16332
312 56 16871 1 17623
313 40 3038 1 4010
314 4 21921 1 22113
315 18 16933 1 17550
316 8 10553 1 11387
317 15 18364 1 18728
318 39 113 1 594
319 18 23045 1 23909
320 9 6147 1 6818
321 59 8924 1 9709
322 51 11600 2 12458
323 20 21801 1 22119
324 43 10866 1 11565
325 13 20509 1 20819
326 31 14546 1 14688
327 50 2630 1 3500
328 43 16968 1 17324
329 58 4922 3 5832
330 39 6538 1 6740
331 18 713 1 934
332 24 19322 1 20086
333 13 18262 2 18425
334 1 6715 4 7530
335 12 27 1 784
336 1 2630 1 3485
337 8 11835 1 13064
338 18 8413 1 8924
339 12 16933 2 17078
340 7 12958 2 13626
341 1 7709 1 8655
342 37 88 1 188
343 34 12063 1 12964
344 36 5311 2 6306
345 38 16074 1 16615
346 52 8413 1 9203
347 8 16933 1 18172
348 8 13377 1 13905
349 21 1304 1 1835
350 58 1516 1 1738
351 57 10553 2 11185
352 43 1304 1 1899
353 32 18364 1 19132
354 56 1525 1 2401
355 35 4471 1 5166
356 6 16871 3 17616
357 56 10298 1 10757
358 45 10298 1 10838
359 46 14546 1 15535
360 1 20409 1 21358
361 43 20509 1 20736
362 31 8413 1 8574
363 28 16074 1 16554
364 24 12063 2 13221
365 9 56 2 774
366 49 11600 1 12376
367 56 8413 1 8928
368 53 8574 2 9481
369 56 5525 1 6424
370 48 91 2 841
371 27 19322 1 19640
372 52 7343 1 7811
373 37 21240 1 22063
374 21 5525 2 6327
375 14 18046 1 18655
376 17 206 1 958
377 5 4922 3 5895
378 49 16871 1 17454
379 27 8413 1 8963
380 9 10553 1 10636
381 40 14546 2 15278
382 56 8413 1 9368
383 14 1341 1 1782
384 16 7343 1 8230
385 38 3617 2 4176
386 32 16871 1 17611
387 22 6740 1 7046
388 48 21555 1 21709
389 18 16074 2 16681
390 56 12540 1 13017
391 57 3617 2 3832
392 19 19322 1 20284
393 16 18046 1 19016
394 47 12373 1 13000
395 37 21240 1 21640
396 31 4988 1 5667
397 59 18046 1 18148
398 58 20509 1 20708
399 39 11651 2 11832
400 39 10298 1 10654
401 15 6715 1 6906
402 24 21240 1 22022
403 25 11799 1 12161
404 12 14658 1 15275
405 32 11651 1 11956
406 8 18509 3 19414
407 19 2630 1 3603
408 3 6715 1 7184
409 37 1950 1 2496
410 31 22288 1 23259
411 25 850 1 1266
412 33 713 2 1108
413 19 9975 1 10444
414 20 6715 1 9238
415 13 16074 1 16858
416 7 19322 2 19415
417 10 713 1 1685
418 5 16933 4 17873
419 55 18046 1 18132
420 3 2630 1 3260
421 31 8924 1 10246
422 36 20082 2 20276
423 19 16968 1 17826
424 59 21555 1 21921
425 40 4922 1 5399
426 31 4471 1 4937
427 47 11600 2 12280
428 3 16074 1 16369
429 12 10931 1 11096
430 43 1950 1 2667
431 29 21555 1 21921
432 9 3038 1 3237
433 29 8413 1 9080
434 18 13905 1 15147
435 36 4922 2 5204
436 39 8924 2 10053
437 19 21555 1 22403
438 58 13905 1 14720
439 57 16933 1 17200
440 8 1146 1 1450
441 41 4471 2 4642
442 11 21240 1 22210
443 36 18046 2 18323
444 9 20509 1 20924
445 11 12734 1 13636
446 40 11732 1 12742
447 27 12540 1 13354
448 43 9398 2 10283
449 43 10553 1 11176
450 24 11738 1 11935
451 2 17460 4 17576
452 14 2630 1 3092
453 54 4471 1 5086
454 58 988 1 1377
455 18 20409 3 21001
456 24 8413 1 9273
457 8 20351 3 21240
458 43 12540 2 13471
459 39 14546 1 15209
460 3 1131 1 1550
461 10 3617 1 4037
462 9 4922 1 5752
463 4 9398 1 10176
464 38 8051 3 9022
465 56 10842 1 11205
466 18 18262 1 18806
467 55 8924 1 9775
468 37 4988 1 5200
469 51 23045 3 23540
470 51 9 2 862
471 39 7709 1 8606
472 26 1304 1 2238
473 3 11835 1 12187
474 28 1950 1 2302
475 37 8051 1 8901
476 31 6367 1 7099
477 55 16074 1 16186
478 39 1274 1 2123
479 9 7442 2 8076
480 48 10931 2 11717
481 15 16933 1 17179
482 18 8413 1 8912
483 26 16074 1 16733
484 31 13905 1 14424
485 41 6538 2 6835
486 51 18046 1 18194
487 51 3038 5 3624
488 55 4031 3 4470
489 2 18046 4 18789
490 28 21240 1 22405
491 58 112 1 716
492 56 19322 1 19621
493 33 23045 1 23926
494 28 12734 1 13098
495 47 713 1 1589
496 17 13064 1 13515
497 11 9855 2 10595
498 24 1881 1 2630
499 59 3617 1 4181
500 20 6538 1 7374
501 56 20086 1 21081
502 3 3617 1 4494
503 29 4922 1 5572
504 32 20509 1 20727
505 28 6367 1 7226
506 4 14071 1 14913
507 44 10553 1 10809
508 57 11600 2 12335
509 39 16933 2 17302
510 57 9855 1 10330
511 8 6715 1 7543
512 32 12744 1 13708
513 32 5311 1 6278
514 4 22119 1 22492
515 32 6715 1 7514
516 56 16074 1 16462
517 13 23045 2 23834
518 56 23045 2 23353
519 56 20086 4 20539
520 24 5311 2 5422
521 9 14546 1 15467
522 42 4922 1 5084
523 22 20036 1 20276
524 18 478 1 1042
525 15 16074 1 16774
526 51 988 1 1921
527 14 13377 1 14235
528 24 8051 1 8801
529 19 16074 1 16828
530 14 3247 1 3350
531 12 6367 1 6961
532 14 19322 1 20215
533 40 19322 1 19896
534 1 21921 2 22297
535 27 988 1 1760
536 28 2630 1 3305
537 10 23045 1 23569
538 28 988 1 1485
539 14 11600 1 11832
540 8 2630 1 2927
541 5 23045 3 23421
542 20 8051 1 8239
543 21 18262 1 18688
544 5 9975 2 10777
545 28 14546 1 15125
546 56 4922 1 5063
547 21 13905 1 14546
548 8 1491 1 2080
549 28 12958 2 13522
550 36 23045 1 23781
551 8 9975 1 10553
552 46 6147 1 6412
553 33 8051 2 8598
554 7 1516 1 2232
555 8 12540 2 13334
556 33 3247 2 3685
557 14 5311 1 5931
558 14 3617 1 3990
559 35 16572 2 17010
560 28 23045 1 23496
561 49 13064 1 13971
562 23 4922 2 5245
563 2 10866 3 11728
564 28 9975 1 10387
565 59 4471 1 4706
566 44 6367 1 7069
567 33 4922 3 5285
568 46 18046 1 18691
569 40 13064 1 13513
570 21 10553 1 10866
571 14 16074 1 16462
572 31 988 1 1131
573 14 4922 1 5154
574 40 7343 1 8277
575 37 16074 1 16638
576 36 20509 1 21193
577 12 19322 1 20316
578 40 21240 1 21991
579 31 12958 1 13843
580 42 11600 1 11768
581 26 850 1 1226
582 9 12915 1 13736
583 21 11600 1 12093
584 12 12373 2 13293
585 18 988 1 1641
586 34 12689 1 13096
587 42 713 1 836
588 20 1491 2 2436
589 25 13905 1 14237
590 22 18402 1 18685
591 40 18381 1 18654
592 24 13905 1 14627
593 57 13905 1 14658
594 6 18364 3 19216
595 46 21240 1 21417
596 59 713 1 850
597 36 76 2 737
598 57 5525 4 6468
599 20 20086 1 20656
600 18 3617 1 4516
601 35 13905 1 14162
602 24 23045 1 23169
603 48 18509 1 18972
604 12 4031 2 4988
605 59 10866 1 11600
606 41 13905 1 14375
607 32 7343 1 7548
608 48 8051 1 8714
609 11 2630 1 3306
610 10 20036 4 20846
611 55 22119 1 22774
612 59 12373 1 12689
613 1 713 1 1673
614 33 6538 1 6696
615 26 11651 1 12553
616 38 13905 2 14255
617 49 21240 1 21738
618 40 8413 1 9141
619 47 10866 1 11479
620 21 3247 1 3844
621 19 14546 1 14714
622 20 3617 1 4471
623 39 16074 1 16172
624 57 18046 1 19041
625 19 6740 1 7028
626 45 4988 1 5920
627 41 4031 1 4268
628 24 4922 1 5311
629 11 713 1 1160
630 49 9975 1 10569
631 56 7343 1 8051
632 50 8924 1 9775
633 55 18262 1 18718
634 20 20082 1 20857
635 48 1274 2 1552
636 21 713 1 1146
637 11 11835 2 12281
638 41 22119 1 22945
639 20 12373 1 12795
640 10 6715 2 7332
641 8 18262 1 19015
642 51 16074 1 16703
643 57 1516 1 2298
644 21 16074 1 16358
645 20 478 3 672
646 20 22119 1 22662
647 8 20036 3 20347
648 11 18046 2 18566
649 37 16933 3 17646
650 20 3247 1 3456
651 57 4934 1 5525
652 2 9855 1 10372
653 22 16572 1 17073
654 14 12296 1 13043
655 43 5525 2 5774
656 8 6147 1 6715
657 1 20086 1 20171
658 24 1881 1 2533
659 41 23045 1 23839
660 21 12734 1 12958
661 59 141 1 713
662 59 7714 1 8674
663 31 7557 1 8237
664 18 7343 1 7761
665 12 21240 1 21442
666 12 16074 4 16354
667 9 13905 2 14502
668 51 18364 1 18567
669 51 12540 3 13368
670 7 17038 2 17186
671 53 20036 3 20449
672 54 1950 1 2722
673 31 12296 1 12843
674 41 1491 1 2286
675 3 18148 1 18687
676 54 16074 1 16682
677 9 12063 1 12915
678 9 5525 1 6315
679 35 8413 2 8791
680 31 16074 1 16489
681 37 7343 3 7987
682 4 7343 1 7709
683 24 7343 1 8182
684 42 988 1 1341
685 56 988 3 1503
686 48 19322 1 20079
687 56 18046 1 18680
688 4 10634 1 11164
689 20 16074 1 16433
690 54 3038 2 3629
691 47 4934 1 5857
692 35 12373 1 12497
693 9 6538 2 7039
694 21 14546 2 14889
695 39 13047 1 13325
696 48 4471 1 5460
697 4 19322 1 19762
698 59 11600 1 12013
699 51 13905 2 14406
700 36 21921 1 22868
701 24 9398 1 10298
702 4 6147 1 6808
703 57 8574 2 9156
704 37 21 1 143
705 28 7343 3 7734
706 1 1835 1 2344
707 25 22119 1 22335
708 11 6147 1 6553
709 28 5311 1 5901
710 43 16074 1 16816
711 59 18148 1 19087
712 21 6821 2 7262
713 1 14546 1 15050
714 48 18148 2 18509
715 58 11799 1 12469
716 58 23045 1 23671
717 12 14546 2 15452
718 39 2630 3 3038
719 41 2630 1 2722
720 45 850 1 1133
721 53 10298 1 11164
722 8 21240 1 21926
723 7 20509 3 21036
724 6 12763 1 13287
725 59 6367 1 6712
726 40 118 1 833
727 37 8924 1 9072
728 15 1881 1 2215
729 46 672 3 1622
730 19 7343 1 8128
731 48 6715 1 7175
732 19 23045 3 23210
733 9 23045 1 23206
734 8 7343 1 7557
735 51 1950 1 2626
736 42 18364 1 19029
737 47 6715 1 6954
738 14 9398 1 9586
739 10 1950 1 2829
740 56 6538 1 7115
741 51 9975 1 10963
742 32 12063 2 12744
743 8 12063 1 13047
744 32 13905 2 14163
745 35 18364 1 18828
746 28 10298 1 11189
747 39 4471 1 4812
748 14 20409 1 21170
749 12 1583 1 2409
750 12 9398 3 10309
751 29 18402 2 18971
752 59 9855 1 10754
753 4 3247 1 3896
754 41 16871 2 17241
755 35 5311 1 6014
756 38 21921 3 22147
757 43 8413 1 9268
758 42 10553 1 11467
759 15 7343 2 7589
760 31 20927 1 21388
761 37 18046 1 18462
762 44 16074 1 16921
763 20 4471 1 4988
764 55 14688 3 15387
765 55 11651 1 12467
766 35 6367 1 6971
767 24 17460 1 17921
768 56 80 1 977
769 27 16074 1 16298
770 10 11 3 376
771 3 1950 1 2555
772 24 14123 1 14874
773 27 10298 1 10424
774 18 13377 1 14247
775 18 14658 3 15272
776 56 14114 1 14417
777 57 11600 1 12365
778 2 16933 4 17085
779 27 3038 1 3298
780 18 1412 1 2227
781 57 4934 3 5323
782 58 10866 1 11403
783 26 4471 1 5266
784 37 13905 1 14797
785 4 21240 1 21555
786 15 11651 1 11984
787 16 20509 1 21096
788 15 18364 2 19352
789 19 12296 1 12519
790 31 1976 1 2608
791 18 9975 1 10933
792 5 15213 1 15919
793 57 8413 2 8574
794 37 988 1 1862
795 24 11835 1 12063
796 55 3038 1 3939
797 5 988 2 1560
798 35 2630 1 2969
799 49 19322 1 19706
800 51 18046 3 18264
801 31 20082 1 20927
802 22 713 1 1520
803 53 3038 2 3537
804 6 1274 1 1549
805 53 23045 1 23950
806 12 11600 2 11799
807 7 18262 1 18554
808 37 147 1 979
809 32 1412 2 1857
810 44 8413 1 9133
811 40 9975 3 10465
812 37 15125 1 15388
813 55 7442 3 8290
814 9 1881 2 2702
815 58 16074 2 16839
816 14 16933 1 17523
817 18 7343 1 7916
818 32 19564 1 19923
819 1 18046 1 18293
820 4 7709 1 8768
821 3 5311 1 5865
822 14 7343 1 7569
823 8 10298 1 11365
824 49 18148 1 18634
825 36 13905 1 14260
826 4 12734 1 13327
827 20 18402 1 18869
828 27 13905 1 14157
829 52 12958 1 13250
830 20 672 1 1438
831 41 3247 2 3981
832 24 7343 1 7800
833 48 14546 2 15335
834 18 14546 1 15349
835 12 4988 1 5568
836 21 5311 2 5441
837 48 1583 1 2566
838 8 1835 1 2659
839 27 20086 1 20860
840 39 672 1 1274
841 24 18364 1 19322
842 57 8574 2 8802
843 41 21240 1 21771
844 27 18046 1 18901
845 38 4922 3 5453
846 7 4922 2 5628
847 6 1491 1 1924
848 47 988 2 1751
849 42 1341 1 2202
850 58 18364 1 19292
851 9 21240 1 22172
852 16 1976 1 2518
853 52 11835 2 12153
854 20 12754 1 13093
855 7 12540 1 12714
856 21 11651 1 12289
857 10 18364 3 18987
858 59 20818 1 21295
859 20 7442 1 7927
860 8 21926 1 22904
861 38 6367 1 7311
862 12 18046 1 19004
863 18 21 2 267
864 28 3617 1 4061
865 37 20503 1 20980
866 20 14546 2 15035
867 21 1835 2 2604
868 56 13377 2 13514
869 10 4471 1 5004
870 20 9342 3 9478
871 27 16933 1 17098
872 24 9855 1 10042
873 52 18046 3 18750
874 58 18262 1 19183
875 41 8924 1 9736
876 53 18509 2 18637
877 8 18046 1 18262
878 33 16074 1 16201
879 2 8413 3 8988
880 35 62 1 934
881 57 14658 1 16074
882 49 672 1 768
883 55 45 3 848
884 27 6147 1 7024
885 28 15125 1 15655
886 9 18046 2 18961
887 42 6715 1 7110
888 8 158 5 1104
889 39 22119 1 23496
890 40 10931 1 11732
891 18 3247 5 3612
892 14 4438 1 4892
893 57 20036 1 21862
894 6 5525 1 6035
895 41 119 2 529
896 37 19322 1 19848
897 8 5525 1 6147
898 43 8924 1 9426
899 8 6715 2 7115
900 10 19322 1 19917
901 24 4438 1 4922
902 28 11432 2 11545
903 56 9398 3 9767
904 46 7343 2 8102
905 28 17460 1 17763
906 1 4438 1 5438
907 18 71 1 826
908 45 1146 1 1795
909 1 11738 1 12091
910 23 3247 2 3670
911 32 4934 1 5887
912 8 18262 1 18502
913 32 10298 1 10806
914 32 4922 1 5193
915 52 12063 1 12811
916 21 16074 3 16460
917 20 14546 3 15243
918 20 19322 3 20082
919 44 18046 1 18755
920 37 5525 1 5678
921 39 20409 2 20509
922 47 19322 2 19508
923 2 132 3 637
924 19 4922 1 5453
925 5 20409 2 20954
926 18 15213 1 16399
927 42 13047 1 13694
928 55 10866 1 11381
929 26 18364 1 19091
930 31 74 1 907
931 37 12689 1 13467
932 47 4988 2 5916
933 49 16074 2 16528
934 24 17038 1 18046
935 37 19322 2 19611
936 5 18046 4 18667
937 39 10931 4 11651
938 15 13905 1 14117
939 53 15125 2 15447
940 17 12063 1 12948
941 48 13221 1 13834
942 5 44 4 816
943 33 18046 1 18731
944 57 1516 2 2232
945 35 3617 2 3740
946 47 20086 3 20536
947 23 1304 2 1976
948 59 2630 1 3310
949 36 12540 1 12777
950 31 7099 1 7194
951 59 1950 1 2829
952 18 21240 1 22166
953 14 15125 1 15434
954 59 14546 1 15169
955 37 672 1 1384
956 21 478 4 916
957 3 13905 1 14199
958 33 169 3 555
959 37 12540 1 12644
960 25 6715 1 7535
961 17 20818 1 20936
962 28 10553 1 10989
963 24 13221 1 14123
964 56 20818 4 21686
965 25 20036 1 20735
966 24 10298 1 10705
967 15 4471 2 5052
968 37 8924 1 9624
969 4 988 1 1950
970 39 18046 1 18764
971 40 18046 2 18381
972 4 16968 1 17849
973 55 4471 1 4957
974 9 9342 1 10046
975 55 20036 1 20584
976 29 1304 1 2199
977 24 215 2 478
978 53 16074 3 16763
979 43 96 2 189
980 14 6538 1 7087
981 36 6538 2 6951
982 21 12958 1 13830
983 32 14658 2 15018
984 20 13064 1 13468
985 56 9975 1 10112
986 43 22119 1 23054
987 8 15213 1 15633
988 8 17480 1 17675
989 12 20409 1 20847
990 32 15125 1 15676
991 13 10931 2 11322
992 17 16572 1 16776
993 2 13905 2 14499
994 31 18046 1 19020
995 57 13905 2 14613
996 44 11600 1 11942
997 12 11799 3 12078
998 57 18 1 734
999 59 16074 1 16908
1000 15 9975 1 10633
1001 4 20509 1 21199
1002 18 10933 1 11452
1003 20 22119 1 22273
1004 24 20086 2 20409
1005 24 16572 1 17038
1006 40 6367 2 6843
1007 31 2630 1 3247
1008 44 12373 1 13355
1009 24 16074 1 16572
1010 21 10866 2 11015
1011 21 1146 1 1304
1012 9 16074 1 16811
1013 5 13905 2 14675
1014 14 86 1 886
1015 39 13905 3 14422
1016 13 31 2 227
1017 12 8051 2 9050
1018 56 13905 1 14114
1019 39 4922 1 5053
1020 31 19322 1 20052
1021 28 54 1 847
1022 41 12754 1 13371
1023 2 6367 4 6637
1024 9 988 2 1863
1025 53 13064 1 13500
1026 2 4922 3 5356
1027 19 13905 1 14547
1028 20 5525 1 6581
1029 32 478 1 564
1030 59 6715 1 7714
1031 5 21240 1 21694
1032 58 17460 1 17931
1033 53 4922 3 5174
1034 10 10931 2 11887
1035 43 19322 1 19617
1036 3 19322 1 19772
1037 27 17460 1 17561
1038 56 4922 1 6272
1039 5 12734 1 13065
1040 33 21240 1 22024
1041 51 8413 4 8882
1042 48 16933 1 17239
1043 6 988 1 1481
1044 55 6147 1 7037
1045 24 10931 1 11738
1046 29 7343 2 7669
1047 21 12373 1 12734
1048 21 21555 1 21871
1049 42 2630 1 3345
1050 5 10931 2 11271
1051 15 5311 1 5822
1052 57 1274 1 1509
1053 28 8051 1 8537
1054 8 12540 1 13190
1055 54 18046 1 18701
1056 44 7557 1 7693
1057 14 22119 1 22256
1058 55 4988 2 5591
1059 21 1835 2 2625
1060 21 21240 1 21394
1061 4 11651 1 12451
1062 55 1491 1 1927
1063 28 11600 1 12530
1064 49 5525 2 5834
1065 24 988 1 1881
1066 55 21240 1 21854
1067 2 672 3 1445
1068 6 1976 1 2963
1069 8 7557 1 8223
1070 7 18046 2 18222
1071 18 6715 1 7102
1072 58 21240 2 21616
1073 5 3617 1 3904
1074 11 15 1 327
1075 20 9659 1 10070
1076 49 14071 1 14344
1077 21 9398 3 9520
1078 9 20509 1 20675
1079 56 11600 1 12433
1080 56 3617 2 4567
1081 4 3038 1 3155
1082 43 6715 1 6916
1083 14 10553 1 11207
1084 8 16074 1 16871
1085 37 9398 1 10125
1086 33 9975 1 10631
1087 43 7343 1 8254
1088 45 20036 1 20368
1089 57 734 1 1516
1090 16 10866 1 11115
1091 20 16572 1 17460
1092 43 11651 1 12435
1093 21 16572 1 17309
1094 28 4471 1 5218
1095 39 11835 1 12623
1096 43 14546 1 15145
1097 58 10933 1 11538
1098 14 8574 1 9044
1099 57 5525 2 5725
1100 31 10931 1 11624
1101 52 12958 1 13248
1102 24 10298 1 10931
1103 10 16074 1 17001
1104 48 21921 1 22694
1105 12 3247 3 4009
1106 32 2630 2 3462
1107 58 9975 3 10341
1108 56 8413 1 10842
1109 4 1950 1 2577
1110 54 12063 1 12628
1111 3 16572 1 16811
1112 57 6715 1 7442
1113 4 16074 1 16968
1114 24 5525 2 6367
1115 28 8924 1 9659
1116 37 3617 1 3866
1117 7 9975 2 10622
1118 31 14688 1 15407
1119 17 19322 1 20190
1120 39 3617 4 4355
1121 57 3832 3 4044
1122 5 4471 1 4637
1123 32 18364 1 18655
1124 35 12063 1 12221
1125 16 988 1 1663
1126 20 8413 2 9342
1127 17 4922 1 5387
1128 8 988 1 1491
1129 2 20409 3 20913
1130 34 11799 3 12628
1131 5 9342 1 9425
1132 56 21240 2 22136
1133 8 10553 1 10689
1134 57 23045 1 23175
1135 18 18046 3 18813
1136 17 11835 1 12003
1137 8 2630 1 3629
1138 19 1950 1 2559
1139 1 10553 1 11253
1140 1 16871 2 17478
1141 27 10553 1 11298
1142 24 16572 1 17451
1143 35 20036 1 20603
1144 8 3038 1 4031
1145 37 23045 1 23843
1146 20 10933 1 11432
1147 38 16871 2 17266
1148 38 4471 1 4796
1149 56 6367 1 7075
1150 49 850 2 1498
1151 2 11799 1 12775
1152 43 191 1 1017
1153 9 16933 1 17773
1154 21 21801 1 22347
1155 8 7543 1 8038
1156 51 14546 2 14689
1157 44 7709 1 8342
1158 19 20818 1 21513
1159 51 7442 1 7907
1160 49 1583 1 2269
1161 27 11732 1 12386
1162 59 13064 1 13259
1163 31 1525 1 1976
1164 53 3617 1 4338
1165 57 16074 4 16933
1166 59 16968 1 17551
1167 19 12734 1 13685
1168 39 20509 1 20993
1169 12 7343 1 7551
1170 56 18148 1 18776
1171 59 12063 1 12373
1172 32 10933 1 11660
1173 49 6715 1 7084
1174 8 4922 2 5384
1175 21 4471 1 4994
1176 13 20927 2 21329
1177 57 850 1 948
1178 43 10553 1 10761
1179 56 8051 3 8405
1180 1 101 1 688
1181 18 20509 1 21075
1182 35 14546 2 15309
1183 8 158 4 726
1184 20 17460 3 18402
1185 43 13905 1 14484
1186 18 11600 2 12574
1187 56 10298 1 10896
1188 45 16572 1 17508
1189 37 18509 1 19199
1190 33 14546 3 15031
1191 5 8413 1 8673
1192 1 23045 1 23219
1193 3 7442 1 8281
1194 31 21921 1 22288
1195 49 15125 1 15635
1196 46 12689 2 13582
1197 20 11432 3 12106
1198 25 4922 1 5847
1199 28 16074 1 16569
1200 15 23045 1 23853
1201 41 7442 1 7861
1202 2 15125 3 16096
1203 56 16871 2 17431
1204 8 4922 3 5560
1205 35 23045 1 23543
1206 57 19322 1 19763
1207 16 16933 1 17868
1208 39 19322 1 20255
1209 15 12063 1 12652
1210 28 16933 1 17436
1211 19 713 1 1604
1212 51 5525 2 5746
1213 5 12063 1 12551
1214 51 4471 1 5359
1215 24 8413 1 9398
1216 51 6715 2 7253
1217 16 4922 1 5415
1218 37 21921 1 23052
1219 21 20082 1 20763
1220 38 9398 3 9496
1221 21 7543 1 8384
1222 22 1525 1 2372
1223 27 23045 1 23785
1224 17 6715 1 7141
1225 56 1525 1 2371
1226 36 8574 2 9011
1227 24 18364 1 18745
1228 14 988 1 1314
1229 56 12734 1 13362
1230 8 10933 1 11892
1231 24 18046 1 18330
1232 41 19322 1 19666
1233 58 20036 1 20134
1234 47 12689 1 13211
1235 54 1341 1 1634
1236 55 19322 1 19829
1237 5 3247 3 3601
1238 32 21240 1 21892
1239 11 6715 2 7349
1240 58 14546 1 15493
1241 51 21921 2 22451
 调度评估结果
1. 任务等待评估 (Σ 等待×权重): 105565042
2. 任务完成评估 (最大完成时间): 24021
3. GPU显存空闲评估 (平均空闲): 4275.68 GB/时间片
 额外统计
已调度任务               : 1241/1241
平均等待时间            : 8550.18
各服务器任务分布      : 服务器1=19, 服务器2=15, 服务器3=16, 服务器4=28, 服务器5=23, 服务器6=14, 服务器7=15, 服务器8=54, 服务器9=30, 服务器10=18, 服务器11=16, 服务器12=25, 服务器13=9, 服务器14=28, 服务器15=21, 服务器16=13, 服务器17=10, 服务器18=38, 服务器19=25, 服务器20=40, 服务器21=41, 服务器22=7, 服务器23=3, 服务器24=45, 服务器25=10, 服务器26=8, 服务器27=21, 服务器28=36, 服务器29=13, 服务器30=1, 服务器31=30, 服务器32=29, 服务器33=18, 服务器34=5, 服务器35=21, 服务器36=18, 服务器37=37, 服务器38=14, 服务器39=31, 服务器40=17, 服务器41=22, 服务器42=13, 服务器43=28, 服务器44=17, 服务器45=6, 服务器46=9, 服务器47=13, 服务器48=15, 服务器49=20, 服务器50=5, 服务器51=24, 服务器52=10, 服务器53=14, 服务器54=13, 服务器55=27, 服务器56=49, 服务器57=38, 服务器58=25, 服务器59=31
