1 2 4793 1 5389
2 2 4005 1 4299
3 3 1987 4 2512
4 3 592 3 882
5 1 4276 1 4793
6 1 3178 2 3794
7 3 3604 2 3661
8 2 3604 1 4005
9 2 11 1 461
10 3 3178 1 3272
11 2 3178 1 3604
12 2 1987 1 2566
13 1 4793 3 5244
14 1 305 4 462
15 2 2419 2 3178
16 1 3604 2 3899
17 1 4005 1 4276
18 1 4793 1 5101
19 3 233 1 390
20 3 4793 4 5416
21 2 5389 1 6470
22 2 1987 3 2419
23 2 382 1 1010
24 2 797 1 1012
25 1 124 2 157
26 2 4299 1 4370
27 2 3604 3 3945
28 1 605 1 1112
29 2 1012 1 1987
 调度评估结果
1. 任务等待评估 (Σ 等待×权重): 384936
2. 任务完成评估 (最大完成时间): 6470
3. GPU显存空闲评估 (平均空闲): 604.00 GB/时间片
 额外统计
已调度任务               : 29/29
平均等待时间            : 1380.34
各服务器任务分布      : 服务器1=9, 服务器2=14, 服务器3=6
