1 2 908 1 1087
2 4 1385 1 1649
3 2 1353 1 1529
4 1 177 1 233
5 5 1511 1 1557
6 4 2180 1 2244
7 4 1008 2 1241
8 3 391 2 684
9 4 2494 1 2548
10 3 24 1 27
11 7 1171 1 1412
12 7 225 2 373
13 7 1814 2 2109
14 4 1021 2 1126
15 3 1435 1 1465
16 3 592 1 855
17 4 428 1 563
18 3 440 2 523
19 3 2254 1 2542
20 1 2487 1 2746
21 7 1064 1 1295
22 3 73 1 316
23 1 1003 2 1181
24 7 1323 1 1576
25 7 190 1 251
26 5 1546 2 1562
27 3 1354 1 1646
28 1 2358 1 2523
29 7 1886 1 2060
30 1 253 1 510
31 3 2314 1 2356
32 4 2138 2 2207
33 3 464 1 741
34 4 873 1 999
35 3 115 1 296
36 4 167 1 310
37 1 2442 1 2450
38 3 97 2 329
39 4 278 1 406
40 7 1633 2 1915
41 5 1781 1 1915
42 4 1124 2 1201
43 1 2362 2 2572
44 1 919 1 1132
45 2 173 2 279
46 5 1756 2 1987
47 7 1488 2 1634
48 4 11 2 267
49 1 178 1 413
50 7 1870 1 2101
51 5 1759 1 1958
52 3 2057 1 2137
53 5 1590 1 1769
54 4 516 1 796
55 5 1709 2 1786
56 5 1764 2 1969
57 4 334 1 438
58 5 1815 2 1901
59 2 769 1 824
60 2 2314 1 2416
61 4 828 1 1101
62 7 2055 1 2096
63 1 1884 1 2009
64 5 1115 1 1182
65 7 1301 2 1436
66 7 1416 1 1672
67 7 1214 1 1270
68 3 893 1 1127
69 4 800 1 853
 调度评估结果
1. 任务等待评估 (Σ 等待×权重): 0
2. 任务完成评估 (最大完成时间): 2746
3. GPU显存空闲评估 (平均空闲): 2383.61 GB/时间片
 额外统计
已调度任务               : 69/69
平均等待时间            : 0.00
各服务器任务分布      : 服务器1=10, 服务器2=5, 服务器3=14, 服务器4=16, 服务器5=10, 服务器7=14
