1 14 6136 1 6248
2 15 8430 2 8777
3 21 1953 1 2747
4 14 1913 1 1924
5 21 5745 2 5944
6 11 1629 3 2000
7 12 904 2 916
8 15 7156 1 7342
9 11 5309 7 5746
10 16 10469 4 10604
11 20 1953 1 2399
12 21 6252 5 6406
13 21 11468 4 11761
14 12 7708 5 8313
15 16 10234 2 10436
16 21 5214 6 5734
17 10 2080 1 2099
18 21 8215 2 8856
19 21 2747 3 2981
20 10 1304 3 1357
21 6 7602 1 7685
22 14 7058 2 7504
23 4 4557 1 4790
24 18 8595 1 8694
25 14 7401 3 7559
26 21 8500 2 8702
27 12 2839 1 3113
28 18 3431 3 3550
29 18 4491 1 4594
30 14 11531 4 11855
31 12 1787 1 2186
32 12 9531 1 10571
33 15 5 5 623
34 4 1016 2 1133
35 8 76 2 587
36 13 4491 1 4580
37 12 10853 2 11069
38 12 3560 3 4034
39 4 1258 3 2068
40 12 7394 1 7773
41 4 10908 1 11208
42 18 8126 1 8295
43 21 8858 1 9728
44 4 7632 1 9903
45 2 7429 2 7484
46 11 3398 3 3638
47 18 7231 1 7805
48 21 6492 3 6836
49 12 6490 2 6887
50 4 9968 1 10782
51 12 1565 2 3096
52 14 609 6 1259
53 12 1478 2 2097
54 12 4967 1 5531
55 6 7191 2 7571
56 21 5783 1 6159
57 21 630 1 934
58 19 11224 3 11347
59 15 9073 5 9101
60 1 9461 1 9823
61 4 683 1 1004
62 12 9947 1 10587
63 15 7750 1 8167
64 21 6062 1 6585
65 21 7077 1 7134
66 10 3431 1 3957
67 8 652 1 959
68 12 2220 1 2839
69 19 240 3 282
70 18 7057 3 7459
71 14 4967 1 5530
72 12 1304 1 1478
73 6 9958 1 10589
74 12 7828 1 8057
75 7 6138 1 6427
76 12 9551 2 10128
77 20 960 3 1312
78 19 2300 3 2355
79 9 4967 1 5373
80 5 6744 1 7126
81 16 9284 4 9568
82 14 8566 1 8604
83 13 1600 1 2250
84 3 11727 2 11943
85 21 8905 1 9120
86 14 1304 4 1902
87 21 3694 2 3903
88 21 3398 2 3694
89 5 2053 5 2620
90 6 3786 1 3877
91 9 3786 1 3858
92 11 8141 4 8331
93 13 6298 1 6797
94 11 6248 2 6324
95 21 9728 1 10269
96 14 1953 1 2496
97 21 7932 1 8478
98 14 3786 1 3850
99 21 932 1 1514
100 15 1014 1 1176
101 15 892 1 3431
102 14 10874 3 10967
103 12 4491 3 4967
104 12 9492 1 9997
105 12 11673 2 11952
106 12 11370 1 11711
107 21 11311 2 11699
108 15 3431 1 3635
109 12 5543 3 6173
110 15 10903 2 11101
111 12 6823 3 6906
112 15 5216 3 5858
113 1 9886 1 10401
114 14 11672 4 11788
115 12 4436 1 4491
116 16 5469 3 5553
117 15 10065 4 10687
118 21 2285 1 2818
119 14 8008 6 8643
120 8 6515 2 6962
121 21 4967 1 5891
122 2 2839 2 3121
123 7 9900 1 10461
124 14 6935 2 7194
125 14 9262 3 9497
126 8 6873 1 7045
127 15 7837 1 8025
128 1 11624 5 11787
129 12 4967 1 5347
130 21 2189 2 2325
131 15 9967 1 11557
132 18 1187 3 1457
133 18 3850 1 4337
134 14 646 1 849
135 15 3431 1 4281
136 15 4436 1 4982
137 21 7940 2 8215
138 18 4491 4 4702
139 19 3811 3 4336
140 15 5699 4 6324
141 21 3786 2 4078
142 14 7507 3 7971
143 14 6354 4 6867
144 4 3398 2 3741
145 12 6263 1 6823
146 16 6750 1 7109
147 14 10128 1 10181
148 11 3431 4 3520
149 12 5423 1 5543
150 2 8102 1 8291
151 12 2839 4 3437
152 4 19 1 155
153 21 9136 2 9547
154 6 4436 4 4891
155 4 3786 2 4417
156 12 5621 1 6440
157 12 11346 2 11511
158 18 1385 1 1540
159 2 10454 2 10548
160 9 1528 2 2031
161 20 2053 3 2138
162 11 2839 3 2955
163 1 2839 2 3401
164 12 2184 1 2384
165 20 10266 3 10627
166 15 11912 6 12109
167 11 4967 1 5239
168 12 10806 1 11261
169 6 1837 4 1933
170 20 931 1 1436
171 12 4596 3 4883
172 12 7357 1 7916
173 12 3398 2 3990
174 15 9258 5 9642
175 12 5624 1 6151
176 21 4967 1 5214
177 21 4557 2 4944
178 15 1817 1 2037
179 9 6534 7 6918
180 12 8132 1 8670
181 15 3563 1 3937
182 12 6760 2 6973
183 21 10657 6 11270
184 6 8339 4 8910
185 14 10128 1 10651
186 21 8818 2 8880
187 21 8824 1 9197
188 16 10912 5 10944
189 15 4436 1 4845
190 11 9415 1 10064
191 8 4967 2 5577
192 4 6087 3 6678
193 4 1133 1 1258
194 12 7123 3 7691
195 9 3431 3 3913
196 12 11173 1 11643
197 1 7612 1 7700
198 13 5822 2 6179
199 4 11789 2 12400
200 9 10145 1 10701
201 9 10526 1 11105
202 12 1478 2 1770
203 16 5929 2 5964
204 21 908 1 1406
205 12 9687 2 9945
206 14 3398 1 3786
207 12 3398 2 4030
208 3 9086 2 9276
209 12 3786 1 4026
210 15 9111 2 9215
211 14 5589 4 5862
212 4 4630 1 4972
213 12 3974 1 4618
214 9 9325 1 9600
215 14 5718 2 6180
216 16 4491 1 4664
217 14 7539 3 8075
218 21 3845 1 4436
219 2 6387 1 6721
220 8 8745 1 9082
221 21 2053 5 2277
222 9 9698 1 10282
223 19 3431 3 3529
224 18 6693 1 7115
225 20 113 3 409
226 11 1304 4 1377
227 14 8604 1 8707
228 12 11392 3 11772
229 12 8943 1 9492
230 18 8962 1 9534
231 4 4491 3 5129
232 4 5698 1 5951
233 12 9152 1 9640
234 12 3437 5 3508
235 4 5385 2 5480
236 21 9812 2 10386
237 8 10099 1 10376
238 21 8339 2 8608
239 18 10264 1 10518
240 12 5408 1 6329
241 12 10406 3 10665
242 13 8421 2 8710
243 12 7695 1 8590
244 13 3431 2 3563
245 21 9233 3 9732
246 13 7067 2 7544
247 14 6038 1 6613
248 20 2225 2 2811
249 16 2875 2 2905
250 12 8839 1 8907
251 1 10852 1 11381
252 20 6802 1 7055
253 19 11284 2 11459
254 14 10337 1 10729
255 12 1019 1 1304
256 12 6385 2 6501
257 16 3398 1 3575
258 4 88 1 364
259 15 9642 7 9801
260 20 332 1 568
261 21 9779 2 10208
262 11 7588 1 7988
263 18 11435 2 11476
264 21 399 4 537
265 15 3786 3 3910
266 8 3437 2 3492
267 12 9754 1 9871
268 12 8522 3 9159
269 12 7978 2 8521
270 9 5199 2 5638
271 12 8750 4 9130
272 21 1424 1 1953
273 12 3398 1 3862
274 17 2035 2 2174
275 18 1478 3 1944
276 15 4967 3 5479
277 12 10863 2 11311
278 11 5830 1 6189
279 6 1153 3 1249
280 14 228 4 472
281 16 22 1 528
282 9 4967 4 5164
283 12 10128 2 10373
284 16 7678 1 8129
285 21 11236 4 11863
286 9 3431 1 3548
287 21 6568 1 6636
288 12 3508 1 3569
289 21 451 3 687
290 20 5013 4 5320
291 12 8313 1 8940
292 15 6678 4 7247
293 21 11778 1 11934
294 11 4491 1 4666
295 15 11134 1 11644
296 12 4030 1 4588
297 21 2839 3 3398
298 9 361 7 597
299 8 4967 2 5245
300 14 6728 1 7196
301 4 312 3 548
302 14 2496 3 2614
303 9 9408 2 10058
304 12 848 1 1350
305 12 7946 1 8504
306 4 2839 4 3217
307 20 1816 1 1828
308 11 11007 1 11603
309 12 1953 1 2072
310 21 11293 1 11880
311 18 7463 2 7616
312 12 5044 4 5609
313 14 4491 2 4945
314 12 9288 7 9530
315 17 1555 2 2182
316 16 11982 1 12280
317 14 3786 6 4268
318 6 3398 3 3461
319 21 10553 1 11164
320 18 184 1 521
321 21 3903 1 4557
322 15 3398 2 3495
323 4 4491 1 4531
324 16 8696 1 8997
325 16 2053 1 2432
326 4 4972 1 5981
327 1 1304 2 1813
328 21 983 1 2053
329 9 10913 4 11062
330 14 8286 1 8526
331 4 7067 2 7232
332 3 11447 1 11790
333 21 4436 1 4990
334 2 3398 1 3999
335 12 6445 3 6813
336 2 9772 1 9809
337 19 1682 3 2061
338 13 10128 2 10672
339 15 5520 1 5549
 调度评估结果
1. 任务等待评估 (Σ 等待×权重): 157602
2. 任务完成评估 (最大完成时间): 12400
3. GPU显存空闲评估 (平均空闲): 4540.13 GB/时间片
 额外统计
已调度任务               : 339/339
平均等待时间            : 57.68
各服务器任务分布      : 服务器1=7, 服务器2=7, 服务器3=3, 服务器4=23, 服务器5=2, 服务器6=9, 服务器7=2, 服务器8=9, 服务器9=15, 服务器10=3, 服务器11=14, 服务器12=71, 服务器13=8, 服务器14=34, 服务器15=29, 服务器16=15, 服务器17=2, 服务器18=17, 服务器19=7, 服务器20=11, 服务器21=51
